[INFO] Scanning for projects...
[INFO] 
[INFO] --< com.amazonaws.kda.samples:amazon-kinesis-data-analytics-flink-starter-kit >--
[INFO] Building Amazon Kinesis Data Analytics Flink - Starter Kit 1.0
[INFO] --------------------------------[ jar ]---------------------------------
[INFO] 
[INFO] --- maven-clean-plugin:2.5:clean (default-clean) @ amazon-kinesis-data-analytics-flink-starter-kit ---
[INFO] Deleting /app/target
[INFO] 
[INFO] --- jacoco-maven-plugin:0.8.11:prepare-agent (default) @ amazon-kinesis-data-analytics-flink-starter-kit ---
[INFO] argLine set to -javaagent:/root/.m2/repository/org/jacoco/org.jacoco.agent/0.8.11/org.jacoco.agent-0.8.11-runtime.jar=destfile=/app/target/jacoco.exec
[INFO] 
[INFO] --- maven-resources-plugin:2.6:resources (default-resources) @ amazon-kinesis-data-analytics-flink-starter-kit ---
[WARNING] Using platform encoding (UTF-8 actually) to copy filtered resources, i.e. build is platform dependent!
[INFO] Copying 14 resources
[INFO] 
[INFO] --- maven-compiler-plugin:3.1:compile (default-compile) @ amazon-kinesis-data-analytics-flink-starter-kit ---
[INFO] Changes detected - recompiling the module!
[WARNING] File encoding has not been set, using platform encoding UTF-8, i.e. build is platform dependent!
[INFO] Compiling 6 source files to /app/target/classes
[WARNING] /app/src/main/java/com/amazonaws/kda/flink/starterkit/SessionProcessor.java: /app/src/main/java/com/amazonaws/kda/flink/starterkit/SessionProcessor.java uses or overrides a deprecated API.
[WARNING] /app/src/main/java/com/amazonaws/kda/flink/starterkit/SessionProcessor.java: Recompile with -Xlint:deprecation for details.
[INFO] 
[INFO] --- build-helper-maven-plugin:3.3.0:add-test-source (add-kex-test-source) @ amazon-kinesis-data-analytics-flink-starter-kit ---
[INFO] Test Source directory: /app/src/test/java/kex-tests added.
[INFO] 
[INFO] --- maven-resources-plugin:2.6:testResources (default-testResources) @ amazon-kinesis-data-analytics-flink-starter-kit ---
[WARNING] Using platform encoding (UTF-8 actually) to copy filtered resources, i.e. build is platform dependent!
[INFO] skip non existing resourceDirectory /app/src/test/resources
[INFO] 
[INFO] --- maven-compiler-plugin:3.1:testCompile (default-testCompile) @ amazon-kinesis-data-analytics-flink-starter-kit ---
[INFO] Changes detected - recompiling the module!
[WARNING] File encoding has not been set, using platform encoding UTF-8, i.e. build is platform dependent!
[INFO] Compiling 2 source files to /app/target/test-classes
[INFO] 
[INFO] --- maven-surefire-plugin:2.12.4:test (default-test) @ amazon-kinesis-data-analytics-flink-starter-kit ---
[INFO] Surefire report directory: /app/target/surefire-reports

-------------------------------------------------------
 T E S T S
-------------------------------------------------------

Results :

Tests run: 0, Failures: 0, Errors: 0, Skipped: 0

[INFO] 
[INFO] --- jacoco-maven-plugin:0.8.11:report (report) @ amazon-kinesis-data-analytics-flink-starter-kit ---
[INFO] Loading execution data file /app/target/jacoco.exec
[INFO] Analyzed bundle 'Amazon Kinesis Data Analytics Flink - Starter Kit' with 6 classes
[INFO] 
[INFO] --- jacoco-maven-plugin:0.8.11:report (default-cli) @ amazon-kinesis-data-analytics-flink-starter-kit ---
[INFO] Loading execution data file /app/target/jacoco.exec
[INFO] Analyzed bundle 'Amazon Kinesis Data Analytics Flink - Starter Kit' with 6 classes
[INFO] ------------------------------------------------------------------------
[INFO] BUILD SUCCESS
[INFO] ------------------------------------------------------------------------
[INFO] Total time:  2.338 s
[INFO] Finished at: 2026-04-09T15:44:52Z
[INFO] ------------------------------------------------------------------------
