[INFO] Scanning for projects...
[INFO] 
[INFO] ----------------------< com.iwamih31:AccountBook >----------------------
[INFO] Building AccountBook 0.0.1-SNAPSHOT
[INFO] --------------------------------[ jar ]---------------------------------
[INFO] 
[INFO] --- maven-clean-plugin:3.2.0:clean (default-clean) @ AccountBook ---
[INFO] Deleting /app/target
[INFO] 
[INFO] --- jacoco-maven-plugin:0.8.11:prepare-agent (default) @ AccountBook ---
[INFO] argLine set to -javaagent:/root/.m2/repository/org/jacoco/org.jacoco.agent/0.8.11/org.jacoco.agent-0.8.11-runtime.jar=destfile=/app/target/jacoco.exec
[INFO] 
[INFO] --- maven-resources-plugin:3.2.0:resources (default-resources) @ AccountBook ---
[INFO] Using 'UTF-8' encoding to copy filtered resources.
[INFO] Using 'UTF-8' encoding to copy filtered properties files.
[INFO] Copying 1 resource
[INFO] Copying 28 resources
[INFO] 
[INFO] --- maven-compiler-plugin:3.10.1:compile (default-compile) @ AccountBook ---
[INFO] Changes detected - recompiling the module!
[INFO] Compiling 21 source files to /app/target/classes
[INFO] 
[INFO] --- build-helper-maven-plugin:3.3.0:add-test-source (add-kex-test-source) @ AccountBook ---
[INFO] Test Source directory: /app/src/test/java/kex-tests added.
[INFO] 
[INFO] --- maven-resources-plugin:3.2.0:testResources (default-testResources) @ AccountBook ---
[INFO] Using 'UTF-8' encoding to copy filtered resources.
[INFO] Using 'UTF-8' encoding to copy filtered properties files.
[INFO] skip non existing resourceDirectory /app/src/test/resources
[INFO] 
[INFO] --- maven-compiler-plugin:3.10.1:testCompile (default-testCompile) @ AccountBook ---
[INFO] Changes detected - recompiling the module!
[INFO] Compiling 287 source files to /app/target/test-classes
[WARNING] /app/src/test/java/kex-tests/tests/com/iwamih31/ReflectionUtils.java:[9,16] sun.misc.Unsafe is internal proprietary API and may be removed in a future release
[WARNING] /app/src/test/java/kex-tests/tests/com/iwamih31/ReflectionUtils.java:[9,16] sun.misc.Unsafe is internal proprietary API and may be removed in a future release
[WARNING] /app/src/test/java/kex-tests/tests/com/iwamih31/ReflectionUtils.java:[9,16] sun.misc.Unsafe is internal proprietary API and may be removed in a future release
[WARNING] /app/src/test/java/kex-tests/tests/com/iwamih31/ReflectionUtils.java:[9,16] sun.misc.Unsafe is internal proprietary API and may be removed in a future release
[WARNING] /app/src/test/java/kex-tests/tests/com/iwamih31/ReflectionUtils.java:[9,16] sun.misc.Unsafe is internal proprietary API and may be removed in a future release
[WARNING] /app/src/test/java/kex-tests/tests/com/iwamih31/ReflectionUtils.java:[13,25] sun.misc.Unsafe is internal proprietary API and may be removed in a future release
[WARNING] /app/src/test/java/kex-tests/tests/com/iwamih31/ReflectionUtils.java:[13,25] sun.misc.Unsafe is internal proprietary API and may be removed in a future release
[WARNING] /app/src/test/java/kex-tests/tests/com/iwamih31/ReflectionUtils.java:[13,25] sun.misc.Unsafe is internal proprietary API and may be removed in a future release
[WARNING] /app/src/test/java/kex-tests/tests/com/iwamih31/ReflectionUtils.java:[13,25] sun.misc.Unsafe is internal proprietary API and may be removed in a future release
[WARNING] /app/src/test/java/kex-tests/tests/com/iwamih31/ReflectionUtils.java:[13,25] sun.misc.Unsafe is internal proprietary API and may be removed in a future release
[WARNING] /app/src/test/java/kex-tests/tests/com/iwamih31/ReflectionUtils.java:[17,31] sun.misc.Unsafe is internal proprietary API and may be removed in a future release
[WARNING] /app/src/test/java/kex-tests/tests/com/iwamih31/ReflectionUtils.java:[19,23] sun.misc.Unsafe is internal proprietary API and may be removed in a future release
[INFO] /app/src/test/java/kex-tests/tests/com/iwamih31/OptionData_times_104552665918.java: Some input files use or override a deprecated API.
[INFO] /app/src/test/java/kex-tests/tests/com/iwamih31/OptionData_times_104552665918.java: Recompile with -Xlint:deprecation for details.
[INFO] 
[INFO] --- maven-surefire-plugin:2.22.2:test (default-test) @ AccountBook ---
[INFO] 
[INFO] -------------------------------------------------------
[INFO]  T E S T S
[INFO] -------------------------------------------------------
[INFO] Running com.iwamih31.AccountBookController_init_6390764580
[INFO] Tests run: 1, Failures: 0, Errors: 0, Skipped: 0, Time elapsed: 0.021 s - in com.iwamih31.AccountBookController_init_6390764580
[INFO] Running com.iwamih31.MonthlyWorkSheet_setColumnWidth_2436410799
[INFO] Tests run: 1, Failures: 0, Errors: 0, Skipped: 0, Time elapsed: 0 s - in com.iwamih31.MonthlyWorkSheet_setColumnWidth_2436410799
[INFO] Running com.iwamih31.Action_init_207548202735
[INFO] Tests run: 1, Failures: 0, Errors: 0, Skipped: 0, Time elapsed: 0 s - in com.iwamih31.Action_init_207548202735
[INFO] Running com.iwamih31.Cash_setJyuu1_9190955419
[INFO] Tests run: 1, Failures: 0, Errors: 0, Skipped: 0, Time elapsed: 0 s - in com.iwamih31.Cash_setJyuu1_9190955419
[INFO] Running com.iwamih31.Set_getName_4909691658
[INFO] Tests run: 1, Failures: 0, Errors: 0, Skipped: 0, Time elapsed: 0 s - in com.iwamih31.Set_getName_4909691658
[INFO] Running com.iwamih31.Cash_init_190638226655
[INFO] Tests run: 1, Failures: 0, Errors: 0, Skipped: 0, Time elapsed: 0 s - in com.iwamih31.Cash_init_190638226655
[INFO] Running com.iwamih31.WorkSheet_init_58748610513
[INFO] Tests run: 1, Failures: 0, Errors: 0, Skipped: 0, Time elapsed: 0 s - in com.iwamih31.WorkSheet_init_58748610513
[INFO] Running com.iwamih31.OptionData_init_7079557160
[INFO] Tests run: 1, Failures: 0, Errors: 0, Skipped: 0, Time elapsed: 0.024 s - in com.iwamih31.OptionData_init_7079557160
[INFO] Running com.iwamih31.AccountBookService_init_10683700761
[INFO] Tests run: 1, Failures: 0, Errors: 0, Skipped: 0, Time elapsed: 0 s - in com.iwamih31.AccountBookService_init_10683700761
[INFO] Running com.iwamih31.State_setName_47227477416
[INFO] Tests run: 1, Failures: 0, Errors: 0, Skipped: 0, Time elapsed: 0 s - in com.iwamih31.State_setName_47227477416
[INFO] Running com.iwamih31.Cash_setHyaku5_48128408544
[INFO] Tests run: 1, Failures: 0, Errors: 0, Skipped: 0, Time elapsed: 0 s - in com.iwamih31.Cash_setHyaku5_48128408544
[INFO] Running com.iwamih31.Cash_getEn5_10588033949
[INFO] Tests run: 1, Failures: 0, Errors: 0, Skipped: 0, Time elapsed: 0 s - in com.iwamih31.Cash_getEn5_10588033949
[INFO] Running com.iwamih31.Action_getId_17200244420
[INFO] Tests run: 1, Failures: 0, Errors: 0, Skipped: 0, Time elapsed: 0 s - in com.iwamih31.Action_getId_17200244420
[INFO] Running com.iwamih31.Office_hashCode_207640279620
[INFO] Tests run: 1, Failures: 0, Errors: 0, Skipped: 0, Time elapsed: 0 s - in com.iwamih31.Office_hashCode_207640279620
[INFO] Running com.iwamih31.Office_equals_16277161216
[INFO] Tests run: 1, Failures: 0, Errors: 0, Skipped: 0, Time elapsed: 0.001 s - in com.iwamih31.Office_equals_16277161216
[INFO] Running com.iwamih31.Cash_getId_9690834910
[INFO] Tests run: 1, Failures: 0, Errors: 0, Skipped: 0, Time elapsed: 0 s - in com.iwamih31.Cash_getId_9690834910
[INFO] Running com.iwamih31.MainController_init_9758648650
[INFO] Tests run: 1, Failures: 0, Errors: 0, Skipped: 0, Time elapsed: 0 s - in com.iwamih31.MainController_init_9758648650
[INFO] Running com.iwamih31.Cash_getSen5_10362192531
[INFO] Tests run: 1, Failures: 0, Errors: 0, Skipped: 0, Time elapsed: 0 s - in com.iwamih31.Cash_getSen5_10362192531
[INFO] Running com.iwamih31.DailyWorkSheet_getColumnWidth_4090284618
[INFO] Tests run: 1, Failures: 0, Errors: 0, Skipped: 0, Time elapsed: 0 s - in com.iwamih31.DailyWorkSheet_getColumnWidth_4090284618
[INFO] Running com.iwamih31.Action_setDate_2541604817
[INFO] Tests run: 1, Failures: 0, Errors: 0, Skipped: 0, Time elapsed: 0 s - in com.iwamih31.Action_setDate_2541604817
[INFO] Running com.iwamih31.State_getId_4905284290
[INFO] Tests run: 1, Failures: 0, Errors: 0, Skipped: 0, Time elapsed: 0 s - in com.iwamih31.State_getId_4905284290
[INFO] Running com.iwamih31.Office_setId_19405410223
[INFO] Tests run: 1, Failures: 0, Errors: 0, Skipped: 0, Time elapsed: 0.001 s - in com.iwamih31.Office_setId_19405410223
[INFO] Running com.iwamih31.Cash_getHyaku5_6460994855
[INFO] Tests run: 1, Failures: 0, Errors: 0, Skipped: 0, Time elapsed: 0 s - in com.iwamih31.Cash_getHyaku5_6460994855
[INFO] Running com.iwamih31.Cash_getJyuu1_98991104836
[INFO] Tests run: 1, Failures: 0, Errors: 0, Skipped: 0, Time elapsed: 0 s - in com.iwamih31.Cash_getJyuu1_98991104836
[INFO] Running com.iwamih31.Action_getDate_14704574971
[INFO] Tests run: 1, Failures: 0, Errors: 0, Skipped: 0, Time elapsed: 0 s - in com.iwamih31.Action_getDate_14704574971
[INFO] Running com.iwamih31.Office_getId_133312043612
[INFO] Tests run: 1, Failures: 0, Errors: 0, Skipped: 0, Time elapsed: 0 s - in com.iwamih31.Office_getId_133312043612
[INFO] Running com.iwamih31.Cash_equals_36504724850
[INFO] Tests run: 1, Failures: 0, Errors: 0, Skipped: 0, Time elapsed: 0 s - in com.iwamih31.Cash_equals_36504724850
[INFO] Running com.iwamih31.MonthlyWorkSheet_fonts_497763102
[INFO] Tests run: 1, Failures: 0, Errors: 0, Skipped: 0, Time elapsed: 0 s - in com.iwamih31.MonthlyWorkSheet_fonts_497763102
[INFO] Running com.iwamih31.Office_hashCode_20764027968
[INFO] Tests run: 1, Failures: 0, Errors: 0, Skipped: 0, Time elapsed: 0 s - in com.iwamih31.Office_hashCode_20764027968
[INFO] Running com.iwamih31.DailyWorkSheet_fonts_10521366382
[INFO] Tests run: 1, Failures: 0, Errors: 0, Skipped: 0, Time elapsed: 0 s - in com.iwamih31.DailyWorkSheet_fonts_10521366382
[INFO] Running com.iwamih31.Set_setName_20841215632
[INFO] Tests run: 1, Failures: 0, Errors: 0, Skipped: 0, Time elapsed: 0 s - in com.iwamih31.Set_setName_20841215632
[INFO] Running com.iwamih31.Set_getValue_10955940783
[INFO] Tests run: 1, Failures: 0, Errors: 0, Skipped: 0, Time elapsed: 0 s - in com.iwamih31.Set_getValue_10955940783
[INFO] Running com.iwamih31.AccountBookApplication_init_3037080010
[INFO] Tests run: 1, Failures: 0, Errors: 0, Skipped: 0, Time elapsed: 0 s - in com.iwamih31.AccountBookApplication_init_3037080010
[INFO] Running com.iwamih31.Cash_setEn5_54111280820
[INFO] Tests run: 1, Failures: 0, Errors: 0, Skipped: 0, Time elapsed: 0 s - in com.iwamih31.Cash_setEn5_54111280820
[INFO] Running com.iwamih31.Set_init_6523934587
[INFO] Tests run: 1, Failures: 0, Errors: 0, Skipped: 0, Time elapsed: 0.001 s - in com.iwamih31.Set_init_6523934587
[INFO] Running com.iwamih31.Cash_getSen1_10362576932
[INFO] Tests run: 1, Failures: 0, Errors: 0, Skipped: 0, Time elapsed: 0 s - in com.iwamih31.Cash_getSen1_10362576932
[INFO] Running com.iwamih31.Cash_hashCode_8363942752
[INFO] Tests run: 1, Failures: 0, Errors: 0, Skipped: 0, Time elapsed: 0 s - in com.iwamih31.Cash_hashCode_8363942752
[INFO] Running com.iwamih31.OptionData_names_2154698853
[INFO] Tests run: 1, Failures: 0, Errors: 0, Skipped: 0, Time elapsed: 0 s - in com.iwamih31.OptionData_names_2154698853
[INFO] Running com.iwamih31.YearWorkSheet_array_10168708034
[INFO] Tests run: 1, Failures: 0, Errors: 0, Skipped: 0, Time elapsed: 0 s - in com.iwamih31.YearWorkSheet_array_10168708034
[INFO] Running com.iwamih31.YearWorkSheet_fonts_11189608382
[INFO] Tests run: 1, Failures: 0, Errors: 0, Skipped: 0, Time elapsed: 0.001 s - in com.iwamih31.YearWorkSheet_fonts_11189608382
[INFO] Running com.iwamih31.State_equals_8436023106
[INFO] Tests run: 1, Failures: 0, Errors: 0, Skipped: 0, Time elapsed: 0 s - in com.iwamih31.State_equals_8436023106
[INFO] Running com.iwamih31.Set_setValue_84483841211
[INFO] Tests run: 1, Failures: 0, Errors: 0, Skipped: 0, Time elapsed: 0 s - in com.iwamih31.Set_setValue_84483841211
[INFO] Running com.iwamih31.OptionData_nums_149416884915
[ERROR] Tests run: 1, Failures: 0, Errors: 1, Skipped: 0, Time elapsed: 0.006 s <<< FAILURE! - in com.iwamih31.OptionData_nums_149416884915
[ERROR] test  Time elapsed: 0.006 s  <<< ERROR!
java.lang.ArithmeticException: / by zero
	at com.iwamih31.OptionData_nums_149416884915.test(OptionData_nums_149416884915.java:55)

[INFO] Running com.iwamih31.MonthlyWorkSheet_setSheetName_78087121417
[INFO] Tests run: 1, Failures: 0, Errors: 0, Skipped: 0, Time elapsed: 0 s - in com.iwamih31.MonthlyWorkSheet_setSheetName_78087121417
[INFO] Running com.iwamih31.WorkSheet_rowFormat_4063062313
[INFO] Tests run: 1, Failures: 0, Errors: 0, Skipped: 0, Time elapsed: 0 s - in com.iwamih31.WorkSheet_rowFormat_4063062313
[INFO] Running com.iwamih31.WorkSheet_array_9378829495
[INFO] Tests run: 1, Failures: 0, Errors: 0, Skipped: 0, Time elapsed: 0 s - in com.iwamih31.WorkSheet_array_9378829495
[INFO] Running com.iwamih31.Office_canEqual_82355349219
[INFO] Tests run: 1, Failures: 0, Errors: 0, Skipped: 0, Time elapsed: 0 s - in com.iwamih31.Office_canEqual_82355349219
[INFO] Running com.iwamih31.Office_toString_17078048109
[INFO] Tests run: 1, Failures: 0, Errors: 0, Skipped: 0, Time elapsed: 0.007 s - in com.iwamih31.Office_toString_17078048109
[INFO] Running com.iwamih31.State_toString_1158440559
[INFO] Tests run: 1, Failures: 0, Errors: 0, Skipped: 0, Time elapsed: 0 s - in com.iwamih31.State_toString_1158440559
[INFO] Running com.iwamih31.State_setDate_19563923905
[INFO] Tests run: 1, Failures: 0, Errors: 0, Skipped: 0, Time elapsed: 0 s - in com.iwamih31.State_setDate_19563923905
[INFO] Running com.iwamih31.MonthlyWorkSheet_getColumnWidth_6928844878
[INFO] Tests run: 1, Failures: 0, Errors: 0, Skipped: 0, Time elapsed: 0 s - in com.iwamih31.MonthlyWorkSheet_getColumnWidth_6928844878
[INFO] Running com.iwamih31.Action_init_154925296516
[INFO] Tests run: 1, Failures: 0, Errors: 0, Skipped: 0, Time elapsed: 0 s - in com.iwamih31.Action_init_154925296516
[INFO] Running com.iwamih31.OptionData_now_18324293595
[INFO] Tests run: 1, Failures: 0, Errors: 0, Skipped: 0, Time elapsed: 0 s - in com.iwamih31.OptionData_now_18324293595
[INFO] Running com.iwamih31.Cash_setMan1_153251557741
[INFO] Tests run: 1, Failures: 0, Errors: 0, Skipped: 0, Time elapsed: 0 s - in com.iwamih31.Cash_setMan1_153251557741
[INFO] Running com.iwamih31.OptionData_month_70080563723
[INFO] Tests run: 1, Failures: 0, Errors: 0, Skipped: 0, Time elapsed: 0 s - in com.iwamih31.OptionData_month_70080563723
[INFO] Running com.iwamih31.Cash_toString_59439911725
[INFO] Tests run: 1, Failures: 0, Errors: 0, Skipped: 0, Time elapsed: 0.015 s - in com.iwamih31.Cash_toString_59439911725
[INFO] Running com.iwamih31.WorkSheet_setSheetName_2383501377
[INFO] Tests run: 1, Failures: 0, Errors: 0, Skipped: 0, Time elapsed: 0 s - in com.iwamih31.WorkSheet_setSheetName_2383501377
[INFO] Running com.iwamih31.YearWorkSheet_rowFormat_17816522683
[INFO] Tests run: 1, Failures: 0, Errors: 0, Skipped: 0, Time elapsed: 0 s - in com.iwamih31.YearWorkSheet_rowFormat_17816522683
[INFO] Running com.iwamih31.OptionData_dates_4941055347
[ERROR] Tests run: 1, Failures: 0, Errors: 1, Skipped: 0, Time elapsed: 0 s <<< FAILURE! - in com.iwamih31.OptionData_dates_4941055347
[ERROR] test  Time elapsed: 0 s  <<< ERROR!
java.time.DateTimeException: Invalid value for Year (valid values -999999999 - 999999999): -1296893558
	at com.iwamih31.OptionData_dates_4941055347.test(OptionData_dates_4941055347.java:45)

[INFO] Running com.iwamih31.DailyWorkSheet_setSheetName_18827841627
[INFO] Tests run: 1, Failures: 0, Errors: 0, Skipped: 0, Time elapsed: 0 s - in com.iwamih31.DailyWorkSheet_setSheetName_18827841627
[INFO] Running com.iwamih31.Office_getItemvalue_4180243452
[INFO] Tests run: 1, Failures: 0, Errors: 0, Skipped: 0, Time elapsed: 0 s - in com.iwamih31.Office_getItemvalue_4180243452
[INFO] Running com.iwamih31.Action_toString_209470881615
[INFO] Tests run: 1, Failures: 0, Errors: 0, Skipped: 0, Time elapsed: 0.008 s - in com.iwamih31.Action_toString_209470881615
[INFO] Running com.iwamih31.State_setName_4722747744
[INFO] Tests run: 1, Failures: 0, Errors: 0, Skipped: 0, Time elapsed: 0 s - in com.iwamih31.State_setName_4722747744
[INFO] Running com.iwamih31.Action_equals_124081211530
[INFO] Tests run: 1, Failures: 0, Errors: 0, Skipped: 0, Time elapsed: 0 s - in com.iwamih31.Action_equals_124081211530
[INFO] Running com.iwamih31.MonthlyWorkSheet_setColumnWidth_24364107919
[INFO] Tests run: 1, Failures: 0, Errors: 0, Skipped: 0, Time elapsed: 0 s - in com.iwamih31.MonthlyWorkSheet_setColumnWidth_24364107919
[INFO] Running com.iwamih31.Cash_canEqual_116920987723
[INFO] Tests run: 1, Failures: 0, Errors: 0, Skipped: 0, Time elapsed: 0.001 s - in com.iwamih31.Cash_canEqual_116920987723
[INFO] Running com.iwamih31.DailyWorkSheet_setColumnWidth_13455540279
[INFO] Tests run: 1, Failures: 0, Errors: 0, Skipped: 0, Time elapsed: 0 s - in com.iwamih31.DailyWorkSheet_setColumnWidth_13455540279
[INFO] Running com.iwamih31.AccountBookService_init_10683700760
[INFO] Tests run: 1, Failures: 0, Errors: 0, Skipped: 0, Time elapsed: 0 s - in com.iwamih31.AccountBookService_init_10683700760
[INFO] Running com.iwamih31.Cash_getMan1_27909475930
[INFO] Tests run: 1, Failures: 0, Errors: 0, Skipped: 0, Time elapsed: 0 s - in com.iwamih31.Cash_getMan1_27909475930
[INFO] Running com.iwamih31.YearWorkSheet_fonts_111896083812
[INFO] Tests run: 1, Failures: 0, Errors: 0, Skipped: 0, Time elapsed: 0 s - in com.iwamih31.YearWorkSheet_fonts_111896083812
[INFO] Running com.iwamih31.State_init_26152690323
[INFO] Tests run: 1, Failures: 0, Errors: 0, Skipped: 0, Time elapsed: 0 s - in com.iwamih31.State_init_26152690323
[INFO] Running com.iwamih31.Cash_setHyaku1_48128792945
[INFO] Tests run: 1, Failures: 0, Errors: 0, Skipped: 0, Time elapsed: 0.001 s - in com.iwamih31.Cash_setHyaku1_48128792945
[INFO] Running com.iwamih31.MainController_init_9758648651
[INFO] Tests run: 1, Failures: 0, Errors: 0, Skipped: 0, Time elapsed: 0 s - in com.iwamih31.MainController_init_9758648651
[INFO] Running com.iwamih31.OptionData_yearmonth_151480735311
[ERROR] Tests run: 1, Failures: 0, Errors: 1, Skipped: 0, Time elapsed: 9.994 s <<< FAILURE! - in com.iwamih31.OptionData_yearmonth_151480735311
[ERROR] test  Time elapsed: 9.994 s  <<< ERROR!
org.junit.runners.model.TestTimedOutException: test timed out after 10 seconds
	at app//com.iwamih31.OptionData_yearmonth_151480735311.test(OptionData_yearmonth_151480735311.java:49)

[INFO] Running com.iwamih31.Action_hashCode_168949879032
[INFO] Tests run: 1, Failures: 0, Errors: 0, Skipped: 0, Time elapsed: 0 s - in com.iwamih31.Action_hashCode_168949879032
[INFO] Running com.iwamih31.Cash_setJyuu1_9190955447
[INFO] Tests run: 1, Failures: 0, Errors: 0, Skipped: 0, Time elapsed: 0 s - in com.iwamih31.Cash_setJyuu1_9190955447
[INFO] Running com.iwamih31.DailyWorkSheet_rowFormat_171482806813
[INFO] Tests run: 1, Failures: 0, Errors: 0, Skipped: 0, Time elapsed: 0 s - in com.iwamih31.DailyWorkSheet_rowFormat_171482806813
[INFO] Running com.iwamih31.Cash_getHyaku1_6460956416
[INFO] Tests run: 1, Failures: 0, Errors: 0, Skipped: 0, Time elapsed: 0 s - in com.iwamih31.Cash_getHyaku1_6460956416
[INFO] Running com.iwamih31.Set_setValue_8448384124
[INFO] Tests run: 1, Failures: 0, Errors: 0, Skipped: 0, Time elapsed: 0.001 s - in com.iwamih31.Set_setValue_8448384124
[INFO] Running com.iwamih31.DailyWorkSheet_init_10950915140
[INFO] Tests run: 1, Failures: 0, Errors: 0, Skipped: 0, Time elapsed: 0 s - in com.iwamih31.DailyWorkSheet_init_10950915140
[INFO] Running com.iwamih31.Cash_getDate_1354018661
[INFO] Tests run: 1, Failures: 0, Errors: 0, Skipped: 0, Time elapsed: 0 s - in com.iwamih31.Cash_getDate_1354018661
[INFO] Running com.iwamih31.Office_init_116234895922
[INFO] Tests run: 1, Failures: 0, Errors: 0, Skipped: 0, Time elapsed: 0 s - in com.iwamih31.Office_init_116234895922
[INFO] Running com.iwamih31.LabelSet_set_1987325823
[INFO] Tests run: 1, Failures: 0, Errors: 0, Skipped: 0, Time elapsed: 0 s - in com.iwamih31.LabelSet_set_1987325823
[INFO] Running com.iwamih31.Cash_setSen5_135704274342
[INFO] Tests run: 1, Failures: 0, Errors: 0, Skipped: 0, Time elapsed: 0 s - in com.iwamih31.Cash_setSen5_135704274342
[INFO] Running com.iwamih31.WorkSheet_rowFormat_40630623115
[INFO] Tests run: 1, Failures: 0, Errors: 0, Skipped: 0, Time elapsed: 0 s - in com.iwamih31.WorkSheet_rowFormat_40630623115
[INFO] Running com.iwamih31.YearWorkSheet_getSheetName_49988723416
[INFO] Tests run: 1, Failures: 0, Errors: 0, Skipped: 0, Time elapsed: 0.001 s - in com.iwamih31.YearWorkSheet_getSheetName_49988723416
[INFO] Running com.iwamih31.OptionData_years_77465601424
[ERROR] Tests run: 1, Failures: 0, Errors: 1, Skipped: 0, Time elapsed: 0.001 s <<< FAILURE! - in com.iwamih31.OptionData_years_77465601424
[ERROR] test  Time elapsed: 0 s  <<< ERROR!
java.lang.NullPointerException
	at com.iwamih31.OptionData_years_77465601424.test(OptionData_years_77465601424.java:53)

[INFO] Running com.iwamih31.WorkSheet_getValueData_88054411010
[INFO] Tests run: 1, Failures: 0, Errors: 0, Skipped: 0, Time elapsed: 0 s - in com.iwamih31.WorkSheet_getValueData_88054411010
[INFO] Running com.iwamih31.Set_getValue_109559407810
[INFO] Tests run: 1, Failures: 0, Errors: 0, Skipped: 0, Time elapsed: 0 s - in com.iwamih31.Set_getValue_109559407810
[INFO] Running com.iwamih31.Cash_equals_36504724822
[INFO] Tests run: 1, Failures: 0, Errors: 0, Skipped: 0, Time elapsed: 0.001 s - in com.iwamih31.Cash_equals_36504724822
[INFO] Running com.iwamih31.OptionData_arrayAlignment_73211150313
[ERROR] Tests run: 1, Failures: 0, Errors: 1, Skipped: 0, Time elapsed: 10.383 s <<< FAILURE! - in com.iwamih31.OptionData_arrayAlignment_73211150313
[ERROR] test  Time elapsed: 10.383 s  <<< ERROR!
org.junit.runners.model.TestTimedOutException: test timed out after 10 seconds
	at app//com.iwamih31.OptionData_arrayAlignment_73211150313.test(OptionData_arrayAlignment_73211150313.java:64)

[INFO] Running com.iwamih31.Cash_getMan1_2790947592
[INFO] Tests run: 1, Failures: 0, Errors: 0, Skipped: 0, Time elapsed: 0 s - in com.iwamih31.Cash_getMan1_2790947592
[INFO] Running com.iwamih31.Cash_getSen1_1036257694
[INFO] Tests run: 1, Failures: 0, Errors: 0, Skipped: 0, Time elapsed: 0 s - in com.iwamih31.Cash_getSen1_1036257694
[INFO] Running com.iwamih31.Office_setItemvalue_10316967835
[INFO] Tests run: 1, Failures: 0, Errors: 0, Skipped: 0, Time elapsed: 0 s - in com.iwamih31.Office_setItemvalue_10316967835
[INFO] Running com.iwamih31.YearWorkSheet_setColumnWidth_141237822719
[INFO] Tests run: 1, Failures: 0, Errors: 0, Skipped: 0, Time elapsed: 0 s - in com.iwamih31.YearWorkSheet_setColumnWidth_141237822719
[INFO] Running com.iwamih31.Office_init_116234895910
[INFO] Tests run: 1, Failures: 0, Errors: 0, Skipped: 0, Time elapsed: 0 s - in com.iwamih31.Office_init_116234895910
[INFO] Running com.iwamih31.LogAspct_init_11288519201
[INFO] Tests run: 1, Failures: 0, Errors: 0, Skipped: 0, Time elapsed: 0 s - in com.iwamih31.LogAspct_init_11288519201
[INFO] Running com.iwamih31.Action_equals_124081211512
[INFO] Tests run: 1, Failures: 0, Errors: 0, Skipped: 0, Time elapsed: 0 s - in com.iwamih31.Action_equals_124081211512
[INFO] Running com.iwamih31.State_setDate_195639239017
[INFO] Tests run: 1, Failures: 0, Errors: 0, Skipped: 0, Time elapsed: 0 s - in com.iwamih31.State_setDate_195639239017
[INFO] Running com.iwamih31.Action_setDate_25416048125
[INFO] Tests run: 1, Failures: 0, Errors: 0, Skipped: 0, Time elapsed: 0 s - in com.iwamih31.Action_setDate_25416048125
[INFO] Running com.iwamih31.Cash_getId_96908349128
[INFO] Tests run: 1, Failures: 0, Errors: 0, Skipped: 0, Time elapsed: 0 s - in com.iwamih31.Cash_getId_96908349128
[INFO] Running com.iwamih31.OptionData_dates_49410553421
[INFO] Tests run: 1, Failures: 0, Errors: 0, Skipped: 0, Time elapsed: 0 s - in com.iwamih31.OptionData_dates_49410553421
[INFO] Running com.iwamih31.OptionData_month_7008056379
[INFO] Tests run: 1, Failures: 0, Errors: 0, Skipped: 0, Time elapsed: 0.001 s - in com.iwamih31.OptionData_month_7008056379
[INFO] Running com.iwamih31.Cash_setId_5222234739
[INFO] Tests run: 1, Failures: 0, Errors: 0, Skipped: 0, Time elapsed: 0 s - in com.iwamih31.Cash_setId_5222234739
[INFO] Running com.iwamih31.Office_setItemvalue_103169678317
[INFO] Tests run: 1, Failures: 0, Errors: 0, Skipped: 0, Time elapsed: 0 s - in com.iwamih31.Office_setItemvalue_103169678317
[INFO] Running com.iwamih31.OptionData_subjects_17839079702
[INFO] Tests run: 1, Failures: 0, Errors: 0, Skipped: 0, Time elapsed: 0 s - in com.iwamih31.OptionData_subjects_17839079702
[INFO] Running com.iwamih31.State_equals_84360231018
[INFO] Tests run: 1, Failures: 0, Errors: 0, Skipped: 0, Time elapsed: 0 s - in com.iwamih31.State_equals_84360231018
[INFO] Running com.iwamih31.OptionData_thisYear_20034965646
[INFO] Tests run: 1, Failures: 0, Errors: 0, Skipped: 0, Time elapsed: 0 s - in com.iwamih31.OptionData_thisYear_20034965646
[INFO] Running com.iwamih31.WorkSheet_fonts_10689976612
[INFO] Tests run: 1, Failures: 0, Errors: 0, Skipped: 0, Time elapsed: 0 s - in com.iwamih31.WorkSheet_fonts_10689976612
[INFO] Running com.iwamih31.DailyWorkSheet_getSheetName_4330630346
[INFO] Tests run: 1, Failures: 0, Errors: 0, Skipped: 0, Time elapsed: 0 s - in com.iwamih31.DailyWorkSheet_getSheetName_4330630346
[INFO] Running com.iwamih31.Set_getNameSet_211716641312
[ERROR] Tests run: 1, Failures: 0, Errors: 1, Skipped: 0, Time elapsed: 0 s <<< FAILURE! - in com.iwamih31.Set_getNameSet_211716641312
[ERROR] test  Time elapsed: 0 s  <<< ERROR!
java.lang.NullPointerException
	at com.iwamih31.Set_getNameSet_211716641312.test(Set_getNameSet_211716641312.java:46)

[INFO] Running com.iwamih31.WorkSheet_setValueData_56917701823
[INFO] Tests run: 1, Failures: 0, Errors: 0, Skipped: 0, Time elapsed: 0 s - in com.iwamih31.WorkSheet_setValueData_56917701823
[INFO] Running com.iwamih31.YearWorkSheet_setSheetName_19496083627
[INFO] Tests run: 1, Failures: 0, Errors: 0, Skipped: 0, Time elapsed: 0 s - in com.iwamih31.YearWorkSheet_setSheetName_19496083627
[INFO] Running com.iwamih31.Cash_setEn1_54111665221
[INFO] Tests run: 1, Failures: 0, Errors: 0, Skipped: 0, Time elapsed: 0 s - in com.iwamih31.Cash_setEn1_54111665221
[INFO] Running com.iwamih31.Cash_setHyaku1_48128792917
[INFO] Tests run: 1, Failures: 0, Errors: 0, Skipped: 0, Time elapsed: 1.842 s - in com.iwamih31.Cash_setHyaku1_48128792917
[INFO] Running com.iwamih31.State_getDate_6139569282
[INFO] Tests run: 1, Failures: 0, Errors: 0, Skipped: 0, Time elapsed: 0.001 s - in com.iwamih31.State_getDate_6139569282
[INFO] Running com.iwamih31.Action_setSubject_2427277828
[INFO] Tests run: 1, Failures: 0, Errors: 0, Skipped: 0, Time elapsed: 0 s - in com.iwamih31.Action_setSubject_2427277828
[INFO] Running com.iwamih31.Action_getApply_56340802821
[INFO] Tests run: 1, Failures: 0, Errors: 0, Skipped: 0, Time elapsed: 0.001 s - in com.iwamih31.Action_getApply_56340802821
[INFO] Running com.iwamih31.Action_getSpending_15366828515
[INFO] Tests run: 1, Failures: 0, Errors: 0, Skipped: 0, Time elapsed: 0.001 s - in com.iwamih31.Action_getSpending_15366828515
[INFO] Running com.iwamih31.YearWorkSheet_setColumnWidth_14123782279
[INFO] Tests run: 1, Failures: 0, Errors: 0, Skipped: 0, Time elapsed: 0.001 s - in com.iwamih31.YearWorkSheet_setColumnWidth_14123782279
[INFO] Running com.iwamih31.LabelSet_init_11223788290
[INFO] Tests run: 1, Failures: 0, Errors: 0, Skipped: 0, Time elapsed: 0 s - in com.iwamih31.LabelSet_init_11223788290
[INFO] Running com.iwamih31.OptionData_now_183242935919
[INFO] Tests run: 1, Failures: 0, Errors: 0, Skipped: 0, Time elapsed: 0 s - in com.iwamih31.OptionData_now_183242935919
[INFO] Running com.iwamih31.OptionData_times_10455266594
[INFO] Tests run: 1, Failures: 0, Errors: 0, Skipped: 0, Time elapsed: 0 s - in com.iwamih31.OptionData_times_10455266594
[INFO] Running com.iwamih31.ShutdownController_init_6003877032
[INFO] Tests run: 1, Failures: 0, Errors: 0, Skipped: 0, Time elapsed: 0 s - in com.iwamih31.ShutdownController_init_6003877032
[INFO] Running com.iwamih31.OptionData_init_70795571614
[INFO] Tests run: 1, Failures: 0, Errors: 0, Skipped: 0, Time elapsed: 0 s - in com.iwamih31.OptionData_init_70795571614
[INFO] Running com.iwamih31.Cash_setSen5_135704274314
[INFO] Tests run: 1, Failures: 0, Errors: 0, Skipped: 0, Time elapsed: 0 s - in com.iwamih31.Cash_setSen5_135704274314
[INFO] Running com.iwamih31.LogAspct_init_11288519200
[INFO] Tests run: 1, Failures: 0, Errors: 0, Skipped: 0, Time elapsed: 0 s - in com.iwamih31.LogAspct_init_11288519200
[INFO] Running com.iwamih31.YearWorkSheet_setSheetName_194960836217
[INFO] Tests run: 1, Failures: 0, Errors: 0, Skipped: 0, Time elapsed: 0 s - in com.iwamih31.YearWorkSheet_setSheetName_194960836217
[INFO] Running com.iwamih31.YearWorkSheet_init_16004723941
[INFO] Tests run: 1, Failures: 0, Errors: 0, Skipped: 0, Time elapsed: 0 s - in com.iwamih31.YearWorkSheet_init_16004723941
[INFO] Running com.iwamih31.DailyWorkSheet_fonts_105213663812
[INFO] Tests run: 1, Failures: 0, Errors: 0, Skipped: 0, Time elapsed: 0 s - in com.iwamih31.DailyWorkSheet_fonts_105213663812
[INFO] Running com.iwamih31.Action_getApply_5634080283
[INFO] Tests run: 1, Failures: 0, Errors: 0, Skipped: 0, Time elapsed: 0 s - in com.iwamih31.Action_getApply_5634080283
[INFO] Running com.iwamih31.Action_setSpending_127201032111
[INFO] Tests run: 1, Failures: 0, Errors: 0, Skipped: 0, Time elapsed: 0 s - in com.iwamih31.Action_setSpending_127201032111
[INFO] Running com.iwamih31.Action_getSubject_56875324220
[INFO] Tests run: 1, Failures: 0, Errors: 0, Skipped: 0, Time elapsed: 0 s - in com.iwamih31.Action_getSubject_56875324220
[INFO] Running com.iwamih31.DailyWorkSheet_getSheetName_43306303416
[INFO] Tests run: 1, Failures: 0, Errors: 0, Skipped: 0, Time elapsed: 0 s - in com.iwamih31.DailyWorkSheet_getSheetName_43306303416
[INFO] Running com.iwamih31.OptionData_days_8665209118
[INFO] Tests run: 1, Failures: 0, Errors: 0, Skipped: 0, Time elapsed: 0 s - in com.iwamih31.OptionData_days_8665209118
[INFO] Running com.iwamih31.Cash_setJyuu5_9190571018
[INFO] Tests run: 1, Failures: 0, Errors: 0, Skipped: 0, Time elapsed: 0 s - in com.iwamih31.Cash_setJyuu5_9190571018
[INFO] Running com.iwamih31.Cash_setMan1_153251557713
[INFO] Tests run: 1, Failures: 0, Errors: 0, Skipped: 0, Time elapsed: 0 s - in com.iwamih31.Cash_setMan1_153251557713
[INFO] Running com.iwamih31.YearWorkSheet_getColumnWidth_47585266118
[INFO] Tests run: 1, Failures: 0, Errors: 0, Skipped: 0, Time elapsed: 0 s - in com.iwamih31.YearWorkSheet_getColumnWidth_47585266118
[INFO] Running com.iwamih31.MonthlyWorkSheet_fonts_4977631012
[INFO] Tests run: 1, Failures: 0, Errors: 0, Skipped: 0, Time elapsed: 0 s - in com.iwamih31.MonthlyWorkSheet_fonts_4977631012
[INFO] Running com.iwamih31.Set_getValueSet_9629584926
[INFO] Tests run: 1, Failures: 0, Errors: 0, Skipped: 0, Time elapsed: 0 s - in com.iwamih31.Set_getValueSet_9629584926
[INFO] Running com.iwamih31.ShutdownController_shutdownContext_17268085281
[ERROR] Tests run: 1, Failures: 0, Errors: 1, Skipped: 0, Time elapsed: 0 s <<< FAILURE! - in com.iwamih31.ShutdownController_shutdownContext_17268085281
[ERROR] test  Time elapsed: 0 s  <<< ERROR!
java.lang.NullPointerException
	at com.iwamih31.ShutdownController_shutdownContext_17268085281.test(ShutdownController_shutdownContext_17268085281.java:40)

[INFO] Running com.iwamih31.MonthlyWorkSheet_setSheetName_7808712147
[INFO] Tests run: 1, Failures: 0, Errors: 0, Skipped: 0, Time elapsed: 1.796 s - in com.iwamih31.MonthlyWorkSheet_setSheetName_7808712147
[INFO] Running com.iwamih31.Office_canEqual_8235534927
[INFO] Tests run: 1, Failures: 0, Errors: 0, Skipped: 0, Time elapsed: 0 s - in com.iwamih31.Office_canEqual_8235534927
[INFO] Running com.iwamih31.Cash_init_113985496854
[INFO] Tests run: 1, Failures: 0, Errors: 0, Skipped: 0, Time elapsed: 0 s - in com.iwamih31.Cash_init_113985496854
[INFO] Running com.iwamih31.Office_setItemname_108757872116
[INFO] Tests run: 1, Failures: 0, Errors: 0, Skipped: 0, Time elapsed: 0 s - in com.iwamih31.Office_setItemname_108757872116
[INFO] Running com.iwamih31.DailyWorkSheet_array_123595004815
[INFO] Tests run: 1, Failures: 0, Errors: 0, Skipped: 0, Time elapsed: 0 s - in com.iwamih31.DailyWorkSheet_array_123595004815
[INFO] Running com.iwamih31.Cash_getJyuu5_9899072047
[INFO] Tests run: 1, Failures: 0, Errors: 0, Skipped: 0, Time elapsed: 0 s - in com.iwamih31.Cash_getJyuu5_9899072047
[INFO] Running com.iwamih31.LabelSet_set_1987325821
[INFO] Tests run: 1, Failures: 0, Errors: 0, Skipped: 0, Time elapsed: 0 s - in com.iwamih31.LabelSet_set_1987325821
[INFO] Running com.iwamih31.Cash_getJyuu1_9899110488
[INFO] Tests run: 1, Failures: 0, Errors: 0, Skipped: 0, Time elapsed: 0 s - in com.iwamih31.Cash_getJyuu1_9899110488
[INFO] Running com.iwamih31.WorkSheet_array_93788294917
[INFO] Tests run: 1, Failures: 0, Errors: 0, Skipped: 0, Time elapsed: 0 s - in com.iwamih31.WorkSheet_array_93788294917
[INFO] Running com.iwamih31.State_hashCode_3949156358
[INFO] Tests run: 1, Failures: 0, Errors: 0, Skipped: 0, Time elapsed: 0 s - in com.iwamih31.State_hashCode_3949156358
[INFO] Running com.iwamih31.OptionData_nums_14941688491
[INFO] Tests run: 1, Failures: 0, Errors: 0, Skipped: 0, Time elapsed: 0 s - in com.iwamih31.OptionData_nums_14941688491
[INFO] Running com.iwamih31.AccountBookController_init_6390764581
[INFO] Tests run: 1, Failures: 0, Errors: 0, Skipped: 0, Time elapsed: 0 s - in com.iwamih31.AccountBookController_init_6390764581
[INFO] Running com.iwamih31.Set_getNameSet_21171664135
[INFO] Tests run: 1, Failures: 0, Errors: 0, Skipped: 0, Time elapsed: 0.001 s - in com.iwamih31.Set_getNameSet_21171664135
[INFO] Running com.iwamih31.State_getDate_61395692814
[INFO] Tests run: 1, Failures: 0, Errors: 0, Skipped: 0, Time elapsed: 0 s - in com.iwamih31.State_getDate_61395692814
[INFO] Running com.iwamih31.Action_canEqual_43664948613
[INFO] Tests run: 1, Failures: 0, Errors: 0, Skipped: 0, Time elapsed: 0 s - in com.iwamih31.Action_canEqual_43664948613
[INFO] Running com.iwamih31.Action_init_207548202717
[INFO] Tests run: 1, Failures: 0, Errors: 0, Skipped: 0, Time elapsed: 0 s - in com.iwamih31.Action_init_207548202717
[INFO] Running com.iwamih31.YearWorkSheet_rowFormat_178165226813
[INFO] Tests run: 1, Failures: 0, Errors: 0, Skipped: 0, Time elapsed: 0 s - in com.iwamih31.YearWorkSheet_rowFormat_178165226813
[INFO] Running com.iwamih31.DailyWorkSheet_rowFormat_17148280683
[INFO] Tests run: 1, Failures: 0, Errors: 0, Skipped: 0, Time elapsed: 0 s - in com.iwamih31.DailyWorkSheet_rowFormat_17148280683
[INFO] Running com.iwamih31.OptionData_subjects_178390797016
[INFO] Tests run: 1, Failures: 0, Errors: 0, Skipped: 0, Time elapsed: 0 s - in com.iwamih31.OptionData_subjects_178390797016
[INFO] Running com.iwamih31.WorkSheet_init_10260427850
[INFO] Tests run: 1, Failures: 0, Errors: 0, Skipped: 0, Time elapsed: 0 s - in com.iwamih31.WorkSheet_init_10260427850
[INFO] Running com.iwamih31.Office_init_6720733723
[INFO] Tests run: 1, Failures: 0, Errors: 0, Skipped: 0, Time elapsed: 0 s - in com.iwamih31.Office_init_6720733723
[INFO] Running com.iwamih31.OptionData_names_21546988517
[INFO] Tests run: 1, Failures: 0, Errors: 0, Skipped: 0, Time elapsed: 0 s - in com.iwamih31.OptionData_names_21546988517
[INFO] Running com.iwamih31.WorkSheet_setColumnWidth_77558027221
[INFO] Tests run: 1, Failures: 0, Errors: 0, Skipped: 0, Time elapsed: 1.776 s - in com.iwamih31.WorkSheet_setColumnWidth_77558027221
[INFO] Running com.iwamih31.Action_setSpending_127201032129
[INFO] Tests run: 1, Failures: 0, Errors: 0, Skipped: 0, Time elapsed: 0 s - in com.iwamih31.Action_setSpending_127201032129
[INFO] Running com.iwamih31.MonthlyWorkSheet_getSheetName_6688499146
[INFO] Tests run: 1, Failures: 0, Errors: 0, Skipped: 0, Time elapsed: 0 s - in com.iwamih31.MonthlyWorkSheet_getSheetName_6688499146
[INFO] Running com.iwamih31.Cash_getSen5_1036219253
[INFO] Tests run: 1, Failures: 0, Errors: 0, Skipped: 0, Time elapsed: 0 s - in com.iwamih31.Cash_getSen5_1036219253
[INFO] Running com.iwamih31.Cash_setEn5_54111280848
[INFO] Tests run: 1, Failures: 0, Errors: 0, Skipped: 0, Time elapsed: 0.001 s - in com.iwamih31.Cash_setEn5_54111280848
[INFO] Running com.iwamih31.Set_getValueSet_96295849213
[ERROR] Tests run: 1, Failures: 0, Errors: 1, Skipped: 0, Time elapsed: 0 s <<< FAILURE! - in com.iwamih31.Set_getValueSet_96295849213
[ERROR] test  Time elapsed: 0 s  <<< ERROR!
java.lang.NullPointerException
	at com.iwamih31.Set_getValueSet_96295849213.test(Set_getValueSet_96295849213.java:46)

[INFO] Running com.iwamih31.WorkSheet_getSheetName_168807126518
[INFO] Tests run: 1, Failures: 0, Errors: 0, Skipped: 0, Time elapsed: 0 s - in com.iwamih31.WorkSheet_getSheetName_168807126518
[INFO] Running com.iwamih31.YearWorkSheet_array_101687080314
[INFO] Tests run: 1, Failures: 0, Errors: 0, Skipped: 0, Time elapsed: 0 s - in com.iwamih31.YearWorkSheet_array_101687080314
[INFO] Running com.iwamih31.State_init_66129990622
[INFO] Tests run: 1, Failures: 0, Errors: 0, Skipped: 0, Time elapsed: 0 s - in com.iwamih31.State_init_66129990622
[INFO] Running com.iwamih31.Cash_getHyaku5_64609948533
[INFO] Tests run: 1, Failures: 0, Errors: 0, Skipped: 0, Time elapsed: 0 s - in com.iwamih31.Cash_getHyaku5_64609948533
[INFO] Running com.iwamih31.State_canEqual_164776493919
[INFO] Tests run: 1, Failures: 0, Errors: 0, Skipped: 0, Time elapsed: 0 s - in com.iwamih31.State_canEqual_164776493919
[INFO] Running com.iwamih31.WorkSheet_getColumnWidth_17121058388
[INFO] Tests run: 1, Failures: 0, Errors: 0, Skipped: 0, Time elapsed: 0 s - in com.iwamih31.WorkSheet_getColumnWidth_17121058388
[INFO] Running com.iwamih31.MonthlyWorkSheet_array_21093593454
[INFO] Tests run: 1, Failures: 0, Errors: 0, Skipped: 0, Time elapsed: 0.001 s - in com.iwamih31.MonthlyWorkSheet_array_21093593454
[INFO] Running com.iwamih31.OptionData_thisYear_200349656420
[INFO] Tests run: 1, Failures: 0, Errors: 0, Skipped: 0, Time elapsed: 0.001 s - in com.iwamih31.OptionData_thisYear_200349656420
[INFO] Running com.iwamih31.YearWorkSheet_getColumnWidth_4758526618
[INFO] Tests run: 1, Failures: 0, Errors: 0, Skipped: 0, Time elapsed: 0 s - in com.iwamih31.YearWorkSheet_getColumnWidth_4758526618
[INFO] Running com.iwamih31.WorkSheet_init_5874861051
[INFO] Tests run: 1, Failures: 0, Errors: 0, Skipped: 0, Time elapsed: 0 s - in com.iwamih31.WorkSheet_init_5874861051
[INFO] Running com.iwamih31.MonthlyWorkSheet_rowFormat_61291512013
[INFO] Tests run: 1, Failures: 0, Errors: 0, Skipped: 0, Time elapsed: 0 s - in com.iwamih31.MonthlyWorkSheet_rowFormat_61291512013
[INFO] Running com.iwamih31.Action_setIncome_145617882610
[INFO] Tests run: 1, Failures: 0, Errors: 0, Skipped: 0, Time elapsed: 0 s - in com.iwamih31.Action_setIncome_145617882610
[INFO] Running com.iwamih31.Action_getId_172002444218
[INFO] Tests run: 1, Failures: 0, Errors: 0, Skipped: 0, Time elapsed: 0 s - in com.iwamih31.Action_getId_172002444218
[INFO] Running com.iwamih31.MonthlyWorkSheet_array_210935934514
[INFO] Tests run: 1, Failures: 0, Errors: 0, Skipped: 0, Time elapsed: 0 s - in com.iwamih31.MonthlyWorkSheet_array_210935934514
[INFO] Running com.iwamih31.AccountBookApplication_init_3037080012
[INFO] Tests run: 1, Failures: 0, Errors: 0, Skipped: 0, Time elapsed: 0 s - in com.iwamih31.AccountBookApplication_init_3037080012
[INFO] Running com.iwamih31.Action_getIncome_3287952564
[INFO] Tests run: 1, Failures: 0, Errors: 0, Skipped: 0, Time elapsed: 2.047 s - in com.iwamih31.Action_getIncome_3287952564
[INFO] Running com.iwamih31.Office_getItemname_12503361611
[INFO] Tests run: 1, Failures: 0, Errors: 0, Skipped: 0, Time elapsed: 0 s - in com.iwamih31.Office_getItemname_12503361611
[INFO] Running com.iwamih31.State_getName_124760179413
[INFO] Tests run: 1, Failures: 0, Errors: 0, Skipped: 0, Time elapsed: 0 s - in com.iwamih31.State_getName_124760179413
[INFO] Running com.iwamih31.Cash_getEn1_105879955038
[INFO] Tests run: 1, Failures: 0, Errors: 0, Skipped: 0, Time elapsed: 0 s - in com.iwamih31.Cash_getEn1_105879955038
[INFO] Running com.iwamih31.State_setId_5307774093
[INFO] Tests run: 1, Failures: 0, Errors: 0, Skipped: 0, Time elapsed: 0 s - in com.iwamih31.State_setId_5307774093
[INFO] Running com.iwamih31.Cash_canEqual_116920987751
[INFO] Tests run: 1, Failures: 0, Errors: 0, Skipped: 0, Time elapsed: 0 s - in com.iwamih31.Cash_canEqual_116920987751
[INFO] Running com.iwamih31.Action_getIncome_32879525622
[INFO] Tests run: 1, Failures: 0, Errors: 0, Skipped: 0, Time elapsed: 0 s - in com.iwamih31.Action_getIncome_32879525622
[INFO] Running com.iwamih31.DailyWorkSheet_init_109509151410
[INFO] Tests run: 1, Failures: 0, Errors: 0, Skipped: 0, Time elapsed: 0 s - in com.iwamih31.DailyWorkSheet_init_109509151410
[INFO] Running com.iwamih31.Action_setId_15536370166
[INFO] Tests run: 1, Failures: 0, Errors: 0, Skipped: 0, Time elapsed: 0.001 s - in com.iwamih31.Action_setId_15536370166
[INFO] Running com.iwamih31.Office_equals_162771612118
[INFO] Tests run: 1, Failures: 0, Errors: 0, Skipped: 0, Time elapsed: 0 s - in com.iwamih31.Office_equals_162771612118
[INFO] Running com.iwamih31.Action_setIncome_145617882628
[INFO] Tests run: 1, Failures: 0, Errors: 0, Skipped: 0, Time elapsed: 0 s - in com.iwamih31.Action_setIncome_145617882628
[INFO] Running com.iwamih31.DailyWorkSheet_setColumnWidth_134555402719
[INFO] Tests run: 1, Failures: 0, Errors: 0, Skipped: 0, Time elapsed: 0 s - in com.iwamih31.DailyWorkSheet_setColumnWidth_134555402719
[INFO] Running com.iwamih31.WorkSheet_array_10901379944
[INFO] Tests run: 1, Failures: 0, Errors: 0, Skipped: 0, Time elapsed: 0 s - in com.iwamih31.WorkSheet_array_10901379944
[INFO] Running com.iwamih31.Cash_setId_5222234711
[INFO] Tests run: 1, Failures: 0, Errors: 0, Skipped: 0, Time elapsed: 0 s - in com.iwamih31.Cash_setId_5222234711
[INFO] Running com.iwamih31.State_getName_12476017941
[INFO] Tests run: 1, Failures: 0, Errors: 0, Skipped: 0, Time elapsed: 0 s - in com.iwamih31.State_getName_12476017941
[INFO] Running com.iwamih31.Action_canEqual_43664948631
[INFO] Tests run: 1, Failures: 0, Errors: 0, Skipped: 0, Time elapsed: 0 s - in com.iwamih31.Action_canEqual_43664948631
[INFO] Running com.iwamih31.YearWorkSheet_array_116912584815
[INFO] Tests run: 1, Failures: 0, Errors: 0, Skipped: 0, Time elapsed: 0 s - in com.iwamih31.YearWorkSheet_array_116912584815
[INFO] Running com.iwamih31.State_hashCode_39491563520
[INFO] Tests run: 1, Failures: 0, Errors: 0, Skipped: 0, Time elapsed: 1.803 s - in com.iwamih31.State_hashCode_39491563520
[INFO] Running com.iwamih31.Office_toString_170780481021
[INFO] Tests run: 1, Failures: 0, Errors: 0, Skipped: 0, Time elapsed: 0 s - in com.iwamih31.Office_toString_170780481021
[INFO] Running com.iwamih31.Action_setApply_13973961227
[INFO] Tests run: 1, Failures: 0, Errors: 0, Skipped: 0, Time elapsed: 0.001 s - in com.iwamih31.Action_setApply_13973961227
[INFO] Running com.iwamih31.DailyWorkSheet_array_12359500485
[INFO] Tests run: 1, Failures: 0, Errors: 0, Skipped: 0, Time elapsed: 0 s - in com.iwamih31.DailyWorkSheet_array_12359500485
[INFO] Running com.iwamih31.Cash_getDate_13540186629
[INFO] Tests run: 1, Failures: 0, Errors: 0, Skipped: 0, Time elapsed: 0 s - in com.iwamih31.Cash_getDate_13540186629
[INFO] Running com.iwamih31.Set_getName_4909691651
[INFO] Tests run: 1, Failures: 0, Errors: 0, Skipped: 0, Time elapsed: 0 s - in com.iwamih31.Set_getName_4909691651
[INFO] Running com.iwamih31.Action_setApply_1397396129
[INFO] Tests run: 1, Failures: 0, Errors: 0, Skipped: 0, Time elapsed: 0 s - in com.iwamih31.Action_setApply_1397396129
[INFO] Running com.iwamih31.WorkSheet_init_102604278512
[INFO] Tests run: 1, Failures: 0, Errors: 0, Skipped: 0, Time elapsed: 0 s - in com.iwamih31.WorkSheet_init_102604278512
[INFO] Running com.iwamih31.State_getId_49052842912
[INFO] Tests run: 1, Failures: 0, Errors: 0, Skipped: 0, Time elapsed: 0 s - in com.iwamih31.State_getId_49052842912
[INFO] Running com.iwamih31.Action_getSpending_153668285123
[INFO] Tests run: 1, Failures: 0, Errors: 0, Skipped: 0, Time elapsed: 0 s - in com.iwamih31.Action_getSpending_153668285123
[INFO] Running com.iwamih31.MonthlyWorkSheet_array_195710430015
[INFO] Tests run: 1, Failures: 0, Errors: 0, Skipped: 0, Time elapsed: 0 s - in com.iwamih31.MonthlyWorkSheet_array_195710430015
[INFO] Running com.iwamih31.AccountBookApplication_main_728550031
[ERROR] Tests run: 1, Failures: 0, Errors: 1, Skipped: 0, Time elapsed: 11.613 s <<< FAILURE! - in com.iwamih31.AccountBookApplication_main_728550031
[ERROR] test  Time elapsed: 11.613 s  <<< ERROR!
org.junit.runners.model.TestTimedOutException: test timed out after 10 seconds
	at app//com.iwamih31.AccountBookApplication_main_728550031.test(AccountBookApplication_main_728550031.java:46)

[INFO] Running com.iwamih31.DailyWorkSheet_init_15336481941
[INFO] Tests run: 1, Failures: 0, Errors: 0, Skipped: 0, Time elapsed: 0 s - in com.iwamih31.DailyWorkSheet_init_15336481941
[INFO] Running com.iwamih31.Action_init_154925296534
[INFO] Tests run: 1, Failures: 0, Errors: 0, Skipped: 0, Time elapsed: 0 s - in com.iwamih31.Action_init_154925296534
[INFO] Running com.iwamih31.Cash_getJyuu5_98990720435
[INFO] Tests run: 1, Failures: 0, Errors: 0, Skipped: 0, Time elapsed: 0 s - in com.iwamih31.Cash_getJyuu5_98990720435
[INFO] Running com.iwamih31.Cash_setDate_186001984412
[INFO] Tests run: 1, Failures: 0, Errors: 0, Skipped: 0, Time elapsed: 0 s - in com.iwamih31.Cash_setDate_186001984412
[INFO] Running com.iwamih31.Action_hashCode_168949879014
[INFO] Tests run: 1, Failures: 0, Errors: 0, Skipped: 0, Time elapsed: 0.001 s - in com.iwamih31.Action_hashCode_168949879014
[INFO] Running com.iwamih31.ShutdownController_init_6003877030
[INFO] Tests run: 1, Failures: 0, Errors: 0, Skipped: 0, Time elapsed: 0 s - in com.iwamih31.ShutdownController_init_6003877030
[INFO] Running com.iwamih31.YearWorkSheet_getSheetName_4998872346
[INFO] Tests run: 1, Failures: 0, Errors: 0, Skipped: 0, Time elapsed: 0 s - in com.iwamih31.YearWorkSheet_getSheetName_4998872346
[INFO] Running com.iwamih31.WorkSheet_fonts_106899766114
[INFO] Tests run: 1, Failures: 0, Errors: 0, Skipped: 0, Time elapsed: 0 s - in com.iwamih31.WorkSheet_fonts_106899766114
[INFO] Running com.iwamih31.YearWorkSheet_init_11619157140
[INFO] Tests run: 1, Failures: 0, Errors: 0, Skipped: 0, Time elapsed: 0 s - in com.iwamih31.YearWorkSheet_init_11619157140
[INFO] Running com.iwamih31.Office_setItemname_10875787214
[INFO] Tests run: 1, Failures: 0, Errors: 0, Skipped: 0, Time elapsed: 0 s - in com.iwamih31.Office_setItemname_10875787214
[INFO] Running com.iwamih31.MonthlyWorkSheet_array_19571043005
[INFO] Tests run: 1, Failures: 0, Errors: 0, Skipped: 0, Time elapsed: 0 s - in com.iwamih31.MonthlyWorkSheet_array_19571043005
[INFO] Running com.iwamih31.OptionData_days_86652091122
[ERROR] Tests run: 1, Failures: 0, Errors: 1, Skipped: 0, Time elapsed: 0 s <<< FAILURE! - in com.iwamih31.OptionData_days_86652091122
[ERROR] test  Time elapsed: 0 s  <<< ERROR!
java.lang.NullPointerException
	at com.iwamih31.OptionData_days_86652091122.test(OptionData_days_86652091122.java:44)

[INFO] Running com.iwamih31.Action_getDate_147045749719
[INFO] Tests run: 1, Failures: 0, Errors: 0, Skipped: 0, Time elapsed: 1.731 s - in com.iwamih31.Action_getDate_147045749719
[INFO] Running com.iwamih31.LabelSet_init_11223788292
[INFO] Tests run: 1, Failures: 0, Errors: 0, Skipped: 0, Time elapsed: 0 s - in com.iwamih31.LabelSet_init_11223788292
[INFO] Running com.iwamih31.OptionData_years_77465601410
[ERROR] Tests run: 1, Failures: 0, Errors: 1, Skipped: 0, Time elapsed: 0 s <<< FAILURE! - in com.iwamih31.OptionData_years_77465601410
[ERROR] test  Time elapsed: 0 s  <<< ERROR!
java.lang.NumberFormatException: For input string: "tOszriqETr"
	at com.iwamih31.OptionData_years_77465601410.test(OptionData_years_77465601410.java:51)

[INFO] Running com.iwamih31.WorkSheet_setColumnWidth_7755802729
[INFO] Tests run: 1, Failures: 0, Errors: 0, Skipped: 0, Time elapsed: 0 s - in com.iwamih31.WorkSheet_setColumnWidth_7755802729
[INFO] Running com.iwamih31.Cash_setSen1_135704658715
[INFO] Tests run: 1, Failures: 0, Errors: 0, Skipped: 0, Time elapsed: 0.001 s - in com.iwamih31.Cash_setSen1_135704658715
[INFO] Running com.iwamih31.Cash_getEn5_105880339437
[INFO] Tests run: 1, Failures: 0, Errors: 0, Skipped: 0, Time elapsed: 0 s - in com.iwamih31.Cash_getEn5_105880339437
[INFO] Running com.iwamih31.DailyWorkSheet_getColumnWidth_40902846118
[INFO] Tests run: 1, Failures: 0, Errors: 0, Skipped: 0, Time elapsed: 0 s - in com.iwamih31.DailyWorkSheet_getColumnWidth_40902846118
[INFO] Running com.iwamih31.OptionData_times_104552665918
[ERROR] Tests run: 1, Failures: 0, Errors: 1, Skipped: 0, Time elapsed: 0 s <<< FAILURE! - in com.iwamih31.OptionData_times_104552665918
[ERROR] test  Time elapsed: 0 s  <<< ERROR!
java.lang.ArithmeticException: / by zero
	at com.iwamih31.OptionData_times_104552665918.test(OptionData_times_104552665918.java:55)

[INFO] Running com.iwamih31.Office_getItemname_125033616113
[INFO] Tests run: 1, Failures: 0, Errors: 0, Skipped: 0, Time elapsed: 0 s - in com.iwamih31.Office_getItemname_125033616113
[INFO] Running com.iwamih31.DailyWorkSheet_array_10836950034
[INFO] Tests run: 1, Failures: 0, Errors: 0, Skipped: 0, Time elapsed: 1.853 s - in com.iwamih31.DailyWorkSheet_array_10836950034
[INFO] Running com.iwamih31.OptionData_monthday_138252769026
[INFO] Tests run: 1, Failures: 0, Errors: 0, Skipped: 0, Time elapsed: 0 s - in com.iwamih31.OptionData_monthday_138252769026
[INFO] Running com.iwamih31.Set_init_6523934580
[INFO] Tests run: 1, Failures: 0, Errors: 0, Skipped: 0, Time elapsed: 0 s - in com.iwamih31.Set_init_6523934580
[INFO] Running com.iwamih31.Office_getId_13331204360
[INFO] Tests run: 1, Failures: 0, Errors: 0, Skipped: 0, Time elapsed: 0 s - in com.iwamih31.Office_getId_13331204360
[INFO] Running com.iwamih31.Cash_getHyaku1_64609564134
[INFO] Tests run: 1, Failures: 0, Errors: 0, Skipped: 0, Time elapsed: 0 s - in com.iwamih31.Cash_getHyaku1_64609564134
[INFO] Running com.iwamih31.Office_setId_194054102215
[INFO] Tests run: 1, Failures: 0, Errors: 0, Skipped: 0, Time elapsed: 0 s - in com.iwamih31.Office_setId_194054102215
[INFO] Running com.iwamih31.Cash_init_113985496826
[INFO] Tests run: 1, Failures: 0, Errors: 0, Skipped: 0, Time elapsed: 0 s - in com.iwamih31.Cash_init_113985496826
[INFO] Running com.iwamih31.MonthlyWorkSheet_rowFormat_6129151203
[ERROR] Tests run: 1, Failures: 0, Errors: 1, Skipped: 0, Time elapsed: 10.143 s <<< FAILURE! - in com.iwamih31.MonthlyWorkSheet_rowFormat_6129151203
[ERROR] test  Time elapsed: 10.143 s  <<< ERROR!
org.junit.runners.model.TestTimedOutException: test timed out after 10 seconds
	at app//com.iwamih31.MonthlyWorkSheet_rowFormat_6129151203.test(MonthlyWorkSheet_rowFormat_6129151203.java:238)

[INFO] Running com.iwamih31.WorkSheet_getColumnWidth_171210583820
[INFO] Tests run: 1, Failures: 0, Errors: 0, Skipped: 0, Time elapsed: 0.001 s - in com.iwamih31.WorkSheet_getColumnWidth_171210583820
[INFO] Running com.iwamih31.DailyWorkSheet_init_153364819411
[INFO] Tests run: 1, Failures: 0, Errors: 0, Skipped: 0, Time elapsed: 0.001 s - in com.iwamih31.DailyWorkSheet_init_153364819411
[INFO] Running com.iwamih31.Cash_hashCode_8363942724
[INFO] Tests run: 1, Failures: 0, Errors: 0, Skipped: 0, Time elapsed: 1.794 s - in com.iwamih31.Cash_hashCode_8363942724
[INFO] Running com.iwamih31.Action_setId_155363701624
[INFO] Tests run: 1, Failures: 0, Errors: 0, Skipped: 0, Time elapsed: 1.686 s - in com.iwamih31.Action_setId_155363701624
[INFO] Running com.iwamih31.Action_getSubject_5687532422
[INFO] Tests run: 1, Failures: 0, Errors: 0, Skipped: 0, Time elapsed: 1.737 s - in com.iwamih31.Action_getSubject_5687532422
[INFO] Running com.iwamih31.WorkSheet_array_109013799416
[INFO] Tests run: 1, Failures: 0, Errors: 0, Skipped: 0, Time elapsed: 0.001 s - in com.iwamih31.WorkSheet_array_109013799416
[INFO] Running com.iwamih31.Cash_setSen1_135704658743
[INFO] Tests run: 1, Failures: 0, Errors: 0, Skipped: 0, Time elapsed: 0.002 s - in com.iwamih31.Cash_setSen1_135704658743
[INFO] Running com.iwamih31.AccountBookApplication_main_728550033
[ERROR] Tests run: 1, Failures: 0, Errors: 1, Skipped: 0, Time elapsed: 20.998 s <<< FAILURE! - in com.iwamih31.AccountBookApplication_main_728550033
[ERROR] test  Time elapsed: 16.122 s  <<< ERROR!
org.junit.runners.model.TestTimedOutException: test timed out after 10 seconds
	at app//com.iwamih31.AccountBookApplication_main_728550033.test(AccountBookApplication_main_728550033.java:44)

[INFO] Running com.iwamih31.OptionData_yearmonth_151480735325
[INFO] Tests run: 1, Failures: 0, Errors: 0, Skipped: 0, Time elapsed: 16.29 s - in com.iwamih31.OptionData_yearmonth_151480735325
[INFO] Running com.iwamih31.State_setId_53077740915
[INFO] Tests run: 1, Failures: 0, Errors: 0, Skipped: 0, Time elapsed: 16.801 s - in com.iwamih31.State_setId_53077740915
[INFO] Running com.iwamih31.Office_getItemvalue_41802434514
[INFO] Tests run: 1, Failures: 0, Errors: 0, Skipped: 0, Time elapsed: 32.254 s - in com.iwamih31.Office_getItemvalue_41802434514
[INFO] Running com.iwamih31.Cash_getEn1_105879955010
[INFO] Tests run: 1, Failures: 0, Errors: 0, Skipped: 0, Time elapsed: 0 s - in com.iwamih31.Cash_getEn1_105879955010
[INFO] Running com.iwamih31.Office_init_6720733711
[INFO] Tests run: 1, Failures: 0, Errors: 0, Skipped: 0, Time elapsed: 0 s - in com.iwamih31.Office_init_6720733711
[INFO] Running com.iwamih31.WorkSheet_getValueData_88054411022
[INFO] Tests run: 1, Failures: 0, Errors: 0, Skipped: 0, Time elapsed: 0 s - in com.iwamih31.WorkSheet_getValueData_88054411022
[INFO] Running com.iwamih31.State_init_66129990610
[INFO] Tests run: 1, Failures: 0, Errors: 0, Skipped: 0, Time elapsed: 0 s - in com.iwamih31.State_init_66129990610
[INFO] Running com.iwamih31.YearWorkSheet_init_160047239411
[INFO] Tests run: 1, Failures: 0, Errors: 0, Skipped: 0, Time elapsed: 0.001 s - in com.iwamih31.YearWorkSheet_init_160047239411
[INFO] Running com.iwamih31.OptionData_arrayAlignment_73211150327
[ERROR] Tests run: 1, Failures: 0, Errors: 1, Skipped: 0, Time elapsed: 0 s <<< FAILURE! - in com.iwamih31.OptionData_arrayAlignment_73211150327
[ERROR] test  Time elapsed: 0 s  <<< ERROR!
java.lang.NullPointerException
	at com.iwamih31.OptionData_arrayAlignment_73211150327.test(OptionData_arrayAlignment_73211150327.java:51)

[INFO] Running com.iwamih31.DailyWorkSheet_array_108369500314
[INFO] Tests run: 1, Failures: 0, Errors: 0, Skipped: 0, Time elapsed: 0 s - in com.iwamih31.DailyWorkSheet_array_108369500314
[INFO] Running com.iwamih31.MonthlyWorkSheet_init_4317352461
[INFO] Tests run: 1, Failures: 0, Errors: 0, Skipped: 0, Time elapsed: 0 s - in com.iwamih31.MonthlyWorkSheet_init_4317352461
[INFO] Running com.iwamih31.Cash_setJyuu5_9190571046
[INFO] Tests run: 1, Failures: 0, Errors: 0, Skipped: 0, Time elapsed: 0 s - in com.iwamih31.Cash_setJyuu5_9190571046
[INFO] Running com.iwamih31.Cash_toString_59439911753
[INFO] Tests run: 1, Failures: 0, Errors: 0, Skipped: 0, Time elapsed: 0.001 s - in com.iwamih31.Cash_toString_59439911753
[INFO] Running com.iwamih31.Cash_setDate_186001984440
[INFO] Tests run: 1, Failures: 0, Errors: 0, Skipped: 0, Time elapsed: 0 s - in com.iwamih31.Cash_setDate_186001984440
[INFO] Running com.iwamih31.State_canEqual_16477649397
[INFO] Tests run: 1, Failures: 0, Errors: 0, Skipped: 0, Time elapsed: 0.595 s - in com.iwamih31.State_canEqual_16477649397
[INFO] Running com.iwamih31.MonthlyWorkSheet_init_682143410
[INFO] Tests run: 1, Failures: 0, Errors: 0, Skipped: 0, Time elapsed: 0 s - in com.iwamih31.MonthlyWorkSheet_init_682143410
[INFO] Running com.iwamih31.Cash_setHyaku5_48128408516
[INFO] Tests run: 1, Failures: 0, Errors: 0, Skipped: 0, Time elapsed: 0 s - in com.iwamih31.Cash_setHyaku5_48128408516
[INFO] Running com.iwamih31.YearWorkSheet_array_11691258485
[INFO] Tests run: 1, Failures: 0, Errors: 0, Skipped: 0, Time elapsed: 0 s - in com.iwamih31.YearWorkSheet_array_11691258485
[INFO] Running com.iwamih31.MonthlyWorkSheet_init_68214340
[INFO] Tests run: 1, Failures: 0, Errors: 0, Skipped: 0, Time elapsed: 0 s - in com.iwamih31.MonthlyWorkSheet_init_68214340
[INFO] Running com.iwamih31.MonthlyWorkSheet_init_43173524611
[INFO] Tests run: 1, Failures: 0, Errors: 0, Skipped: 0, Time elapsed: 0.001 s - in com.iwamih31.MonthlyWorkSheet_init_43173524611
[INFO] Running com.iwamih31.State_toString_11584405521
[INFO] Tests run: 1, Failures: 0, Errors: 0, Skipped: 0, Time elapsed: 0.002 s - in com.iwamih31.State_toString_11584405521
[INFO] Running com.iwamih31.Set_setName_20841215639
[INFO] Tests run: 1, Failures: 0, Errors: 0, Skipped: 0, Time elapsed: 0 s - in com.iwamih31.Set_setName_20841215639
[INFO] Running com.iwamih31.MonthlyWorkSheet_getColumnWidth_69288448718
[INFO] Tests run: 1, Failures: 0, Errors: 0, Skipped: 0, Time elapsed: 0 s - in com.iwamih31.MonthlyWorkSheet_getColumnWidth_69288448718
[INFO] Running com.iwamih31.Action_toString_209470881633
[INFO] Tests run: 1, Failures: 0, Errors: 0, Skipped: 0, Time elapsed: 0 s - in com.iwamih31.Action_toString_209470881633
[INFO] Running com.iwamih31.WorkSheet_getSheetName_16880712656
[INFO] Tests run: 1, Failures: 0, Errors: 0, Skipped: 0, Time elapsed: 0 s - in com.iwamih31.WorkSheet_getSheetName_16880712656
[INFO] Running com.iwamih31.DailyWorkSheet_setSheetName_188278416217
[INFO] Tests run: 1, Failures: 0, Errors: 0, Skipped: 0, Time elapsed: 0 s - in com.iwamih31.DailyWorkSheet_setSheetName_188278416217
[INFO] Running com.iwamih31.YearWorkSheet_init_116191571410
[INFO] Tests run: 1, Failures: 0, Errors: 0, Skipped: 0, Time elapsed: 0 s - in com.iwamih31.YearWorkSheet_init_116191571410
[INFO] Running com.iwamih31.Cash_setEn1_54111665249
[INFO] Tests run: 1, Failures: 0, Errors: 0, Skipped: 0, Time elapsed: 0 s - in com.iwamih31.Cash_setEn1_54111665249
[INFO] Running com.iwamih31.MonthlyWorkSheet_getSheetName_66884991416
[INFO] Tests run: 1, Failures: 0, Errors: 0, Skipped: 0, Time elapsed: 0 s - in com.iwamih31.MonthlyWorkSheet_getSheetName_66884991416
[INFO] Running com.iwamih31.OptionData_monthday_138252769012
[INFO] Tests run: 1, Failures: 0, Errors: 0, Skipped: 0, Time elapsed: 0 s - in com.iwamih31.OptionData_monthday_138252769012
[INFO] Running com.iwamih31.Cash_init_190638226627
[INFO] Tests run: 1, Failures: 0, Errors: 0, Skipped: 0, Time elapsed: 0 s - in com.iwamih31.Cash_init_190638226627
[INFO] Running com.iwamih31.WorkSheet_setValueData_56917701811
[INFO] Tests run: 1, Failures: 0, Errors: 0, Skipped: 0, Time elapsed: 0 s - in com.iwamih31.WorkSheet_setValueData_56917701811
[INFO] Running com.iwamih31.Action_setSubject_24272778226
[INFO] Tests run: 1, Failures: 0, Errors: 0, Skipped: 0, Time elapsed: 0 s - in com.iwamih31.Action_setSubject_24272778226
[INFO] Running com.iwamih31.WorkSheet_setSheetName_23835013719
[INFO] Tests run: 1, Failures: 0, Errors: 0, Skipped: 0, Time elapsed: 0 s - in com.iwamih31.WorkSheet_setSheetName_23835013719
[INFO] Running com.iwamih31.State_init_26152690311
[INFO] Tests run: 1, Failures: 0, Errors: 0, Skipped: 0, Time elapsed: 0 s - in com.iwamih31.State_init_26152690311
[INFO] 
[INFO] Results:
[INFO] 
[ERROR] Errors: 
[ERROR]   AccountBookApplication_main_728550031.test:46->Object.hashCode:-2 » TestTimedOut
[ERROR]   AccountBookApplication_main_728550033.test:44 » TestTimedOut test timed out af...
[ERROR]   MonthlyWorkSheet_rowFormat_6129151203.test:238 » TestTimedOut test timed out a...
[ERROR]   OptionData_arrayAlignment_73211150313.test:64 » TestTimedOut test timed out af...
[ERROR]   OptionData_arrayAlignment_73211150327.test:51 » NullPointer
[ERROR]   OptionData_dates_4941055347.test:45 » DateTime Invalid value for Year (valid v...
[ERROR]   OptionData_days_86652091122.test:44 » NullPointer
[ERROR]   OptionData_nums_149416884915.test:55 » Arithmetic / by zero
[ERROR]   OptionData_times_104552665918.test:55 » Arithmetic / by zero
[ERROR]   OptionData_yearmonth_151480735311.test:49 » TestTimedOut test timed out after ...
[ERROR]   OptionData_years_77465601410.test:51 » NumberFormat For input string: "tOszriq...
[ERROR]   OptionData_years_77465601424.test:53 » NullPointer
[ERROR]   Set_getNameSet_211716641312.test:46 » NullPointer
[ERROR]   Set_getValueSet_96295849213.test:46 » NullPointer
[ERROR]   ShutdownController_shutdownContext_17268085281.test:40 » NullPointer
[INFO] 
[ERROR] Tests run: 285, Failures: 0, Errors: 15, Skipped: 0
[INFO] 
[ERROR] There are test failures.

Please refer to /app/target/surefire-reports for the individual test results.
Please refer to dump files (if any exist) [date].dump, [date]-jvmRun[N].dump and [date].dumpstream.
[INFO] 
[INFO] --- jacoco-maven-plugin:0.8.11:report (report) @ AccountBook ---
[INFO] Loading execution data file /app/target/jacoco.exec
[INFO] Analyzed bundle 'AccountBook' with 18 classes
[INFO] 
[INFO] --- jacoco-maven-plugin:0.8.11:report (default-cli) @ AccountBook ---
[INFO] Loading execution data file /app/target/jacoco.exec
[INFO] Analyzed bundle 'AccountBook' with 18 classes
[INFO] ------------------------------------------------------------------------
[INFO] BUILD SUCCESS
[INFO] ------------------------------------------------------------------------
[INFO] Total time:  02:43 min
[INFO] Finished at: 2026-04-08T06:16:04Z
[INFO] ------------------------------------------------------------------------
