[INFO] Scanning for projects...
[INFO] 
[INFO] ---------------< com.leanstacks:skeleton-ws-spring-boot >---------------
[INFO] Building Spring Boot Starter Project 2.3.0
[INFO] --------------------------------[ jar ]---------------------------------
[INFO] 
[INFO] --- maven-clean-plugin:3.1.0:clean (default-clean) @ skeleton-ws-spring-boot ---
[INFO] Deleting /app/target
[INFO] 
[INFO] --- jacoco-maven-plugin:0.8.11:prepare-agent (default) @ skeleton-ws-spring-boot ---
[INFO] argLine set to -javaagent:/root/.m2/repository/org/jacoco/org.jacoco.agent/0.8.11/org.jacoco.agent-0.8.11-runtime.jar=destfile=/app/target/jacoco.exec
[INFO] 
[INFO] --- spring-boot-maven-plugin:2.1.1.RELEASE:build-info (default) @ skeleton-ws-spring-boot ---
[INFO] 
[INFO] --- maven-resources-plugin:3.1.0:resources (default-resources) @ skeleton-ws-spring-boot ---
[INFO] Using 'UTF-8' encoding to copy filtered resources.
[INFO] Copying 4 resources
[INFO] Copying 2 resources
[INFO] 
[INFO] --- maven-compiler-plugin:3.8.0:compile (default-compile) @ skeleton-ws-spring-boot ---
[INFO] Changes detected - recompiling the module!
[INFO] Compiling 27 source files to /app/target/classes
[INFO] 
[INFO] --- build-helper-maven-plugin:3.3.0:add-test-source (add-kex-test-source) @ skeleton-ws-spring-boot ---
[INFO] Test Source directory: /app/src/test/java/kex-tests added.
[INFO] 
[INFO] --- maven-resources-plugin:3.1.0:testResources (default-testResources) @ skeleton-ws-spring-boot ---
[INFO] Using 'UTF-8' encoding to copy filtered resources.
[INFO] skip non existing resourceDirectory /app/src/test/resources
[INFO] 
[INFO] --- maven-compiler-plugin:3.8.0:testCompile (default-testCompile) @ skeleton-ws-spring-boot ---
[INFO] Changes detected - recompiling the module!
[INFO] Compiling 14 source files to /app/target/test-classes
[INFO] 
[INFO] --- maven-surefire-plugin:2.22.1:test (default-test) @ skeleton-ws-spring-boot ---
[INFO] 
[INFO] -------------------------------------------------------
[INFO]  T E S T S
[INFO] -------------------------------------------------------
[INFO] 
[INFO] Results:
[INFO] 
[INFO] Tests run: 0, Failures: 0, Errors: 0, Skipped: 0
[INFO] 
[INFO] 
[INFO] --- jacoco-maven-plugin:0.8.11:report (report) @ skeleton-ws-spring-boot ---
[INFO] Loading execution data file /app/target/jacoco.exec
[INFO] Analyzed bundle 'Spring Boot Starter Project' with 24 classes
[INFO] 
[INFO] --- jacoco-maven-plugin:0.8.11:report (default-cli) @ skeleton-ws-spring-boot ---
[INFO] Loading execution data file /app/target/jacoco.exec
[INFO] Analyzed bundle 'Spring Boot Starter Project' with 24 classes
[INFO] ------------------------------------------------------------------------
[INFO] BUILD SUCCESS
[INFO] ------------------------------------------------------------------------
[INFO] Total time:  3.172 s
[INFO] Finished at: 2026-04-08T02:10:36Z
[INFO] ------------------------------------------------------------------------
