[INFO] Scanning for projects...
[WARNING] 
[WARNING] Some problems were encountered while building the effective model for ix.ibm.sonar.java.rules:ibmix-aem-sonar-rules:sonar-plugin:1.4.1
[WARNING] 'dependencies.dependency.(groupId:artifactId:type:classifier)' must be unique: org.junit.vintage:junit-vintage-engine:jar -> version 5.10.0 vs ${junit.version} @ line 129, column 21
[WARNING] 
[WARNING] It is highly recommended to fix these problems because they threaten the stability of your build.
[WARNING] 
[WARNING] For this reason, future Maven versions might no longer support building such malformed projects.
[WARNING] 
[INFO] 
[INFO] -----------< ix.ibm.sonar.java.rules:ibmix-aem-sonar-rules >------------
[INFO] Building IBM iX AEM Sonar rules 1.4.1
[INFO] ----------------------------[ sonar-plugin ]----------------------------
[INFO] 
[INFO] --- maven-clean-plugin:2.5:clean (default-clean) @ ibmix-aem-sonar-rules ---
[INFO] 
[INFO] --- sonar-packaging-maven-plugin:1.23.0.740:check (default-check) @ ibmix-aem-sonar-rules ---
[INFO] 
[INFO] --- jacoco-maven-plugin:0.8.11:prepare-agent (default) @ ibmix-aem-sonar-rules ---
[INFO] argLine set to -javaagent:/root/.m2/repository/org/jacoco/org.jacoco.agent/0.8.11/org.jacoco.agent-0.8.11-runtime.jar=destfile=/app/target/jacoco.exec
[INFO] 
[INFO] --- maven-resources-plugin:3.5.0:resources (default-resources) @ ibmix-aem-sonar-rules ---
[INFO] Copying 46 resources from src/main/resources to target/classes
[INFO] 
[INFO] --- maven-compiler-plugin:3.11.0:compile (default-compile) @ ibmix-aem-sonar-rules ---
[INFO] Changes detected - recompiling the module! :source
[INFO] Compiling 48 source files with javac [debug target 11] to target/classes
[INFO] 
[INFO] --- build-helper-maven-plugin:3.3.0:add-test-source (add-kex-test-source) @ ibmix-aem-sonar-rules ---
[INFO] Test Source directory: /app/src/test/java/kex-tests added.
[INFO] 
[INFO] --- maven-resources-plugin:3.5.0:testResources (default-testResources) @ ibmix-aem-sonar-rules ---
[INFO] skip non existing resourceDirectory /app/src/test/resources
[INFO] 
[INFO] --- maven-compiler-plugin:3.11.0:testCompile (default-testCompile) @ ibmix-aem-sonar-rules ---
[INFO] Changes detected - recompiling the module! :dependency
[INFO] Compiling 42 source files with javac [debug target 11] to target/test-classes
[WARNING] /app/src/test/java/kex-tests/tests/ix/ibm/sonar/java/utils/ReflectionUtils.java:[9,16] sun.misc.Unsafe is internal proprietary API and may be removed in a future release
[WARNING] /app/src/test/java/kex-tests/tests/ix/ibm/sonar/java/ReflectionUtils.java:[9,16] sun.misc.Unsafe is internal proprietary API and may be removed in a future release
[WARNING] /app/src/test/java/kex-tests/tests/ix/ibm/sonar/java/utils/ReflectionUtils.java:[9,16] sun.misc.Unsafe is internal proprietary API and may be removed in a future release
[WARNING] /app/src/test/java/kex-tests/tests/ix/ibm/sonar/java/ReflectionUtils.java:[9,16] sun.misc.Unsafe is internal proprietary API and may be removed in a future release
[WARNING] /app/src/test/java/kex-tests/tests/ix/ibm/sonar/java/utils/ReflectionUtils.java:[9,16] sun.misc.Unsafe is internal proprietary API and may be removed in a future release
[WARNING] /app/src/test/java/kex-tests/tests/ix/ibm/sonar/java/ReflectionUtils.java:[9,16] sun.misc.Unsafe is internal proprietary API and may be removed in a future release
[WARNING] /app/src/test/java/kex-tests/tests/ix/ibm/sonar/java/utils/ReflectionUtils.java:[9,16] sun.misc.Unsafe is internal proprietary API and may be removed in a future release
[WARNING] /app/src/test/java/kex-tests/tests/ix/ibm/sonar/java/ReflectionUtils.java:[9,16] sun.misc.Unsafe is internal proprietary API and may be removed in a future release
[WARNING] /app/src/test/java/kex-tests/tests/ix/ibm/sonar/java/utils/ReflectionUtils.java:[9,16] sun.misc.Unsafe is internal proprietary API and may be removed in a future release
[WARNING] /app/src/test/java/kex-tests/tests/ix/ibm/sonar/java/ReflectionUtils.java:[9,16] sun.misc.Unsafe is internal proprietary API and may be removed in a future release
[WARNING] /app/src/test/java/kex-tests/tests/ix/ibm/sonar/java/utils/ReflectionUtils.java:[13,25] sun.misc.Unsafe is internal proprietary API and may be removed in a future release
[WARNING] /app/src/test/java/kex-tests/tests/ix/ibm/sonar/java/utils/ReflectionUtils.java:[13,25] sun.misc.Unsafe is internal proprietary API and may be removed in a future release
[WARNING] /app/src/test/java/kex-tests/tests/ix/ibm/sonar/java/utils/ReflectionUtils.java:[13,25] sun.misc.Unsafe is internal proprietary API and may be removed in a future release
[WARNING] /app/src/test/java/kex-tests/tests/ix/ibm/sonar/java/utils/ReflectionUtils.java:[13,25] sun.misc.Unsafe is internal proprietary API and may be removed in a future release
[WARNING] /app/src/test/java/kex-tests/tests/ix/ibm/sonar/java/utils/ReflectionUtils.java:[13,25] sun.misc.Unsafe is internal proprietary API and may be removed in a future release
[WARNING] /app/src/test/java/kex-tests/tests/ix/ibm/sonar/java/utils/ReflectionUtils.java:[17,31] sun.misc.Unsafe is internal proprietary API and may be removed in a future release
[WARNING] /app/src/test/java/kex-tests/tests/ix/ibm/sonar/java/utils/ReflectionUtils.java:[19,23] sun.misc.Unsafe is internal proprietary API and may be removed in a future release
[WARNING] /app/src/test/java/kex-tests/tests/ix/ibm/sonar/java/ReflectionUtils.java:[13,25] sun.misc.Unsafe is internal proprietary API and may be removed in a future release
[WARNING] /app/src/test/java/kex-tests/tests/ix/ibm/sonar/java/ReflectionUtils.java:[13,25] sun.misc.Unsafe is internal proprietary API and may be removed in a future release
[WARNING] /app/src/test/java/kex-tests/tests/ix/ibm/sonar/java/ReflectionUtils.java:[13,25] sun.misc.Unsafe is internal proprietary API and may be removed in a future release
[WARNING] /app/src/test/java/kex-tests/tests/ix/ibm/sonar/java/ReflectionUtils.java:[13,25] sun.misc.Unsafe is internal proprietary API and may be removed in a future release
[WARNING] /app/src/test/java/kex-tests/tests/ix/ibm/sonar/java/ReflectionUtils.java:[13,25] sun.misc.Unsafe is internal proprietary API and may be removed in a future release
[WARNING] /app/src/test/java/kex-tests/tests/ix/ibm/sonar/java/ReflectionUtils.java:[17,31] sun.misc.Unsafe is internal proprietary API and may be removed in a future release
[WARNING] /app/src/test/java/kex-tests/tests/ix/ibm/sonar/java/ReflectionUtils.java:[19,23] sun.misc.Unsafe is internal proprietary API and may be removed in a future release
[INFO] /app/src/test/java/evosuite-tests/ix/ibm/sonar/java/visitors/AemContextExtensionFinder_ESTest.java: /app/src/test/java/evosuite-tests/ix/ibm/sonar/java/visitors/AemContextExtensionFinder_ESTest.java uses unchecked or unsafe operations.
[INFO] /app/src/test/java/evosuite-tests/ix/ibm/sonar/java/visitors/AemContextExtensionFinder_ESTest.java: Recompile with -Xlint:unchecked for details.
[INFO] 
[INFO] --- maven-dependency-plugin:3.6.1:copy (copy) @ ibmix-aem-sonar-rules ---
[INFO] Configured Artifact: com.adobe.aem:uber-jar:apis:6.5.0:jar
[INFO] Configured Artifact: javax.servlet:javax.servlet-api:3.1.0:jar
[INFO] Configured Artifact: org.apache.felix:org.apache.felix.scr.annotations:1.12.0:jar
[INFO] Configured Artifact: javax.jcr:jcr:2.0:jar
[INFO] Configured Artifact: org.osgi:org.osgi.service.component:1.4.0:jar
[INFO] Configured Artifact: org.osgi:org.osgi.service.component.annotations:1.4.0:jar
[INFO] Configured Artifact: org.apache.sling:org.apache.sling.servlets.annotations:1.2.4:jar
[INFO] Configured Artifact: org.osgi:org.osgi.service.metatype.annotations:1.4.0:jar
[INFO] Configured Artifact: org.apache.commons:commons-collections4:4.0:jar
[INFO] Configured Artifact: javax:javaee-api:6.0:jar
[INFO] Configured Artifact: io.wcm:io.wcm.testing.aem-mock.junit5:5.3.0:jar
[INFO] Configured Artifact: io.wcm:io.wcm.testing.aem-mock.core:5.3.0:jar
[INFO] Configured Artifact: org.apache.sling:org.apache.sling.testing.sling-mock.core:3.4.16:jar
[INFO] Configured Artifact: org.apache.sling:org.apache.sling.servlet-helpers:1.4.6:jar
[INFO] Configured Artifact: org.junit.jupiter:junit-jupiter:5.9.3:jar
[INFO] Configured Artifact: org.mockito:mockito-junit-jupiter:5.3.1:jar
[INFO] Configured Artifact: org.junit.jupiter:junit-jupiter-api:5.9.3:jar
[INFO] Configured Artifact: org.mockito:mockito-core:5.3.1:jar
[INFO] Copying uber-jar-6.5.0-apis.jar to /app/target/test-jars/uber-jar-6.5.0-apis.jar
[INFO] Copying javax.servlet-api-3.1.0.jar to /app/target/test-jars/javax.servlet-api-3.1.0.jar
[INFO] Copying org.apache.felix.scr.annotations-1.12.0.jar to /app/target/test-jars/org.apache.felix.scr.annotations-1.12.0.jar
[INFO] Copying jcr-2.0.jar to /app/target/test-jars/jcr-2.0.jar
[INFO] Copying org.osgi.service.component-1.4.0.jar to /app/target/test-jars/org.osgi.service.component-1.4.0.jar
[INFO] Copying org.osgi.service.component.annotations-1.4.0.jar to /app/target/test-jars/org.osgi.service.component.annotations-1.4.0.jar
[INFO] Copying org.apache.sling.servlets.annotations-1.2.4.jar to /app/target/test-jars/org.apache.sling.servlets.annotations-1.2.4.jar
[INFO] Copying org.osgi.service.metatype.annotations-1.4.0.jar to /app/target/test-jars/org.osgi.service.metatype.annotations-1.4.0.jar
[INFO] Copying commons-collections4-4.0.jar to /app/target/test-jars/commons-collections4-4.0.jar
[INFO] Copying javaee-api-6.0.jar to /app/target/test-jars/javaee-api-6.0.jar
[INFO] Copying io.wcm.testing.aem-mock.junit5-5.3.0.jar to /app/target/test-jars/io.wcm.testing.aem-mock.junit5-5.3.0.jar
[INFO] Copying io.wcm.testing.aem-mock.core-5.3.0.jar to /app/target/test-jars/io.wcm.testing.aem-mock.core-5.3.0.jar
[INFO] Copying org.apache.sling.testing.sling-mock.core-3.4.16.jar to /app/target/test-jars/org.apache.sling.testing.sling-mock.core-3.4.16.jar
[INFO] Copying org.apache.sling.servlet-helpers-1.4.6.jar to /app/target/test-jars/org.apache.sling.servlet-helpers-1.4.6.jar
[INFO] Copying junit-jupiter-5.9.3.jar to /app/target/test-jars/junit-jupiter-5.9.3.jar
[INFO] Copying mockito-junit-jupiter-5.3.1.jar to /app/target/test-jars/mockito-junit-jupiter-5.3.1.jar
[INFO] Copying junit-jupiter-api-5.9.3.jar to /app/target/test-jars/junit-jupiter-api-5.9.3.jar
[INFO] Copying mockito-core-5.3.1.jar to /app/target/test-jars/mockito-core-5.3.1.jar
[INFO] 
[INFO] --- maven-surefire-plugin:3.5.5:test (default-test) @ ibmix-aem-sonar-rules ---
[INFO] Using auto detected provider org.apache.maven.surefire.junitplatform.JUnitPlatformProvider
[INFO] 
[INFO] -------------------------------------------------------
[INFO]  T E S T S
[INFO] -------------------------------------------------------
SLF4J: Failed to load class "org.slf4j.impl.StaticLoggerBinder".
SLF4J: Defaulting to no-operation (NOP) logger implementation
SLF4J: See http://www.slf4j.org/codes.html#StaticLoggerBinder for further details.
[INFO] Running ix.ibm.sonar.java.RulesList_init_21231146984
WARNING: An illegal reflective access operation has occurred
WARNING: Illegal reflective access by org.evosuite.runtime.GuiSupport (file:/root/.m2/repository/org/evosuite/evosuite-standalone-runtime/1.1.0/evosuite-standalone-runtime-1.1.0.jar) to field java.awt.GraphicsEnvironment.headless
WARNING: Please consider reporting this to the maintainers of org.evosuite.runtime.GuiSupport
WARNING: Use --illegal-access=warn to enable warnings of further illegal reflective access operations
WARNING: All illegal access operations will be denied in a future release
[INFO] Tests run: 1, Failures: 0, Errors: 0, Skipped: 0, Time elapsed: 0.038 s -- in ix.ibm.sonar.java.RulesList_init_21231146984
[INFO] Running ix.ibm.sonar.java.visitors.AemContextExtensionFinder_ESTest
[INFO] Tests run: 3, Failures: 0, Errors: 0, Skipped: 0, Time elapsed: 4.322 s -- in ix.ibm.sonar.java.visitors.AemContextExtensionFinder_ESTest
[INFO] Running ix.ibm.sonar.java.MyJavaRulesPlugin_ESTest
[INFO] Tests run: 2, Failures: 0, Errors: 0, Skipped: 0, Time elapsed: 0.521 s -- in ix.ibm.sonar.java.MyJavaRulesPlugin_ESTest
[INFO] Running ix.ibm.sonar.java.RulesList_ESTest
[INFO] Tests run: 3, Failures: 0, Errors: 0, Skipped: 0, Time elapsed: 0.032 s -- in ix.ibm.sonar.java.RulesList_ESTest
[INFO] Running ix.ibm.sonar.java.RulesList_init_21231146980
[INFO] Tests run: 1, Failures: 0, Errors: 0, Skipped: 0, Time elapsed: 0.002 s -- in ix.ibm.sonar.java.RulesList_init_21231146980
[INFO] Running ix.ibm.sonar.java.RulesList_getJavaTestChecks_7577431657
[INFO] Tests run: 1, Failures: 0, Errors: 0, Skipped: 0, Time elapsed: 0.002 s -- in ix.ibm.sonar.java.RulesList_getJavaTestChecks_7577431657
[INFO] Running ix.ibm.sonar.java.utils.PackageConstants_ESTest
[INFO] Tests run: 1, Failures: 0, Errors: 0, Skipped: 0, Time elapsed: 0.001 s -- in ix.ibm.sonar.java.utils.PackageConstants_ESTest
[INFO] Running ix.ibm.sonar.java.utils.WarningConstants_init_14687913780
[INFO] Tests run: 1, Failures: 0, Errors: 0, Skipped: 0, Time elapsed: 0.005 s -- in ix.ibm.sonar.java.utils.WarningConstants_init_14687913780
[INFO] Running ix.ibm.sonar.java.utils.LiteralConstants_isLiteralConstantAvailable_9719023651
[INFO] Tests run: 1, Failures: 0, Errors: 0, Skipped: 0, Time elapsed: 0.005 s -- in ix.ibm.sonar.java.utils.LiteralConstants_isLiteralConstantAvailable_9719023651
[INFO] Running ix.ibm.sonar.java.utils.LiteralConstants_ESTest
[INFO] Tests run: 3, Failures: 0, Errors: 0, Skipped: 0, Time elapsed: 0.007 s -- in ix.ibm.sonar.java.utils.LiteralConstants_ESTest
[INFO] Running ix.ibm.sonar.java.utils.PackageConstants_init_12312090001
[INFO] Tests run: 1, Failures: 0, Errors: 0, Skipped: 0, Time elapsed: 0.002 s -- in ix.ibm.sonar.java.utils.PackageConstants_init_12312090001
[INFO] Running ix.ibm.sonar.java.utils.Constants_init_18298631621
[INFO] Tests run: 1, Failures: 0, Errors: 0, Skipped: 0, Time elapsed: 0.002 s -- in ix.ibm.sonar.java.utils.Constants_init_18298631621
[INFO] Running ix.ibm.sonar.java.utils.LiteralConstants_init_4079956470
[INFO] Tests run: 1, Failures: 0, Errors: 0, Skipped: 0, Time elapsed: 0.002 s -- in ix.ibm.sonar.java.utils.LiteralConstants_init_4079956470
[INFO] Running ix.ibm.sonar.java.utils.AemRecognizer_init_19129361240
[INFO] Tests run: 1, Failures: 0, Errors: 0, Skipped: 0, Time elapsed: 0.002 s -- in ix.ibm.sonar.java.utils.AemRecognizer_init_19129361240
[INFO] Running ix.ibm.sonar.java.utils.Constants_init_18298631620
[INFO] Tests run: 1, Failures: 0, Errors: 0, Skipped: 0, Time elapsed: 0.001 s -- in ix.ibm.sonar.java.utils.Constants_init_18298631620
[INFO] Running ix.ibm.sonar.java.utils.PackageConstants_init_12312090000
[INFO] Tests run: 1, Failures: 0, Errors: 0, Skipped: 0, Time elapsed: 0.001 s -- in ix.ibm.sonar.java.utils.PackageConstants_init_12312090000
[INFO] Running ix.ibm.sonar.java.utils.AemRecognizer_init_19129361241
[INFO] Tests run: 1, Failures: 0, Errors: 0, Skipped: 0, Time elapsed: 0.003 s -- in ix.ibm.sonar.java.utils.AemRecognizer_init_19129361241
[INFO] Running ix.ibm.sonar.java.utils.WarningConstants_init_14687913781
[INFO] Tests run: 1, Failures: 0, Errors: 0, Skipped: 0, Time elapsed: 0.001 s -- in ix.ibm.sonar.java.utils.WarningConstants_init_14687913781
[INFO] Running ix.ibm.sonar.java.utils.JavaFinder_init_10344771911
[INFO] Tests run: 1, Failures: 0, Errors: 0, Skipped: 0, Time elapsed: 0.002 s -- in ix.ibm.sonar.java.utils.JavaFinder_init_10344771911
[INFO] Running ix.ibm.sonar.java.utils.JavaFinder_init_10344771910
[INFO] Tests run: 1, Failures: 0, Errors: 0, Skipped: 0, Time elapsed: 0.001 s -- in ix.ibm.sonar.java.utils.JavaFinder_init_10344771910
[INFO] Running ix.ibm.sonar.java.utils.LiteralConstants_init_4079956472
[INFO] Tests run: 1, Failures: 0, Errors: 0, Skipped: 0, Time elapsed: 0.001 s -- in ix.ibm.sonar.java.utils.LiteralConstants_init_4079956472
[INFO] Running ix.ibm.sonar.java.utils.WarningConstants_ESTest
[INFO] Tests run: 1, Failures: 0, Errors: 0, Skipped: 0, Time elapsed: 0.001 s -- in ix.ibm.sonar.java.utils.WarningConstants_ESTest
[INFO] Running ix.ibm.sonar.java.utils.MockChecker_init_4052172820
[INFO] Tests run: 1, Failures: 0, Errors: 0, Skipped: 0, Time elapsed: 0.002 s -- in ix.ibm.sonar.java.utils.MockChecker_init_4052172820
[INFO] Running ix.ibm.sonar.java.utils.MockChecker_init_4052172821
[INFO] Tests run: 1, Failures: 0, Errors: 0, Skipped: 0, Time elapsed: 0.001 s -- in ix.ibm.sonar.java.utils.MockChecker_init_4052172821
[INFO] Running ix.ibm.sonar.java.utils.Constants_ESTest
[INFO] Tests run: 1, Failures: 0, Errors: 0, Skipped: 0, Time elapsed: 0.001 s -- in ix.ibm.sonar.java.utils.Constants_ESTest
[INFO] Running ix.ibm.sonar.java.utils.LiteralConstants_isLiteralConstantAvailable_9719023653
[ERROR] Tests run: 1, Failures: 0, Errors: 1, Skipped: 0, Time elapsed: 0.008 s <<< FAILURE! -- in ix.ibm.sonar.java.utils.LiteralConstants_isLiteralConstantAvailable_9719023653
[ERROR] ix.ibm.sonar.java.utils.LiteralConstants_isLiteralConstantAvailable_9719023653.test -- Time elapsed: 0.005 s <<< ERROR!
java.lang.NullPointerException
	at java.base/java.util.ImmutableCollections$MapN.probe(ImmutableCollections.java:956)
	at java.base/java.util.ImmutableCollections$MapN.get(ImmutableCollections.java:876)
	at ix.ibm.sonar.java.utils.LiteralConstants.isLiteralConstantAvailable(LiteralConstants.java:440)
	at java.base/jdk.internal.reflect.NativeMethodAccessorImpl.invoke0(Native Method)
	at java.base/jdk.internal.reflect.NativeMethodAccessorImpl.invoke(NativeMethodAccessorImpl.java:62)
	at java.base/jdk.internal.reflect.DelegatingMethodAccessorImpl.invoke(DelegatingMethodAccessorImpl.java:43)
	at java.base/java.lang.reflect.Method.invoke(Method.java:566)
	at ix.ibm.sonar.java.utils.ReflectionUtils.callMethod(ReflectionUtils.java:328)
	at ix.ibm.sonar.java.utils.LiteralConstants_isLiteralConstantAvailable_9719023653.test(LiteralConstants_isLiteralConstantAvailable_9719023653.java:44)
	at java.base/java.lang.reflect.Method.invoke(Method.java:566)
	at java.base/java.util.concurrent.FutureTask.run(FutureTask.java:264)
	at java.base/java.lang.Thread.run(Thread.java:829)

[INFO] Running ix.ibm.sonar.java.RulesList_getChecks_20794066415
[INFO] Tests run: 1, Failures: 0, Errors: 0, Skipped: 0, Time elapsed: 0.001 s -- in ix.ibm.sonar.java.RulesList_getChecks_20794066415
[INFO] Running ix.ibm.sonar.java.RulesList_getChecks_20794066411
[INFO] Tests run: 1, Failures: 0, Errors: 0, Skipped: 0, Time elapsed: 0.003 s -- in ix.ibm.sonar.java.RulesList_getChecks_20794066411
[INFO] Running ix.ibm.sonar.java.RulesList_getJavaChecks_8220899676
[INFO] Tests run: 1, Failures: 0, Errors: 0, Skipped: 0, Time elapsed: 0.002 s -- in ix.ibm.sonar.java.RulesList_getJavaChecks_8220899676
[INFO] Running ix.ibm.sonar.java.RulesList_getJavaChecks_8220899672
[INFO] Tests run: 1, Failures: 0, Errors: 0, Skipped: 0, Time elapsed: 0.002 s -- in ix.ibm.sonar.java.RulesList_getJavaChecks_8220899672
[INFO] Running ix.ibm.sonar.java.RulesList_getJavaTestChecks_7577431653
[INFO] Tests run: 1, Failures: 0, Errors: 0, Skipped: 0, Time elapsed: 0.002 s -- in ix.ibm.sonar.java.RulesList_getJavaTestChecks_7577431653
[INFO] 
[INFO] Results:
[INFO] 
[ERROR] Errors: 
[ERROR]   LiteralConstants_isLiteralConstantAvailable_9719023653.test:44 » NullPointer
[INFO] 
[ERROR] Tests run: 38, Failures: 0, Errors: 1, Skipped: 0
[INFO] 
[ERROR] 

See /app/target/surefire-reports for the individual test results.
See dump files (if any exist) [date].dump, [date]-jvmRun[N].dump and [date].dumpstream.
[INFO] 
[INFO] --- jacoco-maven-plugin:0.8.11:report (report) @ ibmix-aem-sonar-rules ---
[INFO] Loading execution data file /app/target/jacoco.exec
[INFO] Analyzed bundle 'IBM iX AEM Sonar rules' with 47 classes
[INFO] 
[INFO] --- jacoco-maven-plugin:0.8.11:report (default-cli) @ ibmix-aem-sonar-rules ---
[INFO] Loading execution data file /app/target/jacoco.exec
[INFO] Analyzed bundle 'IBM iX AEM Sonar rules' with 47 classes
[INFO] ------------------------------------------------------------------------
[INFO] BUILD SUCCESS
[INFO] ------------------------------------------------------------------------
[INFO] Total time:  28.766 s
[INFO] Finished at: 2026-04-08T05:24:03Z
[INFO] ------------------------------------------------------------------------
