[INFO] Scanning for projects...
[INFO] 
[INFO] ------------------------< com.app:sample-room >-------------------------
[INFO] Building sample-room 0.0.1-SNAPSHOT
[INFO] --------------------------------[ jar ]---------------------------------
[INFO] 
[INFO] --- maven-clean-plugin:3.1.0:clean (default-clean) @ sample-room ---
[INFO] Deleting /app/target
[INFO] 
[INFO] --- jacoco-maven-plugin:0.8.11:prepare-agent (default) @ sample-room ---
[INFO] argLine set to -javaagent:/root/.m2/repository/org/jacoco/org.jacoco.agent/0.8.11/org.jacoco.agent-0.8.11-runtime.jar=destfile=/app/target/jacoco.exec
[INFO] 
[INFO] --- maven-resources-plugin:3.2.0:resources (default-resources) @ sample-room ---
[INFO] Using 'UTF-8' encoding to copy filtered resources.
[INFO] Using 'UTF-8' encoding to copy filtered properties files.
[INFO] Copying 1 resource
[INFO] Copying 0 resource
[INFO] 
[INFO] --- maven-compiler-plugin:3.8.1:compile (default-compile) @ sample-room ---
[INFO] Changes detected - recompiling the module!
[INFO] Compiling 7 source files to /app/target/classes
[INFO] /app/src/main/java/com/app/sr/util/model/ApiResponse.java: /app/src/main/java/com/app/sr/util/model/ApiResponse.java uses unchecked or unsafe operations.
[INFO] /app/src/main/java/com/app/sr/util/model/ApiResponse.java: Recompile with -Xlint:unchecked for details.
[INFO] 
[INFO] --- build-helper-maven-plugin:3.3.0:add-test-source (add-kex-test-source) @ sample-room ---
[INFO] Test Source directory: /app/src/test/java/kex-tests added.
[INFO] 
[INFO] --- maven-resources-plugin:3.2.0:testResources (default-testResources) @ sample-room ---
[INFO] Using 'UTF-8' encoding to copy filtered resources.
[INFO] Using 'UTF-8' encoding to copy filtered properties files.
[INFO] skip non existing resourceDirectory /app/src/test/resources
[INFO] 
[INFO] --- maven-compiler-plugin:3.8.1:testCompile (default-testCompile) @ sample-room ---
[INFO] Changes detected - recompiling the module!
[INFO] Compiling 51 source files to /app/target/test-classes
[WARNING] /app/src/test/java/kex-tests/tests/com/app/sr/controller/ReflectionUtils.java:[9,16] sun.misc.Unsafe is internal proprietary API and may be removed in a future release
[WARNING] /app/src/test/java/kex-tests/tests/com/app/sr/entity/ReflectionUtils.java:[9,16] sun.misc.Unsafe is internal proprietary API and may be removed in a future release
[WARNING] /app/src/test/java/kex-tests/tests/com/app/sr/util/model/ReflectionUtils.java:[9,16] sun.misc.Unsafe is internal proprietary API and may be removed in a future release
[WARNING] /app/src/test/java/kex-tests/tests/com/app/sr/ReflectionUtils.java:[9,16] sun.misc.Unsafe is internal proprietary API and may be removed in a future release
[WARNING] /app/src/test/java/kex-tests/tests/com/app/sr/controller/ReflectionUtils.java:[9,16] sun.misc.Unsafe is internal proprietary API and may be removed in a future release
[WARNING] /app/src/test/java/kex-tests/tests/com/app/sr/entity/ReflectionUtils.java:[9,16] sun.misc.Unsafe is internal proprietary API and may be removed in a future release
[WARNING] /app/src/test/java/kex-tests/tests/com/app/sr/util/model/ReflectionUtils.java:[9,16] sun.misc.Unsafe is internal proprietary API and may be removed in a future release
[WARNING] /app/src/test/java/kex-tests/tests/com/app/sr/ReflectionUtils.java:[9,16] sun.misc.Unsafe is internal proprietary API and may be removed in a future release
[WARNING] /app/src/test/java/kex-tests/tests/com/app/sr/controller/ReflectionUtils.java:[9,16] sun.misc.Unsafe is internal proprietary API and may be removed in a future release
[WARNING] /app/src/test/java/kex-tests/tests/com/app/sr/entity/ReflectionUtils.java:[9,16] sun.misc.Unsafe is internal proprietary API and may be removed in a future release
[WARNING] /app/src/test/java/kex-tests/tests/com/app/sr/util/model/ReflectionUtils.java:[9,16] sun.misc.Unsafe is internal proprietary API and may be removed in a future release
[WARNING] /app/src/test/java/kex-tests/tests/com/app/sr/ReflectionUtils.java:[9,16] sun.misc.Unsafe is internal proprietary API and may be removed in a future release
[WARNING] /app/src/test/java/kex-tests/tests/com/app/sr/controller/ReflectionUtils.java:[9,16] sun.misc.Unsafe is internal proprietary API and may be removed in a future release
[WARNING] /app/src/test/java/kex-tests/tests/com/app/sr/entity/ReflectionUtils.java:[9,16] sun.misc.Unsafe is internal proprietary API and may be removed in a future release
[WARNING] /app/src/test/java/kex-tests/tests/com/app/sr/util/model/ReflectionUtils.java:[9,16] sun.misc.Unsafe is internal proprietary API and may be removed in a future release
[WARNING] /app/src/test/java/kex-tests/tests/com/app/sr/ReflectionUtils.java:[9,16] sun.misc.Unsafe is internal proprietary API and may be removed in a future release
[WARNING] /app/src/test/java/kex-tests/tests/com/app/sr/controller/ReflectionUtils.java:[9,16] sun.misc.Unsafe is internal proprietary API and may be removed in a future release
[WARNING] /app/src/test/java/kex-tests/tests/com/app/sr/entity/ReflectionUtils.java:[9,16] sun.misc.Unsafe is internal proprietary API and may be removed in a future release
[WARNING] /app/src/test/java/kex-tests/tests/com/app/sr/util/model/ReflectionUtils.java:[9,16] sun.misc.Unsafe is internal proprietary API and may be removed in a future release
[WARNING] /app/src/test/java/kex-tests/tests/com/app/sr/ReflectionUtils.java:[9,16] sun.misc.Unsafe is internal proprietary API and may be removed in a future release
[WARNING] /app/src/test/java/kex-tests/tests/com/app/sr/controller/ReflectionUtils.java:[13,25] sun.misc.Unsafe is internal proprietary API and may be removed in a future release
[WARNING] /app/src/test/java/kex-tests/tests/com/app/sr/controller/ReflectionUtils.java:[13,25] sun.misc.Unsafe is internal proprietary API and may be removed in a future release
[WARNING] /app/src/test/java/kex-tests/tests/com/app/sr/controller/ReflectionUtils.java:[13,25] sun.misc.Unsafe is internal proprietary API and may be removed in a future release
[WARNING] /app/src/test/java/kex-tests/tests/com/app/sr/controller/ReflectionUtils.java:[13,25] sun.misc.Unsafe is internal proprietary API and may be removed in a future release
[WARNING] /app/src/test/java/kex-tests/tests/com/app/sr/controller/ReflectionUtils.java:[13,25] sun.misc.Unsafe is internal proprietary API and may be removed in a future release
[WARNING] /app/src/test/java/kex-tests/tests/com/app/sr/controller/ReflectionUtils.java:[17,31] sun.misc.Unsafe is internal proprietary API and may be removed in a future release
[WARNING] /app/src/test/java/kex-tests/tests/com/app/sr/controller/ReflectionUtils.java:[19,23] sun.misc.Unsafe is internal proprietary API and may be removed in a future release
[WARNING] /app/src/test/java/kex-tests/tests/com/app/sr/entity/ReflectionUtils.java:[13,25] sun.misc.Unsafe is internal proprietary API and may be removed in a future release
[WARNING] /app/src/test/java/kex-tests/tests/com/app/sr/entity/ReflectionUtils.java:[13,25] sun.misc.Unsafe is internal proprietary API and may be removed in a future release
[WARNING] /app/src/test/java/kex-tests/tests/com/app/sr/entity/ReflectionUtils.java:[13,25] sun.misc.Unsafe is internal proprietary API and may be removed in a future release
[WARNING] /app/src/test/java/kex-tests/tests/com/app/sr/entity/ReflectionUtils.java:[13,25] sun.misc.Unsafe is internal proprietary API and may be removed in a future release
[WARNING] /app/src/test/java/kex-tests/tests/com/app/sr/entity/ReflectionUtils.java:[13,25] sun.misc.Unsafe is internal proprietary API and may be removed in a future release
[WARNING] /app/src/test/java/kex-tests/tests/com/app/sr/entity/ReflectionUtils.java:[17,31] sun.misc.Unsafe is internal proprietary API and may be removed in a future release
[WARNING] /app/src/test/java/kex-tests/tests/com/app/sr/entity/ReflectionUtils.java:[19,23] sun.misc.Unsafe is internal proprietary API and may be removed in a future release
[WARNING] /app/src/test/java/kex-tests/tests/com/app/sr/util/model/ReflectionUtils.java:[13,25] sun.misc.Unsafe is internal proprietary API and may be removed in a future release
[WARNING] /app/src/test/java/kex-tests/tests/com/app/sr/util/model/ReflectionUtils.java:[13,25] sun.misc.Unsafe is internal proprietary API and may be removed in a future release
[WARNING] /app/src/test/java/kex-tests/tests/com/app/sr/util/model/ReflectionUtils.java:[13,25] sun.misc.Unsafe is internal proprietary API and may be removed in a future release
[WARNING] /app/src/test/java/kex-tests/tests/com/app/sr/util/model/ReflectionUtils.java:[13,25] sun.misc.Unsafe is internal proprietary API and may be removed in a future release
[WARNING] /app/src/test/java/kex-tests/tests/com/app/sr/util/model/ReflectionUtils.java:[13,25] sun.misc.Unsafe is internal proprietary API and may be removed in a future release
[WARNING] /app/src/test/java/kex-tests/tests/com/app/sr/util/model/ReflectionUtils.java:[17,31] sun.misc.Unsafe is internal proprietary API and may be removed in a future release
[WARNING] /app/src/test/java/kex-tests/tests/com/app/sr/util/model/ReflectionUtils.java:[19,23] sun.misc.Unsafe is internal proprietary API and may be removed in a future release
[WARNING] /app/src/test/java/kex-tests/tests/com/app/sr/ReflectionUtils.java:[13,25] sun.misc.Unsafe is internal proprietary API and may be removed in a future release
[WARNING] /app/src/test/java/kex-tests/tests/com/app/sr/ReflectionUtils.java:[13,25] sun.misc.Unsafe is internal proprietary API and may be removed in a future release
[WARNING] /app/src/test/java/kex-tests/tests/com/app/sr/ReflectionUtils.java:[13,25] sun.misc.Unsafe is internal proprietary API and may be removed in a future release
[WARNING] /app/src/test/java/kex-tests/tests/com/app/sr/ReflectionUtils.java:[13,25] sun.misc.Unsafe is internal proprietary API and may be removed in a future release
[WARNING] /app/src/test/java/kex-tests/tests/com/app/sr/ReflectionUtils.java:[13,25] sun.misc.Unsafe is internal proprietary API and may be removed in a future release
[WARNING] /app/src/test/java/kex-tests/tests/com/app/sr/ReflectionUtils.java:[17,31] sun.misc.Unsafe is internal proprietary API and may be removed in a future release
[WARNING] /app/src/test/java/kex-tests/tests/com/app/sr/ReflectionUtils.java:[19,23] sun.misc.Unsafe is internal proprietary API and may be removed in a future release
[INFO] /app/src/test/java/kex-tests/tests/com/app/sr/entity/Customer_getContactNumber_12617576975.java: Some input files use or override a deprecated API.
[INFO] /app/src/test/java/kex-tests/tests/com/app/sr/entity/Customer_getContactNumber_12617576975.java: Recompile with -Xlint:deprecation for details.
[INFO] 
[INFO] --- maven-surefire-plugin:2.22.2:test (default-test) @ sample-room ---
[INFO] 
[INFO] -------------------------------------------------------
[INFO]  T E S T S
[INFO] -------------------------------------------------------
[INFO] Running com.app.sr.entity.Customer_getContactNumber_126175769720
[INFO] Tests run: 1, Failures: 0, Errors: 0, Skipped: 0, Time elapsed: 0.012 s - in com.app.sr.entity.Customer_getContactNumber_126175769720
[INFO] Running com.app.sr.entity.Customer_canEqual_32804480412
[INFO] Tests run: 1, Failures: 0, Errors: 0, Skipped: 0, Time elapsed: 0 s - in com.app.sr.entity.Customer_canEqual_32804480412
[INFO] Running com.app.sr.entity.Customer_setContactNumber_17868230310
[INFO] Tests run: 1, Failures: 0, Errors: 0, Skipped: 0, Time elapsed: 0 s - in com.app.sr.entity.Customer_setContactNumber_17868230310
[INFO] Running com.app.sr.entity.Customer_init_165785764715
[INFO] Tests run: 1, Failures: 0, Errors: 0, Skipped: 0, Time elapsed: 0.001 s - in com.app.sr.entity.Customer_init_165785764715
[INFO] Running com.app.sr.entity.Customer_setEmail_59645041224
[INFO] Tests run: 1, Failures: 0, Errors: 0, Skipped: 0, Time elapsed: 0 s - in com.app.sr.entity.Customer_setEmail_59645041224
[INFO] Running com.app.sr.entity.Customer_toString_209165379829
[INFO] Tests run: 1, Failures: 0, Errors: 0, Skipped: 0, Time elapsed: 0.002 s - in com.app.sr.entity.Customer_toString_209165379829
[INFO] Running com.app.sr.entity.Customer_getEmail_1727819964
[INFO] Tests run: 1, Failures: 0, Errors: 0, Skipped: 0, Time elapsed: 0 s - in com.app.sr.entity.Customer_getEmail_1727819964
[INFO] Running com.app.sr.entity.Customer_setEmail_5964504129
[INFO] Tests run: 1, Failures: 0, Errors: 0, Skipped: 0, Time elapsed: 0 s - in com.app.sr.entity.Customer_setEmail_5964504129
[INFO] Running com.app.sr.entity.Customer_getFirstName_140582826917
[INFO] Tests run: 1, Failures: 0, Errors: 0, Skipped: 0, Time elapsed: 0 s - in com.app.sr.entity.Customer_getFirstName_140582826917
[INFO] Running com.app.sr.entity.Customer_getLastName_190951830918
[INFO] Tests run: 1, Failures: 0, Errors: 0, Skipped: 0, Time elapsed: 0.001 s - in com.app.sr.entity.Customer_getLastName_190951830918
[INFO] Running com.app.sr.entity.Customer_hashCode_158089410813
[INFO] Tests run: 1, Failures: 0, Errors: 0, Skipped: 0, Time elapsed: 0 s - in com.app.sr.entity.Customer_hashCode_158089410813
[INFO] Running com.app.sr.entity.Customer_getEmail_17278199619
[INFO] Tests run: 1, Failures: 0, Errors: 0, Skipped: 0, Time elapsed: 0 s - in com.app.sr.entity.Customer_getEmail_17278199619
[INFO] Running com.app.sr.entity.Customer_getId_165572296616
[INFO] Tests run: 1, Failures: 0, Errors: 0, Skipped: 0, Time elapsed: 0 s - in com.app.sr.entity.Customer_getId_165572296616
[INFO] Running com.app.sr.entity.Customer_toString_209165379814
[INFO] Tests run: 1, Failures: 0, Errors: 0, Skipped: 0, Time elapsed: 0 s - in com.app.sr.entity.Customer_toString_209165379814
[INFO] Running com.app.sr.entity.Customer_setFirstName_124307082922
[INFO] Tests run: 1, Failures: 0, Errors: 0, Skipped: 0, Time elapsed: 0.001 s - in com.app.sr.entity.Customer_setFirstName_124307082922
[INFO] Running com.app.sr.entity.Customer_getFirstName_14058282692
[INFO] Tests run: 1, Failures: 0, Errors: 0, Skipped: 0, Time elapsed: 0.001 s - in com.app.sr.entity.Customer_getFirstName_14058282692
[INFO] Running com.app.sr.entity.Customer_setFirstName_12430708297
[INFO] Tests run: 1, Failures: 0, Errors: 0, Skipped: 0, Time elapsed: 0 s - in com.app.sr.entity.Customer_setFirstName_12430708297
[INFO] Running com.app.sr.entity.Customer_canEqual_32804480427
[INFO] Tests run: 1, Failures: 0, Errors: 0, Skipped: 0, Time elapsed: 0 s - in com.app.sr.entity.Customer_canEqual_32804480427
[INFO] Running com.app.sr.entity.Customer_getId_16557229661
[INFO] Tests run: 1, Failures: 0, Errors: 0, Skipped: 0, Time elapsed: 0 s - in com.app.sr.entity.Customer_getId_16557229661
[INFO] Running com.app.sr.entity.Customer_equals_113220743326
[INFO] Tests run: 1, Failures: 0, Errors: 0, Skipped: 0, Time elapsed: 0 s - in com.app.sr.entity.Customer_equals_113220743326
[INFO] Running com.app.sr.entity.Customer_setLastName_3231758698
[INFO] Tests run: 1, Failures: 0, Errors: 0, Skipped: 0, Time elapsed: 0 s - in com.app.sr.entity.Customer_setLastName_3231758698
[INFO] Running com.app.sr.entity.Customer_hashCode_158089410828
[INFO] Tests run: 1, Failures: 0, Errors: 0, Skipped: 0, Time elapsed: 0 s - in com.app.sr.entity.Customer_hashCode_158089410828
[INFO] Running com.app.sr.entity.Customer_init_16578576470
[INFO] Tests run: 1, Failures: 0, Errors: 0, Skipped: 0, Time elapsed: 0 s - in com.app.sr.entity.Customer_init_16578576470
[INFO] Running com.app.sr.entity.Customer_equals_113220743311
[INFO] Tests run: 1, Failures: 0, Errors: 0, Skipped: 0, Time elapsed: 0 s - in com.app.sr.entity.Customer_equals_113220743311
[INFO] Running com.app.sr.entity.Customer_getLastName_19095183093
[INFO] Tests run: 1, Failures: 0, Errors: 0, Skipped: 0, Time elapsed: 0 s - in com.app.sr.entity.Customer_getLastName_19095183093
[INFO] Running com.app.sr.entity.Customer_getContactNumber_12617576975
[INFO] Tests run: 1, Failures: 0, Errors: 0, Skipped: 0, Time elapsed: 0 s - in com.app.sr.entity.Customer_getContactNumber_12617576975
[INFO] Running com.app.sr.entity.Customer_setLastName_32317586923
[INFO] Tests run: 1, Failures: 0, Errors: 0, Skipped: 0, Time elapsed: 0 s - in com.app.sr.entity.Customer_setLastName_32317586923
[INFO] Running com.app.sr.entity.Customer_setContactNumber_17868230325
[INFO] Tests run: 1, Failures: 0, Errors: 0, Skipped: 0, Time elapsed: 0 s - in com.app.sr.entity.Customer_setContactNumber_17868230325
[INFO] Running com.app.sr.entity.Customer_setId_20857647246
[INFO] Tests run: 1, Failures: 0, Errors: 0, Skipped: 0, Time elapsed: 0.001 s - in com.app.sr.entity.Customer_setId_20857647246
[INFO] Running com.app.sr.entity.Customer_setId_208576472421
[INFO] Tests run: 1, Failures: 0, Errors: 0, Skipped: 0, Time elapsed: 0 s - in com.app.sr.entity.Customer_setId_208576472421
[INFO] Running com.app.sr.SampleRoomApplication_main_8183888143
[ERROR] Tests run: 1, Failures: 0, Errors: 1, Skipped: 0, Time elapsed: 0.216 s <<< FAILURE! - in com.app.sr.SampleRoomApplication_main_8183888143
[ERROR] test  Time elapsed: 0.216 s  <<< ERROR!
java.lang.IllegalArgumentException: Args must not be null
	at com.app.sr.SampleRoomApplication_main_8183888143.test(SampleRoomApplication_main_8183888143.java:44)

[INFO] Running com.app.sr.controller.CustomerController_init_12763215631
[INFO] Tests run: 1, Failures: 0, Errors: 0, Skipped: 0, Time elapsed: 0.001 s - in com.app.sr.controller.CustomerController_init_12763215631
[INFO] Running com.app.sr.controller.CustomerController_init_12763215630
[INFO] Tests run: 1, Failures: 0, Errors: 0, Skipped: 0, Time elapsed: 0.001 s - in com.app.sr.controller.CustomerController_init_12763215630
[INFO] Running com.app.sr.SampleRoomApplication_init_4418258100
[INFO] Tests run: 1, Failures: 0, Errors: 0, Skipped: 0, Time elapsed: 0 s - in com.app.sr.SampleRoomApplication_init_4418258100
[INFO] Running com.app.sr.util.model.ResponseBuilder_init_3359981981
[INFO] Tests run: 1, Failures: 0, Errors: 0, Skipped: 0, Time elapsed: 0.001 s - in com.app.sr.util.model.ResponseBuilder_init_3359981981
[INFO] Running com.app.sr.util.model.ResponseBuilder_init_3359981980
[INFO] Tests run: 1, Failures: 0, Errors: 0, Skipped: 0, Time elapsed: 0.001 s - in com.app.sr.util.model.ResponseBuilder_init_3359981980
[INFO] Running com.app.sr.util.model.ApiResponse_ApiResponseBuilder_init_3607078640
[INFO] Tests run: 1, Failures: 0, Errors: 0, Skipped: 0, Time elapsed: 0.012 s - in com.app.sr.util.model.ApiResponse_ApiResponseBuilder_init_3607078640
[INFO] Running com.app.sr.util.model.ApiResponse_init_18992320991
[ERROR] Tests run: 1, Failures: 0, Errors: 1, Skipped: 0, Time elapsed: 0 s <<< FAILURE! - in com.app.sr.util.model.ApiResponse_init_18992320991
[ERROR] test  Time elapsed: 0 s  <<< ERROR!
java.lang.reflect.InvocationTargetException
	at com.app.sr.util.model.ApiResponse_init_18992320991.test(ApiResponse_init_18992320991.java:42)
Caused by: java.lang.NullPointerException
	at com.app.sr.util.model.ApiResponse_init_18992320991.test(ApiResponse_init_18992320991.java:42)

[INFO] Running com.app.sr.util.model.ApiResponse_init_18992320990
[ERROR] Tests run: 1, Failures: 0, Errors: 1, Skipped: 0, Time elapsed: 0 s <<< FAILURE! - in com.app.sr.util.model.ApiResponse_init_18992320990
[ERROR] test  Time elapsed: 0 s  <<< ERROR!
java.lang.reflect.InvocationTargetException
	at com.app.sr.util.model.ApiResponse_init_18992320990.test(ApiResponse_init_18992320990.java:42)
Caused by: java.lang.NullPointerException
	at com.app.sr.util.model.ApiResponse_init_18992320990.test(ApiResponse_init_18992320990.java:42)

[INFO] Running com.app.sr.util.model.ApiResponse_ApiResponseBuilder_init_3607078641
[INFO] Tests run: 1, Failures: 0, Errors: 0, Skipped: 0, Time elapsed: 0 s - in com.app.sr.util.model.ApiResponse_ApiResponseBuilder_init_3607078641
[INFO] Running com.app.sr.SampleRoomApplication_init_4418258102
[INFO] Tests run: 1, Failures: 0, Errors: 0, Skipped: 0, Time elapsed: 0 s - in com.app.sr.SampleRoomApplication_init_4418258102
[INFO] Running com.app.sr.SampleRoomApplication_main_8183888141

  .   ____          _            __ _ _
 /\\ / ___'_ __ _ _(_)_ __  __ _ \ \ \ \
( ( )\___ | '_ | '_| | '_ \/ _` | \ \ \ \
 \\/  ___)| |_)| | | | | || (_| |  ) ) ) )
  '  |____| .__|_| |_|_| |_\__, | / / / /
 =========|_|==============|___/=/_/_/_/
 :: Spring Boot ::                (v2.5.5)

2026-04-09 15:33:36.411  INFO 70 --- [me-limited test] com.app.sr.SampleRoomApplication         : Starting SampleRoomApplication using Java 11.0.16 on 1308de9203f1 with PID 70 (started by root in /app)
2026-04-09 15:33:36.413  INFO 70 --- [me-limited test] com.app.sr.SampleRoomApplication         : No active profile set, falling back to default profiles: default
2026-04-09 15:33:37.234  INFO 70 --- [me-limited test] .s.d.r.c.RepositoryConfigurationDelegate : Bootstrapping Spring Data JPA repositories in DEFAULT mode.
2026-04-09 15:33:37.284  INFO 70 --- [me-limited test] .s.d.r.c.RepositoryConfigurationDelegate : Finished Spring Data repository scanning in 42 ms. Found 1 JPA repository interfaces.
2026-04-09 15:33:37.836  INFO 70 --- [me-limited test] o.s.b.w.embedded.tomcat.TomcatWebServer  : Tomcat initialized with port(s): 8090 (http)
2026-04-09 15:33:37.848  INFO 70 --- [me-limited test] o.apache.catalina.core.StandardService   : Starting service [Tomcat]
2026-04-09 15:33:37.849  INFO 70 --- [me-limited test] org.apache.catalina.core.StandardEngine  : Starting Servlet engine: [Apache Tomcat/9.0.53]
2026-04-09 15:33:37.944  INFO 70 --- [me-limited test] o.a.c.c.C.[Tomcat].[localhost].[/]       : Initializing Spring embedded WebApplicationContext
2026-04-09 15:33:37.944  INFO 70 --- [me-limited test] w.s.c.ServletWebServerApplicationContext : Root WebApplicationContext: initialization completed in 1478 ms
2026-04-09 15:33:38.247  INFO 70 --- [me-limited test] com.zaxxer.hikari.HikariDataSource       : HikariPool-1 - Starting...
2026-04-09 15:33:38.483  INFO 70 --- [me-limited test] com.zaxxer.hikari.HikariDataSource       : HikariPool-1 - Start completed.
2026-04-09 15:33:38.569  INFO 70 --- [me-limited test] o.hibernate.jpa.internal.util.LogHelper  : HHH000204: Processing PersistenceUnitInfo [name: default]
2026-04-09 15:33:38.636  INFO 70 --- [me-limited test] org.hibernate.Version                    : HHH000412: Hibernate ORM core version 5.4.32.Final
2026-04-09 15:33:38.769  INFO 70 --- [me-limited test] o.hibernate.annotations.common.Version   : HCANN000001: Hibernate Commons Annotations {5.1.2.Final}
2026-04-09 15:33:38.906  INFO 70 --- [me-limited test] org.hibernate.dialect.Dialect            : HHH000400: Using dialect: org.hibernate.dialect.H2Dialect
2026-04-09 15:33:39.509  INFO 70 --- [me-limited test] o.h.e.t.j.p.i.JtaPlatformInitiator       : HHH000490: Using JtaPlatform implementation: [org.hibernate.engine.transaction.jta.platform.internal.NoJtaPlatform]
2026-04-09 15:33:39.517  INFO 70 --- [me-limited test] j.LocalContainerEntityManagerFactoryBean : Initialized JPA EntityManagerFactory for persistence unit 'default'
2026-04-09 15:33:39.779  WARN 70 --- [me-limited test] JpaBaseConfiguration$JpaWebConfiguration : spring.jpa.open-in-view is enabled by default. Therefore, database queries may be performed during view rendering. Explicitly configure spring.jpa.open-in-view to disable this warning
2026-04-09 15:33:40.144  INFO 70 --- [me-limited test] o.s.b.a.e.web.EndpointLinksResolver      : Exposing 1 endpoint(s) beneath base path '/actuator'
2026-04-09 15:33:40.176  INFO 70 --- [me-limited test] o.s.b.w.embedded.tomcat.TomcatWebServer  : Tomcat started on port(s): 8090 (http) with context path ''
2026-04-09 15:33:40.186  INFO 70 --- [me-limited test] com.app.sr.SampleRoomApplication         : Started SampleRoomApplication in 4.253 seconds (JVM running for 5.28)
[INFO] Tests run: 1, Failures: 0, Errors: 0, Skipped: 0, Time elapsed: 4.288 s - in com.app.sr.SampleRoomApplication_main_8183888141
[INFO] Running com.app.sr.SampleRoomApplicationTests
2026-04-09 15:33:40.270  INFO 70 --- [           main] .b.t.c.SpringBootTestContextBootstrapper : Neither @ContextConfiguration nor @ContextHierarchy found for test class [com.app.sr.SampleRoomApplicationTests], using SpringBootContextLoader
2026-04-09 15:33:40.271  INFO 70 --- [           main] o.s.t.c.support.AbstractContextLoader    : Could not detect default resource locations for test class [com.app.sr.SampleRoomApplicationTests]: no resource found for suffixes {-context.xml, Context.groovy}.
2026-04-09 15:33:40.271  INFO 70 --- [           main] t.c.s.AnnotationConfigContextLoaderUtils : Could not detect default configuration classes for test class [com.app.sr.SampleRoomApplicationTests]: SampleRoomApplicationTests does not declare any static, non-private, non-final, nested classes annotated with @Configuration.
2026-04-09 15:33:40.293  INFO 70 --- [           main] .b.t.c.SpringBootTestContextBootstrapper : Found @SpringBootConfiguration com.app.sr.SampleRoomApplication for test class com.app.sr.SampleRoomApplicationTests
2026-04-09 15:33:40.297  INFO 70 --- [           main] .b.t.c.SpringBootTestContextBootstrapper : Loaded default TestExecutionListener class names from location [META-INF/spring.factories]: [org.springframework.boot.test.mock.mockito.MockitoTestExecutionListener, org.springframework.boot.test.mock.mockito.ResetMocksTestExecutionListener, org.springframework.boot.test.autoconfigure.restdocs.RestDocsTestExecutionListener, org.springframework.boot.test.autoconfigure.web.client.MockRestServiceServerResetTestExecutionListener, org.springframework.boot.test.autoconfigure.web.servlet.MockMvcPrintOnlyOnFailureTestExecutionListener, org.springframework.boot.test.autoconfigure.web.servlet.WebDriverTestExecutionListener, org.springframework.boot.test.autoconfigure.webservices.client.MockWebServiceServerTestExecutionListener, org.springframework.test.context.web.ServletTestExecutionListener, org.springframework.test.context.support.DirtiesContextBeforeModesTestExecutionListener, org.springframework.test.context.event.ApplicationEventsTestExecutionListener, org.springframework.test.context.support.DependencyInjectionTestExecutionListener, org.springframework.test.context.support.DirtiesContextTestExecutionListener, org.springframework.test.context.transaction.TransactionalTestExecutionListener, org.springframework.test.context.jdbc.SqlScriptsTestExecutionListener, org.springframework.test.context.event.EventPublishingTestExecutionListener]
2026-04-09 15:33:40.305  INFO 70 --- [           main] .b.t.c.SpringBootTestContextBootstrapper : Using TestExecutionListeners: [org.springframework.test.context.web.ServletTestExecutionListener@65d8dff8, org.springframework.test.context.support.DirtiesContextBeforeModesTestExecutionListener@444f44c5, org.springframework.test.context.event.ApplicationEventsTestExecutionListener@303f1234, org.springframework.boot.test.mock.mockito.MockitoTestExecutionListener@24d61e4, org.springframework.boot.test.autoconfigure.SpringBootDependencyInjectionTestExecutionListener@2149594a, org.springframework.test.context.support.DirtiesContextTestExecutionListener@1f1e58ca, org.springframework.test.context.transaction.TransactionalTestExecutionListener@57f847af, org.springframework.test.context.jdbc.SqlScriptsTestExecutionListener@3ed34ef5, org.springframework.test.context.event.EventPublishingTestExecutionListener@553bc36c, org.springframework.boot.test.mock.mockito.ResetMocksTestExecutionListener@380e1909, org.springframework.boot.test.autoconfigure.restdocs.RestDocsTestExecutionListener@2d5ef498, org.springframework.boot.test.autoconfigure.web.client.MockRestServiceServerResetTestExecutionListener@95eb320, org.springframework.boot.test.autoconfigure.web.servlet.MockMvcPrintOnlyOnFailureTestExecutionListener@2f521c4, org.springframework.boot.test.autoconfigure.web.servlet.WebDriverTestExecutionListener@4afbb6c2, org.springframework.boot.test.autoconfigure.webservices.client.MockWebServiceServerTestExecutionListener@10db6131]

  .   ____          _            __ _ _
 /\\ / ___'_ __ _ _(_)_ __  __ _ \ \ \ \
( ( )\___ | '_ | '_| | '_ \/ _` | \ \ \ \
 \\/  ___)| |_)| | | | | || (_| |  ) ) ) )
  '  |____| .__|_| |_|_| |_\__, | / / / /
 =========|_|==============|___/=/_/_/_/
 :: Spring Boot ::                (v2.5.5)

2026-04-09 15:33:40.341  INFO 70 --- [           main] com.app.sr.SampleRoomApplicationTests    : Starting SampleRoomApplicationTests using Java 11.0.16 on 1308de9203f1 with PID 70 (started by root in /app)
2026-04-09 15:33:40.341  INFO 70 --- [           main] com.app.sr.SampleRoomApplicationTests    : No active profile set, falling back to default profiles: default
2026-04-09 15:33:40.495  INFO 70 --- [           main] .s.d.r.c.RepositoryConfigurationDelegate : Bootstrapping Spring Data JPA repositories in DEFAULT mode.
2026-04-09 15:33:40.502  INFO 70 --- [           main] .s.d.r.c.RepositoryConfigurationDelegate : Finished Spring Data repository scanning in 7 ms. Found 1 JPA repository interfaces.
2026-04-09 15:33:40.603  INFO 70 --- [           main] com.zaxxer.hikari.HikariDataSource       : HikariPool-2 - Starting...
2026-04-09 15:33:40.605  INFO 70 --- [           main] com.zaxxer.hikari.HikariDataSource       : HikariPool-2 - Start completed.
2026-04-09 15:33:40.615  INFO 70 --- [           main] o.hibernate.jpa.internal.util.LogHelper  : HHH000204: Processing PersistenceUnitInfo [name: default]
2026-04-09 15:33:40.618  INFO 70 --- [           main] org.hibernate.dialect.Dialect            : HHH000400: Using dialect: org.hibernate.dialect.H2Dialect
2026-04-09 15:33:40.645  INFO 70 --- [           main] o.h.e.t.j.p.i.JtaPlatformInitiator       : HHH000490: Using JtaPlatform implementation: [org.hibernate.engine.transaction.jta.platform.internal.NoJtaPlatform]
2026-04-09 15:33:40.645  INFO 70 --- [           main] j.LocalContainerEntityManagerFactoryBean : Initialized JPA EntityManagerFactory for persistence unit 'default'
2026-04-09 15:33:40.774  WARN 70 --- [           main] JpaBaseConfiguration$JpaWebConfiguration : spring.jpa.open-in-view is enabled by default. Therefore, database queries may be performed during view rendering. Explicitly configure spring.jpa.open-in-view to disable this warning
2026-04-09 15:33:41.030  INFO 70 --- [           main] o.s.b.a.e.web.EndpointLinksResolver      : Exposing 1 endpoint(s) beneath base path '/actuator'
2026-04-09 15:33:41.050  INFO 70 --- [           main] com.app.sr.SampleRoomApplicationTests    : Started SampleRoomApplicationTests in 0.732 seconds (JVM running for 6.144)
[INFO] Tests run: 1, Failures: 0, Errors: 0, Skipped: 0, Time elapsed: 0.893 s - in com.app.sr.SampleRoomApplicationTests
2026-04-09 15:33:41.264  INFO 70 --- [ionShutdownHook] j.LocalContainerEntityManagerFactoryBean : Closing JPA EntityManagerFactory for persistence unit 'default'
2026-04-09 15:33:41.265  INFO 70 --- [ionShutdownHook] .SchemaDropperImpl$DelayedDropActionImpl : HHH000477: Starting delayed evictData of schema as part of SessionFactory shut-down'
2026-04-09 15:33:41.271  INFO 70 --- [ionShutdownHook] com.zaxxer.hikari.HikariDataSource       : HikariPool-1 - Shutdown initiated...
2026-04-09 15:33:41.273  INFO 70 --- [ionShutdownHook] com.zaxxer.hikari.HikariDataSource       : HikariPool-1 - Shutdown completed.
2026-04-09 15:33:41.277  INFO 70 --- [ionShutdownHook] j.LocalContainerEntityManagerFactoryBean : Closing JPA EntityManagerFactory for persistence unit 'default'
2026-04-09 15:33:41.278  INFO 70 --- [ionShutdownHook] .SchemaDropperImpl$DelayedDropActionImpl : HHH000477: Starting delayed evictData of schema as part of SessionFactory shut-down'
2026-04-09 15:33:41.280  INFO 70 --- [ionShutdownHook] com.zaxxer.hikari.HikariDataSource       : HikariPool-2 - Shutdown initiated...
2026-04-09 15:33:41.282  INFO 70 --- [ionShutdownHook] com.zaxxer.hikari.HikariDataSource       : HikariPool-2 - Shutdown completed.
[INFO] 
[INFO] Results:
[INFO] 
[ERROR] Errors: 
[ERROR]   SampleRoomApplication_main_8183888143.test:44 » IllegalArgument Args must not ...
[ERROR]   ApiResponse_init_18992320990.test:42 » InvocationTarget
[ERROR]   ApiResponse_init_18992320991.test:42 » InvocationTarget
[INFO] 
[ERROR] Tests run: 43, Failures: 0, Errors: 3, Skipped: 0
[INFO] 
[ERROR] There are test failures.

Please refer to /app/target/surefire-reports for the individual test results.
Please refer to dump files (if any exist) [date].dump, [date]-jvmRun[N].dump and [date].dumpstream.
[INFO] 
[INFO] --- jacoco-maven-plugin:0.8.11:report (report) @ sample-room ---
[INFO] Loading execution data file /app/target/jacoco.exec
[INFO] Analyzed bundle 'sample-room' with 7 classes
[INFO] 
[INFO] --- jacoco-maven-plugin:0.8.11:report (default-cli) @ sample-room ---
[INFO] Loading execution data file /app/target/jacoco.exec
[INFO] Analyzed bundle 'sample-room' with 7 classes
[INFO] ------------------------------------------------------------------------
[INFO] BUILD SUCCESS
[INFO] ------------------------------------------------------------------------
[INFO] Total time:  9.655 s
[INFO] Finished at: 2026-04-09T15:33:41Z
[INFO] ------------------------------------------------------------------------
