[INFO] Scanning for projects...
[INFO] 
[INFO] --------------------< br.com.training:training-api >--------------------
[INFO] Building training-api 0.0.1-SNAPSHOT
[INFO] --------------------------------[ jar ]---------------------------------
[WARNING] The artifact org.hibernate:hibernate-validator:jar:7.0.1.Final has been relocated to org.hibernate.validator:hibernate-validator:jar:7.0.1.Final
[INFO] 
[INFO] --- maven-clean-plugin:3.1.0:clean (default-clean) @ training-api ---
[INFO] Deleting /app/target
[INFO] 
[INFO] --- jacoco-maven-plugin:0.8.11:prepare-agent (default) @ training-api ---
[INFO] argLine set to -javaagent:/root/.m2/repository/org/jacoco/org.jacoco.agent/0.8.11/org.jacoco.agent-0.8.11-runtime.jar=destfile=/app/target/jacoco.exec
[INFO] 
[INFO] --- maven-resources-plugin:3.2.0:resources (default-resources) @ training-api ---
[INFO] Using 'UTF-8' encoding to copy filtered resources.
[INFO] Using 'UTF-8' encoding to copy filtered properties files.
[INFO] Copying 1 resource
[INFO] Copying 0 resource
[INFO] 
[INFO] --- maven-compiler-plugin:3.8.1:compile (default-compile) @ training-api ---
[INFO] Changes detected - recompiling the module!
[INFO] Compiling 4 source files to /app/target/classes
[INFO] 
[INFO] --- maven-resources-plugin:3.2.0:testResources (default-testResources) @ training-api ---
[INFO] Using 'UTF-8' encoding to copy filtered resources.
[INFO] Using 'UTF-8' encoding to copy filtered properties files.
[INFO] skip non existing resourceDirectory /app/src/test/resources
[INFO] 
[INFO] --- maven-compiler-plugin:3.8.1:testCompile (default-testCompile) @ training-api ---
[INFO] Changes detected - recompiling the module!
[INFO] Compiling 40 source files to /app/target/test-classes
[WARNING] /app/src/test/java/kex-tests/tests/br/com/training/model/ReflectionUtils.java:[9,16] sun.misc.Unsafe is internal proprietary API and may be removed in a future release
[WARNING] /app/src/test/java/kex-tests/tests/br/com/training/controller/ReflectionUtils.java:[9,16] sun.misc.Unsafe is internal proprietary API and may be removed in a future release
[WARNING] /app/src/test/java/kex-tests/tests/br/com/training/ReflectionUtils.java:[9,16] sun.misc.Unsafe is internal proprietary API and may be removed in a future release
[WARNING] /app/src/test/java/kex-tests/tests/br/com/training/model/ReflectionUtils.java:[13,25] sun.misc.Unsafe is internal proprietary API and may be removed in a future release
[WARNING] /app/src/test/java/kex-tests/tests/br/com/training/model/ReflectionUtils.java:[17,31] sun.misc.Unsafe is internal proprietary API and may be removed in a future release
[WARNING] /app/src/test/java/kex-tests/tests/br/com/training/model/ReflectionUtils.java:[19,23] sun.misc.Unsafe is internal proprietary API and may be removed in a future release
[WARNING] /app/src/test/java/kex-tests/tests/br/com/training/controller/ReflectionUtils.java:[13,25] sun.misc.Unsafe is internal proprietary API and may be removed in a future release
[WARNING] /app/src/test/java/kex-tests/tests/br/com/training/controller/ReflectionUtils.java:[17,31] sun.misc.Unsafe is internal proprietary API and may be removed in a future release
[WARNING] /app/src/test/java/kex-tests/tests/br/com/training/controller/ReflectionUtils.java:[19,23] sun.misc.Unsafe is internal proprietary API and may be removed in a future release
[WARNING] /app/src/test/java/kex-tests/tests/br/com/training/ReflectionUtils.java:[13,25] sun.misc.Unsafe is internal proprietary API and may be removed in a future release
[WARNING] /app/src/test/java/kex-tests/tests/br/com/training/ReflectionUtils.java:[17,31] sun.misc.Unsafe is internal proprietary API and may be removed in a future release
[WARNING] /app/src/test/java/kex-tests/tests/br/com/training/ReflectionUtils.java:[19,23] sun.misc.Unsafe is internal proprietary API and may be removed in a future release
[INFO] /app/src/test/java/kex-tests/tests/br/com/training/model/User_setCpf_118713829010.java: Some input files use or override a deprecated API.
[INFO] /app/src/test/java/kex-tests/tests/br/com/training/model/User_setCpf_118713829010.java: Recompile with -Xlint:deprecation for details.
[INFO] 
[INFO] --- maven-surefire-plugin:2.22.2:test (default-test) @ training-api ---
[INFO] 
[INFO] -------------------------------------------------------
[INFO]  T E S T S
[INFO] -------------------------------------------------------
[INFO] Running br.com.training.model.User_setEmail_124106679921
[INFO] Tests run: 1, Failures: 0, Errors: 0, Skipped: 0, Time elapsed: 0.018 s - in br.com.training.model.User_setEmail_124106679921
[INFO] Running br.com.training.model.User_getEmail_8173983837
[INFO] Tests run: 1, Failures: 0, Errors: 0, Skipped: 0, Time elapsed: 0 s - in br.com.training.model.User_getEmail_8173983837
[INFO] Running br.com.training.model.User_getCpf_173444782222
[INFO] Tests run: 1, Failures: 0, Errors: 0, Skipped: 0, Time elapsed: 0 s - in br.com.training.model.User_getCpf_173444782222
[INFO] Running br.com.training.model.User_setBirthDate_17408154852
[INFO] Tests run: 1, Failures: 0, Errors: 0, Skipped: 0, Time elapsed: 0.001 s - in br.com.training.model.User_setBirthDate_17408154852
[INFO] Running br.com.training.model.User_equals_177682382012
[INFO] Tests run: 1, Failures: 0, Errors: 0, Skipped: 0, Time elapsed: 0 s - in br.com.training.model.User_equals_177682382012
[INFO] Running br.com.training.model.User_setEmail_12410667998
[INFO] Tests run: 1, Failures: 0, Errors: 0, Skipped: 0, Time elapsed: 0 s - in br.com.training.model.User_setEmail_12410667998
[INFO] Running br.com.training.model.User_setId_156458618517
[INFO] Tests run: 1, Failures: 0, Errors: 0, Skipped: 0, Time elapsed: 0 s - in br.com.training.model.User_setId_156458618517
[INFO] Running br.com.training.model.User_getBirthDate_190831433514
[INFO] Tests run: 1, Failures: 0, Errors: 0, Skipped: 0, Time elapsed: 0 s - in br.com.training.model.User_getBirthDate_190831433514
[INFO] Running br.com.training.model.User_setId_15645861854
[INFO] Tests run: 1, Failures: 0, Errors: 0, Skipped: 0, Time elapsed: 0 s - in br.com.training.model.User_setId_15645861854
[INFO] Running br.com.training.model.User_getName_4269393725
[INFO] Tests run: 1, Failures: 0, Errors: 0, Skipped: 0, Time elapsed: 0 s - in br.com.training.model.User_getName_4269393725
[INFO] Running br.com.training.model.User_setBirthDate_174081548515
[INFO] Tests run: 1, Failures: 0, Errors: 0, Skipped: 0, Time elapsed: 0 s - in br.com.training.model.User_setBirthDate_174081548515
[INFO] Running br.com.training.model.User_getBirthDate_19083143351
[INFO] Tests run: 1, Failures: 0, Errors: 0, Skipped: 0, Time elapsed: 0 s - in br.com.training.model.User_getBirthDate_19083143351
[INFO] Running br.com.training.model.User_init_101324126013
[INFO] Tests run: 1, Failures: 0, Errors: 0, Skipped: 0, Time elapsed: 0 s - in br.com.training.model.User_init_101324126013
[INFO] Running br.com.training.model.User_getId_19946279433
[INFO] Tests run: 1, Failures: 0, Errors: 0, Skipped: 0, Time elapsed: 0 s - in br.com.training.model.User_getId_19946279433
[INFO] Running br.com.training.model.User_hashCode_206945680124
[INFO] Tests run: 1, Failures: 0, Errors: 0, Skipped: 0, Time elapsed: 0 s - in br.com.training.model.User_hashCode_206945680124
[INFO] Running br.com.training.model.User_setName_21468159406
[INFO] Tests run: 1, Failures: 0, Errors: 0, Skipped: 0, Time elapsed: 0 s - in br.com.training.model.User_setName_21468159406
[INFO] Running br.com.training.model.User_hashCode_206945680111
[INFO] Tests run: 1, Failures: 0, Errors: 0, Skipped: 0, Time elapsed: 0 s - in br.com.training.model.User_hashCode_206945680111
[INFO] Running br.com.training.model.User_getEmail_81739838320
[INFO] Tests run: 1, Failures: 0, Errors: 0, Skipped: 0, Time elapsed: 0 s - in br.com.training.model.User_getEmail_81739838320
[INFO] Running br.com.training.model.User_getId_199462794316
[INFO] Tests run: 1, Failures: 0, Errors: 0, Skipped: 0, Time elapsed: 0 s - in br.com.training.model.User_getId_199462794316
[INFO] Running br.com.training.model.User_setCpf_118713829010
[INFO] Tests run: 1, Failures: 0, Errors: 0, Skipped: 0, Time elapsed: 0 s - in br.com.training.model.User_setCpf_118713829010
[INFO] Running br.com.training.model.User_getName_42693937218
[INFO] Tests run: 1, Failures: 0, Errors: 0, Skipped: 0, Time elapsed: 0 s - in br.com.training.model.User_getName_42693937218
[INFO] Running br.com.training.model.User_setCpf_118713829023
[INFO] Tests run: 1, Failures: 0, Errors: 0, Skipped: 0, Time elapsed: 0 s - in br.com.training.model.User_setCpf_118713829023
[INFO] Running br.com.training.model.User_getCpf_17344478229
[INFO] Tests run: 1, Failures: 0, Errors: 0, Skipped: 0, Time elapsed: 0 s - in br.com.training.model.User_getCpf_17344478229
[INFO] Running br.com.training.model.User_setName_214681594019
[INFO] Tests run: 1, Failures: 0, Errors: 0, Skipped: 0, Time elapsed: 0 s - in br.com.training.model.User_setName_214681594019
[INFO] Running br.com.training.model.User_equals_177682382025
[INFO] Tests run: 1, Failures: 0, Errors: 0, Skipped: 0, Time elapsed: 0 s - in br.com.training.model.User_equals_177682382025
[INFO] Running br.com.training.model.User_init_10132412600
[INFO] Tests run: 1, Failures: 0, Errors: 0, Skipped: 0, Time elapsed: 0 s - in br.com.training.model.User_init_10132412600
[INFO] Running br.com.training.TrainingApiApplication_init_744421952
[INFO] Tests run: 1, Failures: 0, Errors: 0, Skipped: 0, Time elapsed: 0 s - in br.com.training.TrainingApiApplication_init_744421952
[INFO] Running br.com.training.TrainingApiApplication_main_4510051991

  .   ____          _            __ _ _
 /\\ / ___'_ __ _ _(_)_ __  __ _ \ \ \ \
( ( )\___ | '_ | '_| | '_ \/ _` | \ \ \ \
 \\/  ___)| |_)| | | | | || (_| |  ) ) ) )
  '  |____| .__|_| |_|_| |_\__, | / / / /
 =========|_|==============|___/=/_/_/_/
 :: Spring Boot ::                (v2.4.3)

2026-04-09 13:01:18.868  INFO 70 --- [me-limited test] br.com.training.TrainingApiApplication   : Starting TrainingApiApplication using Java 11.0.16 on 24eabb8baed5 with PID 70 (started by root in /app)
2026-04-09 13:01:18.871  INFO 70 --- [me-limited test] br.com.training.TrainingApiApplication   : No active profile set, falling back to default profiles: default
2026-04-09 13:01:19.464  INFO 70 --- [me-limited test] .s.d.r.c.RepositoryConfigurationDelegate : Bootstrapping Spring Data JPA repositories in DEFAULT mode.
2026-04-09 13:01:19.506  INFO 70 --- [me-limited test] .s.d.r.c.RepositoryConfigurationDelegate : Finished Spring Data repository scanning in 35 ms. Found 1 JPA repository interfaces.
2026-04-09 13:01:20.066  INFO 70 --- [me-limited test] o.s.b.w.embedded.tomcat.TomcatWebServer  : Tomcat initialized with port(s): 8080 (http)
2026-04-09 13:01:20.079  INFO 70 --- [me-limited test] o.apache.catalina.core.StandardService   : Starting service [Tomcat]
2026-04-09 13:01:20.079  INFO 70 --- [me-limited test] org.apache.catalina.core.StandardEngine  : Starting Servlet engine: [Apache Tomcat/9.0.43]
2026-04-09 13:01:20.150  INFO 70 --- [me-limited test] o.a.c.c.C.[Tomcat].[localhost].[/]       : Initializing Spring embedded WebApplicationContext
2026-04-09 13:01:20.150  INFO 70 --- [me-limited test] w.s.c.ServletWebServerApplicationContext : Root WebApplicationContext: initialization completed in 1236 ms
2026-04-09 13:01:20.314  INFO 70 --- [me-limited test] com.zaxxer.hikari.HikariDataSource       : HikariPool-1 - Starting...
2026-04-09 13:01:20.553  INFO 70 --- [me-limited test] com.zaxxer.hikari.HikariDataSource       : HikariPool-1 - Start completed.
2026-04-09 13:01:20.630  INFO 70 --- [me-limited test] o.hibernate.jpa.internal.util.LogHelper  : HHH000204: Processing PersistenceUnitInfo [name: default]
2026-04-09 13:01:20.681  INFO 70 --- [me-limited test] org.hibernate.Version                    : HHH000412: Hibernate ORM core version 5.4.28.Final
2026-04-09 13:01:20.808  INFO 70 --- [me-limited test] o.hibernate.annotations.common.Version   : HCANN000001: Hibernate Commons Annotations {5.1.2.Final}
2026-04-09 13:01:20.943  INFO 70 --- [me-limited test] org.hibernate.dialect.Dialect            : HHH000400: Using dialect: org.hibernate.dialect.H2Dialect
Hibernate: drop table if exists user CASCADE 
Hibernate: create table user (id bigint generated by default as identity, birth_date date not null, cpf varchar(255) not null, email varchar(255) not null, name varchar(255) not null, primary key (id))
Hibernate: alter table user add constraint UK_2qv8vmk5wxu215bevli5derq unique (cpf)
Hibernate: alter table user add constraint UK_ob8kqyqqgmefl0aco34akdtpe unique (email)
2026-04-09 13:01:21.495  INFO 70 --- [me-limited test] o.h.e.t.j.p.i.JtaPlatformInitiator       : HHH000490: Using JtaPlatform implementation: [org.hibernate.engine.transaction.jta.platform.internal.NoJtaPlatform]
2026-04-09 13:01:21.503  INFO 70 --- [me-limited test] j.LocalContainerEntityManagerFactoryBean : Initialized JPA EntityManagerFactory for persistence unit 'default'
2026-04-09 13:01:21.867  WARN 70 --- [me-limited test] JpaBaseConfiguration$JpaWebConfiguration : spring.jpa.open-in-view is enabled by default. Therefore, database queries may be performed during view rendering. Explicitly configure spring.jpa.open-in-view to disable this warning
2026-04-09 13:01:22.009  INFO 70 --- [me-limited test] o.s.s.concurrent.ThreadPoolTaskExecutor  : Initializing ExecutorService 'applicationTaskExecutor'
2026-04-09 13:01:22.219  INFO 70 --- [me-limited test] o.s.b.w.embedded.tomcat.TomcatWebServer  : Tomcat started on port(s): 8080 (http) with context path ''
2026-04-09 13:01:22.227  INFO 70 --- [me-limited test] br.com.training.TrainingApiApplication   : Started TrainingApiApplication in 3.757 seconds (JVM running for 4.627)
[INFO] Tests run: 1, Failures: 0, Errors: 0, Skipped: 0, Time elapsed: 3.913 s - in br.com.training.TrainingApiApplication_main_4510051991
[INFO] Running br.com.training.controller.UserController_init_7153019393
[INFO] Tests run: 1, Failures: 0, Errors: 0, Skipped: 0, Time elapsed: 0 s - in br.com.training.controller.UserController_init_7153019393
[INFO] Running br.com.training.controller.UserController_init_7153019390
[INFO] Tests run: 1, Failures: 0, Errors: 0, Skipped: 0, Time elapsed: 0 s - in br.com.training.controller.UserController_init_7153019390
[INFO] Running br.com.training.controller.UserController_getUser_11267914202
[ERROR] Tests run: 1, Failures: 0, Errors: 1, Skipped: 0, Time elapsed: 0.008 s <<< FAILURE! - in br.com.training.controller.UserController_getUser_11267914202
[ERROR] test  Time elapsed: 0.008 s  <<< ERROR!
java.lang.NullPointerException
	at br.com.training.controller.UserController_getUser_11267914202.test(UserController_getUser_11267914202.java:42)

[INFO] Running br.com.training.controller.UserController_createUser_16241010141
[ERROR] Tests run: 1, Failures: 0, Errors: 1, Skipped: 0, Time elapsed: 0 s <<< FAILURE! - in br.com.training.controller.UserController_createUser_16241010141
[ERROR] test  Time elapsed: 0 s  <<< ERROR!
java.lang.NullPointerException
	at br.com.training.controller.UserController_createUser_16241010141.test(UserController_createUser_16241010141.java:56)

[INFO] Running br.com.training.TrainingApiApplication_init_744421950
[INFO] Tests run: 1, Failures: 0, Errors: 0, Skipped: 0, Time elapsed: 0 s - in br.com.training.TrainingApiApplication_init_744421950
[INFO] Running br.com.training.TrainingApiApplication_main_4510051993
2026-04-09 13:01:22.264 ERROR 70 --- [me-limited test] o.s.boot.SpringApplication               : Application run failed

java.lang.IllegalArgumentException: Args must not be null
	at org.springframework.util.Assert.notNull(Assert.java:201) ~[spring-core-5.3.4.jar:5.3.4]
	at org.springframework.boot.DefaultApplicationArguments.<init>(DefaultApplicationArguments.java:41) ~[spring-boot-2.4.3.jar:2.4.3]
	at org.springframework.boot.SpringApplication.run(SpringApplication.java:319) ~[spring-boot-2.4.3.jar:2.4.3]
	at org.springframework.boot.SpringApplication.run(SpringApplication.java:1311) ~[spring-boot-2.4.3.jar:2.4.3]
	at org.springframework.boot.SpringApplication.run(SpringApplication.java:1300) ~[spring-boot-2.4.3.jar:2.4.3]
	at br.com.training.TrainingApiApplication.main(TrainingApiApplication.java:10) ~[classes/:na]
	at java.base/jdk.internal.reflect.NativeMethodAccessorImpl.invoke0(Native Method) ~[na:na]
	at java.base/jdk.internal.reflect.NativeMethodAccessorImpl.invoke(NativeMethodAccessorImpl.java:62) ~[na:na]
	at java.base/jdk.internal.reflect.DelegatingMethodAccessorImpl.invoke(DelegatingMethodAccessorImpl.java:43) ~[na:na]
	at java.base/java.lang.reflect.Method.invoke(Method.java:566) ~[na:na]
	at br.com.training.ReflectionUtils.callMethod(ReflectionUtils.java:328) ~[test-classes/:na]
	at br.com.training.TrainingApiApplication_main_4510051993.test(TrainingApiApplication_main_4510051993.java:44) ~[test-classes/:na]
	at java.base/jdk.internal.reflect.NativeMethodAccessorImpl.invoke0(Native Method) ~[na:na]
	at java.base/jdk.internal.reflect.NativeMethodAccessorImpl.invoke(NativeMethodAccessorImpl.java:62) ~[na:na]
	at java.base/jdk.internal.reflect.DelegatingMethodAccessorImpl.invoke(DelegatingMethodAccessorImpl.java:43) ~[na:na]
	at java.base/java.lang.reflect.Method.invoke(Method.java:566) ~[na:na]
	at org.junit.runners.model.FrameworkMethod$1.runReflectiveCall(FrameworkMethod.java:59) ~[junit-4.13.2.jar:4.13.2]
	at org.junit.internal.runners.model.ReflectiveCallable.run(ReflectiveCallable.java:12) ~[junit-4.13.2.jar:4.13.2]
	at org.junit.runners.model.FrameworkMethod.invokeExplosively(FrameworkMethod.java:56) ~[junit-4.13.2.jar:4.13.2]
	at org.junit.internal.runners.statements.InvokeMethod.evaluate(InvokeMethod.java:17) ~[junit-4.13.2.jar:4.13.2]
	at org.junit.internal.runners.statements.RunBefores.evaluate(RunBefores.java:26) ~[junit-4.13.2.jar:4.13.2]
	at org.junit.internal.runners.statements.FailOnTimeout$CallableStatement.call(FailOnTimeout.java:299) ~[junit-4.13.2.jar:4.13.2]
	at org.junit.internal.runners.statements.FailOnTimeout$CallableStatement.call(FailOnTimeout.java:293) ~[junit-4.13.2.jar:4.13.2]
	at java.base/java.util.concurrent.FutureTask.run(FutureTask.java:264) ~[na:na]
	at java.base/java.lang.Thread.run(Thread.java:829) ~[na:na]

[ERROR] Tests run: 1, Failures: 0, Errors: 1, Skipped: 0, Time elapsed: 0.02 s <<< FAILURE! - in br.com.training.TrainingApiApplication_main_4510051993
[ERROR] test  Time elapsed: 0.019 s  <<< ERROR!
java.lang.IllegalArgumentException: Args must not be null
	at br.com.training.TrainingApiApplication_main_4510051993.test(TrainingApiApplication_main_4510051993.java:44)

2026-04-09 13:01:22.392  INFO 70 --- [extShutdownHook] o.s.s.concurrent.ThreadPoolTaskExecutor  : Shutting down ExecutorService 'applicationTaskExecutor'
2026-04-09 13:01:22.392  INFO 70 --- [extShutdownHook] j.LocalContainerEntityManagerFactoryBean : Closing JPA EntityManagerFactory for persistence unit 'default'
2026-04-09 13:01:22.393  INFO 70 --- [extShutdownHook] .SchemaDropperImpl$DelayedDropActionImpl : HHH000477: Starting delayed evictData of schema as part of SessionFactory shut-down'
Hibernate: drop table if exists user CASCADE 
2026-04-09 13:01:22.399  INFO 70 --- [extShutdownHook] com.zaxxer.hikari.HikariDataSource       : HikariPool-1 - Shutdown initiated...
2026-04-09 13:01:22.400  INFO 70 --- [extShutdownHook] com.zaxxer.hikari.HikariDataSource       : HikariPool-1 - Shutdown completed.
[INFO] 
[INFO] Results:
[INFO] 
[ERROR] Errors: 
[ERROR]   TrainingApiApplication_main_4510051993.test:44 » IllegalArgument Args must not...
[ERROR]   UserController_createUser_16241010141.test:56 » NullPointer
[ERROR]   UserController_getUser_11267914202.test:42 » NullPointer
[INFO] 
[ERROR] Tests run: 34, Failures: 0, Errors: 3, Skipped: 0
[INFO] 
[ERROR] There are test failures.

Please refer to /app/target/surefire-reports for the individual test results.
Please refer to dump files (if any exist) [date].dump, [date]-jvmRun[N].dump and [date].dumpstream.
[INFO] 
[INFO] --- jacoco-maven-plugin:0.8.11:report (report) @ training-api ---
[INFO] Loading execution data file /app/target/jacoco.exec
[INFO] Analyzed bundle 'training-api' with 4 classes
[INFO] 
[INFO] --- jacoco-maven-plugin:0.8.11:report (default-cli) @ training-api ---
[INFO] Loading execution data file /app/target/jacoco.exec
[INFO] Analyzed bundle 'training-api' with 4 classes
[INFO] ------------------------------------------------------------------------
[INFO] BUILD SUCCESS
[INFO] ------------------------------------------------------------------------
[INFO] Total time:  7.317 s
[INFO] Finished at: 2026-04-09T13:01:22Z
[INFO] ------------------------------------------------------------------------
