[INFO] Scanning for projects...
[INFO] 
[INFO] --------------------< br.com.training:training-api >--------------------
[INFO] Building training-api 0.0.1-SNAPSHOT
[INFO] --------------------------------[ jar ]---------------------------------
[WARNING] The artifact org.hibernate:hibernate-validator:jar:7.0.1.Final has been relocated to org.hibernate.validator:hibernate-validator:jar:7.0.1.Final
[INFO] 
[INFO] --- maven-clean-plugin:3.1.0:clean (default-clean) @ training-api ---
[INFO] Deleting /app/target
[INFO] 
[INFO] --- jacoco-maven-plugin:0.8.11:prepare-agent (default) @ training-api ---
[INFO] argLine set to -javaagent:/root/.m2/repository/org/jacoco/org.jacoco.agent/0.8.11/org.jacoco.agent-0.8.11-runtime.jar=destfile=/app/target/jacoco.exec
[INFO] 
[INFO] --- maven-resources-plugin:3.2.0:resources (default-resources) @ training-api ---
[INFO] Using 'UTF-8' encoding to copy filtered resources.
[INFO] Using 'UTF-8' encoding to copy filtered properties files.
[INFO] Copying 1 resource
[INFO] Copying 0 resource
[INFO] 
[INFO] --- maven-compiler-plugin:3.8.1:compile (default-compile) @ training-api ---
[INFO] Changes detected - recompiling the module!
[INFO] Compiling 4 source files to /app/target/classes
[INFO] 
[INFO] --- build-helper-maven-plugin:3.3.0:add-test-source (add-kex-test-source) @ training-api ---
[INFO] Test Source directory: /app/src/test/java/kex-tests added.
[INFO] 
[INFO] --- maven-resources-plugin:3.2.0:testResources (default-testResources) @ training-api ---
[INFO] Using 'UTF-8' encoding to copy filtered resources.
[INFO] Using 'UTF-8' encoding to copy filtered properties files.
[INFO] skip non existing resourceDirectory /app/src/test/resources
[INFO] 
[INFO] --- maven-compiler-plugin:3.8.1:testCompile (default-testCompile) @ training-api ---
[INFO] Changes detected - recompiling the module!
[INFO] Compiling 41 source files to /app/target/test-classes
[WARNING] /app/src/test/java/kex-tests/tests/br/com/training/model/ReflectionUtils.java:[9,16] sun.misc.Unsafe is internal proprietary API and may be removed in a future release
[WARNING] /app/src/test/java/kex-tests/tests/br/com/training/controller/ReflectionUtils.java:[9,16] sun.misc.Unsafe is internal proprietary API and may be removed in a future release
[WARNING] /app/src/test/java/kex-tests/tests/br/com/training/ReflectionUtils.java:[9,16] sun.misc.Unsafe is internal proprietary API and may be removed in a future release
[WARNING] /app/src/test/java/kex-tests/tests/br/com/training/model/ReflectionUtils.java:[13,25] sun.misc.Unsafe is internal proprietary API and may be removed in a future release
[WARNING] /app/src/test/java/kex-tests/tests/br/com/training/model/ReflectionUtils.java:[17,31] sun.misc.Unsafe is internal proprietary API and may be removed in a future release
[WARNING] /app/src/test/java/kex-tests/tests/br/com/training/model/ReflectionUtils.java:[19,23] sun.misc.Unsafe is internal proprietary API and may be removed in a future release
[WARNING] /app/src/test/java/kex-tests/tests/br/com/training/controller/ReflectionUtils.java:[13,25] sun.misc.Unsafe is internal proprietary API and may be removed in a future release
[WARNING] /app/src/test/java/kex-tests/tests/br/com/training/controller/ReflectionUtils.java:[17,31] sun.misc.Unsafe is internal proprietary API and may be removed in a future release
[WARNING] /app/src/test/java/kex-tests/tests/br/com/training/controller/ReflectionUtils.java:[19,23] sun.misc.Unsafe is internal proprietary API and may be removed in a future release
[WARNING] /app/src/test/java/kex-tests/tests/br/com/training/ReflectionUtils.java:[13,25] sun.misc.Unsafe is internal proprietary API and may be removed in a future release
[WARNING] /app/src/test/java/kex-tests/tests/br/com/training/ReflectionUtils.java:[17,31] sun.misc.Unsafe is internal proprietary API and may be removed in a future release
[WARNING] /app/src/test/java/kex-tests/tests/br/com/training/ReflectionUtils.java:[19,23] sun.misc.Unsafe is internal proprietary API and may be removed in a future release
[INFO] /app/src/test/java/kex-tests/tests/br/com/training/model/User_setCpf_118713829010.java: Some input files use or override a deprecated API.
[INFO] /app/src/test/java/kex-tests/tests/br/com/training/model/User_setCpf_118713829010.java: Recompile with -Xlint:deprecation for details.
[INFO] 
[INFO] --- maven-surefire-plugin:2.22.2:test (default-test) @ training-api ---
[INFO] 
[INFO] -------------------------------------------------------
[INFO]  T E S T S
[INFO] -------------------------------------------------------
[INFO] Running br.com.training.model.User_setEmail_124106679921
[INFO] Tests run: 1, Failures: 0, Errors: 0, Skipped: 0, Time elapsed: 0.013 s - in br.com.training.model.User_setEmail_124106679921
[INFO] Running br.com.training.model.User_getEmail_8173983837
[INFO] Tests run: 1, Failures: 0, Errors: 0, Skipped: 0, Time elapsed: 0 s - in br.com.training.model.User_getEmail_8173983837
[INFO] Running br.com.training.model.User_getCpf_173444782222
[INFO] Tests run: 1, Failures: 0, Errors: 0, Skipped: 0, Time elapsed: 0 s - in br.com.training.model.User_getCpf_173444782222
[INFO] Running br.com.training.model.User_setBirthDate_17408154852
[INFO] Tests run: 1, Failures: 0, Errors: 0, Skipped: 0, Time elapsed: 0 s - in br.com.training.model.User_setBirthDate_17408154852
[INFO] Running br.com.training.model.User_equals_177682382012
[INFO] Tests run: 1, Failures: 0, Errors: 0, Skipped: 0, Time elapsed: 0 s - in br.com.training.model.User_equals_177682382012
[INFO] Running br.com.training.model.User_setEmail_12410667998
[INFO] Tests run: 1, Failures: 0, Errors: 0, Skipped: 0, Time elapsed: 0 s - in br.com.training.model.User_setEmail_12410667998
[INFO] Running br.com.training.model.User_setId_156458618517
[INFO] Tests run: 1, Failures: 0, Errors: 0, Skipped: 0, Time elapsed: 0 s - in br.com.training.model.User_setId_156458618517
[INFO] Running br.com.training.model.User_getBirthDate_190831433514
[INFO] Tests run: 1, Failures: 0, Errors: 0, Skipped: 0, Time elapsed: 0 s - in br.com.training.model.User_getBirthDate_190831433514
[INFO] Running br.com.training.model.User_setId_15645861854
[INFO] Tests run: 1, Failures: 0, Errors: 0, Skipped: 0, Time elapsed: 0.001 s - in br.com.training.model.User_setId_15645861854
[INFO] Running br.com.training.model.User_getName_4269393725
[INFO] Tests run: 1, Failures: 0, Errors: 0, Skipped: 0, Time elapsed: 0 s - in br.com.training.model.User_getName_4269393725
[INFO] Running br.com.training.model.User_setBirthDate_174081548515
[INFO] Tests run: 1, Failures: 0, Errors: 0, Skipped: 0, Time elapsed: 0 s - in br.com.training.model.User_setBirthDate_174081548515
[INFO] Running br.com.training.model.User_getBirthDate_19083143351
[INFO] Tests run: 1, Failures: 0, Errors: 0, Skipped: 0, Time elapsed: 0 s - in br.com.training.model.User_getBirthDate_19083143351
[INFO] Running br.com.training.model.User_init_101324126013
[INFO] Tests run: 1, Failures: 0, Errors: 0, Skipped: 0, Time elapsed: 0 s - in br.com.training.model.User_init_101324126013
[INFO] Running br.com.training.model.User_getId_19946279433
[INFO] Tests run: 1, Failures: 0, Errors: 0, Skipped: 0, Time elapsed: 0 s - in br.com.training.model.User_getId_19946279433
[INFO] Running br.com.training.model.User_hashCode_206945680124
[INFO] Tests run: 1, Failures: 0, Errors: 0, Skipped: 0, Time elapsed: 0.001 s - in br.com.training.model.User_hashCode_206945680124
[INFO] Running br.com.training.model.User_setName_21468159406
[INFO] Tests run: 1, Failures: 0, Errors: 0, Skipped: 0, Time elapsed: 0 s - in br.com.training.model.User_setName_21468159406
[INFO] Running br.com.training.model.User_hashCode_206945680111
[INFO] Tests run: 1, Failures: 0, Errors: 0, Skipped: 0, Time elapsed: 0.001 s - in br.com.training.model.User_hashCode_206945680111
[INFO] Running br.com.training.model.User_getEmail_81739838320
[INFO] Tests run: 1, Failures: 0, Errors: 0, Skipped: 0, Time elapsed: 0.001 s - in br.com.training.model.User_getEmail_81739838320
[INFO] Running br.com.training.model.User_getId_199462794316
[INFO] Tests run: 1, Failures: 0, Errors: 0, Skipped: 0, Time elapsed: 0 s - in br.com.training.model.User_getId_199462794316
[INFO] Running br.com.training.model.User_setCpf_118713829010
[INFO] Tests run: 1, Failures: 0, Errors: 0, Skipped: 0, Time elapsed: 0 s - in br.com.training.model.User_setCpf_118713829010
[INFO] Running br.com.training.model.User_getName_42693937218
[INFO] Tests run: 1, Failures: 0, Errors: 0, Skipped: 0, Time elapsed: 0 s - in br.com.training.model.User_getName_42693937218
[INFO] Running br.com.training.model.User_setCpf_118713829023
[INFO] Tests run: 1, Failures: 0, Errors: 0, Skipped: 0, Time elapsed: 0 s - in br.com.training.model.User_setCpf_118713829023
[INFO] Running br.com.training.model.User_getCpf_17344478229
[INFO] Tests run: 1, Failures: 0, Errors: 0, Skipped: 0, Time elapsed: 0 s - in br.com.training.model.User_getCpf_17344478229
[INFO] Running br.com.training.model.User_setName_214681594019
[INFO] Tests run: 1, Failures: 0, Errors: 0, Skipped: 0, Time elapsed: 0 s - in br.com.training.model.User_setName_214681594019
[INFO] Running br.com.training.model.User_equals_177682382025
[INFO] Tests run: 1, Failures: 0, Errors: 0, Skipped: 0, Time elapsed: 0 s - in br.com.training.model.User_equals_177682382025
[INFO] Running br.com.training.model.User_init_10132412600
[INFO] Tests run: 1, Failures: 0, Errors: 0, Skipped: 0, Time elapsed: 0 s - in br.com.training.model.User_init_10132412600
[INFO] Running br.com.training.TrainingApiApplication_init_744421952
[INFO] Tests run: 1, Failures: 0, Errors: 0, Skipped: 0, Time elapsed: 0 s - in br.com.training.TrainingApiApplication_init_744421952
[INFO] Running br.com.training.TrainingApiApplication_main_4510051991

  .   ____          _            __ _ _
 /\\ / ___'_ __ _ _(_)_ __  __ _ \ \ \ \
( ( )\___ | '_ | '_| | '_ \/ _` | \ \ \ \
 \\/  ___)| |_)| | | | | || (_| |  ) ) ) )
  '  |____| .__|_| |_|_| |_\__, | / / / /
 =========|_|==============|___/=/_/_/_/
 :: Spring Boot ::                (v2.4.3)

2026-04-08 01:11:00.243  INFO 70 --- [me-limited test] br.com.training.TrainingApiApplication   : Starting TrainingApiApplication using Java 11.0.16 on e82c390c7f68 with PID 70 (started by root in /app)
2026-04-08 01:11:00.246  INFO 70 --- [me-limited test] br.com.training.TrainingApiApplication   : No active profile set, falling back to default profiles: default
2026-04-08 01:11:00.863  INFO 70 --- [me-limited test] .s.d.r.c.RepositoryConfigurationDelegate : Bootstrapping Spring Data JPA repositories in DEFAULT mode.
2026-04-08 01:11:00.915  INFO 70 --- [me-limited test] .s.d.r.c.RepositoryConfigurationDelegate : Finished Spring Data repository scanning in 43 ms. Found 1 JPA repository interfaces.
2026-04-08 01:11:01.458  INFO 70 --- [me-limited test] o.s.b.w.embedded.tomcat.TomcatWebServer  : Tomcat initialized with port(s): 8080 (http)
2026-04-08 01:11:01.470  INFO 70 --- [me-limited test] o.apache.catalina.core.StandardService   : Starting service [Tomcat]
2026-04-08 01:11:01.470  INFO 70 --- [me-limited test] org.apache.catalina.core.StandardEngine  : Starting Servlet engine: [Apache Tomcat/9.0.43]
2026-04-08 01:11:01.551  INFO 70 --- [me-limited test] o.a.c.c.C.[Tomcat].[localhost].[/]       : Initializing Spring embedded WebApplicationContext
2026-04-08 01:11:01.551  INFO 70 --- [me-limited test] w.s.c.ServletWebServerApplicationContext : Root WebApplicationContext: initialization completed in 1259 ms
2026-04-08 01:11:01.711  INFO 70 --- [me-limited test] com.zaxxer.hikari.HikariDataSource       : HikariPool-1 - Starting...
2026-04-08 01:11:01.940  INFO 70 --- [me-limited test] com.zaxxer.hikari.HikariDataSource       : HikariPool-1 - Start completed.
2026-04-08 01:11:02.020  INFO 70 --- [me-limited test] o.hibernate.jpa.internal.util.LogHelper  : HHH000204: Processing PersistenceUnitInfo [name: default]
2026-04-08 01:11:02.075  INFO 70 --- [me-limited test] org.hibernate.Version                    : HHH000412: Hibernate ORM core version 5.4.28.Final
2026-04-08 01:11:02.203  INFO 70 --- [me-limited test] o.hibernate.annotations.common.Version   : HCANN000001: Hibernate Commons Annotations {5.1.2.Final}
2026-04-08 01:11:02.329  INFO 70 --- [me-limited test] org.hibernate.dialect.Dialect            : HHH000400: Using dialect: org.hibernate.dialect.H2Dialect
Hibernate: drop table if exists user CASCADE 
Hibernate: create table user (id bigint generated by default as identity, birth_date date not null, cpf varchar(255) not null, email varchar(255) not null, name varchar(255) not null, primary key (id))
Hibernate: alter table user add constraint UK_2qv8vmk5wxu215bevli5derq unique (cpf)
Hibernate: alter table user add constraint UK_ob8kqyqqgmefl0aco34akdtpe unique (email)
2026-04-08 01:11:02.889  INFO 70 --- [me-limited test] o.h.e.t.j.p.i.JtaPlatformInitiator       : HHH000490: Using JtaPlatform implementation: [org.hibernate.engine.transaction.jta.platform.internal.NoJtaPlatform]
2026-04-08 01:11:02.897  INFO 70 --- [me-limited test] j.LocalContainerEntityManagerFactoryBean : Initialized JPA EntityManagerFactory for persistence unit 'default'
2026-04-08 01:11:03.251  WARN 70 --- [me-limited test] JpaBaseConfiguration$JpaWebConfiguration : spring.jpa.open-in-view is enabled by default. Therefore, database queries may be performed during view rendering. Explicitly configure spring.jpa.open-in-view to disable this warning
2026-04-08 01:11:03.383  INFO 70 --- [me-limited test] o.s.s.concurrent.ThreadPoolTaskExecutor  : Initializing ExecutorService 'applicationTaskExecutor'
2026-04-08 01:11:03.583  INFO 70 --- [me-limited test] o.s.b.w.embedded.tomcat.TomcatWebServer  : Tomcat started on port(s): 8080 (http) with context path ''
2026-04-08 01:11:03.590  INFO 70 --- [me-limited test] br.com.training.TrainingApiApplication   : Started TrainingApiApplication in 3.803 seconds (JVM running for 4.769)
[INFO] Tests run: 1, Failures: 0, Errors: 0, Skipped: 0, Time elapsed: 3.973 s - in br.com.training.TrainingApiApplication_main_4510051991
[INFO] Running br.com.training.controller.UserController_init_7153019393
[INFO] Tests run: 1, Failures: 0, Errors: 0, Skipped: 0, Time elapsed: 0 s - in br.com.training.controller.UserController_init_7153019393
[INFO] Running br.com.training.controller.UserController_init_7153019390
[INFO] Tests run: 1, Failures: 0, Errors: 0, Skipped: 0, Time elapsed: 0.001 s - in br.com.training.controller.UserController_init_7153019390
[INFO] Running br.com.training.controller.UserController_getUser_11267914202
[ERROR] Tests run: 1, Failures: 0, Errors: 1, Skipped: 0, Time elapsed: 0.002 s <<< FAILURE! - in br.com.training.controller.UserController_getUser_11267914202
[ERROR] test  Time elapsed: 0.002 s  <<< ERROR!
java.lang.NullPointerException
	at br.com.training.controller.UserController_getUser_11267914202.test(UserController_getUser_11267914202.java:42)

[INFO] Running br.com.training.controller.UserController_createUser_16241010141
[ERROR] Tests run: 1, Failures: 0, Errors: 1, Skipped: 0, Time elapsed: 0 s <<< FAILURE! - in br.com.training.controller.UserController_createUser_16241010141
[ERROR] test  Time elapsed: 0 s  <<< ERROR!
java.lang.NullPointerException
	at br.com.training.controller.UserController_createUser_16241010141.test(UserController_createUser_16241010141.java:56)

[INFO] Running br.com.training.TrainingApiApplication_init_744421950
[INFO] Tests run: 1, Failures: 0, Errors: 0, Skipped: 0, Time elapsed: 0 s - in br.com.training.TrainingApiApplication_init_744421950
[INFO] Running br.com.training.TrainingApiApplication_main_4510051993
2026-04-08 01:11:03.634 ERROR 70 --- [me-limited test] o.s.boot.SpringApplication               : Application run failed

java.lang.IllegalArgumentException: Args must not be null
	at org.springframework.util.Assert.notNull(Assert.java:201) ~[spring-core-5.3.4.jar:5.3.4]
	at org.springframework.boot.DefaultApplicationArguments.<init>(DefaultApplicationArguments.java:41) ~[spring-boot-2.4.3.jar:2.4.3]
	at org.springframework.boot.SpringApplication.run(SpringApplication.java:319) ~[spring-boot-2.4.3.jar:2.4.3]
	at org.springframework.boot.SpringApplication.run(SpringApplication.java:1311) ~[spring-boot-2.4.3.jar:2.4.3]
	at org.springframework.boot.SpringApplication.run(SpringApplication.java:1300) ~[spring-boot-2.4.3.jar:2.4.3]
	at br.com.training.TrainingApiApplication.main(TrainingApiApplication.java:10) ~[classes/:na]
	at java.base/jdk.internal.reflect.NativeMethodAccessorImpl.invoke0(Native Method) ~[na:na]
	at java.base/jdk.internal.reflect.NativeMethodAccessorImpl.invoke(NativeMethodAccessorImpl.java:62) ~[na:na]
	at java.base/jdk.internal.reflect.DelegatingMethodAccessorImpl.invoke(DelegatingMethodAccessorImpl.java:43) ~[na:na]
	at java.base/java.lang.reflect.Method.invoke(Method.java:566) ~[na:na]
	at br.com.training.ReflectionUtils.callMethod(ReflectionUtils.java:328) ~[test-classes/:na]
	at br.com.training.TrainingApiApplication_main_4510051993.test(TrainingApiApplication_main_4510051993.java:44) ~[test-classes/:na]
	at java.base/jdk.internal.reflect.NativeMethodAccessorImpl.invoke0(Native Method) ~[na:na]
	at java.base/jdk.internal.reflect.NativeMethodAccessorImpl.invoke(NativeMethodAccessorImpl.java:62) ~[na:na]
	at java.base/jdk.internal.reflect.DelegatingMethodAccessorImpl.invoke(DelegatingMethodAccessorImpl.java:43) ~[na:na]
	at java.base/java.lang.reflect.Method.invoke(Method.java:566) ~[na:na]
	at org.junit.runners.model.FrameworkMethod$1.runReflectiveCall(FrameworkMethod.java:59) ~[junit-4.13.2.jar:4.13.2]
	at org.junit.internal.runners.model.ReflectiveCallable.run(ReflectiveCallable.java:12) ~[junit-4.13.2.jar:4.13.2]
	at org.junit.runners.model.FrameworkMethod.invokeExplosively(FrameworkMethod.java:56) ~[junit-4.13.2.jar:4.13.2]
	at org.junit.internal.runners.statements.InvokeMethod.evaluate(InvokeMethod.java:17) ~[junit-4.13.2.jar:4.13.2]
	at org.junit.internal.runners.statements.RunBefores.evaluate(RunBefores.java:26) ~[junit-4.13.2.jar:4.13.2]
	at org.junit.internal.runners.statements.FailOnTimeout$CallableStatement.call(FailOnTimeout.java:299) ~[junit-4.13.2.jar:4.13.2]
	at org.junit.internal.runners.statements.FailOnTimeout$CallableStatement.call(FailOnTimeout.java:293) ~[junit-4.13.2.jar:4.13.2]
	at java.base/java.util.concurrent.FutureTask.run(FutureTask.java:264) ~[na:na]
	at java.base/java.lang.Thread.run(Thread.java:829) ~[na:na]

[ERROR] Tests run: 1, Failures: 0, Errors: 1, Skipped: 0, Time elapsed: 0.019 s <<< FAILURE! - in br.com.training.TrainingApiApplication_main_4510051993
[ERROR] test  Time elapsed: 0.019 s  <<< ERROR!
java.lang.IllegalArgumentException: Args must not be null
	at br.com.training.TrainingApiApplication_main_4510051993.test(TrainingApiApplication_main_4510051993.java:44)

[INFO] Running br.com.training.TrainingApiApplicationTest
2026-04-08 01:11:03.682  INFO 70 --- [           main] .b.t.c.SpringBootTestContextBootstrapper : Neither @ContextConfiguration nor @ContextHierarchy found for test class [br.com.training.TrainingApiApplicationTest], using SpringBootContextLoader
2026-04-08 01:11:03.682  INFO 70 --- [           main] o.s.t.c.support.AbstractContextLoader    : Could not detect default resource locations for test class [br.com.training.TrainingApiApplicationTest]: no resource found for suffixes {-context.xml, Context.groovy}.
2026-04-08 01:11:03.683  INFO 70 --- [           main] t.c.s.AnnotationConfigContextLoaderUtils : Could not detect default configuration classes for test class [br.com.training.TrainingApiApplicationTest]: TrainingApiApplicationTest does not declare any static, non-private, non-final, nested classes annotated with @Configuration.
2026-04-08 01:11:03.704  INFO 70 --- [           main] .b.t.c.SpringBootTestContextBootstrapper : Found @SpringBootConfiguration br.com.training.TrainingApiApplication for test class br.com.training.TrainingApiApplicationTest
2026-04-08 01:11:03.708  INFO 70 --- [           main] .b.t.c.SpringBootTestContextBootstrapper : Loaded default TestExecutionListener class names from location [META-INF/spring.factories]: [org.springframework.boot.test.mock.mockito.MockitoTestExecutionListener, org.springframework.boot.test.mock.mockito.ResetMocksTestExecutionListener, org.springframework.boot.test.autoconfigure.restdocs.RestDocsTestExecutionListener, org.springframework.boot.test.autoconfigure.web.client.MockRestServiceServerResetTestExecutionListener, org.springframework.boot.test.autoconfigure.web.servlet.MockMvcPrintOnlyOnFailureTestExecutionListener, org.springframework.boot.test.autoconfigure.web.servlet.WebDriverTestExecutionListener, org.springframework.boot.test.autoconfigure.webservices.client.MockWebServiceServerTestExecutionListener, org.springframework.test.context.web.ServletTestExecutionListener, org.springframework.test.context.support.DirtiesContextBeforeModesTestExecutionListener, org.springframework.test.context.event.ApplicationEventsTestExecutionListener, org.springframework.test.context.support.DependencyInjectionTestExecutionListener, org.springframework.test.context.support.DirtiesContextTestExecutionListener, org.springframework.test.context.transaction.TransactionalTestExecutionListener, org.springframework.test.context.jdbc.SqlScriptsTestExecutionListener, org.springframework.test.context.event.EventPublishingTestExecutionListener]
2026-04-08 01:11:03.717  INFO 70 --- [           main] .b.t.c.SpringBootTestContextBootstrapper : Using TestExecutionListeners: [org.springframework.test.context.web.ServletTestExecutionListener@22a10ac6, org.springframework.test.context.support.DirtiesContextBeforeModesTestExecutionListener@12fe1f28, org.springframework.test.context.event.ApplicationEventsTestExecutionListener@503df2d0, org.springframework.boot.test.mock.mockito.MockitoTestExecutionListener@26fb4d06, org.springframework.boot.test.autoconfigure.SpringBootDependencyInjectionTestExecutionListener@c269425, org.springframework.test.context.support.DirtiesContextTestExecutionListener@6e43ddd6, org.springframework.test.context.transaction.TransactionalTestExecutionListener@51d719bc, org.springframework.test.context.jdbc.SqlScriptsTestExecutionListener@2d38edfd, org.springframework.test.context.event.EventPublishingTestExecutionListener@1507c3c3, org.springframework.boot.test.mock.mockito.ResetMocksTestExecutionListener@655a01d8, org.springframework.boot.test.autoconfigure.restdocs.RestDocsTestExecutionListener@c29fe36, org.springframework.boot.test.autoconfigure.web.client.MockRestServiceServerResetTestExecutionListener@6614bd4b, org.springframework.boot.test.autoconfigure.web.servlet.MockMvcPrintOnlyOnFailureTestExecutionListener@4d266391, org.springframework.boot.test.autoconfigure.web.servlet.WebDriverTestExecutionListener@7847ef2c, org.springframework.boot.test.autoconfigure.webservices.client.MockWebServiceServerTestExecutionListener@3b5c665c]

  .   ____          _            __ _ _
 /\\ / ___'_ __ _ _(_)_ __  __ _ \ \ \ \
( ( )\___ | '_ | '_| | '_ \/ _` | \ \ \ \
 \\/  ___)| |_)| | | | | || (_| |  ) ) ) )
  '  |____| .__|_| |_|_| |_\__, | / / / /
 =========|_|==============|___/=/_/_/_/
 :: Spring Boot ::                (v2.4.3)

2026-04-08 01:11:03.758  INFO 70 --- [           main] b.c.training.TrainingApiApplicationTest  : Starting TrainingApiApplicationTest using Java 11.0.16 on e82c390c7f68 with PID 70 (started by root in /app)
2026-04-08 01:11:03.759  INFO 70 --- [           main] b.c.training.TrainingApiApplicationTest  : No active profile set, falling back to default profiles: default
2026-04-08 01:11:03.872  INFO 70 --- [           main] .s.d.r.c.RepositoryConfigurationDelegate : Bootstrapping Spring Data JPA repositories in DEFAULT mode.
2026-04-08 01:11:03.879  INFO 70 --- [           main] .s.d.r.c.RepositoryConfigurationDelegate : Finished Spring Data repository scanning in 5 ms. Found 1 JPA repository interfaces.
2026-04-08 01:11:03.975  INFO 70 --- [           main] com.zaxxer.hikari.HikariDataSource       : HikariPool-2 - Starting...
2026-04-08 01:11:03.978  INFO 70 --- [           main] com.zaxxer.hikari.HikariDataSource       : HikariPool-2 - Start completed.
2026-04-08 01:11:03.988  INFO 70 --- [           main] o.hibernate.jpa.internal.util.LogHelper  : HHH000204: Processing PersistenceUnitInfo [name: default]
2026-04-08 01:11:03.991  INFO 70 --- [           main] org.hibernate.dialect.Dialect            : HHH000400: Using dialect: org.hibernate.dialect.H2Dialect
Hibernate: drop table if exists user CASCADE 
Hibernate: create table user (id bigint generated by default as identity, birth_date date not null, cpf varchar(255) not null, email varchar(255) not null, name varchar(255) not null, primary key (id))
Hibernate: alter table user add constraint UK_2qv8vmk5wxu215bevli5derq unique (cpf)
Hibernate: alter table user add constraint UK_ob8kqyqqgmefl0aco34akdtpe unique (email)
2026-04-08 01:11:04.021  INFO 70 --- [           main] o.h.e.t.j.p.i.JtaPlatformInitiator       : HHH000490: Using JtaPlatform implementation: [org.hibernate.engine.transaction.jta.platform.internal.NoJtaPlatform]
2026-04-08 01:11:04.021  INFO 70 --- [           main] j.LocalContainerEntityManagerFactoryBean : Initialized JPA EntityManagerFactory for persistence unit 'default'
2026-04-08 01:11:04.122  WARN 70 --- [           main] JpaBaseConfiguration$JpaWebConfiguration : spring.jpa.open-in-view is enabled by default. Therefore, database queries may be performed during view rendering. Explicitly configure spring.jpa.open-in-view to disable this warning
2026-04-08 01:11:04.196  INFO 70 --- [           main] o.s.s.concurrent.ThreadPoolTaskExecutor  : Initializing ExecutorService 'applicationTaskExecutor'
2026-04-08 01:11:04.350  INFO 70 --- [           main] b.c.training.TrainingApiApplicationTest  : Started TrainingApiApplicationTest in 0.62 seconds (JVM running for 5.529)
[INFO] Tests run: 1, Failures: 0, Errors: 0, Skipped: 0, Time elapsed: 0.782 s - in br.com.training.TrainingApiApplicationTest
2026-04-08 01:11:04.451  INFO 70 --- [extShutdownHook] o.s.s.concurrent.ThreadPoolTaskExecutor  : Shutting down ExecutorService 'applicationTaskExecutor'
2026-04-08 01:11:04.452  INFO 70 --- [extShutdownHook] j.LocalContainerEntityManagerFactoryBean : Closing JPA EntityManagerFactory for persistence unit 'default'
2026-04-08 01:11:04.452  INFO 70 --- [extShutdownHook] .SchemaDropperImpl$DelayedDropActionImpl : HHH000477: Starting delayed evictData of schema as part of SessionFactory shut-down'
Hibernate: drop table if exists user CASCADE 
2026-04-08 01:11:04.557  INFO 70 --- [extShutdownHook] com.zaxxer.hikari.HikariDataSource       : HikariPool-2 - Shutdown initiated...
2026-04-08 01:11:04.559  INFO 70 --- [extShutdownHook] com.zaxxer.hikari.HikariDataSource       : HikariPool-2 - Shutdown completed.
2026-04-08 01:11:04.567  INFO 70 --- [extShutdownHook] o.s.s.concurrent.ThreadPoolTaskExecutor  : Shutting down ExecutorService 'applicationTaskExecutor'
2026-04-08 01:11:04.568  INFO 70 --- [extShutdownHook] j.LocalContainerEntityManagerFactoryBean : Closing JPA EntityManagerFactory for persistence unit 'default'
2026-04-08 01:11:04.568  INFO 70 --- [extShutdownHook] .SchemaDropperImpl$DelayedDropActionImpl : HHH000477: Starting delayed evictData of schema as part of SessionFactory shut-down'
Hibernate: drop table if exists user CASCADE 
2026-04-08 01:11:04.570  INFO 70 --- [extShutdownHook] com.zaxxer.hikari.HikariDataSource       : HikariPool-1 - Shutdown initiated...
2026-04-08 01:11:04.573  INFO 70 --- [extShutdownHook] com.zaxxer.hikari.HikariDataSource       : HikariPool-1 - Shutdown completed.
[INFO] 
[INFO] Results:
[INFO] 
[ERROR] Errors: 
[ERROR]   TrainingApiApplication_main_4510051993.test:44 » IllegalArgument Args must not...
[ERROR]   UserController_createUser_16241010141.test:56 » NullPointer
[ERROR]   UserController_getUser_11267914202.test:42 » NullPointer
[INFO] 
[ERROR] Tests run: 35, Failures: 0, Errors: 3, Skipped: 0
[INFO] 
[ERROR] There are test failures.

Please refer to /app/target/surefire-reports for the individual test results.
Please refer to dump files (if any exist) [date].dump, [date]-jvmRun[N].dump and [date].dumpstream.
[INFO] 
[INFO] --- jacoco-maven-plugin:0.8.11:report (report) @ training-api ---
[INFO] Loading execution data file /app/target/jacoco.exec
[INFO] Analyzed bundle 'training-api' with 0 classes
[INFO] 
[INFO] --- jacoco-maven-plugin:0.8.11:report (default-cli) @ training-api ---
[INFO] Loading execution data file /app/target/jacoco.exec
[INFO] Analyzed bundle 'training-api' with 4 classes
[INFO] ------------------------------------------------------------------------
[INFO] BUILD SUCCESS
[INFO] ------------------------------------------------------------------------
[INFO] Total time:  8.431 s
[INFO] Finished at: 2026-04-08T01:11:05Z
[INFO] ------------------------------------------------------------------------
