[INFO] Scanning for projects...
[INFO] 
[INFO] -----------< com.strategyengine.xrpl:fsedistributionservice >-----------
[INFO] Building fsedistributionservice 0.0.1-SNAPSHOT
[INFO] --------------------------------[ jar ]---------------------------------
[INFO] 
[INFO] --- maven-clean-plugin:3.1.0:clean (default-clean) @ fsedistributionservice ---
[INFO] Deleting /app/target
[INFO] 
[INFO] --- jacoco-maven-plugin:0.8.11:prepare-agent (default) @ fsedistributionservice ---
[INFO] argLine set to -javaagent:/root/.m2/repository/org/jacoco/org.jacoco.agent/0.8.11/org.jacoco.agent-0.8.11-runtime.jar=destfile=/app/target/jacoco.exec
[INFO] 
[INFO] --- maven-resources-plugin:3.2.0:resources (default-resources) @ fsedistributionservice ---
[INFO] Using 'UTF-8' encoding to copy filtered resources.
[INFO] Using 'UTF-8' encoding to copy filtered properties files.
[INFO] Copying 1 resource
[INFO] Copying 36 resources
[INFO] 
[INFO] --- maven-compiler-plugin:3.8.1:compile (default-compile) @ fsedistributionservice ---
[INFO] Changes detected - recompiling the module!
[INFO] Compiling 104 source files to /app/target/classes
[INFO] /app/src/main/java/com/strategyengine/xrpl/fsedistributionservice/service/impl/AutoBurnRunnerImpl.java: Some input files use or override a deprecated API.
[INFO] /app/src/main/java/com/strategyengine/xrpl/fsedistributionservice/service/impl/AutoBurnRunnerImpl.java: Recompile with -Xlint:deprecation for details.
[INFO] 
[INFO] --- build-helper-maven-plugin:3.3.0:add-test-source (add-kex-test-source) @ fsedistributionservice ---
[INFO] Test Source directory: /app/src/test/java/kex-tests added.
[INFO] 
[INFO] --- maven-resources-plugin:3.2.0:testResources (default-testResources) @ fsedistributionservice ---
[INFO] Using 'UTF-8' encoding to copy filtered resources.
[INFO] Using 'UTF-8' encoding to copy filtered properties files.
[INFO] Copying 2 resources
[INFO] 
[INFO] --- maven-compiler-plugin:3.8.1:testCompile (default-testCompile) @ fsedistributionservice ---
[INFO] Changes detected - recompiling the module!
[INFO] Compiling 18 source files to /app/target/test-classes
[INFO] /app/src/test/java/com/strategyengine/xrpl/fsedistributionservice/util/XrpWalletGenerator.java: Some input files use or override a deprecated API.
[INFO] /app/src/test/java/com/strategyengine/xrpl/fsedistributionservice/util/XrpWalletGenerator.java: Recompile with -Xlint:deprecation for details.
[INFO] /app/src/test/java/com/strategyengine/xrpl/fsedistributionservice/service/impl/TransactionHisotryServiceImplTest.java: /app/src/test/java/com/strategyengine/xrpl/fsedistributionservice/service/impl/TransactionHisotryServiceImplTest.java uses unchecked or unsafe operations.
[INFO] /app/src/test/java/com/strategyengine/xrpl/fsedistributionservice/service/impl/TransactionHisotryServiceImplTest.java: Recompile with -Xlint:unchecked for details.
[INFO] 
[INFO] --- maven-surefire-plugin:2.22.0:test (default-test) @ fsedistributionservice ---
[INFO] 
[INFO] -------------------------------------------------------
[INFO]  T E S T S
[INFO] -------------------------------------------------------
[INFO] Running com.strategyengine.xrpl.fsedistributionservice.entity.convert.KeyConverterTest
pyPRoafbTvkbIp1/ib5V1A==
null
[INFO] Tests run: 3, Failures: 0, Errors: 0, Skipped: 0, Time elapsed: 0.217 s - in com.strategyengine.xrpl.fsedistributionservice.entity.convert.KeyConverterTest
[INFO] Running com.strategyengine.xrpl.fsedistributionservice.entity.convert.BaseEncodingPrivateKeyTest
Wallet{privateKey=, publicKey=, classicAddress=rHTfx7p4ge8CfDhyoczpSwc84LWfiK3dhN, xAddress=XVP9iv5hnPGimcbFGpwrLagYw69EZkFiTaaih5rtzYy8PbV, isTest=false}
[INFO] Tests run: 1, Failures: 0, Errors: 0, Skipped: 0, Time elapsed: 0.142 s - in com.strategyengine.xrpl.fsedistributionservice.entity.convert.BaseEncodingPrivateKeyTest
[INFO] Running com.strategyengine.xrpl.fsedistributionservice.rest.trustlines.TrustlinePaymentControllerTest
[INFO] Tests run: 2, Failures: 0, Errors: 0, Skipped: 0, Time elapsed: 0.681 s - in com.strategyengine.xrpl.fsedistributionservice.rest.trustlines.TrustlinePaymentControllerTest
[INFO] Running com.strategyengine.xrpl.fsedistributionservice.rest.trustlines.WalletControllerTest
[INFO] Tests run: 1, Failures: 0, Errors: 0, Skipped: 0, Time elapsed: 0.02 s - in com.strategyengine.xrpl.fsedistributionservice.rest.trustlines.WalletControllerTest
[INFO] Running com.strategyengine.xrpl.fsedistributionservice.rest.trustlines.AnalysisControllerTest
[INFO] Tests run: 2, Failures: 0, Errors: 0, Skipped: 0, Time elapsed: 0.071 s - in com.strategyengine.xrpl.fsedistributionservice.rest.trustlines.AnalysisControllerTest
[INFO] Running com.strategyengine.xrpl.fsedistributionservice.service.impl.AirDropSchedulerImplTest
Future Week Wed Jun 17 02:18:37 UTC 2026
[INFO] Tests run: 14, Failures: 0, Errors: 0, Skipped: 0, Time elapsed: 0.077 s - in com.strategyengine.xrpl.fsedistributionservice.service.impl.AirDropSchedulerImplTest
[INFO] Running com.strategyengine.xrpl.fsedistributionservice.service.impl.CurrencyHexServiceImplTest
[INFO] Tests run: 4, Failures: 0, Errors: 0, Skipped: 0, Time elapsed: 0.211 s - in com.strategyengine.xrpl.fsedistributionservice.service.impl.CurrencyHexServiceImplTest
[INFO] Running com.strategyengine.xrpl.fsedistributionservice.service.impl.ValidationServiceImplTest
[INFO] Tests run: 11, Failures: 0, Errors: 0, Skipped: 0, Time elapsed: 0.245 s - in com.strategyengine.xrpl.fsedistributionservice.service.impl.ValidationServiceImplTest
[INFO] Running com.strategyengine.xrpl.fsedistributionservice.service.impl.TransactionHisotryServiceImplTest
02:18:37.827 [main] INFO com.strategyengine.xrpl.fsedistributionservice.service.impl.TransactionHistoryServiceImpl - Found Transaction history after Optional.empty for rFROMoHT7PMJxVyz3s8394zStRR68PqCz size 0 will be added to current total found 1
[INFO] Tests run: 1, Failures: 0, Errors: 0, Skipped: 0, Time elapsed: 0.099 s - in com.strategyengine.xrpl.fsedistributionservice.service.impl.TransactionHisotryServiceImplTest
[INFO] Running com.strategyengine.xrpl.fsedistributionservice.service.impl.XrplServiceImplTest
02:18:37.876 [main] ERROR com.strategyengine.xrpl.fsedistributionservice.service.impl.XrplServiceImpl - Error fetching trustlines for bingo!
java.lang.NullPointerException: null
	at com.strategyengine.xrpl.fsedistributionservice.service.impl.XrplServiceImpl.getTrustLinesWithRetry(XrplServiceImpl.java:230)
	at com.strategyengine.xrpl.fsedistributionservice.service.impl.XrplServiceImpl.getTrustLinesForCompare(XrplServiceImpl.java:194)
	at com.strategyengine.xrpl.fsedistributionservice.service.impl.XrplServiceImpl.getTrustLinesCompared(XrplServiceImpl.java:177)
	at com.strategyengine.xrpl.fsedistributionservice.service.impl.XrplServiceImpl.getTrustLines(XrplServiceImpl.java:169)
	at com.strategyengine.xrpl.fsedistributionservice.service.impl.XrplServiceImpl.getTrustLines(XrplServiceImpl.java:246)
	at com.strategyengine.xrpl.fsedistributionservice.service.impl.XrplServiceImpl.getAccountInfo(XrplServiceImpl.java:273)
	at com.strategyengine.xrpl.fsedistributionservice.service.impl.XrplServiceImpl.lambda$getAccountInfo$5(XrplServiceImpl.java:260)
	at java.base/java.util.stream.ReferencePipeline$3$1.accept(ReferencePipeline.java:195)
	at java.base/java.util.Collections$2.tryAdvance(Collections.java:4747)
	at java.base/java.util.Collections$2.forEachRemaining(Collections.java:4755)
	at java.base/java.util.stream.AbstractPipeline.copyInto(AbstractPipeline.java:484)
	at java.base/java.util.stream.AbstractPipeline.wrapAndCopyInto(AbstractPipeline.java:474)
	at java.base/java.util.stream.ReduceOps$ReduceOp.evaluateSequential(ReduceOps.java:913)
	at java.base/java.util.stream.AbstractPipeline.evaluate(AbstractPipeline.java:234)
	at java.base/java.util.stream.ReferencePipeline.collect(ReferencePipeline.java:578)
	at com.strategyengine.xrpl.fsedistributionservice.service.impl.XrplServiceImpl.getAccountInfo(XrplServiceImpl.java:260)
	at com.strategyengine.xrpl.fsedistributionservice.service.impl.XrplServiceImplTest.testGetAccountInfo(XrplServiceImplTest.java:178)
	at java.base/jdk.internal.reflect.NativeMethodAccessorImpl.invoke0(Native Method)
	at java.base/jdk.internal.reflect.NativeMethodAccessorImpl.invoke(NativeMethodAccessorImpl.java:62)
	at java.base/jdk.internal.reflect.DelegatingMethodAccessorImpl.invoke(DelegatingMethodAccessorImpl.java:43)
	at java.base/java.lang.reflect.Method.invoke(Method.java:566)
	at org.junit.platform.commons.util.ReflectionUtils.invokeMethod(ReflectionUtils.java:727)
	at org.junit.jupiter.engine.execution.MethodInvocation.proceed(MethodInvocation.java:60)
	at org.junit.jupiter.engine.execution.InvocationInterceptorChain$ValidatingInvocation.proceed(InvocationInterceptorChain.java:131)
	at org.junit.jupiter.engine.extension.TimeoutExtension.intercept(TimeoutExtension.java:156)
	at org.junit.jupiter.engine.extension.TimeoutExtension.interceptTestableMethod(TimeoutExtension.java:147)
	at org.junit.jupiter.engine.extension.TimeoutExtension.interceptTestMethod(TimeoutExtension.java:86)
	at org.junit.jupiter.engine.execution.InterceptingExecutableInvoker$ReflectiveInterceptorCall.lambda$ofVoidMethod$0(InterceptingExecutableInvoker.java:103)
	at org.junit.jupiter.engine.execution.InterceptingExecutableInvoker.lambda$invoke$0(InterceptingExecutableInvoker.java:93)
	at org.junit.jupiter.engine.execution.InvocationInterceptorChain$InterceptedInvocation.proceed(InvocationInterceptorChain.java:106)
	at org.junit.jupiter.engine.execution.InvocationInterceptorChain.proceed(InvocationInterceptorChain.java:64)
	at org.junit.jupiter.engine.execution.InvocationInterceptorChain.chainAndInvoke(InvocationInterceptorChain.java:45)
	at org.junit.jupiter.engine.execution.InvocationInterceptorChain.invoke(InvocationInterceptorChain.java:37)
	at org.junit.jupiter.engine.execution.InterceptingExecutableInvoker.invoke(InterceptingExecutableInvoker.java:92)
	at org.junit.jupiter.engine.execution.InterceptingExecutableInvoker.invoke(InterceptingExecutableInvoker.java:86)
	at org.junit.jupiter.engine.descriptor.TestMethodTestDescriptor.lambda$invokeTestMethod$7(TestMethodTestDescriptor.java:217)
	at org.junit.platform.engine.support.hierarchical.ThrowableCollector.execute(ThrowableCollector.java:73)
	at org.junit.jupiter.engine.descriptor.TestMethodTestDescriptor.invokeTestMethod(TestMethodTestDescriptor.java:213)
	at org.junit.jupiter.engine.descriptor.TestMethodTestDescriptor.execute(TestMethodTestDescriptor.java:138)
	at org.junit.jupiter.engine.descriptor.TestMethodTestDescriptor.execute(TestMethodTestDescriptor.java:68)
	at org.junit.platform.engine.support.hierarchical.NodeTestTask.lambda$executeRecursively$5(NodeTestTask.java:139)
	at org.junit.platform.engine.support.hierarchical.ThrowableCollector.execute(ThrowableCollector.java:73)
	at org.junit.platform.engine.support.hierarchical.NodeTestTask.lambda$executeRecursively$7(NodeTestTask.java:129)
	at org.junit.platform.engine.support.hierarchical.Node.around(Node.java:137)
	at org.junit.platform.engine.support.hierarchical.NodeTestTask.lambda$executeRecursively$8(NodeTestTask.java:127)
	at org.junit.platform.engine.support.hierarchical.ThrowableCollector.execute(ThrowableCollector.java:73)
	at org.junit.platform.engine.support.hierarchical.NodeTestTask.executeRecursively(NodeTestTask.java:126)
	at org.junit.platform.engine.support.hierarchical.NodeTestTask.execute(NodeTestTask.java:84)
	at java.base/java.util.ArrayList.forEach(ArrayList.java:1541)
	at org.junit.platform.engine.support.hierarchical.SameThreadHierarchicalTestExecutorService.invokeAll(SameThreadHierarchicalTestExecutorService.java:38)
	at org.junit.platform.engine.support.hierarchical.NodeTestTask.lambda$executeRecursively$5(NodeTestTask.java:143)
	at org.junit.platform.engine.support.hierarchical.ThrowableCollector.execute(ThrowableCollector.java:73)
	at org.junit.platform.engine.support.hierarchical.NodeTestTask.lambda$executeRecursively$7(NodeTestTask.java:129)
	at org.junit.platform.engine.support.hierarchical.Node.around(Node.java:137)
	at org.junit.platform.engine.support.hierarchical.NodeTestTask.lambda$executeRecursively$8(NodeTestTask.java:127)
	at org.junit.platform.engine.support.hierarchical.ThrowableCollector.execute(ThrowableCollector.java:73)
	at org.junit.platform.engine.support.hierarchical.NodeTestTask.executeRecursively(NodeTestTask.java:126)
	at org.junit.platform.engine.support.hierarchical.NodeTestTask.execute(NodeTestTask.java:84)
	at java.base/java.util.ArrayList.forEach(ArrayList.java:1541)
	at org.junit.platform.engine.support.hierarchical.SameThreadHierarchicalTestExecutorService.invokeAll(SameThreadHierarchicalTestExecutorService.java:38)
	at org.junit.platform.engine.support.hierarchical.NodeTestTask.lambda$executeRecursively$5(NodeTestTask.java:143)
	at org.junit.platform.engine.support.hierarchical.ThrowableCollector.execute(ThrowableCollector.java:73)
	at org.junit.platform.engine.support.hierarchical.NodeTestTask.lambda$executeRecursively$7(NodeTestTask.java:129)
	at org.junit.platform.engine.support.hierarchical.Node.around(Node.java:137)
	at org.junit.platform.engine.support.hierarchical.NodeTestTask.lambda$executeRecursively$8(NodeTestTask.java:127)
	at org.junit.platform.engine.support.hierarchical.ThrowableCollector.execute(ThrowableCollector.java:73)
	at org.junit.platform.engine.support.hierarchical.NodeTestTask.executeRecursively(NodeTestTask.java:126)
	at org.junit.platform.engine.support.hierarchical.NodeTestTask.execute(NodeTestTask.java:84)
	at org.junit.platform.engine.support.hierarchical.SameThreadHierarchicalTestExecutorService.submit(SameThreadHierarchicalTestExecutorService.java:32)
	at org.junit.platform.engine.support.hierarchical.HierarchicalTestExecutor.execute(HierarchicalTestExecutor.java:57)
	at org.junit.platform.engine.support.hierarchical.HierarchicalTestEngine.execute(HierarchicalTestEngine.java:51)
	at org.junit.platform.launcher.core.DefaultLauncher.execute(DefaultLauncher.java:170)
	at org.junit.platform.launcher.core.DefaultLauncher.execute(DefaultLauncher.java:154)
	at org.junit.platform.launcher.core.DefaultLauncher.execute(DefaultLauncher.java:90)
	at org.apache.maven.surefire.junitplatform.JUnitPlatformProvider.invokeAllTests(JUnitPlatformProvider.java:142)
	at org.apache.maven.surefire.junitplatform.JUnitPlatformProvider.invoke(JUnitPlatformProvider.java:117)
	at org.apache.maven.surefire.booter.ForkedBooter.invokeProviderInSameClassLoader(ForkedBooter.java:383)
	at org.apache.maven.surefire.booter.ForkedBooter.runSuitesInProcess(ForkedBooter.java:344)
	at org.apache.maven.surefire.booter.ForkedBooter.execute(ForkedBooter.java:125)
	at org.apache.maven.surefire.booter.ForkedBooter.main(ForkedBooter.java:417)
02:18:37.877 [main] ERROR com.strategyengine.xrpl.fsedistributionservice.service.impl.XrplServiceImpl - Error fetching trustlines for bingo!
java.lang.NullPointerException: null
	at com.strategyengine.xrpl.fsedistributionservice.service.impl.XrplServiceImpl.getTrustLinesWithRetry(XrplServiceImpl.java:230)
	at com.strategyengine.xrpl.fsedistributionservice.service.impl.XrplServiceImpl.getTrustLinesWithRetry(XrplServiceImpl.java:237)
	at com.strategyengine.xrpl.fsedistributionservice.service.impl.XrplServiceImpl.getTrustLinesForCompare(XrplServiceImpl.java:194)
	at com.strategyengine.xrpl.fsedistributionservice.service.impl.XrplServiceImpl.getTrustLinesCompared(XrplServiceImpl.java:177)
	at com.strategyengine.xrpl.fsedistributionservice.service.impl.XrplServiceImpl.getTrustLines(XrplServiceImpl.java:169)
	at com.strategyengine.xrpl.fsedistributionservice.service.impl.XrplServiceImpl.getTrustLines(XrplServiceImpl.java:246)
	at com.strategyengine.xrpl.fsedistributionservice.service.impl.XrplServiceImpl.getAccountInfo(XrplServiceImpl.java:273)
	at com.strategyengine.xrpl.fsedistributionservice.service.impl.XrplServiceImpl.lambda$getAccountInfo$5(XrplServiceImpl.java:260)
	at java.base/java.util.stream.ReferencePipeline$3$1.accept(ReferencePipeline.java:195)
	at java.base/java.util.Collections$2.tryAdvance(Collections.java:4747)
	at java.base/java.util.Collections$2.forEachRemaining(Collections.java:4755)
	at java.base/java.util.stream.AbstractPipeline.copyInto(AbstractPipeline.java:484)
	at java.base/java.util.stream.AbstractPipeline.wrapAndCopyInto(AbstractPipeline.java:474)
	at java.base/java.util.stream.ReduceOps$ReduceOp.evaluateSequential(ReduceOps.java:913)
	at java.base/java.util.stream.AbstractPipeline.evaluate(AbstractPipeline.java:234)
	at java.base/java.util.stream.ReferencePipeline.collect(ReferencePipeline.java:578)
	at com.strategyengine.xrpl.fsedistributionservice.service.impl.XrplServiceImpl.getAccountInfo(XrplServiceImpl.java:260)
	at com.strategyengine.xrpl.fsedistributionservice.service.impl.XrplServiceImplTest.testGetAccountInfo(XrplServiceImplTest.java:178)
	at java.base/jdk.internal.reflect.NativeMethodAccessorImpl.invoke0(Native Method)
	at java.base/jdk.internal.reflect.NativeMethodAccessorImpl.invoke(NativeMethodAccessorImpl.java:62)
	at java.base/jdk.internal.reflect.DelegatingMethodAccessorImpl.invoke(DelegatingMethodAccessorImpl.java:43)
	at java.base/java.lang.reflect.Method.invoke(Method.java:566)
	at org.junit.platform.commons.util.ReflectionUtils.invokeMethod(ReflectionUtils.java:727)
	at org.junit.jupiter.engine.execution.MethodInvocation.proceed(MethodInvocation.java:60)
	at org.junit.jupiter.engine.execution.InvocationInterceptorChain$ValidatingInvocation.proceed(InvocationInterceptorChain.java:131)
	at org.junit.jupiter.engine.extension.TimeoutExtension.intercept(TimeoutExtension.java:156)
	at org.junit.jupiter.engine.extension.TimeoutExtension.interceptTestableMethod(TimeoutExtension.java:147)
	at org.junit.jupiter.engine.extension.TimeoutExtension.interceptTestMethod(TimeoutExtension.java:86)
	at org.junit.jupiter.engine.execution.InterceptingExecutableInvoker$ReflectiveInterceptorCall.lambda$ofVoidMethod$0(InterceptingExecutableInvoker.java:103)
	at org.junit.jupiter.engine.execution.InterceptingExecutableInvoker.lambda$invoke$0(InterceptingExecutableInvoker.java:93)
	at org.junit.jupiter.engine.execution.InvocationInterceptorChain$InterceptedInvocation.proceed(InvocationInterceptorChain.java:106)
	at org.junit.jupiter.engine.execution.InvocationInterceptorChain.proceed(InvocationInterceptorChain.java:64)
	at org.junit.jupiter.engine.execution.InvocationInterceptorChain.chainAndInvoke(InvocationInterceptorChain.java:45)
	at org.junit.jupiter.engine.execution.InvocationInterceptorChain.invoke(InvocationInterceptorChain.java:37)
	at org.junit.jupiter.engine.execution.InterceptingExecutableInvoker.invoke(InterceptingExecutableInvoker.java:92)
	at org.junit.jupiter.engine.execution.InterceptingExecutableInvoker.invoke(InterceptingExecutableInvoker.java:86)
	at org.junit.jupiter.engine.descriptor.TestMethodTestDescriptor.lambda$invokeTestMethod$7(TestMethodTestDescriptor.java:217)
	at org.junit.platform.engine.support.hierarchical.ThrowableCollector.execute(ThrowableCollector.java:73)
	at org.junit.jupiter.engine.descriptor.TestMethodTestDescriptor.invokeTestMethod(TestMethodTestDescriptor.java:213)
	at org.junit.jupiter.engine.descriptor.TestMethodTestDescriptor.execute(TestMethodTestDescriptor.java:138)
	at org.junit.jupiter.engine.descriptor.TestMethodTestDescriptor.execute(TestMethodTestDescriptor.java:68)
	at org.junit.platform.engine.support.hierarchical.NodeTestTask.lambda$executeRecursively$5(NodeTestTask.java:139)
	at org.junit.platform.engine.support.hierarchical.ThrowableCollector.execute(ThrowableCollector.java:73)
	at org.junit.platform.engine.support.hierarchical.NodeTestTask.lambda$executeRecursively$7(NodeTestTask.java:129)
	at org.junit.platform.engine.support.hierarchical.Node.around(Node.java:137)
	at org.junit.platform.engine.support.hierarchical.NodeTestTask.lambda$executeRecursively$8(NodeTestTask.java:127)
	at org.junit.platform.engine.support.hierarchical.ThrowableCollector.execute(ThrowableCollector.java:73)
	at org.junit.platform.engine.support.hierarchical.NodeTestTask.executeRecursively(NodeTestTask.java:126)
	at org.junit.platform.engine.support.hierarchical.NodeTestTask.execute(NodeTestTask.java:84)
	at java.base/java.util.ArrayList.forEach(ArrayList.java:1541)
	at org.junit.platform.engine.support.hierarchical.SameThreadHierarchicalTestExecutorService.invokeAll(SameThreadHierarchicalTestExecutorService.java:38)
	at org.junit.platform.engine.support.hierarchical.NodeTestTask.lambda$executeRecursively$5(NodeTestTask.java:143)
	at org.junit.platform.engine.support.hierarchical.ThrowableCollector.execute(ThrowableCollector.java:73)
	at org.junit.platform.engine.support.hierarchical.NodeTestTask.lambda$executeRecursively$7(NodeTestTask.java:129)
	at org.junit.platform.engine.support.hierarchical.Node.around(Node.java:137)
	at org.junit.platform.engine.support.hierarchical.NodeTestTask.lambda$executeRecursively$8(NodeTestTask.java:127)
	at org.junit.platform.engine.support.hierarchical.ThrowableCollector.execute(ThrowableCollector.java:73)
	at org.junit.platform.engine.support.hierarchical.NodeTestTask.executeRecursively(NodeTestTask.java:126)
	at org.junit.platform.engine.support.hierarchical.NodeTestTask.execute(NodeTestTask.java:84)
	at java.base/java.util.ArrayList.forEach(ArrayList.java:1541)
	at org.junit.platform.engine.support.hierarchical.SameThreadHierarchicalTestExecutorService.invokeAll(SameThreadHierarchicalTestExecutorService.java:38)
	at org.junit.platform.engine.support.hierarchical.NodeTestTask.lambda$executeRecursively$5(NodeTestTask.java:143)
	at org.junit.platform.engine.support.hierarchical.ThrowableCollector.execute(ThrowableCollector.java:73)
	at org.junit.platform.engine.support.hierarchical.NodeTestTask.lambda$executeRecursively$7(NodeTestTask.java:129)
	at org.junit.platform.engine.support.hierarchical.Node.around(Node.java:137)
	at org.junit.platform.engine.support.hierarchical.NodeTestTask.lambda$executeRecursively$8(NodeTestTask.java:127)
	at org.junit.platform.engine.support.hierarchical.ThrowableCollector.execute(ThrowableCollector.java:73)
	at org.junit.platform.engine.support.hierarchical.NodeTestTask.executeRecursively(NodeTestTask.java:126)
	at org.junit.platform.engine.support.hierarchical.NodeTestTask.execute(NodeTestTask.java:84)
	at org.junit.platform.engine.support.hierarchical.SameThreadHierarchicalTestExecutorService.submit(SameThreadHierarchicalTestExecutorService.java:32)
	at org.junit.platform.engine.support.hierarchical.HierarchicalTestExecutor.execute(HierarchicalTestExecutor.java:57)
	at org.junit.platform.engine.support.hierarchical.HierarchicalTestEngine.execute(HierarchicalTestEngine.java:51)
	at org.junit.platform.launcher.core.DefaultLauncher.execute(DefaultLauncher.java:170)
	at org.junit.platform.launcher.core.DefaultLauncher.execute(DefaultLauncher.java:154)
	at org.junit.platform.launcher.core.DefaultLauncher.execute(DefaultLauncher.java:90)
	at org.apache.maven.surefire.junitplatform.JUnitPlatformProvider.invokeAllTests(JUnitPlatformProvider.java:142)
	at org.apache.maven.surefire.junitplatform.JUnitPlatformProvider.invoke(JUnitPlatformProvider.java:117)
	at org.apache.maven.surefire.booter.ForkedBooter.invokeProviderInSameClassLoader(ForkedBooter.java:383)
	at org.apache.maven.surefire.booter.ForkedBooter.runSuitesInProcess(ForkedBooter.java:344)
	at org.apache.maven.surefire.booter.ForkedBooter.execute(ForkedBooter.java:125)
	at org.apache.maven.surefire.booter.ForkedBooter.main(ForkedBooter.java:417)
02:18:37.878 [main] ERROR com.strategyengine.xrpl.fsedistributionservice.service.impl.XrplServiceImpl - Error fetching trustlines for bingo!
java.lang.NullPointerException: null
	at com.strategyengine.xrpl.fsedistributionservice.service.impl.XrplServiceImpl.getTrustLinesWithRetry(XrplServiceImpl.java:230)
	at com.strategyengine.xrpl.fsedistributionservice.service.impl.XrplServiceImpl.getTrustLinesWithRetry(XrplServiceImpl.java:237)
	at com.strategyengine.xrpl.fsedistributionservice.service.impl.XrplServiceImpl.getTrustLinesWithRetry(XrplServiceImpl.java:237)
	at com.strategyengine.xrpl.fsedistributionservice.service.impl.XrplServiceImpl.getTrustLinesForCompare(XrplServiceImpl.java:194)
	at com.strategyengine.xrpl.fsedistributionservice.service.impl.XrplServiceImpl.getTrustLinesCompared(XrplServiceImpl.java:177)
	at com.strategyengine.xrpl.fsedistributionservice.service.impl.XrplServiceImpl.getTrustLines(XrplServiceImpl.java:169)
	at com.strategyengine.xrpl.fsedistributionservice.service.impl.XrplServiceImpl.getTrustLines(XrplServiceImpl.java:246)
	at com.strategyengine.xrpl.fsedistributionservice.service.impl.XrplServiceImpl.getAccountInfo(XrplServiceImpl.java:273)
	at com.strategyengine.xrpl.fsedistributionservice.service.impl.XrplServiceImpl.lambda$getAccountInfo$5(XrplServiceImpl.java:260)
	at java.base/java.util.stream.ReferencePipeline$3$1.accept(ReferencePipeline.java:195)
	at java.base/java.util.Collections$2.tryAdvance(Collections.java:4747)
	at java.base/java.util.Collections$2.forEachRemaining(Collections.java:4755)
	at java.base/java.util.stream.AbstractPipeline.copyInto(AbstractPipeline.java:484)
	at java.base/java.util.stream.AbstractPipeline.wrapAndCopyInto(AbstractPipeline.java:474)
	at java.base/java.util.stream.ReduceOps$ReduceOp.evaluateSequential(ReduceOps.java:913)
	at java.base/java.util.stream.AbstractPipeline.evaluate(AbstractPipeline.java:234)
	at java.base/java.util.stream.ReferencePipeline.collect(ReferencePipeline.java:578)
	at com.strategyengine.xrpl.fsedistributionservice.service.impl.XrplServiceImpl.getAccountInfo(XrplServiceImpl.java:260)
	at com.strategyengine.xrpl.fsedistributionservice.service.impl.XrplServiceImplTest.testGetAccountInfo(XrplServiceImplTest.java:178)
	at java.base/jdk.internal.reflect.NativeMethodAccessorImpl.invoke0(Native Method)
	at java.base/jdk.internal.reflect.NativeMethodAccessorImpl.invoke(NativeMethodAccessorImpl.java:62)
	at java.base/jdk.internal.reflect.DelegatingMethodAccessorImpl.invoke(DelegatingMethodAccessorImpl.java:43)
	at java.base/java.lang.reflect.Method.invoke(Method.java:566)
	at org.junit.platform.commons.util.ReflectionUtils.invokeMethod(ReflectionUtils.java:727)
	at org.junit.jupiter.engine.execution.MethodInvocation.proceed(MethodInvocation.java:60)
	at org.junit.jupiter.engine.execution.InvocationInterceptorChain$ValidatingInvocation.proceed(InvocationInterceptorChain.java:131)
	at org.junit.jupiter.engine.extension.TimeoutExtension.intercept(TimeoutExtension.java:156)
	at org.junit.jupiter.engine.extension.TimeoutExtension.interceptTestableMethod(TimeoutExtension.java:147)
	at org.junit.jupiter.engine.extension.TimeoutExtension.interceptTestMethod(TimeoutExtension.java:86)
	at org.junit.jupiter.engine.execution.InterceptingExecutableInvoker$ReflectiveInterceptorCall.lambda$ofVoidMethod$0(InterceptingExecutableInvoker.java:103)
	at org.junit.jupiter.engine.execution.InterceptingExecutableInvoker.lambda$invoke$0(InterceptingExecutableInvoker.java:93)
	at org.junit.jupiter.engine.execution.InvocationInterceptorChain$InterceptedInvocation.proceed(InvocationInterceptorChain.java:106)
	at org.junit.jupiter.engine.execution.InvocationInterceptorChain.proceed(InvocationInterceptorChain.java:64)
	at org.junit.jupiter.engine.execution.InvocationInterceptorChain.chainAndInvoke(InvocationInterceptorChain.java:45)
	at org.junit.jupiter.engine.execution.InvocationInterceptorChain.invoke(InvocationInterceptorChain.java:37)
	at org.junit.jupiter.engine.execution.InterceptingExecutableInvoker.invoke(InterceptingExecutableInvoker.java:92)
	at org.junit.jupiter.engine.execution.InterceptingExecutableInvoker.invoke(InterceptingExecutableInvoker.java:86)
	at org.junit.jupiter.engine.descriptor.TestMethodTestDescriptor.lambda$invokeTestMethod$7(TestMethodTestDescriptor.java:217)
	at org.junit.platform.engine.support.hierarchical.ThrowableCollector.execute(ThrowableCollector.java:73)
	at org.junit.jupiter.engine.descriptor.TestMethodTestDescriptor.invokeTestMethod(TestMethodTestDescriptor.java:213)
	at org.junit.jupiter.engine.descriptor.TestMethodTestDescriptor.execute(TestMethodTestDescriptor.java:138)
	at org.junit.jupiter.engine.descriptor.TestMethodTestDescriptor.execute(TestMethodTestDescriptor.java:68)
	at org.junit.platform.engine.support.hierarchical.NodeTestTask.lambda$executeRecursively$5(NodeTestTask.java:139)
	at org.junit.platform.engine.support.hierarchical.ThrowableCollector.execute(ThrowableCollector.java:73)
	at org.junit.platform.engine.support.hierarchical.NodeTestTask.lambda$executeRecursively$7(NodeTestTask.java:129)
	at org.junit.platform.engine.support.hierarchical.Node.around(Node.java:137)
	at org.junit.platform.engine.support.hierarchical.NodeTestTask.lambda$executeRecursively$8(NodeTestTask.java:127)
	at org.junit.platform.engine.support.hierarchical.ThrowableCollector.execute(ThrowableCollector.java:73)
	at org.junit.platform.engine.support.hierarchical.NodeTestTask.executeRecursively(NodeTestTask.java:126)
	at org.junit.platform.engine.support.hierarchical.NodeTestTask.execute(NodeTestTask.java:84)
	at java.base/java.util.ArrayList.forEach(ArrayList.java:1541)
	at org.junit.platform.engine.support.hierarchical.SameThreadHierarchicalTestExecutorService.invokeAll(SameThreadHierarchicalTestExecutorService.java:38)
	at org.junit.platform.engine.support.hierarchical.NodeTestTask.lambda$executeRecursively$5(NodeTestTask.java:143)
	at org.junit.platform.engine.support.hierarchical.ThrowableCollector.execute(ThrowableCollector.java:73)
	at org.junit.platform.engine.support.hierarchical.NodeTestTask.lambda$executeRecursively$7(NodeTestTask.java:129)
	at org.junit.platform.engine.support.hierarchical.Node.around(Node.java:137)
	at org.junit.platform.engine.support.hierarchical.NodeTestTask.lambda$executeRecursively$8(NodeTestTask.java:127)
	at org.junit.platform.engine.support.hierarchical.ThrowableCollector.execute(ThrowableCollector.java:73)
	at org.junit.platform.engine.support.hierarchical.NodeTestTask.executeRecursively(NodeTestTask.java:126)
	at org.junit.platform.engine.support.hierarchical.NodeTestTask.execute(NodeTestTask.java:84)
	at java.base/java.util.ArrayList.forEach(ArrayList.java:1541)
	at org.junit.platform.engine.support.hierarchical.SameThreadHierarchicalTestExecutorService.invokeAll(SameThreadHierarchicalTestExecutorService.java:38)
	at org.junit.platform.engine.support.hierarchical.NodeTestTask.lambda$executeRecursively$5(NodeTestTask.java:143)
	at org.junit.platform.engine.support.hierarchical.ThrowableCollector.execute(ThrowableCollector.java:73)
	at org.junit.platform.engine.support.hierarchical.NodeTestTask.lambda$executeRecursively$7(NodeTestTask.java:129)
	at org.junit.platform.engine.support.hierarchical.Node.around(Node.java:137)
	at org.junit.platform.engine.support.hierarchical.NodeTestTask.lambda$executeRecursively$8(NodeTestTask.java:127)
	at org.junit.platform.engine.support.hierarchical.ThrowableCollector.execute(ThrowableCollector.java:73)
	at org.junit.platform.engine.support.hierarchical.NodeTestTask.executeRecursively(NodeTestTask.java:126)
	at org.junit.platform.engine.support.hierarchical.NodeTestTask.execute(NodeTestTask.java:84)
	at org.junit.platform.engine.support.hierarchical.SameThreadHierarchicalTestExecutorService.submit(SameThreadHierarchicalTestExecutorService.java:32)
	at org.junit.platform.engine.support.hierarchical.HierarchicalTestExecutor.execute(HierarchicalTestExecutor.java:57)
	at org.junit.platform.engine.support.hierarchical.HierarchicalTestEngine.execute(HierarchicalTestEngine.java:51)
	at org.junit.platform.launcher.core.DefaultLauncher.execute(DefaultLauncher.java:170)
	at org.junit.platform.launcher.core.DefaultLauncher.execute(DefaultLauncher.java:154)
	at org.junit.platform.launcher.core.DefaultLauncher.execute(DefaultLauncher.java:90)
	at org.apache.maven.surefire.junitplatform.JUnitPlatformProvider.invokeAllTests(JUnitPlatformProvider.java:142)
	at org.apache.maven.surefire.junitplatform.JUnitPlatformProvider.invoke(JUnitPlatformProvider.java:117)
	at org.apache.maven.surefire.booter.ForkedBooter.invokeProviderInSameClassLoader(ForkedBooter.java:383)
	at org.apache.maven.surefire.booter.ForkedBooter.runSuitesInProcess(ForkedBooter.java:344)
	at org.apache.maven.surefire.booter.ForkedBooter.execute(ForkedBooter.java:125)
	at org.apache.maven.surefire.booter.ForkedBooter.main(ForkedBooter.java:417)
02:18:37.900 [pool-8-thread-1] ERROR com.strategyengine.xrpl.fsedistributionservice.service.impl.XrplServiceImpl - Error fetching trustlines for bingo!
java.lang.NullPointerException: null
	at com.strategyengine.xrpl.fsedistributionservice.service.impl.XrplServiceImpl.getTrustLinesWithRetry(XrplServiceImpl.java:230)
	at com.strategyengine.xrpl.fsedistributionservice.service.impl.XrplServiceImpl.getTrustLinesForCompare(XrplServiceImpl.java:194)
	at com.strategyengine.xrpl.fsedistributionservice.service.impl.XrplServiceImpl.getTrustLinesCompared(XrplServiceImpl.java:177)
	at com.strategyengine.xrpl.fsedistributionservice.service.impl.XrplServiceImpl.getTrustLines(XrplServiceImpl.java:169)
	at com.strategyengine.xrpl.fsedistributionservice.service.impl.XrplServiceImpl.getTrustLines(XrplServiceImpl.java:246)
	at com.strategyengine.xrpl.fsedistributionservice.service.impl.XrplServiceImpl.getAccountInfo(XrplServiceImpl.java:273)
	at com.strategyengine.xrpl.fsedistributionservice.service.impl.XrplServiceImpl.getAccountInfo(XrplServiceImpl.java:265)
	at com.strategyengine.xrpl.fsedistributionservice.service.impl.XrplServiceImpl.sendFsePaymentToTrustlinesThread(XrplServiceImpl.java:679)
	at com.strategyengine.xrpl.fsedistributionservice.service.impl.XrplServiceImpl.lambda$sendFsePaymentToTrustlines$22(XrplServiceImpl.java:625)
	at java.base/java.util.concurrent.ThreadPoolExecutor.runWorker(ThreadPoolExecutor.java:1128)
	at java.base/java.util.concurrent.ThreadPoolExecutor$Worker.run(ThreadPoolExecutor.java:628)
	at java.base/java.lang.Thread.run(Thread.java:829)
02:18:37.901 [pool-8-thread-1] ERROR com.strategyengine.xrpl.fsedistributionservice.service.impl.XrplServiceImpl - Error fetching trustlines for bingo!
java.lang.NullPointerException: null
	at com.strategyengine.xrpl.fsedistributionservice.service.impl.XrplServiceImpl.getTrustLinesWithRetry(XrplServiceImpl.java:230)
	at com.strategyengine.xrpl.fsedistributionservice.service.impl.XrplServiceImpl.getTrustLinesWithRetry(XrplServiceImpl.java:237)
	at com.strategyengine.xrpl.fsedistributionservice.service.impl.XrplServiceImpl.getTrustLinesForCompare(XrplServiceImpl.java:194)
	at com.strategyengine.xrpl.fsedistributionservice.service.impl.XrplServiceImpl.getTrustLinesCompared(XrplServiceImpl.java:177)
	at com.strategyengine.xrpl.fsedistributionservice.service.impl.XrplServiceImpl.getTrustLines(XrplServiceImpl.java:169)
	at com.strategyengine.xrpl.fsedistributionservice.service.impl.XrplServiceImpl.getTrustLines(XrplServiceImpl.java:246)
	at com.strategyengine.xrpl.fsedistributionservice.service.impl.XrplServiceImpl.getAccountInfo(XrplServiceImpl.java:273)
	at com.strategyengine.xrpl.fsedistributionservice.service.impl.XrplServiceImpl.getAccountInfo(XrplServiceImpl.java:265)
	at com.strategyengine.xrpl.fsedistributionservice.service.impl.XrplServiceImpl.sendFsePaymentToTrustlinesThread(XrplServiceImpl.java:679)
	at com.strategyengine.xrpl.fsedistributionservice.service.impl.XrplServiceImpl.lambda$sendFsePaymentToTrustlines$22(XrplServiceImpl.java:625)
	at java.base/java.util.concurrent.ThreadPoolExecutor.runWorker(ThreadPoolExecutor.java:1128)
	at java.base/java.util.concurrent.ThreadPoolExecutor$Worker.run(ThreadPoolExecutor.java:628)
	at java.base/java.lang.Thread.run(Thread.java:829)
02:18:37.901 [pool-8-thread-1] ERROR com.strategyengine.xrpl.fsedistributionservice.service.impl.XrplServiceImpl - Error fetching trustlines for bingo!
java.lang.NullPointerException: null
	at com.strategyengine.xrpl.fsedistributionservice.service.impl.XrplServiceImpl.getTrustLinesWithRetry(XrplServiceImpl.java:230)
	at com.strategyengine.xrpl.fsedistributionservice.service.impl.XrplServiceImpl.getTrustLinesWithRetry(XrplServiceImpl.java:237)
	at com.strategyengine.xrpl.fsedistributionservice.service.impl.XrplServiceImpl.getTrustLinesWithRetry(XrplServiceImpl.java:237)
	at com.strategyengine.xrpl.fsedistributionservice.service.impl.XrplServiceImpl.getTrustLinesForCompare(XrplServiceImpl.java:194)
	at com.strategyengine.xrpl.fsedistributionservice.service.impl.XrplServiceImpl.getTrustLinesCompared(XrplServiceImpl.java:177)
	at com.strategyengine.xrpl.fsedistributionservice.service.impl.XrplServiceImpl.getTrustLines(XrplServiceImpl.java:169)
	at com.strategyengine.xrpl.fsedistributionservice.service.impl.XrplServiceImpl.getTrustLines(XrplServiceImpl.java:246)
	at com.strategyengine.xrpl.fsedistributionservice.service.impl.XrplServiceImpl.getAccountInfo(XrplServiceImpl.java:273)
	at com.strategyengine.xrpl.fsedistributionservice.service.impl.XrplServiceImpl.getAccountInfo(XrplServiceImpl.java:265)
	at com.strategyengine.xrpl.fsedistributionservice.service.impl.XrplServiceImpl.sendFsePaymentToTrustlinesThread(XrplServiceImpl.java:679)
	at com.strategyengine.xrpl.fsedistributionservice.service.impl.XrplServiceImpl.lambda$sendFsePaymentToTrustlines$22(XrplServiceImpl.java:625)
	at java.base/java.util.concurrent.ThreadPoolExecutor.runWorker(ThreadPoolExecutor.java:1128)
	at java.base/java.util.concurrent.ThreadPoolExecutor$Worker.run(ThreadPoolExecutor.java:628)
	at java.base/java.lang.Thread.run(Thread.java:829)
Exception in thread "pool-8-thread-1" java.lang.NullPointerException
	at com.strategyengine.xrpl.fsedistributionservice.service.impl.XrplServiceImpl.sendFsePaymentToTrustlinesThread(XrplServiceImpl.java:689)
	at com.strategyengine.xrpl.fsedistributionservice.service.impl.XrplServiceImpl.lambda$sendFsePaymentToTrustlines$22(XrplServiceImpl.java:625)
	at java.base/java.util.concurrent.ThreadPoolExecutor.runWorker(ThreadPoolExecutor.java:1128)
	at java.base/java.util.concurrent.ThreadPoolExecutor$Worker.run(ThreadPoolExecutor.java:628)
	at java.base/java.lang.Thread.run(Thread.java:829)
02:18:37.913 [main] INFO com.strategyengine.xrpl.fsedistributionservice.service.impl.XrplServiceImpl - Completed fetching 1 trustlines for bingo!
[INFO] Tests run: 15, Failures: 0, Errors: 0, Skipped: 0, Time elapsed: 0.088 s - in com.strategyengine.xrpl.fsedistributionservice.service.impl.XrplServiceImplTest
[INFO] Running com.strategyengine.xrpl.fsedistributionservice.service.impl.BlacklistServiceImplTest
[INFO] Tests run: 3, Failures: 0, Errors: 0, Skipped: 0, Time elapsed: 0.028 s - in com.strategyengine.xrpl.fsedistributionservice.service.impl.BlacklistServiceImplTest
[INFO] Running com.strategyengine.xrpl.fsedistributionservice.service.impl.AnalysisServiceImplTest
[INFO] Tests run: 1, Failures: 0, Errors: 0, Skipped: 0, Time elapsed: 0.004 s - in com.strategyengine.xrpl.fsedistributionservice.service.impl.AnalysisServiceImplTest
[INFO] Running com.strategyengine.xrpl.fsedistributionservice.service.impl.AirdropVerificationServiceImplTest
02:18:37.960 [main] INFO com.strategyengine.xrpl.fsedistributionservice.service.impl.AirdropVerificationServiceImpl - getTotalFeeRequiredForSide - sendingDifferentIssuer for drop - service Fee - 2.0
02:18:37.970 [main] INFO com.strategyengine.xrpl.fsedistributionservice.service.impl.AirdropVerificationServiceImpl - dropId:2000000 totalVerifiedRecipients:6200 totalFeesCollected:0.00 totalFeeRequiredForSize:1.00 remainingToCollect:1.00 currency:te issuer:1234 snapCurrency:null snapIssuer:null
02:18:37.970 [main] INFO com.strategyengine.xrpl.fsedistributionservice.service.impl.AirdropVerificationServiceImpl - dropid:2000000 feePortionBurn:0.99100 feePortionArdy:0.00100
02:18:37.979 [main] INFO com.strategyengine.xrpl.fsedistributionservice.service.impl.AirdropVerificationServiceImpl - dropId:2000000 totalVerifiedRecipients:8000 totalFeesCollected:0.12 totalFeeRequiredForSize:1.00 remainingToCollect:0.88 currency:te issuer:1234 snapCurrency:null snapIssuer:null
02:18:37.979 [main] INFO com.strategyengine.xrpl.fsedistributionservice.service.impl.AirdropVerificationServiceImpl - dropid:2000000 feePortionBurn:0.87208 feePortionArdy:0.00088
02:18:37.981 [main] INFO com.strategyengine.xrpl.fsedistributionservice.service.impl.AirdropVerificationServiceImpl - dropId:2000000 totalVerifiedRecipients:52550 totalFeesCollected:0.01 totalFeeRequiredForSize:3.00 remainingToCollect:2.99 currency:te issuer:1234 snapCurrency:null snapIssuer:null
02:18:37.981 [main] INFO com.strategyengine.xrpl.fsedistributionservice.service.impl.AirdropVerificationServiceImpl - dropid:2000000 feePortionBurn:2.96309 feePortionArdy:0.00299
02:18:37.984 [main] INFO com.strategyengine.xrpl.fsedistributionservice.service.impl.AirdropVerificationServiceImpl - dropId:2000000 totalVerifiedRecipients:52550 totalFeesCollected:0.00 totalFeeRequiredForSize:3.00 remainingToCollect:3.00 currency:te issuer:1234 snapCurrency:null snapIssuer:null
02:18:37.984 [main] INFO com.strategyengine.xrpl.fsedistributionservice.service.impl.AirdropVerificationServiceImpl - dropid:2000000 feePortionBurn:2.97300 feePortionArdy:0.00300
02:18:37.986 [main] INFO com.strategyengine.xrpl.fsedistributionservice.service.impl.AirdropVerificationServiceImpl - dropId:2000000 totalVerifiedRecipients:52550 totalFeesCollected:1.01 totalFeeRequiredForSize:3.00 remainingToCollect:1.99 currency:te issuer:1234 snapCurrency:null snapIssuer:null
02:18:37.986 [main] INFO com.strategyengine.xrpl.fsedistributionservice.service.impl.AirdropVerificationServiceImpl - dropid:2000000 feePortionBurn:1.97209 feePortionArdy:0.00199
02:18:37.988 [main] INFO com.strategyengine.xrpl.fsedistributionservice.service.impl.AirdropVerificationServiceImpl - dropId:2000000 totalVerifiedRecipients:1 totalFeesCollected:0.00 totalFeeRequiredForSize:1.00 remainingToCollect:1.00 currency:te issuer:1234 snapCurrency:null snapIssuer:null
02:18:37.988 [main] INFO com.strategyengine.xrpl.fsedistributionservice.service.impl.AirdropVerificationServiceImpl - dropid:2000000 feePortionBurn:0.99100 feePortionArdy:0.00100
02:18:37.991 [main] INFO com.strategyengine.xrpl.fsedistributionservice.service.impl.AirdropVerificationServiceImpl - dropId:2000000 totalVerifiedRecipients:8000 totalFeesCollected:0.12 totalFeeRequiredForSize:0.20 remainingToCollect:0.08 currency:te issuer:1234 snapCurrency:null snapIssuer:null
02:18:37.991 [main] INFO com.strategyengine.xrpl.fsedistributionservice.service.impl.AirdropVerificationServiceImpl - dropid:2000000 feePortionBurn:0.07928 feePortionArdy:0.00008
02:18:37.993 [main] INFO com.strategyengine.xrpl.fsedistributionservice.service.impl.AirdropVerificationServiceImpl - dropId:2000000 totalVerifiedRecipients:1 totalFeesCollected:0.00 totalFeeRequiredForSize:0.10 remainingToCollect:0.10 currency:te issuer:1234 snapCurrency:null snapIssuer:null
02:18:37.993 [main] INFO com.strategyengine.xrpl.fsedistributionservice.service.impl.AirdropVerificationServiceImpl - dropid:2000000 feePortionBurn:0.09910 feePortionArdy:0.00010
02:18:37.996 [main] INFO com.strategyengine.xrpl.fsedistributionservice.service.impl.AirdropVerificationServiceImpl - dropId:2000000 totalVerifiedRecipients:8000 totalFeesCollected:0.12 totalFeeRequiredForSize:1.00 remainingToCollect:0.88 currency:te issuer:1234 snapCurrency:null snapIssuer:null
02:18:37.996 [main] INFO com.strategyengine.xrpl.fsedistributionservice.service.impl.AirdropVerificationServiceImpl - dropid:2000000 feePortionBurn:0.87208 feePortionArdy:0.00088
02:18:37.998 [main] INFO com.strategyengine.xrpl.fsedistributionservice.service.impl.AirdropVerificationServiceImpl - dropId:2000000 totalVerifiedRecipients:1 totalFeesCollected:0.00 totalFeeRequiredForSize:0.10 remainingToCollect:0.10 currency:te issuer:1234 snapCurrency:null snapIssuer:null
02:18:37.998 [main] INFO com.strategyengine.xrpl.fsedistributionservice.service.impl.AirdropVerificationServiceImpl - dropid:2000000 feePortionBurn:0.09910 feePortionArdy:0.00010
02:18:38.001 [main] INFO com.strategyengine.xrpl.fsedistributionservice.service.impl.AirdropVerificationServiceImpl - dropId:2000000 totalVerifiedRecipients:1 totalFeesCollected:0.00 totalFeeRequiredForSize:1.00 remainingToCollect:1.00 currency:te issuer:1234 snapCurrency:null snapIssuer:null
02:18:38.001 [main] INFO com.strategyengine.xrpl.fsedistributionservice.service.impl.AirdropVerificationServiceImpl - dropid:2000000 feePortionBurn:0.99100 feePortionArdy:0.00100
02:18:38.003 [main] INFO com.strategyengine.xrpl.fsedistributionservice.service.impl.AirdropVerificationServiceImpl - dropId:2000000 totalVerifiedRecipients:8000 totalFeesCollected:0.12 totalFeeRequiredForSize:0.20 remainingToCollect:0.08 currency:te issuer:1234 snapCurrency:null snapIssuer:null
02:18:38.004 [main] INFO com.strategyengine.xrpl.fsedistributionservice.service.impl.AirdropVerificationServiceImpl - dropid:2000000 feePortionBurn:0.07928 feePortionArdy:0.00008
02:18:38.007 [main] INFO com.strategyengine.xrpl.fsedistributionservice.service.impl.AirdropVerificationServiceImpl - dropId:1000000 totalVerifiedRecipients:43 totalFeesCollected:1.00 totalFeeRequiredForSize:1.00 remainingToCollect:0.00 currency:te issuer:1234 snapCurrency:null snapIssuer:null
02:18:38.010 [main] INFO com.strategyengine.xrpl.fsedistributionservice.service.impl.AirdropVerificationServiceImpl - dropId:1000000 totalVerifiedRecipients:2000 totalFeesCollected:1.10 totalFeeRequiredForSize:1.00 remainingToCollect:-0.10 currency:te issuer:1234 snapCurrency:null snapIssuer:null
[INFO] Tests run: 19, Failures: 0, Errors: 0, Skipped: 0, Time elapsed: 0.055 s - in com.strategyengine.xrpl.fsedistributionservice.service.impl.AirdropVerificationServiceImplTest
[INFO] Running com.strategyengine.xrpl.fsedistributionservice.service.impl.AirDropRunnerImplTest
[INFO] Tests run: 1, Failures: 0, Errors: 0, Skipped: 0, Time elapsed: 0.001 s - in com.strategyengine.xrpl.fsedistributionservice.service.impl.AirDropRunnerImplTest
[INFO] 
[INFO] Results:
[INFO] 
[INFO] Tests run: 78, Failures: 0, Errors: 0, Skipped: 0
[INFO] 
[INFO] 
[INFO] --- jacoco-maven-plugin:0.8.11:report (report) @ fsedistributionservice ---
[INFO] Loading execution data file /app/target/jacoco.exec
[INFO] Analyzed bundle 'fsedistributionservice' with 106 classes
[INFO] 
[INFO] --- jacoco-maven-plugin:0.8.11:report (default-cli) @ fsedistributionservice ---
[INFO] Loading execution data file /app/target/jacoco.exec
[INFO] Analyzed bundle 'fsedistributionservice' with 106 classes
[INFO] ------------------------------------------------------------------------
[INFO] BUILD SUCCESS
[INFO] ------------------------------------------------------------------------
[INFO] Total time:  8.525 s
[INFO] Finished at: 2026-04-08T02:18:38Z
[INFO] ------------------------------------------------------------------------
