[INFO] Scanning for projects...
[INFO] 
[INFO] -------------------< com.amigoscode:spring.security >-------------------
[INFO] Building spring.security 0.0.1-SNAPSHOT
[INFO] --------------------------------[ jar ]---------------------------------
[INFO] 
[INFO] --- maven-clean-plugin:3.1.0:clean (default-clean) @ spring.security ---
[INFO] Deleting /app/target
[INFO] 
[INFO] --- jacoco-maven-plugin:0.8.11:prepare-agent (default) @ spring.security ---
[INFO] argLine set to -javaagent:/root/.m2/repository/org/jacoco/org.jacoco.agent/0.8.11/org.jacoco.agent-0.8.11-runtime.jar=destfile=/app/target/jacoco.exec
[INFO] 
[INFO] --- maven-resources-plugin:3.2.0:resources (default-resources) @ spring.security ---
[INFO] Using 'UTF-8' encoding to copy filtered resources.
[INFO] Using 'UTF-8' encoding to copy filtered properties files.
[INFO] Copying 1 resource
[INFO] Copying 3 resources
[INFO] 
[INFO] --- maven-compiler-plugin:3.8.1:compile (default-compile) @ spring.security ---
[INFO] Changes detected - recompiling the module!
[INFO] Compiling 18 source files to /app/target/classes
[INFO] /app/src/main/java/com/amigoscode/spring/security/jwt/JwtTokenVerifier.java: /app/src/main/java/com/amigoscode/spring/security/jwt/JwtTokenVerifier.java uses or overrides a deprecated API.
[INFO] /app/src/main/java/com/amigoscode/spring/security/jwt/JwtTokenVerifier.java: Recompile with -Xlint:deprecation for details.
[INFO] /app/src/main/java/com/amigoscode/spring/security/jwt/JwtTokenVerifier.java: /app/src/main/java/com/amigoscode/spring/security/jwt/JwtTokenVerifier.java uses unchecked or unsafe operations.
[INFO] /app/src/main/java/com/amigoscode/spring/security/jwt/JwtTokenVerifier.java: Recompile with -Xlint:unchecked for details.
[INFO] 
[INFO] --- build-helper-maven-plugin:3.3.0:add-test-source (add-kex-test-source) @ spring.security ---
[INFO] Test Source directory: /app/src/test/java/kex-tests added.
[INFO] 
[INFO] --- maven-resources-plugin:3.2.0:testResources (default-testResources) @ spring.security ---
[INFO] Using 'UTF-8' encoding to copy filtered resources.
[INFO] Using 'UTF-8' encoding to copy filtered properties files.
[INFO] skip non existing resourceDirectory /app/src/test/resources
[INFO] 
[INFO] --- maven-compiler-plugin:3.8.1:testCompile (default-testCompile) @ spring.security ---
[INFO] Changes detected - recompiling the module!
[INFO] Compiling 1 source file to /app/target/test-classes
[INFO] 
[INFO] --- maven-surefire-plugin:2.22.2:test (default-test) @ spring.security ---
[INFO] 
[INFO] -------------------------------------------------------
[INFO]  T E S T S
[INFO] -------------------------------------------------------
[INFO] Running com.amigoscode.spring.security.ApplicationTests
02:10:59.910 [main] DEBUG org.springframework.test.context.BootstrapUtils - Instantiating CacheAwareContextLoaderDelegate from class [org.springframework.test.context.cache.DefaultCacheAwareContextLoaderDelegate]
02:10:59.927 [main] DEBUG org.springframework.test.context.BootstrapUtils - Instantiating BootstrapContext using constructor [public org.springframework.test.context.support.DefaultBootstrapContext(java.lang.Class,org.springframework.test.context.CacheAwareContextLoaderDelegate)]
02:10:59.981 [main] DEBUG org.springframework.test.context.BootstrapUtils - Instantiating TestContextBootstrapper for test class [com.amigoscode.spring.security.ApplicationTests] from class [org.springframework.boot.test.context.SpringBootTestContextBootstrapper]
02:10:59.996 [main] INFO org.springframework.boot.test.context.SpringBootTestContextBootstrapper - Neither @ContextConfiguration nor @ContextHierarchy found for test class [com.amigoscode.spring.security.ApplicationTests], using SpringBootContextLoader
02:11:00.002 [main] DEBUG org.springframework.test.context.support.AbstractContextLoader - Did not detect default resource location for test class [com.amigoscode.spring.security.ApplicationTests]: class path resource [com/amigoscode/spring/security/ApplicationTests-context.xml] does not exist
02:11:00.003 [main] DEBUG org.springframework.test.context.support.AbstractContextLoader - Did not detect default resource location for test class [com.amigoscode.spring.security.ApplicationTests]: class path resource [com/amigoscode/spring/security/ApplicationTestsContext.groovy] does not exist
02:11:00.003 [main] INFO org.springframework.test.context.support.AbstractContextLoader - Could not detect default resource locations for test class [com.amigoscode.spring.security.ApplicationTests]: no resource found for suffixes {-context.xml, Context.groovy}.
02:11:00.004 [main] INFO org.springframework.test.context.support.AnnotationConfigContextLoaderUtils - Could not detect default configuration classes for test class [com.amigoscode.spring.security.ApplicationTests]: ApplicationTests does not declare any static, non-private, non-final, nested classes annotated with @Configuration.
02:11:00.053 [main] DEBUG org.springframework.test.context.support.ActiveProfilesUtils - Could not find an 'annotation declaring class' for annotation type [org.springframework.test.context.ActiveProfiles] and class [com.amigoscode.spring.security.ApplicationTests]
02:11:00.129 [main] DEBUG org.springframework.context.annotation.ClassPathScanningCandidateComponentProvider - Identified candidate component class: file [/app/target/classes/com/amigoscode/spring/security/Application.class]
02:11:00.129 [main] INFO org.springframework.boot.test.context.SpringBootTestContextBootstrapper - Found @SpringBootConfiguration com.amigoscode.spring.security.Application for test class com.amigoscode.spring.security.ApplicationTests
02:11:00.238 [main] DEBUG org.springframework.boot.test.context.SpringBootTestContextBootstrapper - @TestExecutionListeners is not present for class [com.amigoscode.spring.security.ApplicationTests]: using defaults.
02:11:00.239 [main] INFO org.springframework.boot.test.context.SpringBootTestContextBootstrapper - Loaded default TestExecutionListener class names from location [META-INF/spring.factories]: [org.springframework.boot.test.mock.mockito.MockitoTestExecutionListener, org.springframework.boot.test.mock.mockito.ResetMocksTestExecutionListener, org.springframework.boot.test.autoconfigure.restdocs.RestDocsTestExecutionListener, org.springframework.boot.test.autoconfigure.web.client.MockRestServiceServerResetTestExecutionListener, org.springframework.boot.test.autoconfigure.web.servlet.MockMvcPrintOnlyOnFailureTestExecutionListener, org.springframework.boot.test.autoconfigure.web.servlet.WebDriverTestExecutionListener, org.springframework.boot.test.autoconfigure.webservices.client.MockWebServiceServerTestExecutionListener, org.springframework.test.context.web.ServletTestExecutionListener, org.springframework.test.context.support.DirtiesContextBeforeModesTestExecutionListener, org.springframework.test.context.event.ApplicationEventsTestExecutionListener, org.springframework.test.context.support.DependencyInjectionTestExecutionListener, org.springframework.test.context.support.DirtiesContextTestExecutionListener, org.springframework.test.context.transaction.TransactionalTestExecutionListener, org.springframework.test.context.jdbc.SqlScriptsTestExecutionListener, org.springframework.test.context.event.EventPublishingTestExecutionListener]
02:11:00.254 [main] DEBUG org.springframework.boot.test.context.SpringBootTestContextBootstrapper - Skipping candidate TestExecutionListener [org.springframework.test.context.transaction.TransactionalTestExecutionListener] due to a missing dependency. Specify custom listener classes or make the default listener classes and their required dependencies available. Offending class: [org/springframework/transaction/interceptor/TransactionAttributeSource]
02:11:00.254 [main] DEBUG org.springframework.boot.test.context.SpringBootTestContextBootstrapper - Skipping candidate TestExecutionListener [org.springframework.test.context.jdbc.SqlScriptsTestExecutionListener] due to a missing dependency. Specify custom listener classes or make the default listener classes and their required dependencies available. Offending class: [org/springframework/transaction/interceptor/TransactionAttribute]
02:11:00.255 [main] INFO org.springframework.boot.test.context.SpringBootTestContextBootstrapper - Using TestExecutionListeners: [org.springframework.test.context.web.ServletTestExecutionListener@29188050, org.springframework.test.context.support.DirtiesContextBeforeModesTestExecutionListener@3f122cdc, org.springframework.test.context.event.ApplicationEventsTestExecutionListener@5bf523e3, org.springframework.boot.test.mock.mockito.MockitoTestExecutionListener@8d29719, org.springframework.boot.test.autoconfigure.SpringBootDependencyInjectionTestExecutionListener@65259c53, org.springframework.test.context.support.DirtiesContextTestExecutionListener@4bff28e7, org.springframework.test.context.event.EventPublishingTestExecutionListener@39e7e040, org.springframework.boot.test.mock.mockito.ResetMocksTestExecutionListener@2591d23a, org.springframework.boot.test.autoconfigure.restdocs.RestDocsTestExecutionListener@6c1f15df, org.springframework.boot.test.autoconfigure.web.client.MockRestServiceServerResetTestExecutionListener@5e95b0ab, org.springframework.boot.test.autoconfigure.web.servlet.MockMvcPrintOnlyOnFailureTestExecutionListener@5876bed9, org.springframework.boot.test.autoconfigure.web.servlet.WebDriverTestExecutionListener@73ddb7ef, org.springframework.boot.test.autoconfigure.webservices.client.MockWebServiceServerTestExecutionListener@67f8f5a6]
02:11:00.258 [main] DEBUG org.springframework.test.context.support.AbstractDirtiesContextTestExecutionListener - Before test class: context [DefaultTestContext@46591e98 testClass = ApplicationTests, testInstance = [null], testMethod = [null], testException = [null], mergedContextConfiguration = [WebMergedContextConfiguration@5b6cc344 testClass = ApplicationTests, locations = '{}', classes = '{class com.amigoscode.spring.security.Application}', contextInitializerClasses = '[]', activeProfiles = '{}', propertySourceLocations = '{}', propertySourceProperties = '{org.springframework.boot.test.context.SpringBootTestContextBootstrapper=true}', contextCustomizers = set[org.springframework.boot.test.context.filter.ExcludeFilterContextCustomizer@252744a1, org.springframework.boot.test.json.DuplicateJsonObjectContextCustomizerFactory$DuplicateJsonObjectContextCustomizer@662e682a, org.springframework.boot.test.mock.mockito.MockitoContextCustomizer@0, org.springframework.boot.test.web.client.TestRestTemplateContextCustomizer@259b85d6, org.springframework.boot.test.autoconfigure.actuate.metrics.MetricsExportContextCustomizerFactory$DisableMetricExportContextCustomizer@420cd102, org.springframework.boot.test.autoconfigure.properties.PropertyMappingContextCustomizer@0, org.springframework.boot.test.autoconfigure.web.servlet.WebDriverContextCustomizerFactory$Customizer@707e4fe4, org.springframework.boot.test.context.SpringBootTestArgs@1, org.springframework.boot.test.context.SpringBootTestWebEnvironment@64df9a61], resourceBasePath = 'src/main/webapp', contextLoader = 'org.springframework.boot.test.context.SpringBootContextLoader', parent = [null]], attributes = map['org.springframework.test.context.web.ServletTestExecutionListener.activateListener' -> true]], class annotated with @DirtiesContext [false] with mode [null].
02:11:00.294 [main] DEBUG org.springframework.test.context.support.TestPropertySourceUtils - Adding inlined properties to environment: {spring.jmx.enabled=false, org.springframework.boot.test.context.SpringBootTestContextBootstrapper=true}

  .   ____          _            __ _ _
 /\\ / ___'_ __ _ _(_)_ __  __ _ \ \ \ \
( ( )\___ | '_ | '_| | '_ \/ _` | \ \ \ \
 \\/  ___)| |_)| | | | | || (_| |  ) ) ) )
  '  |____| .__|_| |_|_| |_\__, | / / / /
 =========|_|==============|___/=/_/_/_/
 :: Spring Boot ::                (v2.4.5)

2026-04-08 02:11:00.570  INFO 69 --- [           main] c.a.spring.security.ApplicationTests     : Starting ApplicationTests using Java 11.0.16 on 516e2ba22812 with PID 69 (started by root in /app)
2026-04-08 02:11:00.572  INFO 69 --- [           main] c.a.spring.security.ApplicationTests     : No active profile set, falling back to default profiles: default
2026-04-08 02:11:01.704  INFO 69 --- [           main] o.s.s.web.DefaultSecurityFilterChain     : Will secure any request with [org.springframework.security.web.context.request.async.WebAsyncManagerIntegrationFilter@babef5e, org.springframework.security.web.context.SecurityContextPersistenceFilter@4c1ea0ab, org.springframework.security.web.header.HeaderWriterFilter@74a4a82a, org.springframework.security.web.authentication.logout.LogoutFilter@4926f6d6, com.amigoscode.spring.security.jwt.JwtUsernameAndPasswordAuthenticationFilter@50bdd956, com.amigoscode.spring.security.jwt.JwtTokenVerifier@7d12e459, org.springframework.security.web.savedrequest.RequestCacheAwareFilter@27df0864, org.springframework.security.web.servletapi.SecurityContextHolderAwareRequestFilter@4e41fbf5, org.springframework.security.web.authentication.AnonymousAuthenticationFilter@1748e38e, org.springframework.security.web.session.SessionManagementFilter@2325b28f, org.springframework.security.web.access.ExceptionTranslationFilter@422790a1, org.springframework.security.web.access.intercept.FilterSecurityInterceptor@34a4599a]
2026-04-08 02:11:01.975  INFO 69 --- [           main] o.s.s.concurrent.ThreadPoolTaskExecutor  : Initializing ExecutorService 'applicationTaskExecutor'
2026-04-08 02:11:02.081  INFO 69 --- [           main] o.s.b.a.w.s.WelcomePageHandlerMapping    : Adding welcome page: class path resource [static/index.html]
2026-04-08 02:11:02.243  INFO 69 --- [           main] c.a.spring.security.ApplicationTests     : Started ApplicationTests in 1.942 seconds (JVM running for 2.972)
[INFO] Tests run: 1, Failures: 0, Errors: 0, Skipped: 0, Time elapsed: 2.668 s - in com.amigoscode.spring.security.ApplicationTests
2026-04-08 02:11:02.520  INFO 69 --- [extShutdownHook] o.s.s.concurrent.ThreadPoolTaskExecutor  : Shutting down ExecutorService 'applicationTaskExecutor'
[INFO] 
[INFO] Results:
[INFO] 
[INFO] Tests run: 1, Failures: 0, Errors: 0, Skipped: 0
[INFO] 
[INFO] 
[INFO] --- jacoco-maven-plugin:0.8.11:report (report) @ spring.security ---
[INFO] Loading execution data file /app/target/jacoco.exec
[INFO] Analyzed bundle 'spring.security' with 17 classes
[INFO] 
[INFO] --- jacoco-maven-plugin:0.8.11:report (default-cli) @ spring.security ---
[INFO] Loading execution data file /app/target/jacoco.exec
[INFO] Analyzed bundle 'spring.security' with 17 classes
[INFO] ------------------------------------------------------------------------
[INFO] BUILD SUCCESS
[INFO] ------------------------------------------------------------------------
[INFO] Total time:  5.570 s
[INFO] Finished at: 2026-04-08T02:11:03Z
[INFO] ------------------------------------------------------------------------
