[INFO] Scanning for projects...
[INFO] 
[INFO] -------------------< com.amigoscode:spring.security >-------------------
[INFO] Building spring.security 0.0.1-SNAPSHOT
[INFO] --------------------------------[ jar ]---------------------------------
[INFO] 
[INFO] --- maven-clean-plugin:3.1.0:clean (default-clean) @ spring.security ---
[INFO] Deleting /app/target
[INFO] 
[INFO] --- jacoco-maven-plugin:0.8.11:prepare-agent (default) @ spring.security ---
[INFO] argLine set to -javaagent:/root/.m2/repository/org/jacoco/org.jacoco.agent/0.8.11/org.jacoco.agent-0.8.11-runtime.jar=destfile=/app/target/jacoco.exec
[INFO] 
[INFO] --- maven-resources-plugin:3.2.0:resources (default-resources) @ spring.security ---
[INFO] Using 'UTF-8' encoding to copy filtered resources.
[INFO] Using 'UTF-8' encoding to copy filtered properties files.
[INFO] Copying 1 resource
[INFO] Copying 3 resources
[INFO] 
[INFO] --- maven-compiler-plugin:3.8.1:compile (default-compile) @ spring.security ---
[INFO] Changes detected - recompiling the module!
[INFO] Compiling 18 source files to /app/target/classes
[INFO] /app/src/main/java/com/amigoscode/spring/security/jwt/JwtTokenVerifier.java: /app/src/main/java/com/amigoscode/spring/security/jwt/JwtTokenVerifier.java uses or overrides a deprecated API.
[INFO] /app/src/main/java/com/amigoscode/spring/security/jwt/JwtTokenVerifier.java: Recompile with -Xlint:deprecation for details.
[INFO] /app/src/main/java/com/amigoscode/spring/security/jwt/JwtTokenVerifier.java: /app/src/main/java/com/amigoscode/spring/security/jwt/JwtTokenVerifier.java uses unchecked or unsafe operations.
[INFO] /app/src/main/java/com/amigoscode/spring/security/jwt/JwtTokenVerifier.java: Recompile with -Xlint:unchecked for details.
[INFO] 
[INFO] --- build-helper-maven-plugin:3.3.0:add-test-source (add-kex-test-source) @ spring.security ---
[INFO] Test Source directory: /app/src/test/java/kex-tests added.
[INFO] 
[INFO] --- maven-resources-plugin:3.2.0:testResources (default-testResources) @ spring.security ---
[INFO] Using 'UTF-8' encoding to copy filtered resources.
[INFO] Using 'UTF-8' encoding to copy filtered properties files.
[INFO] skip non existing resourceDirectory /app/src/test/resources
[INFO] 
[INFO] --- maven-compiler-plugin:3.8.1:testCompile (default-testCompile) @ spring.security ---
[INFO] Changes detected - recompiling the module!
[INFO] Compiling 83 source files to /app/target/test-classes
[WARNING] /app/src/test/java/kex-tests/tests/com/amigoscode/spring/security/jwt/ReflectionUtils.java:[9,16] sun.misc.Unsafe is internal proprietary API and may be removed in a future release
[WARNING] /app/src/test/java/kex-tests/tests/com/amigoscode/spring/security/security/ReflectionUtils.java:[9,16] sun.misc.Unsafe is internal proprietary API and may be removed in a future release
[WARNING] /app/src/test/java/kex-tests/tests/com/amigoscode/spring/security/ReflectionUtils.java:[9,16] sun.misc.Unsafe is internal proprietary API and may be removed in a future release
[WARNING] /app/src/test/java/kex-tests/tests/com/amigoscode/spring/security/student/ReflectionUtils.java:[9,16] sun.misc.Unsafe is internal proprietary API and may be removed in a future release
[WARNING] /app/src/test/java/kex-tests/tests/com/amigoscode/spring/security/controller/ReflectionUtils.java:[9,16] sun.misc.Unsafe is internal proprietary API and may be removed in a future release
[WARNING] /app/src/test/java/kex-tests/tests/com/amigoscode/spring/security/jwt/ReflectionUtils.java:[13,25] sun.misc.Unsafe is internal proprietary API and may be removed in a future release
[WARNING] /app/src/test/java/kex-tests/tests/com/amigoscode/spring/security/jwt/ReflectionUtils.java:[17,31] sun.misc.Unsafe is internal proprietary API and may be removed in a future release
[WARNING] /app/src/test/java/kex-tests/tests/com/amigoscode/spring/security/jwt/ReflectionUtils.java:[19,23] sun.misc.Unsafe is internal proprietary API and may be removed in a future release
[WARNING] /app/src/test/java/kex-tests/tests/com/amigoscode/spring/security/security/ReflectionUtils.java:[13,25] sun.misc.Unsafe is internal proprietary API and may be removed in a future release
[WARNING] /app/src/test/java/kex-tests/tests/com/amigoscode/spring/security/security/ReflectionUtils.java:[17,31] sun.misc.Unsafe is internal proprietary API and may be removed in a future release
[WARNING] /app/src/test/java/kex-tests/tests/com/amigoscode/spring/security/security/ReflectionUtils.java:[19,23] sun.misc.Unsafe is internal proprietary API and may be removed in a future release
[WARNING] /app/src/test/java/kex-tests/tests/com/amigoscode/spring/security/ReflectionUtils.java:[13,25] sun.misc.Unsafe is internal proprietary API and may be removed in a future release
[WARNING] /app/src/test/java/kex-tests/tests/com/amigoscode/spring/security/ReflectionUtils.java:[17,31] sun.misc.Unsafe is internal proprietary API and may be removed in a future release
[WARNING] /app/src/test/java/kex-tests/tests/com/amigoscode/spring/security/ReflectionUtils.java:[19,23] sun.misc.Unsafe is internal proprietary API and may be removed in a future release
[WARNING] /app/src/test/java/kex-tests/tests/com/amigoscode/spring/security/student/ReflectionUtils.java:[13,25] sun.misc.Unsafe is internal proprietary API and may be removed in a future release
[WARNING] /app/src/test/java/kex-tests/tests/com/amigoscode/spring/security/student/ReflectionUtils.java:[17,31] sun.misc.Unsafe is internal proprietary API and may be removed in a future release
[WARNING] /app/src/test/java/kex-tests/tests/com/amigoscode/spring/security/student/ReflectionUtils.java:[19,23] sun.misc.Unsafe is internal proprietary API and may be removed in a future release
[WARNING] /app/src/test/java/kex-tests/tests/com/amigoscode/spring/security/controller/ReflectionUtils.java:[13,25] sun.misc.Unsafe is internal proprietary API and may be removed in a future release
[WARNING] /app/src/test/java/kex-tests/tests/com/amigoscode/spring/security/controller/ReflectionUtils.java:[17,31] sun.misc.Unsafe is internal proprietary API and may be removed in a future release
[WARNING] /app/src/test/java/kex-tests/tests/com/amigoscode/spring/security/controller/ReflectionUtils.java:[19,23] sun.misc.Unsafe is internal proprietary API and may be removed in a future release
[INFO] /app/src/test/java/kex-tests/tests/com/amigoscode/spring/security/jwt/JwtConfig_setTokenExpirationAfterDays_13364994786.java: Some input files use or override a deprecated API.
[INFO] /app/src/test/java/kex-tests/tests/com/amigoscode/spring/security/jwt/JwtConfig_setTokenExpirationAfterDays_13364994786.java: Recompile with -Xlint:deprecation for details.
[INFO] /app/src/test/java/kex-tests/tests/com/amigoscode/spring/security/security/ApplicationUserRole_init_11375135570.java: /app/src/test/java/kex-tests/tests/com/amigoscode/spring/security/security/ApplicationUserRole_init_11375135570.java uses unchecked or unsafe operations.
[INFO] /app/src/test/java/kex-tests/tests/com/amigoscode/spring/security/security/ApplicationUserRole_init_11375135570.java: Recompile with -Xlint:unchecked for details.
[INFO] 
[INFO] --- maven-surefire-plugin:2.22.2:test (default-test) @ spring.security ---
[INFO] 
[INFO] -------------------------------------------------------
[INFO]  T E S T S
[INFO] -------------------------------------------------------
[INFO] Running com.amigoscode.spring.security.Application_init_11211414480
[INFO] Tests run: 1, Failures: 0, Errors: 0, Skipped: 0, Time elapsed: 0.009 s - in com.amigoscode.spring.security.Application_init_11211414480
[INFO] Running com.amigoscode.spring.security.controller.TemplateController_getLoginView_6761831304
[INFO] Tests run: 1, Failures: 0, Errors: 0, Skipped: 0, Time elapsed: 0 s - in com.amigoscode.spring.security.controller.TemplateController_getLoginView_6761831304
[INFO] Running com.amigoscode.spring.security.controller.TemplateController_init_1966512170
[INFO] Tests run: 1, Failures: 0, Errors: 0, Skipped: 0, Time elapsed: 0 s - in com.amigoscode.spring.security.controller.TemplateController_init_1966512170
[INFO] Running com.amigoscode.spring.security.controller.TemplateController_getCoursesView_10231341552
[INFO] Tests run: 1, Failures: 0, Errors: 0, Skipped: 0, Time elapsed: 0.001 s - in com.amigoscode.spring.security.controller.TemplateController_getCoursesView_10231341552
[INFO] Running com.amigoscode.spring.security.controller.TemplateController_init_1966512173
[INFO] Tests run: 1, Failures: 0, Errors: 0, Skipped: 0, Time elapsed: 0 s - in com.amigoscode.spring.security.controller.TemplateController_init_1966512173
[INFO] Running com.amigoscode.spring.security.controller.TemplateController_getCoursesView_10231341555
[INFO] Tests run: 1, Failures: 0, Errors: 0, Skipped: 0, Time elapsed: 0 s - in com.amigoscode.spring.security.controller.TemplateController_getCoursesView_10231341555
[INFO] Running com.amigoscode.spring.security.controller.TemplateController_getLoginView_6761831301
[INFO] Tests run: 1, Failures: 0, Errors: 0, Skipped: 0, Time elapsed: 0 s - in com.amigoscode.spring.security.controller.TemplateController_getLoginView_6761831301
[INFO] Running com.amigoscode.spring.security.Application_main_7445784443
01:22:53.704 [Time-limited test] ERROR org.springframework.boot.SpringApplication - Application run failed
java.lang.IllegalArgumentException: Args must not be null
	at org.springframework.util.Assert.notNull(Assert.java:201)
	at org.springframework.boot.DefaultApplicationArguments.<init>(DefaultApplicationArguments.java:41)
	at org.springframework.boot.SpringApplication.run(SpringApplication.java:332)
	at org.springframework.boot.SpringApplication.run(SpringApplication.java:1340)
	at org.springframework.boot.SpringApplication.run(SpringApplication.java:1329)
	at com.amigoscode.spring.security.Application.main(Application.java:10)
	at java.base/jdk.internal.reflect.NativeMethodAccessorImpl.invoke0(Native Method)
	at java.base/jdk.internal.reflect.NativeMethodAccessorImpl.invoke(NativeMethodAccessorImpl.java:62)
	at java.base/jdk.internal.reflect.DelegatingMethodAccessorImpl.invoke(DelegatingMethodAccessorImpl.java:43)
	at java.base/java.lang.reflect.Method.invoke(Method.java:566)
	at com.amigoscode.spring.security.ReflectionUtils.callMethod(ReflectionUtils.java:328)
	at com.amigoscode.spring.security.Application_main_7445784443.test(Application_main_7445784443.java:44)
	at java.base/jdk.internal.reflect.NativeMethodAccessorImpl.invoke0(Native Method)
	at java.base/jdk.internal.reflect.NativeMethodAccessorImpl.invoke(NativeMethodAccessorImpl.java:62)
	at java.base/jdk.internal.reflect.DelegatingMethodAccessorImpl.invoke(DelegatingMethodAccessorImpl.java:43)
	at java.base/java.lang.reflect.Method.invoke(Method.java:566)
	at org.junit.runners.model.FrameworkMethod$1.runReflectiveCall(FrameworkMethod.java:59)
	at org.junit.internal.runners.model.ReflectiveCallable.run(ReflectiveCallable.java:12)
	at org.junit.runners.model.FrameworkMethod.invokeExplosively(FrameworkMethod.java:56)
	at org.junit.internal.runners.statements.InvokeMethod.evaluate(InvokeMethod.java:17)
	at org.junit.internal.runners.statements.RunBefores.evaluate(RunBefores.java:26)
	at org.junit.internal.runners.statements.FailOnTimeout$CallableStatement.call(FailOnTimeout.java:299)
	at org.junit.internal.runners.statements.FailOnTimeout$CallableStatement.call(FailOnTimeout.java:293)
	at java.base/java.util.concurrent.FutureTask.run(FutureTask.java:264)
	at java.base/java.lang.Thread.run(Thread.java:829)
[ERROR] Tests run: 1, Failures: 0, Errors: 1, Skipped: 0, Time elapsed: 0.25 s <<< FAILURE! - in com.amigoscode.spring.security.Application_main_7445784443
[ERROR] test  Time elapsed: 0.25 s  <<< ERROR!
java.lang.IllegalArgumentException: Args must not be null
	at com.amigoscode.spring.security.Application_main_7445784443.test(Application_main_7445784443.java:44)

[INFO] Running com.amigoscode.spring.security.student.Student_getName_3070358236
[INFO] Tests run: 1, Failures: 0, Errors: 0, Skipped: 0, Time elapsed: 0 s - in com.amigoscode.spring.security.student.Student_getName_3070358236
[INFO] Running com.amigoscode.spring.security.student.StudentManagementController_getAllStudents_14981825471
[INFO] Tests run: 1, Failures: 0, Errors: 0, Skipped: 0, Time elapsed: 0 s - in com.amigoscode.spring.security.student.StudentManagementController_getAllStudents_14981825471
[INFO] Running com.amigoscode.spring.security.student.Student_getName_3070358232
[INFO] Tests run: 1, Failures: 0, Errors: 0, Skipped: 0, Time elapsed: 0 s - in com.amigoscode.spring.security.student.Student_getName_3070358232
[INFO] Running com.amigoscode.spring.security.student.StudentManagementController_getAllStudents_14981825476
[INFO] Tests run: 1, Failures: 0, Errors: 0, Skipped: 0, Time elapsed: 0.001 s - in com.amigoscode.spring.security.student.StudentManagementController_getAllStudents_14981825476
[INFO] Running com.amigoscode.spring.security.student.Student_toString_8247219163
[INFO] Tests run: 1, Failures: 0, Errors: 0, Skipped: 0, Time elapsed: 0.002 s - in com.amigoscode.spring.security.student.Student_toString_8247219163
[INFO] Running com.amigoscode.spring.security.student.StudentManagementController_registerNewStudent_1383192762
Student{studentId=-616727354, name='jJCZpVmanW'}
[INFO] Tests run: 1, Failures: 0, Errors: 0, Skipped: 0, Time elapsed: 0.001 s - in com.amigoscode.spring.security.student.StudentManagementController_registerNewStudent_1383192762
[INFO] Running com.amigoscode.spring.security.student.StudentController_getStudent_421375361
[ERROR] Tests run: 1, Failures: 0, Errors: 1, Skipped: 0, Time elapsed: 0.006 s <<< FAILURE! - in com.amigoscode.spring.security.student.StudentController_getStudent_421375361
[ERROR] test  Time elapsed: 0.006 s  <<< ERROR!
java.lang.IllegalStateException: Student 568599855 does not exist.
	at com.amigoscode.spring.security.student.StudentController_getStudent_421375361.test(StudentController_getStudent_421375361.java:47)

[INFO] Running com.amigoscode.spring.security.student.StudentManagementController_deleteStudent_16171589688
null
[INFO] Tests run: 1, Failures: 0, Errors: 0, Skipped: 0, Time elapsed: 0 s - in com.amigoscode.spring.security.student.StudentManagementController_deleteStudent_16171589688
[INFO] Running com.amigoscode.spring.security.student.Student_getStudentId_20557152431
[INFO] Tests run: 1, Failures: 0, Errors: 0, Skipped: 0, Time elapsed: 0 s - in com.amigoscode.spring.security.student.Student_getStudentId_20557152431
[INFO] Running com.amigoscode.spring.security.student.StudentManagementController_init_3661610420
[INFO] Tests run: 1, Failures: 0, Errors: 0, Skipped: 0, Time elapsed: 0 s - in com.amigoscode.spring.security.student.StudentManagementController_init_3661610420
[INFO] Running com.amigoscode.spring.security.student.StudentController_getStudent_421375363
[ERROR] Tests run: 1, Failures: 0, Errors: 1, Skipped: 0, Time elapsed: 0 s <<< FAILURE! - in com.amigoscode.spring.security.student.StudentController_getStudent_421375363
[ERROR] test  Time elapsed: 0 s  <<< ERROR!
java.lang.NullPointerException
	at com.amigoscode.spring.security.student.StudentController_getStudent_421375363.test(StudentController_getStudent_421375363.java:44)

[INFO] Running com.amigoscode.spring.security.student.Student_init_5216090140
[INFO] Tests run: 1, Failures: 0, Errors: 0, Skipped: 0, Time elapsed: 0 s - in com.amigoscode.spring.security.student.Student_init_5216090140
[INFO] Running com.amigoscode.spring.security.student.StudentManagementController_deleteStudent_16171589683
-1955890973
[INFO] Tests run: 1, Failures: 0, Errors: 0, Skipped: 0, Time elapsed: 0 s - in com.amigoscode.spring.security.student.StudentManagementController_deleteStudent_16171589683
[INFO] Running com.amigoscode.spring.security.student.Student_getStudentId_20557152435
[INFO] Tests run: 1, Failures: 0, Errors: 0, Skipped: 0, Time elapsed: 0 s - in com.amigoscode.spring.security.student.Student_getStudentId_20557152435
[INFO] Running com.amigoscode.spring.security.student.StudentController_init_4864973232
[INFO] Tests run: 1, Failures: 0, Errors: 0, Skipped: 0, Time elapsed: 0.001 s - in com.amigoscode.spring.security.student.StudentController_init_4864973232
[INFO] Running com.amigoscode.spring.security.student.Student_toString_8247219167
[INFO] Tests run: 1, Failures: 0, Errors: 0, Skipped: 0, Time elapsed: 0 s - in com.amigoscode.spring.security.student.Student_toString_8247219167
[INFO] Running com.amigoscode.spring.security.student.StudentManagementController_registerNewStudent_1383192767
null
[INFO] Tests run: 1, Failures: 0, Errors: 0, Skipped: 0, Time elapsed: 0 s - in com.amigoscode.spring.security.student.StudentManagementController_registerNewStudent_1383192767
[INFO] Running com.amigoscode.spring.security.student.StudentManagementController_updateStudent_19834750169
null null[INFO] Tests run: 1, Failures: 0, Errors: 0, Skipped: 0, Time elapsed: 0.001 s - in com.amigoscode.spring.security.student.StudentManagementController_updateStudent_19834750169
[INFO] Running com.amigoscode.spring.security.student.StudentManagementController_updateStudent_19834750164
-2038273078 Student{studentId=1227103734, name='EGtDIRbSSb'}[INFO] Tests run: 1, Failures: 0, Errors: 0, Skipped: 0, Time elapsed: 0 s - in com.amigoscode.spring.security.student.StudentManagementController_updateStudent_19834750164
[INFO] Running com.amigoscode.spring.security.student.StudentController_init_4864973230
[INFO] Tests run: 1, Failures: 0, Errors: 0, Skipped: 0, Time elapsed: 0 s - in com.amigoscode.spring.security.student.StudentController_init_4864973230
[INFO] Running com.amigoscode.spring.security.student.Student_init_5216090144
[INFO] Tests run: 1, Failures: 0, Errors: 0, Skipped: 0, Time elapsed: 0 s - in com.amigoscode.spring.security.student.Student_init_5216090144
[INFO] Running com.amigoscode.spring.security.student.StudentManagementController_init_3661610425
[INFO] Tests run: 1, Failures: 0, Errors: 0, Skipped: 0, Time elapsed: 0 s - in com.amigoscode.spring.security.student.StudentManagementController_init_3661610425
[INFO] Running com.amigoscode.spring.security.Application_init_11211414482
[INFO] Tests run: 1, Failures: 0, Errors: 0, Skipped: 0, Time elapsed: 0 s - in com.amigoscode.spring.security.Application_init_11211414482
[INFO] Running com.amigoscode.spring.security.security.ApplicationUserAuthority_valueOf_7638965805
[ERROR] Tests run: 1, Failures: 0, Errors: 1, Skipped: 0, Time elapsed: 0.002 s <<< FAILURE! - in com.amigoscode.spring.security.security.ApplicationUserAuthority_valueOf_7638965805
[ERROR] test  Time elapsed: 0.002 s  <<< ERROR!
java.lang.NullPointerException: Name is null
	at com.amigoscode.spring.security.security.ApplicationUserAuthority_valueOf_7638965805.test(ApplicationUserAuthority_valueOf_7638965805.java:49)

[INFO] Running com.amigoscode.spring.security.security.ApplicationUserRole_init_11375135570
[ERROR] Tests run: 1, Failures: 0, Errors: 1, Skipped: 0, Time elapsed: 0.024 s <<< FAILURE! - in com.amigoscode.spring.security.security.ApplicationUserRole_init_11375135570
[ERROR] test  Time elapsed: 0.024 s  <<< ERROR!
java.lang.IllegalArgumentException: Cannot reflectively create enum objects
	at com.amigoscode.spring.security.security.ApplicationUserRole_init_11375135570.test(ApplicationUserRole_init_11375135570.java:54)

[INFO] Running com.amigoscode.spring.security.security.ApplicationUserAuthority_getPermission_15317298517
[INFO] Tests run: 1, Failures: 0, Errors: 0, Skipped: 0, Time elapsed: 0 s - in com.amigoscode.spring.security.security.ApplicationUserAuthority_getPermission_15317298517
[INFO] Running com.amigoscode.spring.security.security.ApplicationUserAuthority_values_2718661770
[INFO] Tests run: 1, Failures: 0, Errors: 0, Skipped: 0, Time elapsed: 0.001 s - in com.amigoscode.spring.security.security.ApplicationUserAuthority_values_2718661770
[INFO] Running com.amigoscode.spring.security.security.ApplicationUserAuthority_init_11425608256
[ERROR] Tests run: 1, Failures: 0, Errors: 1, Skipped: 0, Time elapsed: 0.001 s <<< FAILURE! - in com.amigoscode.spring.security.security.ApplicationUserAuthority_init_11425608256
[ERROR] test  Time elapsed: 0.001 s  <<< ERROR!
java.lang.IllegalArgumentException: Cannot reflectively create enum objects
	at com.amigoscode.spring.security.security.ApplicationUserAuthority_init_11425608256.test(ApplicationUserAuthority_init_11425608256.java:49)

[INFO] Running com.amigoscode.spring.security.security.ApplicationUserAuthority_valueOf_7638965801
[ERROR] Tests run: 1, Failures: 0, Errors: 1, Skipped: 0, Time elapsed: 0 s <<< FAILURE! - in com.amigoscode.spring.security.security.ApplicationUserAuthority_valueOf_7638965801
[ERROR] test  Time elapsed: 0 s  <<< ERROR!
java.lang.IllegalArgumentException: No enum constant com.amigoscode.spring.security.security.ApplicationUserAuthority.PAEBtnZtTD
	at com.amigoscode.spring.security.security.ApplicationUserAuthority_valueOf_7638965801.test(ApplicationUserAuthority_valueOf_7638965801.java:42)

[INFO] Running com.amigoscode.spring.security.security.ApplicationUserRole_init_11375135571
[ERROR] Tests run: 1, Failures: 0, Errors: 1, Skipped: 0, Time elapsed: 0 s <<< FAILURE! - in com.amigoscode.spring.security.security.ApplicationUserRole_init_11375135571
[ERROR] test  Time elapsed: 0 s  <<< ERROR!
java.lang.IllegalArgumentException: Cannot reflectively create enum objects
	at com.amigoscode.spring.security.security.ApplicationUserRole_init_11375135571.test(ApplicationUserRole_init_11375135571.java:49)

[INFO] Running com.amigoscode.spring.security.security.ApplicationUserAuthority_init_11425608252
[ERROR] Tests run: 1, Failures: 0, Errors: 1, Skipped: 0, Time elapsed: 0 s <<< FAILURE! - in com.amigoscode.spring.security.security.ApplicationUserAuthority_init_11425608252
[ERROR] test  Time elapsed: 0 s  <<< ERROR!
java.lang.IllegalArgumentException: Cannot reflectively create enum objects
	at com.amigoscode.spring.security.security.ApplicationUserAuthority_init_11425608252.test(ApplicationUserAuthority_init_11425608252.java:44)

[INFO] Running com.amigoscode.spring.security.security.ApplicationUserAuthority_values_2718661774
[INFO] Tests run: 1, Failures: 0, Errors: 0, Skipped: 0, Time elapsed: 0 s - in com.amigoscode.spring.security.security.ApplicationUserAuthority_values_2718661774
[INFO] Running com.amigoscode.spring.security.security.ApplicationUserAuthority_getPermission_15317298513
[INFO] Tests run: 1, Failures: 0, Errors: 0, Skipped: 0, Time elapsed: 0 s - in com.amigoscode.spring.security.security.ApplicationUserAuthority_getPermission_15317298513
[INFO] Running com.amigoscode.spring.security.Application_main_7445784441

  .   ____          _            __ _ _
 /\\ / ___'_ __ _ _(_)_ __  __ _ \ \ \ \
( ( )\___ | '_ | '_| | '_ \/ _` | \ \ \ \
 \\/  ___)| |_)| | | | | || (_| |  ) ) ) )
  '  |____| .__|_| |_|_| |_\__, | / / / /
 =========|_|==============|___/=/_/_/_/
 :: Spring Boot ::                (v2.4.5)

2026-04-08 01:22:54.169  INFO 69 --- [me-limited test] c.a.spring.security.Application          : Starting Application using Java 11.0.16 on 9c6b33874ae4 with PID 69 (started by root in /app)
2026-04-08 01:22:54.170  INFO 69 --- [me-limited test] c.a.spring.security.Application          : No active profile set, falling back to default profiles: default
2026-04-08 01:22:55.149  INFO 69 --- [me-limited test] o.s.b.w.embedded.tomcat.TomcatWebServer  : Tomcat initialized with port(s): 8080 (http)
2026-04-08 01:22:55.160  INFO 69 --- [me-limited test] o.apache.catalina.core.StandardService   : Starting service [Tomcat]
2026-04-08 01:22:55.160  INFO 69 --- [me-limited test] org.apache.catalina.core.StandardEngine  : Starting Servlet engine: [Apache Tomcat/9.0.45]
2026-04-08 01:22:55.231  INFO 69 --- [me-limited test] o.a.c.c.C.[Tomcat].[localhost].[/]       : Initializing Spring embedded WebApplicationContext
2026-04-08 01:22:55.231  INFO 69 --- [me-limited test] w.s.c.ServletWebServerApplicationContext : Root WebApplicationContext: initialization completed in 1020 ms
2026-04-08 01:22:55.581  INFO 69 --- [me-limited test] o.s.s.web.DefaultSecurityFilterChain     : Will secure any request with [org.springframework.security.web.context.request.async.WebAsyncManagerIntegrationFilter@1e19b8ce, org.springframework.security.web.context.SecurityContextPersistenceFilter@48e94135, org.springframework.security.web.header.HeaderWriterFilter@6ad23f75, org.springframework.security.web.authentication.logout.LogoutFilter@347ba95e, com.amigoscode.spring.security.jwt.JwtUsernameAndPasswordAuthenticationFilter@3e1c73c8, com.amigoscode.spring.security.jwt.JwtTokenVerifier@452a1988, org.springframework.security.web.savedrequest.RequestCacheAwareFilter@442d5d1a, org.springframework.security.web.servletapi.SecurityContextHolderAwareRequestFilter@7df24df6, org.springframework.security.web.authentication.AnonymousAuthenticationFilter@22a73977, org.springframework.security.web.session.SessionManagementFilter@5ae9f12f, org.springframework.security.web.access.ExceptionTranslationFilter@50ad3c59, org.springframework.security.web.access.intercept.FilterSecurityInterceptor@347d1b7]
2026-04-08 01:22:55.696  INFO 69 --- [me-limited test] o.s.s.concurrent.ThreadPoolTaskExecutor  : Initializing ExecutorService 'applicationTaskExecutor'
2026-04-08 01:22:55.789  INFO 69 --- [me-limited test] o.s.b.a.w.s.WelcomePageHandlerMapping    : Adding welcome page: class path resource [static/index.html]
2026-04-08 01:22:55.903  INFO 69 --- [me-limited test] o.s.b.w.embedded.tomcat.TomcatWebServer  : Tomcat started on port(s): 8080 (http) with context path ''
2026-04-08 01:22:55.912  INFO 69 --- [me-limited test] c.a.spring.security.Application          : Started Application in 2.108 seconds (JVM running for 3.194)
[INFO] Tests run: 1, Failures: 0, Errors: 0, Skipped: 0, Time elapsed: 2.112 s - in com.amigoscode.spring.security.Application_main_7445784441
[INFO] Running com.amigoscode.spring.security.jwt.JwtConfig_getSecretKey_12509383859
[INFO] Tests run: 1, Failures: 0, Errors: 0, Skipped: 0, Time elapsed: 0.001 s - in com.amigoscode.spring.security.jwt.JwtConfig_getSecretKey_12509383859
[INFO] Running com.amigoscode.spring.security.jwt.JwtConfig_getSecretKey_12509383851
[INFO] Tests run: 1, Failures: 0, Errors: 0, Skipped: 0, Time elapsed: 0 s - in com.amigoscode.spring.security.jwt.JwtConfig_getSecretKey_12509383851
[INFO] Running com.amigoscode.spring.security.jwt.JwtConfig_getAuthorizationHeader_129171315815
[INFO] Tests run: 1, Failures: 0, Errors: 0, Skipped: 0, Time elapsed: 0 s - in com.amigoscode.spring.security.jwt.JwtConfig_getAuthorizationHeader_129171315815
[INFO] Running com.amigoscode.spring.security.jwt.JwtConfig_getTokenPrefix_20493678613
[INFO] Tests run: 1, Failures: 0, Errors: 0, Skipped: 0, Time elapsed: 0.001 s - in com.amigoscode.spring.security.jwt.JwtConfig_getTokenPrefix_20493678613
[INFO] Running com.amigoscode.spring.security.jwt.JwtConfig_getTokenExpirationAfterDays_2498150813
[INFO] Tests run: 1, Failures: 0, Errors: 0, Skipped: 0, Time elapsed: 0 s - in com.amigoscode.spring.security.jwt.JwtConfig_getTokenExpirationAfterDays_2498150813
[INFO] Running com.amigoscode.spring.security.jwt.JwtConfig_setTokenExpirationAfterDays_13364994786
[INFO] Tests run: 1, Failures: 0, Errors: 0, Skipped: 0, Time elapsed: 0 s - in com.amigoscode.spring.security.jwt.JwtConfig_setTokenExpirationAfterDays_13364994786
[INFO] Running com.amigoscode.spring.security.jwt.UsernameAndPasswordAuthenticationRequest_getUsername_19181299146
[INFO] Tests run: 1, Failures: 0, Errors: 0, Skipped: 0, Time elapsed: 0 s - in com.amigoscode.spring.security.jwt.UsernameAndPasswordAuthenticationRequest_getUsername_19181299146
[INFO] Running com.amigoscode.spring.security.jwt.JwtConfig_init_16216632738
[INFO] Tests run: 1, Failures: 0, Errors: 0, Skipped: 0, Time elapsed: 0 s - in com.amigoscode.spring.security.jwt.JwtConfig_init_16216632738
[INFO] Running com.amigoscode.spring.security.jwt.UsernameAndPasswordAuthenticationRequest_setPassword_7234187939
[INFO] Tests run: 1, Failures: 0, Errors: 0, Skipped: 0, Time elapsed: 0 s - in com.amigoscode.spring.security.jwt.UsernameAndPasswordAuthenticationRequest_setPassword_7234187939
[INFO] Running com.amigoscode.spring.security.jwt.JwtSecretKey_init_5199615782
[INFO] Tests run: 1, Failures: 0, Errors: 0, Skipped: 0, Time elapsed: 0.001 s - in com.amigoscode.spring.security.jwt.JwtSecretKey_init_5199615782
[INFO] Running com.amigoscode.spring.security.jwt.UsernameAndPasswordAuthenticationRequest_setUsername_3317874742
[INFO] Tests run: 1, Failures: 0, Errors: 0, Skipped: 0, Time elapsed: 0 s - in com.amigoscode.spring.security.jwt.UsernameAndPasswordAuthenticationRequest_setUsername_3317874742
[INFO] Running com.amigoscode.spring.security.jwt.JwtSecretKey_secretKey_18964911411
[ERROR] Tests run: 1, Failures: 0, Errors: 1, Skipped: 0, Time elapsed: 0.002 s <<< FAILURE! - in com.amigoscode.spring.security.jwt.JwtSecretKey_secretKey_18964911411
[ERROR] test  Time elapsed: 0.001 s  <<< ERROR!
io.jsonwebtoken.security.WeakKeyException: The specified key byte array is 80 bits which is not secure enough for any JWT HMAC-SHA algorithm.  The JWT JWA Specification (RFC 7518, Section 3.2) states that keys used with HMAC-SHA algorithms MUST have a size >= 256 bits (the key size must be greater than or equal to the hash output size).  Consider using the io.jsonwebtoken.security.Keys#secretKeyFor(SignatureAlgorithm) method to create a key guaranteed to be secure enough for your preferred HMAC-SHA algorithm.  See https://tools.ietf.org/html/rfc7518#section-3.2 for more information.
	at com.amigoscode.spring.security.jwt.JwtSecretKey_secretKey_18964911411.test(JwtSecretKey_secretKey_18964911411.java:50)

[INFO] Running com.amigoscode.spring.security.jwt.UsernameAndPasswordAuthenticationRequest_setPassword_7234187934
[INFO] Tests run: 1, Failures: 0, Errors: 0, Skipped: 0, Time elapsed: 0 s - in com.amigoscode.spring.security.jwt.UsernameAndPasswordAuthenticationRequest_setPassword_7234187934
[INFO] Running com.amigoscode.spring.security.jwt.JwtConfig_getTokenExpirationAfterDays_249815085
[INFO] Tests run: 1, Failures: 0, Errors: 0, Skipped: 0, Time elapsed: 0.001 s - in com.amigoscode.spring.security.jwt.JwtConfig_getTokenExpirationAfterDays_249815085
[INFO] Running com.amigoscode.spring.security.jwt.UsernameAndPasswordAuthenticationRequest_setUsername_3317874747
[INFO] Tests run: 1, Failures: 0, Errors: 0, Skipped: 0, Time elapsed: 0 s - in com.amigoscode.spring.security.jwt.UsernameAndPasswordAuthenticationRequest_setUsername_3317874747
[INFO] Running com.amigoscode.spring.security.jwt.JwtConfig_setSecretKey_10881809452
[INFO] Tests run: 1, Failures: 0, Errors: 0, Skipped: 0, Time elapsed: 0 s - in com.amigoscode.spring.security.jwt.JwtConfig_setSecretKey_10881809452
[INFO] Running com.amigoscode.spring.security.jwt.JwtConfig_init_16216632730
[INFO] Tests run: 1, Failures: 0, Errors: 0, Skipped: 0, Time elapsed: 0 s - in com.amigoscode.spring.security.jwt.JwtConfig_init_16216632730
[INFO] Running com.amigoscode.spring.security.jwt.JwtConfig_getTokenPrefix_204936786111
[INFO] Tests run: 1, Failures: 0, Errors: 0, Skipped: 0, Time elapsed: 0 s - in com.amigoscode.spring.security.jwt.JwtConfig_getTokenPrefix_204936786111
[INFO] Running com.amigoscode.spring.security.jwt.JwtConfig_getAuthorizationHeader_12917131587
[INFO] Tests run: 1, Failures: 0, Errors: 0, Skipped: 0, Time elapsed: 0 s - in com.amigoscode.spring.security.jwt.JwtConfig_getAuthorizationHeader_12917131587
[INFO] Running com.amigoscode.spring.security.jwt.UsernameAndPasswordAuthenticationRequest_getPassword_8629236478
[INFO] Tests run: 1, Failures: 0, Errors: 0, Skipped: 0, Time elapsed: 0 s - in com.amigoscode.spring.security.jwt.UsernameAndPasswordAuthenticationRequest_getPassword_8629236478
[INFO] Running com.amigoscode.spring.security.jwt.JwtConfig_setTokenPrefix_19463170454
[INFO] Tests run: 1, Failures: 0, Errors: 0, Skipped: 0, Time elapsed: 0 s - in com.amigoscode.spring.security.jwt.JwtConfig_setTokenPrefix_19463170454
[INFO] Running com.amigoscode.spring.security.jwt.UsernameAndPasswordAuthenticationRequest_getPassword_8629236473
[INFO] Tests run: 1, Failures: 0, Errors: 0, Skipped: 0, Time elapsed: 0 s - in com.amigoscode.spring.security.jwt.UsernameAndPasswordAuthenticationRequest_getPassword_8629236473
[INFO] Running com.amigoscode.spring.security.jwt.UsernameAndPasswordAuthenticationRequest_init_10979482075
[INFO] Tests run: 1, Failures: 0, Errors: 0, Skipped: 0, Time elapsed: 0 s - in com.amigoscode.spring.security.jwt.UsernameAndPasswordAuthenticationRequest_init_10979482075
[INFO] Running com.amigoscode.spring.security.jwt.JwtConfig_setSecretKey_108818094510
[INFO] Tests run: 1, Failures: 0, Errors: 0, Skipped: 0, Time elapsed: 0 s - in com.amigoscode.spring.security.jwt.JwtConfig_setSecretKey_108818094510
[INFO] Running com.amigoscode.spring.security.jwt.UsernameAndPasswordAuthenticationRequest_init_10979482070
[INFO] Tests run: 1, Failures: 0, Errors: 0, Skipped: 0, Time elapsed: 0 s - in com.amigoscode.spring.security.jwt.UsernameAndPasswordAuthenticationRequest_init_10979482070
[INFO] Running com.amigoscode.spring.security.jwt.JwtConfig_setTokenExpirationAfterDays_133649947814
[INFO] Tests run: 1, Failures: 0, Errors: 0, Skipped: 0, Time elapsed: 0 s - in com.amigoscode.spring.security.jwt.JwtConfig_setTokenExpirationAfterDays_133649947814
[INFO] Running com.amigoscode.spring.security.jwt.UsernameAndPasswordAuthenticationRequest_getUsername_19181299141
[INFO] Tests run: 1, Failures: 0, Errors: 0, Skipped: 0, Time elapsed: 0 s - in com.amigoscode.spring.security.jwt.UsernameAndPasswordAuthenticationRequest_getUsername_19181299141
[INFO] Running com.amigoscode.spring.security.jwt.JwtConfig_setTokenPrefix_194631704512
[INFO] Tests run: 1, Failures: 0, Errors: 0, Skipped: 0, Time elapsed: 0 s - in com.amigoscode.spring.security.jwt.JwtConfig_setTokenPrefix_194631704512
[INFO] Running com.amigoscode.spring.security.jwt.JwtSecretKey_init_5199615780
[INFO] Tests run: 1, Failures: 0, Errors: 0, Skipped: 0, Time elapsed: 0.001 s - in com.amigoscode.spring.security.jwt.JwtSecretKey_init_5199615780
[INFO] Running com.amigoscode.spring.security.jwt.JwtSecretKey_secretKey_18964911413
[ERROR] Tests run: 1, Failures: 0, Errors: 1, Skipped: 0, Time elapsed: 0 s <<< FAILURE! - in com.amigoscode.spring.security.jwt.JwtSecretKey_secretKey_18964911413
[ERROR] test  Time elapsed: 0 s  <<< ERROR!
java.lang.NullPointerException
	at com.amigoscode.spring.security.jwt.JwtSecretKey_secretKey_18964911413.test(JwtSecretKey_secretKey_18964911413.java:43)

[INFO] Running com.amigoscode.spring.security.ApplicationTests
2026-04-08 01:22:55.990  INFO 69 --- [           main] .b.t.c.SpringBootTestContextBootstrapper : Neither @ContextConfiguration nor @ContextHierarchy found for test class [com.amigoscode.spring.security.ApplicationTests], using SpringBootContextLoader
2026-04-08 01:22:55.991  INFO 69 --- [           main] o.s.t.c.support.AbstractContextLoader    : Could not detect default resource locations for test class [com.amigoscode.spring.security.ApplicationTests]: no resource found for suffixes {-context.xml, Context.groovy}.
2026-04-08 01:22:55.992  INFO 69 --- [           main] t.c.s.AnnotationConfigContextLoaderUtils : Could not detect default configuration classes for test class [com.amigoscode.spring.security.ApplicationTests]: ApplicationTests does not declare any static, non-private, non-final, nested classes annotated with @Configuration.
2026-04-08 01:22:56.012  INFO 69 --- [           main] .b.t.c.SpringBootTestContextBootstrapper : Found @SpringBootConfiguration com.amigoscode.spring.security.Application for test class com.amigoscode.spring.security.ApplicationTests
2026-04-08 01:22:56.016  INFO 69 --- [           main] .b.t.c.SpringBootTestContextBootstrapper : Loaded default TestExecutionListener class names from location [META-INF/spring.factories]: [org.springframework.boot.test.mock.mockito.MockitoTestExecutionListener, org.springframework.boot.test.mock.mockito.ResetMocksTestExecutionListener, org.springframework.boot.test.autoconfigure.restdocs.RestDocsTestExecutionListener, org.springframework.boot.test.autoconfigure.web.client.MockRestServiceServerResetTestExecutionListener, org.springframework.boot.test.autoconfigure.web.servlet.MockMvcPrintOnlyOnFailureTestExecutionListener, org.springframework.boot.test.autoconfigure.web.servlet.WebDriverTestExecutionListener, org.springframework.boot.test.autoconfigure.webservices.client.MockWebServiceServerTestExecutionListener, org.springframework.test.context.web.ServletTestExecutionListener, org.springframework.test.context.support.DirtiesContextBeforeModesTestExecutionListener, org.springframework.test.context.event.ApplicationEventsTestExecutionListener, org.springframework.test.context.support.DependencyInjectionTestExecutionListener, org.springframework.test.context.support.DirtiesContextTestExecutionListener, org.springframework.test.context.transaction.TransactionalTestExecutionListener, org.springframework.test.context.jdbc.SqlScriptsTestExecutionListener, org.springframework.test.context.event.EventPublishingTestExecutionListener]
2026-04-08 01:22:56.022  INFO 69 --- [           main] .b.t.c.SpringBootTestContextBootstrapper : Using TestExecutionListeners: [org.springframework.test.context.web.ServletTestExecutionListener@4693a9ef, org.springframework.test.context.support.DirtiesContextBeforeModesTestExecutionListener@310aee0b, org.springframework.test.context.event.ApplicationEventsTestExecutionListener@36327cec, org.springframework.boot.test.mock.mockito.MockitoTestExecutionListener@410ae5ac, org.springframework.boot.test.autoconfigure.SpringBootDependencyInjectionTestExecutionListener@1a8df0b3, org.springframework.test.context.support.DirtiesContextTestExecutionListener@7c112f5f, org.springframework.test.context.event.EventPublishingTestExecutionListener@5961e92d, org.springframework.boot.test.mock.mockito.ResetMocksTestExecutionListener@4fd05028, org.springframework.boot.test.autoconfigure.restdocs.RestDocsTestExecutionListener@3a2d3909, org.springframework.boot.test.autoconfigure.web.client.MockRestServiceServerResetTestExecutionListener@4fb392c4, org.springframework.boot.test.autoconfigure.web.servlet.MockMvcPrintOnlyOnFailureTestExecutionListener@194d329e, org.springframework.boot.test.autoconfigure.web.servlet.WebDriverTestExecutionListener@54d1608f, org.springframework.boot.test.autoconfigure.webservices.client.MockWebServiceServerTestExecutionListener@7e7fe6d]

  .   ____          _            __ _ _
 /\\ / ___'_ __ _ _(_)_ __  __ _ \ \ \ \
( ( )\___ | '_ | '_| | '_ \/ _` | \ \ \ \
 \\/  ___)| |_)| | | | | || (_| |  ) ) ) )
  '  |____| .__|_| |_|_| |_\__, | / / / /
 =========|_|==============|___/=/_/_/_/
 :: Spring Boot ::                (v2.4.5)

2026-04-08 01:22:56.054  INFO 69 --- [           main] c.a.spring.security.ApplicationTests     : Starting ApplicationTests using Java 11.0.16 on 9c6b33874ae4 with PID 69 (started by root in /app)
2026-04-08 01:22:56.055  INFO 69 --- [           main] c.a.spring.security.ApplicationTests     : No active profile set, falling back to default profiles: default
2026-04-08 01:22:56.298  INFO 69 --- [           main] o.s.s.web.DefaultSecurityFilterChain     : Will secure any request with [org.springframework.security.web.context.request.async.WebAsyncManagerIntegrationFilter@164642a4, org.springframework.security.web.context.SecurityContextPersistenceFilter@5820070c, org.springframework.security.web.header.HeaderWriterFilter@11b32a14, org.springframework.security.web.authentication.logout.LogoutFilter@1d0cac30, com.amigoscode.spring.security.jwt.JwtUsernameAndPasswordAuthenticationFilter@75cf0de5, com.amigoscode.spring.security.jwt.JwtTokenVerifier@50b0afd7, org.springframework.security.web.savedrequest.RequestCacheAwareFilter@71370fec, org.springframework.security.web.servletapi.SecurityContextHolderAwareRequestFilter@6707a4bf, org.springframework.security.web.authentication.AnonymousAuthenticationFilter@468173fa, org.springframework.security.web.session.SessionManagementFilter@5df63359, org.springframework.security.web.access.ExceptionTranslationFilter@250b5e5b, org.springframework.security.web.access.intercept.FilterSecurityInterceptor@79d3473e]
2026-04-08 01:22:56.417  INFO 69 --- [           main] o.s.s.concurrent.ThreadPoolTaskExecutor  : Initializing ExecutorService 'applicationTaskExecutor'
2026-04-08 01:22:56.435  INFO 69 --- [           main] o.s.b.a.w.s.WelcomePageHandlerMapping    : Adding welcome page: class path resource [static/index.html]
2026-04-08 01:22:56.519  INFO 69 --- [           main] c.a.spring.security.ApplicationTests     : Started ApplicationTests in 0.486 seconds (JVM running for 3.8)
[INFO] Tests run: 1, Failures: 0, Errors: 0, Skipped: 0, Time elapsed: 0.782 s - in com.amigoscode.spring.security.ApplicationTests
2026-04-08 01:22:56.760  INFO 69 --- [extShutdownHook] o.s.s.concurrent.ThreadPoolTaskExecutor  : Shutting down ExecutorService 'applicationTaskExecutor'
2026-04-08 01:22:56.838  INFO 69 --- [extShutdownHook] o.s.s.concurrent.ThreadPoolTaskExecutor  : Shutting down ExecutorService 'applicationTaskExecutor'
[INFO] 
[INFO] Results:
[INFO] 
[ERROR] Errors: 
[ERROR]   Application_main_7445784443.test:44 » IllegalArgument Args must not be null
[ERROR]   JwtSecretKey_secretKey_18964911411.test:50 » WeakKey The specified key byte ar...
[ERROR]   JwtSecretKey_secretKey_18964911413.test:43 » NullPointer
[ERROR]   ApplicationUserAuthority_init_11425608252.test:44 » IllegalArgument Cannot ref...
[ERROR]   ApplicationUserAuthority_init_11425608256.test:49 » IllegalArgument Cannot ref...
[ERROR]   ApplicationUserAuthority_valueOf_7638965801.test:42 » IllegalArgument No enum ...
[ERROR]   ApplicationUserAuthority_valueOf_7638965805.test:49 » NullPointer Name is null
[ERROR]   ApplicationUserRole_init_11375135570.test:54 » IllegalArgument Cannot reflecti...
[ERROR]   ApplicationUserRole_init_11375135571.test:49 » IllegalArgument Cannot reflecti...
[ERROR]   StudentController_getStudent_421375361.test:47 » IllegalState Student 56859985...
[ERROR]   StudentController_getStudent_421375363.test:44 » NullPointer
[INFO] 
[ERROR] Tests run: 73, Failures: 0, Errors: 11, Skipped: 0
[INFO] 
[ERROR] There are test failures.

Please refer to /app/target/surefire-reports for the individual test results.
Please refer to dump files (if any exist) [date].dump, [date]-jvmRun[N].dump and [date].dumpstream.
[INFO] 
[INFO] --- jacoco-maven-plugin:0.8.11:report (report) @ spring.security ---
[INFO] Loading execution data file /app/target/jacoco.exec
[INFO] Analyzed bundle 'spring.security' with 17 classes
[INFO] 
[INFO] --- jacoco-maven-plugin:0.8.11:report (default-cli) @ spring.security ---
[INFO] Loading execution data file /app/target/jacoco.exec
[INFO] Analyzed bundle 'spring.security' with 17 classes
[INFO] ------------------------------------------------------------------------
[INFO] BUILD SUCCESS
[INFO] ------------------------------------------------------------------------
[INFO] Total time:  6.897 s
[INFO] Finished at: 2026-04-08T01:22:57Z
[INFO] ------------------------------------------------------------------------
