[INFO] Scanning for projects...
[INFO] 
[INFO] ---------------------------< codeit:gatcha >----------------------------
[INFO] Building gatcha 0.0.1-SNAPSHOT
[INFO] --------------------------------[ jar ]---------------------------------
[INFO] 
[INFO] --- maven-clean-plugin:3.1.0:clean (default-clean) @ gatcha ---
[INFO] Deleting /app/target
[INFO] 
[INFO] --- jacoco-maven-plugin:0.8.11:prepare-agent (default) @ gatcha ---
[INFO] argLine set to -javaagent:/root/.m2/repository/org/jacoco/org.jacoco.agent/0.8.11/org.jacoco.agent-0.8.11-runtime.jar=destfile=/app/target/jacoco.exec
[INFO] 
[INFO] --- maven-resources-plugin:3.2.0:resources (default-resources) @ gatcha ---
[INFO] Using 'UTF-8' encoding to copy filtered resources.
[INFO] Using 'UTF-8' encoding to copy filtered properties files.
[INFO] Copying 3 resources
[INFO] Copying 0 resource
[INFO] 
[INFO] --- maven-compiler-plugin:3.8.1:compile (default-compile) @ gatcha ---
[INFO] Changes detected - recompiling the module!
[INFO] Compiling 71 source files to /app/target/classes
[INFO] /app/src/main/java/codeit/gatcha/api/security/config/SecurityConfig.java: /app/src/main/java/codeit/gatcha/api/security/config/SecurityConfig.java uses or overrides a deprecated API.
[INFO] /app/src/main/java/codeit/gatcha/api/security/config/SecurityConfig.java: Recompile with -Xlint:deprecation for details.
[INFO] 
[INFO] --- build-helper-maven-plugin:3.3.0:add-test-source (add-kex-test-source) @ gatcha ---
[INFO] Test Source directory: /app/src/test/java/kex-tests added.
[INFO] 
[INFO] --- maven-resources-plugin:3.2.0:testResources (default-testResources) @ gatcha ---
[INFO] Using 'UTF-8' encoding to copy filtered resources.
[INFO] Using 'UTF-8' encoding to copy filtered properties files.
[INFO] skip non existing resourceDirectory /app/src/test/resources
[INFO] 
[INFO] --- maven-compiler-plugin:3.8.1:testCompile (default-testCompile) @ gatcha ---
[INFO] Changes detected - recompiling the module!
[INFO] Compiling 16 source files to /app/target/test-classes
[INFO] /app/src/test/java/codeit/gatcha/api/security/service/AuthenticationApiServiceTest.java: /app/src/test/java/codeit/gatcha/api/security/service/AuthenticationApiServiceTest.java uses unchecked or unsafe operations.
[INFO] /app/src/test/java/codeit/gatcha/api/security/service/AuthenticationApiServiceTest.java: Recompile with -Xlint:unchecked for details.
[INFO] 
[INFO] --- maven-surefire-plugin:2.22.2:test (default-test) @ gatcha ---
[INFO] 
[INFO] -------------------------------------------------------
[INFO]  T E S T S
[INFO] -------------------------------------------------------
[INFO] Running codeit.gatcha.GatchaApplicationTests
02:05:08.229 [main] DEBUG org.springframework.test.context.BootstrapUtils - Instantiating CacheAwareContextLoaderDelegate from class [org.springframework.test.context.cache.DefaultCacheAwareContextLoaderDelegate]
02:05:08.247 [main] DEBUG org.springframework.test.context.BootstrapUtils - Instantiating BootstrapContext using constructor [public org.springframework.test.context.support.DefaultBootstrapContext(java.lang.Class,org.springframework.test.context.CacheAwareContextLoaderDelegate)]
02:05:08.301 [main] DEBUG org.springframework.test.context.BootstrapUtils - Instantiating TestContextBootstrapper for test class [codeit.gatcha.GatchaApplicationTests] from class [org.springframework.boot.test.context.SpringBootTestContextBootstrapper]
02:05:08.321 [main] INFO org.springframework.boot.test.context.SpringBootTestContextBootstrapper - Neither @ContextConfiguration nor @ContextHierarchy found for test class [codeit.gatcha.GatchaApplicationTests], using SpringBootContextLoader
02:05:08.327 [main] DEBUG org.springframework.test.context.support.AbstractContextLoader - Did not detect default resource location for test class [codeit.gatcha.GatchaApplicationTests]: class path resource [codeit/gatcha/GatchaApplicationTests-context.xml] does not exist
02:05:08.328 [main] DEBUG org.springframework.test.context.support.AbstractContextLoader - Did not detect default resource location for test class [codeit.gatcha.GatchaApplicationTests]: class path resource [codeit/gatcha/GatchaApplicationTestsContext.groovy] does not exist
02:05:08.328 [main] INFO org.springframework.test.context.support.AbstractContextLoader - Could not detect default resource locations for test class [codeit.gatcha.GatchaApplicationTests]: no resource found for suffixes {-context.xml, Context.groovy}.
02:05:08.329 [main] INFO org.springframework.test.context.support.AnnotationConfigContextLoaderUtils - Could not detect default configuration classes for test class [codeit.gatcha.GatchaApplicationTests]: GatchaApplicationTests does not declare any static, non-private, non-final, nested classes annotated with @Configuration.
02:05:08.390 [main] DEBUG org.springframework.test.context.support.ActiveProfilesUtils - Could not find an 'annotation declaring class' for annotation type [org.springframework.test.context.ActiveProfiles] and class [codeit.gatcha.GatchaApplicationTests]
02:05:08.473 [main] DEBUG org.springframework.context.annotation.ClassPathScanningCandidateComponentProvider - Identified candidate component class: file [/app/target/classes/codeit/gatcha/GatchaApplication.class]
02:05:08.474 [main] INFO org.springframework.boot.test.context.SpringBootTestContextBootstrapper - Found @SpringBootConfiguration codeit.gatcha.GatchaApplication for test class codeit.gatcha.GatchaApplicationTests
02:05:08.594 [main] DEBUG org.springframework.boot.test.context.SpringBootTestContextBootstrapper - @TestExecutionListeners is not present for class [codeit.gatcha.GatchaApplicationTests]: using defaults.
02:05:08.595 [main] INFO org.springframework.boot.test.context.SpringBootTestContextBootstrapper - Loaded default TestExecutionListener class names from location [META-INF/spring.factories]: [org.springframework.boot.test.mock.mockito.MockitoTestExecutionListener, org.springframework.boot.test.mock.mockito.ResetMocksTestExecutionListener, org.springframework.boot.test.autoconfigure.restdocs.RestDocsTestExecutionListener, org.springframework.boot.test.autoconfigure.web.client.MockRestServiceServerResetTestExecutionListener, org.springframework.boot.test.autoconfigure.web.servlet.MockMvcPrintOnlyOnFailureTestExecutionListener, org.springframework.boot.test.autoconfigure.web.servlet.WebDriverTestExecutionListener, org.springframework.boot.test.autoconfigure.webservices.client.MockWebServiceServerTestExecutionListener, org.springframework.test.context.web.ServletTestExecutionListener, org.springframework.test.context.support.DirtiesContextBeforeModesTestExecutionListener, org.springframework.test.context.event.ApplicationEventsTestExecutionListener, org.springframework.test.context.support.DependencyInjectionTestExecutionListener, org.springframework.test.context.support.DirtiesContextTestExecutionListener, org.springframework.test.context.transaction.TransactionalTestExecutionListener, org.springframework.test.context.jdbc.SqlScriptsTestExecutionListener, org.springframework.test.context.event.EventPublishingTestExecutionListener, org.springframework.security.test.context.support.WithSecurityContextTestExecutionListener, org.springframework.security.test.context.support.ReactorContextTestExecutionListener]
02:05:08.622 [main] INFO org.springframework.boot.test.context.SpringBootTestContextBootstrapper - Using TestExecutionListeners: [org.springframework.test.context.web.ServletTestExecutionListener@6585df70, org.springframework.test.context.support.DirtiesContextBeforeModesTestExecutionListener@5d93ff21, org.springframework.test.context.event.ApplicationEventsTestExecutionListener@51fb5fe6, org.springframework.boot.test.mock.mockito.MockitoTestExecutionListener@5ca4c88a, org.springframework.boot.test.autoconfigure.SpringBootDependencyInjectionTestExecutionListener@1791e231, org.springframework.test.context.support.DirtiesContextTestExecutionListener@55397d15, org.springframework.test.context.transaction.TransactionalTestExecutionListener@5e360c3b, org.springframework.test.context.jdbc.SqlScriptsTestExecutionListener@24ac6fef, org.springframework.test.context.event.EventPublishingTestExecutionListener@3cb49121, org.springframework.security.test.context.support.WithSecurityContextTestExecutionListener@227b9277, org.springframework.security.test.context.support.ReactorContextTestExecutionListener@4c4215d7, org.springframework.boot.test.mock.mockito.ResetMocksTestExecutionListener@b56d8a7, org.springframework.boot.test.autoconfigure.restdocs.RestDocsTestExecutionListener@13f36d75, org.springframework.boot.test.autoconfigure.web.client.MockRestServiceServerResetTestExecutionListener@6de5ad56, org.springframework.boot.test.autoconfigure.web.servlet.MockMvcPrintOnlyOnFailureTestExecutionListener@3155f190, org.springframework.boot.test.autoconfigure.web.servlet.WebDriverTestExecutionListener@cfb94fd, org.springframework.boot.test.autoconfigure.webservices.client.MockWebServiceServerTestExecutionListener@4ebd8d2]
02:05:08.626 [main] DEBUG org.springframework.test.context.support.AbstractDirtiesContextTestExecutionListener - Before test class: context [DefaultTestContext@4b511e61 testClass = GatchaApplicationTests, testInstance = [null], testMethod = [null], testException = [null], mergedContextConfiguration = [WebMergedContextConfiguration@74a74070 testClass = GatchaApplicationTests, locations = '{}', classes = '{class codeit.gatcha.GatchaApplication}', contextInitializerClasses = '[]', activeProfiles = '{}', propertySourceLocations = '{classpath:application-dev.properties}', propertySourceProperties = '{org.springframework.boot.test.context.SpringBootTestContextBootstrapper=true}', contextCustomizers = set[org.springframework.boot.test.context.filter.ExcludeFilterContextCustomizer@16f0ec18, org.springframework.boot.test.json.DuplicateJsonObjectContextCustomizerFactory$DuplicateJsonObjectContextCustomizer@18a096b5, org.springframework.boot.test.mock.mockito.MockitoContextCustomizer@0, org.springframework.boot.test.web.client.TestRestTemplateContextCustomizer@740dcae3, org.springframework.boot.test.autoconfigure.actuate.metrics.MetricsExportContextCustomizerFactory$DisableMetricExportContextCustomizer@4fba8eec, org.springframework.boot.test.autoconfigure.properties.PropertyMappingContextCustomizer@0, org.springframework.boot.test.autoconfigure.web.servlet.WebDriverContextCustomizerFactory$Customizer@3e1f1046, org.springframework.boot.test.context.SpringBootTestArgs@1, org.springframework.boot.test.context.SpringBootTestWebEnvironment@297ea53a], resourceBasePath = 'src/main/webapp', contextLoader = 'org.springframework.boot.test.context.SpringBootContextLoader', parent = [null]], attributes = map['org.springframework.test.context.web.ServletTestExecutionListener.activateListener' -> true]], class annotated with @DirtiesContext [false] with mode [null].
02:05:08.671 [main] DEBUG org.springframework.test.context.support.TestPropertySourceUtils - Adding inlined properties to environment: {spring.jmx.enabled=false, org.springframework.boot.test.context.SpringBootTestContextBootstrapper=true}

  .   ____          _            __ _ _
 /\\ / ___'_ __ _ _(_)_ __  __ _ \ \ \ \
( ( )\___ | '_ | '_| | '_ \/ _` | \ \ \ \
 \\/  ___)| |_)| | | | | || (_| |  ) ) ) )
  '  |____| .__|_| |_|_| |_\__, | / / / /
 =========|_|==============|___/=/_/_/_/
 :: Spring Boot ::                (v2.4.4)

2026-04-08 02:05:08.947  INFO 74 --- [           main] codeit.gatcha.GatchaApplicationTests     : Starting GatchaApplicationTests using Java 11.0.16 on eaa9cf2902fa with PID 74 (started by root in /app)
2026-04-08 02:05:08.950  INFO 74 --- [           main] codeit.gatcha.GatchaApplicationTests     : No active profile set, falling back to default profiles: default
2026-04-08 02:05:10.034  INFO 74 --- [           main] .s.d.r.c.RepositoryConfigurationDelegate : Bootstrapping Spring Data JPA repositories in DEFAULT mode.
2026-04-08 02:05:10.095  INFO 74 --- [           main] .s.d.r.c.RepositoryConfigurationDelegate : Finished Spring Data repository scanning in 53 ms. Found 7 JPA repository interfaces.
2026-04-08 02:05:10.721  INFO 74 --- [           main] com.zaxxer.hikari.HikariDataSource       : HikariPool-1 - Starting...
2026-04-08 02:05:10.968  INFO 74 --- [           main] com.zaxxer.hikari.HikariDataSource       : HikariPool-1 - Start completed.
2026-04-08 02:05:11.056  INFO 74 --- [           main] o.hibernate.jpa.internal.util.LogHelper  : HHH000204: Processing PersistenceUnitInfo [name: default]
2026-04-08 02:05:11.120  INFO 74 --- [           main] org.hibernate.Version                    : HHH000412: Hibernate ORM core version 5.4.29.Final
2026-04-08 02:05:11.237  INFO 74 --- [           main] o.hibernate.annotations.common.Version   : HCANN000001: Hibernate Commons Annotations {5.1.2.Final}
2026-04-08 02:05:11.367  INFO 74 --- [           main] org.hibernate.dialect.Dialect            : HHH000400: Using dialect: org.hibernate.dialect.H2Dialect
2026-04-08 02:05:12.157  INFO 74 --- [           main] o.h.e.t.j.p.i.JtaPlatformInitiator       : HHH000490: Using JtaPlatform implementation: [org.hibernate.engine.transaction.jta.platform.internal.NoJtaPlatform]
2026-04-08 02:05:12.165  INFO 74 --- [           main] j.LocalContainerEntityManagerFactoryBean : Initialized JPA EntityManagerFactory for persistence unit 'default'
2026-04-08 02:05:12.661  WARN 74 --- [           main] JpaBaseConfiguration$JpaWebConfiguration : spring.jpa.open-in-view is enabled by default. Therefore, database queries may be performed during view rendering. Explicitly configure spring.jpa.open-in-view to disable this warning
2026-04-08 02:05:13.098  INFO 74 --- [           main] o.s.b.a.h2.H2ConsoleAutoConfiguration    : H2 console available at '/h2-console'. Database available at 'jdbc:h2:mem:testdb'
2026-04-08 02:05:13.307  INFO 74 --- [           main] o.s.b.a.e.web.EndpointLinksResolver      : Exposing 2 endpoint(s) beneath base path '/actuator'
2026-04-08 02:05:13.597  INFO 74 --- [           main] pertySourcedRequestMappingHandlerMapping : Mapped URL path [/v2/api-docs] onto method [springfox.documentation.swagger2.web.Swagger2Controller#getDocumentation(String, HttpServletRequest)]
2026-04-08 02:05:13.735  INFO 74 --- [           main] o.s.s.web.DefaultSecurityFilterChain     : Will secure any request with [org.springframework.security.web.context.request.async.WebAsyncManagerIntegrationFilter@2c2f9189, org.springframework.security.web.context.SecurityContextPersistenceFilter@7df1a8c5, org.springframework.security.web.header.HeaderWriterFilter@11cbedc4, org.springframework.web.filter.CorsFilter@4747d26a, org.springframework.security.web.authentication.logout.LogoutFilter@1d55da93, codeit.gatcha.api.security.controller.JwtRequestFilter@3d6bc120, org.springframework.security.web.savedrequest.RequestCacheAwareFilter@d298397, org.springframework.security.web.servletapi.SecurityContextHolderAwareRequestFilter@4c89dd1b, org.springframework.security.web.authentication.AnonymousAuthenticationFilter@c845c13, org.springframework.security.web.session.SessionManagementFilter@78cd6603, org.springframework.security.web.access.ExceptionTranslationFilter@50bb0670, org.springframework.security.web.access.intercept.FilterSecurityInterceptor@7acd21c2]
2026-04-08 02:05:13.888  INFO 74 --- [           main] o.s.s.concurrent.ThreadPoolTaskExecutor  : Initializing ExecutorService 'applicationTaskExecutor'
2026-04-08 02:05:14.105  INFO 74 --- [           main] d.s.w.p.DocumentationPluginsBootstrapper : Context refreshed
2026-04-08 02:05:14.124  INFO 74 --- [           main] d.s.w.p.DocumentationPluginsBootstrapper : Found 1 custom documentation plugin(s)
2026-04-08 02:05:14.144  INFO 74 --- [           main] s.d.s.w.s.ApiListingReferenceScanner     : Scanning for api listing references
2026-04-08 02:05:14.265  INFO 74 --- [           main] .d.s.w.r.o.CachingOperationNameGenerator : Generating unique operation named: handleUsingGET_1
2026-04-08 02:05:14.267  INFO 74 --- [           main] .d.s.w.r.o.CachingOperationNameGenerator : Generating unique operation named: handleUsingGET_2
2026-04-08 02:05:14.321  INFO 74 --- [           main] codeit.gatcha.GatchaApplicationTests     : Started GatchaApplicationTests in 5.642 seconds (JVM running for 6.894)
[INFO] Tests run: 1, Failures: 0, Errors: 0, Skipped: 0, Time elapsed: 6.519 s - in codeit.gatcha.GatchaApplicationTests
[INFO] Running codeit.gatcha.api.controller.PublicationControllerTest
2026-04-08 02:05:14.689  INFO 74 --- [           main] o.s.t.c.support.AbstractContextLoader    : Could not detect default resource locations for test class [codeit.gatcha.api.controller.PublicationControllerTest]: no resource found for suffixes {-context.xml, Context.groovy}.
2026-04-08 02:05:14.702  INFO 74 --- [           main] .b.t.a.w.s.WebMvcTestContextBootstrapper : Loaded default TestExecutionListener class names from location [META-INF/spring.factories]: [org.springframework.boot.test.mock.mockito.MockitoTestExecutionListener, org.springframework.boot.test.mock.mockito.ResetMocksTestExecutionListener, org.springframework.boot.test.autoconfigure.restdocs.RestDocsTestExecutionListener, org.springframework.boot.test.autoconfigure.web.client.MockRestServiceServerResetTestExecutionListener, org.springframework.boot.test.autoconfigure.web.servlet.MockMvcPrintOnlyOnFailureTestExecutionListener, org.springframework.boot.test.autoconfigure.web.servlet.WebDriverTestExecutionListener, org.springframework.boot.test.autoconfigure.webservices.client.MockWebServiceServerTestExecutionListener, org.springframework.test.context.web.ServletTestExecutionListener, org.springframework.test.context.support.DirtiesContextBeforeModesTestExecutionListener, org.springframework.test.context.event.ApplicationEventsTestExecutionListener, org.springframework.test.context.support.DependencyInjectionTestExecutionListener, org.springframework.test.context.support.DirtiesContextTestExecutionListener, org.springframework.test.context.transaction.TransactionalTestExecutionListener, org.springframework.test.context.jdbc.SqlScriptsTestExecutionListener, org.springframework.test.context.event.EventPublishingTestExecutionListener, org.springframework.security.test.context.support.WithSecurityContextTestExecutionListener, org.springframework.security.test.context.support.ReactorContextTestExecutionListener]
2026-04-08 02:05:14.703  INFO 74 --- [           main] .b.t.a.w.s.WebMvcTestContextBootstrapper : Using TestExecutionListeners: [org.springframework.test.context.web.ServletTestExecutionListener@fbd10b6, org.springframework.test.context.support.DirtiesContextBeforeModesTestExecutionListener@1e547b0e, org.springframework.test.context.event.ApplicationEventsTestExecutionListener@556f5a23, org.springframework.boot.test.mock.mockito.MockitoTestExecutionListener@52f77109, org.springframework.boot.test.autoconfigure.SpringBootDependencyInjectionTestExecutionListener@35a8f341, org.springframework.test.context.support.DirtiesContextTestExecutionListener@89962f1, org.springframework.test.context.transaction.TransactionalTestExecutionListener@27089f83, org.springframework.test.context.jdbc.SqlScriptsTestExecutionListener@4e1edd52, org.springframework.test.context.event.EventPublishingTestExecutionListener@3cde1d2b, org.springframework.security.test.context.support.WithSecurityContextTestExecutionListener@7f936eab, org.springframework.security.test.context.support.ReactorContextTestExecutionListener@1c04125d, org.springframework.boot.test.mock.mockito.ResetMocksTestExecutionListener@2448a8c2, org.springframework.boot.test.autoconfigure.restdocs.RestDocsTestExecutionListener@6833ce25, org.springframework.boot.test.autoconfigure.web.client.MockRestServiceServerResetTestExecutionListener@c3103be, org.springframework.boot.test.autoconfigure.web.servlet.MockMvcPrintOnlyOnFailureTestExecutionListener@309b6e9f, org.springframework.boot.test.autoconfigure.web.servlet.WebDriverTestExecutionListener@5174def6, org.springframework.boot.test.autoconfigure.webservices.client.MockWebServiceServerTestExecutionListener@2740601b]

  .   ____          _            __ _ _
 /\\ / ___'_ __ _ _(_)_ __  __ _ \ \ \ \
( ( )\___ | '_ | '_| | '_ \/ _` | \ \ \ \
 \\/  ___)| |_)| | | | | || (_| |  ) ) ) )
  '  |____| .__|_| |_|_| |_\__, | / / / /
 =========|_|==============|___/=/_/_/_/
 :: Spring Boot ::                (v2.4.4)

2026-04-08 02:05:14.725  INFO 74 --- [           main] c.g.a.c.PublicationControllerTest        : Starting PublicationControllerTest using Java 11.0.16 on eaa9cf2902fa with PID 74 (started by root in /app)
2026-04-08 02:05:14.726  INFO 74 --- [           main] c.g.a.c.PublicationControllerTest        : No active profile set, falling back to default profiles: default
2026-04-08 02:05:14.950  INFO 74 --- [           main] o.s.s.concurrent.ThreadPoolTaskExecutor  : Initializing ExecutorService 'applicationTaskExecutor'
2026-04-08 02:05:15.037  INFO 74 --- [           main] .s.s.UserDetailsServiceAutoConfiguration : 

Using generated security password: 0de22cfe-96f0-494d-b6dd-8c4e9a9eda45

2026-04-08 02:05:15.097  INFO 74 --- [           main] o.s.s.web.DefaultSecurityFilterChain     : Will secure any request with [org.springframework.security.web.context.request.async.WebAsyncManagerIntegrationFilter@42ccd85a, org.springframework.security.web.context.SecurityContextPersistenceFilter@547d9c1e, org.springframework.security.web.header.HeaderWriterFilter@36daedff, org.springframework.security.web.csrf.CsrfFilter@68fb1e1, org.springframework.security.web.authentication.logout.LogoutFilter@6871f119, org.springframework.security.web.authentication.UsernamePasswordAuthenticationFilter@6090ee8b, org.springframework.security.web.authentication.ui.DefaultLoginPageGeneratingFilter@6b820130, org.springframework.security.web.authentication.ui.DefaultLogoutPageGeneratingFilter@3b62973f, org.springframework.security.web.authentication.www.BasicAuthenticationFilter@256a86dc, org.springframework.security.web.savedrequest.RequestCacheAwareFilter@13f38ac7, org.springframework.security.web.servletapi.SecurityContextHolderAwareRequestFilter@72a73853, org.springframework.security.web.authentication.AnonymousAuthenticationFilter@4acfaae9, org.springframework.security.web.session.SessionManagementFilter@57318d74, org.springframework.security.web.access.ExceptionTranslationFilter@4d214d03, org.springframework.security.web.access.intercept.FilterSecurityInterceptor@1f844c0f]
2026-04-08 02:05:15.140  INFO 74 --- [           main] o.s.b.t.m.w.SpringBootMockServletContext : Initializing Spring TestDispatcherServlet ''
2026-04-08 02:05:15.140  INFO 74 --- [           main] o.s.t.web.servlet.TestDispatcherServlet  : Initializing Servlet ''
2026-04-08 02:05:15.142  INFO 74 --- [           main] o.s.t.web.servlet.TestDispatcherServlet  : Completed initialization in 2 ms
2026-04-08 02:05:15.151  INFO 74 --- [           main] c.g.a.c.PublicationControllerTest        : Started PublicationControllerTest in 0.445 seconds (JVM running for 7.724)
[INFO] Tests run: 3, Failures: 0, Errors: 0, Skipped: 0, Time elapsed: 0.554 s - in codeit.gatcha.api.controller.PublicationControllerTest
[INFO] Running codeit.gatcha.api.controller.QuestionControllerTest
2026-04-08 02:05:15.246  INFO 74 --- [           main] o.s.t.c.support.AbstractContextLoader    : Could not detect default resource locations for test class [codeit.gatcha.api.controller.QuestionControllerTest]: no resource found for suffixes {-context.xml, Context.groovy}.
2026-04-08 02:05:15.250  INFO 74 --- [           main] .b.t.a.w.s.WebMvcTestContextBootstrapper : Loaded default TestExecutionListener class names from location [META-INF/spring.factories]: [org.springframework.boot.test.mock.mockito.MockitoTestExecutionListener, org.springframework.boot.test.mock.mockito.ResetMocksTestExecutionListener, org.springframework.boot.test.autoconfigure.restdocs.RestDocsTestExecutionListener, org.springframework.boot.test.autoconfigure.web.client.MockRestServiceServerResetTestExecutionListener, org.springframework.boot.test.autoconfigure.web.servlet.MockMvcPrintOnlyOnFailureTestExecutionListener, org.springframework.boot.test.autoconfigure.web.servlet.WebDriverTestExecutionListener, org.springframework.boot.test.autoconfigure.webservices.client.MockWebServiceServerTestExecutionListener, org.springframework.test.context.web.ServletTestExecutionListener, org.springframework.test.context.support.DirtiesContextBeforeModesTestExecutionListener, org.springframework.test.context.event.ApplicationEventsTestExecutionListener, org.springframework.test.context.support.DependencyInjectionTestExecutionListener, org.springframework.test.context.support.DirtiesContextTestExecutionListener, org.springframework.test.context.transaction.TransactionalTestExecutionListener, org.springframework.test.context.jdbc.SqlScriptsTestExecutionListener, org.springframework.test.context.event.EventPublishingTestExecutionListener, org.springframework.security.test.context.support.WithSecurityContextTestExecutionListener, org.springframework.security.test.context.support.ReactorContextTestExecutionListener]
2026-04-08 02:05:15.250  INFO 74 --- [           main] .b.t.a.w.s.WebMvcTestContextBootstrapper : Using TestExecutionListeners: [org.springframework.test.context.web.ServletTestExecutionListener@440219dc, org.springframework.test.context.support.DirtiesContextBeforeModesTestExecutionListener@4ee14c9d, org.springframework.test.context.event.ApplicationEventsTestExecutionListener@4f0a0cf0, org.springframework.boot.test.mock.mockito.MockitoTestExecutionListener@4bef502b, org.springframework.boot.test.autoconfigure.SpringBootDependencyInjectionTestExecutionListener@1f777c73, org.springframework.test.context.support.DirtiesContextTestExecutionListener@5bb64ea4, org.springframework.test.context.transaction.TransactionalTestExecutionListener@4444b4ae, org.springframework.test.context.jdbc.SqlScriptsTestExecutionListener@759bda05, org.springframework.test.context.event.EventPublishingTestExecutionListener@512bb421, org.springframework.security.test.context.support.WithSecurityContextTestExecutionListener@388103ce, org.springframework.security.test.context.support.ReactorContextTestExecutionListener@590131b4, org.springframework.boot.test.mock.mockito.ResetMocksTestExecutionListener@72619363, org.springframework.boot.test.autoconfigure.restdocs.RestDocsTestExecutionListener@7e67bbb2, org.springframework.boot.test.autoconfigure.web.client.MockRestServiceServerResetTestExecutionListener@4e4858c3, org.springframework.boot.test.autoconfigure.web.servlet.MockMvcPrintOnlyOnFailureTestExecutionListener@1e145c2f, org.springframework.boot.test.autoconfigure.web.servlet.WebDriverTestExecutionListener@60102e05, org.springframework.boot.test.autoconfigure.webservices.client.MockWebServiceServerTestExecutionListener@23e9a39e]

  .   ____          _            __ _ _
 /\\ / ___'_ __ _ _(_)_ __  __ _ \ \ \ \
( ( )\___ | '_ | '_| | '_ \/ _` | \ \ \ \
 \\/  ___)| |_)| | | | | || (_| |  ) ) ) )
  '  |____| .__|_| |_|_| |_\__, | / / / /
 =========|_|==============|___/=/_/_/_/
 :: Spring Boot ::                (v2.4.4)

2026-04-08 02:05:15.266  INFO 74 --- [           main] c.g.a.controller.QuestionControllerTest  : Starting QuestionControllerTest using Java 11.0.16 on eaa9cf2902fa with PID 74 (started by root in /app)
2026-04-08 02:05:15.267  INFO 74 --- [           main] c.g.a.controller.QuestionControllerTest  : No active profile set, falling back to default profiles: default
2026-04-08 02:05:15.409  INFO 74 --- [           main] o.s.s.concurrent.ThreadPoolTaskExecutor  : Initializing ExecutorService 'applicationTaskExecutor'
2026-04-08 02:05:15.470  INFO 74 --- [           main] .s.s.UserDetailsServiceAutoConfiguration : 

Using generated security password: d694fe8f-7645-47bb-8c35-577607c89a5c

2026-04-08 02:05:15.504  INFO 74 --- [           main] o.s.s.web.DefaultSecurityFilterChain     : Will secure any request with [org.springframework.security.web.context.request.async.WebAsyncManagerIntegrationFilter@34885369, org.springframework.security.web.context.SecurityContextPersistenceFilter@5cfd7d73, org.springframework.security.web.header.HeaderWriterFilter@18844a86, org.springframework.security.web.csrf.CsrfFilter@55115ba3, org.springframework.security.web.authentication.logout.LogoutFilter@265e349d, org.springframework.security.web.authentication.UsernamePasswordAuthenticationFilter@a0f26d2, org.springframework.security.web.authentication.ui.DefaultLoginPageGeneratingFilter@39c268e4, org.springframework.security.web.authentication.ui.DefaultLogoutPageGeneratingFilter@29c7083c, org.springframework.security.web.authentication.www.BasicAuthenticationFilter@7d20d16e, org.springframework.security.web.savedrequest.RequestCacheAwareFilter@5f980379, org.springframework.security.web.servletapi.SecurityContextHolderAwareRequestFilter@65f2b276, org.springframework.security.web.authentication.AnonymousAuthenticationFilter@5a8d9260, org.springframework.security.web.session.SessionManagementFilter@36ee2fe, org.springframework.security.web.access.ExceptionTranslationFilter@56fab396, org.springframework.security.web.access.intercept.FilterSecurityInterceptor@5b68d74b]
2026-04-08 02:05:15.524  INFO 74 --- [           main] o.s.b.t.m.w.SpringBootMockServletContext : Initializing Spring TestDispatcherServlet ''
2026-04-08 02:05:15.524  INFO 74 --- [           main] o.s.t.web.servlet.TestDispatcherServlet  : Initializing Servlet ''
2026-04-08 02:05:15.525  INFO 74 --- [           main] o.s.t.web.servlet.TestDispatcherServlet  : Completed initialization in 1 ms
2026-04-08 02:05:15.530  INFO 74 --- [           main] c.g.a.controller.QuestionControllerTest  : Started QuestionControllerTest in 0.277 seconds (JVM running for 8.103)
[INFO] Tests run: 3, Failures: 0, Errors: 0, Skipped: 0, Time elapsed: 0.503 s - in codeit.gatcha.api.controller.QuestionControllerTest
[INFO] Running codeit.gatcha.api.controller.SignupControllerTest
2026-04-08 02:05:15.754  INFO 74 --- [           main] o.s.t.c.support.AbstractContextLoader    : Could not detect default resource locations for test class [codeit.gatcha.api.controller.SignupControllerTest]: no resource found for suffixes {-context.xml, Context.groovy}.
2026-04-08 02:05:15.756  INFO 74 --- [           main] .b.t.a.w.s.WebMvcTestContextBootstrapper : Loaded default TestExecutionListener class names from location [META-INF/spring.factories]: [org.springframework.boot.test.mock.mockito.MockitoTestExecutionListener, org.springframework.boot.test.mock.mockito.ResetMocksTestExecutionListener, org.springframework.boot.test.autoconfigure.restdocs.RestDocsTestExecutionListener, org.springframework.boot.test.autoconfigure.web.client.MockRestServiceServerResetTestExecutionListener, org.springframework.boot.test.autoconfigure.web.servlet.MockMvcPrintOnlyOnFailureTestExecutionListener, org.springframework.boot.test.autoconfigure.web.servlet.WebDriverTestExecutionListener, org.springframework.boot.test.autoconfigure.webservices.client.MockWebServiceServerTestExecutionListener, org.springframework.test.context.web.ServletTestExecutionListener, org.springframework.test.context.support.DirtiesContextBeforeModesTestExecutionListener, org.springframework.test.context.event.ApplicationEventsTestExecutionListener, org.springframework.test.context.support.DependencyInjectionTestExecutionListener, org.springframework.test.context.support.DirtiesContextTestExecutionListener, org.springframework.test.context.transaction.TransactionalTestExecutionListener, org.springframework.test.context.jdbc.SqlScriptsTestExecutionListener, org.springframework.test.context.event.EventPublishingTestExecutionListener, org.springframework.security.test.context.support.WithSecurityContextTestExecutionListener, org.springframework.security.test.context.support.ReactorContextTestExecutionListener]
2026-04-08 02:05:15.757  INFO 74 --- [           main] .b.t.a.w.s.WebMvcTestContextBootstrapper : Using TestExecutionListeners: [org.springframework.test.context.web.ServletTestExecutionListener@6aec9091, org.springframework.test.context.support.DirtiesContextBeforeModesTestExecutionListener@49f77a60, org.springframework.test.context.event.ApplicationEventsTestExecutionListener@75496ea6, org.springframework.boot.test.mock.mockito.MockitoTestExecutionListener@60c0fa95, org.springframework.boot.test.autoconfigure.SpringBootDependencyInjectionTestExecutionListener@6e269604, org.springframework.test.context.support.DirtiesContextTestExecutionListener@1c70c5da, org.springframework.test.context.transaction.TransactionalTestExecutionListener@22f2a4ac, org.springframework.test.context.jdbc.SqlScriptsTestExecutionListener@4501f635, org.springframework.test.context.event.EventPublishingTestExecutionListener@1fcdde27, org.springframework.security.test.context.support.WithSecurityContextTestExecutionListener@5099611, org.springframework.security.test.context.support.ReactorContextTestExecutionListener@32e995d8, org.springframework.boot.test.mock.mockito.ResetMocksTestExecutionListener@78136dee, org.springframework.boot.test.autoconfigure.restdocs.RestDocsTestExecutionListener@95ea82d, org.springframework.boot.test.autoconfigure.web.client.MockRestServiceServerResetTestExecutionListener@402e1e09, org.springframework.boot.test.autoconfigure.web.servlet.MockMvcPrintOnlyOnFailureTestExecutionListener@3e970481, org.springframework.boot.test.autoconfigure.web.servlet.WebDriverTestExecutionListener@5d8872a0, org.springframework.boot.test.autoconfigure.webservices.client.MockWebServiceServerTestExecutionListener@21ebb6fc]

  .   ____          _            __ _ _
 /\\ / ___'_ __ _ _(_)_ __  __ _ \ \ \ \
( ( )\___ | '_ | '_| | '_ \/ _` | \ \ \ \
 \\/  ___)| |_)| | | | | || (_| |  ) ) ) )
  '  |____| .__|_| |_|_| |_\__, | / / / /
 =========|_|==============|___/=/_/_/_/
 :: Spring Boot ::                (v2.4.4)

2026-04-08 02:05:15.780  INFO 74 --- [           main] c.g.api.controller.SignupControllerTest  : Starting SignupControllerTest using Java 11.0.16 on eaa9cf2902fa with PID 74 (started by root in /app)
2026-04-08 02:05:15.781  INFO 74 --- [           main] c.g.api.controller.SignupControllerTest  : No active profile set, falling back to default profiles: default
2026-04-08 02:05:15.909  INFO 74 --- [           main] o.s.s.concurrent.ThreadPoolTaskExecutor  : Initializing ExecutorService 'applicationTaskExecutor'
2026-04-08 02:05:15.980  INFO 74 --- [           main] .s.s.UserDetailsServiceAutoConfiguration : 

Using generated security password: 4569e13b-affd-4628-ab64-6b30671a17ea

2026-04-08 02:05:16.019  INFO 74 --- [           main] o.s.s.web.DefaultSecurityFilterChain     : Will secure any request with [org.springframework.security.web.context.request.async.WebAsyncManagerIntegrationFilter@934c927, org.springframework.security.web.context.SecurityContextPersistenceFilter@c1aa026, org.springframework.security.web.header.HeaderWriterFilter@7d62a323, org.springframework.security.web.csrf.CsrfFilter@2d0e7d79, org.springframework.security.web.authentication.logout.LogoutFilter@67f78842, org.springframework.security.web.authentication.UsernamePasswordAuthenticationFilter@2399b486, org.springframework.security.web.authentication.ui.DefaultLoginPageGeneratingFilter@15b2f467, org.springframework.security.web.authentication.ui.DefaultLogoutPageGeneratingFilter@404c8b90, org.springframework.security.web.authentication.www.BasicAuthenticationFilter@5cf2cd73, org.springframework.security.web.savedrequest.RequestCacheAwareFilter@b8f271c, org.springframework.security.web.servletapi.SecurityContextHolderAwareRequestFilter@639cf6f5, org.springframework.security.web.authentication.AnonymousAuthenticationFilter@2e1f2a9b, org.springframework.security.web.session.SessionManagementFilter@52a1eabe, org.springframework.security.web.access.ExceptionTranslationFilter@38f7ecbd, org.springframework.security.web.access.intercept.FilterSecurityInterceptor@5ee2ea63]
2026-04-08 02:05:16.040  INFO 74 --- [           main] o.s.b.t.m.w.SpringBootMockServletContext : Initializing Spring TestDispatcherServlet ''
2026-04-08 02:05:16.041  INFO 74 --- [           main] o.s.t.web.servlet.TestDispatcherServlet  : Initializing Servlet ''
2026-04-08 02:05:16.041  INFO 74 --- [           main] o.s.t.web.servlet.TestDispatcherServlet  : Completed initialization in 0 ms
2026-04-08 02:05:16.048  INFO 74 --- [           main] c.g.api.controller.SignupControllerTest  : Started SignupControllerTest in 0.281 seconds (JVM running for 8.621)
[INFO] Tests run: 3, Failures: 0, Errors: 0, Skipped: 0, Time elapsed: 0.331 s - in codeit.gatcha.api.controller.SignupControllerTest
[INFO] Running codeit.gatcha.api.controller.QuestionControllerAdminTest
2026-04-08 02:05:16.088  INFO 74 --- [           main] o.s.t.c.support.AbstractContextLoader    : Could not detect default resource locations for test class [codeit.gatcha.api.controller.QuestionControllerAdminTest]: no resource found for suffixes {-context.xml, Context.groovy}.
2026-04-08 02:05:16.090  INFO 74 --- [           main] .b.t.a.w.s.WebMvcTestContextBootstrapper : Loaded default TestExecutionListener class names from location [META-INF/spring.factories]: [org.springframework.boot.test.mock.mockito.MockitoTestExecutionListener, org.springframework.boot.test.mock.mockito.ResetMocksTestExecutionListener, org.springframework.boot.test.autoconfigure.restdocs.RestDocsTestExecutionListener, org.springframework.boot.test.autoconfigure.web.client.MockRestServiceServerResetTestExecutionListener, org.springframework.boot.test.autoconfigure.web.servlet.MockMvcPrintOnlyOnFailureTestExecutionListener, org.springframework.boot.test.autoconfigure.web.servlet.WebDriverTestExecutionListener, org.springframework.boot.test.autoconfigure.webservices.client.MockWebServiceServerTestExecutionListener, org.springframework.test.context.web.ServletTestExecutionListener, org.springframework.test.context.support.DirtiesContextBeforeModesTestExecutionListener, org.springframework.test.context.event.ApplicationEventsTestExecutionListener, org.springframework.test.context.support.DependencyInjectionTestExecutionListener, org.springframework.test.context.support.DirtiesContextTestExecutionListener, org.springframework.test.context.transaction.TransactionalTestExecutionListener, org.springframework.test.context.jdbc.SqlScriptsTestExecutionListener, org.springframework.test.context.event.EventPublishingTestExecutionListener, org.springframework.security.test.context.support.WithSecurityContextTestExecutionListener, org.springframework.security.test.context.support.ReactorContextTestExecutionListener]
2026-04-08 02:05:16.091  INFO 74 --- [           main] .b.t.a.w.s.WebMvcTestContextBootstrapper : Using TestExecutionListeners: [org.springframework.test.context.web.ServletTestExecutionListener@59d3e1b9, org.springframework.test.context.support.DirtiesContextBeforeModesTestExecutionListener@3af22b9f, org.springframework.test.context.event.ApplicationEventsTestExecutionListener@417dc60e, org.springframework.boot.test.mock.mockito.MockitoTestExecutionListener@1bb21686, org.springframework.boot.test.autoconfigure.SpringBootDependencyInjectionTestExecutionListener@5d2af260, org.springframework.test.context.support.DirtiesContextTestExecutionListener@762f9489, org.springframework.test.context.transaction.TransactionalTestExecutionListener@594d61f4, org.springframework.test.context.jdbc.SqlScriptsTestExecutionListener@52404a7d, org.springframework.test.context.event.EventPublishingTestExecutionListener@58730ba7, org.springframework.security.test.context.support.WithSecurityContextTestExecutionListener@52f247fc, org.springframework.security.test.context.support.ReactorContextTestExecutionListener@6082de97, org.springframework.boot.test.mock.mockito.ResetMocksTestExecutionListener@30c17358, org.springframework.boot.test.autoconfigure.restdocs.RestDocsTestExecutionListener@70af78d4, org.springframework.boot.test.autoconfigure.web.client.MockRestServiceServerResetTestExecutionListener@30220c9a, org.springframework.boot.test.autoconfigure.web.servlet.MockMvcPrintOnlyOnFailureTestExecutionListener@46a20a6f, org.springframework.boot.test.autoconfigure.web.servlet.WebDriverTestExecutionListener@7d42ea50, org.springframework.boot.test.autoconfigure.webservices.client.MockWebServiceServerTestExecutionListener@76a044f4]

  .   ____          _            __ _ _
 /\\ / ___'_ __ _ _(_)_ __  __ _ \ \ \ \
( ( )\___ | '_ | '_| | '_ \/ _` | \ \ \ \
 \\/  ___)| |_)| | | | | || (_| |  ) ) ) )
  '  |____| .__|_| |_|_| |_\__, | / / / /
 =========|_|==============|___/=/_/_/_/
 :: Spring Boot ::                (v2.4.4)

2026-04-08 02:05:16.105  INFO 74 --- [           main] c.g.a.c.QuestionControllerAdminTest      : Starting QuestionControllerAdminTest using Java 11.0.16 on eaa9cf2902fa with PID 74 (started by root in /app)
2026-04-08 02:05:16.106  INFO 74 --- [           main] c.g.a.c.QuestionControllerAdminTest      : No active profile set, falling back to default profiles: default
2026-04-08 02:05:16.238  INFO 74 --- [           main] o.s.s.concurrent.ThreadPoolTaskExecutor  : Initializing ExecutorService 'applicationTaskExecutor'
2026-04-08 02:05:16.300  INFO 74 --- [           main] .s.s.UserDetailsServiceAutoConfiguration : 

Using generated security password: c47e41f8-d3df-4192-b5e2-8de04c2aedf9

2026-04-08 02:05:16.336  INFO 74 --- [           main] o.s.s.web.DefaultSecurityFilterChain     : Will secure any request with [org.springframework.security.web.context.request.async.WebAsyncManagerIntegrationFilter@6e8bb48c, org.springframework.security.web.context.SecurityContextPersistenceFilter@2396cb65, org.springframework.security.web.header.HeaderWriterFilter@34ff1cbb, org.springframework.security.web.csrf.CsrfFilter@774c8880, org.springframework.security.web.authentication.logout.LogoutFilter@4b028e46, org.springframework.security.web.authentication.UsernamePasswordAuthenticationFilter@4f48dc6c, org.springframework.security.web.authentication.ui.DefaultLoginPageGeneratingFilter@2465546, org.springframework.security.web.authentication.ui.DefaultLogoutPageGeneratingFilter@45bc1b1f, org.springframework.security.web.authentication.www.BasicAuthenticationFilter@11185945, org.springframework.security.web.savedrequest.RequestCacheAwareFilter@483027bf, org.springframework.security.web.servletapi.SecurityContextHolderAwareRequestFilter@4e6e0c6, org.springframework.security.web.authentication.AnonymousAuthenticationFilter@4c1e1478, org.springframework.security.web.session.SessionManagementFilter@300d4d6c, org.springframework.security.web.access.ExceptionTranslationFilter@6521dd9d, org.springframework.security.web.access.intercept.FilterSecurityInterceptor@556fde7c]
2026-04-08 02:05:16.357  INFO 74 --- [           main] o.s.b.t.m.w.SpringBootMockServletContext : Initializing Spring TestDispatcherServlet ''
2026-04-08 02:05:16.357  INFO 74 --- [           main] o.s.t.web.servlet.TestDispatcherServlet  : Initializing Servlet ''
2026-04-08 02:05:16.358  INFO 74 --- [           main] o.s.t.web.servlet.TestDispatcherServlet  : Completed initialization in 1 ms
2026-04-08 02:05:16.363  INFO 74 --- [           main] c.g.a.c.QuestionControllerAdminTest      : Started QuestionControllerAdminTest in 0.27 seconds (JVM running for 8.936)
[INFO] Tests run: 4, Failures: 0, Errors: 0, Skipped: 0, Time elapsed: 0.326 s - in codeit.gatcha.api.controller.QuestionControllerAdminTest
[INFO] Running codeit.gatcha.api.errorhandler.GlobalErrorHandlingTest
2026-04-08 02:05:16.426 ERROR 74 --- [           main] c.g.a.errorhandler.GlobalErrorHandling   : An internal server error happened

java.lang.Exception: null
	at codeit.gatcha.api.errorhandler.GlobalErrorHandlingTest.givenInternalServerError_GetResponse(GlobalErrorHandlingTest.java:21) ~[test-classes/:na]
	at java.base/jdk.internal.reflect.NativeMethodAccessorImpl.invoke0(Native Method) ~[na:na]
	at java.base/jdk.internal.reflect.NativeMethodAccessorImpl.invoke(NativeMethodAccessorImpl.java:62) ~[na:na]
	at java.base/jdk.internal.reflect.DelegatingMethodAccessorImpl.invoke(DelegatingMethodAccessorImpl.java:43) ~[na:na]
	at java.base/java.lang.reflect.Method.invoke(Method.java:566) ~[na:na]
	at org.junit.platform.commons.util.ReflectionUtils.invokeMethod(ReflectionUtils.java:688) ~[junit-platform-commons-1.7.1.jar:1.7.1]
	at org.junit.jupiter.engine.execution.MethodInvocation.proceed(MethodInvocation.java:60) ~[junit-jupiter-engine-5.7.1.jar:5.7.1]
	at org.junit.jupiter.engine.execution.InvocationInterceptorChain$ValidatingInvocation.proceed(InvocationInterceptorChain.java:131) ~[junit-jupiter-engine-5.7.1.jar:5.7.1]
	at org.junit.jupiter.engine.extension.TimeoutExtension.intercept(TimeoutExtension.java:149) ~[junit-jupiter-engine-5.7.1.jar:5.7.1]
	at org.junit.jupiter.engine.extension.TimeoutExtension.interceptTestableMethod(TimeoutExtension.java:140) ~[junit-jupiter-engine-5.7.1.jar:5.7.1]
	at org.junit.jupiter.engine.extension.TimeoutExtension.interceptTestMethod(TimeoutExtension.java:84) ~[junit-jupiter-engine-5.7.1.jar:5.7.1]
	at org.junit.jupiter.engine.execution.ExecutableInvoker$ReflectiveInterceptorCall.lambda$ofVoidMethod$0(ExecutableInvoker.java:115) ~[junit-jupiter-engine-5.7.1.jar:5.7.1]
	at org.junit.jupiter.engine.execution.ExecutableInvoker.lambda$invoke$0(ExecutableInvoker.java:105) ~[junit-jupiter-engine-5.7.1.jar:5.7.1]
	at org.junit.jupiter.engine.execution.InvocationInterceptorChain$InterceptedInvocation.proceed(InvocationInterceptorChain.java:106) ~[junit-jupiter-engine-5.7.1.jar:5.7.1]
	at org.junit.jupiter.engine.execution.InvocationInterceptorChain.proceed(InvocationInterceptorChain.java:64) ~[junit-jupiter-engine-5.7.1.jar:5.7.1]
	at org.junit.jupiter.engine.execution.InvocationInterceptorChain.chainAndInvoke(InvocationInterceptorChain.java:45) ~[junit-jupiter-engine-5.7.1.jar:5.7.1]
	at org.junit.jupiter.engine.execution.InvocationInterceptorChain.invoke(InvocationInterceptorChain.java:37) ~[junit-jupiter-engine-5.7.1.jar:5.7.1]
	at org.junit.jupiter.engine.execution.ExecutableInvoker.invoke(ExecutableInvoker.java:104) ~[junit-jupiter-engine-5.7.1.jar:5.7.1]
	at org.junit.jupiter.engine.execution.ExecutableInvoker.invoke(ExecutableInvoker.java:98) ~[junit-jupiter-engine-5.7.1.jar:5.7.1]
	at org.junit.jupiter.engine.descriptor.TestMethodTestDescriptor.lambda$invokeTestMethod$6(TestMethodTestDescriptor.java:210) ~[junit-jupiter-engine-5.7.1.jar:5.7.1]
	at org.junit.platform.engine.support.hierarchical.ThrowableCollector.execute(ThrowableCollector.java:73) ~[junit-platform-engine-1.7.1.jar:1.7.1]
	at org.junit.jupiter.engine.descriptor.TestMethodTestDescriptor.invokeTestMethod(TestMethodTestDescriptor.java:206) ~[junit-jupiter-engine-5.7.1.jar:5.7.1]
	at org.junit.jupiter.engine.descriptor.TestMethodTestDescriptor.execute(TestMethodTestDescriptor.java:131) ~[junit-jupiter-engine-5.7.1.jar:5.7.1]
	at org.junit.jupiter.engine.descriptor.TestMethodTestDescriptor.execute(TestMethodTestDescriptor.java:65) ~[junit-jupiter-engine-5.7.1.jar:5.7.1]
	at org.junit.platform.engine.support.hierarchical.NodeTestTask.lambda$executeRecursively$5(NodeTestTask.java:139) ~[junit-platform-engine-1.7.1.jar:1.7.1]
	at org.junit.platform.engine.support.hierarchical.ThrowableCollector.execute(ThrowableCollector.java:73) ~[junit-platform-engine-1.7.1.jar:1.7.1]
	at org.junit.platform.engine.support.hierarchical.NodeTestTask.lambda$executeRecursively$7(NodeTestTask.java:129) ~[junit-platform-engine-1.7.1.jar:1.7.1]
	at org.junit.platform.engine.support.hierarchical.Node.around(Node.java:137) ~[junit-platform-engine-1.7.1.jar:1.7.1]
	at org.junit.platform.engine.support.hierarchical.NodeTestTask.lambda$executeRecursively$8(NodeTestTask.java:127) ~[junit-platform-engine-1.7.1.jar:1.7.1]
	at org.junit.platform.engine.support.hierarchical.ThrowableCollector.execute(ThrowableCollector.java:73) ~[junit-platform-engine-1.7.1.jar:1.7.1]
	at org.junit.platform.engine.support.hierarchical.NodeTestTask.executeRecursively(NodeTestTask.java:126) ~[junit-platform-engine-1.7.1.jar:1.7.1]
	at org.junit.platform.engine.support.hierarchical.NodeTestTask.execute(NodeTestTask.java:84) ~[junit-platform-engine-1.7.1.jar:1.7.1]
	at java.base/java.util.ArrayList.forEach(ArrayList.java:1541) ~[na:na]
	at org.junit.platform.engine.support.hierarchical.SameThreadHierarchicalTestExecutorService.invokeAll(SameThreadHierarchicalTestExecutorService.java:38) ~[junit-platform-engine-1.7.1.jar:1.7.1]
	at org.junit.platform.engine.support.hierarchical.NodeTestTask.lambda$executeRecursively$5(NodeTestTask.java:143) ~[junit-platform-engine-1.7.1.jar:1.7.1]
	at org.junit.platform.engine.support.hierarchical.ThrowableCollector.execute(ThrowableCollector.java:73) ~[junit-platform-engine-1.7.1.jar:1.7.1]
	at org.junit.platform.engine.support.hierarchical.NodeTestTask.lambda$executeRecursively$7(NodeTestTask.java:129) ~[junit-platform-engine-1.7.1.jar:1.7.1]
	at org.junit.platform.engine.support.hierarchical.Node.around(Node.java:137) ~[junit-platform-engine-1.7.1.jar:1.7.1]
	at org.junit.platform.engine.support.hierarchical.NodeTestTask.lambda$executeRecursively$8(NodeTestTask.java:127) ~[junit-platform-engine-1.7.1.jar:1.7.1]
	at org.junit.platform.engine.support.hierarchical.ThrowableCollector.execute(ThrowableCollector.java:73) ~[junit-platform-engine-1.7.1.jar:1.7.1]
	at org.junit.platform.engine.support.hierarchical.NodeTestTask.executeRecursively(NodeTestTask.java:126) ~[junit-platform-engine-1.7.1.jar:1.7.1]
	at org.junit.platform.engine.support.hierarchical.NodeTestTask.execute(NodeTestTask.java:84) ~[junit-platform-engine-1.7.1.jar:1.7.1]
	at java.base/java.util.ArrayList.forEach(ArrayList.java:1541) ~[na:na]
	at org.junit.platform.engine.support.hierarchical.SameThreadHierarchicalTestExecutorService.invokeAll(SameThreadHierarchicalTestExecutorService.java:38) ~[junit-platform-engine-1.7.1.jar:1.7.1]
	at org.junit.platform.engine.support.hierarchical.NodeTestTask.lambda$executeRecursively$5(NodeTestTask.java:143) ~[junit-platform-engine-1.7.1.jar:1.7.1]
	at org.junit.platform.engine.support.hierarchical.ThrowableCollector.execute(ThrowableCollector.java:73) ~[junit-platform-engine-1.7.1.jar:1.7.1]
	at org.junit.platform.engine.support.hierarchical.NodeTestTask.lambda$executeRecursively$7(NodeTestTask.java:129) ~[junit-platform-engine-1.7.1.jar:1.7.1]
	at org.junit.platform.engine.support.hierarchical.Node.around(Node.java:137) ~[junit-platform-engine-1.7.1.jar:1.7.1]
	at org.junit.platform.engine.support.hierarchical.NodeTestTask.lambda$executeRecursively$8(NodeTestTask.java:127) ~[junit-platform-engine-1.7.1.jar:1.7.1]
	at org.junit.platform.engine.support.hierarchical.ThrowableCollector.execute(ThrowableCollector.java:73) ~[junit-platform-engine-1.7.1.jar:1.7.1]
	at org.junit.platform.engine.support.hierarchical.NodeTestTask.executeRecursively(NodeTestTask.java:126) ~[junit-platform-engine-1.7.1.jar:1.7.1]
	at org.junit.platform.engine.support.hierarchical.NodeTestTask.execute(NodeTestTask.java:84) ~[junit-platform-engine-1.7.1.jar:1.7.1]
	at org.junit.platform.engine.support.hierarchical.SameThreadHierarchicalTestExecutorService.submit(SameThreadHierarchicalTestExecutorService.java:32) ~[junit-platform-engine-1.7.1.jar:1.7.1]
	at org.junit.platform.engine.support.hierarchical.HierarchicalTestExecutor.execute(HierarchicalTestExecutor.java:57) ~[junit-platform-engine-1.7.1.jar:1.7.1]
	at org.junit.platform.engine.support.hierarchical.HierarchicalTestEngine.execute(HierarchicalTestEngine.java:51) ~[junit-platform-engine-1.7.1.jar:1.7.1]
	at org.junit.platform.launcher.core.DefaultLauncher.execute(DefaultLauncher.java:220) ~[junit-platform-launcher-1.3.1.jar:1.3.1]
	at org.junit.platform.launcher.core.DefaultLauncher.lambda$execute$6(DefaultLauncher.java:188) ~[junit-platform-launcher-1.3.1.jar:1.3.1]
	at org.junit.platform.launcher.core.DefaultLauncher.withInterceptedStreams(DefaultLauncher.java:202) ~[junit-platform-launcher-1.3.1.jar:1.3.1]
	at org.junit.platform.launcher.core.DefaultLauncher.execute(DefaultLauncher.java:181) ~[junit-platform-launcher-1.3.1.jar:1.3.1]
	at org.junit.platform.launcher.core.DefaultLauncher.execute(DefaultLauncher.java:128) ~[junit-platform-launcher-1.3.1.jar:1.3.1]
	at org.apache.maven.surefire.junitplatform.JUnitPlatformProvider.invokeAllTests(JUnitPlatformProvider.java:150) ~[surefire-junit-platform-2.22.2.jar:2.22.2]
	at org.apache.maven.surefire.junitplatform.JUnitPlatformProvider.invoke(JUnitPlatformProvider.java:124) ~[surefire-junit-platform-2.22.2.jar:2.22.2]
	at org.apache.maven.surefire.booter.ForkedBooter.invokeProviderInSameClassLoader(ForkedBooter.java:384) ~[surefire-booter-2.22.2.jar:2.22.2]
	at org.apache.maven.surefire.booter.ForkedBooter.runSuitesInProcess(ForkedBooter.java:345) ~[surefire-booter-2.22.2.jar:2.22.2]
	at org.apache.maven.surefire.booter.ForkedBooter.execute(ForkedBooter.java:126) ~[surefire-booter-2.22.2.jar:2.22.2]
	at org.apache.maven.surefire.booter.ForkedBooter.main(ForkedBooter.java:418) ~[surefire-booter-2.22.2.jar:2.22.2]

2026-04-08 02:05:16.430 ERROR 74 --- [           main] c.g.a.errorhandler.GlobalErrorHandling   : An unsupported method call Request method 'test' not supported
[INFO] Tests run: 2, Failures: 0, Errors: 0, Skipped: 0, Time elapsed: 0.014 s - in codeit.gatcha.api.errorhandler.GlobalErrorHandlingTest
[INFO] Running codeit.gatcha.api.security.controller.AuthenticationEndpointTest
2026-04-08 02:05:16.432  INFO 74 --- [           main] o.s.t.c.support.AbstractContextLoader    : Could not detect default resource locations for test class [codeit.gatcha.api.security.controller.AuthenticationEndpointTest]: no resource found for suffixes {-context.xml, Context.groovy}.
2026-04-08 02:05:16.434  INFO 74 --- [           main] .b.t.a.w.s.WebMvcTestContextBootstrapper : Loaded default TestExecutionListener class names from location [META-INF/spring.factories]: [org.springframework.boot.test.mock.mockito.MockitoTestExecutionListener, org.springframework.boot.test.mock.mockito.ResetMocksTestExecutionListener, org.springframework.boot.test.autoconfigure.restdocs.RestDocsTestExecutionListener, org.springframework.boot.test.autoconfigure.web.client.MockRestServiceServerResetTestExecutionListener, org.springframework.boot.test.autoconfigure.web.servlet.MockMvcPrintOnlyOnFailureTestExecutionListener, org.springframework.boot.test.autoconfigure.web.servlet.WebDriverTestExecutionListener, org.springframework.boot.test.autoconfigure.webservices.client.MockWebServiceServerTestExecutionListener, org.springframework.test.context.web.ServletTestExecutionListener, org.springframework.test.context.support.DirtiesContextBeforeModesTestExecutionListener, org.springframework.test.context.event.ApplicationEventsTestExecutionListener, org.springframework.test.context.support.DependencyInjectionTestExecutionListener, org.springframework.test.context.support.DirtiesContextTestExecutionListener, org.springframework.test.context.transaction.TransactionalTestExecutionListener, org.springframework.test.context.jdbc.SqlScriptsTestExecutionListener, org.springframework.test.context.event.EventPublishingTestExecutionListener, org.springframework.security.test.context.support.WithSecurityContextTestExecutionListener, org.springframework.security.test.context.support.ReactorContextTestExecutionListener]
2026-04-08 02:05:16.435  INFO 74 --- [           main] .b.t.a.w.s.WebMvcTestContextBootstrapper : Using TestExecutionListeners: [org.springframework.test.context.web.ServletTestExecutionListener@69939eb1, org.springframework.test.context.support.DirtiesContextBeforeModesTestExecutionListener@4086eed4, org.springframework.test.context.event.ApplicationEventsTestExecutionListener@1d29139f, org.springframework.boot.test.mock.mockito.MockitoTestExecutionListener@165203c4, org.springframework.boot.test.autoconfigure.SpringBootDependencyInjectionTestExecutionListener@634161a9, org.springframework.test.context.support.DirtiesContextTestExecutionListener@14c6c35b, org.springframework.test.context.transaction.TransactionalTestExecutionListener@41a68fb7, org.springframework.test.context.jdbc.SqlScriptsTestExecutionListener@47ece864, org.springframework.test.context.event.EventPublishingTestExecutionListener@2f488519, org.springframework.security.test.context.support.WithSecurityContextTestExecutionListener@d3657b0, org.springframework.security.test.context.support.ReactorContextTestExecutionListener@7898ba96, org.springframework.boot.test.mock.mockito.ResetMocksTestExecutionListener@5817d229, org.springframework.boot.test.autoconfigure.restdocs.RestDocsTestExecutionListener@339cf47f, org.springframework.boot.test.autoconfigure.web.client.MockRestServiceServerResetTestExecutionListener@ca8be6b, org.springframework.boot.test.autoconfigure.web.servlet.MockMvcPrintOnlyOnFailureTestExecutionListener@3159f962, org.springframework.boot.test.autoconfigure.web.servlet.WebDriverTestExecutionListener@5739f3fa, org.springframework.boot.test.autoconfigure.webservices.client.MockWebServiceServerTestExecutionListener@352ca6e]

  .   ____          _            __ _ _
 /\\ / ___'_ __ _ _(_)_ __  __ _ \ \ \ \
( ( )\___ | '_ | '_| | '_ \/ _` | \ \ \ \
 \\/  ___)| |_)| | | | | || (_| |  ) ) ) )
  '  |____| .__|_| |_|_| |_\__, | / / / /
 =========|_|==============|___/=/_/_/_/
 :: Spring Boot ::                (v2.4.4)

2026-04-08 02:05:16.449  INFO 74 --- [           main] c.g.a.s.c.AuthenticationEndpointTest     : Starting AuthenticationEndpointTest using Java 11.0.16 on eaa9cf2902fa with PID 74 (started by root in /app)
2026-04-08 02:05:16.450  INFO 74 --- [           main] c.g.a.s.c.AuthenticationEndpointTest     : No active profile set, falling back to default profiles: default
2026-04-08 02:05:16.567  INFO 74 --- [           main] o.s.s.concurrent.ThreadPoolTaskExecutor  : Initializing ExecutorService 'applicationTaskExecutor'
2026-04-08 02:05:16.622  INFO 74 --- [           main] .s.s.UserDetailsServiceAutoConfiguration : 

Using generated security password: 1d9e0e70-4311-4179-839f-ecd39f920eeb

2026-04-08 02:05:16.653  INFO 74 --- [           main] o.s.s.web.DefaultSecurityFilterChain     : Will secure any request with [org.springframework.security.web.context.request.async.WebAsyncManagerIntegrationFilter@5358bd6c, org.springframework.security.web.context.SecurityContextPersistenceFilter@367b37f7, org.springframework.security.web.header.HeaderWriterFilter@45cd583e, org.springframework.security.web.csrf.CsrfFilter@53019aa4, org.springframework.security.web.authentication.logout.LogoutFilter@4243f5aa, org.springframework.security.web.authentication.UsernamePasswordAuthenticationFilter@146cb903, org.springframework.security.web.authentication.ui.DefaultLoginPageGeneratingFilter@1ae88e44, org.springframework.security.web.authentication.ui.DefaultLogoutPageGeneratingFilter@57736b76, org.springframework.security.web.authentication.www.BasicAuthenticationFilter@282ace40, org.springframework.security.web.savedrequest.RequestCacheAwareFilter@69f630a6, org.springframework.security.web.servletapi.SecurityContextHolderAwareRequestFilter@4655990e, org.springframework.security.web.authentication.AnonymousAuthenticationFilter@2626643a, org.springframework.security.web.session.SessionManagementFilter@697044c7, org.springframework.security.web.access.ExceptionTranslationFilter@1a08bb4d, org.springframework.security.web.access.intercept.FilterSecurityInterceptor@1b33e382]
2026-04-08 02:05:16.669  INFO 74 --- [           main] o.s.b.t.m.w.SpringBootMockServletContext : Initializing Spring TestDispatcherServlet ''
2026-04-08 02:05:16.669  INFO 74 --- [           main] o.s.t.web.servlet.TestDispatcherServlet  : Initializing Servlet ''
2026-04-08 02:05:16.669  INFO 74 --- [           main] o.s.t.web.servlet.TestDispatcherServlet  : Completed initialization in 0 ms
2026-04-08 02:05:16.675  INFO 74 --- [           main] c.g.a.s.c.AuthenticationEndpointTest     : Started AuthenticationEndpointTest in 0.238 seconds (JVM running for 9.248)
[INFO] Tests run: 2, Failures: 0, Errors: 0, Skipped: 0, Time elapsed: 0.264 s - in codeit.gatcha.api.security.controller.AuthenticationEndpointTest
[INFO] Running codeit.gatcha.api.security.controller.RefreshTokenEndpointTest
2026-04-08 02:05:16.699  INFO 74 --- [           main] o.s.t.c.support.AbstractContextLoader    : Could not detect default resource locations for test class [codeit.gatcha.api.security.controller.RefreshTokenEndpointTest]: no resource found for suffixes {-context.xml, Context.groovy}.
2026-04-08 02:05:16.701  INFO 74 --- [           main] .b.t.a.w.s.WebMvcTestContextBootstrapper : Loaded default TestExecutionListener class names from location [META-INF/spring.factories]: [org.springframework.boot.test.mock.mockito.MockitoTestExecutionListener, org.springframework.boot.test.mock.mockito.ResetMocksTestExecutionListener, org.springframework.boot.test.autoconfigure.restdocs.RestDocsTestExecutionListener, org.springframework.boot.test.autoconfigure.web.client.MockRestServiceServerResetTestExecutionListener, org.springframework.boot.test.autoconfigure.web.servlet.MockMvcPrintOnlyOnFailureTestExecutionListener, org.springframework.boot.test.autoconfigure.web.servlet.WebDriverTestExecutionListener, org.springframework.boot.test.autoconfigure.webservices.client.MockWebServiceServerTestExecutionListener, org.springframework.test.context.web.ServletTestExecutionListener, org.springframework.test.context.support.DirtiesContextBeforeModesTestExecutionListener, org.springframework.test.context.event.ApplicationEventsTestExecutionListener, org.springframework.test.context.support.DependencyInjectionTestExecutionListener, org.springframework.test.context.support.DirtiesContextTestExecutionListener, org.springframework.test.context.transaction.TransactionalTestExecutionListener, org.springframework.test.context.jdbc.SqlScriptsTestExecutionListener, org.springframework.test.context.event.EventPublishingTestExecutionListener, org.springframework.security.test.context.support.WithSecurityContextTestExecutionListener, org.springframework.security.test.context.support.ReactorContextTestExecutionListener]
2026-04-08 02:05:16.702  INFO 74 --- [           main] .b.t.a.w.s.WebMvcTestContextBootstrapper : Using TestExecutionListeners: [org.springframework.test.context.web.ServletTestExecutionListener@4b1e88bc, org.springframework.test.context.support.DirtiesContextBeforeModesTestExecutionListener@4e57bd85, org.springframework.test.context.event.ApplicationEventsTestExecutionListener@56babf95, org.springframework.boot.test.mock.mockito.MockitoTestExecutionListener@2739254c, org.springframework.boot.test.autoconfigure.SpringBootDependencyInjectionTestExecutionListener@185d027f, org.springframework.test.context.support.DirtiesContextTestExecutionListener@6b953f64, org.springframework.test.context.transaction.TransactionalTestExecutionListener@68507394, org.springframework.test.context.jdbc.SqlScriptsTestExecutionListener@62d2897, org.springframework.test.context.event.EventPublishingTestExecutionListener@76139cd7, org.springframework.security.test.context.support.WithSecurityContextTestExecutionListener@343fe36e, org.springframework.security.test.context.support.ReactorContextTestExecutionListener@5f18faae, org.springframework.boot.test.mock.mockito.ResetMocksTestExecutionListener@301e184a, org.springframework.boot.test.autoconfigure.restdocs.RestDocsTestExecutionListener@5a01dfba, org.springframework.boot.test.autoconfigure.web.client.MockRestServiceServerResetTestExecutionListener@11ee6307, org.springframework.boot.test.autoconfigure.web.servlet.MockMvcPrintOnlyOnFailureTestExecutionListener@93b361e, org.springframework.boot.test.autoconfigure.web.servlet.WebDriverTestExecutionListener@49a7b33b, org.springframework.boot.test.autoconfigure.webservices.client.MockWebServiceServerTestExecutionListener@1d0f59ba]
[INFO] Tests run: 1, Failures: 0, Errors: 0, Skipped: 0, Time elapsed: 0.012 s - in codeit.gatcha.api.security.controller.RefreshTokenEndpointTest
[INFO] Running codeit.gatcha.api.security.integration.CorsTest
2026-04-08 02:05:16.714  INFO 74 --- [           main] .b.t.c.SpringBootTestContextBootstrapper : Neither @ContextConfiguration nor @ContextHierarchy found for test class [codeit.gatcha.api.security.integration.CorsTest], using SpringBootContextLoader
2026-04-08 02:05:16.715  INFO 74 --- [           main] o.s.t.c.support.AbstractContextLoader    : Could not detect default resource locations for test class [codeit.gatcha.api.security.integration.CorsTest]: no resource found for suffixes {-context.xml, Context.groovy}.
2026-04-08 02:05:16.715  INFO 74 --- [           main] t.c.s.AnnotationConfigContextLoaderUtils : Could not detect default configuration classes for test class [codeit.gatcha.api.security.integration.CorsTest]: CorsTest does not declare any static, non-private, non-final, nested classes annotated with @Configuration.
2026-04-08 02:05:16.718  INFO 74 --- [           main] .b.t.c.SpringBootTestContextBootstrapper : Found @SpringBootConfiguration codeit.gatcha.GatchaApplication for test class codeit.gatcha.api.security.integration.CorsTest
2026-04-08 02:05:16.719  INFO 74 --- [           main] .b.t.c.SpringBootTestContextBootstrapper : Loaded default TestExecutionListener class names from location [META-INF/spring.factories]: [org.springframework.boot.test.mock.mockito.MockitoTestExecutionListener, org.springframework.boot.test.mock.mockito.ResetMocksTestExecutionListener, org.springframework.boot.test.autoconfigure.restdocs.RestDocsTestExecutionListener, org.springframework.boot.test.autoconfigure.web.client.MockRestServiceServerResetTestExecutionListener, org.springframework.boot.test.autoconfigure.web.servlet.MockMvcPrintOnlyOnFailureTestExecutionListener, org.springframework.boot.test.autoconfigure.web.servlet.WebDriverTestExecutionListener, org.springframework.boot.test.autoconfigure.webservices.client.MockWebServiceServerTestExecutionListener, org.springframework.test.context.web.ServletTestExecutionListener, org.springframework.test.context.support.DirtiesContextBeforeModesTestExecutionListener, org.springframework.test.context.event.ApplicationEventsTestExecutionListener, org.springframework.test.context.support.DependencyInjectionTestExecutionListener, org.springframework.test.context.support.DirtiesContextTestExecutionListener, org.springframework.test.context.transaction.TransactionalTestExecutionListener, org.springframework.test.context.jdbc.SqlScriptsTestExecutionListener, org.springframework.test.context.event.EventPublishingTestExecutionListener, org.springframework.security.test.context.support.WithSecurityContextTestExecutionListener, org.springframework.security.test.context.support.ReactorContextTestExecutionListener]
2026-04-08 02:05:16.719  INFO 74 --- [           main] .b.t.c.SpringBootTestContextBootstrapper : Using TestExecutionListeners: [org.springframework.test.context.web.ServletTestExecutionListener@4d05f9b7, org.springframework.test.context.support.DirtiesContextBeforeModesTestExecutionListener@33178b21, org.springframework.test.context.event.ApplicationEventsTestExecutionListener@10dc30dd, org.springframework.boot.test.mock.mockito.MockitoTestExecutionListener@4c82fd27, org.springframework.boot.test.autoconfigure.SpringBootDependencyInjectionTestExecutionListener@2ea86d41, org.springframework.test.context.support.DirtiesContextTestExecutionListener@21e9a536, org.springframework.test.context.transaction.TransactionalTestExecutionListener@5042230e, org.springframework.test.context.jdbc.SqlScriptsTestExecutionListener@bf297e4, org.springframework.test.context.event.EventPublishingTestExecutionListener@665d31be, org.springframework.security.test.context.support.WithSecurityContextTestExecutionListener@af1e856, org.springframework.security.test.context.support.ReactorContextTestExecutionListener@4b6ae055, org.springframework.boot.test.mock.mockito.ResetMocksTestExecutionListener@54b8036b, org.springframework.boot.test.autoconfigure.restdocs.RestDocsTestExecutionListener@5be71883, org.springframework.boot.test.autoconfigure.web.client.MockRestServiceServerResetTestExecutionListener@5ed1e8f1, org.springframework.boot.test.autoconfigure.web.servlet.MockMvcPrintOnlyOnFailureTestExecutionListener@4225c336, org.springframework.boot.test.autoconfigure.web.servlet.WebDriverTestExecutionListener@56122342, org.springframework.boot.test.autoconfigure.webservices.client.MockWebServiceServerTestExecutionListener@35d20a03]

  .   ____          _            __ _ _
 /\\ / ___'_ __ _ _(_)_ __  __ _ \ \ \ \
( ( )\___ | '_ | '_| | '_ \/ _` | \ \ \ \
 \\/  ___)| |_)| | | | | || (_| |  ) ) ) )
  '  |____| .__|_| |_|_| |_\__, | / / / /
 =========|_|==============|___/=/_/_/_/
 :: Spring Boot ::                (v2.4.4)

2026-04-08 02:05:16.730  INFO 74 --- [           main] c.g.api.security.integration.CorsTest    : Starting CorsTest using Java 11.0.16 on eaa9cf2902fa with PID 74 (started by root in /app)
2026-04-08 02:05:16.730  INFO 74 --- [           main] c.g.api.security.integration.CorsTest    : No active profile set, falling back to default profiles: default
2026-04-08 02:05:16.902  INFO 74 --- [           main] .s.d.r.c.RepositoryConfigurationDelegate : Bootstrapping Spring Data JPA repositories in DEFAULT mode.
2026-04-08 02:05:16.914  INFO 74 --- [           main] .s.d.r.c.RepositoryConfigurationDelegate : Finished Spring Data repository scanning in 12 ms. Found 7 JPA repository interfaces.
2026-04-08 02:05:16.983  INFO 74 --- [           main] com.zaxxer.hikari.HikariDataSource       : HikariPool-2 - Starting...
2026-04-08 02:05:16.986  INFO 74 --- [           main] com.zaxxer.hikari.HikariDataSource       : HikariPool-2 - Start completed.
2026-04-08 02:05:16.996  INFO 74 --- [           main] o.hibernate.jpa.internal.util.LogHelper  : HHH000204: Processing PersistenceUnitInfo [name: default]
2026-04-08 02:05:17.018  INFO 74 --- [           main] org.hibernate.dialect.Dialect            : HHH000400: Using dialect: org.hibernate.dialect.H2Dialect
2026-04-08 02:05:17.117  INFO 74 --- [           main] o.h.e.t.j.p.i.JtaPlatformInitiator       : HHH000490: Using JtaPlatform implementation: [org.hibernate.engine.transaction.jta.platform.internal.NoJtaPlatform]
2026-04-08 02:05:17.117  INFO 74 --- [           main] j.LocalContainerEntityManagerFactoryBean : Initialized JPA EntityManagerFactory for persistence unit 'default'
2026-04-08 02:05:17.242  WARN 74 --- [           main] JpaBaseConfiguration$JpaWebConfiguration : spring.jpa.open-in-view is enabled by default. Therefore, database queries may be performed during view rendering. Explicitly configure spring.jpa.open-in-view to disable this warning
2026-04-08 02:05:17.426  INFO 74 --- [           main] o.s.b.a.e.web.EndpointLinksResolver      : Exposing 2 endpoint(s) beneath base path '/actuator'
2026-04-08 02:05:17.508  INFO 74 --- [           main] pertySourcedRequestMappingHandlerMapping : Mapped URL path [/v2/api-docs] onto method [springfox.documentation.swagger2.web.Swagger2Controller#getDocumentation(String, HttpServletRequest)]
2026-04-08 02:05:17.555  INFO 74 --- [           main] o.s.s.web.DefaultSecurityFilterChain     : Will secure any request with [org.springframework.security.web.context.request.async.WebAsyncManagerIntegrationFilter@327aaf59, org.springframework.security.web.context.SecurityContextPersistenceFilter@74bd174e, org.springframework.security.web.header.HeaderWriterFilter@6a09bbed, org.springframework.web.filter.CorsFilter@7197a7a5, org.springframework.security.web.authentication.logout.LogoutFilter@85d7984, codeit.gatcha.api.security.controller.JwtRequestFilter@4ed3ea6d, org.springframework.security.web.savedrequest.RequestCacheAwareFilter@12cc1e82, org.springframework.security.web.servletapi.SecurityContextHolderAwareRequestFilter@353d09e5, org.springframework.security.web.authentication.AnonymousAuthenticationFilter@126d63d0, org.springframework.security.web.session.SessionManagementFilter@796b0629, org.springframework.security.web.access.ExceptionTranslationFilter@48d5d85b, org.springframework.security.web.access.intercept.FilterSecurityInterceptor@e53dbf4]
2026-04-08 02:05:17.602  INFO 74 --- [           main] o.s.s.concurrent.ThreadPoolTaskExecutor  : Initializing ExecutorService 'applicationTaskExecutor'
2026-04-08 02:05:17.697  INFO 74 --- [           main] d.s.w.p.DocumentationPluginsBootstrapper : Context refreshed
2026-04-08 02:05:17.697  INFO 74 --- [           main] d.s.w.p.DocumentationPluginsBootstrapper : Found 1 custom documentation plugin(s)
2026-04-08 02:05:17.701  INFO 74 --- [           main] s.d.s.w.s.ApiListingReferenceScanner     : Scanning for api listing references
2026-04-08 02:05:17.738  INFO 74 --- [           main] .d.s.w.r.o.CachingOperationNameGenerator : Generating unique operation named: handleUsingGET_1
2026-04-08 02:05:17.740  INFO 74 --- [           main] .d.s.w.r.o.CachingOperationNameGenerator : Generating unique operation named: handleUsingGET_2
2026-04-08 02:05:17.768  INFO 74 --- [           main] c.g.api.security.integration.CorsTest    : Started CorsTest in 1.047 seconds (JVM running for 10.341)
2026-04-08 02:05:17.778  INFO 74 --- [           main] o.s.b.t.m.w.SpringBootMockServletContext : Initializing Spring TestDispatcherServlet ''
2026-04-08 02:05:17.778  INFO 74 --- [           main] o.s.t.web.servlet.TestDispatcherServlet  : Initializing Servlet ''
2026-04-08 02:05:17.780  INFO 74 --- [           main] o.s.t.web.servlet.TestDispatcherServlet  : Completed initialization in 2 ms

MockHttpServletRequest:
      HTTP Method = OPTIONS
      Request URI = /authenticate
       Parameters = {}
          Headers = [Access-Control-Request-Method:"GET", Origin:"*"]
             Body = <no character encoding set>
    Session Attrs = {}

Handler:
             Type = null

Async:
    Async started = false
     Async result = null

Resolved Exception:
             Type = null

ModelAndView:
        View name = null
             View = null
            Model = null

FlashMap:
       Attributes = null

MockHttpServletResponse:
           Status = 200
    Error message = null
          Headers = [Vary:"Origin", "Access-Control-Request-Method", "Access-Control-Request-Headers", Access-Control-Allow-Origin:"*", Access-Control-Allow-Methods:"GET", Access-Control-Max-Age:"1800", X-Content-Type-Options:"nosniff", X-XSS-Protection:"1; mode=block", Cache-Control:"no-cache, no-store, max-age=0, must-revalidate", Pragma:"no-cache", Expires:"0"]
     Content type = null
             Body = 
    Forwarded URL = null
   Redirected URL = null
          Cookies = []
[INFO] Tests run: 1, Failures: 0, Errors: 0, Skipped: 0, Time elapsed: 1.076 s - in codeit.gatcha.api.security.integration.CorsTest
[INFO] Running codeit.gatcha.api.security.service.AuthenticationApiServiceTest
2026-04-08 02:05:17.797  INFO 74 --- [           main] o.s.t.c.s.DefaultTestContextBootstrapper : Neither @ContextConfiguration nor @ContextHierarchy found for test class [codeit.gatcha.api.security.service.AuthenticationApiServiceTest], using DelegatingSmartContextLoader
2026-04-08 02:05:17.798  INFO 74 --- [           main] o.s.t.c.support.AbstractContextLoader    : Could not detect default resource locations for test class [codeit.gatcha.api.security.service.AuthenticationApiServiceTest]: no resource found for suffixes {-context.xml}.
2026-04-08 02:05:17.798  INFO 74 --- [           main] t.c.s.AnnotationConfigContextLoaderUtils : Could not detect default configuration classes for test class [codeit.gatcha.api.security.service.AuthenticationApiServiceTest]: AuthenticationApiServiceTest does not declare any static, non-private, non-final, nested classes annotated with @Configuration.
2026-04-08 02:05:17.799  INFO 74 --- [           main] o.s.t.c.s.DefaultTestContextBootstrapper : Loaded default TestExecutionListener class names from location [META-INF/spring.factories]: [org.springframework.boot.test.mock.mockito.MockitoTestExecutionListener, org.springframework.boot.test.mock.mockito.ResetMocksTestExecutionListener, org.springframework.boot.test.autoconfigure.restdocs.RestDocsTestExecutionListener, org.springframework.boot.test.autoconfigure.web.client.MockRestServiceServerResetTestExecutionListener, org.springframework.boot.test.autoconfigure.web.servlet.MockMvcPrintOnlyOnFailureTestExecutionListener, org.springframework.boot.test.autoconfigure.web.servlet.WebDriverTestExecutionListener, org.springframework.boot.test.autoconfigure.webservices.client.MockWebServiceServerTestExecutionListener, org.springframework.test.context.web.ServletTestExecutionListener, org.springframework.test.context.support.DirtiesContextBeforeModesTestExecutionListener, org.springframework.test.context.event.ApplicationEventsTestExecutionListener, org.springframework.test.context.support.DependencyInjectionTestExecutionListener, org.springframework.test.context.support.DirtiesContextTestExecutionListener, org.springframework.test.context.transaction.TransactionalTestExecutionListener, org.springframework.test.context.jdbc.SqlScriptsTestExecutionListener, org.springframework.test.context.event.EventPublishingTestExecutionListener, org.springframework.security.test.context.support.WithSecurityContextTestExecutionListener, org.springframework.security.test.context.support.ReactorContextTestExecutionListener]
2026-04-08 02:05:17.800  INFO 74 --- [           main] o.s.t.c.s.DefaultTestContextBootstrapper : Using TestExecutionListeners: [org.springframework.test.context.web.ServletTestExecutionListener@54b31d35, org.springframework.test.context.support.DirtiesContextBeforeModesTestExecutionListener@3fee7145, org.springframework.test.context.event.ApplicationEventsTestExecutionListener@542a6430, org.springframework.boot.test.mock.mockito.MockitoTestExecutionListener@2292969c, org.springframework.test.context.support.DependencyInjectionTestExecutionListener@6e847d4e, org.springframework.test.context.support.DirtiesContextTestExecutionListener@222c4d82, org.springframework.test.context.transaction.TransactionalTestExecutionListener@2520b613, org.springframework.test.context.jdbc.SqlScriptsTestExecutionListener@13b0f25d, org.springframework.test.context.event.EventPublishingTestExecutionListener@5e939368, org.springframework.security.test.context.support.WithSecurityContextTestExecutionListener@1e138565, org.springframework.security.test.context.support.ReactorContextTestExecutionListener@3e23289a, org.springframework.boot.test.mock.mockito.ResetMocksTestExecutionListener@2a951719, org.springframework.boot.test.autoconfigure.restdocs.RestDocsTestExecutionListener@685fd9f0, org.springframework.boot.test.autoconfigure.web.client.MockRestServiceServerResetTestExecutionListener@6a654133, org.springframework.boot.test.autoconfigure.web.servlet.MockMvcPrintOnlyOnFailureTestExecutionListener@4d25d31d, org.springframework.boot.test.autoconfigure.web.servlet.WebDriverTestExecutionListener@4f0a287f, org.springframework.boot.test.autoconfigure.webservices.client.MockWebServiceServerTestExecutionListener@590ce837]
[INFO] Tests run: 5, Failures: 0, Errors: 0, Skipped: 0, Time elapsed: 0.114 s - in codeit.gatcha.api.security.service.AuthenticationApiServiceTest
[INFO] Running codeit.gatcha.api.security.service.CustomUserDetailsServiceTest
2026-04-08 02:05:17.909  INFO 74 --- [           main] o.s.t.c.s.DefaultTestContextBootstrapper : Neither @ContextConfiguration nor @ContextHierarchy found for test class [codeit.gatcha.api.security.service.CustomUserDetailsServiceTest], using DelegatingSmartContextLoader
2026-04-08 02:05:17.909  INFO 74 --- [           main] o.s.t.c.support.AbstractContextLoader    : Could not detect default resource locations for test class [codeit.gatcha.api.security.service.CustomUserDetailsServiceTest]: no resource found for suffixes {-context.xml}.
2026-04-08 02:05:17.909  INFO 74 --- [           main] t.c.s.AnnotationConfigContextLoaderUtils : Could not detect default configuration classes for test class [codeit.gatcha.api.security.service.CustomUserDetailsServiceTest]: CustomUserDetailsServiceTest does not declare any static, non-private, non-final, nested classes annotated with @Configuration.
2026-04-08 02:05:17.910  INFO 74 --- [           main] o.s.t.c.s.DefaultTestContextBootstrapper : Loaded default TestExecutionListener class names from location [META-INF/spring.factories]: [org.springframework.boot.test.mock.mockito.MockitoTestExecutionListener, org.springframework.boot.test.mock.mockito.ResetMocksTestExecutionListener, org.springframework.boot.test.autoconfigure.restdocs.RestDocsTestExecutionListener, org.springframework.boot.test.autoconfigure.web.client.MockRestServiceServerResetTestExecutionListener, org.springframework.boot.test.autoconfigure.web.servlet.MockMvcPrintOnlyOnFailureTestExecutionListener, org.springframework.boot.test.autoconfigure.web.servlet.WebDriverTestExecutionListener, org.springframework.boot.test.autoconfigure.webservices.client.MockWebServiceServerTestExecutionListener, org.springframework.test.context.web.ServletTestExecutionListener, org.springframework.test.context.support.DirtiesContextBeforeModesTestExecutionListener, org.springframework.test.context.event.ApplicationEventsTestExecutionListener, org.springframework.test.context.support.DependencyInjectionTestExecutionListener, org.springframework.test.context.support.DirtiesContextTestExecutionListener, org.springframework.test.context.transaction.TransactionalTestExecutionListener, org.springframework.test.context.jdbc.SqlScriptsTestExecutionListener, org.springframework.test.context.event.EventPublishingTestExecutionListener, org.springframework.security.test.context.support.WithSecurityContextTestExecutionListener, org.springframework.security.test.context.support.ReactorContextTestExecutionListener]
2026-04-08 02:05:17.910  INFO 74 --- [           main] o.s.t.c.s.DefaultTestContextBootstrapper : Using TestExecutionListeners: [org.springframework.test.context.web.ServletTestExecutionListener@6e9787e2, org.springframework.test.context.support.DirtiesContextBeforeModesTestExecutionListener@7192ae8d, org.springframework.test.context.event.ApplicationEventsTestExecutionListener@3d713a88, org.springframework.boot.test.mock.mockito.MockitoTestExecutionListener@4e52ce8a, org.springframework.test.context.support.DependencyInjectionTestExecutionListener@1ca8e835, org.springframework.test.context.support.DirtiesContextTestExecutionListener@782adbeb, org.springframework.test.context.transaction.TransactionalTestExecutionListener@4cbb1b1c, org.springframework.test.context.jdbc.SqlScriptsTestExecutionListener@14c5ba9f, org.springframework.test.context.event.EventPublishingTestExecutionListener@4ff70172, org.springframework.security.test.context.support.WithSecurityContextTestExecutionListener@61ac7ee4, org.springframework.security.test.context.support.ReactorContextTestExecutionListener@75dbfa36, org.springframework.boot.test.mock.mockito.ResetMocksTestExecutionListener@4c73b750, org.springframework.boot.test.autoconfigure.restdocs.RestDocsTestExecutionListener@3b78d33d, org.springframework.boot.test.autoconfigure.web.client.MockRestServiceServerResetTestExecutionListener@39a1c1e8, org.springframework.boot.test.autoconfigure.web.servlet.MockMvcPrintOnlyOnFailureTestExecutionListener@138186a0, org.springframework.boot.test.autoconfigure.web.servlet.WebDriverTestExecutionListener@42997ab7, org.springframework.boot.test.autoconfigure.webservices.client.MockWebServiceServerTestExecutionListener@3f05b8e2]
[INFO] Tests run: 2, Failures: 0, Errors: 0, Skipped: 0, Time elapsed: 0.008 s - in codeit.gatcha.api.security.service.CustomUserDetailsServiceTest
[INFO] Running codeit.gatcha.api.service.API_SignUpServiceTest
[INFO] Tests run: 2, Failures: 0, Errors: 0, Skipped: 0, Time elapsed: 0.038 s - in codeit.gatcha.api.service.API_SignUpServiceTest
[INFO] Running codeit.gatcha.api.service.API_PublicationServiceTest
[INFO] Tests run: 1, Failures: 0, Errors: 0, Skipped: 0, Time elapsed: 0.033 s - in codeit.gatcha.api.service.API_PublicationServiceTest
[INFO] Running codeit.gatcha.api.service.AccountActivationTest
[INFO] Tests run: 2, Failures: 0, Errors: 0, Skipped: 0, Time elapsed: 0.018 s - in codeit.gatcha.api.service.AccountActivationTest
[INFO] Running codeit.gatcha.domain.QuestionCreationTest
[INFO] Tests run: 1, Failures: 0, Errors: 0, Skipped: 0, Time elapsed: 0 s - in codeit.gatcha.domain.QuestionCreationTest
2026-04-08 02:05:18.025  INFO 74 --- [extShutdownHook] o.s.s.concurrent.ThreadPoolTaskExecutor  : Shutting down ExecutorService 'applicationTaskExecutor'
2026-04-08 02:05:18.025  INFO 74 --- [extShutdownHook] o.s.s.concurrent.ThreadPoolTaskExecutor  : Shutting down ExecutorService 'applicationTaskExecutor'
2026-04-08 02:05:18.025  INFO 74 --- [extShutdownHook] o.s.s.concurrent.ThreadPoolTaskExecutor  : Shutting down ExecutorService 'applicationTaskExecutor'
2026-04-08 02:05:18.025  INFO 74 --- [extShutdownHook] o.s.s.concurrent.ThreadPoolTaskExecutor  : Shutting down ExecutorService 'applicationTaskExecutor'
2026-04-08 02:05:18.025  INFO 74 --- [extShutdownHook] o.s.s.concurrent.ThreadPoolTaskExecutor  : Shutting down ExecutorService 'applicationTaskExecutor'
2026-04-08 02:05:18.027  INFO 74 --- [extShutdownHook] o.s.s.concurrent.ThreadPoolTaskExecutor  : Shutting down ExecutorService 'applicationTaskExecutor'
2026-04-08 02:05:18.027  INFO 74 --- [extShutdownHook] o.s.s.concurrent.ThreadPoolTaskExecutor  : Shutting down ExecutorService 'applicationTaskExecutor'
2026-04-08 02:05:18.033  INFO 74 --- [extShutdownHook] j.LocalContainerEntityManagerFactoryBean : Closing JPA EntityManagerFactory for persistence unit 'default'
2026-04-08 02:05:18.033  INFO 74 --- [extShutdownHook] j.LocalContainerEntityManagerFactoryBean : Closing JPA EntityManagerFactory for persistence unit 'default'
2026-04-08 02:05:18.034  INFO 74 --- [extShutdownHook] .SchemaDropperImpl$DelayedDropActionImpl : HHH000477: Starting delayed evictData of schema as part of SessionFactory shut-down'
2026-04-08 02:05:18.034  INFO 74 --- [extShutdownHook] .SchemaDropperImpl$DelayedDropActionImpl : HHH000477: Starting delayed evictData of schema as part of SessionFactory shut-down'
2026-04-08 02:05:18.161  INFO 74 --- [extShutdownHook] com.zaxxer.hikari.HikariDataSource       : HikariPool-1 - Shutdown initiated...
2026-04-08 02:05:18.163  INFO 74 --- [extShutdownHook] com.zaxxer.hikari.HikariDataSource       : HikariPool-1 - Shutdown completed.
2026-04-08 02:05:18.166  INFO 74 --- [extShutdownHook] com.zaxxer.hikari.HikariDataSource       : HikariPool-2 - Shutdown initiated...
2026-04-08 02:05:18.167  INFO 74 --- [extShutdownHook] com.zaxxer.hikari.HikariDataSource       : HikariPool-2 - Shutdown completed.
[INFO] 
[INFO] Results:
[INFO] 
[INFO] Tests run: 33, Failures: 0, Errors: 0, Skipped: 0
[INFO] 
[INFO] 
[INFO] --- jacoco-maven-plugin:0.8.11:report (report) @ gatcha ---
[INFO] Loading execution data file /app/target/jacoco.exec
[INFO] Analyzed bundle 'gatcha' with 72 classes
[INFO] 
[INFO] --- jacoco-maven-plugin:0.8.11:report (default-cli) @ gatcha ---
[INFO] Loading execution data file /app/target/jacoco.exec
[INFO] Analyzed bundle 'gatcha' with 72 classes
[INFO] ------------------------------------------------------------------------
[INFO] BUILD SUCCESS
[INFO] ------------------------------------------------------------------------
[INFO] Total time:  14.937 s
[INFO] Finished at: 2026-04-08T02:05:19Z
[INFO] ------------------------------------------------------------------------
