[INFO] Scanning for projects...
[INFO] 
[INFO] ----------------------< pradyuman7:Algorithmics >-----------------------
[INFO] Building Algorithmics 1.0-SNAPSHOT
[INFO] --------------------------------[ jar ]---------------------------------
[INFO] 
[INFO] --- maven-clean-plugin:2.5:clean (default-clean) @ Algorithmics ---
[INFO] 
[INFO] --- maven-checkstyle-plugin:3.1.2:check (validate) @ Algorithmics ---
[WARNING] Old version of checkstyle detected. Consider updating to >= v8.30
[WARNING] For more information see: https://maven.apache.org/plugins/maven-checkstyle-plugin/examples/upgrading-checkstyle.html
[INFO] Starting audit...
Audit done.
[INFO] You have 0 Checkstyle violations.
[INFO] 
[INFO] --- jacoco-maven-plugin:0.8.11:prepare-agent (default) @ Algorithmics ---
[INFO] argLine set to -javaagent:/root/.m2/repository/org/jacoco/org.jacoco.agent/0.8.11/org.jacoco.agent-0.8.11-runtime.jar=destfile=/app/target/jacoco.exec
[INFO] 
[INFO] --- maven-resources-plugin:2.6:resources (default-resources) @ Algorithmics ---
[INFO] Using 'UTF-8' encoding to copy filtered resources.
[INFO] skip non existing resourceDirectory /app/src/main/resources
[INFO] 
[INFO] --- maven-compiler-plugin:3.8.0:compile (default-compile) @ Algorithmics ---
[INFO] Changes detected - recompiling the module!
[INFO] Compiling 17 source files to /app/target/classes
[INFO] 
[INFO] --- build-helper-maven-plugin:3.3.0:add-test-source (add-kex-test-source) @ Algorithmics ---
[INFO] Test Source directory: /app/src/test/java/kex-tests added.
[INFO] 
[INFO] --- maven-resources-plugin:2.6:testResources (default-testResources) @ Algorithmics ---
[INFO] Using 'UTF-8' encoding to copy filtered resources.
[INFO] skip non existing resourceDirectory /app/src/test/resources
[INFO] 
[INFO] --- maven-compiler-plugin:3.8.0:testCompile (default-testCompile) @ Algorithmics ---
[INFO] Changes detected - recompiling the module!
[INFO] Compiling 120 source files to /app/target/test-classes
[WARNING] /app/src/test/java/kex-tests/tests/com/pd/algorithms/ReflectionUtils.java:[9,16] sun.misc.Unsafe is internal proprietary API and may be removed in a future release
[WARNING] /app/src/test/java/kex-tests/tests/com/pd/algorithms/ReflectionUtils.java:[13,25] sun.misc.Unsafe is internal proprietary API and may be removed in a future release
[WARNING] /app/src/test/java/kex-tests/tests/com/pd/algorithms/ReflectionUtils.java:[17,31] sun.misc.Unsafe is internal proprietary API and may be removed in a future release
[WARNING] /app/src/test/java/kex-tests/tests/com/pd/algorithms/ReflectionUtils.java:[19,23] sun.misc.Unsafe is internal proprietary API and may be removed in a future release
[INFO] /app/src/test/java/kex-tests/tests/com/pd/algorithms/Exponent_pow_18071213343.java: Some input files use or override a deprecated API.
[INFO] /app/src/test/java/kex-tests/tests/com/pd/algorithms/Exponent_pow_18071213343.java: Recompile with -Xlint:deprecation for details.
[INFO] 
[INFO] --- maven-surefire-plugin:2.22.0:test (default-test) @ Algorithmics ---
[INFO] 
[INFO] -------------------------------------------------------
[INFO]  T E S T S
[INFO] -------------------------------------------------------
[INFO] Running com.pd.algorithms.Find2DMatrixSum_findSumOfMatrix_18639540241
[INFO] Tests run: 1, Failures: 0, Errors: 0, Skipped: 0, Time elapsed: 0.014 s - in com.pd.algorithms.Find2DMatrixSum_findSumOfMatrix_18639540241
[INFO] Running com.pd.algorithms.MatrixMultiplication2D_matrixMult2D_11292211411
Matrix cannot be multiplicated due to their uncompatible orders
[INFO] Tests run: 1, Failures: 0, Errors: 0, Skipped: 0, Time elapsed: 0.001 s - in com.pd.algorithms.MatrixMultiplication2D_matrixMult2D_11292211411
[INFO] Running com.pd.algorithms.MatrixMultiplication2D_init_14674424780
[INFO] Tests run: 1, Failures: 0, Errors: 0, Skipped: 0, Time elapsed: 0.001 s - in com.pd.algorithms.MatrixMultiplication2D_init_14674424780
[INFO] Running com.pd.algorithms.Exponent_init_15272578484
[INFO] Tests run: 1, Failures: 0, Errors: 0, Skipped: 0, Time elapsed: 0 s - in com.pd.algorithms.Exponent_init_15272578484
[INFO] Running com.pd.algorithms.Exponent_ESTest
[INFO] Tests run: 12, Failures: 0, Errors: 0, Skipped: 0, Time elapsed: 0.22 s - in com.pd.algorithms.Exponent_ESTest
[INFO] Running com.pd.algorithms.OccurrencesOfCharacters_findNumOccurencesOfAllCharacters_16897456712
[INFO] Tests run: 1, Failures: 0, Errors: 0, Skipped: 0, Time elapsed: 0 s - in com.pd.algorithms.OccurrencesOfCharacters_findNumOccurencesOfAllCharacters_16897456712
[INFO] Running com.pd.algorithms.Divisors_findDivisors_18002275141
[INFO] Tests run: 1, Failures: 0, Errors: 0, Skipped: 0, Time elapsed: 0.488 s - in com.pd.algorithms.Divisors_findDivisors_18002275141
[INFO] Running com.pd.algorithms.MatrixMultiplication2D_showMat_4041992012
941650513 444029505 -1034506028 -1263114719 
-894662986 304775596 -1347665717 -1888585309 
-663691365 339854490 -615654495 -1476117762 
-1801760683 1141317871 [ERROR] Tests run: 1, Failures: 0, Errors: 1, Skipped: 0, Time elapsed: 0.009 s <<< FAILURE! - in com.pd.algorithms.MatrixMultiplication2D_showMat_4041992012
[ERROR] test  Time elapsed: 0.009 s  <<< ERROR!
java.lang.ArrayIndexOutOfBoundsException: Index 2 out of bounds for length 2
	at com.pd.algorithms.MatrixMultiplication2D_showMat_4041992012.test(MatrixMultiplication2D_showMat_4041992012.java:119)

[INFO] Running com.pd.algorithms.MaxSubArraySum_getSum_18438980881
[INFO] Tests run: 1, Failures: 0, Errors: 0, Skipped: 0, Time elapsed: 0 s - in com.pd.algorithms.MaxSubArraySum_getSum_18438980881
[INFO] Running com.pd.algorithms.Find2DMatrixSum_init_2275186180
[INFO] Tests run: 1, Failures: 0, Errors: 0, Skipped: 0, Time elapsed: 0 s - in com.pd.algorithms.Find2DMatrixSum_init_2275186180
[INFO] Running com.pd.algorithms.Find2DMatrixSum_findLongSumOfMatrix_15331998525
[ERROR] Tests run: 1, Failures: 0, Errors: 1, Skipped: 0, Time elapsed: 0.001 s <<< FAILURE! - in com.pd.algorithms.Find2DMatrixSum_findLongSumOfMatrix_15331998525
[ERROR] test  Time elapsed: 0 s  <<< ERROR!
java.lang.NullPointerException
	at com.pd.algorithms.Find2DMatrixSum_findLongSumOfMatrix_15331998525.test(Find2DMatrixSum_findLongSumOfMatrix_15331998525.java:43)

[INFO] Running com.pd.algorithms.Find2DMatrixSum_init_2275186183
[INFO] Tests run: 1, Failures: 0, Errors: 0, Skipped: 0, Time elapsed: 0 s - in com.pd.algorithms.Find2DMatrixSum_init_2275186183
[INFO] Running com.pd.algorithms.FindPhrase_init_206500592
[INFO] Tests run: 1, Failures: 0, Errors: 0, Skipped: 0, Time elapsed: 0.001 s - in com.pd.algorithms.FindPhrase_init_206500592
[INFO] Running com.pd.algorithms.GetDivSquareSum_sumDivSquare_19027735833
[INFO] Tests run: 1, Failures: 0, Errors: 0, Skipped: 0, Time elapsed: 0.001 s - in com.pd.algorithms.GetDivSquareSum_sumDivSquare_19027735833
[INFO] Running com.pd.algorithms.FindMaxSubArrayProduct_findMaxProduct_186428223
[ERROR] Tests run: 1, Failures: 0, Errors: 1, Skipped: 0, Time elapsed: 0.001 s <<< FAILURE! - in com.pd.algorithms.FindMaxSubArrayProduct_findMaxProduct_186428223
[ERROR] test  Time elapsed: 0.001 s  <<< ERROR!
java.lang.NullPointerException
	at com.pd.algorithms.FindMaxSubArrayProduct_findMaxProduct_186428223.test(FindMaxSubArrayProduct_findMaxProduct_186428223.java:43)

[INFO] Running com.pd.algorithms.CountSort_countSort_15880353251
[ERROR] Tests run: 1, Failures: 0, Errors: 1, Skipped: 0, Time elapsed: 0.137 s <<< FAILURE! - in com.pd.algorithms.CountSort_countSort_15880353251
[ERROR] test  Time elapsed: 0.137 s  <<< ERROR!
java.lang.OutOfMemoryError: Java heap space
	at com.pd.algorithms.CountSort_countSort_15880353251.test(CountSort_countSort_15880353251.java:58)

[INFO] Running com.pd.algorithms.Find2DMatrixSum_ESTest
[INFO] Tests run: 10, Failures: 0, Errors: 0, Skipped: 0, Time elapsed: 0.009 s - in com.pd.algorithms.Find2DMatrixSum_ESTest
[INFO] Running com.pd.algorithms.BinarySearch_init_8571170880
[INFO] Tests run: 1, Failures: 0, Errors: 0, Skipped: 0, Time elapsed: 0.001 s - in com.pd.algorithms.BinarySearch_init_8571170880
[INFO] Running com.pd.algorithms.Exponent_pow_18071213347
[INFO] Tests run: 1, Failures: 0, Errors: 0, Skipped: 0, Time elapsed: 0 s - in com.pd.algorithms.Exponent_pow_18071213347
[INFO] Running com.pd.algorithms.CheckPrime_checkPrime_8952781471
[INFO] Tests run: 1, Failures: 0, Errors: 0, Skipped: 0, Time elapsed: 0.001 s - in com.pd.algorithms.CheckPrime_checkPrime_8952781471
[INFO] Running com.pd.algorithms.MaxSubArraySum_init_9753600050
[INFO] Tests run: 1, Failures: 0, Errors: 0, Skipped: 0, Time elapsed: 0 s - in com.pd.algorithms.MaxSubArraySum_init_9753600050
[INFO] Running com.pd.algorithms.OccurrencesOfCharacters_findNumOccurencesOfCharacter_4709412111
[INFO] Tests run: 1, Failures: 0, Errors: 0, Skipped: 0, Time elapsed: 0 s - in com.pd.algorithms.OccurrencesOfCharacters_findNumOccurencesOfCharacter_4709412111
[INFO] Running com.pd.algorithms.MaxSubArraySum_init_9753600052
[INFO] Tests run: 1, Failures: 0, Errors: 0, Skipped: 0, Time elapsed: 0 s - in com.pd.algorithms.MaxSubArraySum_init_9753600052
[INFO] Running com.pd.algorithms.BinarySearch_search_8851646741
[INFO] Tests run: 1, Failures: 0, Errors: 0, Skipped: 0, Time elapsed: 0 s - in com.pd.algorithms.BinarySearch_search_8851646741
[INFO] Running com.pd.algorithms.PerfectPowerAlgorithm_isPerfectPower_9875429983
[INFO] Tests run: 1, Failures: 0, Errors: 0, Skipped: 0, Time elapsed: 0 s - in com.pd.algorithms.PerfectPowerAlgorithm_isPerfectPower_9875429983
[INFO] Running com.pd.algorithms.FindPhrase_ESTest
[ERROR] Tests run: 4, Failures: 0, Errors: 1, Skipped: 0, Time elapsed: 4.006 s <<< FAILURE! - in com.pd.algorithms.FindPhrase_ESTest
[ERROR] test0  Time elapsed: 4.003 s  <<< ERROR!
org.junit.runners.model.TestTimedOutException: test timed out after 4000 milliseconds
	at app//com.pd.algorithms.FindPhrase_ESTest.test0(FindPhrase_ESTest.java:23)

[INFO] Running com.pd.algorithms.SearchWordInMatrix_exist_17432196114
[ERROR] Tests run: 1, Failures: 0, Errors: 1, Skipped: 0, Time elapsed: 0.001 s <<< FAILURE! - in com.pd.algorithms.SearchWordInMatrix_exist_17432196114
[ERROR] test  Time elapsed: 0.001 s  <<< ERROR!
java.lang.NullPointerException
	at com.pd.algorithms.SearchWordInMatrix_exist_17432196114.test(SearchWordInMatrix_exist_17432196114.java:46)

[INFO] Running com.pd.algorithms.CheckPrime_checkPrime_8952781473
[INFO] Tests run: 1, Failures: 0, Errors: 0, Skipped: 0, Time elapsed: 0.001 s - in com.pd.algorithms.CheckPrime_checkPrime_8952781473
[INFO] Running com.pd.algorithms.SievePrimesAlgorithm_ESTest
java.lang.ArrayIndexOutOfBoundsException: Index 555 out of bounds for length 3
	at com.pd.algorithms.SievePrimesAlgorithm.isPrime(SievePrimesAlgorithm.java:30)
	at com.pd.algorithms.SievePrimesAlgorithm_ESTest.test01(SievePrimesAlgorithm_ESTest.java:32)
	at java.base/jdk.internal.reflect.NativeMethodAccessorImpl.invoke0(Native Method)
	at java.base/jdk.internal.reflect.NativeMethodAccessorImpl.invoke(NativeMethodAccessorImpl.java:62)
	at java.base/jdk.internal.reflect.DelegatingMethodAccessorImpl.invoke(DelegatingMethodAccessorImpl.java:43)
	at java.base/java.lang.reflect.Method.invoke(Method.java:566)
	at org.junit.runners.model.FrameworkMethod$1.runReflectiveCall(FrameworkMethod.java:59)
	at org.junit.internal.runners.model.ReflectiveCallable.run(ReflectiveCallable.java:12)
	at org.junit.runners.model.FrameworkMethod.invokeExplosively(FrameworkMethod.java:56)
	at org.junit.internal.runners.statements.InvokeMethod.evaluate(InvokeMethod.java:17)
	at org.junit.internal.runners.statements.FailOnTimeout$CallableStatement.call(FailOnTimeout.java:299)
	at org.junit.internal.runners.statements.FailOnTimeout$CallableStatement.call(FailOnTimeout.java:293)
	at java.base/java.util.concurrent.FutureTask.run(FutureTask.java:264)
	at java.base/java.lang.Thread.run(Thread.java:829)
[INFO] Tests run: 12, Failures: 0, Errors: 0, Skipped: 0, Time elapsed: 0.143 s - in com.pd.algorithms.SievePrimesAlgorithm_ESTest
[INFO] Running com.pd.algorithms.OccurrencesOfCharacters_init_14771693150
[INFO] Tests run: 1, Failures: 0, Errors: 0, Skipped: 0, Time elapsed: 0.001 s - in com.pd.algorithms.OccurrencesOfCharacters_init_14771693150
[INFO] Running com.pd.algorithms.MatrixMultiplication2D_matrixMult2D_11292211414
[ERROR] Tests run: 1, Failures: 0, Errors: 1, Skipped: 0, Time elapsed: 0 s <<< FAILURE! - in com.pd.algorithms.MatrixMultiplication2D_matrixMult2D_11292211414
[ERROR] test  Time elapsed: 0 s  <<< ERROR!
java.lang.NullPointerException
	at com.pd.algorithms.MatrixMultiplication2D_matrixMult2D_11292211414.test(MatrixMultiplication2D_matrixMult2D_11292211414.java:46)

[INFO] Running com.pd.algorithms.CountDistinctElements_countDistinct_1804844103
[ERROR] Tests run: 1, Failures: 0, Errors: 1, Skipped: 0, Time elapsed: 0.001 s <<< FAILURE! - in com.pd.algorithms.CountDistinctElements_countDistinct_1804844103
[ERROR] test  Time elapsed: 0.001 s  <<< ERROR!
java.lang.NullPointerException
	at com.pd.algorithms.CountDistinctElements_countDistinct_1804844103.test(CountDistinctElements_countDistinct_1804844103.java:43)

[INFO] Running com.pd.algorithms.SearchWordInMatrix_exist_17432196111
[ERROR] Tests run: 1, Failures: 0, Errors: 1, Skipped: 0, Time elapsed: 0 s <<< FAILURE! - in com.pd.algorithms.SearchWordInMatrix_exist_17432196111
[ERROR] test  Time elapsed: 0 s  <<< ERROR!
java.lang.ArrayIndexOutOfBoundsException: Index 1 out of bounds for length 1
	at com.pd.algorithms.SearchWordInMatrix_exist_17432196111.test(SearchWordInMatrix_exist_17432196111.java:67)

[INFO] Running com.pd.algorithms.SievePrimesAlgorithm_start_9805760064
[INFO] Tests run: 1, Failures: 0, Errors: 0, Skipped: 0, Time elapsed: 0.047 s - in com.pd.algorithms.SievePrimesAlgorithm_start_9805760064
[INFO] Running com.pd.algorithms.CountDistinctElements_ESTest
[INFO] Tests run: 3, Failures: 0, Errors: 0, Skipped: 0, Time elapsed: 0.003 s - in com.pd.algorithms.CountDistinctElements_ESTest
[INFO] Running com.pd.algorithms.SievePrimesAlgorithm_start_9805760061
[INFO] Tests run: 1, Failures: 0, Errors: 0, Skipped: 0, Time elapsed: 0.026 s - in com.pd.algorithms.SievePrimesAlgorithm_start_9805760061
[INFO] Running com.pd.algorithms.GetDivSquareSum_init_18096735202
[INFO] Tests run: 1, Failures: 0, Errors: 0, Skipped: 0, Time elapsed: 0.001 s - in com.pd.algorithms.GetDivSquareSum_init_18096735202
[INFO] Running com.pd.algorithms.SearchWordInMatrix_dfs_4151582712
[INFO] Tests run: 1, Failures: 0, Errors: 0, Skipped: 0, Time elapsed: 0 s - in com.pd.algorithms.SearchWordInMatrix_dfs_4151582712
[INFO] Running com.pd.algorithms.Exponent_pow_18071213343
[ERROR] Tests run: 1, Failures: 0, Errors: 1, Skipped: 0, Time elapsed: 10.001 s <<< FAILURE! - in com.pd.algorithms.Exponent_pow_18071213343
[ERROR] test  Time elapsed: 10.001 s  <<< ERROR!
org.junit.runners.model.TestTimedOutException: test timed out after 10 seconds
	at app//com.pd.algorithms.Exponent_pow_18071213343.test(Exponent_pow_18071213343.java:51)

[INFO] Running com.pd.algorithms.CheckPrime_init_4170567200
[INFO] Tests run: 1, Failures: 0, Errors: 0, Skipped: 0, Time elapsed: 0 s - in com.pd.algorithms.CheckPrime_init_4170567200
[INFO] Running com.pd.algorithms.SievePrimesAlgorithm_isPrime_184446032
java.lang.ArrayIndexOutOfBoundsException: Index 158873461 out of bounds for length 1000001
	at com.pd.algorithms.SievePrimesAlgorithm.isPrime(SievePrimesAlgorithm.java:30)
	at java.base/jdk.internal.reflect.NativeMethodAccessorImpl.invoke0(Native Method)
	at java.base/jdk.internal.reflect.NativeMethodAccessorImpl.invoke(NativeMethodAccessorImpl.java:62)
	at java.base/jdk.internal.reflect.DelegatingMethodAccessorImpl.invoke(DelegatingMethodAccessorImpl.java:43)
	at java.base/java.lang.reflect.Method.invoke(Method.java:566)
	at com.pd.algorithms.ReflectionUtils.callMethod(ReflectionUtils.java:328)
	at com.pd.algorithms.SievePrimesAlgorithm_isPrime_184446032.test(SievePrimesAlgorithm_isPrime_184446032.java:47)
	at java.base/jdk.internal.reflect.NativeMethodAccessorImpl.invoke0(Native Method)
	at java.base/jdk.internal.reflect.NativeMethodAccessorImpl.invoke(NativeMethodAccessorImpl.java:62)
	at java.base/jdk.internal.reflect.DelegatingMethodAccessorImpl.invoke(DelegatingMethodAccessorImpl.java:43)
	at java.base/java.lang.reflect.Method.invoke(Method.java:566)
	at org.junit.runners.model.FrameworkMethod$1.runReflectiveCall(FrameworkMethod.java:59)
	at org.junit.internal.runners.model.ReflectiveCallable.run(ReflectiveCallable.java:12)
	at org.junit.runners.model.FrameworkMethod.invokeExplosively(FrameworkMethod.java:56)
	at org.junit.internal.runners.statements.InvokeMethod.evaluate(InvokeMethod.java:17)
	at org.junit.internal.runners.statements.RunBefores.evaluate(RunBefores.java:26)
	at org.junit.internal.runners.statements.FailOnTimeout$CallableStatement.call(FailOnTimeout.java:299)
	at org.junit.internal.runners.statements.FailOnTimeout$CallableStatement.call(FailOnTimeout.java:293)
	at java.base/java.util.concurrent.FutureTask.run(FutureTask.java:264)
	at java.base/java.lang.Thread.run(Thread.java:829)
[INFO] Tests run: 1, Failures: 0, Errors: 0, Skipped: 0, Time elapsed: 0.001 s - in com.pd.algorithms.SievePrimesAlgorithm_isPrime_184446032
[INFO] Running com.pd.algorithms.BinarySearch_search_8851646744
[INFO] Tests run: 1, Failures: 0, Errors: 0, Skipped: 0, Time elapsed: 0.001 s - in com.pd.algorithms.BinarySearch_search_8851646744
[INFO] Running com.pd.algorithms.SievePrimesAlgorithm_init_593477223
[INFO] Tests run: 1, Failures: 0, Errors: 0, Skipped: 0, Time elapsed: 0 s - in com.pd.algorithms.SievePrimesAlgorithm_init_593477223
[INFO] Running com.pd.algorithms.BinarySearch_binarySearch_4262792675
[ERROR] Tests run: 1, Failures: 0, Errors: 1, Skipped: 0, Time elapsed: 0 s <<< FAILURE! - in com.pd.algorithms.BinarySearch_binarySearch_4262792675
[ERROR] test  Time elapsed: 0 s  <<< ERROR!
java.lang.NullPointerException
	at com.pd.algorithms.BinarySearch_binarySearch_4262792675.test(BinarySearch_binarySearch_4262792675.java:57)

[INFO] Running com.pd.algorithms.TwoSum_ESTest
[INFO] Tests run: 3, Failures: 0, Errors: 0, Skipped: 0, Time elapsed: 0.007 s - in com.pd.algorithms.TwoSum_ESTest
[INFO] Running com.pd.algorithms.OccurrencesOfCharacters_ESTest
Character ` has occured 1 times
Character @ has occured 1 times
Character b has occured 1 times
Character f has occured 1 times
Character g has occured 1 times
Character H has occured 1 times
Character I has occured 1 times
Character M has occured 1 times
Character m has occured 1 times
Character o has occured 1 times
Character Q has occured 1 times
Character 5 has occured 2 times
Character 9 has occured 1 times
Character ; has occured 2 times
Character > has occured 1 times
[INFO] Tests run: 8, Failures: 0, Errors: 0, Skipped: 0, Time elapsed: 0.009 s - in com.pd.algorithms.OccurrencesOfCharacters_ESTest
[INFO] Running com.pd.algorithms.CountSort_ESTest
SORTED ARRAY
SORTED ARRAY
SORTED ARRAY
SORTED ARRAY
[ERROR] Tests run: 7, Failures: 0, Errors: 1, Skipped: 0, Time elapsed: 0.007 s <<< FAILURE! - in com.pd.algorithms.CountSort_ESTest
[ERROR] test5  Time elapsed: 0.001 s  <<< ERROR!
java.lang.ArrayIndexOutOfBoundsException: Index 3709 out of bounds for length 7
	at com.pd.algorithms.CountSort_ESTest.test5(CountSort_ESTest.java:91)

[INFO] Running com.pd.algorithms.TwoSum_init_12672952880
[INFO] Tests run: 1, Failures: 0, Errors: 0, Skipped: 0, Time elapsed: 0.001 s - in com.pd.algorithms.TwoSum_init_12672952880
[INFO] Running com.pd.algorithms.PerfectPowerAlgorithm_init_7224523000
[INFO] Tests run: 1, Failures: 0, Errors: 0, Skipped: 0, Time elapsed: 0 s - in com.pd.algorithms.PerfectPowerAlgorithm_init_7224523000
[INFO] Running com.pd.algorithms.Exponent_pow_18071531102
[INFO] Tests run: 1, Failures: 0, Errors: 0, Skipped: 0, Time elapsed: 0.83 s - in com.pd.algorithms.Exponent_pow_18071531102
[INFO] Running com.pd.algorithms.BinarySearch_init_8571170883
[ERROR] Tests run: 1, Failures: 0, Errors: 1, Skipped: 0, Time elapsed: 0.001 s <<< FAILURE! - in com.pd.algorithms.BinarySearch_init_8571170883
[ERROR] test  Time elapsed: 0.001 s  <<< ERROR!
java.lang.reflect.InvocationTargetException
	at com.pd.algorithms.BinarySearch_init_8571170883.test(BinarySearch_init_8571170883.java:42)
Caused by: java.lang.NullPointerException
	at com.pd.algorithms.BinarySearch_init_8571170883.test(BinarySearch_init_8571170883.java:42)

[INFO] Running com.pd.algorithms.Exponent_pow_18071531106
[INFO] Tests run: 1, Failures: 0, Errors: 0, Skipped: 0, Time elapsed: 0 s - in com.pd.algorithms.Exponent_pow_18071531106
[INFO] Running com.pd.algorithms.Exponent_modExp_17345852955
[ERROR] Tests run: 1, Failures: 0, Errors: 1, Skipped: 0, Time elapsed: 0 s <<< FAILURE! - in com.pd.algorithms.Exponent_modExp_17345852955
[ERROR] test  Time elapsed: 0 s  <<< ERROR!
java.lang.ArithmeticException: / by zero
	at com.pd.algorithms.Exponent_modExp_17345852955.test(Exponent_modExp_17345852955.java:55)

[INFO] Running com.pd.algorithms.FindMaxSubArrayProduct_init_16466562220
[INFO] Tests run: 1, Failures: 0, Errors: 0, Skipped: 0, Time elapsed: 0 s - in com.pd.algorithms.FindMaxSubArrayProduct_init_16466562220
[INFO] Running com.pd.algorithms.PerfectPowerAlgorithm_isPerfectPower_9875429981
[INFO] Tests run: 1, Failures: 0, Errors: 0, Skipped: 0, Time elapsed: 0 s - in com.pd.algorithms.PerfectPowerAlgorithm_isPerfectPower_9875429981
[INFO] Running com.pd.algorithms.FindPhrase_timesFound_835432433
[ERROR] Tests run: 1, Failures: 0, Errors: 1, Skipped: 0, Time elapsed: 0 s <<< FAILURE! - in com.pd.algorithms.FindPhrase_timesFound_835432433
[ERROR] test  Time elapsed: 0 s  <<< ERROR!
java.lang.NullPointerException

[INFO] Running com.pd.algorithms.CountDistinctElements_countDistinct_1804844101
[INFO] Tests run: 1, Failures: 0, Errors: 0, Skipped: 0, Time elapsed: 0 s - in com.pd.algorithms.CountDistinctElements_countDistinct_1804844101
[INFO] Running com.pd.algorithms.SearchWordInMatrix_dfs_4151582715
[ERROR] Tests run: 1, Failures: 0, Errors: 1, Skipped: 0, Time elapsed: 0 s <<< FAILURE! - in com.pd.algorithms.SearchWordInMatrix_dfs_4151582715
[ERROR] test  Time elapsed: 0 s  <<< ERROR!
java.lang.NullPointerException
	at com.pd.algorithms.SearchWordInMatrix_dfs_4151582715.test(SearchWordInMatrix_dfs_4151582715.java:59)

[INFO] Running com.pd.algorithms.TwoSum_init_12672952882
[INFO] Tests run: 1, Failures: 0, Errors: 0, Skipped: 0, Time elapsed: 0 s - in com.pd.algorithms.TwoSum_init_12672952882
[INFO] Running com.pd.algorithms.MatrixMultiplication2D_init_14674424783
[INFO] Tests run: 1, Failures: 0, Errors: 0, Skipped: 0, Time elapsed: 0 s - in com.pd.algorithms.MatrixMultiplication2D_init_14674424783
[INFO] Running com.pd.algorithms.OccurrencesOfCharacters_init_14771693153
[ERROR] Tests run: 1, Failures: 0, Errors: 1, Skipped: 0, Time elapsed: 0.001 s <<< FAILURE! - in com.pd.algorithms.OccurrencesOfCharacters_init_14771693153
[ERROR] test  Time elapsed: 0 s  <<< ERROR!
java.lang.reflect.InvocationTargetException
	at com.pd.algorithms.OccurrencesOfCharacters_init_14771693153.test(OccurrencesOfCharacters_init_14771693153.java:42)
Caused by: java.lang.NullPointerException
	at com.pd.algorithms.OccurrencesOfCharacters_init_14771693153.test(OccurrencesOfCharacters_init_14771693153.java:42)

[INFO] Running com.pd.algorithms.PerfectPowerAlgorithm_ESTest
[INFO] Tests run: 2, Failures: 0, Errors: 0, Skipped: 0, Time elapsed: 0.002 s - in com.pd.algorithms.PerfectPowerAlgorithm_ESTest
[INFO] Running com.pd.algorithms.FindPhrase_timesFound_835432431
[INFO] Tests run: 1, Failures: 0, Errors: 0, Skipped: 0, Time elapsed: 0 s - in com.pd.algorithms.FindPhrase_timesFound_835432431
[INFO] Running com.pd.algorithms.Divisors_init_4694070222
[INFO] Tests run: 1, Failures: 0, Errors: 0, Skipped: 0, Time elapsed: 0 s - in com.pd.algorithms.Divisors_init_4694070222
[INFO] Running com.pd.algorithms.Divisors_init_4694070220
[INFO] Tests run: 1, Failures: 0, Errors: 0, Skipped: 0, Time elapsed: 0 s - in com.pd.algorithms.Divisors_init_4694070220
[INFO] Running com.pd.algorithms.SearchWordInMatrix_init_19377592173
[INFO] Tests run: 1, Failures: 0, Errors: 0, Skipped: 0, Time elapsed: 0 s - in com.pd.algorithms.SearchWordInMatrix_init_19377592173
[INFO] Running com.pd.algorithms.CountSort_init_11882285860
[INFO] Tests run: 1, Failures: 0, Errors: 0, Skipped: 0, Time elapsed: 0 s - in com.pd.algorithms.CountSort_init_11882285860
[INFO] Running com.pd.algorithms.PerfectPowerAlgorithm_init_7224523002
[INFO] Tests run: 1, Failures: 0, Errors: 0, Skipped: 0, Time elapsed: 0.001 s - in com.pd.algorithms.PerfectPowerAlgorithm_init_7224523002
[INFO] Running com.pd.algorithms.Find2DMatrixSum_findSumOfMatrix_18639540244
[ERROR] Tests run: 1, Failures: 0, Errors: 1, Skipped: 0, Time elapsed: 0.001 s <<< FAILURE! - in com.pd.algorithms.Find2DMatrixSum_findSumOfMatrix_18639540244
[ERROR] test  Time elapsed: 0.001 s  <<< ERROR!
java.lang.NullPointerException
	at com.pd.algorithms.Find2DMatrixSum_findSumOfMatrix_18639540244.test(Find2DMatrixSum_findSumOfMatrix_18639540244.java:43)

[INFO] Running com.pd.algorithms.FindMaxSubArrayProduct_findMaxProduct_186428221
[INFO] Tests run: 1, Failures: 0, Errors: 0, Skipped: 0, Time elapsed: 0 s - in com.pd.algorithms.FindMaxSubArrayProduct_findMaxProduct_186428221
[INFO] Running com.pd.algorithms.MatrixMultiplication2D_showMat_4041992015
Matrix is Null
[INFO] Tests run: 1, Failures: 0, Errors: 0, Skipped: 0, Time elapsed: 0 s - in com.pd.algorithms.MatrixMultiplication2D_showMat_4041992015
[INFO] Running com.pd.algorithms.SievePrimesAlgorithm_init_593477220
[INFO] Tests run: 1, Failures: 0, Errors: 0, Skipped: 0, Time elapsed: 0 s - in com.pd.algorithms.SievePrimesAlgorithm_init_593477220
[INFO] Running com.pd.algorithms.CountSort_init_11882285862
[INFO] Tests run: 1, Failures: 0, Errors: 0, Skipped: 0, Time elapsed: 0.001 s - in com.pd.algorithms.CountSort_init_11882285862
[INFO] Running com.pd.algorithms.BinarySearch_ESTest
[INFO] Tests run: 6, Failures: 0, Errors: 0, Skipped: 0, Time elapsed: 0.005 s - in com.pd.algorithms.BinarySearch_ESTest
[INFO] Running com.pd.algorithms.GetDivSquareSum_sumDivSquare_19027735831
[INFO] Tests run: 1, Failures: 0, Errors: 0, Skipped: 0, Time elapsed: 0 s - in com.pd.algorithms.GetDivSquareSum_sumDivSquare_19027735831
[INFO] Running com.pd.algorithms.FindPhrase_init_206500590
[INFO] Tests run: 1, Failures: 0, Errors: 0, Skipped: 0, Time elapsed: 0 s - in com.pd.algorithms.FindPhrase_init_206500590
[INFO] Running com.pd.algorithms.MaxSubArraySum_getSum_18438980883
[ERROR] Tests run: 1, Failures: 0, Errors: 1, Skipped: 0, Time elapsed: 0 s <<< FAILURE! - in com.pd.algorithms.MaxSubArraySum_getSum_18438980883
[ERROR] test  Time elapsed: 0 s  <<< ERROR!
java.lang.NullPointerException
	at com.pd.algorithms.MaxSubArraySum_getSum_18438980883.test(MaxSubArraySum_getSum_18438980883.java:43)

[INFO] Running com.pd.algorithms.OccurrencesOfCharacters_findNumOccurencesOfAllCharacters_16897456715
[ERROR] Tests run: 1, Failures: 0, Errors: 1, Skipped: 0, Time elapsed: 0 s <<< FAILURE! - in com.pd.algorithms.OccurrencesOfCharacters_findNumOccurencesOfAllCharacters_16897456715
[ERROR] test  Time elapsed: 0 s  <<< ERROR!
java.lang.NullPointerException
	at com.pd.algorithms.OccurrencesOfCharacters_findNumOccurencesOfAllCharacters_16897456715.test(OccurrencesOfCharacters_findNumOccurencesOfAllCharacters_16897456715.java:44)

[INFO] Running com.pd.algorithms.MatrixMultiplication2D_ESTest
Matrix cannot be multiplicated due to their uncompatible orders
0 

Matrix is Null
0 0 0 0 
0 0 0 0 
0 Matrix cannot be multiplicated due to their uncompatible orders
[INFO] Tests run: 9, Failures: 0, Errors: 0, Skipped: 0, Time elapsed: 0.006 s - in com.pd.algorithms.MatrixMultiplication2D_ESTest
[INFO] Running com.pd.algorithms.CountDistinctElements_init_10072082590
[INFO] Tests run: 1, Failures: 0, Errors: 0, Skipped: 0, Time elapsed: 0 s - in com.pd.algorithms.CountDistinctElements_init_10072082590
[INFO] Running com.pd.algorithms.GetDivSquareSum_ESTest
[INFO] Tests run: 7, Failures: 0, Errors: 0, Skipped: 0, Time elapsed: 0.006 s - in com.pd.algorithms.GetDivSquareSum_ESTest
[INFO] Running com.pd.algorithms.FindMaxSubArrayProduct_init_16466562222
[INFO] Tests run: 1, Failures: 0, Errors: 0, Skipped: 0, Time elapsed: 0 s - in com.pd.algorithms.FindMaxSubArrayProduct_init_16466562222
[INFO] Running com.pd.algorithms.Find2DMatrixSum_findLongSumOfMatrix_15331998522
[INFO] Tests run: 1, Failures: 0, Errors: 0, Skipped: 0, Time elapsed: 0.001 s - in com.pd.algorithms.Find2DMatrixSum_findLongSumOfMatrix_15331998522
[INFO] Running com.pd.algorithms.GetDivSquareSum_init_18096735200
[INFO] Tests run: 1, Failures: 0, Errors: 0, Skipped: 0, Time elapsed: 0 s - in com.pd.algorithms.GetDivSquareSum_init_18096735200
[INFO] Running com.pd.algorithms.SearchWordInMatrix_init_19377592170
[INFO] Tests run: 1, Failures: 0, Errors: 0, Skipped: 0, Time elapsed: 0.001 s - in com.pd.algorithms.SearchWordInMatrix_init_19377592170
[INFO] Running com.pd.algorithms.Exponent_init_15272578480
[INFO] Tests run: 1, Failures: 0, Errors: 0, Skipped: 0, Time elapsed: 0 s - in com.pd.algorithms.Exponent_init_15272578480
[INFO] Running com.pd.algorithms.SearchWordInMatrix_ESTest
[INFO] Tests run: 8, Failures: 0, Errors: 0, Skipped: 0, Time elapsed: 0.006 s - in com.pd.algorithms.SearchWordInMatrix_ESTest
[INFO] Running com.pd.algorithms.TwoSum_twoSum_13857754251
[INFO] Tests run: 1, Failures: 0, Errors: 0, Skipped: 0, Time elapsed: 0 s - in com.pd.algorithms.TwoSum_twoSum_13857754251
[INFO] Running com.pd.algorithms.CountDistinctElements_init_10072082592
[INFO] Tests run: 1, Failures: 0, Errors: 0, Skipped: 0, Time elapsed: 0 s - in com.pd.algorithms.CountDistinctElements_init_10072082592
[INFO] Running com.pd.algorithms.CheckPrime_ESTest
[INFO] Tests run: 6, Failures: 0, Errors: 0, Skipped: 0, Time elapsed: 0.004 s - in com.pd.algorithms.CheckPrime_ESTest
[INFO] Running com.pd.algorithms.Divisors_findDivisors_18002275143
[INFO] Tests run: 1, Failures: 0, Errors: 0, Skipped: 0, Time elapsed: 0 s - in com.pd.algorithms.Divisors_findDivisors_18002275143
[INFO] Running com.pd.algorithms.CountSort_countSort_15880353253
[ERROR] Tests run: 1, Failures: 0, Errors: 1, Skipped: 0, Time elapsed: 0.001 s <<< FAILURE! - in com.pd.algorithms.CountSort_countSort_15880353253
[ERROR] test  Time elapsed: 0 s  <<< ERROR!
java.lang.NullPointerException
	at com.pd.algorithms.CountSort_countSort_15880353253.test(CountSort_countSort_15880353253.java:49)

[INFO] Running com.pd.algorithms.MaxSubArraySum_ESTest
[INFO] Tests run: 5, Failures: 0, Errors: 0, Skipped: 0, Time elapsed: 0.004 s - in com.pd.algorithms.MaxSubArraySum_ESTest
[INFO] Running com.pd.algorithms.OccurrencesOfCharacters_findNumOccurencesOfCharacter_4709412114
[ERROR] Tests run: 1, Failures: 0, Errors: 1, Skipped: 0, Time elapsed: 0.001 s <<< FAILURE! - in com.pd.algorithms.OccurrencesOfCharacters_findNumOccurencesOfCharacter_4709412114
[ERROR] test  Time elapsed: 0 s  <<< ERROR!
java.lang.NullPointerException
	at com.pd.algorithms.OccurrencesOfCharacters_findNumOccurencesOfCharacter_4709412114.test(OccurrencesOfCharacters_findNumOccurencesOfCharacter_4709412114.java:49)

[INFO] Running com.pd.algorithms.CheckPrime_init_4170567202
[INFO] Tests run: 1, Failures: 0, Errors: 0, Skipped: 0, Time elapsed: 0 s - in com.pd.algorithms.CheckPrime_init_4170567202
[INFO] Running com.pd.algorithms.BinarySearch_binarySearch_4262792672
[INFO] Tests run: 1, Failures: 0, Errors: 0, Skipped: 0, Time elapsed: 0 s - in com.pd.algorithms.BinarySearch_binarySearch_4262792672
[INFO] Running com.pd.algorithms.TwoSum_twoSum_13857754253
[ERROR] Tests run: 1, Failures: 0, Errors: 1, Skipped: 0, Time elapsed: 0.001 s <<< FAILURE! - in com.pd.algorithms.TwoSum_twoSum_13857754253
[ERROR] test  Time elapsed: 0.001 s  <<< ERROR!
java.lang.NullPointerException
	at com.pd.algorithms.TwoSum_twoSum_13857754253.test(TwoSum_twoSum_13857754253.java:49)

[INFO] Running com.pd.algorithms.FindMaxSubArrayProduct_ESTest
[INFO] Tests run: 5, Failures: 0, Errors: 0, Skipped: 0, Time elapsed: 0.004 s - in com.pd.algorithms.FindMaxSubArrayProduct_ESTest
[INFO] Running com.pd.algorithms.Divisors_ESTest
[INFO] Tests run: 1, Failures: 0, Errors: 0, Skipped: 0, Time elapsed: 0.001 s - in com.pd.algorithms.Divisors_ESTest
[INFO] Running com.pd.algorithms.SievePrimesAlgorithm_isPrime_184446035
[INFO] Tests run: 1, Failures: 0, Errors: 0, Skipped: 0, Time elapsed: 0.001 s - in com.pd.algorithms.SievePrimesAlgorithm_isPrime_184446035
[INFO] Running com.pd.algorithms.Exponent_modExp_17345852951
[INFO] Tests run: 1, Failures: 0, Errors: 0, Skipped: 0, Time elapsed: 0 s - in com.pd.algorithms.Exponent_modExp_17345852951
[INFO] 
[INFO] Results:
[INFO] 
[ERROR] Errors: 
[ERROR]   BinarySearch_binarySearch_4262792675.test:57 » NullPointer
[ERROR]   BinarySearch_init_8571170883.test:42 » InvocationTarget
[ERROR]   CountDistinctElements_countDistinct_1804844103.test:43 » NullPointer
[ERROR]   CountSort_ESTest.test5:91 » ArrayIndexOutOfBounds Index 3709 out of bounds for...
[ERROR]   CountSort_countSort_15880353251.test:58 » OutOfMemory Java heap space
[ERROR]   CountSort_countSort_15880353253.test:49 » NullPointer
[ERROR]   Exponent_modExp_17345852955.test:55 » Arithmetic / by zero
[ERROR]   Exponent_pow_18071213343.test:51 » TestTimedOut test timed out after 10 second...
[ERROR]   Find2DMatrixSum_findLongSumOfMatrix_15331998525.test:43 » NullPointer
[ERROR]   Find2DMatrixSum_findSumOfMatrix_18639540244.test:43 » NullPointer
[ERROR]   FindMaxSubArrayProduct_findMaxProduct_186428223.test:43 » NullPointer
[ERROR]   FindPhrase_ESTest.test0:23 » TestTimedOut test timed out after 4000 millisecon...
[ERROR]   FindPhrase_timesFound_835432433.test » NullPointer
[ERROR]   MatrixMultiplication2D_matrixMult2D_11292211414.test:46 » NullPointer
[ERROR]   MatrixMultiplication2D_showMat_4041992012.test:119 » ArrayIndexOutOfBounds Ind...
[ERROR]   MaxSubArraySum_getSum_18438980883.test:43 » NullPointer
[ERROR]   OccurrencesOfCharacters_findNumOccurencesOfAllCharacters_16897456715.test:44 » NullPointer
[ERROR]   OccurrencesOfCharacters_findNumOccurencesOfCharacter_4709412114.test:49 » NullPointer
[ERROR]   OccurrencesOfCharacters_init_14771693153.test:42 » InvocationTarget
[ERROR]   SearchWordInMatrix_dfs_4151582715.test:59 » NullPointer
[ERROR]   SearchWordInMatrix_exist_17432196111.test:67 » ArrayIndexOutOfBounds Index 1 o...
[ERROR]   SearchWordInMatrix_exist_17432196114.test:46 » NullPointer
[ERROR]   TwoSum_twoSum_13857754253.test:49 » NullPointer
[INFO] 
[ERROR] Tests run: 192, Failures: 0, Errors: 23, Skipped: 0
[INFO] 
[ERROR] There are test failures.

Please refer to /app/target/surefire-reports for the individual test results.
Please refer to dump files (if any exist) [date]-jvmRun[N].dump, [date].dumpstream and [date]-jvmRun[N].dumpstream.
[INFO] 
[INFO] --- jacoco-maven-plugin:0.8.11:report (report) @ Algorithmics ---
[INFO] Loading execution data file /app/target/jacoco.exec
[INFO] Analyzed bundle 'Algorithmics' with 17 classes
[INFO] 
[INFO] --- jacoco-maven-plugin:0.8.11:report (default-cli) @ Algorithmics ---
[INFO] Loading execution data file /app/target/jacoco.exec
[INFO] Analyzed bundle 'Algorithmics' with 17 classes
[INFO] ------------------------------------------------------------------------
[INFO] BUILD SUCCESS
[INFO] ------------------------------------------------------------------------
[INFO] Total time:  20.317 s
[INFO] Finished at: 2026-04-08T05:43:21Z
[INFO] ------------------------------------------------------------------------
