[INFO] Scanning for projects...
[INFO] 
[INFO] ----------------------< pradyuman7:Algorithmics >-----------------------
[INFO] Building Algorithmics 1.0-SNAPSHOT
[INFO] --------------------------------[ jar ]---------------------------------
[INFO] 
[INFO] --- maven-clean-plugin:2.5:clean (default-clean) @ Algorithmics ---
[INFO] Deleting /app/target
[INFO] 
[INFO] --- maven-checkstyle-plugin:3.1.2:check (validate) @ Algorithmics ---
[WARNING] Old version of checkstyle detected. Consider updating to >= v8.30
[WARNING] For more information see: https://maven.apache.org/plugins/maven-checkstyle-plugin/examples/upgrading-checkstyle.html
[INFO] Starting audit...
Audit done.
[INFO] You have 0 Checkstyle violations.
[INFO] 
[INFO] --- jacoco-maven-plugin:0.8.11:prepare-agent (default) @ Algorithmics ---
[INFO] argLine set to -javaagent:/root/.m2/repository/org/jacoco/org.jacoco.agent/0.8.11/org.jacoco.agent-0.8.11-runtime.jar=destfile=/app/target/jacoco.exec
[INFO] 
[INFO] --- maven-resources-plugin:2.6:resources (default-resources) @ Algorithmics ---
[INFO] Using 'UTF-8' encoding to copy filtered resources.
[INFO] skip non existing resourceDirectory /app/src/main/resources
[INFO] 
[INFO] --- maven-compiler-plugin:3.8.0:compile (default-compile) @ Algorithmics ---
[INFO] Changes detected - recompiling the module!
[INFO] Compiling 17 source files to /app/target/classes
[INFO] 
[INFO] --- build-helper-maven-plugin:3.3.0:add-test-source (add-kex-test-source) @ Algorithmics ---
[INFO] Test Source directory: /app/src/test/java/kex-tests added.
[INFO] 
[INFO] --- maven-resources-plugin:2.6:testResources (default-testResources) @ Algorithmics ---
[INFO] Using 'UTF-8' encoding to copy filtered resources.
[INFO] skip non existing resourceDirectory /app/src/test/resources
[INFO] 
[INFO] --- maven-compiler-plugin:3.8.0:testCompile (default-testCompile) @ Algorithmics ---
[INFO] Changes detected - recompiling the module!
[INFO] Compiling 17 source files to /app/target/test-classes
[INFO] 
[INFO] --- maven-surefire-plugin:2.22.0:test (default-test) @ Algorithmics ---
[INFO] 
[INFO] -------------------------------------------------------
[INFO]  T E S T S
[INFO] -------------------------------------------------------
[INFO] Running com.pd.algorithms.TwoSumTest
[INFO] Tests run: 2, Failures: 0, Errors: 0, Skipped: 0, Time elapsed: 0.026 s - in com.pd.algorithms.TwoSumTest
[INFO] Running com.pd.algorithms.PerfectPowerAlgorithmTest
[INFO] Tests run: 9, Failures: 0, Errors: 0, Skipped: 0, Time elapsed: 0.002 s - in com.pd.algorithms.PerfectPowerAlgorithmTest
[INFO] Running com.pd.algorithms.CountDistinctElementsTest
[INFO] Tests run: 2, Failures: 0, Errors: 0, Skipped: 0, Time elapsed: 0.001 s - in com.pd.algorithms.CountDistinctElementsTest
[INFO] Running com.pd.algorithms.BinarySearchTest
[INFO] Tests run: 4, Failures: 0, Errors: 0, Skipped: 0, Time elapsed: 0.003 s - in com.pd.algorithms.BinarySearchTest
[INFO] Running com.pd.algorithms.SievePrimesAlgorithmTest
[INFO] Tests run: 3, Failures: 0, Errors: 0, Skipped: 0, Time elapsed: 0.024 s - in com.pd.algorithms.SievePrimesAlgorithmTest
[INFO] Running com.pd.algorithms.FindPhraseTest
[INFO] Tests run: 2, Failures: 0, Errors: 0, Skipped: 0, Time elapsed: 0.002 s - in com.pd.algorithms.FindPhraseTest
[INFO] Running com.pd.algorithms.MatrixMultiplication2DTest
[INFO] Tests run: 5, Failures: 0, Errors: 0, Skipped: 0, Time elapsed: 0.004 s - in com.pd.algorithms.MatrixMultiplication2DTest
[INFO] Running com.pd.algorithms.CountSortTest
SORTED ARRAY
SORTED ARRAY
[INFO] Tests run: 2, Failures: 0, Errors: 0, Skipped: 0, Time elapsed: 0.002 s - in com.pd.algorithms.CountSortTest
[INFO] Running com.pd.algorithms.ExponentTest
[INFO] Tests run: 4, Failures: 0, Errors: 0, Skipped: 0, Time elapsed: 0.003 s - in com.pd.algorithms.ExponentTest
[INFO] Running com.pd.algorithms.OccurrencesOfCharactersTest
[INFO] Tests run: 1, Failures: 0, Errors: 0, Skipped: 0, Time elapsed: 0.002 s - in com.pd.algorithms.OccurrencesOfCharactersTest
[INFO] Running com.pd.algorithms.GetDivSquareSumTest
[INFO] Tests run: 2, Failures: 0, Errors: 0, Skipped: 0, Time elapsed: 0.002 s - in com.pd.algorithms.GetDivSquareSumTest
[INFO] Running com.pd.algorithms.MaxSubArraySumTest
[INFO] Tests run: 3, Failures: 0, Errors: 0, Skipped: 0, Time elapsed: 0.002 s - in com.pd.algorithms.MaxSubArraySumTest
[INFO] Running com.pd.algorithms.SearchWordInMatrixTest
[INFO] Tests run: 2, Failures: 0, Errors: 0, Skipped: 0, Time elapsed: 0.002 s - in com.pd.algorithms.SearchWordInMatrixTest
[INFO] Running com.pd.algorithms.FindMaxSubarrayProductTest
[INFO] Tests run: 2, Failures: 0, Errors: 0, Skipped: 0, Time elapsed: 0.002 s - in com.pd.algorithms.FindMaxSubarrayProductTest
[INFO] Running com.pd.algorithms.Find2DMatrixSumTest
[INFO] Tests run: 3, Failures: 0, Errors: 0, Skipped: 0, Time elapsed: 0.002 s - in com.pd.algorithms.Find2DMatrixSumTest
[INFO] Running com.pd.algorithms.CheckPrimeTest
[INFO] Tests run: 6, Failures: 0, Errors: 0, Skipped: 0, Time elapsed: 0.004 s - in com.pd.algorithms.CheckPrimeTest
[INFO] Running com.pd.algorithms.DivisorsTest
[INFO] Tests run: 3, Failures: 0, Errors: 0, Skipped: 0, Time elapsed: 0.005 s - in com.pd.algorithms.DivisorsTest
[INFO] 
[INFO] Results:
[INFO] 
[INFO] Tests run: 55, Failures: 0, Errors: 0, Skipped: 0
[INFO] 
[INFO] 
[INFO] --- jacoco-maven-plugin:0.8.11:report (report) @ Algorithmics ---
[INFO] Loading execution data file /app/target/jacoco.exec
[INFO] Analyzed bundle 'Algorithmics' with 17 classes
[INFO] 
[INFO] --- jacoco-maven-plugin:0.8.11:report (default-cli) @ Algorithmics ---
[INFO] Loading execution data file /app/target/jacoco.exec
[INFO] Analyzed bundle 'Algorithmics' with 17 classes
[INFO] ------------------------------------------------------------------------
[INFO] BUILD SUCCESS
[INFO] ------------------------------------------------------------------------
[INFO] Total time:  3.415 s
[INFO] Finished at: 2026-04-08T02:13:47Z
[INFO] ------------------------------------------------------------------------
