[INFO] Scanning for projects...
[INFO] 
[INFO] -----------------------< de.schauderhaft:beyond >-----------------------
[INFO] Building beyond 0.0.1-SNAPSHOT
[INFO] --------------------------------[ jar ]---------------------------------
[INFO] 
[INFO] --- maven-clean-plugin:3.1.0:clean (default-clean) @ beyond ---
[INFO] Deleting /app/target
[INFO] 
[INFO] --- jacoco-maven-plugin:0.8.11:prepare-agent (default) @ beyond ---
[INFO] argLine set to -javaagent:/root/.m2/repository/org/jacoco/org.jacoco.agent/0.8.11/org.jacoco.agent-0.8.11-runtime.jar=destfile=/app/target/jacoco.exec
[INFO] 
[INFO] --- maven-resources-plugin:3.2.0:resources (default-resources) @ beyond ---
[INFO] Using 'UTF-8' encoding to copy filtered resources.
[INFO] Using 'UTF-8' encoding to copy filtered properties files.
[INFO] Copying 1 resource
[INFO] Copying 1 resource
[INFO] 
[INFO] --- maven-compiler-plugin:3.8.1:compile (default-compile) @ beyond ---
[INFO] Changes detected - recompiling the module!
[INFO] Compiling 29 source files to /app/target/classes
[INFO] 
[INFO] --- build-helper-maven-plugin:3.3.0:add-test-source (add-kex-test-source) @ beyond ---
[INFO] Test Source directory: /app/src/test/java/kex-tests added.
[INFO] 
[INFO] --- maven-resources-plugin:3.2.0:testResources (default-testResources) @ beyond ---
[INFO] Using 'UTF-8' encoding to copy filtered resources.
[INFO] Using 'UTF-8' encoding to copy filtered properties files.
[INFO] skip non existing resourceDirectory /app/src/test/resources
[INFO] 
[INFO] --- maven-compiler-plugin:3.8.1:testCompile (default-testCompile) @ beyond ---
[INFO] Changes detected - recompiling the module!
[INFO] Compiling 59 source files to /app/target/test-classes
[WARNING] /app/src/test/java/kex-tests/tests/de/schauderhaft/beyond/caching/ReflectionUtils.java:[9,16] sun.misc.Unsafe is internal proprietary API and may be removed in a future release
[WARNING] /app/src/test/java/kex-tests/tests/de/schauderhaft/beyond/conversion/ReflectionUtils.java:[9,16] sun.misc.Unsafe is internal proprietary API and may be removed in a future release
[WARNING] /app/src/test/java/kex-tests/tests/de/schauderhaft/beyond/join/ReflectionUtils.java:[9,16] sun.misc.Unsafe is internal proprietary API and may be removed in a future release
[WARNING] /app/src/test/java/kex-tests/tests/de/schauderhaft/beyond/bidiinternal/ReflectionUtils.java:[9,16] sun.misc.Unsafe is internal proprietary API and may be removed in a future release
[WARNING] /app/src/test/java/kex-tests/tests/de/schauderhaft/beyond/idgeneration/ReflectionUtils.java:[9,16] sun.misc.Unsafe is internal proprietary API and may be removed in a future release
[WARNING] /app/src/test/java/kex-tests/tests/de/schauderhaft/beyond/bidirectional/ReflectionUtils.java:[9,16] sun.misc.Unsafe is internal proprietary API and may be removed in a future release
[WARNING] /app/src/test/java/kex-tests/tests/de/schauderhaft/beyond/caching/ReflectionUtils.java:[13,25] sun.misc.Unsafe is internal proprietary API and may be removed in a future release
[WARNING] /app/src/test/java/kex-tests/tests/de/schauderhaft/beyond/caching/ReflectionUtils.java:[17,31] sun.misc.Unsafe is internal proprietary API and may be removed in a future release
[WARNING] /app/src/test/java/kex-tests/tests/de/schauderhaft/beyond/caching/ReflectionUtils.java:[19,23] sun.misc.Unsafe is internal proprietary API and may be removed in a future release
[WARNING] /app/src/test/java/kex-tests/tests/de/schauderhaft/beyond/conversion/ReflectionUtils.java:[13,25] sun.misc.Unsafe is internal proprietary API and may be removed in a future release
[WARNING] /app/src/test/java/kex-tests/tests/de/schauderhaft/beyond/conversion/ReflectionUtils.java:[17,31] sun.misc.Unsafe is internal proprietary API and may be removed in a future release
[WARNING] /app/src/test/java/kex-tests/tests/de/schauderhaft/beyond/conversion/ReflectionUtils.java:[19,23] sun.misc.Unsafe is internal proprietary API and may be removed in a future release
[WARNING] /app/src/test/java/kex-tests/tests/de/schauderhaft/beyond/join/ReflectionUtils.java:[13,25] sun.misc.Unsafe is internal proprietary API and may be removed in a future release
[WARNING] /app/src/test/java/kex-tests/tests/de/schauderhaft/beyond/join/ReflectionUtils.java:[17,31] sun.misc.Unsafe is internal proprietary API and may be removed in a future release
[WARNING] /app/src/test/java/kex-tests/tests/de/schauderhaft/beyond/join/ReflectionUtils.java:[19,23] sun.misc.Unsafe is internal proprietary API and may be removed in a future release
[WARNING] /app/src/test/java/kex-tests/tests/de/schauderhaft/beyond/bidiinternal/ReflectionUtils.java:[13,25] sun.misc.Unsafe is internal proprietary API and may be removed in a future release
[WARNING] /app/src/test/java/kex-tests/tests/de/schauderhaft/beyond/bidiinternal/ReflectionUtils.java:[17,31] sun.misc.Unsafe is internal proprietary API and may be removed in a future release
[WARNING] /app/src/test/java/kex-tests/tests/de/schauderhaft/beyond/bidiinternal/ReflectionUtils.java:[19,23] sun.misc.Unsafe is internal proprietary API and may be removed in a future release
[WARNING] /app/src/test/java/kex-tests/tests/de/schauderhaft/beyond/idgeneration/ReflectionUtils.java:[13,25] sun.misc.Unsafe is internal proprietary API and may be removed in a future release
[WARNING] /app/src/test/java/kex-tests/tests/de/schauderhaft/beyond/idgeneration/ReflectionUtils.java:[17,31] sun.misc.Unsafe is internal proprietary API and may be removed in a future release
[WARNING] /app/src/test/java/kex-tests/tests/de/schauderhaft/beyond/idgeneration/ReflectionUtils.java:[19,23] sun.misc.Unsafe is internal proprietary API and may be removed in a future release
[WARNING] /app/src/test/java/kex-tests/tests/de/schauderhaft/beyond/bidirectional/ReflectionUtils.java:[13,25] sun.misc.Unsafe is internal proprietary API and may be removed in a future release
[WARNING] /app/src/test/java/kex-tests/tests/de/schauderhaft/beyond/bidirectional/ReflectionUtils.java:[17,31] sun.misc.Unsafe is internal proprietary API and may be removed in a future release
[WARNING] /app/src/test/java/kex-tests/tests/de/schauderhaft/beyond/bidirectional/ReflectionUtils.java:[19,23] sun.misc.Unsafe is internal proprietary API and may be removed in a future release
[INFO] /app/src/test/java/kex-tests/tests/de/schauderhaft/beyond/bidiinternal/Toy_sayHello_2306797991.java: Some input files use or override a deprecated API.
[INFO] /app/src/test/java/kex-tests/tests/de/schauderhaft/beyond/bidiinternal/Toy_sayHello_2306797991.java: Recompile with -Xlint:deprecation for details.
[INFO] /app/src/test/java/kex-tests/tests/de/schauderhaft/beyond/bidiinternal/Toy_sayHello_2306797991.java: Some input files use unchecked or unsafe operations.
[INFO] /app/src/test/java/kex-tests/tests/de/schauderhaft/beyond/bidiinternal/Toy_sayHello_2306797991.java: Recompile with -Xlint:unchecked for details.
[INFO] 
[INFO] --- maven-surefire-plugin:2.22.2:test (default-test) @ beyond ---
[INFO] 
[INFO] -------------------------------------------------------
[INFO]  T E S T S
[INFO] -------------------------------------------------------
[INFO] Running de.schauderhaft.beyond.caching.CachingApplication_main_6834048293
13:33:54.460 [Time-limited test] ERROR org.springframework.boot.SpringApplication - Application run failed
java.lang.IllegalArgumentException: Args must not be null
	at org.springframework.util.Assert.notNull(Assert.java:201)
	at org.springframework.boot.DefaultApplicationArguments.<init>(DefaultApplicationArguments.java:41)
	at org.springframework.boot.SpringApplication.run(SpringApplication.java:319)
	at org.springframework.boot.SpringApplication.run(SpringApplication.java:1311)
	at org.springframework.boot.SpringApplication.run(SpringApplication.java:1300)
	at de.schauderhaft.beyond.caching.CachingApplication.main(CachingApplication.java:12)
	at java.base/jdk.internal.reflect.NativeMethodAccessorImpl.invoke0(Native Method)
	at java.base/jdk.internal.reflect.NativeMethodAccessorImpl.invoke(NativeMethodAccessorImpl.java:62)
	at java.base/jdk.internal.reflect.DelegatingMethodAccessorImpl.invoke(DelegatingMethodAccessorImpl.java:43)
	at java.base/java.lang.reflect.Method.invoke(Method.java:566)
	at de.schauderhaft.beyond.caching.ReflectionUtils.callMethod(ReflectionUtils.java:328)
	at de.schauderhaft.beyond.caching.CachingApplication_main_6834048293.test(CachingApplication_main_6834048293.java:44)
	at java.base/jdk.internal.reflect.NativeMethodAccessorImpl.invoke0(Native Method)
	at java.base/jdk.internal.reflect.NativeMethodAccessorImpl.invoke(NativeMethodAccessorImpl.java:62)
	at java.base/jdk.internal.reflect.DelegatingMethodAccessorImpl.invoke(DelegatingMethodAccessorImpl.java:43)
	at java.base/java.lang.reflect.Method.invoke(Method.java:566)
	at org.junit.runners.model.FrameworkMethod$1.runReflectiveCall(FrameworkMethod.java:59)
	at org.junit.internal.runners.model.ReflectiveCallable.run(ReflectiveCallable.java:12)
	at org.junit.runners.model.FrameworkMethod.invokeExplosively(FrameworkMethod.java:56)
	at org.junit.internal.runners.statements.InvokeMethod.evaluate(InvokeMethod.java:17)
	at org.junit.internal.runners.statements.RunBefores.evaluate(RunBefores.java:26)
	at org.junit.internal.runners.statements.FailOnTimeout$CallableStatement.call(FailOnTimeout.java:299)
	at org.junit.internal.runners.statements.FailOnTimeout$CallableStatement.call(FailOnTimeout.java:293)
	at java.base/java.util.concurrent.FutureTask.run(FutureTask.java:264)
	at java.base/java.lang.Thread.run(Thread.java:829)
[ERROR] Tests run: 1, Failures: 0, Errors: 1, Skipped: 0, Time elapsed: 0.476 s <<< FAILURE! - in de.schauderhaft.beyond.caching.CachingApplication_main_6834048293
[ERROR] test  Time elapsed: 0.462 s  <<< ERROR!
java.lang.IllegalArgumentException: Args must not be null
	at de.schauderhaft.beyond.caching.CachingApplication_main_6834048293.test(CachingApplication_main_6834048293.java:44)

[INFO] Running de.schauderhaft.beyond.caching.Color_init_3903785220
[INFO] Tests run: 1, Failures: 0, Errors: 0, Skipped: 0, Time elapsed: 0.001 s - in de.schauderhaft.beyond.caching.Color_init_3903785220
[INFO] Running de.schauderhaft.beyond.caching.CachingApplication_main_6834048291

  .   ____          _            __ _ _
 /\\ / ___'_ __ _ _(_)_ __  __ _ \ \ \ \
( ( )\___ | '_ | '_| | '_ \/ _` | \ \ \ \
 \\/  ___)| |_)| | | | | || (_| |  ) ) ) )
  '  |____| .__|_| |_|_| |_\__, | / / / /
 =========|_|==============|___/=/_/_/_/
 :: Spring Boot ::                (v2.4.3)

2026-04-09 13:33:55.034  INFO 68 --- [me-limited test] d.s.beyond.caching.CachingApplication    : Starting CachingApplication using Java 11.0.16 on 81d98dfc2843 with PID 68 (started by root in /app)
2026-04-09 13:33:55.037  INFO 68 --- [me-limited test] d.s.beyond.caching.CachingApplication    : No active profile set, falling back to default profiles: default
2026-04-09 13:33:56.005  INFO 68 --- [me-limited test] .s.d.r.c.RepositoryConfigurationDelegate : Bootstrapping Spring Data JDBC repositories in DEFAULT mode.
2026-04-09 13:33:56.312  INFO 68 --- [me-limited test] .s.d.r.c.RepositoryConfigurationDelegate : Finished Spring Data repository scanning in 261 ms. Found 2 JDBC repository interfaces.
2026-04-09 13:33:57.560  INFO 68 --- [me-limited test] com.zaxxer.hikari.HikariDataSource       : HikariPool-1 - Starting...
2026-04-09 13:33:57.912  INFO 68 --- [me-limited test] com.zaxxer.hikari.HikariDataSource       : HikariPool-1 - Start completed.
2026-04-09 13:33:58.411  INFO 68 --- [me-limited test] d.s.beyond.caching.CachingApplication    : Started CachingApplication in 3.898 seconds (JVM running for 5.366)
[INFO] Tests run: 1, Failures: 0, Errors: 0, Skipped: 0, Time elapsed: 3.871 s - in de.schauderhaft.beyond.caching.CachingApplication_main_6834048291
[INFO] Running de.schauderhaft.beyond.caching.CachingApplication_init_10599678330
[INFO] Tests run: 1, Failures: 0, Errors: 0, Skipped: 0, Time elapsed: 0.001 s - in de.schauderhaft.beyond.caching.CachingApplication_init_10599678330
[INFO] Running de.schauderhaft.beyond.caching.Color_init_3903785221
[INFO] Tests run: 1, Failures: 0, Errors: 0, Skipped: 0, Time elapsed: 0.001 s - in de.schauderhaft.beyond.caching.Color_init_3903785221
[INFO] Running de.schauderhaft.beyond.caching.CachingApplication_init_10599678332
[INFO] Tests run: 1, Failures: 0, Errors: 0, Skipped: 0, Time elapsed: 0 s - in de.schauderhaft.beyond.caching.CachingApplication_init_10599678332
[INFO] Running de.schauderhaft.beyond.conversion.Minion_init_17548818860
[INFO] Tests run: 1, Failures: 0, Errors: 0, Skipped: 0, Time elapsed: 0 s - in de.schauderhaft.beyond.conversion.Minion_init_17548818860
[INFO] Running de.schauderhaft.beyond.conversion.Description_init_670305830
[INFO] Tests run: 1, Failures: 0, Errors: 0, Skipped: 0, Time elapsed: 0.001 s - in de.schauderhaft.beyond.conversion.Description_init_670305830
[INFO] Running de.schauderhaft.beyond.conversion.ConversionApplication_init_7496105210
[INFO] Tests run: 1, Failures: 0, Errors: 0, Skipped: 0, Time elapsed: 0 s - in de.schauderhaft.beyond.conversion.ConversionApplication_init_7496105210
[INFO] Running de.schauderhaft.beyond.conversion.ConversionApplication_init_7496105212
[INFO] Tests run: 1, Failures: 0, Errors: 0, Skipped: 0, Time elapsed: 0 s - in de.schauderhaft.beyond.conversion.ConversionApplication_init_7496105212
[INFO] Running de.schauderhaft.beyond.conversion.ConversionApplication_main_3730475171

  .   ____          _            __ _ _
 /\\ / ___'_ __ _ _(_)_ __  __ _ \ \ \ \
( ( )\___ | '_ | '_| | '_ \/ _` | \ \ \ \
 \\/  ___)| |_)| | | | | || (_| |  ) ) ) )
  '  |____| .__|_| |_|_| |_\__, | / / / /
 =========|_|==============|___/=/_/_/_/
 :: Spring Boot ::                (v2.4.3)

2026-04-09 13:33:58.489  INFO 68 --- [me-limited test] d.s.b.conversion.ConversionApplication   : Starting ConversionApplication using Java 11.0.16 on 81d98dfc2843 with PID 68 (started by root in /app)
2026-04-09 13:33:58.491  INFO 68 --- [me-limited test] d.s.b.conversion.ConversionApplication   : No active profile set, falling back to default profiles: default
2026-04-09 13:33:58.625  INFO 68 --- [me-limited test] .s.d.r.c.RepositoryConfigurationDelegate : Bootstrapping Spring Data JDBC repositories in DEFAULT mode.
2026-04-09 13:33:58.634  INFO 68 --- [me-limited test] .s.d.r.c.RepositoryConfigurationDelegate : Finished Spring Data repository scanning in 9 ms. Found 1 JDBC repository interfaces.
2026-04-09 13:33:58.721  WARN 68 --- [me-limited test] o.s.data.convert.CustomConversions       : Registering converter from class de.schauderhaft.beyond.conversion.Description to class org.springframework.data.jdbc.core.convert.JdbcValue as writing converter although it doesn't convert to a store-supported type! You might want to check your annotation setup at the converter implementation.
2026-04-09 13:33:58.756  INFO 68 --- [me-limited test] com.zaxxer.hikari.HikariDataSource       : HikariPool-2 - Starting...
2026-04-09 13:33:58.763  INFO 68 --- [me-limited test] com.zaxxer.hikari.HikariDataSource       : HikariPool-2 - Start completed.
2026-04-09 13:33:58.873  INFO 68 --- [me-limited test] d.s.b.conversion.ConversionApplication   : Started ConversionApplication in 0.419 seconds (JVM running for 5.828)
[INFO] Tests run: 1, Failures: 0, Errors: 0, Skipped: 0, Time elapsed: 0.402 s - in de.schauderhaft.beyond.conversion.ConversionApplication_main_3730475171
[INFO] Running de.schauderhaft.beyond.conversion.Description_init_670305831
[INFO] Tests run: 1, Failures: 0, Errors: 0, Skipped: 0, Time elapsed: 0.003 s - in de.schauderhaft.beyond.conversion.Description_init_670305831
[INFO] Running de.schauderhaft.beyond.conversion.Minion_init_17548818861
[INFO] Tests run: 1, Failures: 0, Errors: 0, Skipped: 0, Time elapsed: 0.001 s - in de.schauderhaft.beyond.conversion.Minion_init_17548818861
[INFO] Running de.schauderhaft.beyond.conversion.ConversionApplication_main_3730475173
2026-04-09 13:33:58.896 ERROR 68 --- [me-limited test] o.s.boot.SpringApplication               : Application run failed

java.lang.IllegalArgumentException: Args must not be null
	at org.springframework.util.Assert.notNull(Assert.java:201) ~[spring-core-5.3.4.jar:5.3.4]
	at org.springframework.boot.DefaultApplicationArguments.<init>(DefaultApplicationArguments.java:41) ~[spring-boot-2.4.3.jar:2.4.3]
	at org.springframework.boot.SpringApplication.run(SpringApplication.java:319) ~[spring-boot-2.4.3.jar:2.4.3]
	at org.springframework.boot.SpringApplication.run(SpringApplication.java:1311) ~[spring-boot-2.4.3.jar:2.4.3]
	at org.springframework.boot.SpringApplication.run(SpringApplication.java:1300) ~[spring-boot-2.4.3.jar:2.4.3]
	at de.schauderhaft.beyond.conversion.ConversionApplication.main(ConversionApplication.java:26) ~[classes/:na]
	at java.base/jdk.internal.reflect.NativeMethodAccessorImpl.invoke0(Native Method) ~[na:na]
	at java.base/jdk.internal.reflect.NativeMethodAccessorImpl.invoke(NativeMethodAccessorImpl.java:62) ~[na:na]
	at java.base/jdk.internal.reflect.DelegatingMethodAccessorImpl.invoke(DelegatingMethodAccessorImpl.java:43) ~[na:na]
	at java.base/java.lang.reflect.Method.invoke(Method.java:566) ~[na:na]
	at de.schauderhaft.beyond.conversion.ReflectionUtils.callMethod(ReflectionUtils.java:328) ~[test-classes/:na]
	at de.schauderhaft.beyond.conversion.ConversionApplication_main_3730475173.test(ConversionApplication_main_3730475173.java:44) ~[test-classes/:na]
	at java.base/jdk.internal.reflect.NativeMethodAccessorImpl.invoke0(Native Method) ~[na:na]
	at java.base/jdk.internal.reflect.NativeMethodAccessorImpl.invoke(NativeMethodAccessorImpl.java:62) ~[na:na]
	at java.base/jdk.internal.reflect.DelegatingMethodAccessorImpl.invoke(DelegatingMethodAccessorImpl.java:43) ~[na:na]
	at java.base/java.lang.reflect.Method.invoke(Method.java:566) ~[na:na]
	at org.junit.runners.model.FrameworkMethod$1.runReflectiveCall(FrameworkMethod.java:59) ~[junit-4.13.2.jar:4.13.2]
	at org.junit.internal.runners.model.ReflectiveCallable.run(ReflectiveCallable.java:12) ~[junit-4.13.2.jar:4.13.2]
	at org.junit.runners.model.FrameworkMethod.invokeExplosively(FrameworkMethod.java:56) ~[junit-4.13.2.jar:4.13.2]
	at org.junit.internal.runners.statements.InvokeMethod.evaluate(InvokeMethod.java:17) ~[junit-4.13.2.jar:4.13.2]
	at org.junit.internal.runners.statements.RunBefores.evaluate(RunBefores.java:26) ~[junit-4.13.2.jar:4.13.2]
	at org.junit.internal.runners.statements.FailOnTimeout$CallableStatement.call(FailOnTimeout.java:299) ~[junit-4.13.2.jar:4.13.2]
	at org.junit.internal.runners.statements.FailOnTimeout$CallableStatement.call(FailOnTimeout.java:293) ~[junit-4.13.2.jar:4.13.2]
	at java.base/java.util.concurrent.FutureTask.run(FutureTask.java:264) ~[na:na]
	at java.base/java.lang.Thread.run(Thread.java:829) ~[na:na]

[ERROR] Tests run: 1, Failures: 0, Errors: 1, Skipped: 0, Time elapsed: 0.008 s <<< FAILURE! - in de.schauderhaft.beyond.conversion.ConversionApplication_main_3730475173
[ERROR] test  Time elapsed: 0.008 s  <<< ERROR!
java.lang.IllegalArgumentException: Args must not be null
	at de.schauderhaft.beyond.conversion.ConversionApplication_main_3730475173.test(ConversionApplication_main_3730475173.java:44)

[INFO] Running de.schauderhaft.beyond.bidiinternal.BiDiInternalApplication_init_9898505032
[INFO] Tests run: 1, Failures: 0, Errors: 0, Skipped: 0, Time elapsed: 0 s - in de.schauderhaft.beyond.bidiinternal.BiDiInternalApplication_init_9898505032
[INFO] Running de.schauderhaft.beyond.bidiinternal.Minion_init_14252159194
[INFO] Tests run: 1, Failures: 0, Errors: 0, Skipped: 0, Time elapsed: 0 s - in de.schauderhaft.beyond.bidiinternal.Minion_init_14252159194
[INFO] Running de.schauderhaft.beyond.bidiinternal.Minion_addToy_3168271025
[ERROR] Tests run: 1, Failures: 0, Errors: 1, Skipped: 0, Time elapsed: 0 s <<< FAILURE! - in de.schauderhaft.beyond.bidiinternal.Minion_addToy_3168271025
[ERROR] test  Time elapsed: 0 s  <<< ERROR!
java.lang.NullPointerException
	at de.schauderhaft.beyond.bidiinternal.Minion_addToy_3168271025.test(Minion_addToy_3168271025.java:47)

[INFO] Running de.schauderhaft.beyond.bidiinternal.BiDiInternalApplication_init_9898505030
[INFO] Tests run: 1, Failures: 0, Errors: 0, Skipped: 0, Time elapsed: 0.001 s - in de.schauderhaft.beyond.bidiinternal.BiDiInternalApplication_init_9898505030
[INFO] Running de.schauderhaft.beyond.bidiinternal.Minion_init_786089331
[ERROR] Tests run: 1, Failures: 0, Errors: 1, Skipped: 0, Time elapsed: 0 s <<< FAILURE! - in de.schauderhaft.beyond.bidiinternal.Minion_init_786089331
[ERROR] test  Time elapsed: 0 s  <<< ERROR!
java.lang.reflect.InvocationTargetException
	at de.schauderhaft.beyond.bidiinternal.Minion_init_786089331.test(Minion_init_786089331.java:44)
Caused by: java.lang.NullPointerException
	at de.schauderhaft.beyond.bidiinternal.Minion_init_786089331.test(Minion_init_786089331.java:44)

[INFO] Running de.schauderhaft.beyond.bidiinternal.Minion_showYourToys_15312308096
[ERROR] Tests run: 1, Failures: 0, Errors: 1, Skipped: 0, Time elapsed: 0 s <<< FAILURE! - in de.schauderhaft.beyond.bidiinternal.Minion_showYourToys_15312308096
[ERROR] test  Time elapsed: 0 s  <<< ERROR!
java.lang.NullPointerException
	at de.schauderhaft.beyond.bidiinternal.Minion_showYourToys_15312308096.test(Minion_showYourToys_15312308096.java:45)

[INFO] Running de.schauderhaft.beyond.bidiinternal.Toy_sayHello_2306797991
I'm SzjVpOQTyS and I'm a toy of MjGYSRKTNF
[INFO] Tests run: 1, Failures: 0, Errors: 0, Skipped: 0, Time elapsed: 0.003 s - in de.schauderhaft.beyond.bidiinternal.Toy_sayHello_2306797991
[INFO] Running de.schauderhaft.beyond.bidiinternal.Minion_init_14252159190
[INFO] Tests run: 1, Failures: 0, Errors: 0, Skipped: 0, Time elapsed: 0.001 s - in de.schauderhaft.beyond.bidiinternal.Minion_init_14252159190
[INFO] Running de.schauderhaft.beyond.bidiinternal.Minion_addToy_3168271022
[INFO] Tests run: 1, Failures: 0, Errors: 0, Skipped: 0, Time elapsed: 0 s - in de.schauderhaft.beyond.bidiinternal.Minion_addToy_3168271022
[INFO] Running de.schauderhaft.beyond.bidiinternal.Toy_sayHello_2306797993
[ERROR] Tests run: 1, Failures: 0, Errors: 1, Skipped: 0, Time elapsed: 0 s <<< FAILURE! - in de.schauderhaft.beyond.bidiinternal.Toy_sayHello_2306797993
[ERROR] test  Time elapsed: 0 s  <<< ERROR!
java.lang.NullPointerException
	at de.schauderhaft.beyond.bidiinternal.Toy_sayHello_2306797993.test(Toy_sayHello_2306797993.java:44)

[INFO] Running de.schauderhaft.beyond.bidiinternal.Minion_showYourToys_15312308093
[INFO] Tests run: 1, Failures: 0, Errors: 0, Skipped: 0, Time elapsed: 0.001 s - in de.schauderhaft.beyond.bidiinternal.Minion_showYourToys_15312308093
[INFO] Running de.schauderhaft.beyond.bidiinternal.Toy_init_9727524472
[INFO] Tests run: 1, Failures: 0, Errors: 0, Skipped: 0, Time elapsed: 0 s - in de.schauderhaft.beyond.bidiinternal.Toy_init_9727524472
[INFO] Running de.schauderhaft.beyond.bidiinternal.Toy_init_9727524470
[INFO] Tests run: 1, Failures: 0, Errors: 0, Skipped: 0, Time elapsed: 0 s - in de.schauderhaft.beyond.bidiinternal.Toy_init_9727524470
[INFO] Running de.schauderhaft.beyond.bidiinternal.BiDiInternalApplication_main_13664135071

  .   ____          _            __ _ _
 /\\ / ___'_ __ _ _(_)_ __  __ _ \ \ \ \
( ( )\___ | '_ | '_| | '_ \/ _` | \ \ \ \
 \\/  ___)| |_)| | | | | || (_| |  ) ) ) )
  '  |____| .__|_| |_|_| |_\__, | / / / /
 =========|_|==============|___/=/_/_/_/
 :: Spring Boot ::                (v2.4.3)

2026-04-09 13:33:58.975  INFO 68 --- [me-limited test] d.s.b.b.BiDiInternalApplication          : Starting BiDiInternalApplication using Java 11.0.16 on 81d98dfc2843 with PID 68 (started by root in /app)
2026-04-09 13:33:58.975  INFO 68 --- [me-limited test] d.s.b.b.BiDiInternalApplication          : No active profile set, falling back to default profiles: default
2026-04-09 13:33:59.098  INFO 68 --- [me-limited test] .s.d.r.c.RepositoryConfigurationDelegate : Bootstrapping Spring Data JDBC repositories in DEFAULT mode.
2026-04-09 13:33:59.110  INFO 68 --- [me-limited test] .s.d.r.c.RepositoryConfigurationDelegate : Finished Spring Data repository scanning in 11 ms. Found 1 JDBC repository interfaces.
2026-04-09 13:33:59.148  INFO 68 --- [me-limited test] com.zaxxer.hikari.HikariDataSource       : HikariPool-3 - Starting...
2026-04-09 13:33:59.151  INFO 68 --- [me-limited test] com.zaxxer.hikari.HikariDataSource       : HikariPool-3 - Start completed.
2026-04-09 13:33:59.237  INFO 68 --- [me-limited test] d.s.b.b.BiDiInternalApplication          : Started BiDiInternalApplication in 0.29 seconds (JVM running for 6.191)
[INFO] Tests run: 1, Failures: 0, Errors: 0, Skipped: 0, Time elapsed: 0.292 s - in de.schauderhaft.beyond.bidiinternal.BiDiInternalApplication_main_13664135071
[INFO] Running de.schauderhaft.beyond.bidiinternal.BiDiInternalApplication_main_13664135073
2026-04-09 13:33:59.243 ERROR 68 --- [me-limited test] o.s.boot.SpringApplication               : Application run failed

java.lang.IllegalArgumentException: Args must not be null
	at org.springframework.util.Assert.notNull(Assert.java:201) ~[spring-core-5.3.4.jar:5.3.4]
	at org.springframework.boot.DefaultApplicationArguments.<init>(DefaultApplicationArguments.java:41) ~[spring-boot-2.4.3.jar:2.4.3]
	at org.springframework.boot.SpringApplication.run(SpringApplication.java:319) ~[spring-boot-2.4.3.jar:2.4.3]
	at org.springframework.boot.SpringApplication.run(SpringApplication.java:1311) ~[spring-boot-2.4.3.jar:2.4.3]
	at org.springframework.boot.SpringApplication.run(SpringApplication.java:1300) ~[spring-boot-2.4.3.jar:2.4.3]
	at de.schauderhaft.beyond.bidiinternal.BiDiInternalApplication.main(BiDiInternalApplication.java:10) ~[classes/:na]
	at java.base/jdk.internal.reflect.NativeMethodAccessorImpl.invoke0(Native Method) ~[na:na]
	at java.base/jdk.internal.reflect.NativeMethodAccessorImpl.invoke(NativeMethodAccessorImpl.java:62) ~[na:na]
	at java.base/jdk.internal.reflect.DelegatingMethodAccessorImpl.invoke(DelegatingMethodAccessorImpl.java:43) ~[na:na]
	at java.base/java.lang.reflect.Method.invoke(Method.java:566) ~[na:na]
	at de.schauderhaft.beyond.bidiinternal.ReflectionUtils.callMethod(ReflectionUtils.java:328) ~[test-classes/:na]
	at de.schauderhaft.beyond.bidiinternal.BiDiInternalApplication_main_13664135073.test(BiDiInternalApplication_main_13664135073.java:44) ~[test-classes/:na]
	at java.base/jdk.internal.reflect.NativeMethodAccessorImpl.invoke0(Native Method) ~[na:na]
	at java.base/jdk.internal.reflect.NativeMethodAccessorImpl.invoke(NativeMethodAccessorImpl.java:62) ~[na:na]
	at java.base/jdk.internal.reflect.DelegatingMethodAccessorImpl.invoke(DelegatingMethodAccessorImpl.java:43) ~[na:na]
	at java.base/java.lang.reflect.Method.invoke(Method.java:566) ~[na:na]
	at org.junit.runners.model.FrameworkMethod$1.runReflectiveCall(FrameworkMethod.java:59) ~[junit-4.13.2.jar:4.13.2]
	at org.junit.internal.runners.model.ReflectiveCallable.run(ReflectiveCallable.java:12) ~[junit-4.13.2.jar:4.13.2]
	at org.junit.runners.model.FrameworkMethod.invokeExplosively(FrameworkMethod.java:56) ~[junit-4.13.2.jar:4.13.2]
	at org.junit.internal.runners.statements.InvokeMethod.evaluate(InvokeMethod.java:17) ~[junit-4.13.2.jar:4.13.2]
	at org.junit.internal.runners.statements.RunBefores.evaluate(RunBefores.java:26) ~[junit-4.13.2.jar:4.13.2]
	at org.junit.internal.runners.statements.FailOnTimeout$CallableStatement.call(FailOnTimeout.java:299) ~[junit-4.13.2.jar:4.13.2]
	at org.junit.internal.runners.statements.FailOnTimeout$CallableStatement.call(FailOnTimeout.java:293) ~[junit-4.13.2.jar:4.13.2]
	at java.base/java.util.concurrent.FutureTask.run(FutureTask.java:264) ~[na:na]
	at java.base/java.lang.Thread.run(Thread.java:829) ~[na:na]

[ERROR] Tests run: 1, Failures: 0, Errors: 1, Skipped: 0, Time elapsed: 0.001 s <<< FAILURE! - in de.schauderhaft.beyond.bidiinternal.BiDiInternalApplication_main_13664135073
[ERROR] test  Time elapsed: 0.001 s  <<< ERROR!
java.lang.IllegalArgumentException: Args must not be null
	at de.schauderhaft.beyond.bidiinternal.BiDiInternalApplication_main_13664135073.test(BiDiInternalApplication_main_13664135073.java:44)

[INFO] Running de.schauderhaft.beyond.bidirectional.BidirectionalApplication_init_16641372470
[INFO] Tests run: 1, Failures: 0, Errors: 0, Skipped: 0, Time elapsed: 0.001 s - in de.schauderhaft.beyond.bidirectional.BidirectionalApplication_init_16641372470
[INFO] Running de.schauderhaft.beyond.bidirectional.BidirectionalApplication_init_16641372472
[INFO] Tests run: 1, Failures: 0, Errors: 0, Skipped: 0, Time elapsed: 0.001 s - in de.schauderhaft.beyond.bidirectional.BidirectionalApplication_init_16641372472
[INFO] Running de.schauderhaft.beyond.bidirectional.Person_init_19187140900
[INFO] Tests run: 1, Failures: 0, Errors: 0, Skipped: 0, Time elapsed: 0 s - in de.schauderhaft.beyond.bidirectional.Person_init_19187140900
[INFO] Running de.schauderhaft.beyond.bidirectional.BidirectionalApplication_main_20407002513
2026-04-09 13:33:59.255 ERROR 68 --- [me-limited test] o.s.boot.SpringApplication               : Application run failed

java.lang.IllegalArgumentException: Args must not be null
	at org.springframework.util.Assert.notNull(Assert.java:201) ~[spring-core-5.3.4.jar:5.3.4]
	at org.springframework.boot.DefaultApplicationArguments.<init>(DefaultApplicationArguments.java:41) ~[spring-boot-2.4.3.jar:2.4.3]
	at org.springframework.boot.SpringApplication.run(SpringApplication.java:319) ~[spring-boot-2.4.3.jar:2.4.3]
	at org.springframework.boot.SpringApplication.run(SpringApplication.java:1311) ~[spring-boot-2.4.3.jar:2.4.3]
	at org.springframework.boot.SpringApplication.run(SpringApplication.java:1300) ~[spring-boot-2.4.3.jar:2.4.3]
	at de.schauderhaft.beyond.bidirectional.BidirectionalApplication.main(BidirectionalApplication.java:11) ~[classes/:na]
	at java.base/jdk.internal.reflect.NativeMethodAccessorImpl.invoke0(Native Method) ~[na:na]
	at java.base/jdk.internal.reflect.NativeMethodAccessorImpl.invoke(NativeMethodAccessorImpl.java:62) ~[na:na]
	at java.base/jdk.internal.reflect.DelegatingMethodAccessorImpl.invoke(DelegatingMethodAccessorImpl.java:43) ~[na:na]
	at java.base/java.lang.reflect.Method.invoke(Method.java:566) ~[na:na]
	at de.schauderhaft.beyond.bidirectional.ReflectionUtils.callMethod(ReflectionUtils.java:328) ~[test-classes/:na]
	at de.schauderhaft.beyond.bidirectional.BidirectionalApplication_main_20407002513.test(BidirectionalApplication_main_20407002513.java:44) ~[test-classes/:na]
	at java.base/jdk.internal.reflect.NativeMethodAccessorImpl.invoke0(Native Method) ~[na:na]
	at java.base/jdk.internal.reflect.NativeMethodAccessorImpl.invoke(NativeMethodAccessorImpl.java:62) ~[na:na]
	at java.base/jdk.internal.reflect.DelegatingMethodAccessorImpl.invoke(DelegatingMethodAccessorImpl.java:43) ~[na:na]
	at java.base/java.lang.reflect.Method.invoke(Method.java:566) ~[na:na]
	at org.junit.runners.model.FrameworkMethod$1.runReflectiveCall(FrameworkMethod.java:59) ~[junit-4.13.2.jar:4.13.2]
	at org.junit.internal.runners.model.ReflectiveCallable.run(ReflectiveCallable.java:12) ~[junit-4.13.2.jar:4.13.2]
	at org.junit.runners.model.FrameworkMethod.invokeExplosively(FrameworkMethod.java:56) ~[junit-4.13.2.jar:4.13.2]
	at org.junit.internal.runners.statements.InvokeMethod.evaluate(InvokeMethod.java:17) ~[junit-4.13.2.jar:4.13.2]
	at org.junit.internal.runners.statements.RunBefores.evaluate(RunBefores.java:26) ~[junit-4.13.2.jar:4.13.2]
	at org.junit.internal.runners.statements.FailOnTimeout$CallableStatement.call(FailOnTimeout.java:299) ~[junit-4.13.2.jar:4.13.2]
	at org.junit.internal.runners.statements.FailOnTimeout$CallableStatement.call(FailOnTimeout.java:293) ~[junit-4.13.2.jar:4.13.2]
	at java.base/java.util.concurrent.FutureTask.run(FutureTask.java:264) ~[na:na]
	at java.base/java.lang.Thread.run(Thread.java:829) ~[na:na]

[ERROR] Tests run: 1, Failures: 0, Errors: 1, Skipped: 0, Time elapsed: 0 s <<< FAILURE! - in de.schauderhaft.beyond.bidirectional.BidirectionalApplication_main_20407002513
[ERROR] test  Time elapsed: 0 s  <<< ERROR!
java.lang.IllegalArgumentException: Args must not be null
	at de.schauderhaft.beyond.bidirectional.BidirectionalApplication_main_20407002513.test(BidirectionalApplication_main_20407002513.java:44)

[INFO] Running de.schauderhaft.beyond.bidirectional.Person_init_19187140901
[INFO] Tests run: 1, Failures: 0, Errors: 0, Skipped: 0, Time elapsed: 0.001 s - in de.schauderhaft.beyond.bidirectional.Person_init_19187140901
[INFO] Running de.schauderhaft.beyond.bidirectional.BidirectionalApplication_main_20407002511

  .   ____          _            __ _ _
 /\\ / ___'_ __ _ _(_)_ __  __ _ \ \ \ \
( ( )\___ | '_ | '_| | '_ \/ _` | \ \ \ \
 \\/  ___)| |_)| | | | | || (_| |  ) ) ) )
  '  |____| .__|_| |_|_| |_\__, | / / / /
 =========|_|==============|___/=/_/_/_/
 :: Spring Boot ::                (v2.4.3)

2026-04-09 13:33:59.296  INFO 68 --- [me-limited test] d.s.b.b.BidirectionalApplication         : Starting BidirectionalApplication using Java 11.0.16 on 81d98dfc2843 with PID 68 (started by root in /app)
2026-04-09 13:33:59.297  INFO 68 --- [me-limited test] d.s.b.b.BidirectionalApplication         : No active profile set, falling back to default profiles: default
2026-04-09 13:33:59.365  INFO 68 --- [me-limited test] .s.d.r.c.RepositoryConfigurationDelegate : Bootstrapping Spring Data JDBC repositories in DEFAULT mode.
2026-04-09 13:33:59.371  INFO 68 --- [me-limited test] .s.d.r.c.RepositoryConfigurationDelegate : Finished Spring Data repository scanning in 5 ms. Found 2 JDBC repository interfaces.
2026-04-09 13:33:59.408  INFO 68 --- [me-limited test] com.zaxxer.hikari.HikariDataSource       : HikariPool-4 - Starting...
2026-04-09 13:33:59.412  INFO 68 --- [me-limited test] com.zaxxer.hikari.HikariDataSource       : HikariPool-4 - Start completed.
2026-04-09 13:33:59.490  INFO 68 --- [me-limited test] d.s.b.b.BidirectionalApplication         : Started BidirectionalApplication in 0.22 seconds (JVM running for 6.444)
[INFO] Tests run: 1, Failures: 0, Errors: 0, Skipped: 0, Time elapsed: 0.214 s - in de.schauderhaft.beyond.bidirectional.BidirectionalApplication_main_20407002511
[INFO] Running de.schauderhaft.beyond.join.JoinApplication_main_1169726433
2026-04-09 13:33:59.498 ERROR 68 --- [me-limited test] o.s.boot.SpringApplication               : Application run failed

java.lang.IllegalArgumentException: Args must not be null
	at org.springframework.util.Assert.notNull(Assert.java:201) ~[spring-core-5.3.4.jar:5.3.4]
	at org.springframework.boot.DefaultApplicationArguments.<init>(DefaultApplicationArguments.java:41) ~[spring-boot-2.4.3.jar:2.4.3]
	at org.springframework.boot.SpringApplication.run(SpringApplication.java:319) ~[spring-boot-2.4.3.jar:2.4.3]
	at org.springframework.boot.SpringApplication.run(SpringApplication.java:1311) ~[spring-boot-2.4.3.jar:2.4.3]
	at org.springframework.boot.SpringApplication.run(SpringApplication.java:1300) ~[spring-boot-2.4.3.jar:2.4.3]
	at de.schauderhaft.beyond.join.JoinApplication.main(JoinApplication.java:11) ~[classes/:na]
	at java.base/jdk.internal.reflect.NativeMethodAccessorImpl.invoke0(Native Method) ~[na:na]
	at java.base/jdk.internal.reflect.NativeMethodAccessorImpl.invoke(NativeMethodAccessorImpl.java:62) ~[na:na]
	at java.base/jdk.internal.reflect.DelegatingMethodAccessorImpl.invoke(DelegatingMethodAccessorImpl.java:43) ~[na:na]
	at java.base/java.lang.reflect.Method.invoke(Method.java:566) ~[na:na]
	at de.schauderhaft.beyond.join.ReflectionUtils.callMethod(ReflectionUtils.java:328) ~[test-classes/:na]
	at de.schauderhaft.beyond.join.JoinApplication_main_1169726433.test(JoinApplication_main_1169726433.java:44) ~[test-classes/:na]
	at java.base/jdk.internal.reflect.NativeMethodAccessorImpl.invoke0(Native Method) ~[na:na]
	at java.base/jdk.internal.reflect.NativeMethodAccessorImpl.invoke(NativeMethodAccessorImpl.java:62) ~[na:na]
	at java.base/jdk.internal.reflect.DelegatingMethodAccessorImpl.invoke(DelegatingMethodAccessorImpl.java:43) ~[na:na]
	at java.base/java.lang.reflect.Method.invoke(Method.java:566) ~[na:na]
	at org.junit.runners.model.FrameworkMethod$1.runReflectiveCall(FrameworkMethod.java:59) ~[junit-4.13.2.jar:4.13.2]
	at org.junit.internal.runners.model.ReflectiveCallable.run(ReflectiveCallable.java:12) ~[junit-4.13.2.jar:4.13.2]
	at org.junit.runners.model.FrameworkMethod.invokeExplosively(FrameworkMethod.java:56) ~[junit-4.13.2.jar:4.13.2]
	at org.junit.internal.runners.statements.InvokeMethod.evaluate(InvokeMethod.java:17) ~[junit-4.13.2.jar:4.13.2]
	at org.junit.internal.runners.statements.RunBefores.evaluate(RunBefores.java:26) ~[junit-4.13.2.jar:4.13.2]
	at org.junit.internal.runners.statements.FailOnTimeout$CallableStatement.call(FailOnTimeout.java:299) ~[junit-4.13.2.jar:4.13.2]
	at org.junit.internal.runners.statements.FailOnTimeout$CallableStatement.call(FailOnTimeout.java:293) ~[junit-4.13.2.jar:4.13.2]
	at java.base/java.util.concurrent.FutureTask.run(FutureTask.java:264) ~[na:na]
	at java.base/java.lang.Thread.run(Thread.java:829) ~[na:na]

[ERROR] Tests run: 1, Failures: 0, Errors: 1, Skipped: 0, Time elapsed: 0.011 s <<< FAILURE! - in de.schauderhaft.beyond.join.JoinApplication_main_1169726433
[ERROR] test  Time elapsed: 0.011 s  <<< ERROR!
java.lang.IllegalArgumentException: Args must not be null
	at de.schauderhaft.beyond.join.JoinApplication_main_1169726433.test(JoinApplication_main_1169726433.java:44)

[INFO] Running de.schauderhaft.beyond.join.JoinApplication_init_2595903610
[INFO] Tests run: 1, Failures: 0, Errors: 0, Skipped: 0, Time elapsed: 0.002 s - in de.schauderhaft.beyond.join.JoinApplication_init_2595903610
[INFO] Running de.schauderhaft.beyond.join.Person_init_20836718851
[INFO] Tests run: 1, Failures: 0, Errors: 0, Skipped: 0, Time elapsed: 0.001 s - in de.schauderhaft.beyond.join.Person_init_20836718851
[INFO] Running de.schauderhaft.beyond.join.JoinApplication_init_2595903612
[INFO] Tests run: 1, Failures: 0, Errors: 0, Skipped: 0, Time elapsed: 0.004 s - in de.schauderhaft.beyond.join.JoinApplication_init_2595903612
[INFO] Running de.schauderhaft.beyond.join.Person_init_20836718850
[INFO] Tests run: 1, Failures: 0, Errors: 0, Skipped: 0, Time elapsed: 0.001 s - in de.schauderhaft.beyond.join.Person_init_20836718850
[INFO] Running de.schauderhaft.beyond.join.JoinApplication_main_1169726431

  .   ____          _            __ _ _
 /\\ / ___'_ __ _ _(_)_ __  __ _ \ \ \ \
( ( )\___ | '_ | '_| | '_ \/ _` | \ \ \ \
 \\/  ___)| |_)| | | | | || (_| |  ) ) ) )
  '  |____| .__|_| |_|_| |_\__, | / / / /
 =========|_|==============|___/=/_/_/_/
 :: Spring Boot ::                (v2.4.3)

2026-04-09 13:33:59.559  INFO 68 --- [me-limited test] d.s.beyond.join.JoinApplication          : Starting JoinApplication using Java 11.0.16 on 81d98dfc2843 with PID 68 (started by root in /app)
2026-04-09 13:33:59.561  INFO 68 --- [me-limited test] d.s.beyond.join.JoinApplication          : No active profile set, falling back to default profiles: default
2026-04-09 13:33:59.619  INFO 68 --- [me-limited test] .s.d.r.c.RepositoryConfigurationDelegate : Bootstrapping Spring Data JDBC repositories in DEFAULT mode.
2026-04-09 13:33:59.628  INFO 68 --- [me-limited test] .s.d.r.c.RepositoryConfigurationDelegate : Finished Spring Data repository scanning in 8 ms. Found 2 JDBC repository interfaces.
2026-04-09 13:33:59.666  INFO 68 --- [me-limited test] com.zaxxer.hikari.HikariDataSource       : HikariPool-5 - Starting...
2026-04-09 13:33:59.673  INFO 68 --- [me-limited test] com.zaxxer.hikari.HikariDataSource       : HikariPool-5 - Start completed.
2026-04-09 13:33:59.775  INFO 68 --- [me-limited test] d.s.beyond.join.JoinApplication          : Started JoinApplication in 0.239 seconds (JVM running for 6.729)
[INFO] Tests run: 1, Failures: 0, Errors: 0, Skipped: 0, Time elapsed: 0.242 s - in de.schauderhaft.beyond.join.JoinApplication_main_1169726431
[INFO] Running de.schauderhaft.beyond.idgeneration.Minion_init_19466708431
[INFO] Tests run: 1, Failures: 0, Errors: 0, Skipped: 0, Time elapsed: 0.001 s - in de.schauderhaft.beyond.idgeneration.Minion_init_19466708431
[INFO] Running de.schauderhaft.beyond.idgeneration.IdGenerationApplication_init_2002546170
[INFO] Tests run: 1, Failures: 0, Errors: 0, Skipped: 0, Time elapsed: 0 s - in de.schauderhaft.beyond.idgeneration.IdGenerationApplication_init_2002546170
[INFO] Running de.schauderhaft.beyond.idgeneration.StringIdMinion_init_6121386730
[INFO] Tests run: 1, Failures: 0, Errors: 0, Skipped: 0, Time elapsed: 0 s - in de.schauderhaft.beyond.idgeneration.StringIdMinion_init_6121386730
[INFO] Running de.schauderhaft.beyond.idgeneration.StringIdMinion_init_6121386731
[INFO] Tests run: 1, Failures: 0, Errors: 0, Skipped: 0, Time elapsed: 0.003 s - in de.schauderhaft.beyond.idgeneration.StringIdMinion_init_6121386731
[INFO] Running de.schauderhaft.beyond.idgeneration.Minion_init_19466708430
[INFO] Tests run: 1, Failures: 0, Errors: 0, Skipped: 0, Time elapsed: 0 s - in de.schauderhaft.beyond.idgeneration.Minion_init_19466708430
[INFO] Running de.schauderhaft.beyond.idgeneration.IdGenerationApplication_init_2002546171
[INFO] Tests run: 1, Failures: 0, Errors: 0, Skipped: 0, Time elapsed: 0 s - in de.schauderhaft.beyond.idgeneration.IdGenerationApplication_init_2002546171
2026-04-09 13:33:59.845  INFO 68 --- [extShutdownHook] com.zaxxer.hikari.HikariDataSource       : HikariPool-5 - Shutdown initiated...
2026-04-09 13:33:59.851  INFO 68 --- [extShutdownHook] com.zaxxer.hikari.HikariDataSource       : HikariPool-4 - Shutdown initiated...
2026-04-09 13:33:59.849  INFO 68 --- [extShutdownHook] com.zaxxer.hikari.HikariDataSource       : HikariPool-2 - Shutdown initiated...
2026-04-09 13:33:59.857  INFO 68 --- [extShutdownHook] com.zaxxer.hikari.HikariDataSource       : HikariPool-1 - Shutdown initiated...
2026-04-09 13:33:59.851  INFO 68 --- [extShutdownHook] com.zaxxer.hikari.HikariDataSource       : HikariPool-3 - Shutdown initiated...
2026-04-09 13:33:59.886  INFO 68 --- [extShutdownHook] com.zaxxer.hikari.HikariDataSource       : HikariPool-2 - Shutdown completed.
2026-04-09 13:33:59.886  INFO 68 --- [extShutdownHook] com.zaxxer.hikari.HikariDataSource       : HikariPool-1 - Shutdown completed.
2026-04-09 13:33:59.886  INFO 68 --- [extShutdownHook] com.zaxxer.hikari.HikariDataSource       : HikariPool-4 - Shutdown completed.
2026-04-09 13:33:59.887  INFO 68 --- [extShutdownHook] com.zaxxer.hikari.HikariDataSource       : HikariPool-5 - Shutdown completed.
2026-04-09 13:33:59.888  INFO 68 --- [extShutdownHook] com.zaxxer.hikari.HikariDataSource       : HikariPool-3 - Shutdown completed.
[INFO] 
[INFO] Results:
[INFO] 
[ERROR] Errors: 
[ERROR]   BiDiInternalApplication_main_13664135073.test:44 » IllegalArgument Args must n...
[ERROR]   Minion_addToy_3168271025.test:47 » NullPointer
[ERROR]   Minion_init_786089331.test:44 » InvocationTarget
[ERROR]   Minion_showYourToys_15312308096.test:45 » NullPointer
[ERROR]   Toy_sayHello_2306797993.test:44 » NullPointer
[ERROR]   BidirectionalApplication_main_20407002513.test:44 » IllegalArgument Args must ...
[ERROR]   CachingApplication_main_6834048293.test:44 » IllegalArgument Args must not be ...
[ERROR]   ConversionApplication_main_3730475173.test:44 » IllegalArgument Args must not ...
[ERROR]   JoinApplication_main_1169726433.test:44 » IllegalArgument Args must not be nul...
[INFO] 
[ERROR] Tests run: 47, Failures: 0, Errors: 9, Skipped: 0
[INFO] 
[ERROR] There are test failures.

Please refer to /app/target/surefire-reports for the individual test results.
Please refer to dump files (if any exist) [date].dump, [date]-jvmRun[N].dump and [date].dumpstream.
[INFO] 
[INFO] --- jacoco-maven-plugin:0.8.11:report (report) @ beyond ---
[INFO] Loading execution data file /app/target/jacoco.exec
[INFO] Analyzed bundle 'beyond' with 22 classes
[INFO] 
[INFO] --- jacoco-maven-plugin:0.8.11:report (default-cli) @ beyond ---
[INFO] Loading execution data file /app/target/jacoco.exec
[INFO] Analyzed bundle 'beyond' with 22 classes
[INFO] ------------------------------------------------------------------------
[INFO] BUILD SUCCESS
[INFO] ------------------------------------------------------------------------
[INFO] Total time:  13.053 s
[INFO] Finished at: 2026-04-09T13:34:01Z
[INFO] ------------------------------------------------------------------------
