[INFO] Scanning for projects...
[INFO] 
[INFO] -----------------------< de.schauderhaft:beyond >-----------------------
[INFO] Building beyond 0.0.1-SNAPSHOT
[INFO] --------------------------------[ jar ]---------------------------------
[INFO] 
[INFO] --- maven-clean-plugin:3.1.0:clean (default-clean) @ beyond ---
[INFO] Deleting /app/target
[INFO] 
[INFO] --- jacoco-maven-plugin:0.8.11:prepare-agent (default) @ beyond ---
[INFO] argLine set to -javaagent:/root/.m2/repository/org/jacoco/org.jacoco.agent/0.8.11/org.jacoco.agent-0.8.11-runtime.jar=destfile=/app/target/jacoco.exec
[INFO] 
[INFO] --- maven-resources-plugin:3.2.0:resources (default-resources) @ beyond ---
[INFO] Using 'UTF-8' encoding to copy filtered resources.
[INFO] Using 'UTF-8' encoding to copy filtered properties files.
[INFO] Copying 1 resource
[INFO] Copying 1 resource
[INFO] 
[INFO] --- maven-compiler-plugin:3.8.1:compile (default-compile) @ beyond ---
[INFO] Changes detected - recompiling the module!
[INFO] Compiling 29 source files to /app/target/classes
[INFO] 
[INFO] --- build-helper-maven-plugin:3.3.0:add-test-source (add-kex-test-source) @ beyond ---
[INFO] Test Source directory: /app/src/test/java/kex-tests added.
[INFO] 
[INFO] --- maven-resources-plugin:3.2.0:testResources (default-testResources) @ beyond ---
[INFO] Using 'UTF-8' encoding to copy filtered resources.
[INFO] Using 'UTF-8' encoding to copy filtered properties files.
[INFO] skip non existing resourceDirectory /app/src/test/resources
[INFO] 
[INFO] --- maven-compiler-plugin:3.8.1:testCompile (default-testCompile) @ beyond ---
[INFO] Changes detected - recompiling the module!
[INFO] Compiling 66 source files to /app/target/test-classes
[WARNING] /app/src/test/java/kex-tests/tests/de/schauderhaft/beyond/caching/ReflectionUtils.java:[9,16] sun.misc.Unsafe is internal proprietary API and may be removed in a future release
[WARNING] /app/src/test/java/kex-tests/tests/de/schauderhaft/beyond/conversion/ReflectionUtils.java:[9,16] sun.misc.Unsafe is internal proprietary API and may be removed in a future release
[WARNING] /app/src/test/java/kex-tests/tests/de/schauderhaft/beyond/join/ReflectionUtils.java:[9,16] sun.misc.Unsafe is internal proprietary API and may be removed in a future release
[WARNING] /app/src/test/java/kex-tests/tests/de/schauderhaft/beyond/bidiinternal/ReflectionUtils.java:[9,16] sun.misc.Unsafe is internal proprietary API and may be removed in a future release
[WARNING] /app/src/test/java/kex-tests/tests/de/schauderhaft/beyond/idgeneration/ReflectionUtils.java:[9,16] sun.misc.Unsafe is internal proprietary API and may be removed in a future release
[WARNING] /app/src/test/java/kex-tests/tests/de/schauderhaft/beyond/bidirectional/ReflectionUtils.java:[9,16] sun.misc.Unsafe is internal proprietary API and may be removed in a future release
[WARNING] /app/src/test/java/kex-tests/tests/de/schauderhaft/beyond/caching/ReflectionUtils.java:[13,25] sun.misc.Unsafe is internal proprietary API and may be removed in a future release
[WARNING] /app/src/test/java/kex-tests/tests/de/schauderhaft/beyond/caching/ReflectionUtils.java:[17,31] sun.misc.Unsafe is internal proprietary API and may be removed in a future release
[WARNING] /app/src/test/java/kex-tests/tests/de/schauderhaft/beyond/caching/ReflectionUtils.java:[19,23] sun.misc.Unsafe is internal proprietary API and may be removed in a future release
[WARNING] /app/src/test/java/kex-tests/tests/de/schauderhaft/beyond/conversion/ReflectionUtils.java:[13,25] sun.misc.Unsafe is internal proprietary API and may be removed in a future release
[WARNING] /app/src/test/java/kex-tests/tests/de/schauderhaft/beyond/conversion/ReflectionUtils.java:[17,31] sun.misc.Unsafe is internal proprietary API and may be removed in a future release
[WARNING] /app/src/test/java/kex-tests/tests/de/schauderhaft/beyond/conversion/ReflectionUtils.java:[19,23] sun.misc.Unsafe is internal proprietary API and may be removed in a future release
[WARNING] /app/src/test/java/kex-tests/tests/de/schauderhaft/beyond/join/ReflectionUtils.java:[13,25] sun.misc.Unsafe is internal proprietary API and may be removed in a future release
[WARNING] /app/src/test/java/kex-tests/tests/de/schauderhaft/beyond/join/ReflectionUtils.java:[17,31] sun.misc.Unsafe is internal proprietary API and may be removed in a future release
[WARNING] /app/src/test/java/kex-tests/tests/de/schauderhaft/beyond/join/ReflectionUtils.java:[19,23] sun.misc.Unsafe is internal proprietary API and may be removed in a future release
[WARNING] /app/src/test/java/kex-tests/tests/de/schauderhaft/beyond/bidiinternal/ReflectionUtils.java:[13,25] sun.misc.Unsafe is internal proprietary API and may be removed in a future release
[WARNING] /app/src/test/java/kex-tests/tests/de/schauderhaft/beyond/bidiinternal/ReflectionUtils.java:[17,31] sun.misc.Unsafe is internal proprietary API and may be removed in a future release
[WARNING] /app/src/test/java/kex-tests/tests/de/schauderhaft/beyond/bidiinternal/ReflectionUtils.java:[19,23] sun.misc.Unsafe is internal proprietary API and may be removed in a future release
[WARNING] /app/src/test/java/kex-tests/tests/de/schauderhaft/beyond/idgeneration/ReflectionUtils.java:[13,25] sun.misc.Unsafe is internal proprietary API and may be removed in a future release
[WARNING] /app/src/test/java/kex-tests/tests/de/schauderhaft/beyond/idgeneration/ReflectionUtils.java:[17,31] sun.misc.Unsafe is internal proprietary API and may be removed in a future release
[WARNING] /app/src/test/java/kex-tests/tests/de/schauderhaft/beyond/idgeneration/ReflectionUtils.java:[19,23] sun.misc.Unsafe is internal proprietary API and may be removed in a future release
[WARNING] /app/src/test/java/kex-tests/tests/de/schauderhaft/beyond/bidirectional/ReflectionUtils.java:[13,25] sun.misc.Unsafe is internal proprietary API and may be removed in a future release
[WARNING] /app/src/test/java/kex-tests/tests/de/schauderhaft/beyond/bidirectional/ReflectionUtils.java:[17,31] sun.misc.Unsafe is internal proprietary API and may be removed in a future release
[WARNING] /app/src/test/java/kex-tests/tests/de/schauderhaft/beyond/bidirectional/ReflectionUtils.java:[19,23] sun.misc.Unsafe is internal proprietary API and may be removed in a future release
[INFO] /app/src/test/java/kex-tests/tests/de/schauderhaft/beyond/bidiinternal/Toy_sayHello_2306797991.java: Some input files use or override a deprecated API.
[INFO] /app/src/test/java/kex-tests/tests/de/schauderhaft/beyond/bidiinternal/Toy_sayHello_2306797991.java: Recompile with -Xlint:deprecation for details.
[INFO] /app/src/test/java/kex-tests/tests/de/schauderhaft/beyond/bidiinternal/Toy_sayHello_2306797991.java: Some input files use unchecked or unsafe operations.
[INFO] /app/src/test/java/kex-tests/tests/de/schauderhaft/beyond/bidiinternal/Toy_sayHello_2306797991.java: Recompile with -Xlint:unchecked for details.
[INFO] 
[INFO] --- maven-surefire-plugin:2.22.2:test (default-test) @ beyond ---
[INFO] 
[INFO] -------------------------------------------------------
[INFO]  T E S T S
[INFO] -------------------------------------------------------
[INFO] Running de.schauderhaft.beyond.caching.CachingApplication_main_6834048293
15:37:49.451 [Time-limited test] ERROR org.springframework.boot.SpringApplication - Application run failed
java.lang.IllegalArgumentException: Args must not be null
	at org.springframework.util.Assert.notNull(Assert.java:201)
	at org.springframework.boot.DefaultApplicationArguments.<init>(DefaultApplicationArguments.java:41)
	at org.springframework.boot.SpringApplication.run(SpringApplication.java:319)
	at org.springframework.boot.SpringApplication.run(SpringApplication.java:1311)
	at org.springframework.boot.SpringApplication.run(SpringApplication.java:1300)
	at de.schauderhaft.beyond.caching.CachingApplication.main(CachingApplication.java:12)
	at java.base/jdk.internal.reflect.NativeMethodAccessorImpl.invoke0(Native Method)
	at java.base/jdk.internal.reflect.NativeMethodAccessorImpl.invoke(NativeMethodAccessorImpl.java:62)
	at java.base/jdk.internal.reflect.DelegatingMethodAccessorImpl.invoke(DelegatingMethodAccessorImpl.java:43)
	at java.base/java.lang.reflect.Method.invoke(Method.java:566)
	at de.schauderhaft.beyond.caching.ReflectionUtils.callMethod(ReflectionUtils.java:328)
	at de.schauderhaft.beyond.caching.CachingApplication_main_6834048293.test(CachingApplication_main_6834048293.java:44)
	at java.base/jdk.internal.reflect.NativeMethodAccessorImpl.invoke0(Native Method)
	at java.base/jdk.internal.reflect.NativeMethodAccessorImpl.invoke(NativeMethodAccessorImpl.java:62)
	at java.base/jdk.internal.reflect.DelegatingMethodAccessorImpl.invoke(DelegatingMethodAccessorImpl.java:43)
	at java.base/java.lang.reflect.Method.invoke(Method.java:566)
	at org.junit.runners.model.FrameworkMethod$1.runReflectiveCall(FrameworkMethod.java:59)
	at org.junit.internal.runners.model.ReflectiveCallable.run(ReflectiveCallable.java:12)
	at org.junit.runners.model.FrameworkMethod.invokeExplosively(FrameworkMethod.java:56)
	at org.junit.internal.runners.statements.InvokeMethod.evaluate(InvokeMethod.java:17)
	at org.junit.internal.runners.statements.RunBefores.evaluate(RunBefores.java:26)
	at org.junit.internal.runners.statements.FailOnTimeout$CallableStatement.call(FailOnTimeout.java:299)
	at org.junit.internal.runners.statements.FailOnTimeout$CallableStatement.call(FailOnTimeout.java:293)
	at java.base/java.util.concurrent.FutureTask.run(FutureTask.java:264)
	at java.base/java.lang.Thread.run(Thread.java:829)
[ERROR] Tests run: 1, Failures: 0, Errors: 1, Skipped: 0, Time elapsed: 0.289 s <<< FAILURE! - in de.schauderhaft.beyond.caching.CachingApplication_main_6834048293
[ERROR] test  Time elapsed: 0.285 s  <<< ERROR!
java.lang.IllegalArgumentException: Args must not be null
	at de.schauderhaft.beyond.caching.CachingApplication_main_6834048293.test(CachingApplication_main_6834048293.java:44)

[INFO] Running de.schauderhaft.beyond.caching.Color_init_3903785220
[INFO] Tests run: 1, Failures: 0, Errors: 0, Skipped: 0, Time elapsed: 0 s - in de.schauderhaft.beyond.caching.Color_init_3903785220
[INFO] Running de.schauderhaft.beyond.caching.CachingApplication_main_6834048291

  .   ____          _            __ _ _
 /\\ / ___'_ __ _ _(_)_ __  __ _ \ \ \ \
( ( )\___ | '_ | '_| | '_ \/ _` | \ \ \ \
 \\/  ___)| |_)| | | | | || (_| |  ) ) ) )
  '  |____| .__|_| |_|_| |_\__, | / / / /
 =========|_|==============|___/=/_/_/_/
 :: Spring Boot ::                (v2.4.3)

2026-04-09 15:37:49.842  INFO 74 --- [me-limited test] d.s.beyond.caching.CachingApplication    : Starting CachingApplication using Java 11.0.16 on 1374ed319fc1 with PID 74 (started by root in /app)
2026-04-09 15:37:49.843  INFO 74 --- [me-limited test] d.s.beyond.caching.CachingApplication    : No active profile set, falling back to default profiles: default
2026-04-09 15:37:50.274  INFO 74 --- [me-limited test] .s.d.r.c.RepositoryConfigurationDelegate : Bootstrapping Spring Data JDBC repositories in DEFAULT mode.
2026-04-09 15:37:50.322  INFO 74 --- [me-limited test] .s.d.r.c.RepositoryConfigurationDelegate : Finished Spring Data repository scanning in 43 ms. Found 2 JDBC repository interfaces.
2026-04-09 15:37:50.610  INFO 74 --- [me-limited test] com.zaxxer.hikari.HikariDataSource       : HikariPool-1 - Starting...
2026-04-09 15:37:50.848  INFO 74 --- [me-limited test] com.zaxxer.hikari.HikariDataSource       : HikariPool-1 - Start completed.
2026-04-09 15:37:51.163  INFO 74 --- [me-limited test] d.s.beyond.caching.CachingApplication    : Started CachingApplication in 1.69 seconds (JVM running for 2.658)
[INFO] Tests run: 1, Failures: 0, Errors: 0, Skipped: 0, Time elapsed: 1.681 s - in de.schauderhaft.beyond.caching.CachingApplication_main_6834048291
[INFO] Running de.schauderhaft.beyond.caching.CachingApplication_init_10599678330
[INFO] Tests run: 1, Failures: 0, Errors: 0, Skipped: 0, Time elapsed: 0 s - in de.schauderhaft.beyond.caching.CachingApplication_init_10599678330
[INFO] Running de.schauderhaft.beyond.caching.Color_init_3903785221
[INFO] Tests run: 1, Failures: 0, Errors: 0, Skipped: 0, Time elapsed: 0 s - in de.schauderhaft.beyond.caching.Color_init_3903785221
[INFO] Running de.schauderhaft.beyond.caching.CachingApplication_init_10599678332
[INFO] Tests run: 1, Failures: 0, Errors: 0, Skipped: 0, Time elapsed: 0.001 s - in de.schauderhaft.beyond.caching.CachingApplication_init_10599678332
[INFO] Running de.schauderhaft.beyond.conversion.Minion_init_17548818860
[INFO] Tests run: 1, Failures: 0, Errors: 0, Skipped: 0, Time elapsed: 0 s - in de.schauderhaft.beyond.conversion.Minion_init_17548818860
[INFO] Running de.schauderhaft.beyond.conversion.Description_init_670305830
[INFO] Tests run: 1, Failures: 0, Errors: 0, Skipped: 0, Time elapsed: 0 s - in de.schauderhaft.beyond.conversion.Description_init_670305830
[INFO] Running de.schauderhaft.beyond.conversion.ConversionApplication_init_7496105210
[INFO] Tests run: 1, Failures: 0, Errors: 0, Skipped: 0, Time elapsed: 0.001 s - in de.schauderhaft.beyond.conversion.ConversionApplication_init_7496105210
[INFO] Running de.schauderhaft.beyond.conversion.ConversionApplication_init_7496105212
[INFO] Tests run: 1, Failures: 0, Errors: 0, Skipped: 0, Time elapsed: 0 s - in de.schauderhaft.beyond.conversion.ConversionApplication_init_7496105212
[INFO] Running de.schauderhaft.beyond.conversion.ConversionApplication_main_3730475171

  .   ____          _            __ _ _
 /\\ / ___'_ __ _ _(_)_ __  __ _ \ \ \ \
( ( )\___ | '_ | '_| | '_ \/ _` | \ \ \ \
 \\/  ___)| |_)| | | | | || (_| |  ) ) ) )
  '  |____| .__|_| |_|_| |_\__, | / / / /
 =========|_|==============|___/=/_/_/_/
 :: Spring Boot ::                (v2.4.3)

2026-04-09 15:37:51.189  INFO 74 --- [me-limited test] d.s.b.conversion.ConversionApplication   : Starting ConversionApplication using Java 11.0.16 on 1374ed319fc1 with PID 74 (started by root in /app)
2026-04-09 15:37:51.190  INFO 74 --- [me-limited test] d.s.b.conversion.ConversionApplication   : No active profile set, falling back to default profiles: default
2026-04-09 15:37:51.260  INFO 74 --- [me-limited test] .s.d.r.c.RepositoryConfigurationDelegate : Bootstrapping Spring Data JDBC repositories in DEFAULT mode.
2026-04-09 15:37:51.265  INFO 74 --- [me-limited test] .s.d.r.c.RepositoryConfigurationDelegate : Finished Spring Data repository scanning in 4 ms. Found 1 JDBC repository interfaces.
2026-04-09 15:37:51.308  WARN 74 --- [me-limited test] o.s.data.convert.CustomConversions       : Registering converter from class de.schauderhaft.beyond.conversion.Description to class org.springframework.data.jdbc.core.convert.JdbcValue as writing converter although it doesn't convert to a store-supported type! You might want to check your annotation setup at the converter implementation.
2026-04-09 15:37:51.328  INFO 74 --- [me-limited test] com.zaxxer.hikari.HikariDataSource       : HikariPool-2 - Starting...
2026-04-09 15:37:51.330  INFO 74 --- [me-limited test] com.zaxxer.hikari.HikariDataSource       : HikariPool-2 - Start completed.
2026-04-09 15:37:51.380  INFO 74 --- [me-limited test] d.s.b.conversion.ConversionApplication   : Started ConversionApplication in 0.204 seconds (JVM running for 2.875)
[INFO] Tests run: 1, Failures: 0, Errors: 0, Skipped: 0, Time elapsed: 0.204 s - in de.schauderhaft.beyond.conversion.ConversionApplication_main_3730475171
[INFO] Running de.schauderhaft.beyond.conversion.Description_init_670305831
[INFO] Tests run: 1, Failures: 0, Errors: 0, Skipped: 0, Time elapsed: 0 s - in de.schauderhaft.beyond.conversion.Description_init_670305831
[INFO] Running de.schauderhaft.beyond.conversion.Minion_init_17548818861
[INFO] Tests run: 1, Failures: 0, Errors: 0, Skipped: 0, Time elapsed: 0 s - in de.schauderhaft.beyond.conversion.Minion_init_17548818861
[INFO] Running de.schauderhaft.beyond.conversion.ConversionApplication_main_3730475173
2026-04-09 15:37:51.387 ERROR 74 --- [me-limited test] o.s.boot.SpringApplication               : Application run failed

java.lang.IllegalArgumentException: Args must not be null
	at org.springframework.util.Assert.notNull(Assert.java:201) ~[spring-core-5.3.4.jar:5.3.4]
	at org.springframework.boot.DefaultApplicationArguments.<init>(DefaultApplicationArguments.java:41) ~[spring-boot-2.4.3.jar:2.4.3]
	at org.springframework.boot.SpringApplication.run(SpringApplication.java:319) ~[spring-boot-2.4.3.jar:2.4.3]
	at org.springframework.boot.SpringApplication.run(SpringApplication.java:1311) ~[spring-boot-2.4.3.jar:2.4.3]
	at org.springframework.boot.SpringApplication.run(SpringApplication.java:1300) ~[spring-boot-2.4.3.jar:2.4.3]
	at de.schauderhaft.beyond.conversion.ConversionApplication.main(ConversionApplication.java:26) ~[classes/:na]
	at java.base/jdk.internal.reflect.NativeMethodAccessorImpl.invoke0(Native Method) ~[na:na]
	at java.base/jdk.internal.reflect.NativeMethodAccessorImpl.invoke(NativeMethodAccessorImpl.java:62) ~[na:na]
	at java.base/jdk.internal.reflect.DelegatingMethodAccessorImpl.invoke(DelegatingMethodAccessorImpl.java:43) ~[na:na]
	at java.base/java.lang.reflect.Method.invoke(Method.java:566) ~[na:na]
	at de.schauderhaft.beyond.conversion.ReflectionUtils.callMethod(ReflectionUtils.java:328) ~[test-classes/:na]
	at de.schauderhaft.beyond.conversion.ConversionApplication_main_3730475173.test(ConversionApplication_main_3730475173.java:44) ~[test-classes/:na]
	at java.base/jdk.internal.reflect.NativeMethodAccessorImpl.invoke0(Native Method) ~[na:na]
	at java.base/jdk.internal.reflect.NativeMethodAccessorImpl.invoke(NativeMethodAccessorImpl.java:62) ~[na:na]
	at java.base/jdk.internal.reflect.DelegatingMethodAccessorImpl.invoke(DelegatingMethodAccessorImpl.java:43) ~[na:na]
	at java.base/java.lang.reflect.Method.invoke(Method.java:566) ~[na:na]
	at org.junit.runners.model.FrameworkMethod$1.runReflectiveCall(FrameworkMethod.java:59) ~[junit-4.13.2.jar:4.13.2]
	at org.junit.internal.runners.model.ReflectiveCallable.run(ReflectiveCallable.java:12) ~[junit-4.13.2.jar:4.13.2]
	at org.junit.runners.model.FrameworkMethod.invokeExplosively(FrameworkMethod.java:56) ~[junit-4.13.2.jar:4.13.2]
	at org.junit.internal.runners.statements.InvokeMethod.evaluate(InvokeMethod.java:17) ~[junit-4.13.2.jar:4.13.2]
	at org.junit.internal.runners.statements.RunBefores.evaluate(RunBefores.java:26) ~[junit-4.13.2.jar:4.13.2]
	at org.junit.internal.runners.statements.FailOnTimeout$CallableStatement.call(FailOnTimeout.java:299) ~[junit-4.13.2.jar:4.13.2]
	at org.junit.internal.runners.statements.FailOnTimeout$CallableStatement.call(FailOnTimeout.java:293) ~[junit-4.13.2.jar:4.13.2]
	at java.base/java.util.concurrent.FutureTask.run(FutureTask.java:264) ~[na:na]
	at java.base/java.lang.Thread.run(Thread.java:829) ~[na:na]

[ERROR] Tests run: 1, Failures: 0, Errors: 1, Skipped: 0, Time elapsed: 0.003 s <<< FAILURE! - in de.schauderhaft.beyond.conversion.ConversionApplication_main_3730475173
[ERROR] test  Time elapsed: 0.003 s  <<< ERROR!
java.lang.IllegalArgumentException: Args must not be null
	at de.schauderhaft.beyond.conversion.ConversionApplication_main_3730475173.test(ConversionApplication_main_3730475173.java:44)

[INFO] Running de.schauderhaft.beyond.bidiinternal.BiDiInternalApplication_init_9898505032
[INFO] Tests run: 1, Failures: 0, Errors: 0, Skipped: 0, Time elapsed: 0.001 s - in de.schauderhaft.beyond.bidiinternal.BiDiInternalApplication_init_9898505032
[INFO] Running de.schauderhaft.beyond.bidiinternal.Minion_init_14252159194
[INFO] Tests run: 1, Failures: 0, Errors: 0, Skipped: 0, Time elapsed: 0.001 s - in de.schauderhaft.beyond.bidiinternal.Minion_init_14252159194
[INFO] Running de.schauderhaft.beyond.bidiinternal.Minion_addToy_3168271025
[ERROR] Tests run: 1, Failures: 0, Errors: 1, Skipped: 0, Time elapsed: 0.002 s <<< FAILURE! - in de.schauderhaft.beyond.bidiinternal.Minion_addToy_3168271025
[ERROR] test  Time elapsed: 0.001 s  <<< ERROR!
java.lang.NullPointerException
	at de.schauderhaft.beyond.bidiinternal.Minion_addToy_3168271025.test(Minion_addToy_3168271025.java:47)

[INFO] Running de.schauderhaft.beyond.bidiinternal.BiDiInternalApplication_init_9898505030
[INFO] Tests run: 1, Failures: 0, Errors: 0, Skipped: 0, Time elapsed: 0 s - in de.schauderhaft.beyond.bidiinternal.BiDiInternalApplication_init_9898505030
[INFO] Running de.schauderhaft.beyond.bidiinternal.Minion_init_786089331
[ERROR] Tests run: 1, Failures: 0, Errors: 1, Skipped: 0, Time elapsed: 0.001 s <<< FAILURE! - in de.schauderhaft.beyond.bidiinternal.Minion_init_786089331
[ERROR] test  Time elapsed: 0.001 s  <<< ERROR!
java.lang.reflect.InvocationTargetException
	at de.schauderhaft.beyond.bidiinternal.Minion_init_786089331.test(Minion_init_786089331.java:44)
Caused by: java.lang.NullPointerException
	at de.schauderhaft.beyond.bidiinternal.Minion_init_786089331.test(Minion_init_786089331.java:44)

[INFO] Running de.schauderhaft.beyond.bidiinternal.Minion_showYourToys_15312308096
[ERROR] Tests run: 1, Failures: 0, Errors: 1, Skipped: 0, Time elapsed: 0.001 s <<< FAILURE! - in de.schauderhaft.beyond.bidiinternal.Minion_showYourToys_15312308096
[ERROR] test  Time elapsed: 0.001 s  <<< ERROR!
java.lang.NullPointerException
	at de.schauderhaft.beyond.bidiinternal.Minion_showYourToys_15312308096.test(Minion_showYourToys_15312308096.java:45)

[INFO] Running de.schauderhaft.beyond.bidiinternal.Toy_sayHello_2306797991
I'm SzjVpOQTyS and I'm a toy of MjGYSRKTNF
[INFO] Tests run: 1, Failures: 0, Errors: 0, Skipped: 0, Time elapsed: 0.005 s - in de.schauderhaft.beyond.bidiinternal.Toy_sayHello_2306797991
[INFO] Running de.schauderhaft.beyond.bidiinternal.Minion_init_14252159190
[INFO] Tests run: 1, Failures: 0, Errors: 0, Skipped: 0, Time elapsed: 0 s - in de.schauderhaft.beyond.bidiinternal.Minion_init_14252159190
[INFO] Running de.schauderhaft.beyond.bidiinternal.Minion_addToy_3168271022
[INFO] Tests run: 1, Failures: 0, Errors: 0, Skipped: 0, Time elapsed: 0 s - in de.schauderhaft.beyond.bidiinternal.Minion_addToy_3168271022
[INFO] Running de.schauderhaft.beyond.bidiinternal.Toy_sayHello_2306797993
[ERROR] Tests run: 1, Failures: 0, Errors: 1, Skipped: 0, Time elapsed: 0 s <<< FAILURE! - in de.schauderhaft.beyond.bidiinternal.Toy_sayHello_2306797993
[ERROR] test  Time elapsed: 0 s  <<< ERROR!
java.lang.NullPointerException
	at de.schauderhaft.beyond.bidiinternal.Toy_sayHello_2306797993.test(Toy_sayHello_2306797993.java:44)

[INFO] Running de.schauderhaft.beyond.bidiinternal.Minion_showYourToys_15312308093
[INFO] Tests run: 1, Failures: 0, Errors: 0, Skipped: 0, Time elapsed: 0 s - in de.schauderhaft.beyond.bidiinternal.Minion_showYourToys_15312308093
[INFO] Running de.schauderhaft.beyond.bidiinternal.Toy_init_9727524472
[INFO] Tests run: 1, Failures: 0, Errors: 0, Skipped: 0, Time elapsed: 0 s - in de.schauderhaft.beyond.bidiinternal.Toy_init_9727524472
[INFO] Running de.schauderhaft.beyond.bidiinternal.Toy_init_9727524470
[INFO] Tests run: 1, Failures: 0, Errors: 0, Skipped: 0, Time elapsed: 0 s - in de.schauderhaft.beyond.bidiinternal.Toy_init_9727524470
[INFO] Running de.schauderhaft.beyond.bidiinternal.BiDiInternalApplication_main_13664135071

  .   ____          _            __ _ _
 /\\ / ___'_ __ _ _(_)_ __  __ _ \ \ \ \
( ( )\___ | '_ | '_| | '_ \/ _` | \ \ \ \
 \\/  ___)| |_)| | | | | || (_| |  ) ) ) )
  '  |____| .__|_| |_|_| |_\__, | / / / /
 =========|_|==============|___/=/_/_/_/
 :: Spring Boot ::                (v2.4.3)

2026-04-09 15:37:51.431  INFO 74 --- [me-limited test] d.s.b.b.BiDiInternalApplication          : Starting BiDiInternalApplication using Java 11.0.16 on 1374ed319fc1 with PID 74 (started by root in /app)
2026-04-09 15:37:51.432  INFO 74 --- [me-limited test] d.s.b.b.BiDiInternalApplication          : No active profile set, falling back to default profiles: default
2026-04-09 15:37:51.489  INFO 74 --- [me-limited test] .s.d.r.c.RepositoryConfigurationDelegate : Bootstrapping Spring Data JDBC repositories in DEFAULT mode.
2026-04-09 15:37:51.496  INFO 74 --- [me-limited test] .s.d.r.c.RepositoryConfigurationDelegate : Finished Spring Data repository scanning in 6 ms. Found 1 JDBC repository interfaces.
2026-04-09 15:37:51.527  INFO 74 --- [me-limited test] com.zaxxer.hikari.HikariDataSource       : HikariPool-3 - Starting...
2026-04-09 15:37:51.530  INFO 74 --- [me-limited test] com.zaxxer.hikari.HikariDataSource       : HikariPool-3 - Start completed.
2026-04-09 15:37:51.580  INFO 74 --- [me-limited test] d.s.b.b.BiDiInternalApplication          : Started BiDiInternalApplication in 0.165 seconds (JVM running for 3.075)
[INFO] Tests run: 1, Failures: 0, Errors: 0, Skipped: 0, Time elapsed: 0.167 s - in de.schauderhaft.beyond.bidiinternal.BiDiInternalApplication_main_13664135071
[INFO] Running de.schauderhaft.beyond.bidiinternal.BiDiInternalApplication_main_13664135073
2026-04-09 15:37:51.584 ERROR 74 --- [me-limited test] o.s.boot.SpringApplication               : Application run failed

java.lang.IllegalArgumentException: Args must not be null
	at org.springframework.util.Assert.notNull(Assert.java:201) ~[spring-core-5.3.4.jar:5.3.4]
	at org.springframework.boot.DefaultApplicationArguments.<init>(DefaultApplicationArguments.java:41) ~[spring-boot-2.4.3.jar:2.4.3]
	at org.springframework.boot.SpringApplication.run(SpringApplication.java:319) ~[spring-boot-2.4.3.jar:2.4.3]
	at org.springframework.boot.SpringApplication.run(SpringApplication.java:1311) ~[spring-boot-2.4.3.jar:2.4.3]
	at org.springframework.boot.SpringApplication.run(SpringApplication.java:1300) ~[spring-boot-2.4.3.jar:2.4.3]
	at de.schauderhaft.beyond.bidiinternal.BiDiInternalApplication.main(BiDiInternalApplication.java:10) ~[classes/:na]
	at java.base/jdk.internal.reflect.NativeMethodAccessorImpl.invoke0(Native Method) ~[na:na]
	at java.base/jdk.internal.reflect.NativeMethodAccessorImpl.invoke(NativeMethodAccessorImpl.java:62) ~[na:na]
	at java.base/jdk.internal.reflect.DelegatingMethodAccessorImpl.invoke(DelegatingMethodAccessorImpl.java:43) ~[na:na]
	at java.base/java.lang.reflect.Method.invoke(Method.java:566) ~[na:na]
	at de.schauderhaft.beyond.bidiinternal.ReflectionUtils.callMethod(ReflectionUtils.java:328) ~[test-classes/:na]
	at de.schauderhaft.beyond.bidiinternal.BiDiInternalApplication_main_13664135073.test(BiDiInternalApplication_main_13664135073.java:44) ~[test-classes/:na]
	at java.base/jdk.internal.reflect.NativeMethodAccessorImpl.invoke0(Native Method) ~[na:na]
	at java.base/jdk.internal.reflect.NativeMethodAccessorImpl.invoke(NativeMethodAccessorImpl.java:62) ~[na:na]
	at java.base/jdk.internal.reflect.DelegatingMethodAccessorImpl.invoke(DelegatingMethodAccessorImpl.java:43) ~[na:na]
	at java.base/java.lang.reflect.Method.invoke(Method.java:566) ~[na:na]
	at org.junit.runners.model.FrameworkMethod$1.runReflectiveCall(FrameworkMethod.java:59) ~[junit-4.13.2.jar:4.13.2]
	at org.junit.internal.runners.model.ReflectiveCallable.run(ReflectiveCallable.java:12) ~[junit-4.13.2.jar:4.13.2]
	at org.junit.runners.model.FrameworkMethod.invokeExplosively(FrameworkMethod.java:56) ~[junit-4.13.2.jar:4.13.2]
	at org.junit.internal.runners.statements.InvokeMethod.evaluate(InvokeMethod.java:17) ~[junit-4.13.2.jar:4.13.2]
	at org.junit.internal.runners.statements.RunBefores.evaluate(RunBefores.java:26) ~[junit-4.13.2.jar:4.13.2]
	at org.junit.internal.runners.statements.FailOnTimeout$CallableStatement.call(FailOnTimeout.java:299) ~[junit-4.13.2.jar:4.13.2]
	at org.junit.internal.runners.statements.FailOnTimeout$CallableStatement.call(FailOnTimeout.java:293) ~[junit-4.13.2.jar:4.13.2]
	at java.base/java.util.concurrent.FutureTask.run(FutureTask.java:264) ~[na:na]
	at java.base/java.lang.Thread.run(Thread.java:829) ~[na:na]

[ERROR] Tests run: 1, Failures: 0, Errors: 1, Skipped: 0, Time elapsed: 0.003 s <<< FAILURE! - in de.schauderhaft.beyond.bidiinternal.BiDiInternalApplication_main_13664135073
[ERROR] test  Time elapsed: 0.003 s  <<< ERROR!
java.lang.IllegalArgumentException: Args must not be null
	at de.schauderhaft.beyond.bidiinternal.BiDiInternalApplication_main_13664135073.test(BiDiInternalApplication_main_13664135073.java:44)

[INFO] Running de.schauderhaft.beyond.bidirectional.BidirectionalApplication_init_16641372470
[INFO] Tests run: 1, Failures: 0, Errors: 0, Skipped: 0, Time elapsed: 0.001 s - in de.schauderhaft.beyond.bidirectional.BidirectionalApplication_init_16641372470
[INFO] Running de.schauderhaft.beyond.bidirectional.BidirectionalApplication_init_16641372472
[INFO] Tests run: 1, Failures: 0, Errors: 0, Skipped: 0, Time elapsed: 0 s - in de.schauderhaft.beyond.bidirectional.BidirectionalApplication_init_16641372472
[INFO] Running de.schauderhaft.beyond.bidirectional.Person_init_19187140900
[INFO] Tests run: 1, Failures: 0, Errors: 0, Skipped: 0, Time elapsed: 0 s - in de.schauderhaft.beyond.bidirectional.Person_init_19187140900
[INFO] Running de.schauderhaft.beyond.bidirectional.BidirectionalApplication_main_20407002513
2026-04-09 15:37:51.594 ERROR 74 --- [me-limited test] o.s.boot.SpringApplication               : Application run failed

java.lang.IllegalArgumentException: Args must not be null
	at org.springframework.util.Assert.notNull(Assert.java:201) ~[spring-core-5.3.4.jar:5.3.4]
	at org.springframework.boot.DefaultApplicationArguments.<init>(DefaultApplicationArguments.java:41) ~[spring-boot-2.4.3.jar:2.4.3]
	at org.springframework.boot.SpringApplication.run(SpringApplication.java:319) ~[spring-boot-2.4.3.jar:2.4.3]
	at org.springframework.boot.SpringApplication.run(SpringApplication.java:1311) ~[spring-boot-2.4.3.jar:2.4.3]
	at org.springframework.boot.SpringApplication.run(SpringApplication.java:1300) ~[spring-boot-2.4.3.jar:2.4.3]
	at de.schauderhaft.beyond.bidirectional.BidirectionalApplication.main(BidirectionalApplication.java:11) ~[classes/:na]
	at java.base/jdk.internal.reflect.NativeMethodAccessorImpl.invoke0(Native Method) ~[na:na]
	at java.base/jdk.internal.reflect.NativeMethodAccessorImpl.invoke(NativeMethodAccessorImpl.java:62) ~[na:na]
	at java.base/jdk.internal.reflect.DelegatingMethodAccessorImpl.invoke(DelegatingMethodAccessorImpl.java:43) ~[na:na]
	at java.base/java.lang.reflect.Method.invoke(Method.java:566) ~[na:na]
	at de.schauderhaft.beyond.bidirectional.ReflectionUtils.callMethod(ReflectionUtils.java:328) ~[test-classes/:na]
	at de.schauderhaft.beyond.bidirectional.BidirectionalApplication_main_20407002513.test(BidirectionalApplication_main_20407002513.java:44) ~[test-classes/:na]
	at java.base/jdk.internal.reflect.NativeMethodAccessorImpl.invoke0(Native Method) ~[na:na]
	at java.base/jdk.internal.reflect.NativeMethodAccessorImpl.invoke(NativeMethodAccessorImpl.java:62) ~[na:na]
	at java.base/jdk.internal.reflect.DelegatingMethodAccessorImpl.invoke(DelegatingMethodAccessorImpl.java:43) ~[na:na]
	at java.base/java.lang.reflect.Method.invoke(Method.java:566) ~[na:na]
	at org.junit.runners.model.FrameworkMethod$1.runReflectiveCall(FrameworkMethod.java:59) ~[junit-4.13.2.jar:4.13.2]
	at org.junit.internal.runners.model.ReflectiveCallable.run(ReflectiveCallable.java:12) ~[junit-4.13.2.jar:4.13.2]
	at org.junit.runners.model.FrameworkMethod.invokeExplosively(FrameworkMethod.java:56) ~[junit-4.13.2.jar:4.13.2]
	at org.junit.internal.runners.statements.InvokeMethod.evaluate(InvokeMethod.java:17) ~[junit-4.13.2.jar:4.13.2]
	at org.junit.internal.runners.statements.RunBefores.evaluate(RunBefores.java:26) ~[junit-4.13.2.jar:4.13.2]
	at org.junit.internal.runners.statements.FailOnTimeout$CallableStatement.call(FailOnTimeout.java:299) ~[junit-4.13.2.jar:4.13.2]
	at org.junit.internal.runners.statements.FailOnTimeout$CallableStatement.call(FailOnTimeout.java:293) ~[junit-4.13.2.jar:4.13.2]
	at java.base/java.util.concurrent.FutureTask.run(FutureTask.java:264) ~[na:na]
	at java.base/java.lang.Thread.run(Thread.java:829) ~[na:na]

[ERROR] Tests run: 1, Failures: 0, Errors: 1, Skipped: 0, Time elapsed: 0.005 s <<< FAILURE! - in de.schauderhaft.beyond.bidirectional.BidirectionalApplication_main_20407002513
[ERROR] test  Time elapsed: 0.004 s  <<< ERROR!
java.lang.IllegalArgumentException: Args must not be null
	at de.schauderhaft.beyond.bidirectional.BidirectionalApplication_main_20407002513.test(BidirectionalApplication_main_20407002513.java:44)

[INFO] Running de.schauderhaft.beyond.bidirectional.Person_init_19187140901
[INFO] Tests run: 1, Failures: 0, Errors: 0, Skipped: 0, Time elapsed: 0 s - in de.schauderhaft.beyond.bidirectional.Person_init_19187140901
[INFO] Running de.schauderhaft.beyond.bidirectional.BidirectionalApplication_main_20407002511

  .   ____          _            __ _ _
 /\\ / ___'_ __ _ _(_)_ __  __ _ \ \ \ \
( ( )\___ | '_ | '_| | '_ \/ _` | \ \ \ \
 \\/  ___)| |_)| | | | | || (_| |  ) ) ) )
  '  |____| .__|_| |_|_| |_\__, | / / / /
 =========|_|==============|___/=/_/_/_/
 :: Spring Boot ::                (v2.4.3)

2026-04-09 15:37:51.613  INFO 74 --- [me-limited test] d.s.b.b.BidirectionalApplication         : Starting BidirectionalApplication using Java 11.0.16 on 1374ed319fc1 with PID 74 (started by root in /app)
2026-04-09 15:37:51.613  INFO 74 --- [me-limited test] d.s.b.b.BidirectionalApplication         : No active profile set, falling back to default profiles: default
2026-04-09 15:37:51.657  INFO 74 --- [me-limited test] .s.d.r.c.RepositoryConfigurationDelegate : Bootstrapping Spring Data JDBC repositories in DEFAULT mode.
2026-04-09 15:37:51.663  INFO 74 --- [me-limited test] .s.d.r.c.RepositoryConfigurationDelegate : Finished Spring Data repository scanning in 4 ms. Found 2 JDBC repository interfaces.
2026-04-09 15:37:51.689  INFO 74 --- [me-limited test] com.zaxxer.hikari.HikariDataSource       : HikariPool-4 - Starting...
2026-04-09 15:37:51.693  INFO 74 --- [me-limited test] com.zaxxer.hikari.HikariDataSource       : HikariPool-4 - Start completed.
2026-04-09 15:37:51.754  INFO 74 --- [me-limited test] d.s.b.b.BidirectionalApplication         : Started BidirectionalApplication in 0.155 seconds (JVM running for 3.249)
[INFO] Tests run: 1, Failures: 0, Errors: 0, Skipped: 0, Time elapsed: 0.157 s - in de.schauderhaft.beyond.bidirectional.BidirectionalApplication_main_20407002511
[INFO] Running de.schauderhaft.beyond.join.JoinApplication_main_1169726433
2026-04-09 15:37:51.760 ERROR 74 --- [me-limited test] o.s.boot.SpringApplication               : Application run failed

java.lang.IllegalArgumentException: Args must not be null
	at org.springframework.util.Assert.notNull(Assert.java:201) ~[spring-core-5.3.4.jar:5.3.4]
	at org.springframework.boot.DefaultApplicationArguments.<init>(DefaultApplicationArguments.java:41) ~[spring-boot-2.4.3.jar:2.4.3]
	at org.springframework.boot.SpringApplication.run(SpringApplication.java:319) ~[spring-boot-2.4.3.jar:2.4.3]
	at org.springframework.boot.SpringApplication.run(SpringApplication.java:1311) ~[spring-boot-2.4.3.jar:2.4.3]
	at org.springframework.boot.SpringApplication.run(SpringApplication.java:1300) ~[spring-boot-2.4.3.jar:2.4.3]
	at de.schauderhaft.beyond.join.JoinApplication.main(JoinApplication.java:11) ~[classes/:na]
	at java.base/jdk.internal.reflect.NativeMethodAccessorImpl.invoke0(Native Method) ~[na:na]
	at java.base/jdk.internal.reflect.NativeMethodAccessorImpl.invoke(NativeMethodAccessorImpl.java:62) ~[na:na]
	at java.base/jdk.internal.reflect.DelegatingMethodAccessorImpl.invoke(DelegatingMethodAccessorImpl.java:43) ~[na:na]
	at java.base/java.lang.reflect.Method.invoke(Method.java:566) ~[na:na]
	at de.schauderhaft.beyond.join.ReflectionUtils.callMethod(ReflectionUtils.java:328) ~[test-classes/:na]
	at de.schauderhaft.beyond.join.JoinApplication_main_1169726433.test(JoinApplication_main_1169726433.java:44) ~[test-classes/:na]
	at java.base/jdk.internal.reflect.NativeMethodAccessorImpl.invoke0(Native Method) ~[na:na]
	at java.base/jdk.internal.reflect.NativeMethodAccessorImpl.invoke(NativeMethodAccessorImpl.java:62) ~[na:na]
	at java.base/jdk.internal.reflect.DelegatingMethodAccessorImpl.invoke(DelegatingMethodAccessorImpl.java:43) ~[na:na]
	at java.base/java.lang.reflect.Method.invoke(Method.java:566) ~[na:na]
	at org.junit.runners.model.FrameworkMethod$1.runReflectiveCall(FrameworkMethod.java:59) ~[junit-4.13.2.jar:4.13.2]
	at org.junit.internal.runners.model.ReflectiveCallable.run(ReflectiveCallable.java:12) ~[junit-4.13.2.jar:4.13.2]
	at org.junit.runners.model.FrameworkMethod.invokeExplosively(FrameworkMethod.java:56) ~[junit-4.13.2.jar:4.13.2]
	at org.junit.internal.runners.statements.InvokeMethod.evaluate(InvokeMethod.java:17) ~[junit-4.13.2.jar:4.13.2]
	at org.junit.internal.runners.statements.RunBefores.evaluate(RunBefores.java:26) ~[junit-4.13.2.jar:4.13.2]
	at org.junit.internal.runners.statements.FailOnTimeout$CallableStatement.call(FailOnTimeout.java:299) ~[junit-4.13.2.jar:4.13.2]
	at org.junit.internal.runners.statements.FailOnTimeout$CallableStatement.call(FailOnTimeout.java:293) ~[junit-4.13.2.jar:4.13.2]
	at java.base/java.util.concurrent.FutureTask.run(FutureTask.java:264) ~[na:na]
	at java.base/java.lang.Thread.run(Thread.java:829) ~[na:na]

[ERROR] Tests run: 1, Failures: 0, Errors: 1, Skipped: 0, Time elapsed: 0.005 s <<< FAILURE! - in de.schauderhaft.beyond.join.JoinApplication_main_1169726433
[ERROR] test  Time elapsed: 0.005 s  <<< ERROR!
java.lang.IllegalArgumentException: Args must not be null
	at de.schauderhaft.beyond.join.JoinApplication_main_1169726433.test(JoinApplication_main_1169726433.java:44)

[INFO] Running de.schauderhaft.beyond.join.JoinApplication_init_2595903610
[INFO] Tests run: 1, Failures: 0, Errors: 0, Skipped: 0, Time elapsed: 0 s - in de.schauderhaft.beyond.join.JoinApplication_init_2595903610
[INFO] Running de.schauderhaft.beyond.join.Person_init_20836718851
[INFO] Tests run: 1, Failures: 0, Errors: 0, Skipped: 0, Time elapsed: 0 s - in de.schauderhaft.beyond.join.Person_init_20836718851
[INFO] Running de.schauderhaft.beyond.join.JoinApplication_init_2595903612
[INFO] Tests run: 1, Failures: 0, Errors: 0, Skipped: 0, Time elapsed: 0 s - in de.schauderhaft.beyond.join.JoinApplication_init_2595903612
[INFO] Running de.schauderhaft.beyond.join.Person_init_20836718850
[INFO] Tests run: 1, Failures: 0, Errors: 0, Skipped: 0, Time elapsed: 0 s - in de.schauderhaft.beyond.join.Person_init_20836718850
[INFO] Running de.schauderhaft.beyond.join.JoinApplication_main_1169726431

  .   ____          _            __ _ _
 /\\ / ___'_ __ _ _(_)_ __  __ _ \ \ \ \
( ( )\___ | '_ | '_| | '_ \/ _` | \ \ \ \
 \\/  ___)| |_)| | | | | || (_| |  ) ) ) )
  '  |____| .__|_| |_|_| |_\__, | / / / /
 =========|_|==============|___/=/_/_/_/
 :: Spring Boot ::                (v2.4.3)

2026-04-09 15:37:51.782  INFO 74 --- [me-limited test] d.s.beyond.join.JoinApplication          : Starting JoinApplication using Java 11.0.16 on 1374ed319fc1 with PID 74 (started by root in /app)
2026-04-09 15:37:51.782  INFO 74 --- [me-limited test] d.s.beyond.join.JoinApplication          : No active profile set, falling back to default profiles: default
2026-04-09 15:37:51.824  INFO 74 --- [me-limited test] .s.d.r.c.RepositoryConfigurationDelegate : Bootstrapping Spring Data JDBC repositories in DEFAULT mode.
2026-04-09 15:37:51.830  INFO 74 --- [me-limited test] .s.d.r.c.RepositoryConfigurationDelegate : Finished Spring Data repository scanning in 5 ms. Found 2 JDBC repository interfaces.
2026-04-09 15:37:51.856  INFO 74 --- [me-limited test] com.zaxxer.hikari.HikariDataSource       : HikariPool-5 - Starting...
2026-04-09 15:37:51.860  INFO 74 --- [me-limited test] com.zaxxer.hikari.HikariDataSource       : HikariPool-5 - Start completed.
2026-04-09 15:37:51.911  INFO 74 --- [me-limited test] d.s.beyond.join.JoinApplication          : Started JoinApplication in 0.142 seconds (JVM running for 3.406)
[INFO] Tests run: 1, Failures: 0, Errors: 0, Skipped: 0, Time elapsed: 0.139 s - in de.schauderhaft.beyond.join.JoinApplication_main_1169726431
[INFO] Running de.schauderhaft.beyond.idgeneration.Minion_init_19466708431
[INFO] Tests run: 1, Failures: 0, Errors: 0, Skipped: 0, Time elapsed: 0.001 s - in de.schauderhaft.beyond.idgeneration.Minion_init_19466708431
[INFO] Running de.schauderhaft.beyond.idgeneration.IdGenerationApplication_init_2002546170
[INFO] Tests run: 1, Failures: 0, Errors: 0, Skipped: 0, Time elapsed: 0 s - in de.schauderhaft.beyond.idgeneration.IdGenerationApplication_init_2002546170
[INFO] Running de.schauderhaft.beyond.idgeneration.StringIdMinion_init_6121386730
[INFO] Tests run: 1, Failures: 0, Errors: 0, Skipped: 0, Time elapsed: 0 s - in de.schauderhaft.beyond.idgeneration.StringIdMinion_init_6121386730
[INFO] Running de.schauderhaft.beyond.idgeneration.StringIdMinion_init_6121386731
[INFO] Tests run: 1, Failures: 0, Errors: 0, Skipped: 0, Time elapsed: 0 s - in de.schauderhaft.beyond.idgeneration.StringIdMinion_init_6121386731
[INFO] Running de.schauderhaft.beyond.idgeneration.Minion_init_19466708430
[INFO] Tests run: 1, Failures: 0, Errors: 0, Skipped: 0, Time elapsed: 0 s - in de.schauderhaft.beyond.idgeneration.Minion_init_19466708430
[INFO] Running de.schauderhaft.beyond.idgeneration.IdGenerationApplication_init_2002546171
[INFO] Tests run: 1, Failures: 0, Errors: 0, Skipped: 0, Time elapsed: 0 s - in de.schauderhaft.beyond.idgeneration.IdGenerationApplication_init_2002546171
[INFO] Running de.schauderhaft.beyond.caching.CachingApplicationTests
2026-04-09 15:37:51.965  INFO 74 --- [           main] .b.t.c.SpringBootTestContextBootstrapper : Neither @ContextConfiguration nor @ContextHierarchy found for test class [de.schauderhaft.beyond.caching.CachingApplicationTests], using SpringBootContextLoader
2026-04-09 15:37:51.966  INFO 74 --- [           main] o.s.t.c.support.AbstractContextLoader    : Could not detect default resource locations for test class [de.schauderhaft.beyond.caching.CachingApplicationTests]: no resource found for suffixes {-context.xml, Context.groovy}.
2026-04-09 15:37:51.967  INFO 74 --- [           main] t.c.s.AnnotationConfigContextLoaderUtils : Could not detect default configuration classes for test class [de.schauderhaft.beyond.caching.CachingApplicationTests]: CachingApplicationTests does not declare any static, non-private, non-final, nested classes annotated with @Configuration.
2026-04-09 15:37:52.004  INFO 74 --- [           main] .b.t.c.SpringBootTestContextBootstrapper : Found @SpringBootConfiguration de.schauderhaft.beyond.caching.CachingApplication for test class de.schauderhaft.beyond.caching.CachingApplicationTests
2026-04-09 15:37:52.008  INFO 74 --- [           main] .b.t.c.SpringBootTestContextBootstrapper : Loaded default TestExecutionListener class names from location [META-INF/spring.factories]: [org.springframework.boot.test.mock.mockito.MockitoTestExecutionListener, org.springframework.boot.test.mock.mockito.ResetMocksTestExecutionListener, org.springframework.boot.test.autoconfigure.restdocs.RestDocsTestExecutionListener, org.springframework.boot.test.autoconfigure.web.client.MockRestServiceServerResetTestExecutionListener, org.springframework.boot.test.autoconfigure.web.servlet.MockMvcPrintOnlyOnFailureTestExecutionListener, org.springframework.boot.test.autoconfigure.web.servlet.WebDriverTestExecutionListener, org.springframework.boot.test.autoconfigure.webservices.client.MockWebServiceServerTestExecutionListener, org.springframework.test.context.web.ServletTestExecutionListener, org.springframework.test.context.support.DirtiesContextBeforeModesTestExecutionListener, org.springframework.test.context.event.ApplicationEventsTestExecutionListener, org.springframework.test.context.support.DependencyInjectionTestExecutionListener, org.springframework.test.context.support.DirtiesContextTestExecutionListener, org.springframework.test.context.transaction.TransactionalTestExecutionListener, org.springframework.test.context.jdbc.SqlScriptsTestExecutionListener, org.springframework.test.context.event.EventPublishingTestExecutionListener]
2026-04-09 15:37:52.015  INFO 74 --- [           main] .b.t.c.SpringBootTestContextBootstrapper : Using TestExecutionListeners: [org.springframework.test.context.support.DirtiesContextBeforeModesTestExecutionListener@3e4e4c1, org.springframework.test.context.event.ApplicationEventsTestExecutionListener@7e7f3cfd, org.springframework.boot.test.mock.mockito.MockitoTestExecutionListener@3ae126d1, org.springframework.boot.test.autoconfigure.SpringBootDependencyInjectionTestExecutionListener@46a488c2, org.springframework.test.context.support.DirtiesContextTestExecutionListener@6242ae3b, org.springframework.test.context.transaction.TransactionalTestExecutionListener@65ddee5a, org.springframework.test.context.jdbc.SqlScriptsTestExecutionListener@56399b9e, org.springframework.test.context.event.EventPublishingTestExecutionListener@34b9eb03, org.springframework.boot.test.mock.mockito.ResetMocksTestExecutionListener@43fda8d9, org.springframework.boot.test.autoconfigure.restdocs.RestDocsTestExecutionListener@49d831c2, org.springframework.boot.test.autoconfigure.web.client.MockRestServiceServerResetTestExecutionListener@53a7a60c, org.springframework.boot.test.autoconfigure.web.servlet.MockMvcPrintOnlyOnFailureTestExecutionListener@28bdbe88, org.springframework.boot.test.autoconfigure.web.servlet.WebDriverTestExecutionListener@6a87026, org.springframework.boot.test.autoconfigure.webservices.client.MockWebServiceServerTestExecutionListener@ef60710]

  .   ____          _            __ _ _
 /\\ / ___'_ __ _ _(_)_ __  __ _ \ \ \ \
( ( )\___ | '_ | '_| | '_ \/ _` | \ \ \ \
 \\/  ___)| |_)| | | | | || (_| |  ) ) ) )
  '  |____| .__|_| |_|_| |_\__, | / / / /
 =========|_|==============|___/=/_/_/_/
 :: Spring Boot ::                (v2.4.3)

2026-04-09 15:37:52.046  INFO 74 --- [           main] d.s.b.caching.CachingApplicationTests    : Starting CachingApplicationTests using Java 11.0.16 on 1374ed319fc1 with PID 74 (started by root in /app)
2026-04-09 15:37:52.047  INFO 74 --- [           main] d.s.b.caching.CachingApplicationTests    : No active profile set, falling back to default profiles: default
2026-04-09 15:37:52.094  INFO 74 --- [           main] .s.d.r.c.RepositoryConfigurationDelegate : Bootstrapping Spring Data JDBC repositories in DEFAULT mode.
2026-04-09 15:37:52.097  INFO 74 --- [           main] .s.d.r.c.RepositoryConfigurationDelegate : Finished Spring Data repository scanning in 3 ms. Found 2 JDBC repository interfaces.
2026-04-09 15:37:52.163  INFO 74 --- [           main] com.zaxxer.hikari.HikariDataSource       : HikariPool-6 - Starting...
2026-04-09 15:37:52.166  INFO 74 --- [           main] com.zaxxer.hikari.HikariDataSource       : HikariPool-6 - Start completed.
2026-04-09 15:37:52.255  INFO 74 --- [           main] d.s.b.caching.CachingApplicationTests    : Started CachingApplicationTests in 0.225 seconds (JVM running for 3.75)
2026-04-09 15:37:52.579 DEBUG 74 --- [           main] o.s.jdbc.core.JdbcTemplate               : Executing SQL update and returning generated keys
2026-04-09 15:37:52.579 DEBUG 74 --- [           main] o.s.jdbc.core.JdbcTemplate               : Executing prepared SQL statement [INSERT INTO "COLOR" ("NAME") VALUES (?)]
2026-04-09 15:37:52.607 DEBUG 74 --- [           main] o.s.jdbc.core.JdbcTemplate               : Executing SQL update and returning generated keys
2026-04-09 15:37:52.607 DEBUG 74 --- [           main] o.s.jdbc.core.JdbcTemplate               : Executing prepared SQL statement [INSERT INTO "COLOR" ("NAME") VALUES (?)]
2026-04-09 15:37:52.614 DEBUG 74 --- [           main] o.s.jdbc.core.JdbcTemplate               : Executing SQL update and returning generated keys
2026-04-09 15:37:52.615 DEBUG 74 --- [           main] o.s.jdbc.core.JdbcTemplate               : Executing prepared SQL statement [INSERT INTO "MINION" ("COLOR", "NAME", "NUMBER_OF_EYES", "VERSION") VALUES (?, ?, ?, ?)]
2026-04-09 15:37:52.617 DEBUG 74 --- [           main] o.s.jdbc.core.JdbcTemplate               : Executing SQL update and returning generated keys
2026-04-09 15:37:52.618 DEBUG 74 --- [           main] o.s.jdbc.core.JdbcTemplate               : Executing prepared SQL statement [INSERT INTO "MINION" ("COLOR", "NAME", "NUMBER_OF_EYES", "VERSION") VALUES (?, ?, ?, ?)]
2026-04-09 15:37:52.619 DEBUG 74 --- [           main] o.s.jdbc.core.JdbcTemplate               : Executing SQL update and returning generated keys
2026-04-09 15:37:52.619 DEBUG 74 --- [           main] o.s.jdbc.core.JdbcTemplate               : Executing prepared SQL statement [INSERT INTO "MINION" ("COLOR", "NAME", "NUMBER_OF_EYES", "VERSION") VALUES (?, ?, ?, ?)]
2026-04-09 15:37:52.621 DEBUG 74 --- [           main] o.s.jdbc.core.JdbcTemplate               : Executing SQL update and returning generated keys
2026-04-09 15:37:52.621 DEBUG 74 --- [           main] o.s.jdbc.core.JdbcTemplate               : Executing prepared SQL statement [INSERT INTO "MINION" ("COLOR", "NAME", "NUMBER_OF_EYES", "VERSION") VALUES (?, ?, ?, ?)]
2026-04-09 15:37:52.625 DEBUG 74 --- [           main] o.s.jdbc.core.JdbcTemplate               : Executing SQL update and returning generated keys
2026-04-09 15:37:52.625 DEBUG 74 --- [           main] o.s.jdbc.core.JdbcTemplate               : Executing prepared SQL statement [INSERT INTO "MINION" ("COLOR", "NAME", "NUMBER_OF_EYES", "VERSION") VALUES (?, ?, ?, ?)]
2026-04-09 15:37:52.628 DEBUG 74 --- [           main] o.s.jdbc.core.JdbcTemplate               : Executing SQL update and returning generated keys
2026-04-09 15:37:52.628 DEBUG 74 --- [           main] o.s.jdbc.core.JdbcTemplate               : Executing prepared SQL statement [INSERT INTO "MINION" ("COLOR", "NAME", "NUMBER_OF_EYES", "VERSION") VALUES (?, ?, ?, ?)]
2026-04-09 15:37:52.630 DEBUG 74 --- [           main] o.s.jdbc.core.JdbcTemplate               : Executing SQL update and returning generated keys
2026-04-09 15:37:52.630 DEBUG 74 --- [           main] o.s.jdbc.core.JdbcTemplate               : Executing prepared SQL statement [INSERT INTO "MINION" ("COLOR", "NAME", "NUMBER_OF_EYES", "VERSION") VALUES (?, ?, ?, ?)]
2026-04-09 15:37:52.633 DEBUG 74 --- [           main] o.s.jdbc.core.JdbcTemplate               : Executing SQL update and returning generated keys
2026-04-09 15:37:52.633 DEBUG 74 --- [           main] o.s.jdbc.core.JdbcTemplate               : Executing prepared SQL statement [INSERT INTO "MINION" ("COLOR", "NAME", "NUMBER_OF_EYES", "VERSION") VALUES (?, ?, ?, ?)]
2026-04-09 15:37:52.635 DEBUG 74 --- [           main] o.s.jdbc.core.JdbcTemplate               : Executing SQL update and returning generated keys
2026-04-09 15:37:52.635 DEBUG 74 --- [           main] o.s.jdbc.core.JdbcTemplate               : Executing prepared SQL statement [INSERT INTO "MINION" ("COLOR", "NAME", "NUMBER_OF_EYES", "VERSION") VALUES (?, ?, ?, ?)]
2026-04-09 15:37:52.637 DEBUG 74 --- [           main] o.s.jdbc.core.JdbcTemplate               : Executing SQL update and returning generated keys
2026-04-09 15:37:52.637 DEBUG 74 --- [           main] o.s.jdbc.core.JdbcTemplate               : Executing prepared SQL statement [INSERT INTO "MINION" ("COLOR", "NAME", "NUMBER_OF_EYES", "VERSION") VALUES (?, ?, ?, ?)]
2026-04-09 15:37:52.639 DEBUG 74 --- [           main] o.s.jdbc.core.JdbcTemplate               : Executing SQL update and returning generated keys
2026-04-09 15:37:52.639 DEBUG 74 --- [           main] o.s.jdbc.core.JdbcTemplate               : Executing prepared SQL statement [INSERT INTO "MINION" ("COLOR", "NAME", "NUMBER_OF_EYES", "VERSION") VALUES (?, ?, ?, ?)]
2026-04-09 15:37:52.641 DEBUG 74 --- [           main] o.s.jdbc.core.JdbcTemplate               : Executing SQL update and returning generated keys
2026-04-09 15:37:52.641 DEBUG 74 --- [           main] o.s.jdbc.core.JdbcTemplate               : Executing prepared SQL statement [INSERT INTO "MINION" ("COLOR", "NAME", "NUMBER_OF_EYES", "VERSION") VALUES (?, ?, ?, ?)]
2026-04-09 15:37:52.655 DEBUG 74 --- [           main] o.s.jdbc.core.JdbcTemplate               : Executing prepared SQL query
2026-04-09 15:37:52.656 DEBUG 74 --- [           main] o.s.jdbc.core.JdbcTemplate               : Executing prepared SQL statement [SELECT "MINION"."ID" AS "ID", "MINION"."NAME" AS "NAME", "MINION"."COLOR" AS "COLOR", "MINION"."VERSION" AS "VERSION", "MINION"."NUMBER_OF_EYES" AS "NUMBER_OF_EYES" FROM "MINION"]
2026-04-09 15:37:52.677 DEBUG 74 --- [           main] o.s.jdbc.core.JdbcTemplate               : Executing prepared SQL query
2026-04-09 15:37:52.677 DEBUG 74 --- [           main] o.s.jdbc.core.JdbcTemplate               : Executing prepared SQL statement [SELECT "COLOR"."ID" AS "ID", "COLOR"."NAME" AS "NAME" FROM "COLOR" WHERE "COLOR"."ID" = ?]
2026-04-09 15:37:52.681 DEBUG 74 --- [           main] o.s.jdbc.core.JdbcTemplate               : Executing prepared SQL query
2026-04-09 15:37:52.681 DEBUG 74 --- [           main] o.s.jdbc.core.JdbcTemplate               : Executing prepared SQL statement [SELECT "COLOR"."ID" AS "ID", "COLOR"."NAME" AS "NAME" FROM "COLOR" WHERE "COLOR"."ID" = ?]
[INFO] Tests run: 1, Failures: 0, Errors: 0, Skipped: 0, Time elapsed: 0.799 s - in de.schauderhaft.beyond.caching.CachingApplicationTests
[INFO] Running de.schauderhaft.beyond.conversion.ConversionTest
{"appearance":{"d":"d-value","c":"c-value"},"personality":{"a":"a-value","b":"b-value"}}
[INFO] Tests run: 1, Failures: 0, Errors: 0, Skipped: 0, Time elapsed: 0.006 s - in de.schauderhaft.beyond.conversion.ConversionTest
[INFO] Running de.schauderhaft.beyond.conversion.ConversionApplicationTests
2026-04-09 15:37:52.756  INFO 74 --- [           main] .b.t.c.SpringBootTestContextBootstrapper : Neither @ContextConfiguration nor @ContextHierarchy found for test class [de.schauderhaft.beyond.conversion.ConversionApplicationTests], using SpringBootContextLoader
2026-04-09 15:37:52.757  INFO 74 --- [           main] o.s.t.c.support.AbstractContextLoader    : Could not detect default resource locations for test class [de.schauderhaft.beyond.conversion.ConversionApplicationTests]: no resource found for suffixes {-context.xml, Context.groovy}.
2026-04-09 15:37:52.757  INFO 74 --- [           main] t.c.s.AnnotationConfigContextLoaderUtils : Could not detect default configuration classes for test class [de.schauderhaft.beyond.conversion.ConversionApplicationTests]: ConversionApplicationTests does not declare any static, non-private, non-final, nested classes annotated with @Configuration.
2026-04-09 15:37:52.761  INFO 74 --- [           main] .b.t.c.SpringBootTestContextBootstrapper : Found @SpringBootConfiguration de.schauderhaft.beyond.conversion.ConversionApplication for test class de.schauderhaft.beyond.conversion.ConversionApplicationTests
2026-04-09 15:37:52.763  INFO 74 --- [           main] .b.t.c.SpringBootTestContextBootstrapper : Loaded default TestExecutionListener class names from location [META-INF/spring.factories]: [org.springframework.boot.test.mock.mockito.MockitoTestExecutionListener, org.springframework.boot.test.mock.mockito.ResetMocksTestExecutionListener, org.springframework.boot.test.autoconfigure.restdocs.RestDocsTestExecutionListener, org.springframework.boot.test.autoconfigure.web.client.MockRestServiceServerResetTestExecutionListener, org.springframework.boot.test.autoconfigure.web.servlet.MockMvcPrintOnlyOnFailureTestExecutionListener, org.springframework.boot.test.autoconfigure.web.servlet.WebDriverTestExecutionListener, org.springframework.boot.test.autoconfigure.webservices.client.MockWebServiceServerTestExecutionListener, org.springframework.test.context.web.ServletTestExecutionListener, org.springframework.test.context.support.DirtiesContextBeforeModesTestExecutionListener, org.springframework.test.context.event.ApplicationEventsTestExecutionListener, org.springframework.test.context.support.DependencyInjectionTestExecutionListener, org.springframework.test.context.support.DirtiesContextTestExecutionListener, org.springframework.test.context.transaction.TransactionalTestExecutionListener, org.springframework.test.context.jdbc.SqlScriptsTestExecutionListener, org.springframework.test.context.event.EventPublishingTestExecutionListener]
2026-04-09 15:37:52.764  INFO 74 --- [           main] .b.t.c.SpringBootTestContextBootstrapper : Using TestExecutionListeners: [org.springframework.test.context.support.DirtiesContextBeforeModesTestExecutionListener@1d6dc2b8, org.springframework.test.context.event.ApplicationEventsTestExecutionListener@7ec75228, org.springframework.boot.test.mock.mockito.MockitoTestExecutionListener@55cf5626, org.springframework.boot.test.autoconfigure.SpringBootDependencyInjectionTestExecutionListener@8de8b07, org.springframework.test.context.support.DirtiesContextTestExecutionListener@7b55f0a6, org.springframework.test.context.transaction.TransactionalTestExecutionListener@3fc7abf6, org.springframework.test.context.jdbc.SqlScriptsTestExecutionListener@1016b44e, org.springframework.test.context.event.EventPublishingTestExecutionListener@6c6c93f8, org.springframework.boot.test.mock.mockito.ResetMocksTestExecutionListener@38e88e13, org.springframework.boot.test.autoconfigure.restdocs.RestDocsTestExecutionListener@3a720ae3, org.springframework.boot.test.autoconfigure.web.client.MockRestServiceServerResetTestExecutionListener@1fe37d27, org.springframework.boot.test.autoconfigure.web.servlet.MockMvcPrintOnlyOnFailureTestExecutionListener@1718de70, org.springframework.boot.test.autoconfigure.web.servlet.WebDriverTestExecutionListener@6bfc5296, org.springframework.boot.test.autoconfigure.webservices.client.MockWebServiceServerTestExecutionListener@41736818]

  .   ____          _            __ _ _
 /\\ / ___'_ __ _ _(_)_ __  __ _ \ \ \ \
( ( )\___ | '_ | '_| | '_ \/ _` | \ \ \ \
 \\/  ___)| |_)| | | | | || (_| |  ) ) ) )
  '  |____| .__|_| |_|_| |_\__, | / / / /
 =========|_|==============|___/=/_/_/_/
 :: Spring Boot ::                (v2.4.3)

2026-04-09 15:37:52.776  INFO 74 --- [           main] d.s.b.c.ConversionApplicationTests       : Starting ConversionApplicationTests using Java 11.0.16 on 1374ed319fc1 with PID 74 (started by root in /app)
2026-04-09 15:37:52.777  INFO 74 --- [           main] d.s.b.c.ConversionApplicationTests       : No active profile set, falling back to default profiles: default
2026-04-09 15:37:52.813  INFO 74 --- [           main] .s.d.r.c.RepositoryConfigurationDelegate : Bootstrapping Spring Data JDBC repositories in DEFAULT mode.
2026-04-09 15:37:52.816  INFO 74 --- [           main] .s.d.r.c.RepositoryConfigurationDelegate : Finished Spring Data repository scanning in 2 ms. Found 1 JDBC repository interfaces.
2026-04-09 15:37:52.840  WARN 74 --- [           main] o.s.data.convert.CustomConversions       : Registering converter from class de.schauderhaft.beyond.conversion.Description to class org.springframework.data.jdbc.core.convert.JdbcValue as writing converter although it doesn't convert to a store-supported type! You might want to check your annotation setup at the converter implementation.
2026-04-09 15:37:52.855  INFO 74 --- [           main] com.zaxxer.hikari.HikariDataSource       : HikariPool-7 - Starting...
2026-04-09 15:37:52.859  INFO 74 --- [           main] com.zaxxer.hikari.HikariDataSource       : HikariPool-7 - Start completed.
2026-04-09 15:37:52.910  INFO 74 --- [           main] d.s.b.c.ConversionApplicationTests       : Started ConversionApplicationTests in 0.144 seconds (JVM running for 4.405)
2026-04-09 15:37:52.917 DEBUG 74 --- [           main] o.s.jdbc.core.JdbcTemplate               : Executing SQL update and returning generated keys
2026-04-09 15:37:52.917 DEBUG 74 --- [           main] o.s.jdbc.core.JdbcTemplate               : Executing prepared SQL statement [INSERT INTO "MINION" ("DESCRIPTION", "NAME") VALUES (?, ?)]
2026-04-09 15:37:52.920 DEBUG 74 --- [           main] o.s.jdbc.core.JdbcTemplate               : Executing prepared SQL query
2026-04-09 15:37:52.920 DEBUG 74 --- [           main] o.s.jdbc.core.JdbcTemplate               : Executing prepared SQL statement [SELECT "MINION"."ID" AS "ID", "MINION"."NAME" AS "NAME", "MINION"."DESCRIPTION" AS "DESCRIPTION" FROM "MINION" WHERE "MINION"."ID" = ?]
enjoys bedtime stories
character childish
loves Poochy
favorite-stuffed-animal Tim
[INFO] Tests run: 1, Failures: 0, Errors: 0, Skipped: 0, Time elapsed: 0.172 s - in de.schauderhaft.beyond.conversion.ConversionApplicationTests
[INFO] Running de.schauderhaft.beyond.bidiinternal.BiDiInternalApplicationTests
2026-04-09 15:37:52.929  INFO 74 --- [           main] .b.t.c.SpringBootTestContextBootstrapper : Neither @ContextConfiguration nor @ContextHierarchy found for test class [de.schauderhaft.beyond.bidiinternal.BiDiInternalApplicationTests], using SpringBootContextLoader
2026-04-09 15:37:52.930  INFO 74 --- [           main] o.s.t.c.support.AbstractContextLoader    : Could not detect default resource locations for test class [de.schauderhaft.beyond.bidiinternal.BiDiInternalApplicationTests]: no resource found for suffixes {-context.xml, Context.groovy}.
2026-04-09 15:37:52.930  INFO 74 --- [           main] t.c.s.AnnotationConfigContextLoaderUtils : Could not detect default configuration classes for test class [de.schauderhaft.beyond.bidiinternal.BiDiInternalApplicationTests]: BiDiInternalApplicationTests does not declare any static, non-private, non-final, nested classes annotated with @Configuration.
2026-04-09 15:37:52.933  INFO 74 --- [           main] .b.t.c.SpringBootTestContextBootstrapper : Found @SpringBootConfiguration de.schauderhaft.beyond.bidiinternal.BiDiInternalApplication for test class de.schauderhaft.beyond.bidiinternal.BiDiInternalApplicationTests
2026-04-09 15:37:52.934  INFO 74 --- [           main] .b.t.c.SpringBootTestContextBootstrapper : Loaded default TestExecutionListener class names from location [META-INF/spring.factories]: [org.springframework.boot.test.mock.mockito.MockitoTestExecutionListener, org.springframework.boot.test.mock.mockito.ResetMocksTestExecutionListener, org.springframework.boot.test.autoconfigure.restdocs.RestDocsTestExecutionListener, org.springframework.boot.test.autoconfigure.web.client.MockRestServiceServerResetTestExecutionListener, org.springframework.boot.test.autoconfigure.web.servlet.MockMvcPrintOnlyOnFailureTestExecutionListener, org.springframework.boot.test.autoconfigure.web.servlet.WebDriverTestExecutionListener, org.springframework.boot.test.autoconfigure.webservices.client.MockWebServiceServerTestExecutionListener, org.springframework.test.context.web.ServletTestExecutionListener, org.springframework.test.context.support.DirtiesContextBeforeModesTestExecutionListener, org.springframework.test.context.event.ApplicationEventsTestExecutionListener, org.springframework.test.context.support.DependencyInjectionTestExecutionListener, org.springframework.test.context.support.DirtiesContextTestExecutionListener, org.springframework.test.context.transaction.TransactionalTestExecutionListener, org.springframework.test.context.jdbc.SqlScriptsTestExecutionListener, org.springframework.test.context.event.EventPublishingTestExecutionListener]
2026-04-09 15:37:52.935  INFO 74 --- [           main] .b.t.c.SpringBootTestContextBootstrapper : Using TestExecutionListeners: [org.springframework.test.context.support.DirtiesContextBeforeModesTestExecutionListener@80b70fd, org.springframework.test.context.event.ApplicationEventsTestExecutionListener@5af7e2f, org.springframework.boot.test.mock.mockito.MockitoTestExecutionListener@2df24f19, org.springframework.boot.test.autoconfigure.SpringBootDependencyInjectionTestExecutionListener@c76762, org.springframework.test.context.support.DirtiesContextTestExecutionListener@5318731f, org.springframework.test.context.transaction.TransactionalTestExecutionListener@2db82155, org.springframework.test.context.jdbc.SqlScriptsTestExecutionListener@128d397c, org.springframework.test.context.event.EventPublishingTestExecutionListener@294ab038, org.springframework.boot.test.mock.mockito.ResetMocksTestExecutionListener@395abe85, org.springframework.boot.test.autoconfigure.restdocs.RestDocsTestExecutionListener@55849272, org.springframework.boot.test.autoconfigure.web.client.MockRestServiceServerResetTestExecutionListener@2eb91767, org.springframework.boot.test.autoconfigure.web.servlet.MockMvcPrintOnlyOnFailureTestExecutionListener@520eb9f8, org.springframework.boot.test.autoconfigure.web.servlet.WebDriverTestExecutionListener@3ecc9baa, org.springframework.boot.test.autoconfigure.webservices.client.MockWebServiceServerTestExecutionListener@4f2a9903]

  .   ____          _            __ _ _
 /\\ / ___'_ __ _ _(_)_ __  __ _ \ \ \ \
( ( )\___ | '_ | '_| | '_ \/ _` | \ \ \ \
 \\/  ___)| |_)| | | | | || (_| |  ) ) ) )
  '  |____| .__|_| |_|_| |_\__, | / / / /
 =========|_|==============|___/=/_/_/_/
 :: Spring Boot ::                (v2.4.3)

2026-04-09 15:37:52.945  INFO 74 --- [           main] d.s.b.b.BiDiInternalApplicationTests     : Starting BiDiInternalApplicationTests using Java 11.0.16 on 1374ed319fc1 with PID 74 (started by root in /app)
2026-04-09 15:37:52.945  INFO 74 --- [           main] d.s.b.b.BiDiInternalApplicationTests     : No active profile set, falling back to default profiles: default
2026-04-09 15:37:52.983  INFO 74 --- [           main] .s.d.r.c.RepositoryConfigurationDelegate : Bootstrapping Spring Data JDBC repositories in DEFAULT mode.
2026-04-09 15:37:52.985  INFO 74 --- [           main] .s.d.r.c.RepositoryConfigurationDelegate : Finished Spring Data repository scanning in 2 ms. Found 1 JDBC repository interfaces.
2026-04-09 15:37:53.019  INFO 74 --- [           main] com.zaxxer.hikari.HikariDataSource       : HikariPool-8 - Starting...
2026-04-09 15:37:53.021  INFO 74 --- [           main] com.zaxxer.hikari.HikariDataSource       : HikariPool-8 - Start completed.
2026-04-09 15:37:53.100  INFO 74 --- [           main] d.s.b.b.BiDiInternalApplicationTests     : Started BiDiInternalApplicationTests in 0.164 seconds (JVM running for 4.595)
2026-04-09 15:37:53.112 DEBUG 74 --- [           main] o.s.jdbc.core.JdbcTemplate               : Executing SQL update and returning generated keys
2026-04-09 15:37:53.112 DEBUG 74 --- [           main] o.s.jdbc.core.JdbcTemplate               : Executing prepared SQL statement [INSERT INTO "MINION" ("NAME") VALUES (?)]
2026-04-09 15:37:53.117 DEBUG 74 --- [           main] o.s.jdbc.core.JdbcTemplate               : Executing SQL update and returning generated keys
2026-04-09 15:37:53.117 DEBUG 74 --- [           main] o.s.jdbc.core.JdbcTemplate               : Executing prepared SQL statement [INSERT INTO "TOY" ("MINION", "NAME") VALUES (?, ?)]
2026-04-09 15:37:53.118 DEBUG 74 --- [           main] o.s.jdbc.core.JdbcTemplate               : Executing SQL update and returning generated keys
2026-04-09 15:37:53.118 DEBUG 74 --- [           main] o.s.jdbc.core.JdbcTemplate               : Executing prepared SQL statement [INSERT INTO "TOY" ("MINION", "NAME") VALUES (?, ?)]
2026-04-09 15:37:53.121 DEBUG 74 --- [           main] o.s.jdbc.core.JdbcTemplate               : Executing prepared SQL query
2026-04-09 15:37:53.121 DEBUG 74 --- [           main] o.s.jdbc.core.JdbcTemplate               : Executing prepared SQL statement [SELECT "MINION"."ID" AS "ID", "MINION"."NAME" AS "NAME" FROM "MINION" WHERE "MINION"."ID" = ?]
2026-04-09 15:37:53.126 DEBUG 74 --- [           main] o.s.jdbc.core.JdbcTemplate               : Executing prepared SQL query
2026-04-09 15:37:53.126 DEBUG 74 --- [           main] o.s.jdbc.core.JdbcTemplate               : Executing prepared SQL statement [SELECT "TOY"."NAME" AS "NAME" FROM "TOY" WHERE "TOY"."MINION" = ?]
I'm Tiger Duck and I'm a toy of Bob
I'm Dolphin and I'm a toy of Bob
[INFO] Tests run: 1, Failures: 0, Errors: 0, Skipped: 0, Time elapsed: 0.2 s - in de.schauderhaft.beyond.bidiinternal.BiDiInternalApplicationTests
[INFO] Running de.schauderhaft.beyond.bidirectional.BidirectionalApplicationTests
2026-04-09 15:37:53.132  INFO 74 --- [           main] .b.t.c.SpringBootTestContextBootstrapper : Neither @ContextConfiguration nor @ContextHierarchy found for test class [de.schauderhaft.beyond.bidirectional.BidirectionalApplicationTests], using SpringBootContextLoader
2026-04-09 15:37:53.133  INFO 74 --- [           main] o.s.t.c.support.AbstractContextLoader    : Could not detect default resource locations for test class [de.schauderhaft.beyond.bidirectional.BidirectionalApplicationTests]: no resource found for suffixes {-context.xml, Context.groovy}.
2026-04-09 15:37:53.133  INFO 74 --- [           main] t.c.s.AnnotationConfigContextLoaderUtils : Could not detect default configuration classes for test class [de.schauderhaft.beyond.bidirectional.BidirectionalApplicationTests]: BidirectionalApplicationTests does not declare any static, non-private, non-final, nested classes annotated with @Configuration.
2026-04-09 15:37:53.137  INFO 74 --- [           main] .b.t.c.SpringBootTestContextBootstrapper : Found @SpringBootConfiguration de.schauderhaft.beyond.bidirectional.BidirectionalApplication for test class de.schauderhaft.beyond.bidirectional.BidirectionalApplicationTests
2026-04-09 15:37:53.139  INFO 74 --- [           main] .b.t.c.SpringBootTestContextBootstrapper : Loaded default TestExecutionListener class names from location [META-INF/spring.factories]: [org.springframework.boot.test.mock.mockito.MockitoTestExecutionListener, org.springframework.boot.test.mock.mockito.ResetMocksTestExecutionListener, org.springframework.boot.test.autoconfigure.restdocs.RestDocsTestExecutionListener, org.springframework.boot.test.autoconfigure.web.client.MockRestServiceServerResetTestExecutionListener, org.springframework.boot.test.autoconfigure.web.servlet.MockMvcPrintOnlyOnFailureTestExecutionListener, org.springframework.boot.test.autoconfigure.web.servlet.WebDriverTestExecutionListener, org.springframework.boot.test.autoconfigure.webservices.client.MockWebServiceServerTestExecutionListener, org.springframework.test.context.web.ServletTestExecutionListener, org.springframework.test.context.support.DirtiesContextBeforeModesTestExecutionListener, org.springframework.test.context.event.ApplicationEventsTestExecutionListener, org.springframework.test.context.support.DependencyInjectionTestExecutionListener, org.springframework.test.context.support.DirtiesContextTestExecutionListener, org.springframework.test.context.transaction.TransactionalTestExecutionListener, org.springframework.test.context.jdbc.SqlScriptsTestExecutionListener, org.springframework.test.context.event.EventPublishingTestExecutionListener]
2026-04-09 15:37:53.140  INFO 74 --- [           main] .b.t.c.SpringBootTestContextBootstrapper : Using TestExecutionListeners: [org.springframework.test.context.support.DirtiesContextBeforeModesTestExecutionListener@21b3d356, org.springframework.test.context.event.ApplicationEventsTestExecutionListener@294b045b, org.springframework.boot.test.mock.mockito.MockitoTestExecutionListener@285ac29, org.springframework.boot.test.autoconfigure.SpringBootDependencyInjectionTestExecutionListener@1ced1d14, org.springframework.test.context.support.DirtiesContextTestExecutionListener@237b54bc, org.springframework.test.context.transaction.TransactionalTestExecutionListener@5263f554, org.springframework.test.context.jdbc.SqlScriptsTestExecutionListener@7d28efd5, org.springframework.test.context.event.EventPublishingTestExecutionListener@95958d9, org.springframework.boot.test.mock.mockito.ResetMocksTestExecutionListener@70fe33fa, org.springframework.boot.test.autoconfigure.restdocs.RestDocsTestExecutionListener@3dfaa1e4, org.springframework.boot.test.autoconfigure.web.client.MockRestServiceServerResetTestExecutionListener@796a7c9, org.springframework.boot.test.autoconfigure.web.servlet.MockMvcPrintOnlyOnFailureTestExecutionListener@44cab872, org.springframework.boot.test.autoconfigure.web.servlet.WebDriverTestExecutionListener@452a32f2, org.springframework.boot.test.autoconfigure.webservices.client.MockWebServiceServerTestExecutionListener@2db75e32]

  .   ____          _            __ _ _
 /\\ / ___'_ __ _ _(_)_ __  __ _ \ \ \ \
( ( )\___ | '_ | '_| | '_ \/ _` | \ \ \ \
 \\/  ___)| |_)| | | | | || (_| |  ) ) ) )
  '  |____| .__|_| |_|_| |_\__, | / / / /
 =========|_|==============|___/=/_/_/_/
 :: Spring Boot ::                (v2.4.3)

2026-04-09 15:37:53.157  INFO 74 --- [           main] d.s.b.b.BidirectionalApplicationTests    : Starting BidirectionalApplicationTests using Java 11.0.16 on 1374ed319fc1 with PID 74 (started by root in /app)
2026-04-09 15:37:53.158  INFO 74 --- [           main] d.s.b.b.BidirectionalApplicationTests    : No active profile set, falling back to default profiles: default
2026-04-09 15:37:53.204  INFO 74 --- [           main] .s.d.r.c.RepositoryConfigurationDelegate : Bootstrapping Spring Data JDBC repositories in DEFAULT mode.
2026-04-09 15:37:53.210  INFO 74 --- [           main] .s.d.r.c.RepositoryConfigurationDelegate : Finished Spring Data repository scanning in 5 ms. Found 2 JDBC repository interfaces.
2026-04-09 15:37:53.258  INFO 74 --- [           main] com.zaxxer.hikari.HikariDataSource       : HikariPool-9 - Starting...
2026-04-09 15:37:53.262  INFO 74 --- [           main] com.zaxxer.hikari.HikariDataSource       : HikariPool-9 - Start completed.
2026-04-09 15:37:53.339  INFO 74 --- [           main] d.s.b.b.BidirectionalApplicationTests    : Started BidirectionalApplicationTests in 0.196 seconds (JVM running for 4.834)
2026-04-09 15:37:53.348 DEBUG 74 --- [           main] o.s.jdbc.core.JdbcTemplate               : Executing SQL update and returning generated keys
2026-04-09 15:37:53.348 DEBUG 74 --- [           main] o.s.jdbc.core.JdbcTemplate               : Executing prepared SQL statement [INSERT INTO "PERSON" ("NAME") VALUES (?)]
2026-04-09 15:37:53.353 DEBUG 74 --- [           main] o.s.jdbc.core.JdbcTemplate               : Executing SQL update and returning generated keys
2026-04-09 15:37:53.353 DEBUG 74 --- [           main] o.s.jdbc.core.JdbcTemplate               : Executing prepared SQL statement [INSERT INTO "MINION" ("EVIL_MASTER", "NAME") VALUES (?, ?)]
2026-04-09 15:37:53.356 DEBUG 74 --- [           main] o.s.jdbc.core.JdbcTemplate               : Executing SQL update and returning generated keys
2026-04-09 15:37:53.356 DEBUG 74 --- [           main] o.s.jdbc.core.JdbcTemplate               : Executing prepared SQL statement [INSERT INTO "MINION" ("EVIL_MASTER", "NAME") VALUES (?, ?)]
2026-04-09 15:37:53.359 DEBUG 74 --- [           main] o.s.jdbc.core.JdbcTemplate               : Executing SQL update and returning generated keys
2026-04-09 15:37:53.359 DEBUG 74 --- [           main] o.s.jdbc.core.JdbcTemplate               : Executing prepared SQL statement [INSERT INTO "MINION" ("EVIL_MASTER", "NAME") VALUES (?, ?)]
2026-04-09 15:37:53.361 DEBUG 74 --- [           main] o.s.jdbc.core.JdbcTemplate               : Executing SQL update and returning generated keys
2026-04-09 15:37:53.361 DEBUG 74 --- [           main] o.s.jdbc.core.JdbcTemplate               : Executing prepared SQL statement [INSERT INTO "PERSON" ("NAME") VALUES (?)]
2026-04-09 15:37:53.363 DEBUG 74 --- [           main] o.s.jdbc.core.JdbcTemplate               : Executing SQL update and returning generated keys
2026-04-09 15:37:53.363 DEBUG 74 --- [           main] o.s.jdbc.core.JdbcTemplate               : Executing prepared SQL statement [INSERT INTO "MINION" ("EVIL_MASTER", "NAME") VALUES (?, ?)]
2026-04-09 15:37:53.366 DEBUG 74 --- [           main] o.s.jdbc.core.JdbcTemplate               : Executing prepared SQL query
2026-04-09 15:37:53.366 DEBUG 74 --- [           main] o.s.jdbc.core.JdbcTemplate               : Executing prepared SQL statement [select * from Minion where evil_master = ?]
[INFO] Tests run: 1, Failures: 0, Errors: 0, Skipped: 0, Time elapsed: 0.243 s - in de.schauderhaft.beyond.bidirectional.BidirectionalApplicationTests
[INFO] Running de.schauderhaft.beyond.join.JoinApplicationTests
2026-04-09 15:37:53.376  INFO 74 --- [           main] .b.t.c.SpringBootTestContextBootstrapper : Neither @ContextConfiguration nor @ContextHierarchy found for test class [de.schauderhaft.beyond.join.JoinApplicationTests], using SpringBootContextLoader
2026-04-09 15:37:53.377  INFO 74 --- [           main] o.s.t.c.support.AbstractContextLoader    : Could not detect default resource locations for test class [de.schauderhaft.beyond.join.JoinApplicationTests]: no resource found for suffixes {-context.xml, Context.groovy}.
2026-04-09 15:37:53.377  INFO 74 --- [           main] t.c.s.AnnotationConfigContextLoaderUtils : Could not detect default configuration classes for test class [de.schauderhaft.beyond.join.JoinApplicationTests]: JoinApplicationTests does not declare any static, non-private, non-final, nested classes annotated with @Configuration.
2026-04-09 15:37:53.380  INFO 74 --- [           main] .b.t.c.SpringBootTestContextBootstrapper : Found @SpringBootConfiguration de.schauderhaft.beyond.join.JoinApplication for test class de.schauderhaft.beyond.join.JoinApplicationTests
2026-04-09 15:37:53.382  INFO 74 --- [           main] .b.t.c.SpringBootTestContextBootstrapper : Loaded default TestExecutionListener class names from location [META-INF/spring.factories]: [org.springframework.boot.test.mock.mockito.MockitoTestExecutionListener, org.springframework.boot.test.mock.mockito.ResetMocksTestExecutionListener, org.springframework.boot.test.autoconfigure.restdocs.RestDocsTestExecutionListener, org.springframework.boot.test.autoconfigure.web.client.MockRestServiceServerResetTestExecutionListener, org.springframework.boot.test.autoconfigure.web.servlet.MockMvcPrintOnlyOnFailureTestExecutionListener, org.springframework.boot.test.autoconfigure.web.servlet.WebDriverTestExecutionListener, org.springframework.boot.test.autoconfigure.webservices.client.MockWebServiceServerTestExecutionListener, org.springframework.test.context.web.ServletTestExecutionListener, org.springframework.test.context.support.DirtiesContextBeforeModesTestExecutionListener, org.springframework.test.context.event.ApplicationEventsTestExecutionListener, org.springframework.test.context.support.DependencyInjectionTestExecutionListener, org.springframework.test.context.support.DirtiesContextTestExecutionListener, org.springframework.test.context.transaction.TransactionalTestExecutionListener, org.springframework.test.context.jdbc.SqlScriptsTestExecutionListener, org.springframework.test.context.event.EventPublishingTestExecutionListener]
2026-04-09 15:37:53.382  INFO 74 --- [           main] .b.t.c.SpringBootTestContextBootstrapper : Using TestExecutionListeners: [org.springframework.test.context.support.DirtiesContextBeforeModesTestExecutionListener@4cc4f6bd, org.springframework.test.context.event.ApplicationEventsTestExecutionListener@798753cc, org.springframework.boot.test.mock.mockito.MockitoTestExecutionListener@77262e71, org.springframework.boot.test.autoconfigure.SpringBootDependencyInjectionTestExecutionListener@77902ed6, org.springframework.test.context.support.DirtiesContextTestExecutionListener@1c0a4f87, org.springframework.test.context.transaction.TransactionalTestExecutionListener@5f5076f9, org.springframework.test.context.jdbc.SqlScriptsTestExecutionListener@19439ec4, org.springframework.test.context.event.EventPublishingTestExecutionListener@6f53f5a4, org.springframework.boot.test.mock.mockito.ResetMocksTestExecutionListener@21ebf9be, org.springframework.boot.test.autoconfigure.restdocs.RestDocsTestExecutionListener@7d50b4c4, org.springframework.boot.test.autoconfigure.web.client.MockRestServiceServerResetTestExecutionListener@7860a014, org.springframework.boot.test.autoconfigure.web.servlet.MockMvcPrintOnlyOnFailureTestExecutionListener@86e8469, org.springframework.boot.test.autoconfigure.web.servlet.WebDriverTestExecutionListener@76b6bad3, org.springframework.boot.test.autoconfigure.webservices.client.MockWebServiceServerTestExecutionListener@e38d655]

  .   ____          _            __ _ _
 /\\ / ___'_ __ _ _(_)_ __  __ _ \ \ \ \
( ( )\___ | '_ | '_| | '_ \/ _` | \ \ \ \
 \\/  ___)| |_)| | | | | || (_| |  ) ) ) )
  '  |____| .__|_| |_|_| |_\__, | / / / /
 =========|_|==============|___/=/_/_/_/
 :: Spring Boot ::                (v2.4.3)

2026-04-09 15:37:53.394  INFO 74 --- [           main] d.s.beyond.join.JoinApplicationTests     : Starting JoinApplicationTests using Java 11.0.16 on 1374ed319fc1 with PID 74 (started by root in /app)
2026-04-09 15:37:53.395  INFO 74 --- [           main] d.s.beyond.join.JoinApplicationTests     : No active profile set, falling back to default profiles: default
2026-04-09 15:37:53.435  INFO 74 --- [           main] .s.d.r.c.RepositoryConfigurationDelegate : Bootstrapping Spring Data JDBC repositories in DEFAULT mode.
2026-04-09 15:37:53.438  INFO 74 --- [           main] .s.d.r.c.RepositoryConfigurationDelegate : Finished Spring Data repository scanning in 2 ms. Found 2 JDBC repository interfaces.
2026-04-09 15:37:53.481  INFO 74 --- [           main] com.zaxxer.hikari.HikariDataSource       : HikariPool-10 - Starting...
2026-04-09 15:37:53.484  INFO 74 --- [           main] com.zaxxer.hikari.HikariDataSource       : HikariPool-10 - Start completed.
2026-04-09 15:37:53.559  INFO 74 --- [           main] d.s.beyond.join.JoinApplicationTests     : Started JoinApplicationTests in 0.174 seconds (JVM running for 5.054)
2026-04-09 15:37:53.566 DEBUG 74 --- [           main] o.s.jdbc.core.JdbcTemplate               : Executing SQL update and returning generated keys
2026-04-09 15:37:53.566 DEBUG 74 --- [           main] o.s.jdbc.core.JdbcTemplate               : Executing prepared SQL statement [INSERT INTO "PERSON" ("NAME") VALUES (?)]
2026-04-09 15:37:53.571 DEBUG 74 --- [           main] o.s.jdbc.core.JdbcTemplate               : Executing SQL update and returning generated keys
2026-04-09 15:37:53.571 DEBUG 74 --- [           main] o.s.jdbc.core.JdbcTemplate               : Executing prepared SQL statement [INSERT INTO "MINION" ("EVIL_MASTER", "NAME") VALUES (?, ?)]
2026-04-09 15:37:53.573 DEBUG 74 --- [           main] o.s.jdbc.core.JdbcTemplate               : Executing SQL update and returning generated keys
2026-04-09 15:37:53.573 DEBUG 74 --- [           main] o.s.jdbc.core.JdbcTemplate               : Executing prepared SQL statement [INSERT INTO "MINION" ("EVIL_MASTER", "NAME") VALUES (?, ?)]
2026-04-09 15:37:53.575 DEBUG 74 --- [           main] o.s.jdbc.core.JdbcTemplate               : Executing SQL update and returning generated keys
2026-04-09 15:37:53.575 DEBUG 74 --- [           main] o.s.jdbc.core.JdbcTemplate               : Executing prepared SQL statement [INSERT INTO "MINION" ("EVIL_MASTER", "NAME") VALUES (?, ?)]
2026-04-09 15:37:53.576 DEBUG 74 --- [           main] o.s.jdbc.core.JdbcTemplate               : Executing prepared SQL query
2026-04-09 15:37:53.576 DEBUG 74 --- [           main] o.s.jdbc.core.JdbcTemplate               : Executing prepared SQL statement [select m.id as id, m.name name, m.number_of_eyes as number_of_eyes, p.name as master_name, p.id as master_evil_master from minion m join person p on p.id = m.evil_master]
Bob - Gru
Kevin - Gru
Stuart - Gru
[INFO] Tests run: 1, Failures: 0, Errors: 0, Skipped: 0, Time elapsed: 0.207 s - in de.schauderhaft.beyond.join.JoinApplicationTests
[INFO] Running de.schauderhaft.beyond.idgeneration.IdGenerationApplicationTests
2026-04-09 15:37:53.586  INFO 74 --- [           main] .b.t.c.SpringBootTestContextBootstrapper : Neither @ContextConfiguration nor @ContextHierarchy found for test class [de.schauderhaft.beyond.idgeneration.IdGenerationApplicationTests], using SpringBootContextLoader
2026-04-09 15:37:53.586  INFO 74 --- [           main] o.s.t.c.support.AbstractContextLoader    : Could not detect default resource locations for test class [de.schauderhaft.beyond.idgeneration.IdGenerationApplicationTests]: no resource found for suffixes {-context.xml, Context.groovy}.
2026-04-09 15:37:53.586  INFO 74 --- [           main] t.c.s.AnnotationConfigContextLoaderUtils : Could not detect default configuration classes for test class [de.schauderhaft.beyond.idgeneration.IdGenerationApplicationTests]: IdGenerationApplicationTests does not declare any static, non-private, non-final, nested classes annotated with @Configuration.
2026-04-09 15:37:53.589  INFO 74 --- [           main] .b.t.c.SpringBootTestContextBootstrapper : Found @SpringBootConfiguration de.schauderhaft.beyond.idgeneration.IdGenerationApplication for test class de.schauderhaft.beyond.idgeneration.IdGenerationApplicationTests
2026-04-09 15:37:53.590  INFO 74 --- [           main] .b.t.c.SpringBootTestContextBootstrapper : Loaded default TestExecutionListener class names from location [META-INF/spring.factories]: [org.springframework.boot.test.mock.mockito.MockitoTestExecutionListener, org.springframework.boot.test.mock.mockito.ResetMocksTestExecutionListener, org.springframework.boot.test.autoconfigure.restdocs.RestDocsTestExecutionListener, org.springframework.boot.test.autoconfigure.web.client.MockRestServiceServerResetTestExecutionListener, org.springframework.boot.test.autoconfigure.web.servlet.MockMvcPrintOnlyOnFailureTestExecutionListener, org.springframework.boot.test.autoconfigure.web.servlet.WebDriverTestExecutionListener, org.springframework.boot.test.autoconfigure.webservices.client.MockWebServiceServerTestExecutionListener, org.springframework.test.context.web.ServletTestExecutionListener, org.springframework.test.context.support.DirtiesContextBeforeModesTestExecutionListener, org.springframework.test.context.event.ApplicationEventsTestExecutionListener, org.springframework.test.context.support.DependencyInjectionTestExecutionListener, org.springframework.test.context.support.DirtiesContextTestExecutionListener, org.springframework.test.context.transaction.TransactionalTestExecutionListener, org.springframework.test.context.jdbc.SqlScriptsTestExecutionListener, org.springframework.test.context.event.EventPublishingTestExecutionListener]
2026-04-09 15:37:53.591  INFO 74 --- [           main] .b.t.c.SpringBootTestContextBootstrapper : Using TestExecutionListeners: [org.springframework.test.context.support.DirtiesContextBeforeModesTestExecutionListener@53630682, org.springframework.test.context.event.ApplicationEventsTestExecutionListener@71e2ddd, org.springframework.boot.test.mock.mockito.MockitoTestExecutionListener@8318808, org.springframework.boot.test.autoconfigure.SpringBootDependencyInjectionTestExecutionListener@b97f195, org.springframework.test.context.support.DirtiesContextTestExecutionListener@408bb173, org.springframework.test.context.transaction.TransactionalTestExecutionListener@360d0c7a, org.springframework.test.context.jdbc.SqlScriptsTestExecutionListener@32f8a37b, org.springframework.test.context.event.EventPublishingTestExecutionListener@657e7e8, org.springframework.boot.test.mock.mockito.ResetMocksTestExecutionListener@1b4ade78, org.springframework.boot.test.autoconfigure.restdocs.RestDocsTestExecutionListener@45fa7fb7, org.springframework.boot.test.autoconfigure.web.client.MockRestServiceServerResetTestExecutionListener@32eeef08, org.springframework.boot.test.autoconfigure.web.servlet.MockMvcPrintOnlyOnFailureTestExecutionListener@bbf361a, org.springframework.boot.test.autoconfigure.web.servlet.WebDriverTestExecutionListener@46cb800b, org.springframework.boot.test.autoconfigure.webservices.client.MockWebServiceServerTestExecutionListener@505a48a2]

  .   ____          _            __ _ _
 /\\ / ___'_ __ _ _(_)_ __  __ _ \ \ \ \
( ( )\___ | '_ | '_| | '_ \/ _` | \ \ \ \
 \\/  ___)| |_)| | | | | || (_| |  ) ) ) )
  '  |____| .__|_| |_|_| |_\__, | / / / /
 =========|_|==============|___/=/_/_/_/
 :: Spring Boot ::                (v2.4.3)

2026-04-09 15:37:53.604  INFO 74 --- [           main] d.s.b.i.IdGenerationApplicationTests     : Starting IdGenerationApplicationTests using Java 11.0.16 on 1374ed319fc1 with PID 74 (started by root in /app)
2026-04-09 15:37:53.604  INFO 74 --- [           main] d.s.b.i.IdGenerationApplicationTests     : No active profile set, falling back to default profiles: default
2026-04-09 15:37:53.637  INFO 74 --- [           main] .s.d.r.c.RepositoryConfigurationDelegate : Bootstrapping Spring Data JDBC repositories in DEFAULT mode.
2026-04-09 15:37:53.640  INFO 74 --- [           main] .s.d.r.c.RepositoryConfigurationDelegate : Finished Spring Data repository scanning in 2 ms. Found 2 JDBC repository interfaces.
2026-04-09 15:37:53.680  INFO 74 --- [           main] com.zaxxer.hikari.HikariDataSource       : HikariPool-11 - Starting...
2026-04-09 15:37:53.682  INFO 74 --- [           main] com.zaxxer.hikari.HikariDataSource       : HikariPool-11 - Start completed.
2026-04-09 15:37:53.742  INFO 74 --- [           main] d.s.b.i.IdGenerationApplicationTests     : Started IdGenerationApplicationTests in 0.146 seconds (JVM running for 5.237)
2026-04-09 15:37:53.755 DEBUG 74 --- [           main] o.s.jdbc.core.JdbcTemplate               : Executing prepared SQL update
2026-04-09 15:37:53.755 DEBUG 74 --- [           main] o.s.jdbc.core.JdbcTemplate               : Executing prepared SQL statement [UPDATE "MINION" SET "NAME" = ? WHERE "MINION"."ID" = ?]
2026-04-09 15:37:53.763 DEBUG 74 --- [           main] o.s.jdbc.core.JdbcTemplate               : Executing SQL update and returning generated keys
2026-04-09 15:37:53.763 DEBUG 74 --- [           main] o.s.jdbc.core.JdbcTemplate               : Executing prepared SQL statement [INSERT INTO "MINION" ("ID", "NAME") VALUES (?, ?)]
2026-04-09 15:37:53.765 DEBUG 74 --- [           main] o.s.jdbc.core.JdbcTemplate               : Executing prepared SQL query
2026-04-09 15:37:53.765 DEBUG 74 --- [           main] o.s.jdbc.core.JdbcTemplate               : Executing prepared SQL statement [SELECT "MINION"."ID" AS "ID", "MINION"."NAME" AS "NAME" FROM "MINION" WHERE "MINION"."ID" = ?]
2026-04-09 15:37:53.778 DEBUG 74 --- [           main] o.s.jdbc.core.JdbcTemplate               : Executing SQL update and returning generated keys
2026-04-09 15:37:53.778 DEBUG 74 --- [           main] o.s.jdbc.core.JdbcTemplate               : Executing prepared SQL statement [INSERT INTO "MINION" ("NAME") VALUES (?)]
2026-04-09 15:37:53.786 DEBUG 74 --- [           main] o.s.jdbc.core.JdbcTemplate               : Executing SQL update and returning generated keys
2026-04-09 15:37:53.786 DEBUG 74 --- [           main] o.s.jdbc.core.JdbcTemplate               : Executing prepared SQL statement [INSERT INTO "STRING_ID_MINION" ("ID", "NAME") VALUES (?, ?)]
2026-04-09 15:37:53.790 DEBUG 74 --- [           main] o.s.jdbc.core.JdbcTemplate               : Executing prepared SQL query
2026-04-09 15:37:53.790 DEBUG 74 --- [           main] o.s.jdbc.core.JdbcTemplate               : Executing prepared SQL statement [SELECT "STRING_ID_MINION"."ID" AS "ID", "STRING_ID_MINION"."NAME" AS "NAME" FROM "STRING_ID_MINION" WHERE "STRING_ID_MINION"."ID" = ?]
[INFO] Tests run: 3, Failures: 0, Errors: 0, Skipped: 0, Time elapsed: 0.209 s - in de.schauderhaft.beyond.idgeneration.IdGenerationApplicationTests
2026-04-09 15:37:53.803  INFO 74 --- [extShutdownHook] com.zaxxer.hikari.HikariDataSource       : HikariPool-2 - Shutdown initiated...
2026-04-09 15:37:53.803  INFO 74 --- [extShutdownHook] com.zaxxer.hikari.HikariDataSource       : HikariPool-9 - Shutdown initiated...
2026-04-09 15:37:53.803  INFO 74 --- [extShutdownHook] com.zaxxer.hikari.HikariDataSource       : HikariPool-8 - Shutdown initiated...
2026-04-09 15:37:53.804  INFO 74 --- [extShutdownHook] com.zaxxer.hikari.HikariDataSource       : HikariPool-11 - Shutdown initiated...
2026-04-09 15:37:53.804  INFO 74 --- [extShutdownHook] com.zaxxer.hikari.HikariDataSource       : HikariPool-5 - Shutdown initiated...
2026-04-09 15:37:53.804  INFO 74 --- [extShutdownHook] com.zaxxer.hikari.HikariDataSource       : HikariPool-4 - Shutdown initiated...
2026-04-09 15:37:53.804  INFO 74 --- [extShutdownHook] com.zaxxer.hikari.HikariDataSource       : HikariPool-10 - Shutdown initiated...
2026-04-09 15:37:53.804  INFO 74 --- [extShutdownHook] com.zaxxer.hikari.HikariDataSource       : HikariPool-1 - Shutdown initiated...
2026-04-09 15:37:53.804  INFO 74 --- [extShutdownHook] com.zaxxer.hikari.HikariDataSource       : HikariPool-3 - Shutdown initiated...
2026-04-09 15:37:53.804  INFO 74 --- [extShutdownHook] com.zaxxer.hikari.HikariDataSource       : HikariPool-7 - Shutdown initiated...
2026-04-09 15:37:53.805  INFO 74 --- [extShutdownHook] com.zaxxer.hikari.HikariDataSource       : HikariPool-6 - Shutdown initiated...
2026-04-09 15:37:53.809  INFO 74 --- [extShutdownHook] com.zaxxer.hikari.HikariDataSource       : HikariPool-10 - Shutdown completed.
2026-04-09 15:37:53.809  INFO 74 --- [extShutdownHook] com.zaxxer.hikari.HikariDataSource       : HikariPool-5 - Shutdown completed.
2026-04-09 15:37:53.809  INFO 74 --- [extShutdownHook] com.zaxxer.hikari.HikariDataSource       : HikariPool-2 - Shutdown completed.
2026-04-09 15:37:53.809  INFO 74 --- [extShutdownHook] com.zaxxer.hikari.HikariDataSource       : HikariPool-9 - Shutdown completed.
2026-04-09 15:37:53.809  INFO 74 --- [extShutdownHook] com.zaxxer.hikari.HikariDataSource       : HikariPool-8 - Shutdown completed.
2026-04-09 15:37:53.809  INFO 74 --- [extShutdownHook] com.zaxxer.hikari.HikariDataSource       : HikariPool-3 - Shutdown completed.
2026-04-09 15:37:53.809  INFO 74 --- [extShutdownHook] com.zaxxer.hikari.HikariDataSource       : HikariPool-7 - Shutdown completed.
2026-04-09 15:37:53.810  INFO 74 --- [extShutdownHook] com.zaxxer.hikari.HikariDataSource       : HikariPool-6 - Shutdown completed.
2026-04-09 15:37:53.811  INFO 74 --- [extShutdownHook] com.zaxxer.hikari.HikariDataSource       : HikariPool-11 - Shutdown completed.
2026-04-09 15:37:53.811  INFO 74 --- [extShutdownHook] com.zaxxer.hikari.HikariDataSource       : HikariPool-1 - Shutdown completed.
2026-04-09 15:37:53.811  INFO 74 --- [extShutdownHook] com.zaxxer.hikari.HikariDataSource       : HikariPool-4 - Shutdown completed.
[INFO] 
[INFO] Results:
[INFO] 
[ERROR] Errors: 
[ERROR]   BiDiInternalApplication_main_13664135073.test:44 » IllegalArgument Args must n...
[ERROR]   Minion_addToy_3168271025.test:47 » NullPointer
[ERROR]   Minion_init_786089331.test:44 » InvocationTarget
[ERROR]   Minion_showYourToys_15312308096.test:45 » NullPointer
[ERROR]   Toy_sayHello_2306797993.test:44 » NullPointer
[ERROR]   BidirectionalApplication_main_20407002513.test:44 » IllegalArgument Args must ...
[ERROR]   CachingApplication_main_6834048293.test:44 » IllegalArgument Args must not be ...
[ERROR]   ConversionApplication_main_3730475173.test:44 » IllegalArgument Args must not ...
[ERROR]   JoinApplication_main_1169726433.test:44 » IllegalArgument Args must not be nul...
[INFO] 
[ERROR] Tests run: 56, Failures: 0, Errors: 9, Skipped: 0
[INFO] 
[ERROR] There are test failures.

Please refer to /app/target/surefire-reports for the individual test results.
Please refer to dump files (if any exist) [date].dump, [date]-jvmRun[N].dump and [date].dumpstream.
[INFO] 
[INFO] --- jacoco-maven-plugin:0.8.11:report (report) @ beyond ---
[INFO] Loading execution data file /app/target/jacoco.exec
[INFO] Analyzed bundle 'beyond' with 22 classes
[INFO] 
[INFO] --- jacoco-maven-plugin:0.8.11:report (default-cli) @ beyond ---
[INFO] Loading execution data file /app/target/jacoco.exec
[INFO] Analyzed bundle 'beyond' with 22 classes
[INFO] ------------------------------------------------------------------------
[INFO] BUILD SUCCESS
[INFO] ------------------------------------------------------------------------
[INFO] Total time:  8.224 s
[INFO] Finished at: 2026-04-09T15:37:54Z
[INFO] ------------------------------------------------------------------------
