[INFO] Scanning for projects...
[INFO] 
[INFO] -----------------------< de.schauderhaft:beyond >-----------------------
[INFO] Building beyond 0.0.1-SNAPSHOT
[INFO] --------------------------------[ jar ]---------------------------------
[INFO] 
[INFO] --- maven-clean-plugin:3.1.0:clean (default-clean) @ beyond ---
[INFO] Deleting /app/target
[INFO] 
[INFO] --- jacoco-maven-plugin:0.8.11:prepare-agent (default) @ beyond ---
[INFO] argLine set to -javaagent:/root/.m2/repository/org/jacoco/org.jacoco.agent/0.8.11/org.jacoco.agent-0.8.11-runtime.jar=destfile=/app/target/jacoco.exec
[INFO] 
[INFO] --- maven-resources-plugin:3.2.0:resources (default-resources) @ beyond ---
[INFO] Using 'UTF-8' encoding to copy filtered resources.
[INFO] Using 'UTF-8' encoding to copy filtered properties files.
[INFO] Copying 1 resource
[INFO] Copying 1 resource
[INFO] 
[INFO] --- maven-compiler-plugin:3.8.1:compile (default-compile) @ beyond ---
[INFO] Changes detected - recompiling the module!
[INFO] Compiling 29 source files to /app/target/classes
[INFO] 
[INFO] --- build-helper-maven-plugin:3.3.0:add-test-source (add-kex-test-source) @ beyond ---
[INFO] Test Source directory: /app/src/test/java/kex-tests added.
[INFO] 
[INFO] --- maven-resources-plugin:3.2.0:testResources (default-testResources) @ beyond ---
[INFO] Using 'UTF-8' encoding to copy filtered resources.
[INFO] Using 'UTF-8' encoding to copy filtered properties files.
[INFO] skip non existing resourceDirectory /app/src/test/resources
[INFO] 
[INFO] --- maven-compiler-plugin:3.8.1:testCompile (default-testCompile) @ beyond ---
[INFO] Changes detected - recompiling the module!
[INFO] Compiling 7 source files to /app/target/test-classes
[INFO] 
[INFO] --- maven-surefire-plugin:2.22.2:test (default-test) @ beyond ---
[INFO] 
[INFO] -------------------------------------------------------
[INFO]  T E S T S
[INFO] -------------------------------------------------------
[INFO] Running de.schauderhaft.beyond.caching.CachingApplicationTests
02:17:40.500 [main] DEBUG org.springframework.test.context.BootstrapUtils - Instantiating CacheAwareContextLoaderDelegate from class [org.springframework.test.context.cache.DefaultCacheAwareContextLoaderDelegate]
02:17:40.515 [main] DEBUG org.springframework.test.context.BootstrapUtils - Instantiating BootstrapContext using constructor [public org.springframework.test.context.support.DefaultBootstrapContext(java.lang.Class,org.springframework.test.context.CacheAwareContextLoaderDelegate)]
02:17:40.563 [main] DEBUG org.springframework.test.context.BootstrapUtils - Instantiating TestContextBootstrapper for test class [de.schauderhaft.beyond.caching.CachingApplicationTests] from class [org.springframework.boot.test.context.SpringBootTestContextBootstrapper]
02:17:40.578 [main] INFO org.springframework.boot.test.context.SpringBootTestContextBootstrapper - Neither @ContextConfiguration nor @ContextHierarchy found for test class [de.schauderhaft.beyond.caching.CachingApplicationTests], using SpringBootContextLoader
02:17:40.584 [main] DEBUG org.springframework.test.context.support.AbstractContextLoader - Did not detect default resource location for test class [de.schauderhaft.beyond.caching.CachingApplicationTests]: class path resource [de/schauderhaft/beyond/caching/CachingApplicationTests-context.xml] does not exist
02:17:40.584 [main] DEBUG org.springframework.test.context.support.AbstractContextLoader - Did not detect default resource location for test class [de.schauderhaft.beyond.caching.CachingApplicationTests]: class path resource [de/schauderhaft/beyond/caching/CachingApplicationTestsContext.groovy] does not exist
02:17:40.584 [main] INFO org.springframework.test.context.support.AbstractContextLoader - Could not detect default resource locations for test class [de.schauderhaft.beyond.caching.CachingApplicationTests]: no resource found for suffixes {-context.xml, Context.groovy}.
02:17:40.585 [main] INFO org.springframework.test.context.support.AnnotationConfigContextLoaderUtils - Could not detect default configuration classes for test class [de.schauderhaft.beyond.caching.CachingApplicationTests]: CachingApplicationTests does not declare any static, non-private, non-final, nested classes annotated with @Configuration.
02:17:40.631 [main] DEBUG org.springframework.test.context.support.ActiveProfilesUtils - Could not find an 'annotation declaring class' for annotation type [org.springframework.test.context.ActiveProfiles] and class [de.schauderhaft.beyond.caching.CachingApplicationTests]
02:17:40.707 [main] DEBUG org.springframework.context.annotation.ClassPathScanningCandidateComponentProvider - Identified candidate component class: file [/app/target/classes/de/schauderhaft/beyond/caching/CachingApplication.class]
02:17:40.712 [main] INFO org.springframework.boot.test.context.SpringBootTestContextBootstrapper - Found @SpringBootConfiguration de.schauderhaft.beyond.caching.CachingApplication for test class de.schauderhaft.beyond.caching.CachingApplicationTests
02:17:40.820 [main] DEBUG org.springframework.boot.test.context.SpringBootTestContextBootstrapper - @TestExecutionListeners is not present for class [de.schauderhaft.beyond.caching.CachingApplicationTests]: using defaults.
02:17:40.821 [main] INFO org.springframework.boot.test.context.SpringBootTestContextBootstrapper - Loaded default TestExecutionListener class names from location [META-INF/spring.factories]: [org.springframework.boot.test.mock.mockito.MockitoTestExecutionListener, org.springframework.boot.test.mock.mockito.ResetMocksTestExecutionListener, org.springframework.boot.test.autoconfigure.restdocs.RestDocsTestExecutionListener, org.springframework.boot.test.autoconfigure.web.client.MockRestServiceServerResetTestExecutionListener, org.springframework.boot.test.autoconfigure.web.servlet.MockMvcPrintOnlyOnFailureTestExecutionListener, org.springframework.boot.test.autoconfigure.web.servlet.WebDriverTestExecutionListener, org.springframework.boot.test.autoconfigure.webservices.client.MockWebServiceServerTestExecutionListener, org.springframework.test.context.web.ServletTestExecutionListener, org.springframework.test.context.support.DirtiesContextBeforeModesTestExecutionListener, org.springframework.test.context.event.ApplicationEventsTestExecutionListener, org.springframework.test.context.support.DependencyInjectionTestExecutionListener, org.springframework.test.context.support.DirtiesContextTestExecutionListener, org.springframework.test.context.transaction.TransactionalTestExecutionListener, org.springframework.test.context.jdbc.SqlScriptsTestExecutionListener, org.springframework.test.context.event.EventPublishingTestExecutionListener]
02:17:40.833 [main] DEBUG org.springframework.boot.test.context.SpringBootTestContextBootstrapper - Skipping candidate TestExecutionListener [org.springframework.test.context.web.ServletTestExecutionListener] due to a missing dependency. Specify custom listener classes or make the default listener classes and their required dependencies available. Offending class: [javax/servlet/ServletContext]
02:17:40.843 [main] INFO org.springframework.boot.test.context.SpringBootTestContextBootstrapper - Using TestExecutionListeners: [org.springframework.test.context.support.DirtiesContextBeforeModesTestExecutionListener@1592e540, org.springframework.test.context.event.ApplicationEventsTestExecutionListener@3e2772a9, org.springframework.boot.test.mock.mockito.MockitoTestExecutionListener@4449b273, org.springframework.boot.test.autoconfigure.SpringBootDependencyInjectionTestExecutionListener@1fa18f87, org.springframework.test.context.support.DirtiesContextTestExecutionListener@1d9bd1d6, org.springframework.test.context.transaction.TransactionalTestExecutionListener@18ac4af6, org.springframework.test.context.jdbc.SqlScriptsTestExecutionListener@117fb9ba, org.springframework.test.context.event.EventPublishingTestExecutionListener@2b1d1a5, org.springframework.boot.test.mock.mockito.ResetMocksTestExecutionListener@41e7a544, org.springframework.boot.test.autoconfigure.restdocs.RestDocsTestExecutionListener@3b66ac74, org.springframework.boot.test.autoconfigure.web.client.MockRestServiceServerResetTestExecutionListener@573870cb, org.springframework.boot.test.autoconfigure.web.servlet.MockMvcPrintOnlyOnFailureTestExecutionListener@5b88af70, org.springframework.boot.test.autoconfigure.web.servlet.WebDriverTestExecutionListener@2739ecc0, org.springframework.boot.test.autoconfigure.webservices.client.MockWebServiceServerTestExecutionListener@2932e15f]
02:17:40.847 [main] DEBUG org.springframework.test.context.support.AbstractDirtiesContextTestExecutionListener - Before test class: context [DefaultTestContext@6143b2b1 testClass = CachingApplicationTests, testInstance = [null], testMethod = [null], testException = [null], mergedContextConfiguration = [MergedContextConfiguration@a63643e testClass = CachingApplicationTests, locations = '{}', classes = '{class de.schauderhaft.beyond.caching.CachingApplication}', contextInitializerClasses = '[]', activeProfiles = '{}', propertySourceLocations = '{}', propertySourceProperties = '{org.springframework.boot.test.context.SpringBootTestContextBootstrapper=true}', contextCustomizers = set[org.springframework.boot.test.context.filter.ExcludeFilterContextCustomizer@4640195a, org.springframework.boot.test.json.DuplicateJsonObjectContextCustomizerFactory$DuplicateJsonObjectContextCustomizer@3cc30dee, org.springframework.boot.test.mock.mockito.MockitoContextCustomizer@0, org.springframework.boot.test.web.client.TestRestTemplateContextCustomizer@2d2b6960, org.springframework.boot.test.autoconfigure.actuate.metrics.MetricsExportContextCustomizerFactory$DisableMetricExportContextCustomizer@5f7eee96, org.springframework.boot.test.autoconfigure.properties.PropertyMappingContextCustomizer@0, org.springframework.boot.test.autoconfigure.web.servlet.WebDriverContextCustomizerFactory$Customizer@70029d2d, org.springframework.boot.test.context.SpringBootTestArgs@1, org.springframework.boot.test.context.SpringBootTestWebEnvironment@51850751], contextLoader = 'org.springframework.boot.test.context.SpringBootContextLoader', parent = [null]], attributes = map[[empty]]], class annotated with @DirtiesContext [false] with mode [null].
02:17:40.861 [main] DEBUG org.springframework.test.context.support.DependencyInjectionTestExecutionListener - Performing dependency injection for test context [[DefaultTestContext@6143b2b1 testClass = CachingApplicationTests, testInstance = de.schauderhaft.beyond.caching.CachingApplicationTests@6487f7f8, testMethod = [null], testException = [null], mergedContextConfiguration = [MergedContextConfiguration@a63643e testClass = CachingApplicationTests, locations = '{}', classes = '{class de.schauderhaft.beyond.caching.CachingApplication}', contextInitializerClasses = '[]', activeProfiles = '{}', propertySourceLocations = '{}', propertySourceProperties = '{org.springframework.boot.test.context.SpringBootTestContextBootstrapper=true}', contextCustomizers = set[org.springframework.boot.test.context.filter.ExcludeFilterContextCustomizer@4640195a, org.springframework.boot.test.json.DuplicateJsonObjectContextCustomizerFactory$DuplicateJsonObjectContextCustomizer@3cc30dee, org.springframework.boot.test.mock.mockito.MockitoContextCustomizer@0, org.springframework.boot.test.web.client.TestRestTemplateContextCustomizer@2d2b6960, org.springframework.boot.test.autoconfigure.actuate.metrics.MetricsExportContextCustomizerFactory$DisableMetricExportContextCustomizer@5f7eee96, org.springframework.boot.test.autoconfigure.properties.PropertyMappingContextCustomizer@0, org.springframework.boot.test.autoconfigure.web.servlet.WebDriverContextCustomizerFactory$Customizer@70029d2d, org.springframework.boot.test.context.SpringBootTestArgs@1, org.springframework.boot.test.context.SpringBootTestWebEnvironment@51850751], contextLoader = 'org.springframework.boot.test.context.SpringBootContextLoader', parent = [null]], attributes = map['org.springframework.test.context.event.ApplicationEventsTestExecutionListener.recordApplicationEvents' -> false]]].
02:17:40.887 [main] DEBUG org.springframework.test.context.support.TestPropertySourceUtils - Adding inlined properties to environment: {spring.jmx.enabled=false, org.springframework.boot.test.context.SpringBootTestContextBootstrapper=true}

  .   ____          _            __ _ _
 /\\ / ___'_ __ _ _(_)_ __  __ _ \ \ \ \
( ( )\___ | '_ | '_| | '_ \/ _` | \ \ \ \
 \\/  ___)| |_)| | | | | || (_| |  ) ) ) )
  '  |____| .__|_| |_|_| |_\__, | / / / /
 =========|_|==============|___/=/_/_/_/
 :: Spring Boot ::                (v2.4.3)

2026-04-08 02:17:41.190  INFO 69 --- [           main] d.s.b.caching.CachingApplicationTests    : Starting CachingApplicationTests using Java 11.0.16 on 14867778bd9f with PID 69 (started by root in /app)
2026-04-08 02:17:41.192  INFO 69 --- [           main] d.s.b.caching.CachingApplicationTests    : No active profile set, falling back to default profiles: default
2026-04-08 02:17:41.544  INFO 69 --- [           main] .s.d.r.c.RepositoryConfigurationDelegate : Bootstrapping Spring Data JDBC repositories in DEFAULT mode.
2026-04-08 02:17:41.593  INFO 69 --- [           main] .s.d.r.c.RepositoryConfigurationDelegate : Finished Spring Data repository scanning in 45 ms. Found 2 JDBC repository interfaces.
2026-04-08 02:17:41.887  INFO 69 --- [           main] com.zaxxer.hikari.HikariDataSource       : HikariPool-1 - Starting...
2026-04-08 02:17:42.111  INFO 69 --- [           main] com.zaxxer.hikari.HikariDataSource       : HikariPool-1 - Start completed.
2026-04-08 02:17:42.478  INFO 69 --- [           main] d.s.b.caching.CachingApplicationTests    : Started CachingApplicationTests in 1.588 seconds (JVM running for 2.631)
2026-04-08 02:17:42.805 DEBUG 69 --- [           main] o.s.jdbc.core.JdbcTemplate               : Executing SQL update and returning generated keys
2026-04-08 02:17:42.806 DEBUG 69 --- [           main] o.s.jdbc.core.JdbcTemplate               : Executing prepared SQL statement [INSERT INTO "COLOR" ("NAME") VALUES (?)]
2026-04-08 02:17:42.834 DEBUG 69 --- [           main] o.s.jdbc.core.JdbcTemplate               : Executing SQL update and returning generated keys
2026-04-08 02:17:42.834 DEBUG 69 --- [           main] o.s.jdbc.core.JdbcTemplate               : Executing prepared SQL statement [INSERT INTO "COLOR" ("NAME") VALUES (?)]
2026-04-08 02:17:42.843 DEBUG 69 --- [           main] o.s.jdbc.core.JdbcTemplate               : Executing SQL update and returning generated keys
2026-04-08 02:17:42.843 DEBUG 69 --- [           main] o.s.jdbc.core.JdbcTemplate               : Executing prepared SQL statement [INSERT INTO "MINION" ("COLOR", "NAME", "NUMBER_OF_EYES", "VERSION") VALUES (?, ?, ?, ?)]
2026-04-08 02:17:42.847 DEBUG 69 --- [           main] o.s.jdbc.core.JdbcTemplate               : Executing SQL update and returning generated keys
2026-04-08 02:17:42.847 DEBUG 69 --- [           main] o.s.jdbc.core.JdbcTemplate               : Executing prepared SQL statement [INSERT INTO "MINION" ("COLOR", "NAME", "NUMBER_OF_EYES", "VERSION") VALUES (?, ?, ?, ?)]
2026-04-08 02:17:42.849 DEBUG 69 --- [           main] o.s.jdbc.core.JdbcTemplate               : Executing SQL update and returning generated keys
2026-04-08 02:17:42.849 DEBUG 69 --- [           main] o.s.jdbc.core.JdbcTemplate               : Executing prepared SQL statement [INSERT INTO "MINION" ("COLOR", "NAME", "NUMBER_OF_EYES", "VERSION") VALUES (?, ?, ?, ?)]
2026-04-08 02:17:42.851 DEBUG 69 --- [           main] o.s.jdbc.core.JdbcTemplate               : Executing SQL update and returning generated keys
2026-04-08 02:17:42.851 DEBUG 69 --- [           main] o.s.jdbc.core.JdbcTemplate               : Executing prepared SQL statement [INSERT INTO "MINION" ("COLOR", "NAME", "NUMBER_OF_EYES", "VERSION") VALUES (?, ?, ?, ?)]
2026-04-08 02:17:42.853 DEBUG 69 --- [           main] o.s.jdbc.core.JdbcTemplate               : Executing SQL update and returning generated keys
2026-04-08 02:17:42.853 DEBUG 69 --- [           main] o.s.jdbc.core.JdbcTemplate               : Executing prepared SQL statement [INSERT INTO "MINION" ("COLOR", "NAME", "NUMBER_OF_EYES", "VERSION") VALUES (?, ?, ?, ?)]
2026-04-08 02:17:42.855 DEBUG 69 --- [           main] o.s.jdbc.core.JdbcTemplate               : Executing SQL update and returning generated keys
2026-04-08 02:17:42.855 DEBUG 69 --- [           main] o.s.jdbc.core.JdbcTemplate               : Executing prepared SQL statement [INSERT INTO "MINION" ("COLOR", "NAME", "NUMBER_OF_EYES", "VERSION") VALUES (?, ?, ?, ?)]
2026-04-08 02:17:42.857 DEBUG 69 --- [           main] o.s.jdbc.core.JdbcTemplate               : Executing SQL update and returning generated keys
2026-04-08 02:17:42.857 DEBUG 69 --- [           main] o.s.jdbc.core.JdbcTemplate               : Executing prepared SQL statement [INSERT INTO "MINION" ("COLOR", "NAME", "NUMBER_OF_EYES", "VERSION") VALUES (?, ?, ?, ?)]
2026-04-08 02:17:42.859 DEBUG 69 --- [           main] o.s.jdbc.core.JdbcTemplate               : Executing SQL update and returning generated keys
2026-04-08 02:17:42.859 DEBUG 69 --- [           main] o.s.jdbc.core.JdbcTemplate               : Executing prepared SQL statement [INSERT INTO "MINION" ("COLOR", "NAME", "NUMBER_OF_EYES", "VERSION") VALUES (?, ?, ?, ?)]
2026-04-08 02:17:42.861 DEBUG 69 --- [           main] o.s.jdbc.core.JdbcTemplate               : Executing SQL update and returning generated keys
2026-04-08 02:17:42.861 DEBUG 69 --- [           main] o.s.jdbc.core.JdbcTemplate               : Executing prepared SQL statement [INSERT INTO "MINION" ("COLOR", "NAME", "NUMBER_OF_EYES", "VERSION") VALUES (?, ?, ?, ?)]
2026-04-08 02:17:42.863 DEBUG 69 --- [           main] o.s.jdbc.core.JdbcTemplate               : Executing SQL update and returning generated keys
2026-04-08 02:17:42.864 DEBUG 69 --- [           main] o.s.jdbc.core.JdbcTemplate               : Executing prepared SQL statement [INSERT INTO "MINION" ("COLOR", "NAME", "NUMBER_OF_EYES", "VERSION") VALUES (?, ?, ?, ?)]
2026-04-08 02:17:42.866 DEBUG 69 --- [           main] o.s.jdbc.core.JdbcTemplate               : Executing SQL update and returning generated keys
2026-04-08 02:17:42.866 DEBUG 69 --- [           main] o.s.jdbc.core.JdbcTemplate               : Executing prepared SQL statement [INSERT INTO "MINION" ("COLOR", "NAME", "NUMBER_OF_EYES", "VERSION") VALUES (?, ?, ?, ?)]
2026-04-08 02:17:42.869 DEBUG 69 --- [           main] o.s.jdbc.core.JdbcTemplate               : Executing SQL update and returning generated keys
2026-04-08 02:17:42.869 DEBUG 69 --- [           main] o.s.jdbc.core.JdbcTemplate               : Executing prepared SQL statement [INSERT INTO "MINION" ("COLOR", "NAME", "NUMBER_OF_EYES", "VERSION") VALUES (?, ?, ?, ?)]
2026-04-08 02:17:42.885 DEBUG 69 --- [           main] o.s.jdbc.core.JdbcTemplate               : Executing prepared SQL query
2026-04-08 02:17:42.885 DEBUG 69 --- [           main] o.s.jdbc.core.JdbcTemplate               : Executing prepared SQL statement [SELECT "MINION"."ID" AS "ID", "MINION"."NAME" AS "NAME", "MINION"."COLOR" AS "COLOR", "MINION"."VERSION" AS "VERSION", "MINION"."NUMBER_OF_EYES" AS "NUMBER_OF_EYES" FROM "MINION"]
2026-04-08 02:17:42.905 DEBUG 69 --- [           main] o.s.jdbc.core.JdbcTemplate               : Executing prepared SQL query
2026-04-08 02:17:42.906 DEBUG 69 --- [           main] o.s.jdbc.core.JdbcTemplate               : Executing prepared SQL statement [SELECT "COLOR"."ID" AS "ID", "COLOR"."NAME" AS "NAME" FROM "COLOR" WHERE "COLOR"."ID" = ?]
2026-04-08 02:17:42.911 DEBUG 69 --- [           main] o.s.jdbc.core.JdbcTemplate               : Executing prepared SQL query
2026-04-08 02:17:42.911 DEBUG 69 --- [           main] o.s.jdbc.core.JdbcTemplate               : Executing prepared SQL statement [SELECT "COLOR"."ID" AS "ID", "COLOR"."NAME" AS "NAME" FROM "COLOR" WHERE "COLOR"."ID" = ?]
[INFO] Tests run: 1, Failures: 0, Errors: 0, Skipped: 0, Time elapsed: 2.545 s - in de.schauderhaft.beyond.caching.CachingApplicationTests
[INFO] Running de.schauderhaft.beyond.conversion.ConversionTest
{"appearance":{"d":"d-value","c":"c-value"},"personality":{"a":"a-value","b":"b-value"}}
[INFO] Tests run: 1, Failures: 0, Errors: 0, Skipped: 0, Time elapsed: 0 s - in de.schauderhaft.beyond.conversion.ConversionTest
[INFO] Running de.schauderhaft.beyond.conversion.ConversionApplicationTests
2026-04-08 02:17:42.986  INFO 69 --- [           main] .b.t.c.SpringBootTestContextBootstrapper : Neither @ContextConfiguration nor @ContextHierarchy found for test class [de.schauderhaft.beyond.conversion.ConversionApplicationTests], using SpringBootContextLoader
2026-04-08 02:17:42.986  INFO 69 --- [           main] o.s.t.c.support.AbstractContextLoader    : Could not detect default resource locations for test class [de.schauderhaft.beyond.conversion.ConversionApplicationTests]: no resource found for suffixes {-context.xml, Context.groovy}.
2026-04-08 02:17:42.986  INFO 69 --- [           main] t.c.s.AnnotationConfigContextLoaderUtils : Could not detect default configuration classes for test class [de.schauderhaft.beyond.conversion.ConversionApplicationTests]: ConversionApplicationTests does not declare any static, non-private, non-final, nested classes annotated with @Configuration.
2026-04-08 02:17:42.991  INFO 69 --- [           main] .b.t.c.SpringBootTestContextBootstrapper : Found @SpringBootConfiguration de.schauderhaft.beyond.conversion.ConversionApplication for test class de.schauderhaft.beyond.conversion.ConversionApplicationTests
2026-04-08 02:17:42.993  INFO 69 --- [           main] .b.t.c.SpringBootTestContextBootstrapper : Loaded default TestExecutionListener class names from location [META-INF/spring.factories]: [org.springframework.boot.test.mock.mockito.MockitoTestExecutionListener, org.springframework.boot.test.mock.mockito.ResetMocksTestExecutionListener, org.springframework.boot.test.autoconfigure.restdocs.RestDocsTestExecutionListener, org.springframework.boot.test.autoconfigure.web.client.MockRestServiceServerResetTestExecutionListener, org.springframework.boot.test.autoconfigure.web.servlet.MockMvcPrintOnlyOnFailureTestExecutionListener, org.springframework.boot.test.autoconfigure.web.servlet.WebDriverTestExecutionListener, org.springframework.boot.test.autoconfigure.webservices.client.MockWebServiceServerTestExecutionListener, org.springframework.test.context.web.ServletTestExecutionListener, org.springframework.test.context.support.DirtiesContextBeforeModesTestExecutionListener, org.springframework.test.context.event.ApplicationEventsTestExecutionListener, org.springframework.test.context.support.DependencyInjectionTestExecutionListener, org.springframework.test.context.support.DirtiesContextTestExecutionListener, org.springframework.test.context.transaction.TransactionalTestExecutionListener, org.springframework.test.context.jdbc.SqlScriptsTestExecutionListener, org.springframework.test.context.event.EventPublishingTestExecutionListener]
2026-04-08 02:17:42.994  INFO 69 --- [           main] .b.t.c.SpringBootTestContextBootstrapper : Using TestExecutionListeners: [org.springframework.test.context.support.DirtiesContextBeforeModesTestExecutionListener@7e0e9a2d, org.springframework.test.context.event.ApplicationEventsTestExecutionListener@6f22b35e, org.springframework.boot.test.mock.mockito.MockitoTestExecutionListener@73e4e754, org.springframework.boot.test.autoconfigure.SpringBootDependencyInjectionTestExecutionListener@20bbc924, org.springframework.test.context.support.DirtiesContextTestExecutionListener@2aeef0ec, org.springframework.test.context.transaction.TransactionalTestExecutionListener@50ac0eac, org.springframework.test.context.jdbc.SqlScriptsTestExecutionListener@4a68daa, org.springframework.test.context.event.EventPublishingTestExecutionListener@7a2a96f3, org.springframework.boot.test.mock.mockito.ResetMocksTestExecutionListener@271e60ca, org.springframework.boot.test.autoconfigure.restdocs.RestDocsTestExecutionListener@1777d3eb, org.springframework.boot.test.autoconfigure.web.client.MockRestServiceServerResetTestExecutionListener@278cd772, org.springframework.boot.test.autoconfigure.web.servlet.MockMvcPrintOnlyOnFailureTestExecutionListener@93f507e, org.springframework.boot.test.autoconfigure.web.servlet.WebDriverTestExecutionListener@5df369a3, org.springframework.boot.test.autoconfigure.webservices.client.MockWebServiceServerTestExecutionListener@7432017d]

  .   ____          _            __ _ _
 /\\ / ___'_ __ _ _(_)_ __  __ _ \ \ \ \
( ( )\___ | '_ | '_| | '_ \/ _` | \ \ \ \
 \\/  ___)| |_)| | | | | || (_| |  ) ) ) )
  '  |____| .__|_| |_|_| |_\__, | / / / /
 =========|_|==============|___/=/_/_/_/
 :: Spring Boot ::                (v2.4.3)

2026-04-08 02:17:43.012  INFO 69 --- [           main] d.s.b.c.ConversionApplicationTests       : Starting ConversionApplicationTests using Java 11.0.16 on 14867778bd9f with PID 69 (started by root in /app)
2026-04-08 02:17:43.013  INFO 69 --- [           main] d.s.b.c.ConversionApplicationTests       : No active profile set, falling back to default profiles: default
2026-04-08 02:17:43.091  INFO 69 --- [           main] .s.d.r.c.RepositoryConfigurationDelegate : Bootstrapping Spring Data JDBC repositories in DEFAULT mode.
2026-04-08 02:17:43.095  INFO 69 --- [           main] .s.d.r.c.RepositoryConfigurationDelegate : Finished Spring Data repository scanning in 3 ms. Found 1 JDBC repository interfaces.
2026-04-08 02:17:43.144  WARN 69 --- [           main] o.s.data.convert.CustomConversions       : Registering converter from class de.schauderhaft.beyond.conversion.Description to class org.springframework.data.jdbc.core.convert.JdbcValue as writing converter although it doesn't convert to a store-supported type! You might want to check your annotation setup at the converter implementation.
2026-04-08 02:17:43.182  INFO 69 --- [           main] com.zaxxer.hikari.HikariDataSource       : HikariPool-2 - Starting...
2026-04-08 02:17:43.185  INFO 69 --- [           main] com.zaxxer.hikari.HikariDataSource       : HikariPool-2 - Start completed.
2026-04-08 02:17:43.268  INFO 69 --- [           main] d.s.b.c.ConversionApplicationTests       : Started ConversionApplicationTests in 0.271 seconds (JVM running for 3.421)
2026-04-08 02:17:43.279 DEBUG 69 --- [           main] o.s.jdbc.core.JdbcTemplate               : Executing SQL update and returning generated keys
2026-04-08 02:17:43.279 DEBUG 69 --- [           main] o.s.jdbc.core.JdbcTemplate               : Executing prepared SQL statement [INSERT INTO "MINION" ("DESCRIPTION", "NAME") VALUES (?, ?)]
2026-04-08 02:17:43.282 DEBUG 69 --- [           main] o.s.jdbc.core.JdbcTemplate               : Executing prepared SQL query
2026-04-08 02:17:43.283 DEBUG 69 --- [           main] o.s.jdbc.core.JdbcTemplate               : Executing prepared SQL statement [SELECT "MINION"."ID" AS "ID", "MINION"."NAME" AS "NAME", "MINION"."DESCRIPTION" AS "DESCRIPTION" FROM "MINION" WHERE "MINION"."ID" = ?]
enjoys bedtime stories
character childish
loves Poochy
favorite-stuffed-animal Tim
[INFO] Tests run: 1, Failures: 0, Errors: 0, Skipped: 0, Time elapsed: 0.299 s - in de.schauderhaft.beyond.conversion.ConversionApplicationTests
[INFO] Running de.schauderhaft.beyond.bidiinternal.BiDiInternalApplicationTests
2026-04-08 02:17:43.293  INFO 69 --- [           main] .b.t.c.SpringBootTestContextBootstrapper : Neither @ContextConfiguration nor @ContextHierarchy found for test class [de.schauderhaft.beyond.bidiinternal.BiDiInternalApplicationTests], using SpringBootContextLoader
2026-04-08 02:17:43.293  INFO 69 --- [           main] o.s.t.c.support.AbstractContextLoader    : Could not detect default resource locations for test class [de.schauderhaft.beyond.bidiinternal.BiDiInternalApplicationTests]: no resource found for suffixes {-context.xml, Context.groovy}.
2026-04-08 02:17:43.293  INFO 69 --- [           main] t.c.s.AnnotationConfigContextLoaderUtils : Could not detect default configuration classes for test class [de.schauderhaft.beyond.bidiinternal.BiDiInternalApplicationTests]: BiDiInternalApplicationTests does not declare any static, non-private, non-final, nested classes annotated with @Configuration.
2026-04-08 02:17:43.297  INFO 69 --- [           main] .b.t.c.SpringBootTestContextBootstrapper : Found @SpringBootConfiguration de.schauderhaft.beyond.bidiinternal.BiDiInternalApplication for test class de.schauderhaft.beyond.bidiinternal.BiDiInternalApplicationTests
2026-04-08 02:17:43.298  INFO 69 --- [           main] .b.t.c.SpringBootTestContextBootstrapper : Loaded default TestExecutionListener class names from location [META-INF/spring.factories]: [org.springframework.boot.test.mock.mockito.MockitoTestExecutionListener, org.springframework.boot.test.mock.mockito.ResetMocksTestExecutionListener, org.springframework.boot.test.autoconfigure.restdocs.RestDocsTestExecutionListener, org.springframework.boot.test.autoconfigure.web.client.MockRestServiceServerResetTestExecutionListener, org.springframework.boot.test.autoconfigure.web.servlet.MockMvcPrintOnlyOnFailureTestExecutionListener, org.springframework.boot.test.autoconfigure.web.servlet.WebDriverTestExecutionListener, org.springframework.boot.test.autoconfigure.webservices.client.MockWebServiceServerTestExecutionListener, org.springframework.test.context.web.ServletTestExecutionListener, org.springframework.test.context.support.DirtiesContextBeforeModesTestExecutionListener, org.springframework.test.context.event.ApplicationEventsTestExecutionListener, org.springframework.test.context.support.DependencyInjectionTestExecutionListener, org.springframework.test.context.support.DirtiesContextTestExecutionListener, org.springframework.test.context.transaction.TransactionalTestExecutionListener, org.springframework.test.context.jdbc.SqlScriptsTestExecutionListener, org.springframework.test.context.event.EventPublishingTestExecutionListener]
2026-04-08 02:17:43.299  INFO 69 --- [           main] .b.t.c.SpringBootTestContextBootstrapper : Using TestExecutionListeners: [org.springframework.test.context.support.DirtiesContextBeforeModesTestExecutionListener@1f39ec0, org.springframework.test.context.event.ApplicationEventsTestExecutionListener@13c4c036, org.springframework.boot.test.mock.mockito.MockitoTestExecutionListener@3968ed31, org.springframework.boot.test.autoconfigure.SpringBootDependencyInjectionTestExecutionListener@18d2b233, org.springframework.test.context.support.DirtiesContextTestExecutionListener@54a3a77, org.springframework.test.context.transaction.TransactionalTestExecutionListener@303a8f98, org.springframework.test.context.jdbc.SqlScriptsTestExecutionListener@4e45fdcb, org.springframework.test.context.event.EventPublishingTestExecutionListener@430b8d1a, org.springframework.boot.test.mock.mockito.ResetMocksTestExecutionListener@17c68e8e, org.springframework.boot.test.autoconfigure.restdocs.RestDocsTestExecutionListener@73e495a1, org.springframework.boot.test.autoconfigure.web.client.MockRestServiceServerResetTestExecutionListener@12ae85b3, org.springframework.boot.test.autoconfigure.web.servlet.MockMvcPrintOnlyOnFailureTestExecutionListener@d52b9a1, org.springframework.boot.test.autoconfigure.web.servlet.WebDriverTestExecutionListener@2e43e47b, org.springframework.boot.test.autoconfigure.webservices.client.MockWebServiceServerTestExecutionListener@79dd358f]

  .   ____          _            __ _ _
 /\\ / ___'_ __ _ _(_)_ __  __ _ \ \ \ \
( ( )\___ | '_ | '_| | '_ \/ _` | \ \ \ \
 \\/  ___)| |_)| | | | | || (_| |  ) ) ) )
  '  |____| .__|_| |_|_| |_\__, | / / / /
 =========|_|==============|___/=/_/_/_/
 :: Spring Boot ::                (v2.4.3)

2026-04-08 02:17:43.315  INFO 69 --- [           main] d.s.b.b.BiDiInternalApplicationTests     : Starting BiDiInternalApplicationTests using Java 11.0.16 on 14867778bd9f with PID 69 (started by root in /app)
2026-04-08 02:17:43.316  INFO 69 --- [           main] d.s.b.b.BiDiInternalApplicationTests     : No active profile set, falling back to default profiles: default
2026-04-08 02:17:43.367  INFO 69 --- [           main] .s.d.r.c.RepositoryConfigurationDelegate : Bootstrapping Spring Data JDBC repositories in DEFAULT mode.
2026-04-08 02:17:43.370  INFO 69 --- [           main] .s.d.r.c.RepositoryConfigurationDelegate : Finished Spring Data repository scanning in 3 ms. Found 1 JDBC repository interfaces.
2026-04-08 02:17:43.422  INFO 69 --- [           main] com.zaxxer.hikari.HikariDataSource       : HikariPool-3 - Starting...
2026-04-08 02:17:43.425  INFO 69 --- [           main] com.zaxxer.hikari.HikariDataSource       : HikariPool-3 - Start completed.
2026-04-08 02:17:43.512  INFO 69 --- [           main] d.s.b.b.BiDiInternalApplicationTests     : Started BiDiInternalApplicationTests in 0.211 seconds (JVM running for 3.665)
2026-04-08 02:17:43.526 DEBUG 69 --- [           main] o.s.jdbc.core.JdbcTemplate               : Executing SQL update and returning generated keys
2026-04-08 02:17:43.527 DEBUG 69 --- [           main] o.s.jdbc.core.JdbcTemplate               : Executing prepared SQL statement [INSERT INTO "MINION" ("NAME") VALUES (?)]
2026-04-08 02:17:43.532 DEBUG 69 --- [           main] o.s.jdbc.core.JdbcTemplate               : Executing SQL update and returning generated keys
2026-04-08 02:17:43.532 DEBUG 69 --- [           main] o.s.jdbc.core.JdbcTemplate               : Executing prepared SQL statement [INSERT INTO "TOY" ("MINION", "NAME") VALUES (?, ?)]
2026-04-08 02:17:43.533 DEBUG 69 --- [           main] o.s.jdbc.core.JdbcTemplate               : Executing SQL update and returning generated keys
2026-04-08 02:17:43.533 DEBUG 69 --- [           main] o.s.jdbc.core.JdbcTemplate               : Executing prepared SQL statement [INSERT INTO "TOY" ("MINION", "NAME") VALUES (?, ?)]
2026-04-08 02:17:43.535 DEBUG 69 --- [           main] o.s.jdbc.core.JdbcTemplate               : Executing prepared SQL query
2026-04-08 02:17:43.536 DEBUG 69 --- [           main] o.s.jdbc.core.JdbcTemplate               : Executing prepared SQL statement [SELECT "MINION"."ID" AS "ID", "MINION"."NAME" AS "NAME" FROM "MINION" WHERE "MINION"."ID" = ?]
2026-04-08 02:17:43.539 DEBUG 69 --- [           main] o.s.jdbc.core.JdbcTemplate               : Executing prepared SQL query
2026-04-08 02:17:43.540 DEBUG 69 --- [           main] o.s.jdbc.core.JdbcTemplate               : Executing prepared SQL statement [SELECT "TOY"."NAME" AS "NAME" FROM "TOY" WHERE "TOY"."MINION" = ?]
I'm Dolphin and I'm a toy of Bob
I'm Tiger Duck and I'm a toy of Bob
[INFO] Tests run: 1, Failures: 0, Errors: 0, Skipped: 0, Time elapsed: 0.256 s - in de.schauderhaft.beyond.bidiinternal.BiDiInternalApplicationTests
[INFO] Running de.schauderhaft.beyond.bidirectional.BidirectionalApplicationTests
2026-04-08 02:17:43.552  INFO 69 --- [           main] .b.t.c.SpringBootTestContextBootstrapper : Neither @ContextConfiguration nor @ContextHierarchy found for test class [de.schauderhaft.beyond.bidirectional.BidirectionalApplicationTests], using SpringBootContextLoader
2026-04-08 02:17:43.552  INFO 69 --- [           main] o.s.t.c.support.AbstractContextLoader    : Could not detect default resource locations for test class [de.schauderhaft.beyond.bidirectional.BidirectionalApplicationTests]: no resource found for suffixes {-context.xml, Context.groovy}.
2026-04-08 02:17:43.553  INFO 69 --- [           main] t.c.s.AnnotationConfigContextLoaderUtils : Could not detect default configuration classes for test class [de.schauderhaft.beyond.bidirectional.BidirectionalApplicationTests]: BidirectionalApplicationTests does not declare any static, non-private, non-final, nested classes annotated with @Configuration.
2026-04-08 02:17:43.557  INFO 69 --- [           main] .b.t.c.SpringBootTestContextBootstrapper : Found @SpringBootConfiguration de.schauderhaft.beyond.bidirectional.BidirectionalApplication for test class de.schauderhaft.beyond.bidirectional.BidirectionalApplicationTests
2026-04-08 02:17:43.558  INFO 69 --- [           main] .b.t.c.SpringBootTestContextBootstrapper : Loaded default TestExecutionListener class names from location [META-INF/spring.factories]: [org.springframework.boot.test.mock.mockito.MockitoTestExecutionListener, org.springframework.boot.test.mock.mockito.ResetMocksTestExecutionListener, org.springframework.boot.test.autoconfigure.restdocs.RestDocsTestExecutionListener, org.springframework.boot.test.autoconfigure.web.client.MockRestServiceServerResetTestExecutionListener, org.springframework.boot.test.autoconfigure.web.servlet.MockMvcPrintOnlyOnFailureTestExecutionListener, org.springframework.boot.test.autoconfigure.web.servlet.WebDriverTestExecutionListener, org.springframework.boot.test.autoconfigure.webservices.client.MockWebServiceServerTestExecutionListener, org.springframework.test.context.web.ServletTestExecutionListener, org.springframework.test.context.support.DirtiesContextBeforeModesTestExecutionListener, org.springframework.test.context.event.ApplicationEventsTestExecutionListener, org.springframework.test.context.support.DependencyInjectionTestExecutionListener, org.springframework.test.context.support.DirtiesContextTestExecutionListener, org.springframework.test.context.transaction.TransactionalTestExecutionListener, org.springframework.test.context.jdbc.SqlScriptsTestExecutionListener, org.springframework.test.context.event.EventPublishingTestExecutionListener]
2026-04-08 02:17:43.558  INFO 69 --- [           main] .b.t.c.SpringBootTestContextBootstrapper : Using TestExecutionListeners: [org.springframework.test.context.support.DirtiesContextBeforeModesTestExecutionListener@125cda06, org.springframework.test.context.event.ApplicationEventsTestExecutionListener@40f5d58b, org.springframework.boot.test.mock.mockito.MockitoTestExecutionListener@4b85d4ca, org.springframework.boot.test.autoconfigure.SpringBootDependencyInjectionTestExecutionListener@ac52e35, org.springframework.test.context.support.DirtiesContextTestExecutionListener@7e3d5981, org.springframework.test.context.transaction.TransactionalTestExecutionListener@100a9240, org.springframework.test.context.jdbc.SqlScriptsTestExecutionListener@75cc270f, org.springframework.test.context.event.EventPublishingTestExecutionListener@56db1b05, org.springframework.boot.test.mock.mockito.ResetMocksTestExecutionListener@423ea10e, org.springframework.boot.test.autoconfigure.restdocs.RestDocsTestExecutionListener@662b39b, org.springframework.boot.test.autoconfigure.web.client.MockRestServiceServerResetTestExecutionListener@12821807, org.springframework.boot.test.autoconfigure.web.servlet.MockMvcPrintOnlyOnFailureTestExecutionListener@1c8f2a61, org.springframework.boot.test.autoconfigure.web.servlet.WebDriverTestExecutionListener@2b8ece2f, org.springframework.boot.test.autoconfigure.webservices.client.MockWebServiceServerTestExecutionListener@38635eae]

  .   ____          _            __ _ _
 /\\ / ___'_ __ _ _(_)_ __  __ _ \ \ \ \
( ( )\___ | '_ | '_| | '_ \/ _` | \ \ \ \
 \\/  ___)| |_)| | | | | || (_| |  ) ) ) )
  '  |____| .__|_| |_|_| |_\__, | / / / /
 =========|_|==============|___/=/_/_/_/
 :: Spring Boot ::                (v2.4.3)

2026-04-08 02:17:43.573  INFO 69 --- [           main] d.s.b.b.BidirectionalApplicationTests    : Starting BidirectionalApplicationTests using Java 11.0.16 on 14867778bd9f with PID 69 (started by root in /app)
2026-04-08 02:17:43.574  INFO 69 --- [           main] d.s.b.b.BidirectionalApplicationTests    : No active profile set, falling back to default profiles: default
2026-04-08 02:17:43.624  INFO 69 --- [           main] .s.d.r.c.RepositoryConfigurationDelegate : Bootstrapping Spring Data JDBC repositories in DEFAULT mode.
2026-04-08 02:17:43.629  INFO 69 --- [           main] .s.d.r.c.RepositoryConfigurationDelegate : Finished Spring Data repository scanning in 4 ms. Found 2 JDBC repository interfaces.
2026-04-08 02:17:43.679  INFO 69 --- [           main] com.zaxxer.hikari.HikariDataSource       : HikariPool-4 - Starting...
2026-04-08 02:17:43.682  INFO 69 --- [           main] com.zaxxer.hikari.HikariDataSource       : HikariPool-4 - Start completed.
2026-04-08 02:17:43.772  INFO 69 --- [           main] d.s.b.b.BidirectionalApplicationTests    : Started BidirectionalApplicationTests in 0.211 seconds (JVM running for 3.924)
2026-04-08 02:17:43.783 DEBUG 69 --- [           main] o.s.jdbc.core.JdbcTemplate               : Executing SQL update and returning generated keys
2026-04-08 02:17:43.784 DEBUG 69 --- [           main] o.s.jdbc.core.JdbcTemplate               : Executing prepared SQL statement [INSERT INTO "PERSON" ("NAME") VALUES (?)]
2026-04-08 02:17:43.789 DEBUG 69 --- [           main] o.s.jdbc.core.JdbcTemplate               : Executing SQL update and returning generated keys
2026-04-08 02:17:43.789 DEBUG 69 --- [           main] o.s.jdbc.core.JdbcTemplate               : Executing prepared SQL statement [INSERT INTO "MINION" ("EVIL_MASTER", "NAME") VALUES (?, ?)]
2026-04-08 02:17:43.792 DEBUG 69 --- [           main] o.s.jdbc.core.JdbcTemplate               : Executing SQL update and returning generated keys
2026-04-08 02:17:43.792 DEBUG 69 --- [           main] o.s.jdbc.core.JdbcTemplate               : Executing prepared SQL statement [INSERT INTO "MINION" ("EVIL_MASTER", "NAME") VALUES (?, ?)]
2026-04-08 02:17:43.794 DEBUG 69 --- [           main] o.s.jdbc.core.JdbcTemplate               : Executing SQL update and returning generated keys
2026-04-08 02:17:43.794 DEBUG 69 --- [           main] o.s.jdbc.core.JdbcTemplate               : Executing prepared SQL statement [INSERT INTO "MINION" ("EVIL_MASTER", "NAME") VALUES (?, ?)]
2026-04-08 02:17:43.795 DEBUG 69 --- [           main] o.s.jdbc.core.JdbcTemplate               : Executing SQL update and returning generated keys
2026-04-08 02:17:43.795 DEBUG 69 --- [           main] o.s.jdbc.core.JdbcTemplate               : Executing prepared SQL statement [INSERT INTO "PERSON" ("NAME") VALUES (?)]
2026-04-08 02:17:43.796 DEBUG 69 --- [           main] o.s.jdbc.core.JdbcTemplate               : Executing SQL update and returning generated keys
2026-04-08 02:17:43.797 DEBUG 69 --- [           main] o.s.jdbc.core.JdbcTemplate               : Executing prepared SQL statement [INSERT INTO "MINION" ("EVIL_MASTER", "NAME") VALUES (?, ?)]
2026-04-08 02:17:43.799 DEBUG 69 --- [           main] o.s.jdbc.core.JdbcTemplate               : Executing prepared SQL query
2026-04-08 02:17:43.799 DEBUG 69 --- [           main] o.s.jdbc.core.JdbcTemplate               : Executing prepared SQL statement [select * from Minion where evil_master = ?]
[INFO] Tests run: 1, Failures: 0, Errors: 0, Skipped: 0, Time elapsed: 0.258 s - in de.schauderhaft.beyond.bidirectional.BidirectionalApplicationTests
[INFO] Running de.schauderhaft.beyond.join.JoinApplicationTests
2026-04-08 02:17:43.810  INFO 69 --- [           main] .b.t.c.SpringBootTestContextBootstrapper : Neither @ContextConfiguration nor @ContextHierarchy found for test class [de.schauderhaft.beyond.join.JoinApplicationTests], using SpringBootContextLoader
2026-04-08 02:17:43.811  INFO 69 --- [           main] o.s.t.c.support.AbstractContextLoader    : Could not detect default resource locations for test class [de.schauderhaft.beyond.join.JoinApplicationTests]: no resource found for suffixes {-context.xml, Context.groovy}.
2026-04-08 02:17:43.811  INFO 69 --- [           main] t.c.s.AnnotationConfigContextLoaderUtils : Could not detect default configuration classes for test class [de.schauderhaft.beyond.join.JoinApplicationTests]: JoinApplicationTests does not declare any static, non-private, non-final, nested classes annotated with @Configuration.
2026-04-08 02:17:43.814  INFO 69 --- [           main] .b.t.c.SpringBootTestContextBootstrapper : Found @SpringBootConfiguration de.schauderhaft.beyond.join.JoinApplication for test class de.schauderhaft.beyond.join.JoinApplicationTests
2026-04-08 02:17:43.815  INFO 69 --- [           main] .b.t.c.SpringBootTestContextBootstrapper : Loaded default TestExecutionListener class names from location [META-INF/spring.factories]: [org.springframework.boot.test.mock.mockito.MockitoTestExecutionListener, org.springframework.boot.test.mock.mockito.ResetMocksTestExecutionListener, org.springframework.boot.test.autoconfigure.restdocs.RestDocsTestExecutionListener, org.springframework.boot.test.autoconfigure.web.client.MockRestServiceServerResetTestExecutionListener, org.springframework.boot.test.autoconfigure.web.servlet.MockMvcPrintOnlyOnFailureTestExecutionListener, org.springframework.boot.test.autoconfigure.web.servlet.WebDriverTestExecutionListener, org.springframework.boot.test.autoconfigure.webservices.client.MockWebServiceServerTestExecutionListener, org.springframework.test.context.web.ServletTestExecutionListener, org.springframework.test.context.support.DirtiesContextBeforeModesTestExecutionListener, org.springframework.test.context.event.ApplicationEventsTestExecutionListener, org.springframework.test.context.support.DependencyInjectionTestExecutionListener, org.springframework.test.context.support.DirtiesContextTestExecutionListener, org.springframework.test.context.transaction.TransactionalTestExecutionListener, org.springframework.test.context.jdbc.SqlScriptsTestExecutionListener, org.springframework.test.context.event.EventPublishingTestExecutionListener]
2026-04-08 02:17:43.815  INFO 69 --- [           main] .b.t.c.SpringBootTestContextBootstrapper : Using TestExecutionListeners: [org.springframework.test.context.support.DirtiesContextBeforeModesTestExecutionListener@206d0229, org.springframework.test.context.event.ApplicationEventsTestExecutionListener@1b82dc49, org.springframework.boot.test.mock.mockito.MockitoTestExecutionListener@250be230, org.springframework.boot.test.autoconfigure.SpringBootDependencyInjectionTestExecutionListener@5c0a0c03, org.springframework.test.context.support.DirtiesContextTestExecutionListener@143e31e1, org.springframework.test.context.transaction.TransactionalTestExecutionListener@19d3c7bb, org.springframework.test.context.jdbc.SqlScriptsTestExecutionListener@6333acd3, org.springframework.test.context.event.EventPublishingTestExecutionListener@6f55dea2, org.springframework.boot.test.mock.mockito.ResetMocksTestExecutionListener@a015b90, org.springframework.boot.test.autoconfigure.restdocs.RestDocsTestExecutionListener@de8bb74, org.springframework.boot.test.autoconfigure.web.client.MockRestServiceServerResetTestExecutionListener@7343cb2e, org.springframework.boot.test.autoconfigure.web.servlet.MockMvcPrintOnlyOnFailureTestExecutionListener@3222ab2a, org.springframework.boot.test.autoconfigure.web.servlet.WebDriverTestExecutionListener@327fbb25, org.springframework.boot.test.autoconfigure.webservices.client.MockWebServiceServerTestExecutionListener@7a849505]

  .   ____          _            __ _ _
 /\\ / ___'_ __ _ _(_)_ __  __ _ \ \ \ \
( ( )\___ | '_ | '_| | '_ \/ _` | \ \ \ \
 \\/  ___)| |_)| | | | | || (_| |  ) ) ) )
  '  |____| .__|_| |_|_| |_\__, | / / / /
 =========|_|==============|___/=/_/_/_/
 :: Spring Boot ::                (v2.4.3)

2026-04-08 02:17:43.826  INFO 69 --- [           main] d.s.beyond.join.JoinApplicationTests     : Starting JoinApplicationTests using Java 11.0.16 on 14867778bd9f with PID 69 (started by root in /app)
2026-04-08 02:17:43.826  INFO 69 --- [           main] d.s.beyond.join.JoinApplicationTests     : No active profile set, falling back to default profiles: default
2026-04-08 02:17:43.862  INFO 69 --- [           main] .s.d.r.c.RepositoryConfigurationDelegate : Bootstrapping Spring Data JDBC repositories in DEFAULT mode.
2026-04-08 02:17:43.866  INFO 69 --- [           main] .s.d.r.c.RepositoryConfigurationDelegate : Finished Spring Data repository scanning in 3 ms. Found 2 JDBC repository interfaces.
2026-04-08 02:17:43.902  INFO 69 --- [           main] com.zaxxer.hikari.HikariDataSource       : HikariPool-5 - Starting...
2026-04-08 02:17:43.905  INFO 69 --- [           main] com.zaxxer.hikari.HikariDataSource       : HikariPool-5 - Start completed.
2026-04-08 02:17:43.978  INFO 69 --- [           main] d.s.beyond.join.JoinApplicationTests     : Started JoinApplicationTests in 0.161 seconds (JVM running for 4.131)
2026-04-08 02:17:43.985 DEBUG 69 --- [           main] o.s.jdbc.core.JdbcTemplate               : Executing SQL update and returning generated keys
2026-04-08 02:17:43.985 DEBUG 69 --- [           main] o.s.jdbc.core.JdbcTemplate               : Executing prepared SQL statement [INSERT INTO "PERSON" ("NAME") VALUES (?)]
2026-04-08 02:17:43.989 DEBUG 69 --- [           main] o.s.jdbc.core.JdbcTemplate               : Executing SQL update and returning generated keys
2026-04-08 02:17:43.989 DEBUG 69 --- [           main] o.s.jdbc.core.JdbcTemplate               : Executing prepared SQL statement [INSERT INTO "MINION" ("EVIL_MASTER", "NAME") VALUES (?, ?)]
2026-04-08 02:17:43.991 DEBUG 69 --- [           main] o.s.jdbc.core.JdbcTemplate               : Executing SQL update and returning generated keys
2026-04-08 02:17:43.991 DEBUG 69 --- [           main] o.s.jdbc.core.JdbcTemplate               : Executing prepared SQL statement [INSERT INTO "MINION" ("EVIL_MASTER", "NAME") VALUES (?, ?)]
2026-04-08 02:17:43.993 DEBUG 69 --- [           main] o.s.jdbc.core.JdbcTemplate               : Executing SQL update and returning generated keys
2026-04-08 02:17:43.993 DEBUG 69 --- [           main] o.s.jdbc.core.JdbcTemplate               : Executing prepared SQL statement [INSERT INTO "MINION" ("EVIL_MASTER", "NAME") VALUES (?, ?)]
2026-04-08 02:17:43.994 DEBUG 69 --- [           main] o.s.jdbc.core.JdbcTemplate               : Executing prepared SQL query
2026-04-08 02:17:43.995 DEBUG 69 --- [           main] o.s.jdbc.core.JdbcTemplate               : Executing prepared SQL statement [select m.id as id, m.name name, m.number_of_eyes as number_of_eyes, p.name as master_name, p.id as master_evil_master from minion m join person p on p.id = m.evil_master]
Bob - Gru
Kevin - Gru
Stuart - Gru
[INFO] Tests run: 1, Failures: 0, Errors: 0, Skipped: 0, Time elapsed: 0.191 s - in de.schauderhaft.beyond.join.JoinApplicationTests
[INFO] Running de.schauderhaft.beyond.idgeneration.IdGenerationApplicationTests
2026-04-08 02:17:44.004  INFO 69 --- [           main] .b.t.c.SpringBootTestContextBootstrapper : Neither @ContextConfiguration nor @ContextHierarchy found for test class [de.schauderhaft.beyond.idgeneration.IdGenerationApplicationTests], using SpringBootContextLoader
2026-04-08 02:17:44.004  INFO 69 --- [           main] o.s.t.c.support.AbstractContextLoader    : Could not detect default resource locations for test class [de.schauderhaft.beyond.idgeneration.IdGenerationApplicationTests]: no resource found for suffixes {-context.xml, Context.groovy}.
2026-04-08 02:17:44.004  INFO 69 --- [           main] t.c.s.AnnotationConfigContextLoaderUtils : Could not detect default configuration classes for test class [de.schauderhaft.beyond.idgeneration.IdGenerationApplicationTests]: IdGenerationApplicationTests does not declare any static, non-private, non-final, nested classes annotated with @Configuration.
2026-04-08 02:17:44.009  INFO 69 --- [           main] .b.t.c.SpringBootTestContextBootstrapper : Found @SpringBootConfiguration de.schauderhaft.beyond.idgeneration.IdGenerationApplication for test class de.schauderhaft.beyond.idgeneration.IdGenerationApplicationTests
2026-04-08 02:17:44.011  INFO 69 --- [           main] .b.t.c.SpringBootTestContextBootstrapper : Loaded default TestExecutionListener class names from location [META-INF/spring.factories]: [org.springframework.boot.test.mock.mockito.MockitoTestExecutionListener, org.springframework.boot.test.mock.mockito.ResetMocksTestExecutionListener, org.springframework.boot.test.autoconfigure.restdocs.RestDocsTestExecutionListener, org.springframework.boot.test.autoconfigure.web.client.MockRestServiceServerResetTestExecutionListener, org.springframework.boot.test.autoconfigure.web.servlet.MockMvcPrintOnlyOnFailureTestExecutionListener, org.springframework.boot.test.autoconfigure.web.servlet.WebDriverTestExecutionListener, org.springframework.boot.test.autoconfigure.webservices.client.MockWebServiceServerTestExecutionListener, org.springframework.test.context.web.ServletTestExecutionListener, org.springframework.test.context.support.DirtiesContextBeforeModesTestExecutionListener, org.springframework.test.context.event.ApplicationEventsTestExecutionListener, org.springframework.test.context.support.DependencyInjectionTestExecutionListener, org.springframework.test.context.support.DirtiesContextTestExecutionListener, org.springframework.test.context.transaction.TransactionalTestExecutionListener, org.springframework.test.context.jdbc.SqlScriptsTestExecutionListener, org.springframework.test.context.event.EventPublishingTestExecutionListener]
2026-04-08 02:17:44.011  INFO 69 --- [           main] .b.t.c.SpringBootTestContextBootstrapper : Using TestExecutionListeners: [org.springframework.test.context.support.DirtiesContextBeforeModesTestExecutionListener@43974a2c, org.springframework.test.context.event.ApplicationEventsTestExecutionListener@2df3d037, org.springframework.boot.test.mock.mockito.MockitoTestExecutionListener@585c49c8, org.springframework.boot.test.autoconfigure.SpringBootDependencyInjectionTestExecutionListener@dff7591, org.springframework.test.context.support.DirtiesContextTestExecutionListener@74c08828, org.springframework.test.context.transaction.TransactionalTestExecutionListener@47019cef, org.springframework.test.context.jdbc.SqlScriptsTestExecutionListener@7d299fce, org.springframework.test.context.event.EventPublishingTestExecutionListener@b0c2e07, org.springframework.boot.test.mock.mockito.ResetMocksTestExecutionListener@7bfd7686, org.springframework.boot.test.autoconfigure.restdocs.RestDocsTestExecutionListener@30d06bf2, org.springframework.boot.test.autoconfigure.web.client.MockRestServiceServerResetTestExecutionListener@1b655c9, org.springframework.boot.test.autoconfigure.web.servlet.MockMvcPrintOnlyOnFailureTestExecutionListener@6b202fee, org.springframework.boot.test.autoconfigure.web.servlet.WebDriverTestExecutionListener@7b792d4a, org.springframework.boot.test.autoconfigure.webservices.client.MockWebServiceServerTestExecutionListener@4845562c]

  .   ____          _            __ _ _
 /\\ / ___'_ __ _ _(_)_ __  __ _ \ \ \ \
( ( )\___ | '_ | '_| | '_ \/ _` | \ \ \ \
 \\/  ___)| |_)| | | | | || (_| |  ) ) ) )
  '  |____| .__|_| |_|_| |_\__, | / / / /
 =========|_|==============|___/=/_/_/_/
 :: Spring Boot ::                (v2.4.3)

2026-04-08 02:17:44.021  INFO 69 --- [           main] d.s.b.i.IdGenerationApplicationTests     : Starting IdGenerationApplicationTests using Java 11.0.16 on 14867778bd9f with PID 69 (started by root in /app)
2026-04-08 02:17:44.022  INFO 69 --- [           main] d.s.b.i.IdGenerationApplicationTests     : No active profile set, falling back to default profiles: default
2026-04-08 02:17:44.057  INFO 69 --- [           main] .s.d.r.c.RepositoryConfigurationDelegate : Bootstrapping Spring Data JDBC repositories in DEFAULT mode.
2026-04-08 02:17:44.060  INFO 69 --- [           main] .s.d.r.c.RepositoryConfigurationDelegate : Finished Spring Data repository scanning in 2 ms. Found 2 JDBC repository interfaces.
2026-04-08 02:17:44.111  INFO 69 --- [           main] com.zaxxer.hikari.HikariDataSource       : HikariPool-6 - Starting...
2026-04-08 02:17:44.113  INFO 69 --- [           main] com.zaxxer.hikari.HikariDataSource       : HikariPool-6 - Start completed.
2026-04-08 02:17:44.172  INFO 69 --- [           main] d.s.b.i.IdGenerationApplicationTests     : Started IdGenerationApplicationTests in 0.159 seconds (JVM running for 4.325)
2026-04-08 02:17:44.185 DEBUG 69 --- [           main] o.s.jdbc.core.JdbcTemplate               : Executing prepared SQL update
2026-04-08 02:17:44.185 DEBUG 69 --- [           main] o.s.jdbc.core.JdbcTemplate               : Executing prepared SQL statement [UPDATE "MINION" SET "NAME" = ? WHERE "MINION"."ID" = ?]
2026-04-08 02:17:44.191 DEBUG 69 --- [           main] o.s.jdbc.core.JdbcTemplate               : Executing SQL update and returning generated keys
2026-04-08 02:17:44.191 DEBUG 69 --- [           main] o.s.jdbc.core.JdbcTemplate               : Executing prepared SQL statement [INSERT INTO "MINION" ("ID", "NAME") VALUES (?, ?)]
2026-04-08 02:17:44.193 DEBUG 69 --- [           main] o.s.jdbc.core.JdbcTemplate               : Executing prepared SQL query
2026-04-08 02:17:44.194 DEBUG 69 --- [           main] o.s.jdbc.core.JdbcTemplate               : Executing prepared SQL statement [SELECT "MINION"."ID" AS "ID", "MINION"."NAME" AS "NAME" FROM "MINION" WHERE "MINION"."ID" = ?]
2026-04-08 02:17:44.203 DEBUG 69 --- [           main] o.s.jdbc.core.JdbcTemplate               : Executing SQL update and returning generated keys
2026-04-08 02:17:44.204 DEBUG 69 --- [           main] o.s.jdbc.core.JdbcTemplate               : Executing prepared SQL statement [INSERT INTO "MINION" ("NAME") VALUES (?)]
2026-04-08 02:17:44.212 DEBUG 69 --- [           main] o.s.jdbc.core.JdbcTemplate               : Executing SQL update and returning generated keys
2026-04-08 02:17:44.212 DEBUG 69 --- [           main] o.s.jdbc.core.JdbcTemplate               : Executing prepared SQL statement [INSERT INTO "STRING_ID_MINION" ("ID", "NAME") VALUES (?, ?)]
2026-04-08 02:17:44.217 DEBUG 69 --- [           main] o.s.jdbc.core.JdbcTemplate               : Executing prepared SQL query
2026-04-08 02:17:44.217 DEBUG 69 --- [           main] o.s.jdbc.core.JdbcTemplate               : Executing prepared SQL statement [SELECT "STRING_ID_MINION"."ID" AS "ID", "STRING_ID_MINION"."NAME" AS "NAME" FROM "STRING_ID_MINION" WHERE "STRING_ID_MINION"."ID" = ?]
[INFO] Tests run: 3, Failures: 0, Errors: 0, Skipped: 0, Time elapsed: 0.216 s - in de.schauderhaft.beyond.idgeneration.IdGenerationApplicationTests
2026-04-08 02:17:44.227  INFO 69 --- [extShutdownHook] com.zaxxer.hikari.HikariDataSource       : HikariPool-2 - Shutdown initiated...
2026-04-08 02:17:44.227  INFO 69 --- [extShutdownHook] com.zaxxer.hikari.HikariDataSource       : HikariPool-6 - Shutdown initiated...
2026-04-08 02:17:44.227  INFO 69 --- [extShutdownHook] com.zaxxer.hikari.HikariDataSource       : HikariPool-3 - Shutdown initiated...
2026-04-08 02:17:44.227  INFO 69 --- [extShutdownHook] com.zaxxer.hikari.HikariDataSource       : HikariPool-4 - Shutdown initiated...
2026-04-08 02:17:44.227  INFO 69 --- [extShutdownHook] com.zaxxer.hikari.HikariDataSource       : HikariPool-1 - Shutdown initiated...
2026-04-08 02:17:44.227  INFO 69 --- [extShutdownHook] com.zaxxer.hikari.HikariDataSource       : HikariPool-5 - Shutdown initiated...
2026-04-08 02:17:44.232  INFO 69 --- [extShutdownHook] com.zaxxer.hikari.HikariDataSource       : HikariPool-5 - Shutdown completed.
2026-04-08 02:17:44.232  INFO 69 --- [extShutdownHook] com.zaxxer.hikari.HikariDataSource       : HikariPool-6 - Shutdown completed.
2026-04-08 02:17:44.232  INFO 69 --- [extShutdownHook] com.zaxxer.hikari.HikariDataSource       : HikariPool-1 - Shutdown completed.
2026-04-08 02:17:44.232  INFO 69 --- [extShutdownHook] com.zaxxer.hikari.HikariDataSource       : HikariPool-3 - Shutdown completed.
2026-04-08 02:17:44.232  INFO 69 --- [extShutdownHook] com.zaxxer.hikari.HikariDataSource       : HikariPool-4 - Shutdown completed.
2026-04-08 02:17:44.232  INFO 69 --- [extShutdownHook] com.zaxxer.hikari.HikariDataSource       : HikariPool-2 - Shutdown completed.
[INFO] 
[INFO] Results:
[INFO] 
[INFO] Tests run: 9, Failures: 0, Errors: 0, Skipped: 0
[INFO] 
[INFO] 
[INFO] --- jacoco-maven-plugin:0.8.11:report (report) @ beyond ---
[INFO] Loading execution data file /app/target/jacoco.exec
[INFO] Analyzed bundle 'beyond' with 22 classes
[INFO] 
[INFO] --- jacoco-maven-plugin:0.8.11:report (default-cli) @ beyond ---
[INFO] Loading execution data file /app/target/jacoco.exec
[INFO] Analyzed bundle 'beyond' with 22 classes
[INFO] ------------------------------------------------------------------------
[INFO] BUILD SUCCESS
[INFO] ------------------------------------------------------------------------
[INFO] Total time:  6.669 s
[INFO] Finished at: 2026-04-08T02:17:44Z
[INFO] ------------------------------------------------------------------------
