[INFO] Scanning for projects...
[WARNING] 
[WARNING] Some problems were encountered while building the effective model for com.ebay.signaturevalidation:signaturevalidation:jar:1.0.0-SNAPSHOT
[WARNING] 'dependencies.dependency.(groupId:artifactId:type:classifier)' must be unique: org.springframework:spring-beans:jar -> version 5.3.21 vs (?) @ line 65, column 15
[WARNING] 
[WARNING] It is highly recommended to fix these problems because they threaten the stability of your build.
[WARNING] 
[WARNING] For this reason, future Maven versions might no longer support building such malformed projects.
[WARNING] 
[INFO] 
[INFO] ----------< com.ebay.signaturevalidation:signaturevalidation >----------
[INFO] Building signaturevalidation 1.0.0-SNAPSHOT
[INFO] --------------------------------[ jar ]---------------------------------
[INFO] 
[INFO] --- maven-clean-plugin:3.1.0:clean (default-clean) @ signaturevalidation ---
[INFO] Deleting /app/target
[INFO] 
[INFO] --- jacoco-maven-plugin:0.8.11:prepare-agent (default) @ signaturevalidation ---
[INFO] argLine set to -javaagent:/root/.m2/repository/org/jacoco/org.jacoco.agent/0.8.11/org.jacoco.agent-0.8.11-runtime.jar=destfile=/app/target/jacoco.exec
[INFO] 
[INFO] --- maven-resources-plugin:3.2.0:resources (default-resources) @ signaturevalidation ---
[INFO] Using 'UTF-8' encoding to copy filtered resources.
[INFO] Using 'UTF-8' encoding to copy filtered properties files.
[INFO] Copying 1 resource
[INFO] Copying 5 resources
[INFO] 
[INFO] --- maven-compiler-plugin:3.8.1:compile (default-compile) @ signaturevalidation ---
[INFO] Changes detected - recompiling the module!
[INFO] Compiling 11 source files to /app/target/classes
[INFO] 
[INFO] --- build-helper-maven-plugin:3.3.0:add-test-source (add-kex-test-source) @ signaturevalidation ---
[INFO] Test Source directory: /app/src/test/java/kex-tests added.
[INFO] 
[INFO] --- maven-resources-plugin:3.2.0:testResources (default-testResources) @ signaturevalidation ---
[INFO] Using 'UTF-8' encoding to copy filtered resources.
[INFO] Using 'UTF-8' encoding to copy filtered properties files.
[INFO] skip non existing resourceDirectory /app/src/test/resources
[INFO] 
[INFO] --- maven-compiler-plugin:3.8.1:testCompile (default-testCompile) @ signaturevalidation ---
[INFO] Changes detected - recompiling the module!
[INFO] Compiling 24 source files to /app/target/test-classes
[WARNING] /app/src/test/java/kex-tests/tests/com/ebay/signaturevalidation/ReflectionUtils.java:[9,16] sun.misc.Unsafe is internal proprietary API and may be removed in a future release
[WARNING] /app/src/test/java/kex-tests/tests/com/ebay/signaturevalidation/ReflectionUtils.java:[13,25] sun.misc.Unsafe is internal proprietary API and may be removed in a future release
[WARNING] /app/src/test/java/kex-tests/tests/com/ebay/signaturevalidation/ReflectionUtils.java:[17,31] sun.misc.Unsafe is internal proprietary API and may be removed in a future release
[WARNING] /app/src/test/java/kex-tests/tests/com/ebay/signaturevalidation/ReflectionUtils.java:[19,23] sun.misc.Unsafe is internal proprietary API and may be removed in a future release
[INFO] /app/src/test/java/kex-tests/tests/com/ebay/signaturevalidation/SignatureException_init_10382092514.java: Some input files use or override a deprecated API.
[INFO] /app/src/test/java/kex-tests/tests/com/ebay/signaturevalidation/SignatureException_init_10382092514.java: Recompile with -Xlint:deprecation for details.
[INFO] 
[INFO] --- maven-surefire-plugin:2.22.2:test (default-test) @ signaturevalidation ---
[INFO] 
[INFO] -------------------------------------------------------
[INFO]  T E S T S
[INFO] -------------------------------------------------------
[INFO] Running com.ebay.signaturevalidation.ApplicationTests
15:04:46.312 [main] DEBUG org.springframework.test.context.BootstrapUtils - Instantiating CacheAwareContextLoaderDelegate from class [org.springframework.test.context.cache.DefaultCacheAwareContextLoaderDelegate]
15:04:46.327 [main] DEBUG org.springframework.test.context.BootstrapUtils - Instantiating BootstrapContext using constructor [public org.springframework.test.context.support.DefaultBootstrapContext(java.lang.Class,org.springframework.test.context.CacheAwareContextLoaderDelegate)]
15:04:46.382 [main] DEBUG org.springframework.test.context.BootstrapUtils - Instantiating TestContextBootstrapper for test class [com.ebay.signaturevalidation.ApplicationTests] from class [org.springframework.boot.test.context.SpringBootTestContextBootstrapper]
15:04:46.401 [main] INFO org.springframework.boot.test.context.SpringBootTestContextBootstrapper - Neither @ContextConfiguration nor @ContextHierarchy found for test class [com.ebay.signaturevalidation.ApplicationTests], using SpringBootContextLoader
15:04:46.406 [main] DEBUG org.springframework.test.context.support.AbstractContextLoader - Did not detect default resource location for test class [com.ebay.signaturevalidation.ApplicationTests]: class path resource [com/ebay/signaturevalidation/ApplicationTests-context.xml] does not exist
15:04:46.406 [main] DEBUG org.springframework.test.context.support.AbstractContextLoader - Did not detect default resource location for test class [com.ebay.signaturevalidation.ApplicationTests]: class path resource [com/ebay/signaturevalidation/ApplicationTestsContext.groovy] does not exist
15:04:46.407 [main] INFO org.springframework.test.context.support.AbstractContextLoader - Could not detect default resource locations for test class [com.ebay.signaturevalidation.ApplicationTests]: no resource found for suffixes {-context.xml, Context.groovy}.
15:04:46.459 [main] DEBUG org.springframework.test.context.support.ActiveProfilesUtils - Could not find an 'annotation declaring class' for annotation type [org.springframework.test.context.ActiveProfiles] and class [com.ebay.signaturevalidation.ApplicationTests]
15:04:46.581 [main] DEBUG org.springframework.boot.test.context.SpringBootTestContextBootstrapper - @TestExecutionListeners is not present for class [com.ebay.signaturevalidation.ApplicationTests]: using defaults.
15:04:46.582 [main] INFO org.springframework.boot.test.context.SpringBootTestContextBootstrapper - Loaded default TestExecutionListener class names from location [META-INF/spring.factories]: [org.springframework.boot.test.mock.mockito.MockitoTestExecutionListener, org.springframework.boot.test.mock.mockito.ResetMocksTestExecutionListener, org.springframework.boot.test.autoconfigure.restdocs.RestDocsTestExecutionListener, org.springframework.boot.test.autoconfigure.web.client.MockRestServiceServerResetTestExecutionListener, org.springframework.boot.test.autoconfigure.web.servlet.MockMvcPrintOnlyOnFailureTestExecutionListener, org.springframework.boot.test.autoconfigure.web.servlet.WebDriverTestExecutionListener, org.springframework.boot.test.autoconfigure.webservices.client.MockWebServiceServerTestExecutionListener, org.springframework.test.context.web.ServletTestExecutionListener, org.springframework.test.context.support.DirtiesContextBeforeModesTestExecutionListener, org.springframework.test.context.event.ApplicationEventsTestExecutionListener, org.springframework.test.context.support.DependencyInjectionTestExecutionListener, org.springframework.test.context.support.DirtiesContextTestExecutionListener, org.springframework.test.context.transaction.TransactionalTestExecutionListener, org.springframework.test.context.jdbc.SqlScriptsTestExecutionListener, org.springframework.test.context.event.EventPublishingTestExecutionListener]
15:04:46.599 [main] DEBUG org.springframework.boot.test.context.SpringBootTestContextBootstrapper - Skipping candidate TestExecutionListener [org.springframework.test.context.transaction.TransactionalTestExecutionListener] due to a missing dependency. Specify custom listener classes or make the default listener classes and their required dependencies available. Offending class: [org/springframework/transaction/interceptor/TransactionAttributeSource]
15:04:46.599 [main] DEBUG org.springframework.boot.test.context.SpringBootTestContextBootstrapper - Skipping candidate TestExecutionListener [org.springframework.test.context.jdbc.SqlScriptsTestExecutionListener] due to a missing dependency. Specify custom listener classes or make the default listener classes and their required dependencies available. Offending class: [org/springframework/transaction/interceptor/TransactionAttribute]
15:04:46.600 [main] INFO org.springframework.boot.test.context.SpringBootTestContextBootstrapper - Using TestExecutionListeners: [org.springframework.test.context.web.ServletTestExecutionListener@47fa3671, org.springframework.test.context.support.DirtiesContextBeforeModesTestExecutionListener@60f662bd, org.springframework.test.context.event.ApplicationEventsTestExecutionListener@5df2023c, org.springframework.boot.test.mock.mockito.MockitoTestExecutionListener@23bd047f, org.springframework.boot.test.autoconfigure.SpringBootDependencyInjectionTestExecutionListener@3562e7c7, org.springframework.test.context.support.DirtiesContextTestExecutionListener@66d2885c, org.springframework.test.context.event.EventPublishingTestExecutionListener@2bfc8558, org.springframework.boot.test.mock.mockito.ResetMocksTestExecutionListener@6029f2a4, org.springframework.boot.test.autoconfigure.restdocs.RestDocsTestExecutionListener@42576db9, org.springframework.boot.test.autoconfigure.web.client.MockRestServiceServerResetTestExecutionListener@30358dc7, org.springframework.boot.test.autoconfigure.web.servlet.MockMvcPrintOnlyOnFailureTestExecutionListener@7fac18dc, org.springframework.boot.test.autoconfigure.web.servlet.WebDriverTestExecutionListener@50bf795f, org.springframework.boot.test.autoconfigure.webservices.client.MockWebServiceServerTestExecutionListener@29fcfc54]
15:04:46.604 [main] DEBUG org.springframework.test.context.support.AbstractDirtiesContextTestExecutionListener - Before test class: context [DefaultTestContext@14e3d439 testClass = ApplicationTests, testInstance = [null], testMethod = [null], testException = [null], mergedContextConfiguration = [WebMergedContextConfiguration@d85b399 testClass = ApplicationTests, locations = '{}', classes = '{class com.ebay.signaturevalidation.VerificationService, class com.ebay.signaturevalidation.SignatureService, class com.ebay.signaturevalidation.KeypairService}', contextInitializerClasses = '[]', activeProfiles = '{}', propertySourceLocations = '{}', propertySourceProperties = '{org.springframework.boot.test.context.SpringBootTestContextBootstrapper=true}', contextCustomizers = set[org.springframework.boot.test.context.filter.ExcludeFilterContextCustomizer@3caafa67, org.springframework.boot.test.json.DuplicateJsonObjectContextCustomizerFactory$DuplicateJsonObjectContextCustomizer@718fd7c1, org.springframework.boot.test.mock.mockito.MockitoContextCustomizer@0, org.springframework.boot.test.web.client.TestRestTemplateContextCustomizer@7da635c0, org.springframework.boot.test.autoconfigure.actuate.metrics.MetricsExportContextCustomizerFactory$DisableMetricExportContextCustomizer@3a7c678b, org.springframework.boot.test.autoconfigure.properties.PropertyMappingContextCustomizer@0, org.springframework.boot.test.autoconfigure.web.servlet.WebDriverContextCustomizerFactory$Customizer@2d258eff, org.springframework.boot.test.context.SpringBootTestArgs@1, org.springframework.boot.test.context.SpringBootTestWebEnvironment@64337702], resourceBasePath = 'src/main/webapp', contextLoader = 'org.springframework.boot.test.context.SpringBootContextLoader', parent = [null]], attributes = map['org.springframework.test.context.web.ServletTestExecutionListener.activateListener' -> true]], class annotated with @DirtiesContext [false] with mode [null].

  .   ____          _            __ _ _
 /\\ / ___'_ __ _ _(_)_ __  __ _ \ \ \ \
( ( )\___ | '_ | '_| | '_ \/ _` | \ \ \ \
 \\/  ___)| |_)| | | | | || (_| |  ) ) ) )
  '  |____| .__|_| |_|_| |_\__, | / / / /
 =========|_|==============|___/=/_/_/_/
 :: Spring Boot ::                (v2.6.9)

2026-04-09 15:04:46.970  INFO 69 --- [           main] c.e.s.ApplicationTests                   : Starting ApplicationTests using Java 11.0.16 on c12c01fc3509 with PID 69 (started by root in /app)
2026-04-09 15:04:46.971  INFO 69 --- [           main] c.e.s.ApplicationTests                   : No active profile set, falling back to 1 default profile: "default"
2026-04-09 15:04:47.590  INFO 69 --- [           main] c.e.s.ApplicationTests                   : Started ApplicationTests in 0.94 seconds (JVM running for 2.007)
2026-04-09 15:04:47.943  INFO 69 --- [           main] c.e.s.VerificationService                : Calculated base:
"content-digest": sha-256=:X48E9qOokqqrvdts8nOJRJN3OWDUoyWxBf7kbu9DBPE=:
"x-ebay-signature-key": eyJ6aXAiOiJERUYiLCJlbmMiOiJBMjU2R0NNIiwidGFnIjoiSXh2dVRMb0FLS0hlS0Zoa3BxQ05CUSIsImFsZyI6IkEyNTZHQ01LVyIsIml2IjoiaFd3YjNoczk2QzEyOTNucCJ9.2o02pR9SoTF4g_5qRXZm6tF4H52TarilIAKxoVUqjd8.3qaF0KJN-rFHHm_P.AMUAe9PPduew09mANIZ-O_68CCuv6EIx096rm9WyLZnYz5N1WFDQ3jP0RBkbaOtQZHImMSPXIHVaB96RWshLuJsUgCKmTAwkPVCZv3zhLxZVxMXtPUuJ-ppVmPIv0NzznWCOU5Kvb9Xux7ZtnlvLXgwOFEix-BaWNomUAazbsrUCbrp514GIea3butbyxXLNi6R9TJUNh8V2uan-optT1MMyS7eMQnVGL5rYBULk.9K5ucUqAu0DqkkhgubsHHw
"@method": POST
"@path": /verifysignature
"@authority": localhost:8080
"@signature-params": ("content-digest" "x-ebay-signature-key" "@method" "@path" "@authority");created=1658440308
2026-04-09 15:04:47.981  INFO 69 --- [           main] c.e.s.VerificationService                : Message signature verified
2026-04-09 15:04:47.999  INFO 69 --- [           main] c.e.s.VerificationService                : Calculated base:
"content-digest": sha-256=:X48E9qOokqqrvdts8nOJRJN3OWDUoyWxBf7kbu9DBPE=:
"x-ebay-signature-key": eyJ6aXAiOiJERUYiLCJlbmMiOiJBMjU2R0NNIiwidGFnIjoiYVMxUlZybG9UdXdRaDBuRHZDOGJFZyIsImFsZyI6IkEyNTZHQ01LVyIsIml2IjoiYVRwdE5ubGJqalJCR2dQQiJ9.6ZfgB6dRVjMqrney1nOlJpPm11tDziWFk2RuhwWrCyE.6lKneGYFN_148y3C.7Z0IMkg0e1dBFq4K5QmBoLi6V_cXTDF5rLyFss16j2IJMtdIknHHQn49tmSzjtM1gS04ueruCdBWixuPdzWOpJk-F6BkfslIDvP10WXesb0chGgPqROzWPzYJtZLJDDACFeqLBSRC5aevBYNZIBtbwoOZd9Q0JUAOhaLkeOmJEbnYoJyfDY-XLB9LgySNsE9GM2lo72NmAnjTxFal3Icnqd7pVhbhG5gFvPJbNzZJgNXDKOxV3qJ4kkM6RIdxfuoqXe-8VTVOCUee4P5Ce6bw7wTFrpsZIiaKVb10r4tp7mf90Y2VyxTWMGJVtslI44dA4s8kz8lM_b9GE2jx8MYNOOqt7bJt_ATf87LiwSQ56SPdz0bEpWwYn8gqifj9SjtCyx4EOYQIHFIqbS0oUn8T_TIpvsSgD3RNP2jlFvxZI-9fHOOjhCqQ2_dyAWPWkLPtHERfwPUy5FDR3naKlucjfOKXzuraIqyX8pcZQbkq7ESiyTxZU-trkcvEDquOpJLWElxACYKhCBns00oG-TcOEzrAIBwXZlBMdQR7rLM3QmT3K4a-Yu1VBQ2bl4.FM42Am9AoxNanBs3cFCK0w
"@method": POST
"@path": /verifysignature
"@authority": localhost:8080
"@signature-params": ("content-digest" "x-ebay-signature-key" "@method" "@path" "@authority");created=1658440308
2026-04-09 15:04:48.007  INFO 69 --- [           main] c.e.s.VerificationService                : Calculated base:
"content-digest": sha-256=:X48E9qOokqqrvdts8nOJRJN3OWDUoyWxBf7kbu9DBPE=:
"x-ebay-signature-key": eyJ6aXAiOiJERUYiLCJlbmMiOiJBMjU2R0NNIiwidGFnIjoiYVMxUlZybG9UdXdRaDBuRHZDOGJFZyIsImFsZyI6IkEyNTZHQ01LVyIsIml2IjoiYVRwdE5ubGJqalJCR2dQQiJ9.6ZfgB6dRVjMqrney1nOlJpPm11tDziWFk2RuhwWrCyE.6lKneGYFN_148y3C.7Z0IMkg0e1dBFq4K5QmBoLi6V_cXTDF5rLyFss16j2IJMtdIknHHQn49tmSzjtM1gS04ueruCdBWixuPdzWOpJk-F6BkfslIDvP10WXesb0chGgPqROzWPzYJtZLJDDACFeqLBSRC5aevBYNZIBtbwoOZd9Q0JUAOhaLkeOmJEbnYoJyfDY-XLB9LgySNsE9GM2lo72NmAnjTxFal3Icnqd7pVhbhG5gFvPJbNzZJgNXDKOxV3qJ4kkM6RIdxfuoqXe-8VTVOCUee4P5Ce6bw7wTFrpsZIiaKVb10r4tp7mf90Y2VyxTWMGJVtslI44dA4s8kz8lM_b9GE2jx8MYNOOqt7bJt_ATf87LiwSQ56SPdz0bEpWwYn8gqifj9SjtCyx4EOYQIHFIqbS0oUn8T_TIpvsSgD3RNP2jlFvxZI-9fHOOjhCqQ2_dyAWPWkLPtHERfwPUy5FDR3naKlucjfOKXzuraIqyX8pcZQbkq7ESiyTxZU-trkcvEDquOpJLWElxACYKhCBns00oG-TcOEzrAIBwXZlBMdQR7rLM3QmT3K4a-Yu1VBQ2bl4.FM42Am9AoxNanBs3cFCK0w
"@method": POST
"@path": /verifysignature
"@authority": localhost:8080
"@signature-params": ("content-digest" "x-ebay-signature-key" "@method" "@path" "@authority");created=1658440308
2026-04-09 15:04:48.012  INFO 69 --- [           main] c.e.s.VerificationService                : Calculated base:
"content-digest": sha-256=:X48E9qOokqqrvdts8nOJRJN3OWDUoyWxBf7kbu9DBPE=:
"x-ebay-signature-key": eyJ6aXAiOiJERUYiLCJlbmMiOiJBMjU2R0NNIiwidGFnIjoiYVMxUlZybG9UdXdRaDBuRHZDOGJFZyIsImFsZyI6IkEyNTZHQ01LVyIsIml2IjoiYVRwdE5ubGJqalJCR2dQQiJ9.6ZfgB6dRVjMqrney1nOlJpPm11tDziWFk2RuhwWrCyE.6lKneGYFN_148y3C.7Z0IMkg0e1dBFq4K5QmBoLi6V_cXTDF5rLyFss16j2IJMtdIknHHQn49tmSzjtM1gS04ueruCdBWixuPdzWOpJk-F6BkfslIDvP10WXesb0chGgPqROzWPzYJtZLJDDACFeqLBSRC5aevBYNZIBtbwoOZd9Q0JUAOhaLkeOmJEbnYoJyfDY-XLB9LgySNsE9GM2lo72NmAnjTxFal3Icnqd7pVhbhG5gFvPJbNzZJgNXDKOxV3qJ4kkM6RIdxfuoqXe-8VTVOCUee4P5Ce6bw7wTFrpsZIiaKVb10r4tp7mf90Y2VyxTWMGJVtslI44dA4s8kz8lM_b9GE2jx8MYNOOqt7bJt_ATf87LiwSQ56SPdz0bEpWwYn8gqifj9SjtCyx4EOYQIHFIqbS0oUn8T_TIpvsSgD3RNP2jlFvxZI-9fHOOjhCqQ2_dyAWPWkLPtHERfwPUy5FDR3naKlucjfOKXzuraIqyX8pcZQbkq7ESiyTxZU-trkcvEDquOpJLWElxACYKhCBns00oG-TcOEzrAIBwXZlBMdQR7rLM3QmT3K4a-Yu1VBQ2bl4.FM42Am9AoxNanBs3cFCK0w
"@method": POST
"@path": /verifysignature
"@authority": localhost:8080
"@signature-params": ("content-digest" "x-ebay-signature-key" "@method" "@path" "@authority");created=1658440308
2026-04-09 15:04:48.022  INFO 69 --- [           main] c.e.s.VerificationService                : Message signature verified
2026-04-09 15:04:48.028  INFO 69 --- [           main] c.e.s.VerificationService                : Calculated base:
"content-digest": sha-123=:X48E9qOokqqrvdts8nOJRJN3OWDUoyWxBf7kbu9DBPE=:
"x-ebay-signature-key": eyJ6aXAiOiJERUYiLCJlbmMiOiJBMjU2R0NNIiwidGFnIjoiYVMxUlZybG9UdXdRaDBuRHZDOGJFZyIsImFsZyI6IkEyNTZHQ01LVyIsIml2IjoiYVRwdE5ubGJqalJCR2dQQiJ9.6ZfgB6dRVjMqrney1nOlJpPm11tDziWFk2RuhwWrCyE.6lKneGYFN_148y3C.7Z0IMkg0e1dBFq4K5QmBoLi6V_cXTDF5rLyFss16j2IJMtdIknHHQn49tmSzjtM1gS04ueruCdBWixuPdzWOpJk-F6BkfslIDvP10WXesb0chGgPqROzWPzYJtZLJDDACFeqLBSRC5aevBYNZIBtbwoOZd9Q0JUAOhaLkeOmJEbnYoJyfDY-XLB9LgySNsE9GM2lo72NmAnjTxFal3Icnqd7pVhbhG5gFvPJbNzZJgNXDKOxV3qJ4kkM6RIdxfuoqXe-8VTVOCUee4P5Ce6bw7wTFrpsZIiaKVb10r4tp7mf90Y2VyxTWMGJVtslI44dA4s8kz8lM_b9GE2jx8MYNOOqt7bJt_ATf87LiwSQ56SPdz0bEpWwYn8gqifj9SjtCyx4EOYQIHFIqbS0oUn8T_TIpvsSgD3RNP2jlFvxZI-9fHOOjhCqQ2_dyAWPWkLPtHERfwPUy5FDR3naKlucjfOKXzuraIqyX8pcZQbkq7ESiyTxZU-trkcvEDquOpJLWElxACYKhCBns00oG-TcOEzrAIBwXZlBMdQR7rLM3QmT3K4a-Yu1VBQ2bl4.FM42Am9AoxNanBs3cFCK0w
"@method": POST
"@path": /verifysignature
"@authority": localhost:8080
"@signature-params": ("content-digest" "x-ebay-signature-key" "@method" "@path" "@authority");created=1658440308
2026-04-09 15:04:48.034  INFO 69 --- [           main] c.e.s.VerificationService                : Calculated base:
"content-digest": sha-256=:X48E9qOokqqrvdts8nOJRJN3OWDUoyWxBf7kbu9DBPE=:
"x-ebay-signature-key": eyJ6aXAiOiJERUYiLCJlbmMiOiJBMjU2R0NNIiwidGFnIjoiYVMxUlZybG9UdXdRaDBuRHZDOGJFZyIsImFsZyI6IkEyNTZHQ01LVyIsIml2IjoiYVRwdE5ubGJqalJCR2dQQiJ9.6ZfgB6dRVjMqrney1nOlJpPm11tDziWFk2RuhwWrCyE.6lKneGYFN_148y3C.7Z0IMkg0e1dBFq4K5QmBoLi6V_cXTDF5rLyFss16j2IJMtdIknHHQn49tmSzjtM1gS04ueruCdBWixuPdzWOpJk-F6BkfslIDvP10WXesb0chGgPqROzWPzYJtZLJDDACFeqLBSRC5aevBYNZIBtbwoOZd9Q0JUAOhaLkeOmJEbnYoJyfDY-XLB9LgySNsE9GM2lo72NmAnjTxFal3Icnqd7pVhbhG5gFvPJbNzZJgNXDKOxV3qJ4kkM6RIdxfuoqXe-8VTVOCUee4P5Ce6bw7wTFrpsZIiaKVb10r4tp7mf90Y2VyxTWMGJVtslI44dA4s8kz8lM_b9GE2jx8MYNOOqt7bJt_ATf87LiwSQ56SPdz0bEpWwYn8gqifj9SjtCyx4EOYQIHFIqbS0oUn8T_TIpvsSgD3RNP2jlFvxZI-9fHOOjhCqQ2_dyAWPWkLPtHERfwPUy5FDR3naKlucjfOKXzuraIqyX8pcZQbkq7ESiyTxZU-trkcvEDquOpJLWElxACYKhCBns00oG-TcOEzrAIBwXZlBMdQR7rLM3QmT3K4a-Yu1VBQ2bl4.FM42Am9AoxNanBs3cFCK0w
"@method": POST
"@path": /verifysignature
"@authority": localhost:8080
"@signature-params": ("content-digest" "x-ebay-signature-key" "@method" "@path" "@authority");created=1658440308
2026-04-09 15:04:48.039  INFO 69 --- [           main] c.e.s.VerificationService                : Calculated base:
"content-digest": invalid
"x-ebay-signature-key": eyJ6aXAiOiJERUYiLCJlbmMiOiJBMjU2R0NNIiwidGFnIjoiYVMxUlZybG9UdXdRaDBuRHZDOGJFZyIsImFsZyI6IkEyNTZHQ01LVyIsIml2IjoiYVRwdE5ubGJqalJCR2dQQiJ9.6ZfgB6dRVjMqrney1nOlJpPm11tDziWFk2RuhwWrCyE.6lKneGYFN_148y3C.7Z0IMkg0e1dBFq4K5QmBoLi6V_cXTDF5rLyFss16j2IJMtdIknHHQn49tmSzjtM1gS04ueruCdBWixuPdzWOpJk-F6BkfslIDvP10WXesb0chGgPqROzWPzYJtZLJDDACFeqLBSRC5aevBYNZIBtbwoOZd9Q0JUAOhaLkeOmJEbnYoJyfDY-XLB9LgySNsE9GM2lo72NmAnjTxFal3Icnqd7pVhbhG5gFvPJbNzZJgNXDKOxV3qJ4kkM6RIdxfuoqXe-8VTVOCUee4P5Ce6bw7wTFrpsZIiaKVb10r4tp7mf90Y2VyxTWMGJVtslI44dA4s8kz8lM_b9GE2jx8MYNOOqt7bJt_ATf87LiwSQ56SPdz0bEpWwYn8gqifj9SjtCyx4EOYQIHFIqbS0oUn8T_TIpvsSgD3RNP2jlFvxZI-9fHOOjhCqQ2_dyAWPWkLPtHERfwPUy5FDR3naKlucjfOKXzuraIqyX8pcZQbkq7ESiyTxZU-trkcvEDquOpJLWElxACYKhCBns00oG-TcOEzrAIBwXZlBMdQR7rLM3QmT3K4a-Yu1VBQ2bl4.FM42Am9AoxNanBs3cFCK0w
"@method": POST
"@path": /verifysignature
"@authority": localhost:8080
"@signature-params": ("content-digest" "x-ebay-signature-key" "@method" "@path" "@authority");created=1658440308
2026-04-09 15:04:48.049  INFO 69 --- [           main] c.e.s.VerificationService                : Calculated base:
"content-digest": sha-256=:X48E9qOokqqrvdts8nOJRJN3OWDUoyWxBf7kbu9DBPE=:
"x-ebay-signature-key": eyJ6aXAiOiJERUYiLCJlbmMiOiJBMjU2R0NNIiwidGFnIjoiYVMxUlZybG9UdXdRaDBuRHZDOGJFZyIsImFsZyI6IkEyNTZHQ01LVyIsIml2IjoiYVRwdE5ubGJqalJCR2dQQiJ9.6ZfgB6dRVjMqrney1nOlJpPm11tDziWFk2RuhwWrCyE.6lKneGYFN_148y3C.7Z0IMkg0e1dBFq4K5QmBoLi6V_cXTDF5rLyFss16j2IJMtdIknHHQn49tmSzjtM1gS04ueruCdBWixuPdzWOpJk-F6BkfslIDvP10WXesb0chGgPqROzWPzYJtZLJDDACFeqLBSRC5aevBYNZIBtbwoOZd9Q0JUAOhaLkeOmJEbnYoJyfDY-XLB9LgySNsE9GM2lo72NmAnjTxFal3Icnqd7pVhbhG5gFvPJbNzZJgNXDKOxV3qJ4kkM6RIdxfuoqXe-8VTVOCUee4P5Ce6bw7wTFrpsZIiaKVb10r4tp7mf90Y2VyxTWMGJVtslI44dA4s8kz8lM_b9GE2jx8MYNOOqt7bJt_ATf87LiwSQ56SPdz0bEpWwYn8gqifj9SjtCyx4EOYQIHFIqbS0oUn8T_TIpvsSgD3RNP2jlFvxZI-9fHOOjhCqQ2_dyAWPWkLPtHERfwPUy5FDR3naKlucjfOKXzuraIqyX8pcZQbkq7ESiyTxZU-trkcvEDquOpJLWElxACYKhCBns00oG-TcOEzrAIBwXZlBMdQR7rLM3QmT3K4a-Yu1VBQ2bl4.FM42Am9AoxNanBs3cFCK0w
"@method": POST
"@path": /verifysignature
"@authority": localhost:8080
"@signature-params": ("content-digest" "x-ebay-signature-key" "@method" "@path" "@authority");created=1658440308
2026-04-09 15:04:48.056  INFO 69 --- [           main] c.e.s.VerificationService                : Calculated base:
"content-digest": sha-256=:X48E9qOokqqrvdts8nOJRJN3OWDUoyWxBf7kbu9DBPE=:
"x-ebay-signature-key": eyJ6aXAiOiJERUYiLCJlbmMiOiJBMjU2R0NNIiwidGFnIjoiYVMxUlZybG9UdXdRaDBuRHZDOGJFZyIsImFsZyI6IkEyNTZHQ01LVyIsIml2IjoiYVRwdE5ubGJqalJCR2dQQiJ9.6ZfgB6dRVjMqrney1nOlJpPm11tDziWFk2RuhwWrCyE.6lKneGYFN_148y3C.7Z0IMkg0e1dBFq4K5QmBoLi6V_cXTDF5rLyFss16j2IJMtdIknHHQn49tmSzjtM1gS04ueruCdBWixuPdzWOpJk-F6BkfslIDvP10WXesb0chGgPqROzWPzYJtZLJDDACFeqLBSRC5aevBYNZIBtbwoOZd9Q0JUAOhaLkeOmJEbnYoJyfDY-XLB9LgySNsE9GM2lo72NmAnjTxFal3Icnqd7pVhbhG5gFvPJbNzZJgNXDKOxV3qJ4kkM6RIdxfuoqXe-8VTVOCUee4P5Ce6bw7wTFrpsZIiaKVb10r4tp7mf90Y2VyxTWMGJVtslI44dA4s8kz8lM_b9GE2jx8MYNOOqt7bJt_ATf87LiwSQ56SPdz0bEpWwYn8gqifj9SjtCyx4EOYQIHFIqbS0oUn8T_TIpvsSgD3RNP2jlFvxZI-9fHOOjhCqQ2_dyAWPWkLPtHERfwPUy5FDR3naKlucjfOKXzuraIqyX8pcZQbkq7ESiyTxZU-trkcvEDquOpJLWElxACYKhCBns00oG-TcOEzrAIBwXZlBMdQR7rLM3QmT3K4a-Yu1VBQ2bl4.FM42Am9AoxNanBs3cFCK0w
"@method": POST
"@path": /verifysignature
"@authority": localhost:8080
"@signature-params": ("content-digest" "x-ebay-signature-key" "@method" "@path" "@authority");created=1658440308
2026-04-09 15:04:48.077  INFO 69 --- [           main] c.e.s.SignatureService                   : Message signed
[INFO] Tests run: 11, Failures: 0, Errors: 0, Skipped: 0, Time elapsed: 1.849 s - in com.ebay.signaturevalidation.ApplicationTests
[INFO] 
[INFO] Results:
[INFO] 
[INFO] Tests run: 11, Failures: 0, Errors: 0, Skipped: 0
[INFO] 
[INFO] 
[INFO] --- jacoco-maven-plugin:0.8.11:report (report) @ signaturevalidation ---
[INFO] Loading execution data file /app/target/jacoco.exec
[INFO] Analyzed bundle 'signaturevalidation' with 11 classes
[INFO] 
[INFO] --- jacoco-maven-plugin:0.8.11:report (default-cli) @ signaturevalidation ---
[INFO] Loading execution data file /app/target/jacoco.exec
[INFO] Analyzed bundle 'signaturevalidation' with 11 classes
[INFO] ------------------------------------------------------------------------
[INFO] BUILD SUCCESS
[INFO] ------------------------------------------------------------------------
[INFO] Total time:  5.234 s
[INFO] Finished at: 2026-04-09T15:04:48Z
[INFO] ------------------------------------------------------------------------
