[INFO] Scanning for projects...
[INFO] Inspecting build with total of 1 modules...
[INFO] Installing Nexus Staging features:
[INFO]   ... total of 1 executions of maven-deploy-plugin replaced with nexus-staging-maven-plugin
[INFO] 
[INFO] ---------------< io.github.moacirrf:nb-java-decompiler >----------------
[INFO] Building NB Java Decompiler 2.0-SNAPSHOT
[INFO] --------------------------------[ nbm ]---------------------------------
[INFO] 
[INFO] --- maven-clean-plugin:2.5:clean (default-clean) @ nb-java-decompiler ---
[INFO] Deleting /app/target
[INFO] 
[INFO] --- jacoco-maven-plugin:0.8.11:prepare-agent (default) @ nb-java-decompiler ---
[INFO] argLine set to -javaagent:/root/.m2/repository/org/jacoco/org.jacoco.agent/0.8.11/org.jacoco.agent-0.8.11-runtime.jar=destfile=/app/target/jacoco.exec
[INFO] 
[INFO] --- maven-resources-plugin:3.5.0:resources (default-resources) @ nb-java-decompiler ---
[INFO] Copying 1 resource from src/main/resources to target/classes
[INFO] 
[INFO] --- maven-compiler-plugin:3.8.1:compile (default-compile) @ nb-java-decompiler ---
[INFO] Changes detected - recompiling the module!
[INFO] Compiling 11 source files to /app/target/classes
[INFO] /app/src/main/java/io/github/moacirrf/javadecompiler/DecompileAction.java: /app/src/main/java/io/github/moacirrf/javadecompiler/DecompileAction.java uses or overrides a deprecated API.
[INFO] /app/src/main/java/io/github/moacirrf/javadecompiler/DecompileAction.java: Recompile with -Xlint:deprecation for details.
[INFO] /app/src/main/java/io/github/moacirrf/javadecompiler/DecompileAction.java: /app/src/main/java/io/github/moacirrf/javadecompiler/DecompileAction.java uses unchecked or unsafe operations.
[INFO] /app/src/main/java/io/github/moacirrf/javadecompiler/DecompileAction.java: Recompile with -Xlint:unchecked for details.
[INFO] 
[INFO] --- nbm-maven-plugin:4.7:manifest (default-manifest) @ nb-java-decompiler ---
[INFO] NBM Plugin generates manifest
[INFO] Adding on module's Class-Path:
[INFO]     org.benf:cfr:jar:0.152
[INFO]     com.machinezoo.noexception:noexception:jar:1.8.0
[INFO]     com.machinezoo.stagean:stagean:jar:1.2.0
[INFO]     org.slf4j:slf4j-api:jar:1.7.32
[INFO]     org.netbeans.external:updater:jar:RELEASE130
[INFO] 
[INFO] --- build-helper-maven-plugin:3.3.0:add-test-source (add-kex-test-source) @ nb-java-decompiler ---
[INFO] Test Source directory: /app/src/test/java/kex-tests added.
[INFO] 
[INFO] --- maven-resources-plugin:3.5.0:testResources (default-testResources) @ nb-java-decompiler ---
[INFO] skip non existing resourceDirectory /app/src/test/resources
[INFO] 
[INFO] --- maven-compiler-plugin:3.8.1:testCompile (default-testCompile) @ nb-java-decompiler ---
[INFO] Changes detected - recompiling the module!
[INFO] Compiling 2 source files to /app/target/test-classes
[INFO] 
[INFO] --- maven-surefire-plugin:2.22.0:test (default-test) @ nb-java-decompiler ---
[INFO] 
[INFO] -------------------------------------------------------
[INFO]  T E S T S
[INFO] -------------------------------------------------------
[INFO] Running io.github.moacirrf.javadecompiler.files.FileSystemHelperTest
Apr 09, 2026 3:52:30 PM org.netbeans.modules.masterfs.watcher.Watcher getNotifierForPlatform
INFO: Native file watcher is disabled
Apr 09, 2026 3:52:30 PM org.netbeans.modules.settings.RecognizeInstanceObjects$MSL <clinit>
WARNING: Not listening on module system
SLF4J: Failed to load class "org.slf4j.impl.StaticLoggerBinder".
SLF4J: Defaulting to no-operation (NOP) logger implementation
SLF4J: See http://www.slf4j.org/codes.html#StaticLoggerBinder for further details.
[INFO] Tests run: 4, Failures: 0, Errors: 0, Skipped: 0, Time elapsed: 0.664 s - in io.github.moacirrf.javadecompiler.files.FileSystemHelperTest
[INFO] Running io.github.moacirrf.javadecompiler.files.TempDirTest
[INFO] Tests run: 2, Failures: 0, Errors: 0, Skipped: 0, Time elapsed: 0 s - in io.github.moacirrf.javadecompiler.files.TempDirTest
[INFO] 
[INFO] Results:
[INFO] 
[INFO] Tests run: 6, Failures: 0, Errors: 0, Skipped: 0
[INFO] 
[INFO] 
[INFO] --- jacoco-maven-plugin:0.8.11:report (report) @ nb-java-decompiler ---
[INFO] Loading execution data file /app/target/jacoco.exec
[INFO] Analyzed bundle 'NB Java Decompiler' with 12 classes
[INFO] 
[INFO] --- jacoco-maven-plugin:0.8.11:report (default-cli) @ nb-java-decompiler ---
[INFO] Loading execution data file /app/target/jacoco.exec
[INFO] Analyzed bundle 'NB Java Decompiler' with 12 classes
[INFO] ------------------------------------------------------------------------
[INFO] BUILD SUCCESS
[INFO] ------------------------------------------------------------------------
[INFO] Total time:  4.445 s
[INFO] Finished at: 2026-04-09T15:52:31Z
[INFO] ------------------------------------------------------------------------
