[INFO] Scanning for projects...
[INFO] 
[INFO] ------------------------< com.ratelimiter:demo >------------------------
[INFO] Building demo 0.0.1-SNAPSHOT
[INFO] --------------------------------[ jar ]---------------------------------
[INFO] 
[INFO] --- maven-clean-plugin:3.1.0:clean (default-clean) @ demo ---
[INFO] Deleting /app/target
[INFO] 
[INFO] --- jacoco-maven-plugin:0.8.11:prepare-agent (default) @ demo ---
[INFO] argLine set to -javaagent:/root/.m2/repository/org/jacoco/org.jacoco.agent/0.8.11/org.jacoco.agent-0.8.11-runtime.jar=destfile=/app/target/jacoco.exec
[INFO] 
[INFO] --- maven-resources-plugin:3.1.0:resources (default-resources) @ demo ---
[INFO] Using 'UTF-8' encoding to copy filtered resources.
[INFO] Copying 1 resource
[INFO] Copying 2 resources
[INFO] 
[INFO] --- maven-compiler-plugin:3.8.1:compile (default-compile) @ demo ---
[INFO] Changes detected - recompiling the module!
[INFO] Compiling 11 source files to /app/target/classes
[INFO] /app/src/main/java/com/ratelimiter/demo/aspect/RedisRateLimiterAspect.java: /app/src/main/java/com/ratelimiter/demo/aspect/RedisRateLimiterAspect.java uses unchecked or unsafe operations.
[INFO] /app/src/main/java/com/ratelimiter/demo/aspect/RedisRateLimiterAspect.java: Recompile with -Xlint:unchecked for details.
[INFO] 
[INFO] --- build-helper-maven-plugin:3.3.0:add-test-source (add-kex-test-source) @ demo ---
[INFO] Test Source directory: /app/src/test/java/kex-tests added.
[INFO] 
[INFO] --- maven-resources-plugin:3.1.0:testResources (default-testResources) @ demo ---
[INFO] Using 'UTF-8' encoding to copy filtered resources.
[INFO] skip non existing resourceDirectory /app/src/test/resources
[INFO] 
[INFO] --- maven-compiler-plugin:3.8.1:testCompile (default-testCompile) @ demo ---
[INFO] Changes detected - recompiling the module!
[INFO] Compiling 1 source file to /app/target/test-classes
[INFO] 
[INFO] --- maven-surefire-plugin:2.22.2:test (default-test) @ demo ---
[INFO] 
[INFO] -------------------------------------------------------
[INFO]  T E S T S
[INFO] -------------------------------------------------------
Apr 08, 2026 2:10:39 AM org.junit.platform.launcher.core.DefaultLauncher handleThrowable
WARNING: TestEngine with ID 'junit-vintage' failed to discover tests
java.lang.NoClassDefFoundError: org/junit/platform/commons/util/LruCache
	at org.junit.vintage.engine.descriptor.TestSourceProvider.<init>(TestSourceProvider.java:44)
	at org.junit.vintage.engine.discovery.RunnerTestDescriptorPostProcessor.<init>(RunnerTestDescriptorPostProcessor.java:38)
	at org.junit.vintage.engine.discovery.VintageDiscoverer.discover(VintageDiscoverer.java:43)
	at org.junit.vintage.engine.VintageTestEngine.discover(VintageTestEngine.java:64)
	at org.junit.platform.launcher.core.DefaultLauncher.discoverEngineRoot(DefaultLauncher.java:168)
	at org.junit.platform.launcher.core.DefaultLauncher.discoverRoot(DefaultLauncher.java:155)
	at org.junit.platform.launcher.core.DefaultLauncher.discover(DefaultLauncher.java:120)
	at org.apache.maven.surefire.junitplatform.TestPlanScannerFilter.accept(TestPlanScannerFilter.java:56)
	at org.apache.maven.surefire.util.DefaultScanResult.applyFilter(DefaultScanResult.java:102)
	at org.apache.maven.surefire.junitplatform.JUnitPlatformProvider.scanClasspath(JUnitPlatformProvider.java:143)
	at org.apache.maven.surefire.junitplatform.JUnitPlatformProvider.invoke(JUnitPlatformProvider.java:124)
	at org.apache.maven.surefire.booter.ForkedBooter.invokeProviderInSameClassLoader(ForkedBooter.java:384)
	at org.apache.maven.surefire.booter.ForkedBooter.runSuitesInProcess(ForkedBooter.java:345)
	at org.apache.maven.surefire.booter.ForkedBooter.execute(ForkedBooter.java:126)
	at org.apache.maven.surefire.booter.ForkedBooter.main(ForkedBooter.java:418)
Caused by: java.lang.ClassNotFoundException: org.junit.platform.commons.util.LruCache
	at java.base/jdk.internal.loader.BuiltinClassLoader.loadClass(BuiltinClassLoader.java:581)
	at java.base/jdk.internal.loader.ClassLoaders$AppClassLoader.loadClass(ClassLoaders.java:178)
	at java.base/java.lang.ClassLoader.loadClass(ClassLoader.java:522)
	... 15 more

Apr 08, 2026 2:10:40 AM org.junit.platform.launcher.core.DefaultLauncher handleThrowable
WARNING: TestEngine with ID 'junit-vintage' failed to discover tests
java.lang.NoClassDefFoundError: org/junit/platform/commons/util/LruCache
	at org.junit.vintage.engine.descriptor.TestSourceProvider.<init>(TestSourceProvider.java:44)
	at org.junit.vintage.engine.discovery.RunnerTestDescriptorPostProcessor.<init>(RunnerTestDescriptorPostProcessor.java:38)
	at org.junit.vintage.engine.discovery.VintageDiscoverer.discover(VintageDiscoverer.java:43)
	at org.junit.vintage.engine.VintageTestEngine.discover(VintageTestEngine.java:64)
	at org.junit.platform.launcher.core.DefaultLauncher.discoverEngineRoot(DefaultLauncher.java:168)
	at org.junit.platform.launcher.core.DefaultLauncher.discoverRoot(DefaultLauncher.java:155)
	at org.junit.platform.launcher.core.DefaultLauncher.execute(DefaultLauncher.java:128)
	at org.apache.maven.surefire.junitplatform.JUnitPlatformProvider.invokeAllTests(JUnitPlatformProvider.java:150)
	at org.apache.maven.surefire.junitplatform.JUnitPlatformProvider.invoke(JUnitPlatformProvider.java:124)
	at org.apache.maven.surefire.booter.ForkedBooter.invokeProviderInSameClassLoader(ForkedBooter.java:384)
	at org.apache.maven.surefire.booter.ForkedBooter.runSuitesInProcess(ForkedBooter.java:345)
	at org.apache.maven.surefire.booter.ForkedBooter.execute(ForkedBooter.java:126)
	at org.apache.maven.surefire.booter.ForkedBooter.main(ForkedBooter.java:418)

[INFO] Running com.ratelimiter.demo.DemoApplicationTests
.2026-04-08 02:10:40.666 [main] [AbstractTestContextBootstrapper.java:308]                 INFO  org.springframework.boot.test.context.SpringBootTestContextBootstrapper - Neither @ContextConfiguration nor @ContextHierarchy found for test class [com.ratelimiter.demo.DemoApplicationTests], using SpringBootContextLoader 
.2026-04-08 02:10:40.679 [main] [AbstractContextLoader.java:264]                 INFO  org.springframework.test.context.support.AbstractContextLoader - Could not detect default resource locations for test class [com.ratelimiter.demo.DemoApplicationTests]: no resource found for suffixes {-context.xml, Context.groovy}. 
.2026-04-08 02:10:40.681 [main] [AnnotationConfigContextLoaderUtils.java:83]                 INFO  org.springframework.test.context.support.AnnotationConfigContextLoaderUtils - Could not detect default configuration classes for test class [com.ratelimiter.demo.DemoApplicationTests]: DemoApplicationTests does not declare any static, non-private, non-final, nested classes annotated with @Configuration. 
.2026-04-08 02:10:40.795 [main] [SpringBootTestContextBootstrapper.java:235]                 INFO  org.springframework.boot.test.context.SpringBootTestContextBootstrapper - Found @SpringBootConfiguration com.ratelimiter.demo.DemoApplication for test class com.ratelimiter.demo.DemoApplicationTests 
.2026-04-08 02:10:40.892 [main] [AbstractTestContextBootstrapper.java:248]                 INFO  org.springframework.boot.test.context.SpringBootTestContextBootstrapper - Loaded default TestExecutionListener class names from location [META-INF/spring.factories]: [org.springframework.boot.test.mock.mockito.MockitoTestExecutionListener, org.springframework.boot.test.mock.mockito.ResetMocksTestExecutionListener, org.springframework.boot.test.autoconfigure.restdocs.RestDocsTestExecutionListener, org.springframework.boot.test.autoconfigure.web.client.MockRestServiceServerResetTestExecutionListener, org.springframework.boot.test.autoconfigure.web.servlet.MockMvcPrintOnlyOnFailureTestExecutionListener, org.springframework.boot.test.autoconfigure.web.servlet.WebDriverTestExecutionListener, org.springframework.test.context.web.ServletTestExecutionListener, org.springframework.test.context.support.DirtiesContextBeforeModesTestExecutionListener, org.springframework.test.context.support.DependencyInjectionTestExecutionListener, org.springframework.test.context.support.DirtiesContextTestExecutionListener, org.springframework.test.context.transaction.TransactionalTestExecutionListener, org.springframework.test.context.jdbc.SqlScriptsTestExecutionListener, org.springframework.test.context.event.EventPublishingTestExecutionListener] 
.2026-04-08 02:10:40.911 [main] [AbstractTestContextBootstrapper.java:177]                 INFO  org.springframework.boot.test.context.SpringBootTestContextBootstrapper - Using TestExecutionListeners: [org.springframework.test.context.web.ServletTestExecutionListener@7d43c89f, org.springframework.test.context.support.DirtiesContextBeforeModesTestExecutionListener@149ef64a, org.springframework.boot.test.mock.mockito.MockitoTestExecutionListener@67201eeb, org.springframework.boot.test.autoconfigure.SpringBootDependencyInjectionTestExecutionListener@2e41b65a, org.springframework.test.context.support.DirtiesContextTestExecutionListener@4d25943d, org.springframework.test.context.transaction.TransactionalTestExecutionListener@2eea0775, org.springframework.test.context.jdbc.SqlScriptsTestExecutionListener@495a9305, org.springframework.test.context.event.EventPublishingTestExecutionListener@6a0a0f12, org.springframework.boot.test.mock.mockito.ResetMocksTestExecutionListener@b6fea12, org.springframework.boot.test.autoconfigure.restdocs.RestDocsTestExecutionListener@75c095a5, org.springframework.boot.test.autoconfigure.web.client.MockRestServiceServerResetTestExecutionListener@689fe2a3, org.springframework.boot.test.autoconfigure.web.servlet.MockMvcPrintOnlyOnFailureTestExecutionListener@5257123d, org.springframework.boot.test.autoconfigure.web.servlet.WebDriverTestExecutionListener@261c5d1f] 
2026-04-08 02:10:41,050 main INFO Log4j appears to be running in a Servlet environment, but there's no log4j-web module available. If you want better web container support, please add the log4j-web JAR to your web archive or server lib directory.

  .   ____          _            __ _ _
 /\\ / ___'_ __ _ _(_)_ __  __ _ \ \ \ \
( ( )\___ | '_ | '_| | '_ \/ _` | \ \ \ \
 \\/  ___)| |_)| | | | | || (_| |  ) ) ) )
  '  |____| .__|_| |_|_| |_\__, | / / / /
 =========|_|==============|___/=/_/_/_/
 :: Spring Boot ::        (v2.2.0.RELEASE)

.2026-04-08 02:10:41.143 [main] [StartupInfoLogger.java:55]                 INFO  com.ratelimiter.demo.DemoApplicationTests - Starting DemoApplicationTests on 18f1001d17cd with PID 69 (started by root in /app) 
.2026-04-08 02:10:41.146 [main] [SpringApplication.java:651]                 INFO  com.ratelimiter.demo.DemoApplicationTests - No active profile set, falling back to default profiles: default 
.2026-04-08 02:10:41.663 [main] [RepositoryConfigurationDelegate.java:244]                 INFO  org.springframework.data.repository.config.RepositoryConfigurationDelegate - Multiple Spring Data modules found, entering strict repository configuration mode! 
.2026-04-08 02:10:41.669 [main] [RepositoryConfigurationDelegate.java:126]                 INFO  org.springframework.data.repository.config.RepositoryConfigurationDelegate - Bootstrapping Spring Data repositories in DEFAULT mode. 
.2026-04-08 02:10:41.698 [main] [RepositoryConfigurationDelegate.java:182]                 INFO  org.springframework.data.repository.config.RepositoryConfigurationDelegate - Finished Spring Data repository scanning in 12ms. Found 0 repository interfaces. 
.2026-04-08 02:10:43.040 [main] [ExecutorConfigurationSupport.java:171]                 INFO  org.springframework.scheduling.concurrent.ThreadPoolTaskExecutor - Initializing ExecutorService 'applicationTaskExecutor' 
.2026-04-08 02:10:43.334 [main] [StartupInfoLogger.java:61]                 INFO  com.ratelimiter.demo.DemoApplicationTests - Started DemoApplicationTests in 2.384 seconds (JVM running for 3.776) 
[INFO] Tests run: 1, Failures: 0, Errors: 0, Skipped: 0, Time elapsed: 3.44 s - in com.ratelimiter.demo.DemoApplicationTests
.2026-04-08 02:10:43.601 [SpringContextShutdownHook] [ExecutorConfigurationSupport.java:208]                 INFO  org.springframework.scheduling.concurrent.ThreadPoolTaskExecutor - Shutting down ExecutorService 'applicationTaskExecutor' 
[INFO] 
[INFO] Results:
[INFO] 
[INFO] Tests run: 1, Failures: 0, Errors: 0, Skipped: 0
[INFO] 
[INFO] 
[INFO] --- jacoco-maven-plugin:0.8.11:report (report) @ demo ---
[INFO] Loading execution data file /app/target/jacoco.exec
[INFO] Analyzed bundle 'demo' with 10 classes
[INFO] 
[INFO] --- jacoco-maven-plugin:0.8.11:report (default-cli) @ demo ---
[INFO] Loading execution data file /app/target/jacoco.exec
[INFO] Analyzed bundle 'demo' with 10 classes
[INFO] ------------------------------------------------------------------------
[INFO] BUILD SUCCESS
[INFO] ------------------------------------------------------------------------
[INFO] Total time:  6.550 s
[INFO] Finished at: 2026-04-08T02:10:44Z
[INFO] ------------------------------------------------------------------------
