[INFO] Scanning for projects...
[INFO] 
[INFO] --------------< com.example:spring-boot-hibernate-search >--------------
[INFO] Building demo 1.0.0-SNAPSHOT
[INFO] --------------------------------[ jar ]---------------------------------
[INFO] 
[INFO] --- maven-clean-plugin:3.1.0:clean (default-clean) @ spring-boot-hibernate-search ---
[INFO] Deleting /app/target
[INFO] 
[INFO] --- jacoco-maven-plugin:0.8.11:prepare-agent (default) @ spring-boot-hibernate-search ---
[INFO] argLine set to -javaagent:/root/.m2/repository/org/jacoco/org.jacoco.agent/0.8.11/org.jacoco.agent-0.8.11-runtime.jar=destfile=/app/target/jacoco.exec
[INFO] 
[INFO] --- maven-resources-plugin:3.2.0:resources (default-resources) @ spring-boot-hibernate-search ---
[INFO] Using 'UTF-8' encoding to copy filtered resources.
[INFO] Using 'UTF-8' encoding to copy filtered properties files.
[INFO] Copying 1 resource
[INFO] Copying 0 resource
[INFO] 
[INFO] --- maven-compiler-plugin:3.8.1:compile (default-compile) @ spring-boot-hibernate-search ---
[INFO] Changes detected - recompiling the module!
[INFO] Compiling 11 source files to /app/target/classes
[INFO] 
[INFO] --- build-helper-maven-plugin:3.3.0:add-test-source (add-kex-test-source) @ spring-boot-hibernate-search ---
[INFO] Test Source directory: /app/src/test/java/kex-tests added.
[INFO] 
[INFO] --- maven-resources-plugin:3.2.0:testResources (default-testResources) @ spring-boot-hibernate-search ---
[INFO] Using 'UTF-8' encoding to copy filtered resources.
[INFO] Using 'UTF-8' encoding to copy filtered properties files.
[INFO] skip non existing resourceDirectory /app/src/test/resources
[INFO] 
[INFO] --- maven-compiler-plugin:3.8.1:testCompile (default-testCompile) @ spring-boot-hibernate-search ---
[INFO] Changes detected - recompiling the module!
[INFO] Compiling 85 source files to /app/target/test-classes
[WARNING] /app/src/test/java/kex-tests/tests/com/mozen/springboothibernatesearch/model/ReflectionUtils.java:[9,16] sun.misc.Unsafe is internal proprietary API and may be removed in a future release
[WARNING] /app/src/test/java/kex-tests/tests/com/mozen/springboothibernatesearch/index/ReflectionUtils.java:[9,16] sun.misc.Unsafe is internal proprietary API and may be removed in a future release
[WARNING] /app/src/test/java/kex-tests/tests/com/mozen/springboothibernatesearch/controller/ReflectionUtils.java:[9,16] sun.misc.Unsafe is internal proprietary API and may be removed in a future release
[WARNING] /app/src/test/java/kex-tests/tests/com/mozen/springboothibernatesearch/ReflectionUtils.java:[9,16] sun.misc.Unsafe is internal proprietary API and may be removed in a future release
[WARNING] /app/src/test/java/kex-tests/tests/com/mozen/springboothibernatesearch/service/ReflectionUtils.java:[9,16] sun.misc.Unsafe is internal proprietary API and may be removed in a future release
[WARNING] /app/src/test/java/kex-tests/tests/com/mozen/springboothibernatesearch/model/ReflectionUtils.java:[9,16] sun.misc.Unsafe is internal proprietary API and may be removed in a future release
[WARNING] /app/src/test/java/kex-tests/tests/com/mozen/springboothibernatesearch/index/ReflectionUtils.java:[9,16] sun.misc.Unsafe is internal proprietary API and may be removed in a future release
[WARNING] /app/src/test/java/kex-tests/tests/com/mozen/springboothibernatesearch/controller/ReflectionUtils.java:[9,16] sun.misc.Unsafe is internal proprietary API and may be removed in a future release
[WARNING] /app/src/test/java/kex-tests/tests/com/mozen/springboothibernatesearch/ReflectionUtils.java:[9,16] sun.misc.Unsafe is internal proprietary API and may be removed in a future release
[WARNING] /app/src/test/java/kex-tests/tests/com/mozen/springboothibernatesearch/service/ReflectionUtils.java:[9,16] sun.misc.Unsafe is internal proprietary API and may be removed in a future release
[WARNING] /app/src/test/java/kex-tests/tests/com/mozen/springboothibernatesearch/model/ReflectionUtils.java:[9,16] sun.misc.Unsafe is internal proprietary API and may be removed in a future release
[WARNING] /app/src/test/java/kex-tests/tests/com/mozen/springboothibernatesearch/index/ReflectionUtils.java:[9,16] sun.misc.Unsafe is internal proprietary API and may be removed in a future release
[WARNING] /app/src/test/java/kex-tests/tests/com/mozen/springboothibernatesearch/controller/ReflectionUtils.java:[9,16] sun.misc.Unsafe is internal proprietary API and may be removed in a future release
[WARNING] /app/src/test/java/kex-tests/tests/com/mozen/springboothibernatesearch/ReflectionUtils.java:[9,16] sun.misc.Unsafe is internal proprietary API and may be removed in a future release
[WARNING] /app/src/test/java/kex-tests/tests/com/mozen/springboothibernatesearch/service/ReflectionUtils.java:[9,16] sun.misc.Unsafe is internal proprietary API and may be removed in a future release
[WARNING] /app/src/test/java/kex-tests/tests/com/mozen/springboothibernatesearch/model/ReflectionUtils.java:[9,16] sun.misc.Unsafe is internal proprietary API and may be removed in a future release
[WARNING] /app/src/test/java/kex-tests/tests/com/mozen/springboothibernatesearch/index/ReflectionUtils.java:[9,16] sun.misc.Unsafe is internal proprietary API and may be removed in a future release
[WARNING] /app/src/test/java/kex-tests/tests/com/mozen/springboothibernatesearch/controller/ReflectionUtils.java:[9,16] sun.misc.Unsafe is internal proprietary API and may be removed in a future release
[WARNING] /app/src/test/java/kex-tests/tests/com/mozen/springboothibernatesearch/ReflectionUtils.java:[9,16] sun.misc.Unsafe is internal proprietary API and may be removed in a future release
[WARNING] /app/src/test/java/kex-tests/tests/com/mozen/springboothibernatesearch/service/ReflectionUtils.java:[9,16] sun.misc.Unsafe is internal proprietary API and may be removed in a future release
[WARNING] /app/src/test/java/kex-tests/tests/com/mozen/springboothibernatesearch/model/ReflectionUtils.java:[9,16] sun.misc.Unsafe is internal proprietary API and may be removed in a future release
[WARNING] /app/src/test/java/kex-tests/tests/com/mozen/springboothibernatesearch/index/ReflectionUtils.java:[9,16] sun.misc.Unsafe is internal proprietary API and may be removed in a future release
[WARNING] /app/src/test/java/kex-tests/tests/com/mozen/springboothibernatesearch/controller/ReflectionUtils.java:[9,16] sun.misc.Unsafe is internal proprietary API and may be removed in a future release
[WARNING] /app/src/test/java/kex-tests/tests/com/mozen/springboothibernatesearch/ReflectionUtils.java:[9,16] sun.misc.Unsafe is internal proprietary API and may be removed in a future release
[WARNING] /app/src/test/java/kex-tests/tests/com/mozen/springboothibernatesearch/service/ReflectionUtils.java:[9,16] sun.misc.Unsafe is internal proprietary API and may be removed in a future release
[WARNING] /app/src/test/java/kex-tests/tests/com/mozen/springboothibernatesearch/model/ReflectionUtils.java:[13,25] sun.misc.Unsafe is internal proprietary API and may be removed in a future release
[WARNING] /app/src/test/java/kex-tests/tests/com/mozen/springboothibernatesearch/model/ReflectionUtils.java:[13,25] sun.misc.Unsafe is internal proprietary API and may be removed in a future release
[WARNING] /app/src/test/java/kex-tests/tests/com/mozen/springboothibernatesearch/model/ReflectionUtils.java:[13,25] sun.misc.Unsafe is internal proprietary API and may be removed in a future release
[WARNING] /app/src/test/java/kex-tests/tests/com/mozen/springboothibernatesearch/model/ReflectionUtils.java:[13,25] sun.misc.Unsafe is internal proprietary API and may be removed in a future release
[WARNING] /app/src/test/java/kex-tests/tests/com/mozen/springboothibernatesearch/model/ReflectionUtils.java:[13,25] sun.misc.Unsafe is internal proprietary API and may be removed in a future release
[WARNING] /app/src/test/java/kex-tests/tests/com/mozen/springboothibernatesearch/model/ReflectionUtils.java:[17,31] sun.misc.Unsafe is internal proprietary API and may be removed in a future release
[WARNING] /app/src/test/java/kex-tests/tests/com/mozen/springboothibernatesearch/model/ReflectionUtils.java:[19,23] sun.misc.Unsafe is internal proprietary API and may be removed in a future release
[WARNING] /app/src/test/java/kex-tests/tests/com/mozen/springboothibernatesearch/index/ReflectionUtils.java:[13,25] sun.misc.Unsafe is internal proprietary API and may be removed in a future release
[WARNING] /app/src/test/java/kex-tests/tests/com/mozen/springboothibernatesearch/index/ReflectionUtils.java:[13,25] sun.misc.Unsafe is internal proprietary API and may be removed in a future release
[WARNING] /app/src/test/java/kex-tests/tests/com/mozen/springboothibernatesearch/index/ReflectionUtils.java:[13,25] sun.misc.Unsafe is internal proprietary API and may be removed in a future release
[WARNING] /app/src/test/java/kex-tests/tests/com/mozen/springboothibernatesearch/index/ReflectionUtils.java:[13,25] sun.misc.Unsafe is internal proprietary API and may be removed in a future release
[WARNING] /app/src/test/java/kex-tests/tests/com/mozen/springboothibernatesearch/index/ReflectionUtils.java:[13,25] sun.misc.Unsafe is internal proprietary API and may be removed in a future release
[WARNING] /app/src/test/java/kex-tests/tests/com/mozen/springboothibernatesearch/index/ReflectionUtils.java:[17,31] sun.misc.Unsafe is internal proprietary API and may be removed in a future release
[WARNING] /app/src/test/java/kex-tests/tests/com/mozen/springboothibernatesearch/index/ReflectionUtils.java:[19,23] sun.misc.Unsafe is internal proprietary API and may be removed in a future release
[WARNING] /app/src/test/java/kex-tests/tests/com/mozen/springboothibernatesearch/controller/ReflectionUtils.java:[13,25] sun.misc.Unsafe is internal proprietary API and may be removed in a future release
[WARNING] /app/src/test/java/kex-tests/tests/com/mozen/springboothibernatesearch/controller/ReflectionUtils.java:[13,25] sun.misc.Unsafe is internal proprietary API and may be removed in a future release
[WARNING] /app/src/test/java/kex-tests/tests/com/mozen/springboothibernatesearch/controller/ReflectionUtils.java:[13,25] sun.misc.Unsafe is internal proprietary API and may be removed in a future release
[WARNING] /app/src/test/java/kex-tests/tests/com/mozen/springboothibernatesearch/controller/ReflectionUtils.java:[13,25] sun.misc.Unsafe is internal proprietary API and may be removed in a future release
[WARNING] /app/src/test/java/kex-tests/tests/com/mozen/springboothibernatesearch/controller/ReflectionUtils.java:[13,25] sun.misc.Unsafe is internal proprietary API and may be removed in a future release
[WARNING] /app/src/test/java/kex-tests/tests/com/mozen/springboothibernatesearch/controller/ReflectionUtils.java:[17,31] sun.misc.Unsafe is internal proprietary API and may be removed in a future release
[WARNING] /app/src/test/java/kex-tests/tests/com/mozen/springboothibernatesearch/controller/ReflectionUtils.java:[19,23] sun.misc.Unsafe is internal proprietary API and may be removed in a future release
[WARNING] /app/src/test/java/kex-tests/tests/com/mozen/springboothibernatesearch/ReflectionUtils.java:[13,25] sun.misc.Unsafe is internal proprietary API and may be removed in a future release
[WARNING] /app/src/test/java/kex-tests/tests/com/mozen/springboothibernatesearch/ReflectionUtils.java:[13,25] sun.misc.Unsafe is internal proprietary API and may be removed in a future release
[WARNING] /app/src/test/java/kex-tests/tests/com/mozen/springboothibernatesearch/ReflectionUtils.java:[13,25] sun.misc.Unsafe is internal proprietary API and may be removed in a future release
[WARNING] /app/src/test/java/kex-tests/tests/com/mozen/springboothibernatesearch/ReflectionUtils.java:[13,25] sun.misc.Unsafe is internal proprietary API and may be removed in a future release
[WARNING] /app/src/test/java/kex-tests/tests/com/mozen/springboothibernatesearch/ReflectionUtils.java:[13,25] sun.misc.Unsafe is internal proprietary API and may be removed in a future release
[WARNING] /app/src/test/java/kex-tests/tests/com/mozen/springboothibernatesearch/ReflectionUtils.java:[17,31] sun.misc.Unsafe is internal proprietary API and may be removed in a future release
[WARNING] /app/src/test/java/kex-tests/tests/com/mozen/springboothibernatesearch/ReflectionUtils.java:[19,23] sun.misc.Unsafe is internal proprietary API and may be removed in a future release
[WARNING] /app/src/test/java/kex-tests/tests/com/mozen/springboothibernatesearch/service/ReflectionUtils.java:[13,25] sun.misc.Unsafe is internal proprietary API and may be removed in a future release
[WARNING] /app/src/test/java/kex-tests/tests/com/mozen/springboothibernatesearch/service/ReflectionUtils.java:[13,25] sun.misc.Unsafe is internal proprietary API and may be removed in a future release
[WARNING] /app/src/test/java/kex-tests/tests/com/mozen/springboothibernatesearch/service/ReflectionUtils.java:[13,25] sun.misc.Unsafe is internal proprietary API and may be removed in a future release
[WARNING] /app/src/test/java/kex-tests/tests/com/mozen/springboothibernatesearch/service/ReflectionUtils.java:[13,25] sun.misc.Unsafe is internal proprietary API and may be removed in a future release
[WARNING] /app/src/test/java/kex-tests/tests/com/mozen/springboothibernatesearch/service/ReflectionUtils.java:[13,25] sun.misc.Unsafe is internal proprietary API and may be removed in a future release
[WARNING] /app/src/test/java/kex-tests/tests/com/mozen/springboothibernatesearch/service/ReflectionUtils.java:[17,31] sun.misc.Unsafe is internal proprietary API and may be removed in a future release
[WARNING] /app/src/test/java/kex-tests/tests/com/mozen/springboothibernatesearch/service/ReflectionUtils.java:[19,23] sun.misc.Unsafe is internal proprietary API and may be removed in a future release
[INFO] /app/src/test/java/kex-tests/tests/com/mozen/springboothibernatesearch/model/Plant_setFamily_68005071910.java: Some input files use or override a deprecated API.
[INFO] /app/src/test/java/kex-tests/tests/com/mozen/springboothibernatesearch/model/Plant_setFamily_68005071910.java: Recompile with -Xlint:deprecation for details.
[INFO] /app/src/test/java/kex-tests/tests/com/mozen/springboothibernatesearch/model/SearchRequestDTO_setFields_6215538285.java: Some input files use unchecked or unsafe operations.
[INFO] /app/src/test/java/kex-tests/tests/com/mozen/springboothibernatesearch/model/SearchRequestDTO_setFields_6215538285.java: Recompile with -Xlint:unchecked for details.
[INFO] 
[INFO] --- maven-surefire-plugin:2.22.2:test (default-test) @ spring-boot-hibernate-search ---
[INFO] 
[INFO] -------------------------------------------------------
[INFO]  T E S T S
[INFO] -------------------------------------------------------
[INFO] Running com.mozen.springboothibernatesearch.model.Plant_getFamily_176900276121
[INFO] Tests run: 1, Failures: 0, Errors: 0, Skipped: 0, Time elapsed: 0.011 s - in com.mozen.springboothibernatesearch.model.Plant_getFamily_176900276121
[INFO] Running com.mozen.springboothibernatesearch.model.Plant_setName_12667396568
[INFO] Tests run: 1, Failures: 0, Errors: 0, Skipped: 0, Time elapsed: 0 s - in com.mozen.springboothibernatesearch.model.Plant_setName_12667396568
[INFO] Running com.mozen.springboothibernatesearch.model.SearchRequestDTO_setFields_62155382816
[INFO] Tests run: 1, Failures: 0, Errors: 0, Skipped: 0, Time elapsed: 0 s - in com.mozen.springboothibernatesearch.model.SearchRequestDTO_setFields_62155382816
[INFO] Running com.mozen.springboothibernatesearch.model.Plant_getCreatedAt_16934172856
[INFO] Tests run: 1, Failures: 0, Errors: 0, Skipped: 0, Time elapsed: 0 s - in com.mozen.springboothibernatesearch.model.Plant_getCreatedAt_16934172856
[INFO] Running com.mozen.springboothibernatesearch.model.Plant_init_1331649760
[INFO] Tests run: 1, Failures: 0, Errors: 0, Skipped: 0, Time elapsed: 0 s - in com.mozen.springboothibernatesearch.model.Plant_init_1331649760
[INFO] Running com.mozen.springboothibernatesearch.model.Plant_setId_68450990123
[INFO] Tests run: 1, Failures: 0, Errors: 0, Skipped: 0, Time elapsed: 0 s - in com.mozen.springboothibernatesearch.model.Plant_setId_68450990123
[INFO] Running com.mozen.springboothibernatesearch.model.SearchRequestDTO_canEqual_74088749219
[INFO] Tests run: 1, Failures: 0, Errors: 0, Skipped: 0, Time elapsed: 0 s - in com.mozen.springboothibernatesearch.model.SearchRequestDTO_canEqual_74088749219
[INFO] Running com.mozen.springboothibernatesearch.model.Plant_hashCode_118938051731
[INFO] Tests run: 1, Failures: 0, Errors: 0, Skipped: 0, Time elapsed: 0 s - in com.mozen.springboothibernatesearch.model.Plant_hashCode_118938051731
[INFO] Running com.mozen.springboothibernatesearch.model.Plant_init_7303308031
[INFO] Tests run: 1, Failures: 0, Errors: 0, Skipped: 0, Time elapsed: 0.001 s - in com.mozen.springboothibernatesearch.model.Plant_init_7303308031
[INFO] Running com.mozen.springboothibernatesearch.model.Plant_setCreatedAt_159355399711
[INFO] Tests run: 1, Failures: 0, Errors: 0, Skipped: 0, Time elapsed: 0 s - in com.mozen.springboothibernatesearch.model.Plant_setCreatedAt_159355399711
[INFO] Running com.mozen.springboothibernatesearch.model.Plant_equals_163806719229
[INFO] Tests run: 1, Failures: 0, Errors: 0, Skipped: 0, Time elapsed: 0 s - in com.mozen.springboothibernatesearch.model.Plant_equals_163806719229
[INFO] Running com.mozen.springboothibernatesearch.model.SearchRequestDTO_setText_2587915674
[INFO] Tests run: 1, Failures: 0, Errors: 0, Skipped: 0, Time elapsed: 0 s - in com.mozen.springboothibernatesearch.model.SearchRequestDTO_setText_2587915674
[INFO] Running com.mozen.springboothibernatesearch.model.Plant_toString_67862082712
[INFO] Tests run: 1, Failures: 0, Errors: 0, Skipped: 0, Time elapsed: 0 s - in com.mozen.springboothibernatesearch.model.Plant_toString_67862082712
[INFO] Running com.mozen.springboothibernatesearch.model.Plant_setScientificName_16420023925
[INFO] Tests run: 1, Failures: 0, Errors: 0, Skipped: 0, Time elapsed: 0 s - in com.mozen.springboothibernatesearch.model.Plant_setScientificName_16420023925
[INFO] Running com.mozen.springboothibernatesearch.model.Plant_init_73033080317
[INFO] Tests run: 1, Failures: 0, Errors: 0, Skipped: 0, Time elapsed: 0.001 s - in com.mozen.springboothibernatesearch.model.Plant_init_73033080317
[INFO] Running com.mozen.springboothibernatesearch.model.Plant_setCreatedAt_159355399727
[INFO] Tests run: 1, Failures: 0, Errors: 0, Skipped: 0, Time elapsed: 0.001 s - in com.mozen.springboothibernatesearch.model.Plant_setCreatedAt_159355399727
[INFO] Running com.mozen.springboothibernatesearch.model.Plant_hashCode_118938051715
[INFO] Tests run: 1, Failures: 0, Errors: 0, Skipped: 0, Time elapsed: 0 s - in com.mozen.springboothibernatesearch.model.Plant_hashCode_118938051715
[INFO] Running com.mozen.springboothibernatesearch.model.Plant_setId_6845099017
[INFO] Tests run: 1, Failures: 0, Errors: 0, Skipped: 0, Time elapsed: 0 s - in com.mozen.springboothibernatesearch.model.Plant_setId_6845099017
[INFO] Running com.mozen.springboothibernatesearch.model.SearchRequestDTO_getLimit_49843624614
[INFO] Tests run: 1, Failures: 0, Errors: 0, Skipped: 0, Time elapsed: 0 s - in com.mozen.springboothibernatesearch.model.SearchRequestDTO_getLimit_49843624614
[INFO] Running com.mozen.springboothibernatesearch.model.SearchRequestDTO_equals_632751377
[INFO] Tests run: 1, Failures: 0, Errors: 0, Skipped: 0, Time elapsed: 0 s - in com.mozen.springboothibernatesearch.model.SearchRequestDTO_equals_632751377
[INFO] Running com.mozen.springboothibernatesearch.model.SearchRequestDTO_getLimit_4984362463
[INFO] Tests run: 1, Failures: 0, Errors: 0, Skipped: 0, Time elapsed: 0 s - in com.mozen.springboothibernatesearch.model.SearchRequestDTO_getLimit_4984362463
[INFO] Running com.mozen.springboothibernatesearch.model.SearchRequestDTO_hashCode_51196181220
[INFO] Tests run: 1, Failures: 0, Errors: 0, Skipped: 0, Time elapsed: 0 s - in com.mozen.springboothibernatesearch.model.SearchRequestDTO_hashCode_51196181220
[INFO] Running com.mozen.springboothibernatesearch.model.SearchRequestDTO_getText_197866813512
[INFO] Tests run: 1, Failures: 0, Errors: 0, Skipped: 0, Time elapsed: 0 s - in com.mozen.springboothibernatesearch.model.SearchRequestDTO_getText_197866813512
[INFO] Running com.mozen.springboothibernatesearch.model.SearchRequestDTO_setFields_6215538285
[INFO] Tests run: 1, Failures: 0, Errors: 0, Skipped: 0, Time elapsed: 0 s - in com.mozen.springboothibernatesearch.model.SearchRequestDTO_setFields_6215538285
[INFO] Running com.mozen.springboothibernatesearch.model.SearchRequestDTO_hashCode_5119618129
[INFO] Tests run: 1, Failures: 0, Errors: 0, Skipped: 0, Time elapsed: 0 s - in com.mozen.springboothibernatesearch.model.SearchRequestDTO_hashCode_5119618129
[INFO] Running com.mozen.springboothibernatesearch.model.Plant_setFamily_68005071926
[INFO] Tests run: 1, Failures: 0, Errors: 0, Skipped: 0, Time elapsed: 0.001 s - in com.mozen.springboothibernatesearch.model.Plant_setFamily_68005071926
[INFO] Running com.mozen.springboothibernatesearch.model.Plant_getScientificName_55496602320
[INFO] Tests run: 1, Failures: 0, Errors: 0, Skipped: 0, Time elapsed: 0 s - in com.mozen.springboothibernatesearch.model.Plant_getScientificName_55496602320
[INFO] Running com.mozen.springboothibernatesearch.model.Plant_getId_11145516592
[INFO] Tests run: 1, Failures: 0, Errors: 0, Skipped: 0, Time elapsed: 0 s - in com.mozen.springboothibernatesearch.model.Plant_getId_11145516592
[INFO] Running com.mozen.springboothibernatesearch.model.Plant_getName_45313691219
[INFO] Tests run: 1, Failures: 0, Errors: 0, Skipped: 0, Time elapsed: 0 s - in com.mozen.springboothibernatesearch.model.Plant_getName_45313691219
[INFO] Running com.mozen.springboothibernatesearch.model.Plant_setName_126673965624
[INFO] Tests run: 1, Failures: 0, Errors: 0, Skipped: 0, Time elapsed: 0 s - in com.mozen.springboothibernatesearch.model.Plant_setName_126673965624
[INFO] Running com.mozen.springboothibernatesearch.model.Plant_setScientificName_1642002399
[INFO] Tests run: 1, Failures: 0, Errors: 0, Skipped: 0, Time elapsed: 0 s - in com.mozen.springboothibernatesearch.model.Plant_setScientificName_1642002399
[INFO] Running com.mozen.springboothibernatesearch.model.SearchRequestDTO_init_15681773530
[INFO] Tests run: 1, Failures: 0, Errors: 0, Skipped: 0, Time elapsed: 0 s - in com.mozen.springboothibernatesearch.model.SearchRequestDTO_init_15681773530
[INFO] Running com.mozen.springboothibernatesearch.model.Plant_getCreatedAt_169341728522
[INFO] Tests run: 1, Failures: 0, Errors: 0, Skipped: 0, Time elapsed: 0 s - in com.mozen.springboothibernatesearch.model.Plant_getCreatedAt_169341728522
[INFO] Running com.mozen.springboothibernatesearch.model.Plant_getId_111455165918
[INFO] Tests run: 1, Failures: 0, Errors: 0, Skipped: 0, Time elapsed: 0 s - in com.mozen.springboothibernatesearch.model.Plant_getId_111455165918
[INFO] Running com.mozen.springboothibernatesearch.model.SearchRequestDTO_setLimit_185609856017
[INFO] Tests run: 1, Failures: 0, Errors: 0, Skipped: 0, Time elapsed: 0 s - in com.mozen.springboothibernatesearch.model.SearchRequestDTO_setLimit_185609856017
[INFO] Running com.mozen.springboothibernatesearch.model.SearchRequestDTO_getFields_30460124613
[INFO] Tests run: 1, Failures: 0, Errors: 0, Skipped: 0, Time elapsed: 0 s - in com.mozen.springboothibernatesearch.model.SearchRequestDTO_getFields_30460124613
[INFO] Running com.mozen.springboothibernatesearch.model.Plant_setFamily_68005071910
[INFO] Tests run: 1, Failures: 0, Errors: 0, Skipped: 0, Time elapsed: 0.001 s - in com.mozen.springboothibernatesearch.model.Plant_setFamily_68005071910
[INFO] Running com.mozen.springboothibernatesearch.model.Plant_init_13316497616
[INFO] Tests run: 1, Failures: 0, Errors: 0, Skipped: 0, Time elapsed: 0 s - in com.mozen.springboothibernatesearch.model.Plant_init_13316497616
[INFO] Running com.mozen.springboothibernatesearch.model.Plant_getScientificName_5549660234
[INFO] Tests run: 1, Failures: 0, Errors: 0, Skipped: 0, Time elapsed: 0 s - in com.mozen.springboothibernatesearch.model.Plant_getScientificName_5549660234
[INFO] Running com.mozen.springboothibernatesearch.model.SearchRequestDTO_toString_102272150210
[INFO] Tests run: 1, Failures: 0, Errors: 0, Skipped: 0, Time elapsed: 0 s - in com.mozen.springboothibernatesearch.model.SearchRequestDTO_toString_102272150210
[INFO] Running com.mozen.springboothibernatesearch.model.Plant_equals_163806719213
[INFO] Tests run: 1, Failures: 0, Errors: 0, Skipped: 0, Time elapsed: 0.001 s - in com.mozen.springboothibernatesearch.model.Plant_equals_163806719213
[INFO] Running com.mozen.springboothibernatesearch.model.Plant_getName_4531369123
[INFO] Tests run: 1, Failures: 0, Errors: 0, Skipped: 0, Time elapsed: 0 s - in com.mozen.springboothibernatesearch.model.Plant_getName_4531369123
[INFO] Running com.mozen.springboothibernatesearch.model.SearchRequestDTO_equals_6327513718
[INFO] Tests run: 1, Failures: 0, Errors: 0, Skipped: 0, Time elapsed: 0 s - in com.mozen.springboothibernatesearch.model.SearchRequestDTO_equals_6327513718
[INFO] Running com.mozen.springboothibernatesearch.model.SearchRequestDTO_canEqual_7408874928
[INFO] Tests run: 1, Failures: 0, Errors: 0, Skipped: 0, Time elapsed: 0.001 s - in com.mozen.springboothibernatesearch.model.SearchRequestDTO_canEqual_7408874928
[INFO] Running com.mozen.springboothibernatesearch.model.SearchRequestDTO_init_156817735311
[INFO] Tests run: 1, Failures: 0, Errors: 0, Skipped: 0, Time elapsed: 0 s - in com.mozen.springboothibernatesearch.model.SearchRequestDTO_init_156817735311
[INFO] Running com.mozen.springboothibernatesearch.model.Plant_canEqual_185273747530
[INFO] Tests run: 1, Failures: 0, Errors: 0, Skipped: 0, Time elapsed: 0 s - in com.mozen.springboothibernatesearch.model.Plant_canEqual_185273747530
[INFO] Running com.mozen.springboothibernatesearch.model.Plant_toString_67862082728
[INFO] Tests run: 1, Failures: 0, Errors: 0, Skipped: 0, Time elapsed: 0 s - in com.mozen.springboothibernatesearch.model.Plant_toString_67862082728
[INFO] Running com.mozen.springboothibernatesearch.model.Plant_getFamily_17690027615
[INFO] Tests run: 1, Failures: 0, Errors: 0, Skipped: 0, Time elapsed: 0 s - in com.mozen.springboothibernatesearch.model.Plant_getFamily_17690027615
[INFO] Running com.mozen.springboothibernatesearch.model.SearchRequestDTO_getFields_3046012462
[INFO] Tests run: 1, Failures: 0, Errors: 0, Skipped: 0, Time elapsed: 0 s - in com.mozen.springboothibernatesearch.model.SearchRequestDTO_getFields_3046012462
[INFO] Running com.mozen.springboothibernatesearch.model.Plant_canEqual_185273747514
[INFO] Tests run: 1, Failures: 0, Errors: 0, Skipped: 0, Time elapsed: 0 s - in com.mozen.springboothibernatesearch.model.Plant_canEqual_185273747514
[INFO] Running com.mozen.springboothibernatesearch.model.SearchRequestDTO_setLimit_18560985606
[INFO] Tests run: 1, Failures: 0, Errors: 0, Skipped: 0, Time elapsed: 0 s - in com.mozen.springboothibernatesearch.model.SearchRequestDTO_setLimit_18560985606
[INFO] Running com.mozen.springboothibernatesearch.model.SearchRequestDTO_toString_102272150221
[INFO] Tests run: 1, Failures: 0, Errors: 0, Skipped: 0, Time elapsed: 0 s - in com.mozen.springboothibernatesearch.model.SearchRequestDTO_toString_102272150221
[INFO] Running com.mozen.springboothibernatesearch.model.SearchRequestDTO_getText_19786681351
[INFO] Tests run: 1, Failures: 0, Errors: 0, Skipped: 0, Time elapsed: 0 s - in com.mozen.springboothibernatesearch.model.SearchRequestDTO_getText_19786681351
[INFO] Running com.mozen.springboothibernatesearch.model.SearchRequestDTO_setText_25879156715
[INFO] Tests run: 1, Failures: 0, Errors: 0, Skipped: 0, Time elapsed: 0.001 s - in com.mozen.springboothibernatesearch.model.SearchRequestDTO_setText_25879156715
[INFO] Running com.mozen.springboothibernatesearch.Application_init_18824447410
[INFO] Tests run: 1, Failures: 0, Errors: 0, Skipped: 0, Time elapsed: 0 s - in com.mozen.springboothibernatesearch.Application_init_18824447410
[INFO] Running com.mozen.springboothibernatesearch.ApplicationConfiguration_init_13010753111
[INFO] Tests run: 1, Failures: 0, Errors: 0, Skipped: 0, Time elapsed: 0 s - in com.mozen.springboothibernatesearch.ApplicationConfiguration_init_13010753111
[INFO] Running com.mozen.springboothibernatesearch.Application_init_18824447411
[INFO] Tests run: 1, Failures: 0, Errors: 0, Skipped: 0, Time elapsed: 0 s - in com.mozen.springboothibernatesearch.Application_init_18824447411
[INFO] Running com.mozen.springboothibernatesearch.ApplicationConfiguration_init_13010753110
[INFO] Tests run: 1, Failures: 0, Errors: 0, Skipped: 0, Time elapsed: 0 s - in com.mozen.springboothibernatesearch.ApplicationConfiguration_init_13010753110
[INFO] Running com.mozen.springboothibernatesearch.controller.PlantController_init_17546170392
[INFO] Tests run: 1, Failures: 0, Errors: 0, Skipped: 0, Time elapsed: 0.052 s - in com.mozen.springboothibernatesearch.controller.PlantController_init_17546170392
[INFO] Running com.mozen.springboothibernatesearch.controller.PlantController_init_17546170390
[INFO] Tests run: 1, Failures: 0, Errors: 0, Skipped: 0, Time elapsed: 0 s - in com.mozen.springboothibernatesearch.controller.PlantController_init_17546170390
[INFO] Running com.mozen.springboothibernatesearch.controller.PlantController_searchPlants_7125128033
15:24:44.525 [Time-limited test] INFO com.mozen.springboothibernatesearch.controller.PlantController - Request for plant search received with data : null
[ERROR] Tests run: 1, Failures: 0, Errors: 1, Skipped: 0, Time elapsed: 0.014 s <<< FAILURE! - in com.mozen.springboothibernatesearch.controller.PlantController_searchPlants_7125128033
[ERROR] test  Time elapsed: 0.014 s  <<< ERROR!
java.lang.NullPointerException
	at com.mozen.springboothibernatesearch.controller.PlantController_searchPlants_7125128033.test(PlantController_searchPlants_7125128033.java:45)

[INFO] Running com.mozen.springboothibernatesearch.controller.PlantController_searchPlants_7125128031
15:24:44.536 [Time-limited test] INFO com.mozen.springboothibernatesearch.controller.PlantController - Request for plant search received with data : SearchRequestDTO(text=PAEBtnZtTD, fields=[], limit=568599855)
[ERROR] Tests run: 1, Failures: 0, Errors: 1, Skipped: 0, Time elapsed: 0 s <<< FAILURE! - in com.mozen.springboothibernatesearch.controller.PlantController_searchPlants_7125128031
[ERROR] test  Time elapsed: 0 s  <<< ERROR!
java.lang.NullPointerException
	at com.mozen.springboothibernatesearch.controller.PlantController_searchPlants_7125128031.test(PlantController_searchPlants_7125128031.java:52)

[INFO] Running com.mozen.springboothibernatesearch.index.Indexer_indexPersistedData_1752307610
[ERROR] Tests run: 1, Failures: 0, Errors: 1, Skipped: 0, Time elapsed: 0 s <<< FAILURE! - in com.mozen.springboothibernatesearch.index.Indexer_indexPersistedData_1752307610
[ERROR] test  Time elapsed: 0 s  <<< ERROR!
java.lang.NullPointerException
	at com.mozen.springboothibernatesearch.index.Indexer_indexPersistedData_1752307610.test(Indexer_indexPersistedData_1752307610.java:42)

[INFO] Running com.mozen.springboothibernatesearch.index.IndexException_init_8540346935
[INFO] Tests run: 1, Failures: 0, Errors: 0, Skipped: 0, Time elapsed: 0 s - in com.mozen.springboothibernatesearch.index.IndexException_init_8540346935
[INFO] Running com.mozen.springboothibernatesearch.index.IndexException_init_10062878163
[INFO] Tests run: 1, Failures: 0, Errors: 0, Skipped: 0, Time elapsed: 0 s - in com.mozen.springboothibernatesearch.index.IndexException_init_10062878163
[INFO] Running com.mozen.springboothibernatesearch.index.IndexException_init_5933520126
[INFO] Tests run: 1, Failures: 0, Errors: 0, Skipped: 0, Time elapsed: 0 s - in com.mozen.springboothibernatesearch.index.IndexException_init_5933520126
[INFO] Running com.mozen.springboothibernatesearch.index.IndexException_init_1342439219
[INFO] Tests run: 1, Failures: 0, Errors: 0, Skipped: 0, Time elapsed: 0.001 s - in com.mozen.springboothibernatesearch.index.IndexException_init_1342439219
[INFO] Running com.mozen.springboothibernatesearch.index.IndexException_init_1342439214
[INFO] Tests run: 1, Failures: 0, Errors: 0, Skipped: 0, Time elapsed: 0 s - in com.mozen.springboothibernatesearch.index.IndexException_init_1342439214
[INFO] Running com.mozen.springboothibernatesearch.index.IndexException_init_8540346930
[INFO] Tests run: 1, Failures: 0, Errors: 0, Skipped: 0, Time elapsed: 0 s - in com.mozen.springboothibernatesearch.index.IndexException_init_8540346930
[INFO] Running com.mozen.springboothibernatesearch.index.IndexException_init_2906355967
[INFO] Tests run: 1, Failures: 0, Errors: 0, Skipped: 0, Time elapsed: 0 s - in com.mozen.springboothibernatesearch.index.IndexException_init_2906355967
[INFO] Running com.mozen.springboothibernatesearch.index.IndexException_init_5933520121
[ERROR] Tests run: 1, Failures: 0, Errors: 1, Skipped: 0, Time elapsed: 0.001 s <<< FAILURE! - in com.mozen.springboothibernatesearch.index.IndexException_init_5933520121
[ERROR] test  Time elapsed: 0.001 s  <<< ERROR!
java.lang.ClassNotFoundException: kex.java.util.ArrayList
	at com.mozen.springboothibernatesearch.index.IndexException_init_5933520121.setup(IndexException_init_5933520121.java:51)

[INFO] Running com.mozen.springboothibernatesearch.index.IndexException_init_2906355962
[INFO] Tests run: 1, Failures: 0, Errors: 0, Skipped: 0, Time elapsed: 0.003 s - in com.mozen.springboothibernatesearch.index.IndexException_init_2906355962
[INFO] Running com.mozen.springboothibernatesearch.index.IndexException_init_10062878168
[INFO] Tests run: 1, Failures: 0, Errors: 0, Skipped: 0, Time elapsed: 0 s - in com.mozen.springboothibernatesearch.index.IndexException_init_10062878168
[INFO] Running com.mozen.springboothibernatesearch.service.PlantService_searchPlants_13687480520
[ERROR] Tests run: 1, Failures: 0, Errors: 1, Skipped: 0, Time elapsed: 0.002 s <<< FAILURE! - in com.mozen.springboothibernatesearch.service.PlantService_searchPlants_13687480520
[ERROR] test  Time elapsed: 0.002 s  <<< ERROR!
java.lang.NullPointerException
	at com.mozen.springboothibernatesearch.service.PlantService_searchPlants_13687480520.test(PlantService_searchPlants_13687480520.java:58)

[INFO] Running com.mozen.springboothibernatesearch.DemoApplicationTests
15:24:44.654 [main] DEBUG org.springframework.test.context.BootstrapUtils - Instantiating CacheAwareContextLoaderDelegate from class [org.springframework.test.context.cache.DefaultCacheAwareContextLoaderDelegate]
15:24:44.665 [main] DEBUG org.springframework.test.context.BootstrapUtils - Instantiating BootstrapContext using constructor [public org.springframework.test.context.support.DefaultBootstrapContext(java.lang.Class,org.springframework.test.context.CacheAwareContextLoaderDelegate)]
15:24:44.715 [main] DEBUG org.springframework.test.context.BootstrapUtils - Instantiating TestContextBootstrapper for test class [com.mozen.springboothibernatesearch.DemoApplicationTests] from class [org.springframework.boot.test.context.SpringBootTestContextBootstrapper]
15:24:44.731 [main] INFO org.springframework.boot.test.context.SpringBootTestContextBootstrapper - Neither @ContextConfiguration nor @ContextHierarchy found for test class [com.mozen.springboothibernatesearch.DemoApplicationTests], using SpringBootContextLoader
15:24:44.736 [main] DEBUG org.springframework.test.context.support.AbstractContextLoader - Did not detect default resource location for test class [com.mozen.springboothibernatesearch.DemoApplicationTests]: class path resource [com/mozen/springboothibernatesearch/DemoApplicationTests-context.xml] does not exist
15:24:44.737 [main] DEBUG org.springframework.test.context.support.AbstractContextLoader - Did not detect default resource location for test class [com.mozen.springboothibernatesearch.DemoApplicationTests]: class path resource [com/mozen/springboothibernatesearch/DemoApplicationTestsContext.groovy] does not exist
15:24:44.737 [main] INFO org.springframework.test.context.support.AbstractContextLoader - Could not detect default resource locations for test class [com.mozen.springboothibernatesearch.DemoApplicationTests]: no resource found for suffixes {-context.xml, Context.groovy}.
15:24:44.738 [main] INFO org.springframework.test.context.support.AnnotationConfigContextLoaderUtils - Could not detect default configuration classes for test class [com.mozen.springboothibernatesearch.DemoApplicationTests]: DemoApplicationTests does not declare any static, non-private, non-final, nested classes annotated with @Configuration.
15:24:44.786 [main] DEBUG org.springframework.test.context.support.ActiveProfilesUtils - Could not find an 'annotation declaring class' for annotation type [org.springframework.test.context.ActiveProfiles] and class [com.mozen.springboothibernatesearch.DemoApplicationTests]
15:24:44.867 [main] DEBUG org.springframework.context.annotation.ClassPathScanningCandidateComponentProvider - Identified candidate component class: file [/app/target/classes/com/mozen/springboothibernatesearch/Application.class]
15:24:44.871 [main] INFO org.springframework.boot.test.context.SpringBootTestContextBootstrapper - Found @SpringBootConfiguration com.mozen.springboothibernatesearch.Application for test class com.mozen.springboothibernatesearch.DemoApplicationTests
15:24:44.984 [main] DEBUG org.springframework.boot.test.context.SpringBootTestContextBootstrapper - @TestExecutionListeners is not present for class [com.mozen.springboothibernatesearch.DemoApplicationTests]: using defaults.
15:24:44.984 [main] INFO org.springframework.boot.test.context.SpringBootTestContextBootstrapper - Loaded default TestExecutionListener class names from location [META-INF/spring.factories]: [org.springframework.boot.test.mock.mockito.MockitoTestExecutionListener, org.springframework.boot.test.mock.mockito.ResetMocksTestExecutionListener, org.springframework.boot.test.autoconfigure.restdocs.RestDocsTestExecutionListener, org.springframework.boot.test.autoconfigure.web.client.MockRestServiceServerResetTestExecutionListener, org.springframework.boot.test.autoconfigure.web.servlet.MockMvcPrintOnlyOnFailureTestExecutionListener, org.springframework.boot.test.autoconfigure.web.servlet.WebDriverTestExecutionListener, org.springframework.boot.test.autoconfigure.webservices.client.MockWebServiceServerTestExecutionListener, org.springframework.test.context.web.ServletTestExecutionListener, org.springframework.test.context.support.DirtiesContextBeforeModesTestExecutionListener, org.springframework.test.context.event.ApplicationEventsTestExecutionListener, org.springframework.test.context.support.DependencyInjectionTestExecutionListener, org.springframework.test.context.support.DirtiesContextTestExecutionListener, org.springframework.test.context.transaction.TransactionalTestExecutionListener, org.springframework.test.context.jdbc.SqlScriptsTestExecutionListener, org.springframework.test.context.event.EventPublishingTestExecutionListener]
15:24:45.006 [main] INFO org.springframework.boot.test.context.SpringBootTestContextBootstrapper - Using TestExecutionListeners: [org.springframework.test.context.web.ServletTestExecutionListener@77cf329d, org.springframework.test.context.support.DirtiesContextBeforeModesTestExecutionListener@4067634b, org.springframework.test.context.event.ApplicationEventsTestExecutionListener@3b64f131, org.springframework.boot.test.mock.mockito.MockitoTestExecutionListener@490d9c41, org.springframework.boot.test.autoconfigure.SpringBootDependencyInjectionTestExecutionListener@47d81427, org.springframework.test.context.support.DirtiesContextTestExecutionListener@3c5e4aac, org.springframework.test.context.transaction.TransactionalTestExecutionListener@20afd96f, org.springframework.test.context.jdbc.SqlScriptsTestExecutionListener@565a6af, org.springframework.test.context.event.EventPublishingTestExecutionListener@21bf308, org.springframework.boot.test.mock.mockito.ResetMocksTestExecutionListener@4cded2cd, org.springframework.boot.test.autoconfigure.restdocs.RestDocsTestExecutionListener@12e40e98, org.springframework.boot.test.autoconfigure.web.client.MockRestServiceServerResetTestExecutionListener@3a9c92b5, org.springframework.boot.test.autoconfigure.web.servlet.MockMvcPrintOnlyOnFailureTestExecutionListener@67c2b55d, org.springframework.boot.test.autoconfigure.web.servlet.WebDriverTestExecutionListener@5db04bd2, org.springframework.boot.test.autoconfigure.webservices.client.MockWebServiceServerTestExecutionListener@6f921e32]
15:24:45.010 [main] DEBUG org.springframework.test.context.support.AbstractDirtiesContextTestExecutionListener - Before test class: context [DefaultTestContext@5e3cb58e testClass = DemoApplicationTests, testInstance = [null], testMethod = [null], testException = [null], mergedContextConfiguration = [WebMergedContextConfiguration@18f8e2e0 testClass = DemoApplicationTests, locations = '{}', classes = '{class com.mozen.springboothibernatesearch.Application}', contextInitializerClasses = '[]', activeProfiles = '{}', propertySourceLocations = '{}', propertySourceProperties = '{org.springframework.boot.test.context.SpringBootTestContextBootstrapper=true}', contextCustomizers = set[org.springframework.boot.test.context.filter.ExcludeFilterContextCustomizer@6403a4a5, org.springframework.boot.test.json.DuplicateJsonObjectContextCustomizerFactory$DuplicateJsonObjectContextCustomizer@2df65a56, org.springframework.boot.test.mock.mockito.MockitoContextCustomizer@0, org.springframework.boot.test.web.client.TestRestTemplateContextCustomizer@69ed5ea2, org.springframework.boot.test.autoconfigure.actuate.metrics.MetricsExportContextCustomizerFactory$DisableMetricExportContextCustomizer@57151b3a, org.springframework.boot.test.autoconfigure.properties.PropertyMappingContextCustomizer@0, org.springframework.boot.test.autoconfigure.web.servlet.WebDriverContextCustomizerFactory$Customizer@355ce6a6, org.springframework.boot.test.context.SpringBootTestArgs@1, org.springframework.boot.test.context.SpringBootTestWebEnvironment@4cdd2c73], resourceBasePath = 'src/main/webapp', contextLoader = 'org.springframework.boot.test.context.SpringBootContextLoader', parent = [null]], attributes = map['org.springframework.test.context.web.ServletTestExecutionListener.activateListener' -> true]], class annotated with @DirtiesContext [false] with mode [null].

  .   ____          _            __ _ _
 /\\ / ___'_ __ _ _(_)_ __  __ _ \ \ \ \
( ( )\___ | '_ | '_| | '_ \/ _` | \ \ \ \
 \\/  ___)| |_)| | | | | || (_| |  ) ) ) )
  '  |____| .__|_| |_|_| |_\__, | / / / /
 =========|_|==============|___/=/_/_/_/
 :: Spring Boot ::                (v2.6.4)

2026-04-09 15:24:45.365  INFO 69 --- [           main] c.m.s.DemoApplicationTests               : Starting DemoApplicationTests using Java 11.0.16 on 39924ab5fc26 with PID 69 (started by root in /app)
2026-04-09 15:24:45.366  INFO 69 --- [           main] c.m.s.DemoApplicationTests               : No active profile set, falling back to 1 default profile: "default"
2026-04-09 15:24:45.806  INFO 69 --- [           main] .s.d.r.c.RepositoryConfigurationDelegate : Bootstrapping Spring Data JPA repositories in DEFAULT mode.
2026-04-09 15:24:45.855  INFO 69 --- [           main] .s.d.r.c.RepositoryConfigurationDelegate : Finished Spring Data repository scanning in 41 ms. Found 1 JPA repository interfaces.
2026-04-09 15:24:46.465  INFO 69 --- [           main] com.zaxxer.hikari.HikariDataSource       : HikariPool-1 - Starting...
2026-04-09 15:24:46.679  INFO 69 --- [           main] com.zaxxer.hikari.HikariDataSource       : HikariPool-1 - Start completed.
2026-04-09 15:24:46.760  INFO 69 --- [           main] o.hibernate.jpa.internal.util.LogHelper  : HHH000204: Processing PersistenceUnitInfo [name: default]
2026-04-09 15:24:46.818  INFO 69 --- [           main] org.hibernate.Version                    : HHH000412: Hibernate ORM core version 5.6.5.Final
2026-04-09 15:24:46.956  INFO 69 --- [           main] o.hibernate.annotations.common.Version   : HCANN000001: Hibernate Commons Annotations {5.1.2.Final}
2026-04-09 15:24:47.116  INFO 69 --- [           main] org.hibernate.dialect.Dialect            : HHH000400: Using dialect: org.hibernate.dialect.H2Dialect
2026-04-09 15:24:47.310  INFO 69 --- [           main] b.i.HibernateSearchPreIntegrationService : HSEARCH000034: Hibernate Search version 6.1.1.Final
2026-04-09 15:24:47.727  INFO 69 --- [           main] o.h.e.t.j.p.i.JtaPlatformInitiator       : HHH000490: Using JtaPlatform implementation: [org.hibernate.engine.transaction.jta.platform.internal.NoJtaPlatform]
2026-04-09 15:24:47.827  WARN 69 --- [           main] o.h.s.b.l.impl.LuceneBackendFactory      : HSEARCH000075: Missing value for configuration property 'hibernate.search.backend.lucene_version': using LATEST (currently '8.11.1'). Context: default backend
2026-04-09 15:24:47.985  INFO 69 --- [           main] o.h.s.b.l.l.d.impl.FileSystemUtils       : HSEARCH000041: Index directory does not exist, creating: '/app/./data/index/Plant'
2026-04-09 15:24:48.106  INFO 69 --- [           main] j.LocalContainerEntityManagerFactoryBean : Initialized JPA EntityManagerFactory for persistence unit 'default'
2026-04-09 15:24:48.984  INFO 69 --- [           main] c.m.s.DemoApplicationTests               : Started DemoApplicationTests in 3.933 seconds (JVM running for 5.361)
2026-04-09 15:24:49.453  INFO 69 --- [ ID loading - 0] s.m.p.m.i.PojoMassIndexingLoggingMonitor : HSEARCH000027: Mass indexing is going to index 10 entities.
2026-04-09 15:24:49.540  INFO 69 --- [           main] s.m.p.m.i.PojoMassIndexingLoggingMonitor : HSEARCH000028: Mass indexing complete. Indexed 10 entities.
[INFO] Tests run: 1, Failures: 0, Errors: 0, Skipped: 0, Time elapsed: 5.013 s - in com.mozen.springboothibernatesearch.DemoApplicationTests
2026-04-09 15:24:49.648  INFO 69 --- [ionShutdownHook] j.LocalContainerEntityManagerFactoryBean : Closing JPA EntityManagerFactory for persistence unit 'default'
2026-04-09 15:24:49.771  INFO 69 --- [ionShutdownHook] .SchemaDropperImpl$DelayedDropActionImpl : HHH000477: Starting delayed evictData of schema as part of SessionFactory shut-down'
2026-04-09 15:24:49.773  WARN 69 --- [ionShutdownHook] o.h.engine.jdbc.spi.SqlExceptionHelper   : SQL Error: 90121, SQLState: 90121
2026-04-09 15:24:49.773 ERROR 69 --- [ionShutdownHook] o.h.engine.jdbc.spi.SqlExceptionHelper   : Database is already closed (to disable automatic closing at VM shutdown, add ";DB_CLOSE_ON_EXIT=FALSE" to the db URL) [90121-200]
2026-04-09 15:24:49.774  WARN 69 --- [ionShutdownHook] o.h.engine.jdbc.spi.SqlExceptionHelper   : SQL Error: 90121, SQLState: 90121
2026-04-09 15:24:49.774 ERROR 69 --- [ionShutdownHook] o.h.engine.jdbc.spi.SqlExceptionHelper   : Database is already closed (to disable automatic closing at VM shutdown, add ";DB_CLOSE_ON_EXIT=FALSE" to the db URL) [90121-200]
2026-04-09 15:24:49.774  WARN 69 --- [ionShutdownHook] o.s.b.f.support.DisposableBeanAdapter    : Invocation of destroy method failed on bean with name 'entityManagerFactory': org.hibernate.exception.JDBCConnectionException: Unable to release JDBC Connection used for DDL execution
2026-04-09 15:24:49.774  INFO 69 --- [ionShutdownHook] com.zaxxer.hikari.HikariDataSource       : HikariPool-1 - Shutdown initiated...
2026-04-09 15:24:49.776  INFO 69 --- [ionShutdownHook] com.zaxxer.hikari.HikariDataSource       : HikariPool-1 - Shutdown completed.
[INFO] 
[INFO] Results:
[INFO] 
[ERROR] Errors: 
[ERROR]   PlantController_searchPlants_7125128031.test:52 » NullPointer
[ERROR]   PlantController_searchPlants_7125128033.test:45 » NullPointer
[ERROR]   IndexException_init_5933520121.setup:51 » ClassNotFound kex.java.util.ArrayLis...
[ERROR]   Indexer_indexPersistedData_1752307610.test:42 » NullPointer
[ERROR]   PlantService_searchPlants_13687480520.test:58 » NullPointer
[INFO] 
[ERROR] Tests run: 75, Failures: 0, Errors: 5, Skipped: 0
[INFO] 
[ERROR] There are test failures.

Please refer to /app/target/surefire-reports for the individual test results.
Please refer to dump files (if any exist) [date].dump, [date]-jvmRun[N].dump and [date].dumpstream.
[INFO] 
[INFO] --- jacoco-maven-plugin:0.8.11:report (report) @ spring-boot-hibernate-search ---
[INFO] Loading execution data file /app/target/jacoco.exec
[INFO] Analyzed bundle 'demo' with 9 classes
[INFO] 
[INFO] --- jacoco-maven-plugin:0.8.11:report (default-cli) @ spring-boot-hibernate-search ---
[INFO] Loading execution data file /app/target/jacoco.exec
[INFO] Analyzed bundle 'demo' with 9 classes
[INFO] ------------------------------------------------------------------------
[INFO] BUILD SUCCESS
[INFO] ------------------------------------------------------------------------
[INFO] Total time:  10.001 s
[INFO] Finished at: 2026-04-09T15:24:50Z
[INFO] ------------------------------------------------------------------------
