[INFO] Scanning for projects...
[INFO] 
[INFO] --------------< com.example:spring-security-jwt-tutorial >--------------
[INFO] Building Spring Security JWT Tutorial 0.0.1-SNAPSHOT
[INFO] --------------------------------[ jar ]---------------------------------
[INFO] 
[INFO] --- maven-clean-plugin:3.1.0:clean (default-clean) @ spring-security-jwt-tutorial ---
[INFO] Deleting /app/target
[INFO] 
[INFO] --- jacoco-maven-plugin:0.8.11:prepare-agent (default) @ spring-security-jwt-tutorial ---
[INFO] argLine set to -javaagent:/root/.m2/repository/org/jacoco/org.jacoco.agent/0.8.11/org.jacoco.agent-0.8.11-runtime.jar=destfile=/app/target/jacoco.exec
[INFO] 
[INFO] --- maven-resources-plugin:3.2.0:resources (default-resources) @ spring-security-jwt-tutorial ---
[INFO] Using 'UTF-8' encoding to copy filtered resources.
[INFO] Using 'UTF-8' encoding to copy filtered properties files.
[INFO] Copying 1 resource
[INFO] Copying 0 resource
[INFO] 
[INFO] --- maven-compiler-plugin:3.8.1:compile (default-compile) @ spring-security-jwt-tutorial ---
[INFO] Changes detected - recompiling the module!
[INFO] Compiling 10 source files to /app/target/classes
[INFO] 
[INFO] --- build-helper-maven-plugin:3.3.0:add-test-source (add-kex-test-source) @ spring-security-jwt-tutorial ---
[INFO] Test Source directory: /app/src/test/java/kex-tests added.
[INFO] 
[INFO] --- maven-resources-plugin:3.2.0:testResources (default-testResources) @ spring-security-jwt-tutorial ---
[INFO] Using 'UTF-8' encoding to copy filtered resources.
[INFO] Using 'UTF-8' encoding to copy filtered properties files.
[INFO] skip non existing resourceDirectory /app/src/test/resources
[INFO] 
[INFO] --- maven-compiler-plugin:3.8.1:testCompile (default-testCompile) @ spring-security-jwt-tutorial ---
[INFO] Changes detected - recompiling the module!
[INFO] Compiling 1 source file to /app/target/test-classes
[INFO] 
[INFO] --- maven-surefire-plugin:2.22.2:test (default-test) @ spring-security-jwt-tutorial ---
[INFO] 
[INFO] -------------------------------------------------------
[INFO]  T E S T S
[INFO] -------------------------------------------------------
[INFO] Running com.example.springsecurityjwttutorial.SpringSecurityJwtTutorialApplicationTests
15:58:24.247 [main] DEBUG org.springframework.test.context.BootstrapUtils - Instantiating CacheAwareContextLoaderDelegate from class [org.springframework.test.context.cache.DefaultCacheAwareContextLoaderDelegate]
15:58:24.260 [main] DEBUG org.springframework.test.context.BootstrapUtils - Instantiating BootstrapContext using constructor [public org.springframework.test.context.support.DefaultBootstrapContext(java.lang.Class,org.springframework.test.context.CacheAwareContextLoaderDelegate)]
15:58:24.309 [main] DEBUG org.springframework.test.context.BootstrapUtils - Instantiating TestContextBootstrapper for test class [com.example.springsecurityjwttutorial.SpringSecurityJwtTutorialApplicationTests] from class [org.springframework.boot.test.context.SpringBootTestContextBootstrapper]
15:58:24.323 [main] INFO org.springframework.boot.test.context.SpringBootTestContextBootstrapper - Neither @ContextConfiguration nor @ContextHierarchy found for test class [com.example.springsecurityjwttutorial.SpringSecurityJwtTutorialApplicationTests], using SpringBootContextLoader
15:58:24.331 [main] DEBUG org.springframework.test.context.support.AbstractContextLoader - Did not detect default resource location for test class [com.example.springsecurityjwttutorial.SpringSecurityJwtTutorialApplicationTests]: class path resource [com/example/springsecurityjwttutorial/SpringSecurityJwtTutorialApplicationTests-context.xml] does not exist
15:58:24.331 [main] DEBUG org.springframework.test.context.support.AbstractContextLoader - Did not detect default resource location for test class [com.example.springsecurityjwttutorial.SpringSecurityJwtTutorialApplicationTests]: class path resource [com/example/springsecurityjwttutorial/SpringSecurityJwtTutorialApplicationTestsContext.groovy] does not exist
15:58:24.331 [main] INFO org.springframework.test.context.support.AbstractContextLoader - Could not detect default resource locations for test class [com.example.springsecurityjwttutorial.SpringSecurityJwtTutorialApplicationTests]: no resource found for suffixes {-context.xml, Context.groovy}.
15:58:24.332 [main] INFO org.springframework.test.context.support.AnnotationConfigContextLoaderUtils - Could not detect default configuration classes for test class [com.example.springsecurityjwttutorial.SpringSecurityJwtTutorialApplicationTests]: SpringSecurityJwtTutorialApplicationTests does not declare any static, non-private, non-final, nested classes annotated with @Configuration.
15:58:24.381 [main] DEBUG org.springframework.test.context.support.ActiveProfilesUtils - Could not find an 'annotation declaring class' for annotation type [org.springframework.test.context.ActiveProfiles] and class [com.example.springsecurityjwttutorial.SpringSecurityJwtTutorialApplicationTests]
15:58:24.452 [main] DEBUG org.springframework.context.annotation.ClassPathScanningCandidateComponentProvider - Identified candidate component class: file [/app/target/classes/com/example/springsecurityjwttutorial/SpringSecurityJwtTutorialApplication.class]
15:58:24.453 [main] INFO org.springframework.boot.test.context.SpringBootTestContextBootstrapper - Found @SpringBootConfiguration com.example.springsecurityjwttutorial.SpringSecurityJwtTutorialApplication for test class com.example.springsecurityjwttutorial.SpringSecurityJwtTutorialApplicationTests
15:58:24.559 [main] DEBUG org.springframework.boot.test.context.SpringBootTestContextBootstrapper - @TestExecutionListeners is not present for class [com.example.springsecurityjwttutorial.SpringSecurityJwtTutorialApplicationTests]: using defaults.
15:58:24.560 [main] INFO org.springframework.boot.test.context.SpringBootTestContextBootstrapper - Loaded default TestExecutionListener class names from location [META-INF/spring.factories]: [org.springframework.boot.test.mock.mockito.MockitoTestExecutionListener, org.springframework.boot.test.mock.mockito.ResetMocksTestExecutionListener, org.springframework.boot.test.autoconfigure.restdocs.RestDocsTestExecutionListener, org.springframework.boot.test.autoconfigure.web.client.MockRestServiceServerResetTestExecutionListener, org.springframework.boot.test.autoconfigure.web.servlet.MockMvcPrintOnlyOnFailureTestExecutionListener, org.springframework.boot.test.autoconfigure.web.servlet.WebDriverTestExecutionListener, org.springframework.boot.test.autoconfigure.webservices.client.MockWebServiceServerTestExecutionListener, org.springframework.test.context.web.ServletTestExecutionListener, org.springframework.test.context.support.DirtiesContextBeforeModesTestExecutionListener, org.springframework.test.context.event.ApplicationEventsTestExecutionListener, org.springframework.test.context.support.DependencyInjectionTestExecutionListener, org.springframework.test.context.support.DirtiesContextTestExecutionListener, org.springframework.test.context.transaction.TransactionalTestExecutionListener, org.springframework.test.context.jdbc.SqlScriptsTestExecutionListener, org.springframework.test.context.event.EventPublishingTestExecutionListener, org.springframework.security.test.context.support.WithSecurityContextTestExecutionListener, org.springframework.security.test.context.support.ReactorContextTestExecutionListener]
15:58:24.583 [main] INFO org.springframework.boot.test.context.SpringBootTestContextBootstrapper - Using TestExecutionListeners: [org.springframework.test.context.web.ServletTestExecutionListener@2e44cb34, org.springframework.test.context.support.DirtiesContextBeforeModesTestExecutionListener@731e0bff, org.springframework.test.context.event.ApplicationEventsTestExecutionListener@213ceb4e, org.springframework.boot.test.mock.mockito.MockitoTestExecutionListener@23c72128, org.springframework.boot.test.autoconfigure.SpringBootDependencyInjectionTestExecutionListener@2bd2430f, org.springframework.test.context.support.DirtiesContextTestExecutionListener@2890e479, org.springframework.test.context.transaction.TransactionalTestExecutionListener@6eb00cbe, org.springframework.test.context.jdbc.SqlScriptsTestExecutionListener@74e4be21, org.springframework.test.context.event.EventPublishingTestExecutionListener@4d174189, org.springframework.security.test.context.support.WithSecurityContextTestExecutionListener@628bd77e, org.springframework.security.test.context.support.ReactorContextTestExecutionListener@c30f26d, org.springframework.boot.test.mock.mockito.ResetMocksTestExecutionListener@5d74507c, org.springframework.boot.test.autoconfigure.restdocs.RestDocsTestExecutionListener@2a984952, org.springframework.boot.test.autoconfigure.web.client.MockRestServiceServerResetTestExecutionListener@16944b58, org.springframework.boot.test.autoconfigure.web.servlet.MockMvcPrintOnlyOnFailureTestExecutionListener@1dbc607d, org.springframework.boot.test.autoconfigure.web.servlet.WebDriverTestExecutionListener@62b42406, org.springframework.boot.test.autoconfigure.webservices.client.MockWebServiceServerTestExecutionListener@a0e33db]
15:58:24.588 [main] DEBUG org.springframework.test.context.support.AbstractDirtiesContextTestExecutionListener - Before test class: context [DefaultTestContext@5615f82d testClass = SpringSecurityJwtTutorialApplicationTests, testInstance = [null], testMethod = [null], testException = [null], mergedContextConfiguration = [WebMergedContextConfiguration@21698e5a testClass = SpringSecurityJwtTutorialApplicationTests, locations = '{}', classes = '{class com.example.springsecurityjwttutorial.SpringSecurityJwtTutorialApplication}', contextInitializerClasses = '[]', activeProfiles = '{}', propertySourceLocations = '{}', propertySourceProperties = '{org.springframework.boot.test.context.SpringBootTestContextBootstrapper=true}', contextCustomizers = set[org.springframework.boot.test.context.filter.ExcludeFilterContextCustomizer@4cc7d00d, org.springframework.boot.test.json.DuplicateJsonObjectContextCustomizerFactory$DuplicateJsonObjectContextCustomizer@609319c3, org.springframework.boot.test.mock.mockito.MockitoContextCustomizer@0, org.springframework.boot.test.web.client.TestRestTemplateContextCustomizer@307e4c44, org.springframework.boot.test.autoconfigure.actuate.metrics.MetricsExportContextCustomizerFactory$DisableMetricExportContextCustomizer@3c952a33, org.springframework.boot.test.autoconfigure.properties.PropertyMappingContextCustomizer@0, org.springframework.boot.test.autoconfigure.web.servlet.WebDriverContextCustomizerFactory$Customizer@d13baac, org.springframework.boot.test.context.SpringBootTestArgs@1, org.springframework.boot.test.context.SpringBootTestWebEnvironment@bcec031], resourceBasePath = 'src/main/webapp', contextLoader = 'org.springframework.boot.test.context.SpringBootContextLoader', parent = [null]], attributes = map['org.springframework.test.context.web.ServletTestExecutionListener.activateListener' -> true]], class annotated with @DirtiesContext [false] with mode [null].
15:58:24.653 [main] DEBUG org.springframework.boot.ApplicationServletEnvironment - Activating profiles []
15:58:24.655 [main] DEBUG org.springframework.test.context.support.TestPropertySourceUtils - Adding inlined properties to environment: {spring.jmx.enabled=false, org.springframework.boot.test.context.SpringBootTestContextBootstrapper=true}

  .   ____          _            __ _ _
 /\\ / ___'_ __ _ _(_)_ __  __ _ \ \ \ \
( ( )\___ | '_ | '_| | '_ \/ _` | \ \ \ \
 \\/  ___)| |_)| | | | | || (_| |  ) ) ) )
  '  |____| .__|_| |_|_| |_\__, | / / / /
 =========|_|==============|___/=/_/_/_/
 :: Spring Boot ::                (v2.6.1)

2026-04-09 15:58:24.918  INFO 69 --- [           main] pringSecurityJwtTutorialApplicationTests : Starting SpringSecurityJwtTutorialApplicationTests using Java 11.0.16 on d85de3d14351 with PID 69 (started by root in /app)
2026-04-09 15:58:24.919  INFO 69 --- [           main] pringSecurityJwtTutorialApplicationTests : No active profile set, falling back to default profiles: default
2026-04-09 15:58:25.487  INFO 69 --- [           main] .s.d.r.c.RepositoryConfigurationDelegate : Bootstrapping Spring Data JPA repositories in DEFAULT mode.
2026-04-09 15:58:25.529  INFO 69 --- [           main] .s.d.r.c.RepositoryConfigurationDelegate : Finished Spring Data repository scanning in 34 ms. Found 1 JPA repository interfaces.
2026-04-09 15:58:26.032  INFO 69 --- [           main] com.zaxxer.hikari.HikariDataSource       : HikariPool-1 - Starting...
2026-04-09 15:58:26.280  INFO 69 --- [           main] com.zaxxer.hikari.HikariDataSource       : HikariPool-1 - Start completed.
2026-04-09 15:58:26.361  INFO 69 --- [           main] o.hibernate.jpa.internal.util.LogHelper  : HHH000204: Processing PersistenceUnitInfo [name: default]
2026-04-09 15:58:26.412  INFO 69 --- [           main] org.hibernate.Version                    : HHH000412: Hibernate ORM core version 5.6.1.Final
2026-04-09 15:58:26.554  INFO 69 --- [           main] o.hibernate.annotations.common.Version   : HCANN000001: Hibernate Commons Annotations {5.1.2.Final}
2026-04-09 15:58:26.673  INFO 69 --- [           main] org.hibernate.dialect.Dialect            : HHH000400: Using dialect: org.hibernate.dialect.H2Dialect
2026-04-09 15:58:27.254  INFO 69 --- [           main] o.h.e.t.j.p.i.JtaPlatformInitiator       : HHH000490: Using JtaPlatform implementation: [org.hibernate.engine.transaction.jta.platform.internal.NoJtaPlatform]
2026-04-09 15:58:27.262  INFO 69 --- [           main] j.LocalContainerEntityManagerFactoryBean : Initialized JPA EntityManagerFactory for persistence unit 'default'
2026-04-09 15:58:27.655  WARN 69 --- [           main] JpaBaseConfiguration$JpaWebConfiguration : spring.jpa.open-in-view is enabled by default. Therefore, database queries may be performed during view rendering. Explicitly configure spring.jpa.open-in-view to disable this warning
2026-04-09 15:58:28.081  INFO 69 --- [           main] o.s.s.web.DefaultSecurityFilterChain     : Will secure any request with [org.springframework.security.web.context.request.async.WebAsyncManagerIntegrationFilter@289c011e, org.springframework.security.web.context.SecurityContextPersistenceFilter@7b87819b, org.springframework.security.web.header.HeaderWriterFilter@4fc65c50, org.springframework.web.filter.CorsFilter@63e5b2f1, org.springframework.security.web.authentication.logout.LogoutFilter@447b24eb, com.example.springsecurityjwttutorial.security.JWTFilter@502d89ae, org.springframework.security.web.savedrequest.RequestCacheAwareFilter@1e6d7ca8, org.springframework.security.web.servletapi.SecurityContextHolderAwareRequestFilter@200bf256, org.springframework.security.web.authentication.AnonymousAuthenticationFilter@732f1ffd, org.springframework.security.web.session.SessionManagementFilter@5cde7cee, org.springframework.security.web.access.ExceptionTranslationFilter@6ef40196, org.springframework.security.web.access.intercept.AuthorizationFilter@7e83f37f]
2026-04-09 15:58:28.383  INFO 69 --- [           main] pringSecurityJwtTutorialApplicationTests : Started SpringSecurityJwtTutorialApplicationTests in 3.728 seconds (JVM running for 4.813)
[INFO] Tests run: 1, Failures: 0, Errors: 0, Skipped: 0, Time elapsed: 4.32 s - in com.example.springsecurityjwttutorial.SpringSecurityJwtTutorialApplicationTests
2026-04-09 15:58:28.509  INFO 69 --- [ionShutdownHook] j.LocalContainerEntityManagerFactoryBean : Closing JPA EntityManagerFactory for persistence unit 'default'
2026-04-09 15:58:28.510  INFO 69 --- [ionShutdownHook] .SchemaDropperImpl$DelayedDropActionImpl : HHH000477: Starting delayed evictData of schema as part of SessionFactory shut-down'
2026-04-09 15:58:28.604  INFO 69 --- [ionShutdownHook] com.zaxxer.hikari.HikariDataSource       : HikariPool-1 - Shutdown initiated...
2026-04-09 15:58:28.606  INFO 69 --- [ionShutdownHook] com.zaxxer.hikari.HikariDataSource       : HikariPool-1 - Shutdown completed.
[INFO] 
[INFO] Results:
[INFO] 
[INFO] Tests run: 1, Failures: 0, Errors: 0, Skipped: 0
[INFO] 
[INFO] 
[INFO] --- jacoco-maven-plugin:0.8.11:report (report) @ spring-security-jwt-tutorial ---
[INFO] Loading execution data file /app/target/jacoco.exec
[INFO] Analyzed bundle 'Spring Security JWT Tutorial' with 9 classes
[INFO] 
[INFO] --- jacoco-maven-plugin:0.8.11:report (default-cli) @ spring-security-jwt-tutorial ---
[INFO] Loading execution data file /app/target/jacoco.exec
[INFO] Analyzed bundle 'Spring Security JWT Tutorial' with 9 classes
[INFO] ------------------------------------------------------------------------
[INFO] BUILD SUCCESS
[INFO] ------------------------------------------------------------------------
[INFO] Total time:  7.736 s
[INFO] Finished at: 2026-04-09T15:58:29Z
[INFO] ------------------------------------------------------------------------
