[INFO] Scanning for projects...
[INFO] 
[INFO] ----------------------< org.example:toy-language >----------------------
[INFO] Building toy-language 0.0.11
[INFO] --------------------------------[ jar ]---------------------------------
[INFO] 
[INFO] --- maven-clean-plugin:2.5:clean (default-clean) @ toy-language ---
[INFO] Deleting /app/target
[INFO] 
[INFO] --- jacoco-maven-plugin:0.8.11:prepare-agent (default) @ toy-language ---
[INFO] argLine set to -javaagent:/root/.m2/repository/org/jacoco/org.jacoco.agent/0.8.11/org.jacoco.agent-0.8.11-runtime.jar=destfile=/app/target/jacoco.exec
[INFO] 
[INFO] --- maven-resources-plugin:2.6:resources (default-resources) @ toy-language ---
[WARNING] Using platform encoding (UTF-8 actually) to copy filtered resources, i.e. build is platform dependent!
[INFO] skip non existing resourceDirectory /app/src/main/resources
[INFO] 
[INFO] --- maven-compiler-plugin:3.11.0:compile (default-compile) @ toy-language ---
[INFO] Changes detected - recompiling the module! :source
[WARNING] File encoding has not been set, using platform encoding UTF-8, i.e. build is platform dependent!
[INFO] Compiling 98 source files with javac [debug target 11] to target/classes
[INFO] /app/src/main/java/org/example/toylanguage/expression/value/NullValue.java: Some input files use unchecked or unsafe operations.
[INFO] /app/src/main/java/org/example/toylanguage/expression/value/NullValue.java: Recompile with -Xlint:unchecked for details.
[INFO] 
[INFO] --- build-helper-maven-plugin:3.3.0:add-test-source (add-kex-test-source) @ toy-language ---
[INFO] Test Source directory: /app/src/test/java/kex-tests added.
[INFO] 
[INFO] --- maven-resources-plugin:2.6:testResources (default-testResources) @ toy-language ---
[WARNING] Using platform encoding (UTF-8 actually) to copy filtered resources, i.e. build is platform dependent!
[INFO] Copying 10 resources
[INFO] 
[INFO] --- maven-compiler-plugin:3.11.0:testCompile (default-testCompile) @ toy-language ---
[INFO] Changes detected - recompiling the module! :dependency
[WARNING] File encoding has not been set, using platform encoding UTF-8, i.e. build is platform dependent!
[INFO] Compiling 4 source files with javac [debug target 11] to target/test-classes
[INFO] 
[INFO] --- maven-surefire-plugin:3.0.0:test (default-test) @ toy-language ---
[INFO] Using auto detected provider org.apache.maven.surefire.junitplatform.JUnitPlatformProvider
[INFO] 
[INFO] -------------------------------------------------------
[INFO]  T E S T S
[INFO] -------------------------------------------------------
[INFO] Running org.example.toylanguage.LexicalParserTest
[INFO] Tests run: 6, Failures: 0, Errors: 0, Skipped: 0, Time elapsed: 0.087 s - in org.example.toylanguage.LexicalParserTest
[INFO] Running org.example.toylanguage.ToyLanguageTest
[INFO] Tests run: 10, Failures: 0, Errors: 0, Skipped: 0, Time elapsed: 0.172 s - in org.example.toylanguage.ToyLanguageTest
[INFO] Running org.example.toylanguage.StatementParserTest
[INFO] Tests run: 6, Failures: 0, Errors: 0, Skipped: 0, Time elapsed: 0.011 s - in org.example.toylanguage.StatementParserTest
[INFO] 
[INFO] Results:
[INFO] 
[INFO] Tests run: 22, Failures: 0, Errors: 0, Skipped: 0
[INFO] 
[INFO] 
[INFO] --- jacoco-maven-plugin:0.8.11:report (report) @ toy-language ---
[INFO] Loading execution data file /app/target/jacoco.exec
[INFO] Analyzed bundle 'toy-language' with 89 classes
[INFO] 
[INFO] --- jacoco-maven-plugin:0.8.11:report (default-cli) @ toy-language ---
[INFO] Loading execution data file /app/target/jacoco.exec
[INFO] Analyzed bundle 'toy-language' with 89 classes
[INFO] ------------------------------------------------------------------------
[INFO] BUILD SUCCESS
[INFO] ------------------------------------------------------------------------
[INFO] Total time:  3.949 s
[INFO] Finished at: 2026-04-08T02:03:48Z
[INFO] ------------------------------------------------------------------------
