[INFO] Scanning for projects...
[INFO] 
[INFO] --------------------------< top.gcszhn:movie >--------------------------
[INFO] Building movie 1.2
[INFO] --------------------------------[ jar ]---------------------------------
[INFO] 
[INFO] --- maven-clean-plugin:3.2.0:clean (default-clean) @ movie ---
[INFO] Deleting /app/target
[INFO] 
[INFO] --- jacoco-maven-plugin:0.8.11:prepare-agent (default) @ movie ---
[INFO] argLine set to -javaagent:/root/.m2/repository/org/jacoco/org.jacoco.agent/0.8.11/org.jacoco.agent-0.8.11-runtime.jar=destfile=/app/target/jacoco.exec
[INFO] 
[INFO] --- maven-resources-plugin:3.2.0:resources (default-resources) @ movie ---
[INFO] Using 'UTF-8' encoding to copy filtered resources.
[INFO] Using 'UTF-8' encoding to copy filtered properties files.
[INFO] Copying 1 resource
[INFO] Copying 18 resources
[INFO] 
[INFO] --- maven-compiler-plugin:3.10.1:compile (default-compile) @ movie ---
[INFO] Changes detected - recompiling the module!
[INFO] Compiling 23 source files to /app/target/classes
[INFO] 
[INFO] --- build-helper-maven-plugin:3.3.0:add-test-source (add-kex-test-source) @ movie ---
[INFO] Test Source directory: /app/src/test/java/kex-tests added.
[INFO] 
[INFO] --- maven-resources-plugin:3.2.0:testResources (default-testResources) @ movie ---
[INFO] Using 'UTF-8' encoding to copy filtered resources.
[INFO] Using 'UTF-8' encoding to copy filtered properties files.
[INFO] skip non existing resourceDirectory /app/src/test/resources
[INFO] 
[INFO] --- maven-compiler-plugin:3.10.1:testCompile (default-testCompile) @ movie ---
[INFO] Changes detected - recompiling the module!
[INFO] Compiling 4 source files to /app/target/test-classes
[INFO] 
[INFO] --- maven-surefire-plugin:2.22.2:test (default-test) @ movie ---
[INFO] 
[INFO] -------------------------------------------------------
[INFO]  T E S T S
[INFO] -------------------------------------------------------
[INFO] Running top.gcszhn.movie.AppTests
15:47:50.069 [main] DEBUG org.springframework.test.context.BootstrapUtils - Instantiating CacheAwareContextLoaderDelegate from class [org.springframework.test.context.cache.DefaultCacheAwareContextLoaderDelegate]
15:47:50.081 [main] DEBUG org.springframework.test.context.BootstrapUtils - Instantiating BootstrapContext using constructor [public org.springframework.test.context.support.DefaultBootstrapContext(java.lang.Class,org.springframework.test.context.CacheAwareContextLoaderDelegate)]
15:47:50.131 [main] DEBUG org.springframework.test.context.BootstrapUtils - Instantiating TestContextBootstrapper for test class [top.gcszhn.movie.AppTests] from class [org.springframework.boot.test.context.SpringBootTestContextBootstrapper]
15:47:50.144 [main] INFO org.springframework.boot.test.context.SpringBootTestContextBootstrapper - Neither @ContextConfiguration nor @ContextHierarchy found for test class [top.gcszhn.movie.AppTests], using SpringBootContextLoader
15:47:50.149 [main] DEBUG org.springframework.test.context.support.AbstractContextLoader - Did not detect default resource location for test class [top.gcszhn.movie.AppTests]: class path resource [top/gcszhn/movie/AppTests-context.xml] does not exist
15:47:50.150 [main] DEBUG org.springframework.test.context.support.AbstractContextLoader - Did not detect default resource location for test class [top.gcszhn.movie.AppTests]: class path resource [top/gcszhn/movie/AppTestsContext.groovy] does not exist
15:47:50.150 [main] INFO org.springframework.test.context.support.AbstractContextLoader - Could not detect default resource locations for test class [top.gcszhn.movie.AppTests]: no resource found for suffixes {-context.xml, Context.groovy}.
15:47:50.151 [main] INFO org.springframework.test.context.support.AnnotationConfigContextLoaderUtils - Could not detect default configuration classes for test class [top.gcszhn.movie.AppTests]: AppTests does not declare any static, non-private, non-final, nested classes annotated with @Configuration.
15:47:50.198 [main] DEBUG org.springframework.test.context.support.ActiveProfilesUtils - Could not find an 'annotation declaring class' for annotation type [org.springframework.test.context.ActiveProfiles] and class [top.gcszhn.movie.AppTests]
15:47:50.273 [main] DEBUG org.springframework.context.annotation.ClassPathScanningCandidateComponentProvider - Identified candidate component class: file [/app/target/classes/top/gcszhn/movie/App.class]
15:47:50.278 [main] INFO org.springframework.boot.test.context.SpringBootTestContextBootstrapper - Found @SpringBootConfiguration top.gcszhn.movie.App for test class top.gcszhn.movie.AppTests
15:47:50.385 [main] DEBUG org.springframework.boot.test.context.SpringBootTestContextBootstrapper - @TestExecutionListeners is not present for class [top.gcszhn.movie.AppTests]: using defaults.
15:47:50.385 [main] INFO org.springframework.boot.test.context.SpringBootTestContextBootstrapper - Loaded default TestExecutionListener class names from location [META-INF/spring.factories]: [org.springframework.boot.test.mock.mockito.MockitoTestExecutionListener, org.springframework.boot.test.mock.mockito.ResetMocksTestExecutionListener, org.springframework.boot.test.autoconfigure.restdocs.RestDocsTestExecutionListener, org.springframework.boot.test.autoconfigure.web.client.MockRestServiceServerResetTestExecutionListener, org.springframework.boot.test.autoconfigure.web.servlet.MockMvcPrintOnlyOnFailureTestExecutionListener, org.springframework.boot.test.autoconfigure.web.servlet.WebDriverTestExecutionListener, org.springframework.boot.test.autoconfigure.webservices.client.MockWebServiceServerTestExecutionListener, org.springframework.test.context.web.ServletTestExecutionListener, org.springframework.test.context.support.DirtiesContextBeforeModesTestExecutionListener, org.springframework.test.context.event.ApplicationEventsTestExecutionListener, org.springframework.test.context.support.DependencyInjectionTestExecutionListener, org.springframework.test.context.support.DirtiesContextTestExecutionListener, org.springframework.test.context.transaction.TransactionalTestExecutionListener, org.springframework.test.context.jdbc.SqlScriptsTestExecutionListener, org.springframework.test.context.event.EventPublishingTestExecutionListener]
15:47:50.400 [main] DEBUG org.springframework.boot.test.context.SpringBootTestContextBootstrapper - Skipping candidate TestExecutionListener [org.springframework.test.context.transaction.TransactionalTestExecutionListener] due to a missing dependency. Specify custom listener classes or make the default listener classes and their required dependencies available. Offending class: [org/springframework/transaction/interceptor/TransactionAttributeSource]
15:47:50.400 [main] DEBUG org.springframework.boot.test.context.SpringBootTestContextBootstrapper - Skipping candidate TestExecutionListener [org.springframework.test.context.jdbc.SqlScriptsTestExecutionListener] due to a missing dependency. Specify custom listener classes or make the default listener classes and their required dependencies available. Offending class: [org/springframework/transaction/interceptor/TransactionAttribute]
15:47:50.401 [main] INFO org.springframework.boot.test.context.SpringBootTestContextBootstrapper - Using TestExecutionListeners: [org.springframework.test.context.web.ServletTestExecutionListener@75f32817, org.springframework.test.context.support.DirtiesContextBeforeModesTestExecutionListener@23a78c77, org.springframework.test.context.event.ApplicationEventsTestExecutionListener@4119346d, org.springframework.boot.test.mock.mockito.MockitoTestExecutionListener@61d09475, org.springframework.boot.test.autoconfigure.SpringBootDependencyInjectionTestExecutionListener@d0fabc8, org.springframework.test.context.support.DirtiesContextTestExecutionListener@12d44a2a, org.springframework.test.context.event.EventPublishingTestExecutionListener@1a66be41, org.springframework.boot.test.mock.mockito.ResetMocksTestExecutionListener@7f70e244, org.springframework.boot.test.autoconfigure.restdocs.RestDocsTestExecutionListener@fd14789, org.springframework.boot.test.autoconfigure.web.client.MockRestServiceServerResetTestExecutionListener@3f64d943, org.springframework.boot.test.autoconfigure.web.servlet.MockMvcPrintOnlyOnFailureTestExecutionListener@105ffc58, org.springframework.boot.test.autoconfigure.web.servlet.WebDriverTestExecutionListener@68454ed5, org.springframework.boot.test.autoconfigure.webservices.client.MockWebServiceServerTestExecutionListener@6d2db15b]
15:47:50.405 [main] DEBUG org.springframework.test.context.support.AbstractDirtiesContextTestExecutionListener - Before test class: context [DefaultTestContext@5b5b9521 testClass = AppTests, testInstance = [null], testMethod = [null], testException = [null], mergedContextConfiguration = [WebMergedContextConfiguration@41f7c02d testClass = AppTests, locations = '{}', classes = '{class top.gcszhn.movie.App}', contextInitializerClasses = '[]', activeProfiles = '{}', propertySourceLocations = '{}', propertySourceProperties = '{org.springframework.boot.test.context.SpringBootTestContextBootstrapper=true}', contextCustomizers = set[org.springframework.boot.test.context.filter.ExcludeFilterContextCustomizer@12c0c0b3, org.springframework.boot.test.json.DuplicateJsonObjectContextCustomizerFactory$DuplicateJsonObjectContextCustomizer@60aec68a, org.springframework.boot.test.mock.mockito.MockitoContextCustomizer@0, org.springframework.boot.test.web.client.TestRestTemplateContextCustomizer@4091b9c3, org.springframework.boot.test.autoconfigure.actuate.metrics.MetricsExportContextCustomizerFactory$DisableMetricExportContextCustomizer@3850e90c, org.springframework.boot.test.autoconfigure.properties.PropertyMappingContextCustomizer@0, org.springframework.boot.test.autoconfigure.web.servlet.WebDriverContextCustomizerFactory$Customizer@86d6bf7, org.springframework.boot.test.context.SpringBootTestArgs@1, org.springframework.boot.test.context.SpringBootTestWebEnvironment@38f116f6], resourceBasePath = 'src/main/webapp', contextLoader = 'org.springframework.boot.test.context.SpringBootContextLoader', parent = [null]], attributes = map['org.springframework.test.context.web.ServletTestExecutionListener.activateListener' -> true]], class annotated with @DirtiesContext [false] with mode [null].

  .   ____          _            __ _ _
 /\\ / ___'_ __ _ _(_)_ __  __ _ \ \ \ \
( ( )\___ | '_ | '_| | '_ \/ _` | \ \ \ \
 \\/  ___)| |_)| | | | | || (_| |  ) ) ) )
  '  |____| .__|_| |_|_| |_\__, | / / / /
 =========|_|==============|___/=/_/_/_/
 :: Spring Boot ::                (v2.7.0)

2026-04-09 15:47:50.807  INFO 70 --- [           main] top.gcszhn.movie.AppTests                : Starting AppTests using Java 11.0.16 on 030a5a06e43e with PID 70 (started by root in /app)
2026-04-09 15:47:50.808  INFO 70 --- [           main] top.gcszhn.movie.AppTests                : No active profile set, falling back to 1 default profile: "default"
2026-04-09 15:47:52.213  INFO 70 --- [           main] o.s.b.a.w.s.WelcomePageHandlerMapping    : Adding welcome page: class path resource [static/index.html]
2026-04-09 15:47:52.394  INFO 70 --- [           main] top.gcszhn.movie.AppTests                : Started AppTests in 1.949 seconds (JVM running for 2.979)
[INFO] Tests run: 2, Failures: 0, Errors: 0, Skipped: 0, Time elapsed: 2.74 s - in top.gcszhn.movie.AppTests
2026-04-09 15:47:52.747  INFO 70 --- [ionShutdownHook] t.gcszhn.movie.service.BaiduPanService   : Closing BaiduPan Service
[INFO] 
[INFO] Results:
[INFO] 
[INFO] Tests run: 2, Failures: 0, Errors: 0, Skipped: 0
[INFO] 
[INFO] 
[INFO] --- jacoco-maven-plugin:0.8.11:report (report) @ movie ---
[INFO] Loading execution data file /app/target/jacoco.exec
[INFO] Analyzed bundle 'movie' with 23 classes
[INFO] 
[INFO] --- jacoco-maven-plugin:0.8.11:report (default-cli) @ movie ---
[INFO] Loading execution data file /app/target/jacoco.exec
[INFO] Analyzed bundle 'movie' with 23 classes
[INFO] ------------------------------------------------------------------------
[INFO] BUILD SUCCESS
[INFO] ------------------------------------------------------------------------
[INFO] Total time:  6.472 s
[INFO] Finished at: 2026-04-09T15:47:53Z
[INFO] ------------------------------------------------------------------------
