[INFO] Scanning for projects...
[INFO] 
[INFO] ---------------------< com.piinalpin:queryrequest >---------------------
[INFO] Building queryrequest 0.0.1-SNAPSHOT
[INFO] --------------------------------[ jar ]---------------------------------
[INFO] 
[INFO] --- maven-clean-plugin:3.1.0:clean (default-clean) @ queryrequest ---
[INFO] Deleting /app/target
[INFO] 
[INFO] --- jacoco-maven-plugin:0.8.11:prepare-agent (default) @ queryrequest ---
[INFO] argLine set to -javaagent:/root/.m2/repository/org/jacoco/org.jacoco.agent/0.8.11/org.jacoco.agent-0.8.11-runtime.jar=destfile=/app/target/jacoco.exec
[INFO] 
[INFO] --- maven-resources-plugin:3.2.0:resources (default-resources) @ queryrequest ---
[INFO] Using 'UTF-8' encoding to copy filtered resources.
[INFO] Using 'UTF-8' encoding to copy filtered properties files.
[INFO] Copying 1 resource
[INFO] Copying 1 resource
[INFO] 
[INFO] --- maven-compiler-plugin:3.8.1:compile (default-compile) @ queryrequest ---
[INFO] Changes detected - recompiling the module!
[INFO] Compiling 12 source files to /app/target/classes
[INFO] 
[INFO] --- build-helper-maven-plugin:3.3.0:add-test-source (add-kex-test-source) @ queryrequest ---
[INFO] Test Source directory: /app/src/test/java/kex-tests added.
[INFO] 
[INFO] --- maven-resources-plugin:3.2.0:testResources (default-testResources) @ queryrequest ---
[INFO] Using 'UTF-8' encoding to copy filtered resources.
[INFO] Using 'UTF-8' encoding to copy filtered properties files.
[INFO] skip non existing resourceDirectory /app/src/test/resources
[INFO] 
[INFO] --- maven-compiler-plugin:3.8.1:testCompile (default-testCompile) @ queryrequest ---
[INFO] Changes detected - recompiling the module!
[INFO] Compiling 234 source files to /app/target/test-classes
[WARNING] /app/src/test/java/kex-tests/tests/com/piinalpin/queryrequest/domain/dao/ReflectionUtils.java:[9,16] sun.misc.Unsafe is internal proprietary API and may be removed in a future release
[WARNING] /app/src/test/java/kex-tests/tests/com/piinalpin/queryrequest/domain/common/query/ReflectionUtils.java:[9,16] sun.misc.Unsafe is internal proprietary API and may be removed in a future release
[WARNING] /app/src/test/java/kex-tests/tests/com/piinalpin/queryrequest/controller/ReflectionUtils.java:[9,16] sun.misc.Unsafe is internal proprietary API and may be removed in a future release
[WARNING] /app/src/test/java/kex-tests/tests/com/piinalpin/queryrequest/ReflectionUtils.java:[9,16] sun.misc.Unsafe is internal proprietary API and may be removed in a future release
[WARNING] /app/src/test/java/kex-tests/tests/com/piinalpin/queryrequest/domain/dao/ReflectionUtils.java:[9,16] sun.misc.Unsafe is internal proprietary API and may be removed in a future release
[WARNING] /app/src/test/java/kex-tests/tests/com/piinalpin/queryrequest/domain/common/query/ReflectionUtils.java:[9,16] sun.misc.Unsafe is internal proprietary API and may be removed in a future release
[WARNING] /app/src/test/java/kex-tests/tests/com/piinalpin/queryrequest/controller/ReflectionUtils.java:[9,16] sun.misc.Unsafe is internal proprietary API and may be removed in a future release
[WARNING] /app/src/test/java/kex-tests/tests/com/piinalpin/queryrequest/ReflectionUtils.java:[9,16] sun.misc.Unsafe is internal proprietary API and may be removed in a future release
[WARNING] /app/src/test/java/kex-tests/tests/com/piinalpin/queryrequest/domain/dao/ReflectionUtils.java:[9,16] sun.misc.Unsafe is internal proprietary API and may be removed in a future release
[WARNING] /app/src/test/java/kex-tests/tests/com/piinalpin/queryrequest/domain/common/query/ReflectionUtils.java:[9,16] sun.misc.Unsafe is internal proprietary API and may be removed in a future release
[WARNING] /app/src/test/java/kex-tests/tests/com/piinalpin/queryrequest/controller/ReflectionUtils.java:[9,16] sun.misc.Unsafe is internal proprietary API and may be removed in a future release
[WARNING] /app/src/test/java/kex-tests/tests/com/piinalpin/queryrequest/ReflectionUtils.java:[9,16] sun.misc.Unsafe is internal proprietary API and may be removed in a future release
[WARNING] /app/src/test/java/kex-tests/tests/com/piinalpin/queryrequest/domain/dao/ReflectionUtils.java:[9,16] sun.misc.Unsafe is internal proprietary API and may be removed in a future release
[WARNING] /app/src/test/java/kex-tests/tests/com/piinalpin/queryrequest/domain/common/query/ReflectionUtils.java:[9,16] sun.misc.Unsafe is internal proprietary API and may be removed in a future release
[WARNING] /app/src/test/java/kex-tests/tests/com/piinalpin/queryrequest/controller/ReflectionUtils.java:[9,16] sun.misc.Unsafe is internal proprietary API and may be removed in a future release
[WARNING] /app/src/test/java/kex-tests/tests/com/piinalpin/queryrequest/ReflectionUtils.java:[9,16] sun.misc.Unsafe is internal proprietary API and may be removed in a future release
[WARNING] /app/src/test/java/kex-tests/tests/com/piinalpin/queryrequest/domain/dao/ReflectionUtils.java:[9,16] sun.misc.Unsafe is internal proprietary API and may be removed in a future release
[WARNING] /app/src/test/java/kex-tests/tests/com/piinalpin/queryrequest/domain/common/query/ReflectionUtils.java:[9,16] sun.misc.Unsafe is internal proprietary API and may be removed in a future release
[WARNING] /app/src/test/java/kex-tests/tests/com/piinalpin/queryrequest/controller/ReflectionUtils.java:[9,16] sun.misc.Unsafe is internal proprietary API and may be removed in a future release
[WARNING] /app/src/test/java/kex-tests/tests/com/piinalpin/queryrequest/ReflectionUtils.java:[9,16] sun.misc.Unsafe is internal proprietary API and may be removed in a future release
[WARNING] /app/src/test/java/kex-tests/tests/com/piinalpin/queryrequest/domain/dao/ReflectionUtils.java:[13,25] sun.misc.Unsafe is internal proprietary API and may be removed in a future release
[WARNING] /app/src/test/java/kex-tests/tests/com/piinalpin/queryrequest/domain/dao/ReflectionUtils.java:[13,25] sun.misc.Unsafe is internal proprietary API and may be removed in a future release
[WARNING] /app/src/test/java/kex-tests/tests/com/piinalpin/queryrequest/domain/dao/ReflectionUtils.java:[13,25] sun.misc.Unsafe is internal proprietary API and may be removed in a future release
[WARNING] /app/src/test/java/kex-tests/tests/com/piinalpin/queryrequest/domain/dao/ReflectionUtils.java:[13,25] sun.misc.Unsafe is internal proprietary API and may be removed in a future release
[WARNING] /app/src/test/java/kex-tests/tests/com/piinalpin/queryrequest/domain/dao/ReflectionUtils.java:[13,25] sun.misc.Unsafe is internal proprietary API and may be removed in a future release
[WARNING] /app/src/test/java/kex-tests/tests/com/piinalpin/queryrequest/domain/dao/ReflectionUtils.java:[17,31] sun.misc.Unsafe is internal proprietary API and may be removed in a future release
[WARNING] /app/src/test/java/kex-tests/tests/com/piinalpin/queryrequest/domain/dao/ReflectionUtils.java:[19,23] sun.misc.Unsafe is internal proprietary API and may be removed in a future release
[WARNING] /app/src/test/java/kex-tests/tests/com/piinalpin/queryrequest/domain/common/query/ReflectionUtils.java:[13,25] sun.misc.Unsafe is internal proprietary API and may be removed in a future release
[WARNING] /app/src/test/java/kex-tests/tests/com/piinalpin/queryrequest/domain/common/query/ReflectionUtils.java:[13,25] sun.misc.Unsafe is internal proprietary API and may be removed in a future release
[WARNING] /app/src/test/java/kex-tests/tests/com/piinalpin/queryrequest/domain/common/query/ReflectionUtils.java:[13,25] sun.misc.Unsafe is internal proprietary API and may be removed in a future release
[WARNING] /app/src/test/java/kex-tests/tests/com/piinalpin/queryrequest/domain/common/query/ReflectionUtils.java:[13,25] sun.misc.Unsafe is internal proprietary API and may be removed in a future release
[WARNING] /app/src/test/java/kex-tests/tests/com/piinalpin/queryrequest/domain/common/query/ReflectionUtils.java:[13,25] sun.misc.Unsafe is internal proprietary API and may be removed in a future release
[WARNING] /app/src/test/java/kex-tests/tests/com/piinalpin/queryrequest/domain/common/query/ReflectionUtils.java:[17,31] sun.misc.Unsafe is internal proprietary API and may be removed in a future release
[WARNING] /app/src/test/java/kex-tests/tests/com/piinalpin/queryrequest/domain/common/query/ReflectionUtils.java:[19,23] sun.misc.Unsafe is internal proprietary API and may be removed in a future release
[WARNING] /app/src/test/java/kex-tests/tests/com/piinalpin/queryrequest/controller/ReflectionUtils.java:[13,25] sun.misc.Unsafe is internal proprietary API and may be removed in a future release
[WARNING] /app/src/test/java/kex-tests/tests/com/piinalpin/queryrequest/controller/ReflectionUtils.java:[13,25] sun.misc.Unsafe is internal proprietary API and may be removed in a future release
[WARNING] /app/src/test/java/kex-tests/tests/com/piinalpin/queryrequest/controller/ReflectionUtils.java:[13,25] sun.misc.Unsafe is internal proprietary API and may be removed in a future release
[WARNING] /app/src/test/java/kex-tests/tests/com/piinalpin/queryrequest/controller/ReflectionUtils.java:[13,25] sun.misc.Unsafe is internal proprietary API and may be removed in a future release
[WARNING] /app/src/test/java/kex-tests/tests/com/piinalpin/queryrequest/controller/ReflectionUtils.java:[13,25] sun.misc.Unsafe is internal proprietary API and may be removed in a future release
[WARNING] /app/src/test/java/kex-tests/tests/com/piinalpin/queryrequest/controller/ReflectionUtils.java:[17,31] sun.misc.Unsafe is internal proprietary API and may be removed in a future release
[WARNING] /app/src/test/java/kex-tests/tests/com/piinalpin/queryrequest/controller/ReflectionUtils.java:[19,23] sun.misc.Unsafe is internal proprietary API and may be removed in a future release
[WARNING] /app/src/test/java/kex-tests/tests/com/piinalpin/queryrequest/ReflectionUtils.java:[13,25] sun.misc.Unsafe is internal proprietary API and may be removed in a future release
[WARNING] /app/src/test/java/kex-tests/tests/com/piinalpin/queryrequest/ReflectionUtils.java:[13,25] sun.misc.Unsafe is internal proprietary API and may be removed in a future release
[WARNING] /app/src/test/java/kex-tests/tests/com/piinalpin/queryrequest/ReflectionUtils.java:[13,25] sun.misc.Unsafe is internal proprietary API and may be removed in a future release
[WARNING] /app/src/test/java/kex-tests/tests/com/piinalpin/queryrequest/ReflectionUtils.java:[13,25] sun.misc.Unsafe is internal proprietary API and may be removed in a future release
[WARNING] /app/src/test/java/kex-tests/tests/com/piinalpin/queryrequest/ReflectionUtils.java:[13,25] sun.misc.Unsafe is internal proprietary API and may be removed in a future release
[WARNING] /app/src/test/java/kex-tests/tests/com/piinalpin/queryrequest/ReflectionUtils.java:[17,31] sun.misc.Unsafe is internal proprietary API and may be removed in a future release
[WARNING] /app/src/test/java/kex-tests/tests/com/piinalpin/queryrequest/ReflectionUtils.java:[19,23] sun.misc.Unsafe is internal proprietary API and may be removed in a future release
[INFO] /app/src/test/java/kex-tests/tests/com/piinalpin/queryrequest/domain/dao/OperatingSystem_setUsages_151865737612.java: Some input files use or override a deprecated API.
[INFO] /app/src/test/java/kex-tests/tests/com/piinalpin/queryrequest/domain/dao/OperatingSystem_setUsages_151865737612.java: Recompile with -Xlint:deprecation for details.
[INFO] /app/src/test/java/kex-tests/tests/com/piinalpin/queryrequest/domain/common/query/FilterRequest_setOperator_18729839048.java: Some input files use unchecked or unsafe operations.
[INFO] /app/src/test/java/kex-tests/tests/com/piinalpin/queryrequest/domain/common/query/FilterRequest_setOperator_18729839048.java: Recompile with -Xlint:unchecked for details.
[INFO] 
[INFO] --- maven-surefire-plugin:2.22.2:test (default-test) @ queryrequest ---
[INFO] 
[INFO] -------------------------------------------------------
[INFO]  T E S T S
[INFO] -------------------------------------------------------
[INFO] Running com.piinalpin.queryrequest.controller.OperatingSystemController_init_19121686830
[INFO] Tests run: 1, Failures: 0, Errors: 0, Skipped: 0, Time elapsed: 0.165 s - in com.piinalpin.queryrequest.controller.OperatingSystemController_init_19121686830
[INFO] Running com.piinalpin.queryrequest.controller.OperatingSystemController_init_19121686831
[INFO] Tests run: 1, Failures: 0, Errors: 0, Skipped: 0, Time elapsed: 0.001 s - in com.piinalpin.queryrequest.controller.OperatingSystemController_init_19121686831
[INFO] Running com.piinalpin.queryrequest.QueryrequestApplication_init_6610683392
[INFO] Tests run: 1, Failures: 0, Errors: 0, Skipped: 0, Time elapsed: 0.001 s - in com.piinalpin.queryrequest.QueryrequestApplication_init_6610683392
[INFO] Running com.piinalpin.queryrequest.QueryrequestApplication_init_6610683390
[INFO] Tests run: 1, Failures: 0, Errors: 0, Skipped: 0, Time elapsed: 0.001 s - in com.piinalpin.queryrequest.QueryrequestApplication_init_6610683390
[INFO] Running com.piinalpin.queryrequest.QueryrequestApplication_main_2845053353
06:38:24.747 [Time-limited test] ERROR org.springframework.boot.SpringApplication - Application run failed
java.lang.IllegalArgumentException: Args must not be null
	at org.springframework.util.Assert.notNull(Assert.java:201)
	at org.springframework.boot.DefaultApplicationArguments.<init>(DefaultApplicationArguments.java:41)
	at org.springframework.boot.SpringApplication.run(SpringApplication.java:296)
	at org.springframework.boot.SpringApplication.run(SpringApplication.java:1312)
	at org.springframework.boot.SpringApplication.run(SpringApplication.java:1301)
	at com.piinalpin.queryrequest.QueryrequestApplication.main(QueryrequestApplication.java:10)
	at java.base/jdk.internal.reflect.NativeMethodAccessorImpl.invoke0(Native Method)
	at java.base/jdk.internal.reflect.NativeMethodAccessorImpl.invoke(NativeMethodAccessorImpl.java:62)
	at java.base/jdk.internal.reflect.DelegatingMethodAccessorImpl.invoke(DelegatingMethodAccessorImpl.java:43)
	at java.base/java.lang.reflect.Method.invoke(Method.java:566)
	at com.piinalpin.queryrequest.ReflectionUtils.callMethod(ReflectionUtils.java:328)
	at com.piinalpin.queryrequest.QueryrequestApplication_main_2845053353.test(QueryrequestApplication_main_2845053353.java:44)
	at java.base/jdk.internal.reflect.NativeMethodAccessorImpl.invoke0(Native Method)
	at java.base/jdk.internal.reflect.NativeMethodAccessorImpl.invoke(NativeMethodAccessorImpl.java:62)
	at java.base/jdk.internal.reflect.DelegatingMethodAccessorImpl.invoke(DelegatingMethodAccessorImpl.java:43)
	at java.base/java.lang.reflect.Method.invoke(Method.java:566)
	at org.junit.runners.model.FrameworkMethod$1.runReflectiveCall(FrameworkMethod.java:59)
	at org.junit.internal.runners.model.ReflectiveCallable.run(ReflectiveCallable.java:12)
	at org.junit.runners.model.FrameworkMethod.invokeExplosively(FrameworkMethod.java:56)
	at org.junit.internal.runners.statements.InvokeMethod.evaluate(InvokeMethod.java:17)
	at org.junit.internal.runners.statements.RunBefores.evaluate(RunBefores.java:26)
	at org.junit.internal.runners.statements.FailOnTimeout$CallableStatement.call(FailOnTimeout.java:299)
	at org.junit.internal.runners.statements.FailOnTimeout$CallableStatement.call(FailOnTimeout.java:293)
	at java.base/java.util.concurrent.FutureTask.run(FutureTask.java:264)
	at java.base/java.lang.Thread.run(Thread.java:829)
[ERROR] Tests run: 1, Failures: 0, Errors: 1, Skipped: 0, Time elapsed: 0.515 s <<< FAILURE! - in com.piinalpin.queryrequest.QueryrequestApplication_main_2845053353
[ERROR] test  Time elapsed: 0.513 s  <<< ERROR!
java.lang.IllegalArgumentException: Args must not be null
	at com.piinalpin.queryrequest.QueryrequestApplication_main_2845053353.test(QueryrequestApplication_main_2845053353.java:44)

[INFO] Running com.piinalpin.queryrequest.domain.dao.OperatingSystem_OperatingSystemBuilder_releaseDate_20678549395
[INFO] Tests run: 1, Failures: 0, Errors: 0, Skipped: 0, Time elapsed: 0.001 s - in com.piinalpin.queryrequest.domain.dao.OperatingSystem_OperatingSystemBuilder_releaseDate_20678549395
[INFO] Running com.piinalpin.queryrequest.domain.dao.OperatingSystem_getVersion_6759851133
[INFO] Tests run: 1, Failures: 0, Errors: 0, Skipped: 0, Time elapsed: 0.001 s - in com.piinalpin.queryrequest.domain.dao.OperatingSystem_getVersion_6759851133
[INFO] Running com.piinalpin.queryrequest.domain.dao.OperatingSystem_getId_134337350320
[INFO] Tests run: 1, Failures: 0, Errors: 0, Skipped: 0, Time elapsed: 0 s - in com.piinalpin.queryrequest.domain.dao.OperatingSystem_getId_134337350320
[INFO] Running com.piinalpin.queryrequest.domain.dao.OperatingSystem_OperatingSystemBuilder_init_18722655790
[INFO] Tests run: 1, Failures: 0, Errors: 0, Skipped: 0, Time elapsed: 0.001 s - in com.piinalpin.queryrequest.domain.dao.OperatingSystem_OperatingSystemBuilder_init_18722655790
[INFO] Running com.piinalpin.queryrequest.domain.dao.OperatingSystem_setKernel_68369825610
[INFO] Tests run: 1, Failures: 0, Errors: 0, Skipped: 0, Time elapsed: 0 s - in com.piinalpin.queryrequest.domain.dao.OperatingSystem_setKernel_68369825610
[INFO] Running com.piinalpin.queryrequest.domain.dao.OperatingSystem_builder_12418862290
[INFO] Tests run: 1, Failures: 0, Errors: 0, Skipped: 0, Time elapsed: 0.002 s - in com.piinalpin.queryrequest.domain.dao.OperatingSystem_builder_12418862290
[INFO] Running com.piinalpin.queryrequest.domain.dao.OperatingSystem_OperatingSystemBuilder_releaseDate_206785493914
[INFO] Tests run: 1, Failures: 0, Errors: 0, Skipped: 0, Time elapsed: 0.003 s - in com.piinalpin.queryrequest.domain.dao.OperatingSystem_OperatingSystemBuilder_releaseDate_206785493914
[INFO] Running com.piinalpin.queryrequest.domain.dao.OperatingSystem_canEqual_1569534133
[INFO] Tests run: 1, Failures: 0, Errors: 0, Skipped: 0, Time elapsed: 0.001 s - in com.piinalpin.queryrequest.domain.dao.OperatingSystem_canEqual_1569534133
[INFO] Running com.piinalpin.queryrequest.domain.dao.OperatingSystem_setKernel_68369825629
[INFO] Tests run: 1, Failures: 0, Errors: 0, Skipped: 0, Time elapsed: 0.003 s - in com.piinalpin.queryrequest.domain.dao.OperatingSystem_setKernel_68369825629
[INFO] Running com.piinalpin.queryrequest.domain.dao.OperatingSystem_OperatingSystemBuilder_build_385638816
[INFO] Tests run: 1, Failures: 0, Errors: 0, Skipped: 0, Time elapsed: 0.004 s - in com.piinalpin.queryrequest.domain.dao.OperatingSystem_OperatingSystemBuilder_build_385638816
[INFO] Running com.piinalpin.queryrequest.domain.dao.OperatingSystem_getKernel_11622155604
[INFO] Tests run: 1, Failures: 0, Errors: 0, Skipped: 0, Time elapsed: 0.002 s - in com.piinalpin.queryrequest.domain.dao.OperatingSystem_getKernel_11622155604
[INFO] Running com.piinalpin.queryrequest.domain.dao.OperatingSystem_getKernel_116221556023
[INFO] Tests run: 1, Failures: 0, Errors: 0, Skipped: 0, Time elapsed: 0.001 s - in com.piinalpin.queryrequest.domain.dao.OperatingSystem_getKernel_116221556023
[INFO] Running com.piinalpin.queryrequest.domain.dao.OperatingSystem_OperatingSystemBuilder_usages_14293993836
[INFO] Tests run: 1, Failures: 0, Errors: 0, Skipped: 0, Time elapsed: 0 s - in com.piinalpin.queryrequest.domain.dao.OperatingSystem_OperatingSystemBuilder_usages_14293993836
[INFO] Running com.piinalpin.queryrequest.domain.dao.OperatingSystem_OperatingSystemBuilder_toString_132680972817
[INFO] Tests run: 1, Failures: 0, Errors: 0, Skipped: 0, Time elapsed: 0.046 s - in com.piinalpin.queryrequest.domain.dao.OperatingSystem_OperatingSystemBuilder_toString_132680972817
[INFO] Running com.piinalpin.queryrequest.domain.dao.OperatingSystem_init_109232493618
[INFO] Tests run: 1, Failures: 0, Errors: 0, Skipped: 0, Time elapsed: 0.004 s - in com.piinalpin.queryrequest.domain.dao.OperatingSystem_init_109232493618
[INFO] Running com.piinalpin.queryrequest.domain.dao.OperatingSystem_init_197020711036
[INFO] Tests run: 1, Failures: 0, Errors: 0, Skipped: 0, Time elapsed: 0 s - in com.piinalpin.queryrequest.domain.dao.OperatingSystem_init_197020711036
[INFO] Running com.piinalpin.queryrequest.domain.dao.OperatingSystem_OperatingSystemBuilder_usages_142939938315
[INFO] Tests run: 1, Failures: 0, Errors: 0, Skipped: 0, Time elapsed: 0 s - in com.piinalpin.queryrequest.domain.dao.OperatingSystem_OperatingSystemBuilder_usages_142939938315
[INFO] Running com.piinalpin.queryrequest.domain.dao.OperatingSystem_equals_81985797032
[INFO] Tests run: 1, Failures: 0, Errors: 0, Skipped: 0, Time elapsed: 0 s - in com.piinalpin.queryrequest.domain.dao.OperatingSystem_equals_81985797032
[INFO] Running com.piinalpin.queryrequest.domain.dao.OperatingSystem_OperatingSystemBuilder_version_9482756603
[INFO] Tests run: 1, Failures: 0, Errors: 0, Skipped: 0, Time elapsed: 0 s - in com.piinalpin.queryrequest.domain.dao.OperatingSystem_OperatingSystemBuilder_version_9482756603
[INFO] Running com.piinalpin.queryrequest.domain.dao.OperatingSystem_OperatingSystemBuilder_kernel_7729562494
[INFO] Tests run: 1, Failures: 0, Errors: 0, Skipped: 0, Time elapsed: 0.002 s - in com.piinalpin.queryrequest.domain.dao.OperatingSystem_OperatingSystemBuilder_kernel_7729562494
[INFO] Running com.piinalpin.queryrequest.domain.dao.OperatingSystem_canEqual_1569534114
[INFO] Tests run: 1, Failures: 0, Errors: 0, Skipped: 0, Time elapsed: 0 s - in com.piinalpin.queryrequest.domain.dao.OperatingSystem_canEqual_1569534114
[INFO] Running com.piinalpin.queryrequest.domain.dao.OperatingSystem_setVersion_148746613728
[INFO] Tests run: 1, Failures: 0, Errors: 0, Skipped: 0, Time elapsed: 0.001 s - in com.piinalpin.queryrequest.domain.dao.OperatingSystem_setVersion_148746613728
[INFO] Running com.piinalpin.queryrequest.domain.dao.OperatingSystem_equals_81985797013
[INFO] Tests run: 1, Failures: 0, Errors: 0, Skipped: 0, Time elapsed: 0 s - in com.piinalpin.queryrequest.domain.dao.OperatingSystem_equals_81985797013
[INFO] Running com.piinalpin.queryrequest.domain.dao.OperatingSystem_getName_13839052222
[INFO] Tests run: 1, Failures: 0, Errors: 0, Skipped: 0, Time elapsed: 0.001 s - in com.piinalpin.queryrequest.domain.dao.OperatingSystem_getName_13839052222
[INFO] Running com.piinalpin.queryrequest.domain.dao.OperatingSystem_setUsages_151865737612
[INFO] Tests run: 1, Failures: 0, Errors: 0, Skipped: 0, Time elapsed: 0.001 s - in com.piinalpin.queryrequest.domain.dao.OperatingSystem_setUsages_151865737612
[INFO] Running com.piinalpin.queryrequest.domain.dao.OperatingSystem_setUsages_151865737631
[INFO] Tests run: 1, Failures: 0, Errors: 0, Skipped: 0, Time elapsed: 0.001 s - in com.piinalpin.queryrequest.domain.dao.OperatingSystem_setUsages_151865737631
[INFO] Running com.piinalpin.queryrequest.domain.dao.OperatingSystem_getUsages_3912738066
[INFO] Tests run: 1, Failures: 0, Errors: 0, Skipped: 0, Time elapsed: 0 s - in com.piinalpin.queryrequest.domain.dao.OperatingSystem_getUsages_3912738066
[INFO] Running com.piinalpin.queryrequest.domain.dao.OperatingSystem_OperatingSystemBuilder_version_94827566012
[INFO] Tests run: 1, Failures: 0, Errors: 0, Skipped: 0, Time elapsed: 0 s - in com.piinalpin.queryrequest.domain.dao.OperatingSystem_OperatingSystemBuilder_version_94827566012
[INFO] Running com.piinalpin.queryrequest.domain.dao.OperatingSystem_toString_177930433535
[INFO] Tests run: 1, Failures: 0, Errors: 0, Skipped: 0, Time elapsed: 0 s - in com.piinalpin.queryrequest.domain.dao.OperatingSystem_toString_177930433535
[INFO] Running com.piinalpin.queryrequest.domain.dao.OperatingSystem_builder_124188622919
[INFO] Tests run: 1, Failures: 0, Errors: 0, Skipped: 0, Time elapsed: 0.001 s - in com.piinalpin.queryrequest.domain.dao.OperatingSystem_builder_124188622919
[INFO] Running com.piinalpin.queryrequest.domain.dao.OperatingSystem_OperatingSystemBuilder_init_18722655799
[INFO] Tests run: 1, Failures: 0, Errors: 0, Skipped: 0, Time elapsed: 0 s - in com.piinalpin.queryrequest.domain.dao.OperatingSystem_OperatingSystemBuilder_init_18722655799
[INFO] Running com.piinalpin.queryrequest.domain.dao.OperatingSystem_setVersion_14874661379
[INFO] Tests run: 1, Failures: 0, Errors: 0, Skipped: 0, Time elapsed: 0 s - in com.piinalpin.queryrequest.domain.dao.OperatingSystem_setVersion_14874661379
[INFO] Running com.piinalpin.queryrequest.domain.dao.OperatingSystem_toString_177930433516
[INFO] Tests run: 1, Failures: 0, Errors: 0, Skipped: 0, Time elapsed: 0.001 s - in com.piinalpin.queryrequest.domain.dao.OperatingSystem_toString_177930433516
[INFO] Running com.piinalpin.queryrequest.domain.dao.OperatingSystem_OperatingSystemBuilder_id_167626453210
[INFO] Tests run: 1, Failures: 0, Errors: 0, Skipped: 0, Time elapsed: 0.001 s - in com.piinalpin.queryrequest.domain.dao.OperatingSystem_OperatingSystemBuilder_id_167626453210
[INFO] Running com.piinalpin.queryrequest.domain.dao.OperatingSystem_setName_11911855068
[INFO] Tests run: 1, Failures: 0, Errors: 0, Skipped: 0, Time elapsed: 0 s - in com.piinalpin.queryrequest.domain.dao.OperatingSystem_setName_11911855068
[INFO] Running com.piinalpin.queryrequest.domain.dao.OperatingSystem_OperatingSystemBuilder_kernel_77295624913
[INFO] Tests run: 1, Failures: 0, Errors: 0, Skipped: 0, Time elapsed: 0.001 s - in com.piinalpin.queryrequest.domain.dao.OperatingSystem_OperatingSystemBuilder_kernel_77295624913
[INFO] Running com.piinalpin.queryrequest.domain.dao.OperatingSystem_getReleaseDate_188475665624
[INFO] Tests run: 1, Failures: 0, Errors: 0, Skipped: 0, Time elapsed: 0 s - in com.piinalpin.queryrequest.domain.dao.OperatingSystem_getReleaseDate_188475665624
[INFO] Running com.piinalpin.queryrequest.domain.dao.OperatingSystem_hashCode_126854464534
[INFO] Tests run: 1, Failures: 0, Errors: 0, Skipped: 0, Time elapsed: 0.003 s - in com.piinalpin.queryrequest.domain.dao.OperatingSystem_hashCode_126854464534
[INFO] Running com.piinalpin.queryrequest.domain.dao.OperatingSystem_getName_138390522221
[INFO] Tests run: 1, Failures: 0, Errors: 0, Skipped: 0, Time elapsed: 0.001 s - in com.piinalpin.queryrequest.domain.dao.OperatingSystem_getName_138390522221
[INFO] Running com.piinalpin.queryrequest.domain.dao.OperatingSystem_init_197020711017
[INFO] Tests run: 1, Failures: 0, Errors: 0, Skipped: 0, Time elapsed: 0 s - in com.piinalpin.queryrequest.domain.dao.OperatingSystem_init_197020711017
[INFO] Running com.piinalpin.queryrequest.domain.dao.OperatingSystem_OperatingSystemBuilder_name_59400520911
[INFO] Tests run: 1, Failures: 0, Errors: 0, Skipped: 0, Time elapsed: 0 s - in com.piinalpin.queryrequest.domain.dao.OperatingSystem_OperatingSystemBuilder_name_59400520911
[INFO] Running com.piinalpin.queryrequest.domain.dao.OperatingSystem_init_109232493637
[INFO] Tests run: 1, Failures: 0, Errors: 0, Skipped: 0, Time elapsed: 0.001 s - in com.piinalpin.queryrequest.domain.dao.OperatingSystem_init_109232493637
[INFO] Running com.piinalpin.queryrequest.domain.dao.OperatingSystem_setReleaseDate_149425916030
[INFO] Tests run: 1, Failures: 0, Errors: 0, Skipped: 0, Time elapsed: 0 s - in com.piinalpin.queryrequest.domain.dao.OperatingSystem_setReleaseDate_149425916030
[INFO] Running com.piinalpin.queryrequest.domain.dao.OperatingSystem_setId_177341526126
[INFO] Tests run: 1, Failures: 0, Errors: 0, Skipped: 0, Time elapsed: 0.001 s - in com.piinalpin.queryrequest.domain.dao.OperatingSystem_setId_177341526126
[INFO] Running com.piinalpin.queryrequest.domain.dao.OperatingSystem_getVersion_67598511322
[INFO] Tests run: 1, Failures: 0, Errors: 0, Skipped: 0, Time elapsed: 0 s - in com.piinalpin.queryrequest.domain.dao.OperatingSystem_getVersion_67598511322
[INFO] Running com.piinalpin.queryrequest.domain.dao.OperatingSystem_hashCode_126854464515
[INFO] Tests run: 1, Failures: 0, Errors: 0, Skipped: 0, Time elapsed: 0 s - in com.piinalpin.queryrequest.domain.dao.OperatingSystem_hashCode_126854464515
[INFO] Running com.piinalpin.queryrequest.domain.dao.OperatingSystem_getReleaseDate_18847566565
[INFO] Tests run: 1, Failures: 0, Errors: 0, Skipped: 0, Time elapsed: 0.001 s - in com.piinalpin.queryrequest.domain.dao.OperatingSystem_getReleaseDate_18847566565
[INFO] Running com.piinalpin.queryrequest.domain.dao.OperatingSystem_setReleaseDate_149425916011
[INFO] Tests run: 1, Failures: 0, Errors: 0, Skipped: 0, Time elapsed: 0.001 s - in com.piinalpin.queryrequest.domain.dao.OperatingSystem_setReleaseDate_149425916011
[INFO] Running com.piinalpin.queryrequest.domain.dao.OperatingSystem_OperatingSystemBuilder_id_16762645321
[INFO] Tests run: 1, Failures: 0, Errors: 0, Skipped: 0, Time elapsed: 0 s - in com.piinalpin.queryrequest.domain.dao.OperatingSystem_OperatingSystemBuilder_id_16762645321
[INFO] Running com.piinalpin.queryrequest.domain.dao.OperatingSystem_getUsages_39127380625
[INFO] Tests run: 1, Failures: 0, Errors: 0, Skipped: 0, Time elapsed: 0 s - in com.piinalpin.queryrequest.domain.dao.OperatingSystem_getUsages_39127380625
[INFO] Running com.piinalpin.queryrequest.domain.dao.OperatingSystem_OperatingSystemBuilder_toString_13268097288
[INFO] Tests run: 1, Failures: 0, Errors: 0, Skipped: 0, Time elapsed: 0 s - in com.piinalpin.queryrequest.domain.dao.OperatingSystem_OperatingSystemBuilder_toString_13268097288
[INFO] Running com.piinalpin.queryrequest.domain.dao.OperatingSystem_getId_13433735031
[INFO] Tests run: 1, Failures: 0, Errors: 0, Skipped: 0, Time elapsed: 0 s - in com.piinalpin.queryrequest.domain.dao.OperatingSystem_getId_13433735031
[INFO] Running com.piinalpin.queryrequest.domain.dao.OperatingSystem_OperatingSystemBuilder_name_5940052092
[INFO] Tests run: 1, Failures: 0, Errors: 0, Skipped: 0, Time elapsed: 0 s - in com.piinalpin.queryrequest.domain.dao.OperatingSystem_OperatingSystemBuilder_name_5940052092
[INFO] Running com.piinalpin.queryrequest.domain.dao.OperatingSystem_setId_17734152617
[INFO] Tests run: 1, Failures: 0, Errors: 0, Skipped: 0, Time elapsed: 0 s - in com.piinalpin.queryrequest.domain.dao.OperatingSystem_setId_17734152617
[INFO] Running com.piinalpin.queryrequest.domain.dao.OperatingSystem_OperatingSystemBuilder_build_38563887
[INFO] Tests run: 1, Failures: 0, Errors: 0, Skipped: 0, Time elapsed: 0.001 s - in com.piinalpin.queryrequest.domain.dao.OperatingSystem_OperatingSystemBuilder_build_38563887
[INFO] Running com.piinalpin.queryrequest.domain.dao.OperatingSystem_setName_119118550627
[INFO] Tests run: 1, Failures: 0, Errors: 0, Skipped: 0, Time elapsed: 0 s - in com.piinalpin.queryrequest.domain.dao.OperatingSystem_setName_119118550627
[INFO] Running com.piinalpin.queryrequest.domain.common.query.FilterRequest_setFieldType_1432650628
[INFO] Tests run: 1, Failures: 0, Errors: 0, Skipped: 0, Time elapsed: 0 s - in com.piinalpin.queryrequest.domain.common.query.FilterRequest_setFieldType_1432650628
[INFO] Running com.piinalpin.queryrequest.domain.common.query.SearchRequest_setFilters_23964156820
[INFO] Tests run: 1, Failures: 0, Errors: 0, Skipped: 0, Time elapsed: 0 s - in com.piinalpin.queryrequest.domain.common.query.SearchRequest_setFilters_23964156820
[INFO] Running com.piinalpin.queryrequest.domain.common.query.FilterRequest_setValue_22658472110
[INFO] Tests run: 1, Failures: 0, Errors: 0, Skipped: 0, Time elapsed: 0 s - in com.piinalpin.queryrequest.domain.common.query.FilterRequest_setValue_22658472110
[INFO] Running com.piinalpin.queryrequest.domain.common.query.SearchRequest_SearchRequestBuilder_init_13473521317
[INFO] Tests run: 1, Failures: 0, Errors: 0, Skipped: 0, Time elapsed: 0 s - in com.piinalpin.queryrequest.domain.common.query.SearchRequest_SearchRequestBuilder_init_13473521317
[INFO] Running com.piinalpin.queryrequest.domain.common.query.SearchRequest_equals_428905639
[INFO] Tests run: 1, Failures: 0, Errors: 0, Skipped: 0, Time elapsed: 0 s - in com.piinalpin.queryrequest.domain.common.query.SearchRequest_equals_428905639
[INFO] Running com.piinalpin.queryrequest.domain.common.query.SortRequest_getKey_123185013112
[INFO] Tests run: 1, Failures: 0, Errors: 0, Skipped: 0, Time elapsed: 0.001 s - in com.piinalpin.queryrequest.domain.common.query.SortRequest_getKey_123185013112
[INFO] Running com.piinalpin.queryrequest.domain.common.query.FilterRequest_setValueTo_208996574011
[INFO] Tests run: 1, Failures: 0, Errors: 0, Skipped: 0, Time elapsed: 0.001 s - in com.piinalpin.queryrequest.domain.common.query.FilterRequest_setValueTo_208996574011
[INFO] Running com.piinalpin.queryrequest.domain.common.query.FilterRequest_init_167784309018
[INFO] Tests run: 1, Failures: 0, Errors: 0, Skipped: 0, Time elapsed: 0.006 s - in com.piinalpin.queryrequest.domain.common.query.FilterRequest_init_167784309018
[INFO] Running com.piinalpin.queryrequest.domain.common.query.SearchRequest_toString_100233692827
[INFO] Tests run: 1, Failures: 0, Errors: 0, Skipped: 0, Time elapsed: 0.034 s - in com.piinalpin.queryrequest.domain.common.query.SearchRequest_toString_100233692827
[INFO] Running com.piinalpin.queryrequest.domain.common.query.FilterRequest_setFieldType_143265069
[INFO] Tests run: 1, Failures: 0, Errors: 0, Skipped: 0, Time elapsed: 0.001 s - in com.piinalpin.queryrequest.domain.common.query.FilterRequest_setFieldType_143265069
[INFO] Running com.piinalpin.queryrequest.domain.common.query.SearchRequest_getFilters_171488347015
[INFO] Tests run: 1, Failures: 0, Errors: 0, Skipped: 0, Time elapsed: 0.002 s - in com.piinalpin.queryrequest.domain.common.query.SearchRequest_getFilters_171488347015
[INFO] Running com.piinalpin.queryrequest.domain.common.query.FilterRequest_FilterRequestBuilder_fieldType_2537050803
[INFO] Tests run: 1, Failures: 0, Errors: 0, Skipped: 0, Time elapsed: 0.002 s - in com.piinalpin.queryrequest.domain.common.query.FilterRequest_FilterRequestBuilder_fieldType_2537050803
[INFO] Running com.piinalpin.queryrequest.domain.common.query.FilterRequest_equals_189406426913
[INFO] Tests run: 1, Failures: 0, Errors: 0, Skipped: 0, Time elapsed: 0.002 s - in com.piinalpin.queryrequest.domain.common.query.FilterRequest_equals_189406426913
[INFO] Running com.piinalpin.queryrequest.domain.common.query.FieldType_2_init_2456805452
[ERROR] Tests run: 1, Failures: 0, Errors: 1, Skipped: 0, Time elapsed: 0.002 s <<< FAILURE! - in com.piinalpin.queryrequest.domain.common.query.FieldType_2_init_2456805452
[ERROR] test  Time elapsed: 0.002 s  <<< ERROR!
java.lang.IllegalArgumentException: Cannot reflectively create enum objects
	at com.piinalpin.queryrequest.domain.common.query.FieldType_2_init_2456805452.test(FieldType_2_init_2456805452.java:47)

[INFO] Running com.piinalpin.queryrequest.domain.common.query.FieldType_4_init_2456804830
[ERROR] Tests run: 1, Failures: 0, Errors: 1, Skipped: 0, Time elapsed: 0.002 s <<< FAILURE! - in com.piinalpin.queryrequest.domain.common.query.FieldType_4_init_2456804830
[ERROR] test  Time elapsed: 0.001 s  <<< ERROR!
java.lang.IllegalArgumentException: Cannot reflectively create enum objects
	at com.piinalpin.queryrequest.domain.common.query.FieldType_4_init_2456804830.test(FieldType_4_init_2456804830.java:47)

[INFO] Running com.piinalpin.queryrequest.domain.common.query.FieldType_7_parse_21268912781
[INFO] Tests run: 1, Failures: 0, Errors: 0, Skipped: 0, Time elapsed: 0.001 s - in com.piinalpin.queryrequest.domain.common.query.FieldType_7_parse_21268912781
[INFO] Running com.piinalpin.queryrequest.domain.common.query.SortRequest_SortRequestBuilder_toString_2499884769
[INFO] Tests run: 1, Failures: 0, Errors: 0, Skipped: 0, Time elapsed: 0.012 s - in com.piinalpin.queryrequest.domain.common.query.SortRequest_SortRequestBuilder_toString_2499884769
[INFO] Running com.piinalpin.queryrequest.domain.common.query.FieldType_2_parse_21268914331
[INFO] Tests run: 1, Failures: 0, Errors: 0, Skipped: 0, Time elapsed: 0 s - in com.piinalpin.queryrequest.domain.common.query.FieldType_2_parse_21268914331
[INFO] Running com.piinalpin.queryrequest.domain.common.query.FieldType_1_init_2456805760
[ERROR] Tests run: 1, Failures: 0, Errors: 1, Skipped: 0, Time elapsed: 0 s <<< FAILURE! - in com.piinalpin.queryrequest.domain.common.query.FieldType_1_init_2456805760
[ERROR] test  Time elapsed: 0 s  <<< ERROR!
java.lang.IllegalArgumentException: Cannot reflectively create enum objects
	at com.piinalpin.queryrequest.domain.common.query.FieldType_1_init_2456805760.test(FieldType_1_init_2456805760.java:47)

[INFO] Running com.piinalpin.queryrequest.domain.common.query.FilterRequest_FilterRequestBuilder_toString_25203288
[INFO] Tests run: 1, Failures: 0, Errors: 0, Skipped: 0, Time elapsed: 0 s - in com.piinalpin.queryrequest.domain.common.query.FilterRequest_FilterRequestBuilder_toString_25203288
[INFO] Running com.piinalpin.queryrequest.domain.common.query.FilterRequest_setValueTo_208996574030
[INFO] Tests run: 1, Failures: 0, Errors: 0, Skipped: 0, Time elapsed: 0 s - in com.piinalpin.queryrequest.domain.common.query.FilterRequest_setValueTo_208996574030
[INFO] Running com.piinalpin.queryrequest.domain.common.query.FilterRequest_getKey_111744734120
[INFO] Tests run: 1, Failures: 0, Errors: 0, Skipped: 0, Time elapsed: 0 s - in com.piinalpin.queryrequest.domain.common.query.FilterRequest_getKey_111744734120
[INFO] Running com.piinalpin.queryrequest.domain.common.query.FilterRequest_setOperator_187298390427
[INFO] Tests run: 1, Failures: 0, Errors: 0, Skipped: 0, Time elapsed: 0.001 s - in com.piinalpin.queryrequest.domain.common.query.FilterRequest_setOperator_187298390427
[INFO] Running com.piinalpin.queryrequest.domain.common.query.SearchRequest_SearchRequestBuilder_toString_80189628013
[INFO] Tests run: 1, Failures: 0, Errors: 0, Skipped: 0, Time elapsed: 0 s - in com.piinalpin.queryrequest.domain.common.query.SearchRequest_SearchRequestBuilder_toString_80189628013
[INFO] Running com.piinalpin.queryrequest.domain.common.query.FilterRequest_FilterRequestBuilder_key_9765107251
[INFO] Tests run: 1, Failures: 0, Errors: 0, Skipped: 0, Time elapsed: 0 s - in com.piinalpin.queryrequest.domain.common.query.FilterRequest_FilterRequestBuilder_key_9765107251
[INFO] Running com.piinalpin.queryrequest.domain.common.query.SortRequest_equals_20084670595
[INFO] Tests run: 1, Failures: 0, Errors: 0, Skipped: 0, Time elapsed: 0 s - in com.piinalpin.queryrequest.domain.common.query.SortRequest_equals_20084670595
[INFO] Running com.piinalpin.queryrequest.domain.common.query.SortRequest_SortRequestBuilder_init_2954673750
[INFO] Tests run: 1, Failures: 0, Errors: 0, Skipped: 0, Time elapsed: 0 s - in com.piinalpin.queryrequest.domain.common.query.SortRequest_SortRequestBuilder_init_2954673750
[INFO] Running com.piinalpin.queryrequest.domain.common.query.SearchRequest_getPage_6013036823
[INFO] Tests run: 1, Failures: 0, Errors: 0, Skipped: 0, Time elapsed: 0 s - in com.piinalpin.queryrequest.domain.common.query.SearchRequest_getPage_6013036823
[INFO] Running com.piinalpin.queryrequest.domain.common.query.SearchRequest_SearchRequestBuilder_build_82321518912
[INFO] Tests run: 1, Failures: 0, Errors: 0, Skipped: 0, Time elapsed: 0 s - in com.piinalpin.queryrequest.domain.common.query.SearchRequest_SearchRequestBuilder_build_82321518912
[INFO] Running com.piinalpin.queryrequest.domain.common.query.SearchRequest_SearchRequestBuilder_filters_6822581101
[INFO] Tests run: 1, Failures: 0, Errors: 0, Skipped: 0, Time elapsed: 0 s - in com.piinalpin.queryrequest.domain.common.query.SearchRequest_SearchRequestBuilder_filters_6822581101
[INFO] Running com.piinalpin.queryrequest.domain.common.query.FilterRequest_FilterRequestBuilder_toString_252032817
[INFO] Tests run: 1, Failures: 0, Errors: 0, Skipped: 0, Time elapsed: 0.001 s - in com.piinalpin.queryrequest.domain.common.query.FilterRequest_FilterRequestBuilder_toString_252032817
[INFO] Running com.piinalpin.queryrequest.domain.common.query.SortRequest_canEqual_148233760817
[INFO] Tests run: 1, Failures: 0, Errors: 0, Skipped: 0, Time elapsed: 0 s - in com.piinalpin.queryrequest.domain.common.query.SortRequest_canEqual_148233760817
[INFO] Running com.piinalpin.queryrequest.domain.common.query.FieldType_7_init_2456803900
[ERROR] Tests run: 1, Failures: 0, Errors: 1, Skipped: 0, Time elapsed: 0.013 s <<< FAILURE! - in com.piinalpin.queryrequest.domain.common.query.FieldType_7_init_2456803900
[ERROR] test  Time elapsed: 0.013 s  <<< ERROR!
java.lang.IllegalArgumentException: Cannot reflectively create enum objects
	at com.piinalpin.queryrequest.domain.common.query.FieldType_7_init_2456803900.test(FieldType_7_init_2456803900.java:47)

[INFO] Running com.piinalpin.queryrequest.domain.common.query.FilterRequest_builder_139457635019
[INFO] Tests run: 1, Failures: 0, Errors: 0, Skipped: 0, Time elapsed: 0 s - in com.piinalpin.queryrequest.domain.common.query.FilterRequest_builder_139457635019
[INFO] Running com.piinalpin.queryrequest.domain.common.query.FilterRequest_getOperator_167828071621
[INFO] Tests run: 1, Failures: 0, Errors: 0, Skipped: 0, Time elapsed: 0.031 s - in com.piinalpin.queryrequest.domain.common.query.FilterRequest_getOperator_167828071621
[INFO] Running com.piinalpin.queryrequest.domain.common.query.FilterRequest_setValues_209773820331
[INFO] Tests run: 1, Failures: 0, Errors: 0, Skipped: 0, Time elapsed: 0.001 s - in com.piinalpin.queryrequest.domain.common.query.FilterRequest_setValues_209773820331
[INFO] Running com.piinalpin.queryrequest.domain.common.query.SearchRequest_SearchRequestBuilder_page_135411813810
[INFO] Tests run: 1, Failures: 0, Errors: 0, Skipped: 0, Time elapsed: 0.001 s - in com.piinalpin.queryrequest.domain.common.query.SearchRequest_SearchRequestBuilder_page_135411813810
[INFO] Running com.piinalpin.queryrequest.domain.common.query.SortRequest_getDirection_84719823213
[INFO] Tests run: 1, Failures: 0, Errors: 0, Skipped: 0, Time elapsed: 0.001 s - in com.piinalpin.queryrequest.domain.common.query.SortRequest_getDirection_84719823213
[INFO] Running com.piinalpin.queryrequest.domain.common.query.FilterRequest_setOperator_18729839048
[INFO] Tests run: 1, Failures: 0, Errors: 0, Skipped: 0, Time elapsed: 0.003 s - in com.piinalpin.queryrequest.domain.common.query.FilterRequest_setOperator_18729839048
[INFO] Running com.piinalpin.queryrequest.domain.common.query.FilterRequest_getValue_29676030123
[INFO] Tests run: 1, Failures: 0, Errors: 0, Skipped: 0, Time elapsed: 0.001 s - in com.piinalpin.queryrequest.domain.common.query.FilterRequest_getValue_29676030123
[INFO] Running com.piinalpin.queryrequest.domain.common.query.SearchRequest_setSize_176088285023
[INFO] Tests run: 1, Failures: 0, Errors: 0, Skipped: 0, Time elapsed: 0.001 s - in com.piinalpin.queryrequest.domain.common.query.SearchRequest_setSize_176088285023
[INFO] Running com.piinalpin.queryrequest.domain.common.query.SortRequest_hashCode_15597803847
[INFO] Tests run: 1, Failures: 0, Errors: 0, Skipped: 0, Time elapsed: 0.001 s - in com.piinalpin.queryrequest.domain.common.query.SortRequest_hashCode_15597803847
[INFO] Running com.piinalpin.queryrequest.domain.common.query.FilterRequest_FilterRequestBuilder_valueTo_16220483265
[INFO] Tests run: 1, Failures: 0, Errors: 0, Skipped: 0, Time elapsed: 0 s - in com.piinalpin.queryrequest.domain.common.query.FilterRequest_FilterRequestBuilder_valueTo_16220483265
[INFO] Running com.piinalpin.queryrequest.domain.common.query.SearchRequest_SearchRequestBuilder_init_13473521310
[INFO] Tests run: 1, Failures: 0, Errors: 0, Skipped: 0, Time elapsed: 0.001 s - in com.piinalpin.queryrequest.domain.common.query.SearchRequest_SearchRequestBuilder_init_13473521310
[INFO] Running com.piinalpin.queryrequest.domain.common.query.FieldType_6_init_2456804212
[ERROR] Tests run: 1, Failures: 0, Errors: 1, Skipped: 0, Time elapsed: 0 s <<< FAILURE! - in com.piinalpin.queryrequest.domain.common.query.FieldType_6_init_2456804212
[ERROR] test  Time elapsed: 0 s  <<< ERROR!
java.lang.IllegalArgumentException: Cannot reflectively create enum objects
	at com.piinalpin.queryrequest.domain.common.query.FieldType_6_init_2456804212.test(FieldType_6_init_2456804212.java:47)

[INFO] Running com.piinalpin.queryrequest.domain.common.query.SearchRequest_hashCode_49157723826
[INFO] Tests run: 1, Failures: 0, Errors: 0, Skipped: 0, Time elapsed: 0.001 s - in com.piinalpin.queryrequest.domain.common.query.SearchRequest_hashCode_49157723826
[INFO] Running com.piinalpin.queryrequest.domain.common.query.FilterRequest_FilterRequestBuilder_value_6247398094
[INFO] Tests run: 1, Failures: 0, Errors: 0, Skipped: 0, Time elapsed: 0.002 s - in com.piinalpin.queryrequest.domain.common.query.FilterRequest_FilterRequestBuilder_value_6247398094
[INFO] Running com.piinalpin.queryrequest.domain.common.query.SearchRequest_canEqual_76127206625
[INFO] Tests run: 1, Failures: 0, Errors: 0, Skipped: 0, Time elapsed: 0.002 s - in com.piinalpin.queryrequest.domain.common.query.SearchRequest_canEqual_76127206625
[INFO] Running com.piinalpin.queryrequest.domain.common.query.FilterRequest_setKey_18041387717
[INFO] Tests run: 1, Failures: 0, Errors: 0, Skipped: 0, Time elapsed: 0 s - in com.piinalpin.queryrequest.domain.common.query.FilterRequest_setKey_18041387717
[INFO] Running com.piinalpin.queryrequest.domain.common.query.SearchRequest_SearchRequestBuilder_size_126027648811
[INFO] Tests run: 1, Failures: 0, Errors: 0, Skipped: 0, Time elapsed: 0 s - in com.piinalpin.queryrequest.domain.common.query.SearchRequest_SearchRequestBuilder_size_126027648811
[INFO] Running com.piinalpin.queryrequest.domain.common.query.FilterRequest_getFieldType_7430843143
[INFO] Tests run: 1, Failures: 0, Errors: 0, Skipped: 0, Time elapsed: 0.001 s - in com.piinalpin.queryrequest.domain.common.query.FilterRequest_getFieldType_7430843143
[INFO] Running com.piinalpin.queryrequest.domain.common.query.FilterRequest_FilterRequestBuilder_init_5429355230
[INFO] Tests run: 1, Failures: 0, Errors: 0, Skipped: 0, Time elapsed: 0 s - in com.piinalpin.queryrequest.domain.common.query.FilterRequest_FilterRequestBuilder_init_5429355230
[INFO] Running com.piinalpin.queryrequest.domain.common.query.FilterRequest_FilterRequestBuilder_fieldType_25370508012
[INFO] Tests run: 1, Failures: 0, Errors: 0, Skipped: 0, Time elapsed: 0 s - in com.piinalpin.queryrequest.domain.common.query.FilterRequest_FilterRequestBuilder_fieldType_25370508012
[INFO] Running com.piinalpin.queryrequest.domain.common.query.SortRequest_SortRequestBuilder_key_1668704056
[INFO] Tests run: 1, Failures: 0, Errors: 0, Skipped: 0, Time elapsed: 0 s - in com.piinalpin.queryrequest.domain.common.query.SortRequest_SortRequestBuilder_key_1668704056
[INFO] Running com.piinalpin.queryrequest.domain.common.query.FilterRequest_FilterRequestBuilder_init_5429355239
[INFO] Tests run: 1, Failures: 0, Errors: 0, Skipped: 0, Time elapsed: 0 s - in com.piinalpin.queryrequest.domain.common.query.FilterRequest_FilterRequestBuilder_init_5429355239
[INFO] Running com.piinalpin.queryrequest.domain.common.query.SortRequest_setDirection_40247915015
[INFO] Tests run: 1, Failures: 0, Errors: 0, Skipped: 0, Time elapsed: 0 s - in com.piinalpin.queryrequest.domain.common.query.SortRequest_setDirection_40247915015
[INFO] Running com.piinalpin.queryrequest.domain.common.query.SortRequest_SortRequestBuilder_init_2954673755
[INFO] Tests run: 1, Failures: 0, Errors: 0, Skipped: 0, Time elapsed: 0 s - in com.piinalpin.queryrequest.domain.common.query.SortRequest_SortRequestBuilder_init_2954673755
[INFO] Running com.piinalpin.queryrequest.domain.common.query.SortRequest_builder_71800138811
[INFO] Tests run: 1, Failures: 0, Errors: 0, Skipped: 0, Time elapsed: 0.001 s - in com.piinalpin.queryrequest.domain.common.query.SortRequest_builder_71800138811
[INFO] Running com.piinalpin.queryrequest.domain.common.query.SearchRequest_equals_4289056324
[INFO] Tests run: 1, Failures: 0, Errors: 0, Skipped: 0, Time elapsed: 0 s - in com.piinalpin.queryrequest.domain.common.query.SearchRequest_equals_4289056324
[INFO] Running com.piinalpin.queryrequest.domain.common.query.FieldType_valueOf_3821367961
[ERROR] Tests run: 1, Failures: 0, Errors: 1, Skipped: 0, Time elapsed: 0 s <<< FAILURE! - in com.piinalpin.queryrequest.domain.common.query.FieldType_valueOf_3821367961
[ERROR] test  Time elapsed: 0 s  <<< ERROR!
java.lang.IllegalArgumentException: No enum constant com.piinalpin.queryrequest.domain.common.query.FieldType.PAEBtnZtTD
	at com.piinalpin.queryrequest.domain.common.query.FieldType_valueOf_3821367961.test(FieldType_valueOf_3821367961.java:42)

[INFO] Running com.piinalpin.queryrequest.domain.common.query.FilterRequest_getOperator_16782807162
[INFO] Tests run: 1, Failures: 0, Errors: 0, Skipped: 0, Time elapsed: 0 s - in com.piinalpin.queryrequest.domain.common.query.FilterRequest_getOperator_16782807162
[INFO] Running com.piinalpin.queryrequest.domain.common.query.SearchRequest_toString_100233692812
[INFO] Tests run: 1, Failures: 0, Errors: 0, Skipped: 0, Time elapsed: 0 s - in com.piinalpin.queryrequest.domain.common.query.SearchRequest_toString_100233692812
[INFO] Running com.piinalpin.queryrequest.domain.common.query.FieldType_values_8741671992
[INFO] Tests run: 1, Failures: 0, Errors: 0, Skipped: 0, Time elapsed: 0 s - in com.piinalpin.queryrequest.domain.common.query.FieldType_values_8741671992
[INFO] Running com.piinalpin.queryrequest.domain.common.query.FieldType_4_parse_21268913713
[ERROR] Tests run: 1, Failures: 0, Errors: 1, Skipped: 0, Time elapsed: 0.001 s <<< FAILURE! - in com.piinalpin.queryrequest.domain.common.query.FieldType_4_parse_21268913713
[ERROR] test  Time elapsed: 0 s  <<< ERROR!
java.lang.NullPointerException
	at com.piinalpin.queryrequest.domain.common.query.FieldType_4_parse_21268913713.test(FieldType_4_parse_21268913713.java:49)

[INFO] Running com.piinalpin.queryrequest.domain.common.query.FilterRequest_getValues_17807856216
[INFO] Tests run: 1, Failures: 0, Errors: 0, Skipped: 0, Time elapsed: 0 s - in com.piinalpin.queryrequest.domain.common.query.FilterRequest_getValues_17807856216
[INFO] Running com.piinalpin.queryrequest.domain.common.query.FieldType_3_init_2456805140
[ERROR] Tests run: 1, Failures: 0, Errors: 1, Skipped: 0, Time elapsed: 0 s <<< FAILURE! - in com.piinalpin.queryrequest.domain.common.query.FieldType_3_init_2456805140
[ERROR] test  Time elapsed: 0 s  <<< ERROR!
java.lang.IllegalArgumentException: Cannot reflectively create enum objects
	at com.piinalpin.queryrequest.domain.common.query.FieldType_3_init_2456805140.test(FieldType_3_init_2456805140.java:47)

[INFO] Running com.piinalpin.queryrequest.domain.common.query.FilterRequest_FilterRequestBuilder_build_3880957717
[INFO] Tests run: 1, Failures: 0, Errors: 0, Skipped: 0, Time elapsed: 0 s - in com.piinalpin.queryrequest.domain.common.query.FilterRequest_FilterRequestBuilder_build_3880957717
[INFO] Running com.piinalpin.queryrequest.domain.common.query.SearchRequest_SearchRequestBuilder_toString_8018962806
[INFO] Tests run: 1, Failures: 0, Errors: 0, Skipped: 0, Time elapsed: 0 s - in com.piinalpin.queryrequest.domain.common.query.SearchRequest_SearchRequestBuilder_toString_8018962806
[INFO] Running com.piinalpin.queryrequest.domain.common.query.FieldType_1_init_2456805762
[ERROR] Tests run: 1, Failures: 0, Errors: 1, Skipped: 0, Time elapsed: 0.001 s <<< FAILURE! - in com.piinalpin.queryrequest.domain.common.query.FieldType_1_init_2456805762
[ERROR] test  Time elapsed: 0 s  <<< ERROR!
java.lang.IllegalArgumentException: Cannot reflectively create enum objects
	at com.piinalpin.queryrequest.domain.common.query.FieldType_1_init_2456805762.test(FieldType_1_init_2456805762.java:47)

[INFO] Running com.piinalpin.queryrequest.domain.common.query.SearchRequest_setSize_17608828508
[INFO] Tests run: 1, Failures: 0, Errors: 0, Skipped: 0, Time elapsed: 0 s - in com.piinalpin.queryrequest.domain.common.query.SearchRequest_setSize_17608828508
[INFO] Running com.piinalpin.queryrequest.domain.common.query.FilterRequest_getValue_2967603014
[INFO] Tests run: 1, Failures: 0, Errors: 0, Skipped: 0, Time elapsed: 0 s - in com.piinalpin.queryrequest.domain.common.query.FilterRequest_getValue_2967603014
[INFO] Running com.piinalpin.queryrequest.domain.common.query.SearchRequest_setPage_18547245007
[INFO] Tests run: 1, Failures: 0, Errors: 0, Skipped: 0, Time elapsed: 0 s - in com.piinalpin.queryrequest.domain.common.query.SearchRequest_setPage_18547245007
[INFO] Running com.piinalpin.queryrequest.domain.common.query.FilterRequest_getFieldType_74308431422
[INFO] Tests run: 1, Failures: 0, Errors: 0, Skipped: 0, Time elapsed: 0 s - in com.piinalpin.queryrequest.domain.common.query.FilterRequest_getFieldType_74308431422
[INFO] Running com.piinalpin.queryrequest.domain.common.query.SearchRequest_getFilters_17148834700
[INFO] Tests run: 1, Failures: 0, Errors: 0, Skipped: 0, Time elapsed: 0 s - in com.piinalpin.queryrequest.domain.common.query.SearchRequest_getFilters_17148834700
[INFO] Running com.piinalpin.queryrequest.domain.common.query.SearchRequest_builder_3094387982
[INFO] Tests run: 1, Failures: 0, Errors: 0, Skipped: 0, Time elapsed: 0 s - in com.piinalpin.queryrequest.domain.common.query.SearchRequest_builder_3094387982
[INFO] Running com.piinalpin.queryrequest.domain.common.query.FilterRequest_getKey_11174473411
[INFO] Tests run: 1, Failures: 0, Errors: 0, Skipped: 0, Time elapsed: 0 s - in com.piinalpin.queryrequest.domain.common.query.FilterRequest_getKey_11174473411
[INFO] Running com.piinalpin.queryrequest.domain.common.query.SortRequest_init_5035648439
[INFO] Tests run: 1, Failures: 0, Errors: 0, Skipped: 0, Time elapsed: 0 s - in com.piinalpin.queryrequest.domain.common.query.SortRequest_init_5035648439
[INFO] Running com.piinalpin.queryrequest.domain.common.query.FilterRequest_canEqual_159674039833
[INFO] Tests run: 1, Failures: 0, Errors: 0, Skipped: 0, Time elapsed: 0 s - in com.piinalpin.queryrequest.domain.common.query.FilterRequest_canEqual_159674039833
[INFO] Running com.piinalpin.queryrequest.domain.common.query.FieldType_1_parse_21268914643
[INFO] Tests run: 1, Failures: 0, Errors: 0, Skipped: 0, Time elapsed: 0 s - in com.piinalpin.queryrequest.domain.common.query.FieldType_1_parse_21268914643
[INFO] Running com.piinalpin.queryrequest.domain.common.query.FilterRequest_toString_93461790435
[INFO] Tests run: 1, Failures: 0, Errors: 0, Skipped: 0, Time elapsed: 0 s - in com.piinalpin.queryrequest.domain.common.query.FilterRequest_toString_93461790435
[INFO] Running com.piinalpin.queryrequest.domain.common.query.FilterRequest_equals_189406426932
[INFO] Tests run: 1, Failures: 0, Errors: 0, Skipped: 0, Time elapsed: 0 s - in com.piinalpin.queryrequest.domain.common.query.FilterRequest_equals_189406426932
[INFO] Running com.piinalpin.queryrequest.domain.common.query.FilterRequest_FilterRequestBuilder_value_62473980913
[INFO] Tests run: 1, Failures: 0, Errors: 0, Skipped: 0, Time elapsed: 0 s - in com.piinalpin.queryrequest.domain.common.query.FilterRequest_FilterRequestBuilder_value_62473980913
[INFO] Running com.piinalpin.queryrequest.domain.common.query.SearchRequest_builder_30943879817
[INFO] Tests run: 1, Failures: 0, Errors: 0, Skipped: 0, Time elapsed: 0 s - in com.piinalpin.queryrequest.domain.common.query.SearchRequest_builder_30943879817
[INFO] Running com.piinalpin.queryrequest.domain.common.query.FieldType_3_init_2456805142
[ERROR] Tests run: 1, Failures: 0, Errors: 1, Skipped: 0, Time elapsed: 0 s <<< FAILURE! - in com.piinalpin.queryrequest.domain.common.query.FieldType_3_init_2456805142
[ERROR] test  Time elapsed: 0 s  <<< ERROR!
java.lang.IllegalArgumentException: Cannot reflectively create enum objects
	at com.piinalpin.queryrequest.domain.common.query.FieldType_3_init_2456805142.test(FieldType_3_init_2456805142.java:47)

[INFO] Running com.piinalpin.queryrequest.domain.common.query.SearchRequest_init_60109671514
[INFO] Tests run: 1, Failures: 0, Errors: 0, Skipped: 0, Time elapsed: 0 s - in com.piinalpin.queryrequest.domain.common.query.SearchRequest_init_60109671514
[INFO] Running com.piinalpin.queryrequest.domain.common.query.SortRequest_SortRequestBuilder_toString_2499884764
[INFO] Tests run: 1, Failures: 0, Errors: 0, Skipped: 0, Time elapsed: 0 s - in com.piinalpin.queryrequest.domain.common.query.SortRequest_SortRequestBuilder_toString_2499884764
[INFO] Running com.piinalpin.queryrequest.domain.common.query.SearchRequest_SearchRequestBuilder_page_13541181383
[INFO] Tests run: 1, Failures: 0, Errors: 0, Skipped: 0, Time elapsed: 0 s - in com.piinalpin.queryrequest.domain.common.query.SearchRequest_SearchRequestBuilder_page_13541181383
[INFO] Running com.piinalpin.queryrequest.domain.common.query.FieldType_5_parse_21268913401
[ERROR] Tests run: 1, Failures: 0, Errors: 1, Skipped: 0, Time elapsed: 0 s <<< FAILURE! - in com.piinalpin.queryrequest.domain.common.query.FieldType_5_parse_21268913401
[ERROR] test  Time elapsed: 0 s  <<< ERROR!
java.lang.NumberFormatException: For input string: "SzjVpOQTyS"
	at com.piinalpin.queryrequest.domain.common.query.FieldType_5_parse_21268913401.test(FieldType_5_parse_21268913401.java:49)

[INFO] Running com.piinalpin.queryrequest.domain.common.query.FieldType_7_init_2456803902
[ERROR] Tests run: 1, Failures: 0, Errors: 1, Skipped: 0, Time elapsed: 0 s <<< FAILURE! - in com.piinalpin.queryrequest.domain.common.query.FieldType_7_init_2456803902
[ERROR] test  Time elapsed: 0 s  <<< ERROR!
java.lang.IllegalArgumentException: Cannot reflectively create enum objects
	at com.piinalpin.queryrequest.domain.common.query.FieldType_7_init_2456803902.test(FieldType_7_init_2456803902.java:47)

[INFO] Running com.piinalpin.queryrequest.domain.common.query.SortRequest_setKey_16897359813
[INFO] Tests run: 1, Failures: 0, Errors: 0, Skipped: 0, Time elapsed: 0 s - in com.piinalpin.queryrequest.domain.common.query.SortRequest_setKey_16897359813
[INFO] Running com.piinalpin.queryrequest.domain.common.query.FilterRequest_setValue_22658472129
[INFO] Tests run: 1, Failures: 0, Errors: 0, Skipped: 0, Time elapsed: 0 s - in com.piinalpin.queryrequest.domain.common.query.FilterRequest_setValue_22658472129
[INFO] Running com.piinalpin.queryrequest.domain.common.query.FieldType_4_init_2456804832
[ERROR] Tests run: 1, Failures: 0, Errors: 1, Skipped: 0, Time elapsed: 0 s <<< FAILURE! - in com.piinalpin.queryrequest.domain.common.query.FieldType_4_init_2456804832
[ERROR] test  Time elapsed: 0 s  <<< ERROR!
java.lang.IllegalArgumentException: Cannot reflectively create enum objects
	at com.piinalpin.queryrequest.domain.common.query.FieldType_4_init_2456804832.test(FieldType_4_init_2456804832.java:47)

[INFO] Running com.piinalpin.queryrequest.domain.common.query.SortRequest_SortRequestBuilder_direction_13370952547
[INFO] Tests run: 1, Failures: 0, Errors: 0, Skipped: 0, Time elapsed: 0.001 s - in com.piinalpin.queryrequest.domain.common.query.SortRequest_SortRequestBuilder_direction_13370952547
[INFO] Running com.piinalpin.queryrequest.domain.common.query.SearchRequest_setSorts_5307001546
[INFO] Tests run: 1, Failures: 0, Errors: 0, Skipped: 0, Time elapsed: 0 s - in com.piinalpin.queryrequest.domain.common.query.SearchRequest_setSorts_5307001546
[INFO] Running com.piinalpin.queryrequest.domain.common.query.FieldType_3_parse_21268914023
06:38:25.425 [Time-limited test] INFO com.piinalpin.queryrequest.domain.common.query.FieldType - Failed parse field type DATE text
[INFO] Tests run: 1, Failures: 0, Errors: 0, Skipped: 0, Time elapsed: 0 s - in com.piinalpin.queryrequest.domain.common.query.FieldType_3_parse_21268914023
[INFO] Running com.piinalpin.queryrequest.domain.common.query.FilterRequest_getValues_178078562125
[INFO] Tests run: 1, Failures: 0, Errors: 0, Skipped: 0, Time elapsed: 0 s - in com.piinalpin.queryrequest.domain.common.query.FilterRequest_getValues_178078562125
[INFO] Running com.piinalpin.queryrequest.domain.common.query.SearchRequest_getSorts_181163749216
[INFO] Tests run: 1, Failures: 0, Errors: 0, Skipped: 0, Time elapsed: 0 s - in com.piinalpin.queryrequest.domain.common.query.SearchRequest_getSorts_181163749216
[INFO] Running com.piinalpin.queryrequest.domain.common.query.SearchRequest_hashCode_49157723811
[INFO] Tests run: 1, Failures: 0, Errors: 0, Skipped: 0, Time elapsed: 0 s - in com.piinalpin.queryrequest.domain.common.query.SearchRequest_hashCode_49157723811
[INFO] Running com.piinalpin.queryrequest.domain.common.query.SortRequest_builder_7180013880
[INFO] Tests run: 1, Failures: 0, Errors: 0, Skipped: 0, Time elapsed: 0 s - in com.piinalpin.queryrequest.domain.common.query.SortRequest_builder_7180013880
[INFO] Running com.piinalpin.queryrequest.domain.common.query.SearchRequest_SearchRequestBuilder_build_8232151895
[INFO] Tests run: 1, Failures: 0, Errors: 0, Skipped: 0, Time elapsed: 0.001 s - in com.piinalpin.queryrequest.domain.common.query.SearchRequest_SearchRequestBuilder_build_8232151895
[INFO] Running com.piinalpin.queryrequest.domain.common.query.FilterRequest_setValues_209773820312
[INFO] Tests run: 1, Failures: 0, Errors: 0, Skipped: 0, Time elapsed: 0 s - in com.piinalpin.queryrequest.domain.common.query.FilterRequest_setValues_209773820312
[INFO] Running com.piinalpin.queryrequest.domain.common.query.FieldType_7_parse_21268912783
[INFO] Tests run: 1, Failures: 0, Errors: 0, Skipped: 0, Time elapsed: 0 s - in com.piinalpin.queryrequest.domain.common.query.FieldType_7_parse_21268912783
[INFO] Running com.piinalpin.queryrequest.domain.common.query.FilterRequest_canEqual_159674039814
[INFO] Tests run: 1, Failures: 0, Errors: 0, Skipped: 0, Time elapsed: 0 s - in com.piinalpin.queryrequest.domain.common.query.FilterRequest_canEqual_159674039814
[INFO] Running com.piinalpin.queryrequest.domain.common.query.FilterRequest_setKey_180413877126
[INFO] Tests run: 1, Failures: 0, Errors: 0, Skipped: 0, Time elapsed: 0 s - in com.piinalpin.queryrequest.domain.common.query.FilterRequest_setKey_180413877126
[INFO] Running com.piinalpin.queryrequest.domain.common.query.FilterRequest_FilterRequestBuilder_valueTo_162204832614
[INFO] Tests run: 1, Failures: 0, Errors: 0, Skipped: 0, Time elapsed: 0 s - in com.piinalpin.queryrequest.domain.common.query.FilterRequest_FilterRequestBuilder_valueTo_162204832614
[INFO] Running com.piinalpin.queryrequest.domain.common.query.SearchRequest_getSize_50746203219
[INFO] Tests run: 1, Failures: 0, Errors: 0, Skipped: 0, Time elapsed: 0 s - in com.piinalpin.queryrequest.domain.common.query.SearchRequest_getSize_50746203219
[INFO] Running com.piinalpin.queryrequest.domain.common.query.SortRequest_hashCode_155978038418
[INFO] Tests run: 1, Failures: 0, Errors: 0, Skipped: 0, Time elapsed: 0 s - in com.piinalpin.queryrequest.domain.common.query.SortRequest_hashCode_155978038418
[INFO] Running com.piinalpin.queryrequest.domain.common.query.FieldType_4_parse_21268913711
[ERROR] Tests run: 1, Failures: 0, Errors: 1, Skipped: 0, Time elapsed: 0.001 s <<< FAILURE! - in com.piinalpin.queryrequest.domain.common.query.FieldType_4_parse_21268913711
[ERROR] test  Time elapsed: 0 s  <<< ERROR!
java.lang.NumberFormatException: For input string: "RMFIsYGgne"
	at com.piinalpin.queryrequest.domain.common.query.FieldType_4_parse_21268913711.test(FieldType_4_parse_21268913711.java:49)

[INFO] Running com.piinalpin.queryrequest.domain.common.query.FilterRequest_getValueTo_174701336824
[INFO] Tests run: 1, Failures: 0, Errors: 0, Skipped: 0, Time elapsed: 0 s - in com.piinalpin.queryrequest.domain.common.query.FilterRequest_getValueTo_174701336824
[INFO] Running com.piinalpin.queryrequest.domain.common.query.FilterRequest_toString_93461790416
[INFO] Tests run: 1, Failures: 0, Errors: 0, Skipped: 0, Time elapsed: 0 s - in com.piinalpin.queryrequest.domain.common.query.FilterRequest_toString_93461790416
[INFO] Running com.piinalpin.queryrequest.domain.common.query.SearchRequest_canEqual_76127206610
[INFO] Tests run: 1, Failures: 0, Errors: 0, Skipped: 0, Time elapsed: 0 s - in com.piinalpin.queryrequest.domain.common.query.SearchRequest_canEqual_76127206610
[INFO] Running com.piinalpin.queryrequest.domain.common.query.FieldType_1_parse_21268914641
[INFO] Tests run: 1, Failures: 0, Errors: 0, Skipped: 0, Time elapsed: 0 s - in com.piinalpin.queryrequest.domain.common.query.FieldType_1_parse_21268914641
[INFO] Running com.piinalpin.queryrequest.domain.common.query.SearchRequest_SearchRequestBuilder_sorts_4609610649
[INFO] Tests run: 1, Failures: 0, Errors: 0, Skipped: 0, Time elapsed: 0 s - in com.piinalpin.queryrequest.domain.common.query.SearchRequest_SearchRequestBuilder_sorts_4609610649
[INFO] Running com.piinalpin.queryrequest.domain.common.query.SearchRequest_init_60109671529
[INFO] Tests run: 1, Failures: 0, Errors: 0, Skipped: 0, Time elapsed: 0 s - in com.piinalpin.queryrequest.domain.common.query.SearchRequest_init_60109671529
[INFO] Running com.piinalpin.queryrequest.domain.common.query.SearchRequest_SearchRequestBuilder_filters_6822581108
[INFO] Tests run: 1, Failures: 0, Errors: 0, Skipped: 0, Time elapsed: 0 s - in com.piinalpin.queryrequest.domain.common.query.SearchRequest_SearchRequestBuilder_filters_6822581108
[INFO] Running com.piinalpin.queryrequest.domain.common.query.FilterRequest_FilterRequestBuilder_operator_77602504611
[INFO] Tests run: 1, Failures: 0, Errors: 0, Skipped: 0, Time elapsed: 0.001 s - in com.piinalpin.queryrequest.domain.common.query.FilterRequest_FilterRequestBuilder_operator_77602504611
[INFO] Running com.piinalpin.queryrequest.domain.common.query.SortRequest_equals_200846705916
[INFO] Tests run: 1, Failures: 0, Errors: 0, Skipped: 0, Time elapsed: 0 s - in com.piinalpin.queryrequest.domain.common.query.SortRequest_equals_200846705916
[INFO] Running com.piinalpin.queryrequest.domain.common.query.FieldType_values_8741671990
[INFO] Tests run: 1, Failures: 0, Errors: 0, Skipped: 0, Time elapsed: 0 s - in com.piinalpin.queryrequest.domain.common.query.FieldType_values_8741671990
[INFO] Running com.piinalpin.queryrequest.domain.common.query.FilterRequest_FilterRequestBuilder_key_97651072510
[INFO] Tests run: 1, Failures: 0, Errors: 0, Skipped: 0, Time elapsed: 0 s - in com.piinalpin.queryrequest.domain.common.query.FilterRequest_FilterRequestBuilder_key_97651072510
[INFO] Running com.piinalpin.queryrequest.domain.common.query.FieldType_2_init_2456805450
[ERROR] Tests run: 1, Failures: 0, Errors: 1, Skipped: 0, Time elapsed: 0 s <<< FAILURE! - in com.piinalpin.queryrequest.domain.common.query.FieldType_2_init_2456805450
[ERROR] test  Time elapsed: 0 s  <<< ERROR!
java.lang.IllegalArgumentException: Cannot reflectively create enum objects
	at com.piinalpin.queryrequest.domain.common.query.FieldType_2_init_2456805450.test(FieldType_2_init_2456805450.java:47)

[INFO] Running com.piinalpin.queryrequest.domain.common.query.SearchRequest_getPage_60130368218
[INFO] Tests run: 1, Failures: 0, Errors: 0, Skipped: 0, Time elapsed: 0 s - in com.piinalpin.queryrequest.domain.common.query.SearchRequest_getPage_60130368218
[INFO] Running com.piinalpin.queryrequest.domain.common.query.FieldType_6_init_2456804210
[ERROR] Tests run: 1, Failures: 0, Errors: 1, Skipped: 0, Time elapsed: 0 s <<< FAILURE! - in com.piinalpin.queryrequest.domain.common.query.FieldType_6_init_2456804210
[ERROR] test  Time elapsed: 0 s  <<< ERROR!
java.lang.IllegalArgumentException: Cannot reflectively create enum objects
	at com.piinalpin.queryrequest.domain.common.query.FieldType_6_init_2456804210.test(FieldType_6_init_2456804210.java:47)

[INFO] Running com.piinalpin.queryrequest.domain.common.query.SortRequest_SortRequestBuilder_build_13870834438
[INFO] Tests run: 1, Failures: 0, Errors: 0, Skipped: 0, Time elapsed: 0.001 s - in com.piinalpin.queryrequest.domain.common.query.SortRequest_SortRequestBuilder_build_13870834438
[INFO] Running com.piinalpin.queryrequest.domain.common.query.FieldType_5_init_2456804520
[ERROR] Tests run: 1, Failures: 0, Errors: 1, Skipped: 0, Time elapsed: 0 s <<< FAILURE! - in com.piinalpin.queryrequest.domain.common.query.FieldType_5_init_2456804520
[ERROR] test  Time elapsed: 0 s  <<< ERROR!
java.lang.IllegalArgumentException: Cannot reflectively create enum objects
	at com.piinalpin.queryrequest.domain.common.query.FieldType_5_init_2456804520.test(FieldType_5_init_2456804520.java:47)

[INFO] Running com.piinalpin.queryrequest.domain.common.query.SortRequest_canEqual_14823376086
[INFO] Tests run: 1, Failures: 0, Errors: 0, Skipped: 0, Time elapsed: 0 s - in com.piinalpin.queryrequest.domain.common.query.SortRequest_canEqual_14823376086
[INFO] Running com.piinalpin.queryrequest.domain.common.query.SearchRequest_setFilters_2396415685
[INFO] Tests run: 1, Failures: 0, Errors: 0, Skipped: 0, Time elapsed: 0 s - in com.piinalpin.queryrequest.domain.common.query.SearchRequest_setFilters_2396415685
[INFO] Running com.piinalpin.queryrequest.domain.common.query.FieldType_5_parse_21268913403
[ERROR] Tests run: 1, Failures: 0, Errors: 1, Skipped: 0, Time elapsed: 0 s <<< FAILURE! - in com.piinalpin.queryrequest.domain.common.query.FieldType_5_parse_21268913403
[ERROR] test  Time elapsed: 0 s  <<< ERROR!
java.lang.NumberFormatException: null
	at com.piinalpin.queryrequest.domain.common.query.FieldType_5_parse_21268913403.test(FieldType_5_parse_21268913403.java:49)

[INFO] Running com.piinalpin.queryrequest.domain.common.query.FilterRequest_FilterRequestBuilder_values_206420834715
[INFO] Tests run: 1, Failures: 0, Errors: 0, Skipped: 0, Time elapsed: 0.001 s - in com.piinalpin.queryrequest.domain.common.query.FilterRequest_FilterRequestBuilder_values_206420834715
[INFO] Running com.piinalpin.queryrequest.domain.common.query.SearchRequest_init_154779277913
[INFO] Tests run: 1, Failures: 0, Errors: 0, Skipped: 0, Time elapsed: 0.001 s - in com.piinalpin.queryrequest.domain.common.query.SearchRequest_init_154779277913
[INFO] Running com.piinalpin.queryrequest.domain.common.query.FilterRequest_init_38916205336
[INFO] Tests run: 1, Failures: 0, Errors: 0, Skipped: 0, Time elapsed: 0.002 s - in com.piinalpin.queryrequest.domain.common.query.FilterRequest_init_38916205336
[INFO] Running com.piinalpin.queryrequest.domain.common.query.SortRequest_toString_104902069419
[INFO] Tests run: 1, Failures: 0, Errors: 0, Skipped: 0, Time elapsed: 0 s - in com.piinalpin.queryrequest.domain.common.query.SortRequest_toString_104902069419
[INFO] Running com.piinalpin.queryrequest.domain.common.query.SearchRequest_getSorts_18116374921
[INFO] Tests run: 1, Failures: 0, Errors: 0, Skipped: 0, Time elapsed: 0.001 s - in com.piinalpin.queryrequest.domain.common.query.SearchRequest_getSorts_18116374921
[INFO] Running com.piinalpin.queryrequest.domain.common.query.FilterRequest_getValueTo_17470133685
[INFO] Tests run: 1, Failures: 0, Errors: 0, Skipped: 0, Time elapsed: 0.001 s - in com.piinalpin.queryrequest.domain.common.query.FilterRequest_getValueTo_17470133685
[INFO] Running com.piinalpin.queryrequest.domain.common.query.SortRequest_init_113079026610
[INFO] Tests run: 1, Failures: 0, Errors: 0, Skipped: 0, Time elapsed: 0 s - in com.piinalpin.queryrequest.domain.common.query.SortRequest_init_113079026610
[INFO] Running com.piinalpin.queryrequest.domain.common.query.FilterRequest_FilterRequestBuilder_operator_7760250462
[INFO] Tests run: 1, Failures: 0, Errors: 0, Skipped: 0, Time elapsed: 0 s - in com.piinalpin.queryrequest.domain.common.query.FilterRequest_FilterRequestBuilder_operator_7760250462
[INFO] Running com.piinalpin.queryrequest.domain.common.query.FieldType_2_parse_21268914333
[ERROR] Tests run: 1, Failures: 0, Errors: 1, Skipped: 0, Time elapsed: 0.003 s <<< FAILURE! - in com.piinalpin.queryrequest.domain.common.query.FieldType_2_parse_21268914333
[ERROR] test  Time elapsed: 0 s  <<< ERROR!
java.lang.NullPointerException
	at com.piinalpin.queryrequest.domain.common.query.FieldType_2_parse_21268914333.test(FieldType_2_parse_21268914333.java:49)

[INFO] Running com.piinalpin.queryrequest.domain.common.query.SearchRequest_SearchRequestBuilder_sorts_4609610642
[INFO] Tests run: 1, Failures: 0, Errors: 0, Skipped: 0, Time elapsed: 0 s - in com.piinalpin.queryrequest.domain.common.query.SearchRequest_SearchRequestBuilder_sorts_4609610642
[INFO] Running com.piinalpin.queryrequest.domain.common.query.SearchRequest_getSize_5074620324
[INFO] Tests run: 1, Failures: 0, Errors: 0, Skipped: 0, Time elapsed: 0 s - in com.piinalpin.queryrequest.domain.common.query.SearchRequest_getSize_5074620324
[INFO] Running com.piinalpin.queryrequest.domain.common.query.FilterRequest_init_38916205317
[INFO] Tests run: 1, Failures: 0, Errors: 0, Skipped: 0, Time elapsed: 0 s - in com.piinalpin.queryrequest.domain.common.query.FilterRequest_init_38916205317
[INFO] Running com.piinalpin.queryrequest.domain.common.query.SortRequest_init_113079026621
[INFO] Tests run: 1, Failures: 0, Errors: 0, Skipped: 0, Time elapsed: 0 s - in com.piinalpin.queryrequest.domain.common.query.SortRequest_init_113079026621
[INFO] Running com.piinalpin.queryrequest.domain.common.query.FieldType_6_parse_21268913093
[ERROR] Tests run: 1, Failures: 0, Errors: 1, Skipped: 0, Time elapsed: 0.001 s <<< FAILURE! - in com.piinalpin.queryrequest.domain.common.query.FieldType_6_parse_21268913093
[ERROR] test  Time elapsed: 0.001 s  <<< ERROR!
java.lang.NumberFormatException: null
	at com.piinalpin.queryrequest.domain.common.query.FieldType_6_parse_21268913093.test(FieldType_6_parse_21268913093.java:49)

[INFO] Running com.piinalpin.queryrequest.domain.common.query.SortRequest_init_50356484320
[INFO] Tests run: 1, Failures: 0, Errors: 0, Skipped: 0, Time elapsed: 0 s - in com.piinalpin.queryrequest.domain.common.query.SortRequest_init_50356484320
[INFO] Running com.piinalpin.queryrequest.domain.common.query.FilterRequest_init_167784309037
[INFO] Tests run: 1, Failures: 0, Errors: 0, Skipped: 0, Time elapsed: 0.001 s - in com.piinalpin.queryrequest.domain.common.query.FilterRequest_init_167784309037
[INFO] Running com.piinalpin.queryrequest.domain.common.query.FilterRequest_FilterRequestBuilder_build_38809577116
[INFO] Tests run: 1, Failures: 0, Errors: 0, Skipped: 0, Time elapsed: 0 s - in com.piinalpin.queryrequest.domain.common.query.FilterRequest_FilterRequestBuilder_build_38809577116
[INFO] Running com.piinalpin.queryrequest.domain.common.query.SortRequest_SortRequestBuilder_key_1668704051
[INFO] Tests run: 1, Failures: 0, Errors: 0, Skipped: 0, Time elapsed: 0 s - in com.piinalpin.queryrequest.domain.common.query.SortRequest_SortRequestBuilder_key_1668704051
[INFO] Running com.piinalpin.queryrequest.domain.common.query.SortRequest_getDirection_8471982322
[INFO] Tests run: 1, Failures: 0, Errors: 0, Skipped: 0, Time elapsed: 0 s - in com.piinalpin.queryrequest.domain.common.query.SortRequest_getDirection_8471982322
[INFO] Running com.piinalpin.queryrequest.domain.common.query.FieldType_valueOf_3821367963
[ERROR] Tests run: 1, Failures: 0, Errors: 1, Skipped: 0, Time elapsed: 0 s <<< FAILURE! - in com.piinalpin.queryrequest.domain.common.query.FieldType_valueOf_3821367963
[ERROR] test  Time elapsed: 0 s  <<< ERROR!
java.lang.NullPointerException: Name is null
	at com.piinalpin.queryrequest.domain.common.query.FieldType_valueOf_3821367963.test(FieldType_valueOf_3821367963.java:42)

[INFO] Running com.piinalpin.queryrequest.domain.common.query.SortRequest_SortRequestBuilder_direction_13370952542
[INFO] Tests run: 1, Failures: 0, Errors: 0, Skipped: 0, Time elapsed: 0 s - in com.piinalpin.queryrequest.domain.common.query.SortRequest_SortRequestBuilder_direction_13370952542
[INFO] Running com.piinalpin.queryrequest.domain.common.query.SearchRequest_setPage_185472450022
[INFO] Tests run: 1, Failures: 0, Errors: 0, Skipped: 0, Time elapsed: 0 s - in com.piinalpin.queryrequest.domain.common.query.SearchRequest_setPage_185472450022
[INFO] Running com.piinalpin.queryrequest.domain.common.query.SortRequest_setKey_168973598114
[INFO] Tests run: 1, Failures: 0, Errors: 0, Skipped: 0, Time elapsed: 0.001 s - in com.piinalpin.queryrequest.domain.common.query.SortRequest_setKey_168973598114
[INFO] Running com.piinalpin.queryrequest.domain.common.query.FieldType_6_parse_21268913091
[ERROR] Tests run: 1, Failures: 0, Errors: 1, Skipped: 0, Time elapsed: 0 s <<< FAILURE! - in com.piinalpin.queryrequest.domain.common.query.FieldType_6_parse_21268913091
[ERROR] test  Time elapsed: 0 s  <<< ERROR!
java.lang.NumberFormatException: For input string: "xxtlPwDYFs"
	at com.piinalpin.queryrequest.domain.common.query.FieldType_6_parse_21268913091.test(FieldType_6_parse_21268913091.java:49)

[INFO] Running com.piinalpin.queryrequest.domain.common.query.SortRequest_SortRequestBuilder_build_13870834433
[INFO] Tests run: 1, Failures: 0, Errors: 0, Skipped: 0, Time elapsed: 0 s - in com.piinalpin.queryrequest.domain.common.query.SortRequest_SortRequestBuilder_build_13870834433
[INFO] Running com.piinalpin.queryrequest.domain.common.query.SortRequest_setDirection_4024791504
[INFO] Tests run: 1, Failures: 0, Errors: 0, Skipped: 0, Time elapsed: 0 s - in com.piinalpin.queryrequest.domain.common.query.SortRequest_setDirection_4024791504
[INFO] Running com.piinalpin.queryrequest.domain.common.query.FilterRequest_hashCode_144537759415
[INFO] Tests run: 1, Failures: 0, Errors: 0, Skipped: 0, Time elapsed: 0 s - in com.piinalpin.queryrequest.domain.common.query.FilterRequest_hashCode_144537759415
[INFO] Running com.piinalpin.queryrequest.domain.common.query.FieldType_5_init_2456804522
[ERROR] Tests run: 1, Failures: 0, Errors: 1, Skipped: 0, Time elapsed: 0.001 s <<< FAILURE! - in com.piinalpin.queryrequest.domain.common.query.FieldType_5_init_2456804522
[ERROR] test  Time elapsed: 0 s  <<< ERROR!
java.lang.IllegalArgumentException: Cannot reflectively create enum objects
	at com.piinalpin.queryrequest.domain.common.query.FieldType_5_init_2456804522.test(FieldType_5_init_2456804522.java:47)

[INFO] Running com.piinalpin.queryrequest.domain.common.query.SearchRequest_init_154779277928
[INFO] Tests run: 1, Failures: 0, Errors: 0, Skipped: 0, Time elapsed: 0.001 s - in com.piinalpin.queryrequest.domain.common.query.SearchRequest_init_154779277928
[INFO] Running com.piinalpin.queryrequest.domain.common.query.FilterRequest_builder_13945763500
[INFO] Tests run: 1, Failures: 0, Errors: 0, Skipped: 0, Time elapsed: 0 s - in com.piinalpin.queryrequest.domain.common.query.FilterRequest_builder_13945763500
[INFO] Running com.piinalpin.queryrequest.domain.common.query.SearchRequest_setSorts_53070015421
[INFO] Tests run: 1, Failures: 0, Errors: 0, Skipped: 0, Time elapsed: 0 s - in com.piinalpin.queryrequest.domain.common.query.SearchRequest_setSorts_53070015421
[INFO] Running com.piinalpin.queryrequest.domain.common.query.FilterRequest_FilterRequestBuilder_values_20642083476
[INFO] Tests run: 1, Failures: 0, Errors: 0, Skipped: 0, Time elapsed: 0 s - in com.piinalpin.queryrequest.domain.common.query.FilterRequest_FilterRequestBuilder_values_20642083476
[INFO] Running com.piinalpin.queryrequest.domain.common.query.SearchRequest_SearchRequestBuilder_size_12602764884
[INFO] Tests run: 1, Failures: 0, Errors: 0, Skipped: 0, Time elapsed: 0 s - in com.piinalpin.queryrequest.domain.common.query.SearchRequest_SearchRequestBuilder_size_12602764884
[INFO] Running com.piinalpin.queryrequest.domain.common.query.SortRequest_getKey_12318501311
[INFO] Tests run: 1, Failures: 0, Errors: 0, Skipped: 0, Time elapsed: 0 s - in com.piinalpin.queryrequest.domain.common.query.SortRequest_getKey_12318501311
[INFO] Running com.piinalpin.queryrequest.domain.common.query.FieldType_3_parse_21268914021
06:38:25.551 [Time-limited test] INFO com.piinalpin.queryrequest.domain.common.query.FieldType - Failed parse field type DATE Text 'MxlszYVzRf' could not be parsed at index 0
[INFO] Tests run: 1, Failures: 0, Errors: 0, Skipped: 0, Time elapsed: 0.001 s - in com.piinalpin.queryrequest.domain.common.query.FieldType_3_parse_21268914021
[INFO] Running com.piinalpin.queryrequest.domain.common.query.SortRequest_toString_10490206948
[INFO] Tests run: 1, Failures: 0, Errors: 0, Skipped: 0, Time elapsed: 0 s - in com.piinalpin.queryrequest.domain.common.query.SortRequest_toString_10490206948
[INFO] Running com.piinalpin.queryrequest.domain.common.query.FilterRequest_hashCode_144537759434
[INFO] Tests run: 1, Failures: 0, Errors: 0, Skipped: 0, Time elapsed: 0 s - in com.piinalpin.queryrequest.domain.common.query.FilterRequest_hashCode_144537759434
[INFO] Running com.piinalpin.queryrequest.QueryrequestApplication_main_2845053351

  .   ____          _            __ _ _
 /\\ / ___'_ __ _ _(_)_ __  __ _ \ \ \ \
( ( )\___ | '_ | '_| | '_ \/ _` | \ \ \ \
 \\/  ___)| |_)| | | | | || (_| |  ) ) ) )
  '  |____| .__|_| |_|_| |_\__, | / / / /
 =========|_|==============|___/=/_/_/_/
 :: Spring Boot ::                (v2.6.5)

2026-04-08 06:38:26.397  INFO 73 --- [me-limited test] c.p.q.QueryrequestApplication            : Starting QueryrequestApplication using Java 11.0.16 on e3f7b979f73b with PID 73 (started by root in /app)
2026-04-08 06:38:26.401  INFO 73 --- [me-limited test] c.p.q.QueryrequestApplication            : No active profile set, falling back to 1 default profile: "default"
2026-04-08 06:38:27.607  INFO 73 --- [me-limited test] .s.d.r.c.RepositoryConfigurationDelegate : Bootstrapping Spring Data JPA repositories in DEFAULT mode.
2026-04-08 06:38:27.670  INFO 73 --- [me-limited test] .s.d.r.c.RepositoryConfigurationDelegate : Finished Spring Data repository scanning in 52 ms. Found 1 JPA repository interfaces.
2026-04-08 06:38:28.400  INFO 73 --- [me-limited test] o.s.b.w.embedded.tomcat.TomcatWebServer  : Tomcat initialized with port(s): 8080 (http)
2026-04-08 06:38:28.419  INFO 73 --- [me-limited test] o.apache.catalina.core.StandardService   : Starting service [Tomcat]
2026-04-08 06:38:28.419  INFO 73 --- [me-limited test] org.apache.catalina.core.StandardEngine  : Starting Servlet engine: [Apache Tomcat/9.0.60]
2026-04-08 06:38:28.561  INFO 73 --- [me-limited test] o.a.c.c.C.[Tomcat].[localhost].[/api]    : Initializing Spring embedded WebApplicationContext
2026-04-08 06:38:28.562  INFO 73 --- [me-limited test] w.s.c.ServletWebServerApplicationContext : Root WebApplicationContext: initialization completed in 1981 ms
2026-04-08 06:38:28.615  INFO 73 --- [me-limited test] com.zaxxer.hikari.HikariDataSource       : HikariPool-1 - Starting...
2026-04-08 06:38:29.070  INFO 73 --- [me-limited test] com.zaxxer.hikari.HikariDataSource       : HikariPool-1 - Start completed.
2026-04-08 06:38:29.087  INFO 73 --- [me-limited test] o.s.b.a.h2.H2ConsoleAutoConfiguration    : H2 console available at '/h2-console'. Database available at 'jdbc:h2:mem:db'
2026-04-08 06:38:29.402  INFO 73 --- [me-limited test] o.hibernate.jpa.internal.util.LogHelper  : HHH000204: Processing PersistenceUnitInfo [name: default]
2026-04-08 06:38:29.493  INFO 73 --- [me-limited test] org.hibernate.Version                    : HHH000412: Hibernate ORM core version 5.6.7.Final
2026-04-08 06:38:29.770  INFO 73 --- [me-limited test] o.hibernate.annotations.common.Version   : HCANN000001: Hibernate Commons Annotations {5.1.2.Final}
2026-04-08 06:38:29.965  INFO 73 --- [me-limited test] org.hibernate.dialect.Dialect            : HHH000400: Using dialect: org.hibernate.dialect.H2Dialect
Hibernate: create table operating_system (id bigint generated by default as identity, kernel varchar(255) not null, name varchar(255) not null, release_date timestamp not null, usages integer not null, version varchar(255) not null, primary key (id))
2026-04-08 06:38:30.766  INFO 73 --- [me-limited test] o.h.e.t.j.p.i.JtaPlatformInitiator       : HHH000490: Using JtaPlatform implementation: [org.hibernate.engine.transaction.jta.platform.internal.NoJtaPlatform]
2026-04-08 06:38:30.774  INFO 73 --- [me-limited test] j.LocalContainerEntityManagerFactoryBean : Initialized JPA EntityManagerFactory for persistence unit 'default'
2026-04-08 06:38:31.100  WARN 73 --- [me-limited test] JpaBaseConfiguration$JpaWebConfiguration : spring.jpa.open-in-view is enabled by default. Therefore, database queries may be performed during view rendering. Explicitly configure spring.jpa.open-in-view to disable this warning
2026-04-08 06:38:31.566  INFO 73 --- [me-limited test] o.s.b.w.embedded.tomcat.TomcatWebServer  : Tomcat started on port(s): 8080 (http) with context path '/api'
2026-04-08 06:38:31.576  INFO 73 --- [me-limited test] c.p.q.QueryrequestApplication            : Started QueryrequestApplication in 6.02 seconds (JVM running for 10.493)
[INFO] Tests run: 1, Failures: 0, Errors: 0, Skipped: 0, Time elapsed: 5.848 s - in com.piinalpin.queryrequest.QueryrequestApplication_main_2845053351
2026-04-08 06:38:31.747  INFO 73 --- [ionShutdownHook] j.LocalContainerEntityManagerFactoryBean : Closing JPA EntityManagerFactory for persistence unit 'default'
2026-04-08 06:38:31.752  INFO 73 --- [ionShutdownHook] com.zaxxer.hikari.HikariDataSource       : HikariPool-1 - Shutdown initiated...
2026-04-08 06:38:31.758  INFO 73 --- [ionShutdownHook] com.zaxxer.hikari.HikariDataSource       : HikariPool-1 - Shutdown completed.
[INFO] 
[INFO] Results:
[INFO] 
[ERROR] Errors: 
[ERROR]   QueryrequestApplication_main_2845053353.test:44 » IllegalArgument Args must no...
[ERROR]   FieldType_1_init_2456805760.test:47 » IllegalArgument Cannot reflectively crea...
[ERROR]   FieldType_1_init_2456805762.test:47 » IllegalArgument Cannot reflectively crea...
[ERROR]   FieldType_2_init_2456805450.test:47 » IllegalArgument Cannot reflectively crea...
[ERROR]   FieldType_2_init_2456805452.test:47 » IllegalArgument Cannot reflectively crea...
[ERROR]   FieldType_2_parse_21268914333.test:49 » NullPointer
[ERROR]   FieldType_3_init_2456805140.test:47 » IllegalArgument Cannot reflectively crea...
[ERROR]   FieldType_3_init_2456805142.test:47 » IllegalArgument Cannot reflectively crea...
[ERROR]   FieldType_4_init_2456804830.test:47 » IllegalArgument Cannot reflectively crea...
[ERROR]   FieldType_4_init_2456804832.test:47 » IllegalArgument Cannot reflectively crea...
[ERROR]   FieldType_4_parse_21268913711.test:49 » NumberFormat For input string: "RMFIsY...
[ERROR]   FieldType_4_parse_21268913713.test:49 » NullPointer
[ERROR]   FieldType_5_init_2456804520.test:47 » IllegalArgument Cannot reflectively crea...
[ERROR]   FieldType_5_init_2456804522.test:47 » IllegalArgument Cannot reflectively crea...
[ERROR]   FieldType_5_parse_21268913401.test:49 » NumberFormat For input string: "SzjVpO...
[ERROR]   FieldType_5_parse_21268913403.test:49 » NumberFormat null
[ERROR]   FieldType_6_init_2456804210.test:47 » IllegalArgument Cannot reflectively crea...
[ERROR]   FieldType_6_init_2456804212.test:47 » IllegalArgument Cannot reflectively crea...
[ERROR]   FieldType_6_parse_21268913091.test:49 » NumberFormat For input string: "xxtlPw...
[ERROR]   FieldType_6_parse_21268913093.test:49 » NumberFormat null
[ERROR]   FieldType_7_init_2456803900.test:47 » IllegalArgument Cannot reflectively crea...
[ERROR]   FieldType_7_init_2456803902.test:47 » IllegalArgument Cannot reflectively crea...
[ERROR]   FieldType_valueOf_3821367961.test:42 » IllegalArgument No enum constant com.pi...
[ERROR]   FieldType_valueOf_3821367963.test:42 » NullPointer Name is null
[INFO] 
[ERROR] Tests run: 226, Failures: 0, Errors: 24, Skipped: 0
[INFO] 
[ERROR] There are test failures.

Please refer to /app/target/surefire-reports for the individual test results.
Please refer to dump files (if any exist) [date].dump, [date]-jvmRun[N].dump and [date].dumpstream.
[INFO] 
[INFO] --- jacoco-maven-plugin:0.8.11:report (report) @ queryrequest ---
[INFO] Loading execution data file /app/target/jacoco.exec
[INFO] Analyzed bundle 'queryrequest' with 29 classes
[INFO] 
[INFO] --- jacoco-maven-plugin:0.8.11:report (default-cli) @ queryrequest ---
[INFO] Loading execution data file /app/target/jacoco.exec
[INFO] Analyzed bundle 'queryrequest' with 29 classes
[INFO] ------------------------------------------------------------------------
[INFO] BUILD SUCCESS
[INFO] ------------------------------------------------------------------------
[INFO] Total time:  20.817 s
[INFO] Finished at: 2026-04-08T06:38:33Z
[INFO] ------------------------------------------------------------------------
