[INFO] Scanning for projects...
[INFO] 
[INFO] ---------------------< com.piinalpin:queryrequest >---------------------
[INFO] Building queryrequest 0.0.1-SNAPSHOT
[INFO] --------------------------------[ jar ]---------------------------------
[INFO] 
[INFO] --- maven-clean-plugin:3.1.0:clean (default-clean) @ queryrequest ---
[INFO] Deleting /app/target
[INFO] 
[INFO] --- jacoco-maven-plugin:0.8.11:prepare-agent (default) @ queryrequest ---
[INFO] argLine set to -javaagent:/root/.m2/repository/org/jacoco/org.jacoco.agent/0.8.11/org.jacoco.agent-0.8.11-runtime.jar=destfile=/app/target/jacoco.exec
[INFO] 
[INFO] --- maven-resources-plugin:3.2.0:resources (default-resources) @ queryrequest ---
[INFO] Using 'UTF-8' encoding to copy filtered resources.
[INFO] Using 'UTF-8' encoding to copy filtered properties files.
[INFO] Copying 1 resource
[INFO] Copying 1 resource
[INFO] 
[INFO] --- maven-compiler-plugin:3.8.1:compile (default-compile) @ queryrequest ---
[INFO] Changes detected - recompiling the module!
[INFO] Compiling 12 source files to /app/target/classes
[INFO] 
[INFO] --- build-helper-maven-plugin:3.3.0:add-test-source (add-kex-test-source) @ queryrequest ---
[INFO] Test Source directory: /app/src/test/java/kex-tests added.
[INFO] 
[INFO] --- maven-resources-plugin:3.2.0:testResources (default-testResources) @ queryrequest ---
[INFO] Using 'UTF-8' encoding to copy filtered resources.
[INFO] Using 'UTF-8' encoding to copy filtered properties files.
[INFO] skip non existing resourceDirectory /app/src/test/resources
[INFO] 
[INFO] --- maven-compiler-plugin:3.8.1:testCompile (default-testCompile) @ queryrequest ---
[INFO] Changes detected - recompiling the module!
[INFO] Compiling 1 source file to /app/target/test-classes
[INFO] 
[INFO] --- maven-surefire-plugin:2.22.2:test (default-test) @ queryrequest ---
[INFO] 
[INFO] -------------------------------------------------------
[INFO]  T E S T S
[INFO] -------------------------------------------------------
[INFO] Running com.piinalpin.queryrequest.QueryrequestApplicationTests
15:54:32.071 [main] DEBUG org.springframework.test.context.BootstrapUtils - Instantiating CacheAwareContextLoaderDelegate from class [org.springframework.test.context.cache.DefaultCacheAwareContextLoaderDelegate]
15:54:32.083 [main] DEBUG org.springframework.test.context.BootstrapUtils - Instantiating BootstrapContext using constructor [public org.springframework.test.context.support.DefaultBootstrapContext(java.lang.Class,org.springframework.test.context.CacheAwareContextLoaderDelegate)]
15:54:32.135 [main] DEBUG org.springframework.test.context.BootstrapUtils - Instantiating TestContextBootstrapper for test class [com.piinalpin.queryrequest.QueryrequestApplicationTests] from class [org.springframework.boot.test.context.SpringBootTestContextBootstrapper]
15:54:32.149 [main] INFO org.springframework.boot.test.context.SpringBootTestContextBootstrapper - Neither @ContextConfiguration nor @ContextHierarchy found for test class [com.piinalpin.queryrequest.QueryrequestApplicationTests], using SpringBootContextLoader
15:54:32.156 [main] DEBUG org.springframework.test.context.support.AbstractContextLoader - Did not detect default resource location for test class [com.piinalpin.queryrequest.QueryrequestApplicationTests]: class path resource [com/piinalpin/queryrequest/QueryrequestApplicationTests-context.xml] does not exist
15:54:32.156 [main] DEBUG org.springframework.test.context.support.AbstractContextLoader - Did not detect default resource location for test class [com.piinalpin.queryrequest.QueryrequestApplicationTests]: class path resource [com/piinalpin/queryrequest/QueryrequestApplicationTestsContext.groovy] does not exist
15:54:32.157 [main] INFO org.springframework.test.context.support.AbstractContextLoader - Could not detect default resource locations for test class [com.piinalpin.queryrequest.QueryrequestApplicationTests]: no resource found for suffixes {-context.xml, Context.groovy}.
15:54:32.158 [main] INFO org.springframework.test.context.support.AnnotationConfigContextLoaderUtils - Could not detect default configuration classes for test class [com.piinalpin.queryrequest.QueryrequestApplicationTests]: QueryrequestApplicationTests does not declare any static, non-private, non-final, nested classes annotated with @Configuration.
15:54:32.209 [main] DEBUG org.springframework.test.context.support.ActiveProfilesUtils - Could not find an 'annotation declaring class' for annotation type [org.springframework.test.context.ActiveProfiles] and class [com.piinalpin.queryrequest.QueryrequestApplicationTests]
15:54:32.285 [main] DEBUG org.springframework.context.annotation.ClassPathScanningCandidateComponentProvider - Identified candidate component class: file [/app/target/classes/com/piinalpin/queryrequest/QueryrequestApplication.class]
15:54:32.286 [main] INFO org.springframework.boot.test.context.SpringBootTestContextBootstrapper - Found @SpringBootConfiguration com.piinalpin.queryrequest.QueryrequestApplication for test class com.piinalpin.queryrequest.QueryrequestApplicationTests
15:54:32.404 [main] DEBUG org.springframework.boot.test.context.SpringBootTestContextBootstrapper - @TestExecutionListeners is not present for class [com.piinalpin.queryrequest.QueryrequestApplicationTests]: using defaults.
15:54:32.405 [main] INFO org.springframework.boot.test.context.SpringBootTestContextBootstrapper - Loaded default TestExecutionListener class names from location [META-INF/spring.factories]: [org.springframework.boot.test.mock.mockito.MockitoTestExecutionListener, org.springframework.boot.test.mock.mockito.ResetMocksTestExecutionListener, org.springframework.boot.test.autoconfigure.restdocs.RestDocsTestExecutionListener, org.springframework.boot.test.autoconfigure.web.client.MockRestServiceServerResetTestExecutionListener, org.springframework.boot.test.autoconfigure.web.servlet.MockMvcPrintOnlyOnFailureTestExecutionListener, org.springframework.boot.test.autoconfigure.web.servlet.WebDriverTestExecutionListener, org.springframework.boot.test.autoconfigure.webservices.client.MockWebServiceServerTestExecutionListener, org.springframework.test.context.web.ServletTestExecutionListener, org.springframework.test.context.support.DirtiesContextBeforeModesTestExecutionListener, org.springframework.test.context.event.ApplicationEventsTestExecutionListener, org.springframework.test.context.support.DependencyInjectionTestExecutionListener, org.springframework.test.context.support.DirtiesContextTestExecutionListener, org.springframework.test.context.transaction.TransactionalTestExecutionListener, org.springframework.test.context.jdbc.SqlScriptsTestExecutionListener, org.springframework.test.context.event.EventPublishingTestExecutionListener]
15:54:32.427 [main] INFO org.springframework.boot.test.context.SpringBootTestContextBootstrapper - Using TestExecutionListeners: [org.springframework.test.context.web.ServletTestExecutionListener@2c3679e5, org.springframework.test.context.support.DirtiesContextBeforeModesTestExecutionListener@41f40dfa, org.springframework.test.context.event.ApplicationEventsTestExecutionListener@2548fc01, org.springframework.boot.test.mock.mockito.MockitoTestExecutionListener@4331be30, org.springframework.boot.test.autoconfigure.SpringBootDependencyInjectionTestExecutionListener@5cd71ee2, org.springframework.test.context.support.DirtiesContextTestExecutionListener@3dad535f, org.springframework.test.context.transaction.TransactionalTestExecutionListener@5f67181f, org.springframework.test.context.jdbc.SqlScriptsTestExecutionListener@1169fdfd, org.springframework.test.context.event.EventPublishingTestExecutionListener@75add13c, org.springframework.boot.test.mock.mockito.ResetMocksTestExecutionListener@224d537d, org.springframework.boot.test.autoconfigure.restdocs.RestDocsTestExecutionListener@450d10cb, org.springframework.boot.test.autoconfigure.web.client.MockRestServiceServerResetTestExecutionListener@1bd59b82, org.springframework.boot.test.autoconfigure.web.servlet.MockMvcPrintOnlyOnFailureTestExecutionListener@6a9df5, org.springframework.boot.test.autoconfigure.web.servlet.WebDriverTestExecutionListener@48f4f03e, org.springframework.boot.test.autoconfigure.webservices.client.MockWebServiceServerTestExecutionListener@65d23aa3]
15:54:32.432 [main] DEBUG org.springframework.test.context.support.AbstractDirtiesContextTestExecutionListener - Before test class: context [DefaultTestContext@6b86826a testClass = QueryrequestApplicationTests, testInstance = [null], testMethod = [null], testException = [null], mergedContextConfiguration = [WebMergedContextConfiguration@3c2dda7c testClass = QueryrequestApplicationTests, locations = '{}', classes = '{class com.piinalpin.queryrequest.QueryrequestApplication}', contextInitializerClasses = '[]', activeProfiles = '{}', propertySourceLocations = '{}', propertySourceProperties = '{org.springframework.boot.test.context.SpringBootTestContextBootstrapper=true}', contextCustomizers = set[org.springframework.boot.test.context.filter.ExcludeFilterContextCustomizer@468e8565, org.springframework.boot.test.json.DuplicateJsonObjectContextCustomizerFactory$DuplicateJsonObjectContextCustomizer@6bbab114, org.springframework.boot.test.mock.mockito.MockitoContextCustomizer@0, org.springframework.boot.test.web.client.TestRestTemplateContextCustomizer@2a8a3ada, org.springframework.boot.test.autoconfigure.actuate.metrics.MetricsExportContextCustomizerFactory$DisableMetricExportContextCustomizer@70029d2d, org.springframework.boot.test.autoconfigure.properties.PropertyMappingContextCustomizer@0, org.springframework.boot.test.autoconfigure.web.servlet.WebDriverContextCustomizerFactory$Customizer@4c302f38, org.springframework.boot.test.context.SpringBootTestArgs@1, org.springframework.boot.test.context.SpringBootTestWebEnvironment@675d8c96], resourceBasePath = 'src/main/webapp', contextLoader = 'org.springframework.boot.test.context.SpringBootContextLoader', parent = [null]], attributes = map['org.springframework.test.context.web.ServletTestExecutionListener.activateListener' -> true]], class annotated with @DirtiesContext [false] with mode [null].

  .   ____          _            __ _ _
 /\\ / ___'_ __ _ _(_)_ __  __ _ \ \ \ \
( ( )\___ | '_ | '_| | '_ \/ _` | \ \ \ \
 \\/  ___)| |_)| | | | | || (_| |  ) ) ) )
  '  |____| .__|_| |_|_| |_\__, | / / / /
 =========|_|==============|___/=/_/_/_/
 :: Spring Boot ::                (v2.6.5)

2026-04-09 15:54:32.764  INFO 69 --- [           main] c.p.q.QueryrequestApplicationTests       : Starting QueryrequestApplicationTests using Java 11.0.16 on 0ea8c4c4629e with PID 69 (started by root in /app)
2026-04-09 15:54:32.766  INFO 69 --- [           main] c.p.q.QueryrequestApplicationTests       : No active profile set, falling back to 1 default profile: "default"
2026-04-09 15:54:33.340  INFO 69 --- [           main] .s.d.r.c.RepositoryConfigurationDelegate : Bootstrapping Spring Data JPA repositories in DEFAULT mode.
2026-04-09 15:54:33.384  INFO 69 --- [           main] .s.d.r.c.RepositoryConfigurationDelegate : Finished Spring Data repository scanning in 36 ms. Found 1 JPA repository interfaces.
2026-04-09 15:54:33.941  INFO 69 --- [           main] o.hibernate.jpa.internal.util.LogHelper  : HHH000204: Processing PersistenceUnitInfo [name: default]
2026-04-09 15:54:34.007  INFO 69 --- [           main] org.hibernate.Version                    : HHH000412: Hibernate ORM core version 5.6.7.Final
2026-04-09 15:54:34.167  INFO 69 --- [           main] o.hibernate.annotations.common.Version   : HCANN000001: Hibernate Commons Annotations {5.1.2.Final}
2026-04-09 15:54:34.281  INFO 69 --- [           main] com.zaxxer.hikari.HikariDataSource       : HikariPool-1 - Starting...
2026-04-09 15:54:34.525  INFO 69 --- [           main] com.zaxxer.hikari.HikariDataSource       : HikariPool-1 - Start completed.
2026-04-09 15:54:34.544  INFO 69 --- [           main] org.hibernate.dialect.Dialect            : HHH000400: Using dialect: org.hibernate.dialect.H2Dialect
Hibernate: create table operating_system (id bigint generated by default as identity, kernel varchar(255) not null, name varchar(255) not null, release_date timestamp not null, usages integer not null, version varchar(255) not null, primary key (id))
2026-04-09 15:54:35.162  INFO 69 --- [           main] o.h.e.t.j.p.i.JtaPlatformInitiator       : HHH000490: Using JtaPlatform implementation: [org.hibernate.engine.transaction.jta.platform.internal.NoJtaPlatform]
2026-04-09 15:54:35.169  INFO 69 --- [           main] j.LocalContainerEntityManagerFactoryBean : Initialized JPA EntityManagerFactory for persistence unit 'default'
2026-04-09 15:54:35.576  WARN 69 --- [           main] JpaBaseConfiguration$JpaWebConfiguration : spring.jpa.open-in-view is enabled by default. Therefore, database queries may be performed during view rendering. Explicitly configure spring.jpa.open-in-view to disable this warning
2026-04-09 15:54:35.798  INFO 69 --- [           main] o.s.b.a.h2.H2ConsoleAutoConfiguration    : H2 console available at '/h2-console'. Database available at 'jdbc:h2:mem:db'
2026-04-09 15:54:36.010  INFO 69 --- [           main] c.p.q.QueryrequestApplicationTests       : Started QueryrequestApplicationTests in 3.537 seconds (JVM running for 4.62)
[INFO] Tests run: 1, Failures: 0, Errors: 0, Skipped: 0, Time elapsed: 4.123 s - in com.piinalpin.queryrequest.QueryrequestApplicationTests
2026-04-09 15:54:36.148  INFO 69 --- [ionShutdownHook] j.LocalContainerEntityManagerFactoryBean : Closing JPA EntityManagerFactory for persistence unit 'default'
2026-04-09 15:54:36.151  INFO 69 --- [ionShutdownHook] com.zaxxer.hikari.HikariDataSource       : HikariPool-1 - Shutdown initiated...
2026-04-09 15:54:36.153  INFO 69 --- [ionShutdownHook] com.zaxxer.hikari.HikariDataSource       : HikariPool-1 - Shutdown completed.
[INFO] 
[INFO] Results:
[INFO] 
[INFO] Tests run: 1, Failures: 0, Errors: 0, Skipped: 0
[INFO] 
[INFO] 
[INFO] --- jacoco-maven-plugin:0.8.11:report (report) @ queryrequest ---
[INFO] Loading execution data file /app/target/jacoco.exec
[INFO] Analyzed bundle 'queryrequest' with 29 classes
[INFO] 
[INFO] --- jacoco-maven-plugin:0.8.11:report (default-cli) @ queryrequest ---
[INFO] Loading execution data file /app/target/jacoco.exec
[INFO] Analyzed bundle 'queryrequest' with 29 classes
[INFO] ------------------------------------------------------------------------
[INFO] BUILD SUCCESS
[INFO] ------------------------------------------------------------------------
[INFO] Total time:  7.734 s
[INFO] Finished at: 2026-04-09T15:54:36Z
[INFO] ------------------------------------------------------------------------
