[INFO] Scanning for projects...
[INFO] 
[INFO] --------------------< in.cubestack.apps:cube-blog >---------------------
[INFO] Building cube-blog 1.0.0-SNAPSHOT
[INFO] --------------------------------[ jar ]---------------------------------
[INFO] 
[INFO] --- maven-clean-plugin:2.5:clean (default-clean) @ cube-blog ---
[INFO] Deleting /app/target
[INFO] 
[INFO] --- jacoco-maven-plugin:0.8.11:prepare-agent (default) @ cube-blog ---
[INFO] argLine set to -javaagent:/root/.m2/repository/org/jacoco/org.jacoco.agent/0.8.11/org.jacoco.agent-0.8.11-runtime.jar=destfile=/app/target/jacoco.exec
[INFO] 
[INFO] --- maven-resources-plugin:2.6:resources (default-resources) @ cube-blog ---
[INFO] Using 'UTF-8' encoding to copy filtered resources.
[INFO] Copying 131 resources
[INFO] 
[INFO] --- maven-compiler-plugin:3.8.1:compile (default-compile) @ cube-blog ---
[INFO] Changes detected - recompiling the module!
[INFO] Compiling 69 source files to /app/target/classes
[INFO] 
[INFO] --- build-helper-maven-plugin:3.3.0:add-test-source (add-kex-test-source) @ cube-blog ---
[INFO] Test Source directory: /app/src/test/java/kex-tests added.
[INFO] 
[INFO] --- maven-resources-plugin:2.6:testResources (default-testResources) @ cube-blog ---
[INFO] Using 'UTF-8' encoding to copy filtered resources.
[INFO] skip non existing resourceDirectory /app/src/test/resources
[INFO] 
[INFO] --- maven-compiler-plugin:3.8.1:testCompile (default-testCompile) @ cube-blog ---
[INFO] Changes detected - recompiling the module!
[INFO] Compiling 4 source files to /app/target/test-classes
[INFO] /app/src/test/java/in/cubestack/apps/blog/core/service/PersonServiceTest.java: /app/src/test/java/in/cubestack/apps/blog/core/service/PersonServiceTest.java uses unchecked or unsafe operations.
[INFO] /app/src/test/java/in/cubestack/apps/blog/core/service/PersonServiceTest.java: Recompile with -Xlint:unchecked for details.
[INFO] 
[INFO] --- maven-surefire-plugin:2.22.1:test (default-test) @ cube-blog ---
[INFO] 
[INFO] -------------------------------------------------------
[INFO]  T E S T S
[INFO] -------------------------------------------------------
[INFO] Running in.cubestack.apps.blog.core.domain.PersonTest
[INFO] Tests run: 3, Failures: 0, Errors: 0, Skipped: 0, Time elapsed: 0.085 s - in in.cubestack.apps.blog.core.domain.PersonTest
[INFO] Running in.cubestack.apps.blog.core.service.TokenAuthenticationServiceTest
[INFO] Tests run: 3, Failures: 0, Errors: 0, Skipped: 0, Time elapsed: 0.522 s - in in.cubestack.apps.blog.core.service.TokenAuthenticationServiceTest
[INFO] Running in.cubestack.apps.blog.core.service.PersonServiceTest
[INFO] Tests run: 5, Failures: 0, Errors: 0, Skipped: 0, Time elapsed: 0.52 s - in in.cubestack.apps.blog.core.service.PersonServiceTest
[INFO] Running in.cubestack.apps.blog.util.ContentHelperTest
[INFO] Tests run: 4, Failures: 0, Errors: 0, Skipped: 0, Time elapsed: 0.048 s - in in.cubestack.apps.blog.util.ContentHelperTest
[INFO] 
[INFO] Results:
[INFO] 
[INFO] Tests run: 15, Failures: 0, Errors: 0, Skipped: 0
[INFO] 
[INFO] 
[INFO] --- jacoco-maven-plugin:0.8.11:report (report) @ cube-blog ---
[INFO] Loading execution data file /app/target/jacoco.exec
[INFO] Analyzed bundle 'cube-blog' with 75 classes
[INFO] 
[INFO] --- jacoco-maven-plugin:0.8.11:report (default-cli) @ cube-blog ---
[INFO] Loading execution data file /app/target/jacoco.exec
[INFO] Analyzed bundle 'cube-blog' with 75 classes
[INFO] ------------------------------------------------------------------------
[INFO] BUILD SUCCESS
[INFO] ------------------------------------------------------------------------
[INFO] Total time:  5.735 s
[INFO] Finished at: 2026-04-09T15:59:39Z
[INFO] ------------------------------------------------------------------------
