[INFO] Scanning for projects...
[INFO] 
[INFO] ------------< com.ducatillon.graphql-client:graphql-client >------------
[INFO] Building graphql-client 0.0.1-SNAPSHOT
[INFO] --------------------------------[ jar ]---------------------------------
[INFO] 
[INFO] --- maven-clean-plugin:3.1.0:clean (default-clean) @ graphql-client ---
[INFO] Deleting /app/target
[INFO] 
[INFO] --- jacoco-maven-plugin:0.8.11:prepare-agent (default) @ graphql-client ---
[INFO] argLine set to -javaagent:/root/.m2/repository/org/jacoco/org.jacoco.agent/0.8.11/org.jacoco.agent-0.8.11-runtime.jar=destfile=/app/target/jacoco.exec
[INFO] 
[INFO] --- maven-resources-plugin:3.2.0:resources (default-resources) @ graphql-client ---
[INFO] Using 'UTF-8' encoding to copy filtered resources.
[INFO] Using 'UTF-8' encoding to copy filtered properties files.
[INFO] Copying 1 resource
[INFO] Copying 2 resources
[INFO] 
[INFO] --- maven-compiler-plugin:3.8.1:compile (default-compile) @ graphql-client ---
[INFO] Changes detected - recompiling the module!
[INFO] Compiling 5 source files to /app/target/classes
[INFO] 
[INFO] --- build-helper-maven-plugin:3.3.0:add-test-source (add-kex-test-source) @ graphql-client ---
[INFO] Test Source directory: /app/src/test/java/kex-tests added.
[INFO] 
[INFO] --- maven-resources-plugin:3.2.0:testResources (default-testResources) @ graphql-client ---
[INFO] Using 'UTF-8' encoding to copy filtered resources.
[INFO] Using 'UTF-8' encoding to copy filtered properties files.
[INFO] skip non existing resourceDirectory /app/src/test/resources
[INFO] 
[INFO] --- maven-compiler-plugin:3.8.1:testCompile (default-testCompile) @ graphql-client ---
[INFO] Changes detected - recompiling the module!
[INFO] Compiling 49 source files to /app/target/test-classes
[WARNING] /app/src/test/java/kex-tests/tests/com/ducatillon/graphqlclient/data/ReflectionUtils.java:[9,16] sun.misc.Unsafe is internal proprietary API and may be removed in a future release
[WARNING] /app/src/test/java/kex-tests/tests/com/ducatillon/graphqlclient/ReflectionUtils.java:[9,16] sun.misc.Unsafe is internal proprietary API and may be removed in a future release
[WARNING] /app/src/test/java/kex-tests/tests/com/ducatillon/graphqlclient/util/ReflectionUtils.java:[9,16] sun.misc.Unsafe is internal proprietary API and may be removed in a future release
[WARNING] /app/src/test/java/kex-tests/tests/com/ducatillon/graphqlclient/client/ReflectionUtils.java:[9,16] sun.misc.Unsafe is internal proprietary API and may be removed in a future release
[WARNING] /app/src/test/java/kex-tests/tests/com/ducatillon/graphqlclient/data/ReflectionUtils.java:[9,16] sun.misc.Unsafe is internal proprietary API and may be removed in a future release
[WARNING] /app/src/test/java/kex-tests/tests/com/ducatillon/graphqlclient/ReflectionUtils.java:[9,16] sun.misc.Unsafe is internal proprietary API and may be removed in a future release
[WARNING] /app/src/test/java/kex-tests/tests/com/ducatillon/graphqlclient/util/ReflectionUtils.java:[9,16] sun.misc.Unsafe is internal proprietary API and may be removed in a future release
[WARNING] /app/src/test/java/kex-tests/tests/com/ducatillon/graphqlclient/client/ReflectionUtils.java:[9,16] sun.misc.Unsafe is internal proprietary API and may be removed in a future release
[WARNING] /app/src/test/java/kex-tests/tests/com/ducatillon/graphqlclient/data/ReflectionUtils.java:[9,16] sun.misc.Unsafe is internal proprietary API and may be removed in a future release
[WARNING] /app/src/test/java/kex-tests/tests/com/ducatillon/graphqlclient/ReflectionUtils.java:[9,16] sun.misc.Unsafe is internal proprietary API and may be removed in a future release
[WARNING] /app/src/test/java/kex-tests/tests/com/ducatillon/graphqlclient/util/ReflectionUtils.java:[9,16] sun.misc.Unsafe is internal proprietary API and may be removed in a future release
[WARNING] /app/src/test/java/kex-tests/tests/com/ducatillon/graphqlclient/client/ReflectionUtils.java:[9,16] sun.misc.Unsafe is internal proprietary API and may be removed in a future release
[WARNING] /app/src/test/java/kex-tests/tests/com/ducatillon/graphqlclient/data/ReflectionUtils.java:[9,16] sun.misc.Unsafe is internal proprietary API and may be removed in a future release
[WARNING] /app/src/test/java/kex-tests/tests/com/ducatillon/graphqlclient/ReflectionUtils.java:[9,16] sun.misc.Unsafe is internal proprietary API and may be removed in a future release
[WARNING] /app/src/test/java/kex-tests/tests/com/ducatillon/graphqlclient/util/ReflectionUtils.java:[9,16] sun.misc.Unsafe is internal proprietary API and may be removed in a future release
[WARNING] /app/src/test/java/kex-tests/tests/com/ducatillon/graphqlclient/client/ReflectionUtils.java:[9,16] sun.misc.Unsafe is internal proprietary API and may be removed in a future release
[WARNING] /app/src/test/java/kex-tests/tests/com/ducatillon/graphqlclient/data/ReflectionUtils.java:[9,16] sun.misc.Unsafe is internal proprietary API and may be removed in a future release
[WARNING] /app/src/test/java/kex-tests/tests/com/ducatillon/graphqlclient/ReflectionUtils.java:[9,16] sun.misc.Unsafe is internal proprietary API and may be removed in a future release
[WARNING] /app/src/test/java/kex-tests/tests/com/ducatillon/graphqlclient/util/ReflectionUtils.java:[9,16] sun.misc.Unsafe is internal proprietary API and may be removed in a future release
[WARNING] /app/src/test/java/kex-tests/tests/com/ducatillon/graphqlclient/client/ReflectionUtils.java:[9,16] sun.misc.Unsafe is internal proprietary API and may be removed in a future release
[WARNING] /app/src/test/java/kex-tests/tests/com/ducatillon/graphqlclient/data/ReflectionUtils.java:[13,25] sun.misc.Unsafe is internal proprietary API and may be removed in a future release
[WARNING] /app/src/test/java/kex-tests/tests/com/ducatillon/graphqlclient/data/ReflectionUtils.java:[13,25] sun.misc.Unsafe is internal proprietary API and may be removed in a future release
[WARNING] /app/src/test/java/kex-tests/tests/com/ducatillon/graphqlclient/data/ReflectionUtils.java:[13,25] sun.misc.Unsafe is internal proprietary API and may be removed in a future release
[WARNING] /app/src/test/java/kex-tests/tests/com/ducatillon/graphqlclient/data/ReflectionUtils.java:[13,25] sun.misc.Unsafe is internal proprietary API and may be removed in a future release
[WARNING] /app/src/test/java/kex-tests/tests/com/ducatillon/graphqlclient/data/ReflectionUtils.java:[13,25] sun.misc.Unsafe is internal proprietary API and may be removed in a future release
[WARNING] /app/src/test/java/kex-tests/tests/com/ducatillon/graphqlclient/data/ReflectionUtils.java:[17,31] sun.misc.Unsafe is internal proprietary API and may be removed in a future release
[WARNING] /app/src/test/java/kex-tests/tests/com/ducatillon/graphqlclient/data/ReflectionUtils.java:[19,23] sun.misc.Unsafe is internal proprietary API and may be removed in a future release
[WARNING] /app/src/test/java/kex-tests/tests/com/ducatillon/graphqlclient/ReflectionUtils.java:[13,25] sun.misc.Unsafe is internal proprietary API and may be removed in a future release
[WARNING] /app/src/test/java/kex-tests/tests/com/ducatillon/graphqlclient/ReflectionUtils.java:[13,25] sun.misc.Unsafe is internal proprietary API and may be removed in a future release
[WARNING] /app/src/test/java/kex-tests/tests/com/ducatillon/graphqlclient/ReflectionUtils.java:[13,25] sun.misc.Unsafe is internal proprietary API and may be removed in a future release
[WARNING] /app/src/test/java/kex-tests/tests/com/ducatillon/graphqlclient/ReflectionUtils.java:[13,25] sun.misc.Unsafe is internal proprietary API and may be removed in a future release
[WARNING] /app/src/test/java/kex-tests/tests/com/ducatillon/graphqlclient/ReflectionUtils.java:[13,25] sun.misc.Unsafe is internal proprietary API and may be removed in a future release
[WARNING] /app/src/test/java/kex-tests/tests/com/ducatillon/graphqlclient/ReflectionUtils.java:[17,31] sun.misc.Unsafe is internal proprietary API and may be removed in a future release
[WARNING] /app/src/test/java/kex-tests/tests/com/ducatillon/graphqlclient/ReflectionUtils.java:[19,23] sun.misc.Unsafe is internal proprietary API and may be removed in a future release
[WARNING] /app/src/test/java/kex-tests/tests/com/ducatillon/graphqlclient/util/ReflectionUtils.java:[13,25] sun.misc.Unsafe is internal proprietary API and may be removed in a future release
[WARNING] /app/src/test/java/kex-tests/tests/com/ducatillon/graphqlclient/util/ReflectionUtils.java:[13,25] sun.misc.Unsafe is internal proprietary API and may be removed in a future release
[WARNING] /app/src/test/java/kex-tests/tests/com/ducatillon/graphqlclient/util/ReflectionUtils.java:[13,25] sun.misc.Unsafe is internal proprietary API and may be removed in a future release
[WARNING] /app/src/test/java/kex-tests/tests/com/ducatillon/graphqlclient/util/ReflectionUtils.java:[13,25] sun.misc.Unsafe is internal proprietary API and may be removed in a future release
[WARNING] /app/src/test/java/kex-tests/tests/com/ducatillon/graphqlclient/util/ReflectionUtils.java:[13,25] sun.misc.Unsafe is internal proprietary API and may be removed in a future release
[WARNING] /app/src/test/java/kex-tests/tests/com/ducatillon/graphqlclient/util/ReflectionUtils.java:[17,31] sun.misc.Unsafe is internal proprietary API and may be removed in a future release
[WARNING] /app/src/test/java/kex-tests/tests/com/ducatillon/graphqlclient/util/ReflectionUtils.java:[19,23] sun.misc.Unsafe is internal proprietary API and may be removed in a future release
[WARNING] /app/src/test/java/kex-tests/tests/com/ducatillon/graphqlclient/client/ReflectionUtils.java:[13,25] sun.misc.Unsafe is internal proprietary API and may be removed in a future release
[WARNING] /app/src/test/java/kex-tests/tests/com/ducatillon/graphqlclient/client/ReflectionUtils.java:[13,25] sun.misc.Unsafe is internal proprietary API and may be removed in a future release
[WARNING] /app/src/test/java/kex-tests/tests/com/ducatillon/graphqlclient/client/ReflectionUtils.java:[13,25] sun.misc.Unsafe is internal proprietary API and may be removed in a future release
[WARNING] /app/src/test/java/kex-tests/tests/com/ducatillon/graphqlclient/client/ReflectionUtils.java:[13,25] sun.misc.Unsafe is internal proprietary API and may be removed in a future release
[WARNING] /app/src/test/java/kex-tests/tests/com/ducatillon/graphqlclient/client/ReflectionUtils.java:[13,25] sun.misc.Unsafe is internal proprietary API and may be removed in a future release
[WARNING] /app/src/test/java/kex-tests/tests/com/ducatillon/graphqlclient/client/ReflectionUtils.java:[17,31] sun.misc.Unsafe is internal proprietary API and may be removed in a future release
[WARNING] /app/src/test/java/kex-tests/tests/com/ducatillon/graphqlclient/client/ReflectionUtils.java:[19,23] sun.misc.Unsafe is internal proprietary API and may be removed in a future release
[INFO] 
[INFO] --- maven-surefire-plugin:2.22.2:test (default-test) @ graphql-client ---
[INFO] 
[INFO] -------------------------------------------------------
[INFO]  T E S T S
[INFO] -------------------------------------------------------
[INFO] Running com.ducatillon.graphqlclient.GraphqlClientApplication_init_7214213282
[INFO] Tests run: 1, Failures: 0, Errors: 0, Skipped: 0, Time elapsed: 0.074 s - in com.ducatillon.graphqlclient.GraphqlClientApplication_init_7214213282
[INFO] Running com.ducatillon.graphqlclient.GraphqlClientApplication_main_3448583241

  .   ____          _            __ _ _
 /\\ / ___'_ __ _ _(_)_ __  __ _ \ \ \ \
( ( )\___ | '_ | '_| | '_ \/ _` | \ \ \ \
 \\/  ___)| |_)| | | | | || (_| |  ) ) ) )
  '  |____| .__|_| |_|_| |_\__, | / / / /
 =========|_|==============|___/=/_/_/_/
 :: Spring Boot ::                (v2.4.5)

2026-04-08 01:10:27.460  INFO 70 --- [me-limited test] c.d.g.GraphqlClientApplication           : Starting GraphqlClientApplication using Java 11.0.16 on 095e67aef0e5 with PID 70 (started by root in /app)
2026-04-08 01:10:27.463  INFO 70 --- [me-limited test] c.d.g.GraphqlClientApplication           : No active profile set, falling back to default profiles: default
2026-04-08 01:10:28.292  INFO 70 --- [me-limited test] o.s.b.w.embedded.tomcat.TomcatWebServer  : Tomcat initialized with port(s): 8080 (http)
2026-04-08 01:10:28.303  INFO 70 --- [me-limited test] o.apache.catalina.core.StandardService   : Starting service [Tomcat]
2026-04-08 01:10:28.303  INFO 70 --- [me-limited test] org.apache.catalina.core.StandardEngine  : Starting Servlet engine: [Apache Tomcat/9.0.45]
2026-04-08 01:10:28.379  INFO 70 --- [me-limited test] o.a.c.c.C.[Tomcat].[localhost].[/]       : Initializing Spring embedded WebApplicationContext
2026-04-08 01:10:28.380  INFO 70 --- [me-limited test] w.s.c.ServletWebServerApplicationContext : Root WebApplicationContext: initialization completed in 869 ms
2026-04-08 01:10:28.663  INFO 70 --- [me-limited test] o.s.s.concurrent.ThreadPoolTaskExecutor  : Initializing ExecutorService 'applicationTaskExecutor'
2026-04-08 01:10:28.866  INFO 70 --- [me-limited test] o.s.b.w.embedded.tomcat.TomcatWebServer  : Tomcat started on port(s): 8080 (http) with context path ''
2026-04-08 01:10:28.876  INFO 70 --- [me-limited test] c.d.g.GraphqlClientApplication           : Started GraphqlClientApplication in 1.915 seconds (JVM running for 2.955)
[ERROR] Tests run: 1, Failures: 0, Errors: 1, Skipped: 0, Time elapsed: 3.817 s <<< FAILURE! - in com.ducatillon.graphqlclient.GraphqlClientApplication_main_3448583241
[ERROR] test  Time elapsed: 3.817 s  <<< ERROR!
org.springframework.web.reactive.function.client.WebClientResponseException$BadRequest: 400 Bad Request from POST https://countries.trevorblades.com/

[INFO] Running com.ducatillon.graphqlclient.util.GraphqlSchemaReaderUtil_getSchemaFromFileName_13608204341
[ERROR] Tests run: 1, Failures: 0, Errors: 1, Skipped: 0, Time elapsed: 0.001 s <<< FAILURE! - in com.ducatillon.graphqlclient.util.GraphqlSchemaReaderUtil_getSchemaFromFileName_13608204341
[ERROR] test  Time elapsed: 0 s  <<< ERROR!
java.lang.NullPointerException
	at com.ducatillon.graphqlclient.util.GraphqlSchemaReaderUtil_getSchemaFromFileName_13608204341.test(GraphqlSchemaReaderUtil_getSchemaFromFileName_13608204341.java:42)

[INFO] Running com.ducatillon.graphqlclient.util.GraphqlSchemaReaderUtil_init_17837307622
[INFO] Tests run: 1, Failures: 0, Errors: 0, Skipped: 0, Time elapsed: 0 s - in com.ducatillon.graphqlclient.util.GraphqlSchemaReaderUtil_init_17837307622
[INFO] Running com.ducatillon.graphqlclient.util.GraphqlSchemaReaderUtil_init_17837307620
[INFO] Tests run: 1, Failures: 0, Errors: 0, Skipped: 0, Time elapsed: 0 s - in com.ducatillon.graphqlclient.util.GraphqlSchemaReaderUtil_init_17837307620
[INFO] Running com.ducatillon.graphqlclient.util.GraphqlSchemaReaderUtil_getSchemaFromFileName_13608204343
[ERROR] Tests run: 1, Failures: 0, Errors: 1, Skipped: 0, Time elapsed: 0 s <<< FAILURE! - in com.ducatillon.graphqlclient.util.GraphqlSchemaReaderUtil_getSchemaFromFileName_13608204343
[ERROR] test  Time elapsed: 0 s  <<< ERROR!
java.lang.NullPointerException
	at com.ducatillon.graphqlclient.util.GraphqlSchemaReaderUtil_getSchemaFromFileName_13608204343.test(GraphqlSchemaReaderUtil_getSchemaFromFileName_13608204343.java:44)

[INFO] Running com.ducatillon.graphqlclient.client.CountryClient_getCountryDetails_10747281313
[ERROR] Tests run: 1, Failures: 0, Errors: 1, Skipped: 0, Time elapsed: 0 s <<< FAILURE! - in com.ducatillon.graphqlclient.client.CountryClient_getCountryDetails_10747281313
[ERROR] test  Time elapsed: 0 s  <<< ERROR!
java.lang.NullPointerException
	at com.ducatillon.graphqlclient.client.CountryClient_getCountryDetails_10747281313.test(CountryClient_getCountryDetails_10747281313.java:45)

[INFO] Running com.ducatillon.graphqlclient.client.CountryClient_init_14161502842
[INFO] Tests run: 1, Failures: 0, Errors: 0, Skipped: 0, Time elapsed: 0 s - in com.ducatillon.graphqlclient.client.CountryClient_init_14161502842
[INFO] Running com.ducatillon.graphqlclient.client.CountryClient_getCountryDetails_10747281311
[ERROR] Tests run: 1, Failures: 0, Errors: 1, Skipped: 0, Time elapsed: 0.228 s <<< FAILURE! - in com.ducatillon.graphqlclient.client.CountryClient_getCountryDetails_10747281311
[ERROR] test  Time elapsed: 0.228 s  <<< ERROR!
org.springframework.web.reactive.function.client.WebClientRequestException: failed to resolve 'sjlJAEtRrb' after 2 queries ; nested exception is java.net.UnknownHostException: failed to resolve 'sjlJAEtRrb' after 2 queries 
Caused by: java.net.UnknownHostException: failed to resolve 'sjlJAEtRrb' after 2 queries 

[INFO] Running com.ducatillon.graphqlclient.client.CountryClient_init_14161502840
[INFO] Tests run: 1, Failures: 0, Errors: 0, Skipped: 0, Time elapsed: 0 s - in com.ducatillon.graphqlclient.client.CountryClient_init_14161502840
[INFO] Running com.ducatillon.graphqlclient.GraphqlClientApplication_init_7214213280
[INFO] Tests run: 1, Failures: 0, Errors: 0, Skipped: 0, Time elapsed: 0.001 s - in com.ducatillon.graphqlclient.GraphqlClientApplication_init_7214213280
[INFO] Running com.ducatillon.graphqlclient.GraphqlClientApplication_main_3448583243
2026-04-08 01:10:30.902 ERROR 70 --- [me-limited test] o.s.boot.SpringApplication               : Application run failed

java.lang.IllegalArgumentException: Args must not be null
	at org.springframework.util.Assert.notNull(Assert.java:201) ~[spring-core-5.3.6.jar:5.3.6]
	at org.springframework.boot.DefaultApplicationArguments.<init>(DefaultApplicationArguments.java:41) ~[spring-boot-2.4.5.jar:2.4.5]
	at org.springframework.boot.SpringApplication.run(SpringApplication.java:332) ~[spring-boot-2.4.5.jar:2.4.5]
	at org.springframework.boot.SpringApplication.run(SpringApplication.java:1340) ~[spring-boot-2.4.5.jar:2.4.5]
	at org.springframework.boot.SpringApplication.run(SpringApplication.java:1329) ~[spring-boot-2.4.5.jar:2.4.5]
	at com.ducatillon.graphqlclient.GraphqlClientApplication.main(GraphqlClientApplication.java:19) ~[classes/:na]
	at java.base/jdk.internal.reflect.NativeMethodAccessorImpl.invoke0(Native Method) ~[na:na]
	at java.base/jdk.internal.reflect.NativeMethodAccessorImpl.invoke(NativeMethodAccessorImpl.java:62) ~[na:na]
	at java.base/jdk.internal.reflect.DelegatingMethodAccessorImpl.invoke(DelegatingMethodAccessorImpl.java:43) ~[na:na]
	at java.base/java.lang.reflect.Method.invoke(Method.java:566) ~[na:na]
	at com.ducatillon.graphqlclient.ReflectionUtils.callMethod(ReflectionUtils.java:328) ~[test-classes/:na]
	at com.ducatillon.graphqlclient.GraphqlClientApplication_main_3448583243.test(GraphqlClientApplication_main_3448583243.java:44) ~[test-classes/:na]
	at java.base/jdk.internal.reflect.NativeMethodAccessorImpl.invoke0(Native Method) ~[na:na]
	at java.base/jdk.internal.reflect.NativeMethodAccessorImpl.invoke(NativeMethodAccessorImpl.java:62) ~[na:na]
	at java.base/jdk.internal.reflect.DelegatingMethodAccessorImpl.invoke(DelegatingMethodAccessorImpl.java:43) ~[na:na]
	at java.base/java.lang.reflect.Method.invoke(Method.java:566) ~[na:na]
	at org.junit.runners.model.FrameworkMethod$1.runReflectiveCall(FrameworkMethod.java:59) ~[junit-4.13.2.jar:4.13.2]
	at org.junit.internal.runners.model.ReflectiveCallable.run(ReflectiveCallable.java:12) ~[junit-4.13.2.jar:4.13.2]
	at org.junit.runners.model.FrameworkMethod.invokeExplosively(FrameworkMethod.java:56) ~[junit-4.13.2.jar:4.13.2]
	at org.junit.internal.runners.statements.InvokeMethod.evaluate(InvokeMethod.java:17) ~[junit-4.13.2.jar:4.13.2]
	at org.junit.internal.runners.statements.RunBefores.evaluate(RunBefores.java:26) ~[junit-4.13.2.jar:4.13.2]
	at org.junit.internal.runners.statements.FailOnTimeout$CallableStatement.call(FailOnTimeout.java:299) ~[junit-4.13.2.jar:4.13.2]
	at org.junit.internal.runners.statements.FailOnTimeout$CallableStatement.call(FailOnTimeout.java:293) ~[junit-4.13.2.jar:4.13.2]
	at java.base/java.util.concurrent.FutureTask.run(FutureTask.java:264) ~[na:na]
	at java.base/java.lang.Thread.run(Thread.java:829) ~[na:na]

[ERROR] Tests run: 1, Failures: 0, Errors: 1, Skipped: 0, Time elapsed: 0.017 s <<< FAILURE! - in com.ducatillon.graphqlclient.GraphqlClientApplication_main_3448583243
[ERROR] test  Time elapsed: 0.017 s  <<< ERROR!
java.lang.IllegalArgumentException: Args must not be null
	at com.ducatillon.graphqlclient.GraphqlClientApplication_main_3448583243.test(GraphqlClientApplication_main_3448583243.java:44)

[INFO] Running com.ducatillon.graphqlclient.data.CountryDto_CountryData_Country_init_2281408454
[INFO] Tests run: 1, Failures: 0, Errors: 0, Skipped: 0, Time elapsed: 0.001 s - in com.ducatillon.graphqlclient.data.CountryDto_CountryData_Country_init_2281408454
[INFO] Running com.ducatillon.graphqlclient.data.CountryDto_init_5018078242
[INFO] Tests run: 1, Failures: 0, Errors: 0, Skipped: 0, Time elapsed: 0 s - in com.ducatillon.graphqlclient.data.CountryDto_init_5018078242
[INFO] Running com.ducatillon.graphqlclient.data.CountryDto_CountryData_getCountry_8587866733
[INFO] Tests run: 1, Failures: 0, Errors: 0, Skipped: 0, Time elapsed: 0 s - in com.ducatillon.graphqlclient.data.CountryDto_CountryData_getCountry_8587866733
[INFO] Running com.ducatillon.graphqlclient.data.GraphqlRequestBody_setQuery_7330844822
[INFO] Tests run: 1, Failures: 0, Errors: 0, Skipped: 0, Time elapsed: 0 s - in com.ducatillon.graphqlclient.data.GraphqlRequestBody_setQuery_7330844822
[INFO] Running com.ducatillon.graphqlclient.data.GraphqlRequestBody_setVariables_15526962599
[INFO] Tests run: 1, Failures: 0, Errors: 0, Skipped: 0, Time elapsed: 0 s - in com.ducatillon.graphqlclient.data.GraphqlRequestBody_setVariables_15526962599
[INFO] Running com.ducatillon.graphqlclient.data.GraphqlRequestBody_getQuery_11567528980
[INFO] Tests run: 1, Failures: 0, Errors: 0, Skipped: 0, Time elapsed: 0 s - in com.ducatillon.graphqlclient.data.GraphqlRequestBody_getQuery_11567528980
[INFO] Running com.ducatillon.graphqlclient.data.GraphqlRequestBody_setQuery_7330844828
[INFO] Tests run: 1, Failures: 0, Errors: 0, Skipped: 0, Time elapsed: 0 s - in com.ducatillon.graphqlclient.data.GraphqlRequestBody_setQuery_7330844828
[INFO] Running com.ducatillon.graphqlclient.data.GraphqlRequestBody_getQuery_11567528986
[INFO] Tests run: 1, Failures: 0, Errors: 0, Skipped: 0, Time elapsed: 0 s - in com.ducatillon.graphqlclient.data.GraphqlRequestBody_getQuery_11567528986
[INFO] Running com.ducatillon.graphqlclient.data.CountryDto_getData_14879050191
[INFO] Tests run: 1, Failures: 0, Errors: 0, Skipped: 0, Time elapsed: 0 s - in com.ducatillon.graphqlclient.data.CountryDto_getData_14879050191
[INFO] Running com.ducatillon.graphqlclient.data.CountryDto_CountryData_init_21280427532
[INFO] Tests run: 1, Failures: 0, Errors: 0, Skipped: 0, Time elapsed: 0 s - in com.ducatillon.graphqlclient.data.CountryDto_CountryData_init_21280427532
[INFO] Running com.ducatillon.graphqlclient.data.GraphqlRequestBody_setVariables_15526962593
[INFO] Tests run: 1, Failures: 0, Errors: 0, Skipped: 0, Time elapsed: 0 s - in com.ducatillon.graphqlclient.data.GraphqlRequestBody_setVariables_15526962593
[INFO] Running com.ducatillon.graphqlclient.data.CountryDto_init_5018078240
[INFO] Tests run: 1, Failures: 0, Errors: 0, Skipped: 0, Time elapsed: 0 s - in com.ducatillon.graphqlclient.data.CountryDto_init_5018078240
[INFO] Running com.ducatillon.graphqlclient.data.CountryDto_CountryData_Country_getCurrency_1760973047
[INFO] Tests run: 1, Failures: 0, Errors: 0, Skipped: 0, Time elapsed: 0 s - in com.ducatillon.graphqlclient.data.CountryDto_CountryData_Country_getCurrency_1760973047
[INFO] Running com.ducatillon.graphqlclient.data.CountryDto_CountryData_Country_init_2281408450
[INFO] Tests run: 1, Failures: 0, Errors: 0, Skipped: 0, Time elapsed: 0 s - in com.ducatillon.graphqlclient.data.CountryDto_CountryData_Country_init_2281408450
[INFO] Running com.ducatillon.graphqlclient.data.GraphqlRequestBody_init_69427505711
[INFO] Tests run: 1, Failures: 0, Errors: 0, Skipped: 0, Time elapsed: 0 s - in com.ducatillon.graphqlclient.data.GraphqlRequestBody_init_69427505711
[INFO] Running com.ducatillon.graphqlclient.data.CountryDto_CountryData_Country_getCurrency_1760973043
[INFO] Tests run: 1, Failures: 0, Errors: 0, Skipped: 0, Time elapsed: 0.001 s - in com.ducatillon.graphqlclient.data.CountryDto_CountryData_Country_getCurrency_1760973043
[INFO] Running com.ducatillon.graphqlclient.data.GraphqlRequestBody_init_6942750575
[INFO] Tests run: 1, Failures: 0, Errors: 0, Skipped: 0, Time elapsed: 0 s - in com.ducatillon.graphqlclient.data.GraphqlRequestBody_init_6942750575
[INFO] Running com.ducatillon.graphqlclient.data.GraphqlRequestBody_init_33925277110
[INFO] Tests run: 1, Failures: 0, Errors: 0, Skipped: 0, Time elapsed: 0 s - in com.ducatillon.graphqlclient.data.GraphqlRequestBody_init_33925277110
[INFO] Running com.ducatillon.graphqlclient.data.CountryDto_CountryData_getCountry_8587866731
[INFO] Tests run: 1, Failures: 0, Errors: 0, Skipped: 0, Time elapsed: 0 s - in com.ducatillon.graphqlclient.data.CountryDto_CountryData_getCountry_8587866731
[INFO] Running com.ducatillon.graphqlclient.data.CountryDto_CountryData_Country_getCapital_6565701576
[INFO] Tests run: 1, Failures: 0, Errors: 0, Skipped: 0, Time elapsed: 0 s - in com.ducatillon.graphqlclient.data.CountryDto_CountryData_Country_getCapital_6565701576
[INFO] Running com.ducatillon.graphqlclient.data.CountryDto_CountryData_init_21280427530
[INFO] Tests run: 1, Failures: 0, Errors: 0, Skipped: 0, Time elapsed: 0 s - in com.ducatillon.graphqlclient.data.CountryDto_CountryData_init_21280427530
[INFO] Running com.ducatillon.graphqlclient.data.GraphqlRequestBody_getVariables_10364459831
[INFO] Tests run: 1, Failures: 0, Errors: 0, Skipped: 0, Time elapsed: 0 s - in com.ducatillon.graphqlclient.data.GraphqlRequestBody_getVariables_10364459831
[INFO] Running com.ducatillon.graphqlclient.data.CountryDto_CountryData_Country_getName_18542896341
[INFO] Tests run: 1, Failures: 0, Errors: 0, Skipped: 0, Time elapsed: 0 s - in com.ducatillon.graphqlclient.data.CountryDto_CountryData_Country_getName_18542896341
[INFO] Running com.ducatillon.graphqlclient.data.GraphqlRequestBody_init_3392527714
[INFO] Tests run: 1, Failures: 0, Errors: 0, Skipped: 0, Time elapsed: 0 s - in com.ducatillon.graphqlclient.data.GraphqlRequestBody_init_3392527714
[INFO] Running com.ducatillon.graphqlclient.data.GraphqlRequestBody_getVariables_10364459837
[INFO] Tests run: 1, Failures: 0, Errors: 0, Skipped: 0, Time elapsed: 0 s - in com.ducatillon.graphqlclient.data.GraphqlRequestBody_getVariables_10364459837
[INFO] Running com.ducatillon.graphqlclient.data.CountryDto_getData_14879050193
[INFO] Tests run: 1, Failures: 0, Errors: 0, Skipped: 0, Time elapsed: 0 s - in com.ducatillon.graphqlclient.data.CountryDto_getData_14879050193
[INFO] Running com.ducatillon.graphqlclient.data.CountryDto_CountryData_Country_getName_18542896345
[INFO] Tests run: 1, Failures: 0, Errors: 0, Skipped: 0, Time elapsed: 0 s - in com.ducatillon.graphqlclient.data.CountryDto_CountryData_Country_getName_18542896345
[INFO] Running com.ducatillon.graphqlclient.data.CountryDto_CountryData_Country_getCapital_6565701572
[INFO] Tests run: 1, Failures: 0, Errors: 0, Skipped: 0, Time elapsed: 0 s - in com.ducatillon.graphqlclient.data.CountryDto_CountryData_Country_getCapital_6565701572
[INFO] Running com.ducatillon.graphqlclient.GraphqlClientApplicationTests
2026-04-08 01:10:30.971  INFO 70 --- [           main] .b.t.c.SpringBootTestContextBootstrapper : Neither @ContextConfiguration nor @ContextHierarchy found for test class [com.ducatillon.graphqlclient.GraphqlClientApplicationTests], using SpringBootContextLoader
2026-04-08 01:10:30.972  INFO 70 --- [           main] o.s.t.c.support.AbstractContextLoader    : Could not detect default resource locations for test class [com.ducatillon.graphqlclient.GraphqlClientApplicationTests]: no resource found for suffixes {-context.xml, Context.groovy}.
2026-04-08 01:10:30.973  INFO 70 --- [           main] t.c.s.AnnotationConfigContextLoaderUtils : Could not detect default configuration classes for test class [com.ducatillon.graphqlclient.GraphqlClientApplicationTests]: GraphqlClientApplicationTests does not declare any static, non-private, non-final, nested classes annotated with @Configuration.
2026-04-08 01:10:30.993  INFO 70 --- [           main] .b.t.c.SpringBootTestContextBootstrapper : Found @SpringBootConfiguration com.ducatillon.graphqlclient.GraphqlClientApplication for test class com.ducatillon.graphqlclient.GraphqlClientApplicationTests
2026-04-08 01:10:30.997  INFO 70 --- [           main] .b.t.c.SpringBootTestContextBootstrapper : Loaded default TestExecutionListener class names from location [META-INF/spring.factories]: [org.springframework.boot.test.mock.mockito.MockitoTestExecutionListener, org.springframework.boot.test.mock.mockito.ResetMocksTestExecutionListener, org.springframework.boot.test.autoconfigure.restdocs.RestDocsTestExecutionListener, org.springframework.boot.test.autoconfigure.web.client.MockRestServiceServerResetTestExecutionListener, org.springframework.boot.test.autoconfigure.web.servlet.MockMvcPrintOnlyOnFailureTestExecutionListener, org.springframework.boot.test.autoconfigure.web.servlet.WebDriverTestExecutionListener, org.springframework.boot.test.autoconfigure.webservices.client.MockWebServiceServerTestExecutionListener, org.springframework.test.context.web.ServletTestExecutionListener, org.springframework.test.context.support.DirtiesContextBeforeModesTestExecutionListener, org.springframework.test.context.event.ApplicationEventsTestExecutionListener, org.springframework.test.context.support.DependencyInjectionTestExecutionListener, org.springframework.test.context.support.DirtiesContextTestExecutionListener, org.springframework.test.context.transaction.TransactionalTestExecutionListener, org.springframework.test.context.jdbc.SqlScriptsTestExecutionListener, org.springframework.test.context.event.EventPublishingTestExecutionListener]
2026-04-08 01:10:31.004  INFO 70 --- [           main] .b.t.c.SpringBootTestContextBootstrapper : Using TestExecutionListeners: [org.springframework.test.context.web.ServletTestExecutionListener@44b21f9f, org.springframework.test.context.support.DirtiesContextBeforeModesTestExecutionListener@7ee8130e, org.springframework.test.context.event.ApplicationEventsTestExecutionListener@6296474f, org.springframework.boot.test.mock.mockito.MockitoTestExecutionListener@4288d98e, org.springframework.boot.test.autoconfigure.SpringBootDependencyInjectionTestExecutionListener@169268a7, org.springframework.test.context.support.DirtiesContextTestExecutionListener@285c6918, org.springframework.test.context.event.EventPublishingTestExecutionListener@78a0ff63, org.springframework.boot.test.mock.mockito.ResetMocksTestExecutionListener@7c601d50, org.springframework.boot.test.autoconfigure.restdocs.RestDocsTestExecutionListener@79b2852b, org.springframework.boot.test.autoconfigure.web.client.MockRestServiceServerResetTestExecutionListener@326d27ac, org.springframework.boot.test.autoconfigure.web.servlet.MockMvcPrintOnlyOnFailureTestExecutionListener@4d499d65, org.springframework.boot.test.autoconfigure.web.servlet.WebDriverTestExecutionListener@313f8301, org.springframework.boot.test.autoconfigure.webservices.client.MockWebServiceServerTestExecutionListener@5cc9d3d0]

  .   ____          _            __ _ _
 /\\ / ___'_ __ _ _(_)_ __  __ _ \ \ \ \
( ( )\___ | '_ | '_| | '_ \/ _` | \ \ \ \
 \\/  ___)| |_)| | | | | || (_| |  ) ) ) )
  '  |____| .__|_| |_|_| |_\__, | / / / /
 =========|_|==============|___/=/_/_/_/
 :: Spring Boot ::                (v2.4.5)

2026-04-08 01:10:31.044  INFO 70 --- [           main] c.d.g.GraphqlClientApplicationTests      : Starting GraphqlClientApplicationTests using Java 11.0.16 on 095e67aef0e5 with PID 70 (started by root in /app)
2026-04-08 01:10:31.045  INFO 70 --- [           main] c.d.g.GraphqlClientApplicationTests      : No active profile set, falling back to default profiles: default
2026-04-08 01:10:31.338  INFO 70 --- [           main] o.s.s.concurrent.ThreadPoolTaskExecutor  : Initializing ExecutorService 'applicationTaskExecutor'
2026-04-08 01:10:31.452  INFO 70 --- [           main] c.d.g.GraphqlClientApplicationTests      : Started GraphqlClientApplicationTests in 0.436 seconds (JVM running for 5.531)
[INFO] Tests run: 1, Failures: 0, Errors: 0, Skipped: 0, Time elapsed: 0.774 s - in com.ducatillon.graphqlclient.GraphqlClientApplicationTests
2026-04-08 01:10:31.829  INFO 70 --- [extShutdownHook] o.s.s.concurrent.ThreadPoolTaskExecutor  : Shutting down ExecutorService 'applicationTaskExecutor'
2026-04-08 01:10:33.828  INFO 70 --- [extShutdownHook] o.s.s.concurrent.ThreadPoolTaskExecutor  : Shutting down ExecutorService 'applicationTaskExecutor'
[INFO] 
[INFO] Results:
[INFO] 
[ERROR] Errors: 
[ERROR]   GraphqlClientApplication_main_3448583241.test » BadRequest 400 Bad Request fro...
[ERROR]   GraphqlClientApplication_main_3448583243.test:44 » IllegalArgument Args must n...
[ERROR]   CountryClient_getCountryDetails_10747281311.test » WebClientRequest failed to ...
[ERROR]   CountryClient_getCountryDetails_10747281313.test:45 » NullPointer
[ERROR]   GraphqlSchemaReaderUtil_getSchemaFromFileName_13608204341.test:42 » NullPointer
[ERROR]   GraphqlSchemaReaderUtil_getSchemaFromFileName_13608204343.test:44 » NullPointer
[INFO] 
[ERROR] Tests run: 41, Failures: 0, Errors: 6, Skipped: 0
[INFO] 
[ERROR] There are test failures.

Please refer to /app/target/surefire-reports for the individual test results.
Please refer to dump files (if any exist) [date].dump, [date]-jvmRun[N].dump and [date].dumpstream.
[INFO] 
[INFO] --- jacoco-maven-plugin:0.8.11:report (report) @ graphql-client ---
[INFO] Loading execution data file /app/target/jacoco.exec
[INFO] Analyzed bundle 'graphql-client' with 7 classes
[INFO] 
[INFO] --- jacoco-maven-plugin:0.8.11:report (default-cli) @ graphql-client ---
[INFO] Loading execution data file /app/target/jacoco.exec
[INFO] Analyzed bundle 'graphql-client' with 7 classes
[INFO] ------------------------------------------------------------------------
[INFO] BUILD SUCCESS
[INFO] ------------------------------------------------------------------------
[INFO] Total time:  11.105 s
[INFO] Finished at: 2026-04-08T01:10:34Z
[INFO] ------------------------------------------------------------------------
