[INFO] Scanning for projects...
[INFO] 
[INFO] ------------< com.ducatillon.graphql-client:graphql-client >------------
[INFO] Building graphql-client 0.0.1-SNAPSHOT
[INFO] --------------------------------[ jar ]---------------------------------
[INFO] 
[INFO] --- maven-clean-plugin:3.1.0:clean (default-clean) @ graphql-client ---
[INFO] Deleting /app/target
[INFO] 
[INFO] --- jacoco-maven-plugin:0.8.11:prepare-agent (default) @ graphql-client ---
[INFO] argLine set to -javaagent:/root/.m2/repository/org/jacoco/org.jacoco.agent/0.8.11/org.jacoco.agent-0.8.11-runtime.jar=destfile=/app/target/jacoco.exec
[INFO] 
[INFO] --- maven-resources-plugin:3.2.0:resources (default-resources) @ graphql-client ---
[INFO] Using 'UTF-8' encoding to copy filtered resources.
[INFO] Using 'UTF-8' encoding to copy filtered properties files.
[INFO] Copying 1 resource
[INFO] Copying 2 resources
[INFO] 
[INFO] --- maven-compiler-plugin:3.8.1:compile (default-compile) @ graphql-client ---
[INFO] Changes detected - recompiling the module!
[INFO] Compiling 5 source files to /app/target/classes
[INFO] 
[INFO] --- build-helper-maven-plugin:3.3.0:add-test-source (add-kex-test-source) @ graphql-client ---
[INFO] Test Source directory: /app/src/test/java/kex-tests added.
[INFO] 
[INFO] --- maven-resources-plugin:3.2.0:testResources (default-testResources) @ graphql-client ---
[INFO] Using 'UTF-8' encoding to copy filtered resources.
[INFO] Using 'UTF-8' encoding to copy filtered properties files.
[INFO] skip non existing resourceDirectory /app/src/test/resources
[INFO] 
[INFO] --- maven-compiler-plugin:3.8.1:testCompile (default-testCompile) @ graphql-client ---
[INFO] Changes detected - recompiling the module!
[INFO] Compiling 48 source files to /app/target/test-classes
[WARNING] /app/src/test/java/kex-tests/tests/com/ducatillon/graphqlclient/data/ReflectionUtils.java:[9,16] sun.misc.Unsafe is internal proprietary API and may be removed in a future release
[WARNING] /app/src/test/java/kex-tests/tests/com/ducatillon/graphqlclient/ReflectionUtils.java:[9,16] sun.misc.Unsafe is internal proprietary API and may be removed in a future release
[WARNING] /app/src/test/java/kex-tests/tests/com/ducatillon/graphqlclient/util/ReflectionUtils.java:[9,16] sun.misc.Unsafe is internal proprietary API and may be removed in a future release
[WARNING] /app/src/test/java/kex-tests/tests/com/ducatillon/graphqlclient/client/ReflectionUtils.java:[9,16] sun.misc.Unsafe is internal proprietary API and may be removed in a future release
[WARNING] /app/src/test/java/kex-tests/tests/com/ducatillon/graphqlclient/data/ReflectionUtils.java:[9,16] sun.misc.Unsafe is internal proprietary API and may be removed in a future release
[WARNING] /app/src/test/java/kex-tests/tests/com/ducatillon/graphqlclient/ReflectionUtils.java:[9,16] sun.misc.Unsafe is internal proprietary API and may be removed in a future release
[WARNING] /app/src/test/java/kex-tests/tests/com/ducatillon/graphqlclient/util/ReflectionUtils.java:[9,16] sun.misc.Unsafe is internal proprietary API and may be removed in a future release
[WARNING] /app/src/test/java/kex-tests/tests/com/ducatillon/graphqlclient/client/ReflectionUtils.java:[9,16] sun.misc.Unsafe is internal proprietary API and may be removed in a future release
[WARNING] /app/src/test/java/kex-tests/tests/com/ducatillon/graphqlclient/data/ReflectionUtils.java:[9,16] sun.misc.Unsafe is internal proprietary API and may be removed in a future release
[WARNING] /app/src/test/java/kex-tests/tests/com/ducatillon/graphqlclient/ReflectionUtils.java:[9,16] sun.misc.Unsafe is internal proprietary API and may be removed in a future release
[WARNING] /app/src/test/java/kex-tests/tests/com/ducatillon/graphqlclient/util/ReflectionUtils.java:[9,16] sun.misc.Unsafe is internal proprietary API and may be removed in a future release
[WARNING] /app/src/test/java/kex-tests/tests/com/ducatillon/graphqlclient/client/ReflectionUtils.java:[9,16] sun.misc.Unsafe is internal proprietary API and may be removed in a future release
[WARNING] /app/src/test/java/kex-tests/tests/com/ducatillon/graphqlclient/data/ReflectionUtils.java:[9,16] sun.misc.Unsafe is internal proprietary API and may be removed in a future release
[WARNING] /app/src/test/java/kex-tests/tests/com/ducatillon/graphqlclient/ReflectionUtils.java:[9,16] sun.misc.Unsafe is internal proprietary API and may be removed in a future release
[WARNING] /app/src/test/java/kex-tests/tests/com/ducatillon/graphqlclient/util/ReflectionUtils.java:[9,16] sun.misc.Unsafe is internal proprietary API and may be removed in a future release
[WARNING] /app/src/test/java/kex-tests/tests/com/ducatillon/graphqlclient/client/ReflectionUtils.java:[9,16] sun.misc.Unsafe is internal proprietary API and may be removed in a future release
[WARNING] /app/src/test/java/kex-tests/tests/com/ducatillon/graphqlclient/data/ReflectionUtils.java:[9,16] sun.misc.Unsafe is internal proprietary API and may be removed in a future release
[WARNING] /app/src/test/java/kex-tests/tests/com/ducatillon/graphqlclient/ReflectionUtils.java:[9,16] sun.misc.Unsafe is internal proprietary API and may be removed in a future release
[WARNING] /app/src/test/java/kex-tests/tests/com/ducatillon/graphqlclient/util/ReflectionUtils.java:[9,16] sun.misc.Unsafe is internal proprietary API and may be removed in a future release
[WARNING] /app/src/test/java/kex-tests/tests/com/ducatillon/graphqlclient/client/ReflectionUtils.java:[9,16] sun.misc.Unsafe is internal proprietary API and may be removed in a future release
[WARNING] /app/src/test/java/kex-tests/tests/com/ducatillon/graphqlclient/data/ReflectionUtils.java:[13,25] sun.misc.Unsafe is internal proprietary API and may be removed in a future release
[WARNING] /app/src/test/java/kex-tests/tests/com/ducatillon/graphqlclient/data/ReflectionUtils.java:[13,25] sun.misc.Unsafe is internal proprietary API and may be removed in a future release
[WARNING] /app/src/test/java/kex-tests/tests/com/ducatillon/graphqlclient/data/ReflectionUtils.java:[13,25] sun.misc.Unsafe is internal proprietary API and may be removed in a future release
[WARNING] /app/src/test/java/kex-tests/tests/com/ducatillon/graphqlclient/data/ReflectionUtils.java:[13,25] sun.misc.Unsafe is internal proprietary API and may be removed in a future release
[WARNING] /app/src/test/java/kex-tests/tests/com/ducatillon/graphqlclient/data/ReflectionUtils.java:[13,25] sun.misc.Unsafe is internal proprietary API and may be removed in a future release
[WARNING] /app/src/test/java/kex-tests/tests/com/ducatillon/graphqlclient/data/ReflectionUtils.java:[17,31] sun.misc.Unsafe is internal proprietary API and may be removed in a future release
[WARNING] /app/src/test/java/kex-tests/tests/com/ducatillon/graphqlclient/data/ReflectionUtils.java:[19,23] sun.misc.Unsafe is internal proprietary API and may be removed in a future release
[WARNING] /app/src/test/java/kex-tests/tests/com/ducatillon/graphqlclient/ReflectionUtils.java:[13,25] sun.misc.Unsafe is internal proprietary API and may be removed in a future release
[WARNING] /app/src/test/java/kex-tests/tests/com/ducatillon/graphqlclient/ReflectionUtils.java:[13,25] sun.misc.Unsafe is internal proprietary API and may be removed in a future release
[WARNING] /app/src/test/java/kex-tests/tests/com/ducatillon/graphqlclient/ReflectionUtils.java:[13,25] sun.misc.Unsafe is internal proprietary API and may be removed in a future release
[WARNING] /app/src/test/java/kex-tests/tests/com/ducatillon/graphqlclient/ReflectionUtils.java:[13,25] sun.misc.Unsafe is internal proprietary API and may be removed in a future release
[WARNING] /app/src/test/java/kex-tests/tests/com/ducatillon/graphqlclient/ReflectionUtils.java:[13,25] sun.misc.Unsafe is internal proprietary API and may be removed in a future release
[WARNING] /app/src/test/java/kex-tests/tests/com/ducatillon/graphqlclient/ReflectionUtils.java:[17,31] sun.misc.Unsafe is internal proprietary API and may be removed in a future release
[WARNING] /app/src/test/java/kex-tests/tests/com/ducatillon/graphqlclient/ReflectionUtils.java:[19,23] sun.misc.Unsafe is internal proprietary API and may be removed in a future release
[WARNING] /app/src/test/java/kex-tests/tests/com/ducatillon/graphqlclient/util/ReflectionUtils.java:[13,25] sun.misc.Unsafe is internal proprietary API and may be removed in a future release
[WARNING] /app/src/test/java/kex-tests/tests/com/ducatillon/graphqlclient/util/ReflectionUtils.java:[13,25] sun.misc.Unsafe is internal proprietary API and may be removed in a future release
[WARNING] /app/src/test/java/kex-tests/tests/com/ducatillon/graphqlclient/util/ReflectionUtils.java:[13,25] sun.misc.Unsafe is internal proprietary API and may be removed in a future release
[WARNING] /app/src/test/java/kex-tests/tests/com/ducatillon/graphqlclient/util/ReflectionUtils.java:[13,25] sun.misc.Unsafe is internal proprietary API and may be removed in a future release
[WARNING] /app/src/test/java/kex-tests/tests/com/ducatillon/graphqlclient/util/ReflectionUtils.java:[13,25] sun.misc.Unsafe is internal proprietary API and may be removed in a future release
[WARNING] /app/src/test/java/kex-tests/tests/com/ducatillon/graphqlclient/util/ReflectionUtils.java:[17,31] sun.misc.Unsafe is internal proprietary API and may be removed in a future release
[WARNING] /app/src/test/java/kex-tests/tests/com/ducatillon/graphqlclient/util/ReflectionUtils.java:[19,23] sun.misc.Unsafe is internal proprietary API and may be removed in a future release
[WARNING] /app/src/test/java/kex-tests/tests/com/ducatillon/graphqlclient/client/ReflectionUtils.java:[13,25] sun.misc.Unsafe is internal proprietary API and may be removed in a future release
[WARNING] /app/src/test/java/kex-tests/tests/com/ducatillon/graphqlclient/client/ReflectionUtils.java:[13,25] sun.misc.Unsafe is internal proprietary API and may be removed in a future release
[WARNING] /app/src/test/java/kex-tests/tests/com/ducatillon/graphqlclient/client/ReflectionUtils.java:[13,25] sun.misc.Unsafe is internal proprietary API and may be removed in a future release
[WARNING] /app/src/test/java/kex-tests/tests/com/ducatillon/graphqlclient/client/ReflectionUtils.java:[13,25] sun.misc.Unsafe is internal proprietary API and may be removed in a future release
[WARNING] /app/src/test/java/kex-tests/tests/com/ducatillon/graphqlclient/client/ReflectionUtils.java:[13,25] sun.misc.Unsafe is internal proprietary API and may be removed in a future release
[WARNING] /app/src/test/java/kex-tests/tests/com/ducatillon/graphqlclient/client/ReflectionUtils.java:[17,31] sun.misc.Unsafe is internal proprietary API and may be removed in a future release
[WARNING] /app/src/test/java/kex-tests/tests/com/ducatillon/graphqlclient/client/ReflectionUtils.java:[19,23] sun.misc.Unsafe is internal proprietary API and may be removed in a future release
[INFO] 
[INFO] --- maven-surefire-plugin:2.22.2:test (default-test) @ graphql-client ---
[INFO] 
[INFO] -------------------------------------------------------
[INFO]  T E S T S
[INFO] -------------------------------------------------------
[INFO] Running com.ducatillon.graphqlclient.GraphqlClientApplication_init_7214213282
[INFO] Tests run: 1, Failures: 0, Errors: 0, Skipped: 0, Time elapsed: 0.092 s - in com.ducatillon.graphqlclient.GraphqlClientApplication_init_7214213282
[INFO] Running com.ducatillon.graphqlclient.GraphqlClientApplication_main_3448583241

  .   ____          _            __ _ _
 /\\ / ___'_ __ _ _(_)_ __  __ _ \ \ \ \
( ( )\___ | '_ | '_| | '_ \/ _` | \ \ \ \
 \\/  ___)| |_)| | | | | || (_| |  ) ) ) )
  '  |____| .__|_| |_|_| |_\__, | / / / /
 =========|_|==============|___/=/_/_/_/
 :: Spring Boot ::                (v2.4.5)

2026-04-09 13:00:52.446  INFO 70 --- [me-limited test] c.d.g.GraphqlClientApplication           : Starting GraphqlClientApplication using Java 11.0.16 on 134c90a4d7cf with PID 70 (started by root in /app)
2026-04-09 13:00:52.449  INFO 70 --- [me-limited test] c.d.g.GraphqlClientApplication           : No active profile set, falling back to default profiles: default
2026-04-09 13:00:53.304  INFO 70 --- [me-limited test] o.s.b.w.embedded.tomcat.TomcatWebServer  : Tomcat initialized with port(s): 8080 (http)
2026-04-09 13:00:53.316  INFO 70 --- [me-limited test] o.apache.catalina.core.StandardService   : Starting service [Tomcat]
2026-04-09 13:00:53.317  INFO 70 --- [me-limited test] org.apache.catalina.core.StandardEngine  : Starting Servlet engine: [Apache Tomcat/9.0.45]
2026-04-09 13:00:53.387  INFO 70 --- [me-limited test] o.a.c.c.C.[Tomcat].[localhost].[/]       : Initializing Spring embedded WebApplicationContext
2026-04-09 13:00:53.387  INFO 70 --- [me-limited test] w.s.c.ServletWebServerApplicationContext : Root WebApplicationContext: initialization completed in 889 ms
2026-04-09 13:00:53.687  INFO 70 --- [me-limited test] o.s.s.concurrent.ThreadPoolTaskExecutor  : Initializing ExecutorService 'applicationTaskExecutor'
2026-04-09 13:00:53.919  INFO 70 --- [me-limited test] o.s.b.w.embedded.tomcat.TomcatWebServer  : Tomcat started on port(s): 8080 (http) with context path ''
2026-04-09 13:00:53.928  INFO 70 --- [me-limited test] c.d.g.GraphqlClientApplication           : Started GraphqlClientApplication in 1.959 seconds (JVM running for 2.897)
[ERROR] Tests run: 1, Failures: 0, Errors: 1, Skipped: 0, Time elapsed: 3.803 s <<< FAILURE! - in com.ducatillon.graphqlclient.GraphqlClientApplication_main_3448583241
[ERROR] test  Time elapsed: 3.803 s  <<< ERROR!
org.springframework.web.reactive.function.client.WebClientResponseException$BadRequest: 400 Bad Request from POST https://countries.trevorblades.com/

[INFO] Running com.ducatillon.graphqlclient.util.GraphqlSchemaReaderUtil_getSchemaFromFileName_13608204341
[ERROR] Tests run: 1, Failures: 0, Errors: 1, Skipped: 0, Time elapsed: 0 s <<< FAILURE! - in com.ducatillon.graphqlclient.util.GraphqlSchemaReaderUtil_getSchemaFromFileName_13608204341
[ERROR] test  Time elapsed: 0 s  <<< ERROR!
java.lang.NullPointerException
	at com.ducatillon.graphqlclient.util.GraphqlSchemaReaderUtil_getSchemaFromFileName_13608204341.test(GraphqlSchemaReaderUtil_getSchemaFromFileName_13608204341.java:42)

[INFO] Running com.ducatillon.graphqlclient.util.GraphqlSchemaReaderUtil_init_17837307622
[INFO] Tests run: 1, Failures: 0, Errors: 0, Skipped: 0, Time elapsed: 0.001 s - in com.ducatillon.graphqlclient.util.GraphqlSchemaReaderUtil_init_17837307622
[INFO] Running com.ducatillon.graphqlclient.util.GraphqlSchemaReaderUtil_init_17837307620
[INFO] Tests run: 1, Failures: 0, Errors: 0, Skipped: 0, Time elapsed: 0 s - in com.ducatillon.graphqlclient.util.GraphqlSchemaReaderUtil_init_17837307620
[INFO] Running com.ducatillon.graphqlclient.util.GraphqlSchemaReaderUtil_getSchemaFromFileName_13608204343
[ERROR] Tests run: 1, Failures: 0, Errors: 1, Skipped: 0, Time elapsed: 0 s <<< FAILURE! - in com.ducatillon.graphqlclient.util.GraphqlSchemaReaderUtil_getSchemaFromFileName_13608204343
[ERROR] test  Time elapsed: 0 s  <<< ERROR!
java.lang.NullPointerException
	at com.ducatillon.graphqlclient.util.GraphqlSchemaReaderUtil_getSchemaFromFileName_13608204343.test(GraphqlSchemaReaderUtil_getSchemaFromFileName_13608204343.java:44)

[INFO] Running com.ducatillon.graphqlclient.client.CountryClient_getCountryDetails_10747281313
[ERROR] Tests run: 1, Failures: 0, Errors: 1, Skipped: 0, Time elapsed: 0 s <<< FAILURE! - in com.ducatillon.graphqlclient.client.CountryClient_getCountryDetails_10747281313
[ERROR] test  Time elapsed: 0 s  <<< ERROR!
java.lang.NullPointerException
	at com.ducatillon.graphqlclient.client.CountryClient_getCountryDetails_10747281313.test(CountryClient_getCountryDetails_10747281313.java:45)

[INFO] Running com.ducatillon.graphqlclient.client.CountryClient_init_14161502842
[INFO] Tests run: 1, Failures: 0, Errors: 0, Skipped: 0, Time elapsed: 0 s - in com.ducatillon.graphqlclient.client.CountryClient_init_14161502842
[INFO] Running com.ducatillon.graphqlclient.client.CountryClient_getCountryDetails_10747281311
[ERROR] Tests run: 1, Failures: 0, Errors: 1, Skipped: 0, Time elapsed: 0.167 s <<< FAILURE! - in com.ducatillon.graphqlclient.client.CountryClient_getCountryDetails_10747281311
[ERROR] test  Time elapsed: 0.167 s  <<< ERROR!
org.springframework.web.reactive.function.client.WebClientRequestException: failed to resolve 'sjlJAEtRrb' after 2 queries ; nested exception is java.net.UnknownHostException: failed to resolve 'sjlJAEtRrb' after 2 queries 
Caused by: java.net.UnknownHostException: failed to resolve 'sjlJAEtRrb' after 2 queries 

[INFO] Running com.ducatillon.graphqlclient.client.CountryClient_init_14161502840
[INFO] Tests run: 1, Failures: 0, Errors: 0, Skipped: 0, Time elapsed: 0 s - in com.ducatillon.graphqlclient.client.CountryClient_init_14161502840
[INFO] Running com.ducatillon.graphqlclient.GraphqlClientApplication_init_7214213280
[INFO] Tests run: 1, Failures: 0, Errors: 0, Skipped: 0, Time elapsed: 0 s - in com.ducatillon.graphqlclient.GraphqlClientApplication_init_7214213280
[INFO] Running com.ducatillon.graphqlclient.GraphqlClientApplication_main_3448583243
2026-04-09 13:00:55.836 ERROR 70 --- [me-limited test] o.s.boot.SpringApplication               : Application run failed

java.lang.IllegalArgumentException: Args must not be null
	at org.springframework.util.Assert.notNull(Assert.java:201) ~[spring-core-5.3.6.jar:5.3.6]
	at org.springframework.boot.DefaultApplicationArguments.<init>(DefaultApplicationArguments.java:41) ~[spring-boot-2.4.5.jar:2.4.5]
	at org.springframework.boot.SpringApplication.run(SpringApplication.java:332) ~[spring-boot-2.4.5.jar:2.4.5]
	at org.springframework.boot.SpringApplication.run(SpringApplication.java:1340) ~[spring-boot-2.4.5.jar:2.4.5]
	at org.springframework.boot.SpringApplication.run(SpringApplication.java:1329) ~[spring-boot-2.4.5.jar:2.4.5]
	at com.ducatillon.graphqlclient.GraphqlClientApplication.main(GraphqlClientApplication.java:19) ~[classes/:na]
	at java.base/jdk.internal.reflect.NativeMethodAccessorImpl.invoke0(Native Method) ~[na:na]
	at java.base/jdk.internal.reflect.NativeMethodAccessorImpl.invoke(NativeMethodAccessorImpl.java:62) ~[na:na]
	at java.base/jdk.internal.reflect.DelegatingMethodAccessorImpl.invoke(DelegatingMethodAccessorImpl.java:43) ~[na:na]
	at java.base/java.lang.reflect.Method.invoke(Method.java:566) ~[na:na]
	at com.ducatillon.graphqlclient.ReflectionUtils.callMethod(ReflectionUtils.java:328) ~[test-classes/:na]
	at com.ducatillon.graphqlclient.GraphqlClientApplication_main_3448583243.test(GraphqlClientApplication_main_3448583243.java:44) ~[test-classes/:na]
	at java.base/jdk.internal.reflect.NativeMethodAccessorImpl.invoke0(Native Method) ~[na:na]
	at java.base/jdk.internal.reflect.NativeMethodAccessorImpl.invoke(NativeMethodAccessorImpl.java:62) ~[na:na]
	at java.base/jdk.internal.reflect.DelegatingMethodAccessorImpl.invoke(DelegatingMethodAccessorImpl.java:43) ~[na:na]
	at java.base/java.lang.reflect.Method.invoke(Method.java:566) ~[na:na]
	at org.junit.runners.model.FrameworkMethod$1.runReflectiveCall(FrameworkMethod.java:59) ~[junit-4.13.2.jar:4.13.2]
	at org.junit.internal.runners.model.ReflectiveCallable.run(ReflectiveCallable.java:12) ~[junit-4.13.2.jar:4.13.2]
	at org.junit.runners.model.FrameworkMethod.invokeExplosively(FrameworkMethod.java:56) ~[junit-4.13.2.jar:4.13.2]
	at org.junit.internal.runners.statements.InvokeMethod.evaluate(InvokeMethod.java:17) ~[junit-4.13.2.jar:4.13.2]
	at org.junit.internal.runners.statements.RunBefores.evaluate(RunBefores.java:26) ~[junit-4.13.2.jar:4.13.2]
	at org.junit.internal.runners.statements.FailOnTimeout$CallableStatement.call(FailOnTimeout.java:299) ~[junit-4.13.2.jar:4.13.2]
	at org.junit.internal.runners.statements.FailOnTimeout$CallableStatement.call(FailOnTimeout.java:293) ~[junit-4.13.2.jar:4.13.2]
	at java.base/java.util.concurrent.FutureTask.run(FutureTask.java:264) ~[na:na]
	at java.base/java.lang.Thread.run(Thread.java:829) ~[na:na]

[ERROR] Tests run: 1, Failures: 0, Errors: 1, Skipped: 0, Time elapsed: 0.018 s <<< FAILURE! - in com.ducatillon.graphqlclient.GraphqlClientApplication_main_3448583243
[ERROR] test  Time elapsed: 0.018 s  <<< ERROR!
java.lang.IllegalArgumentException: Args must not be null
	at com.ducatillon.graphqlclient.GraphqlClientApplication_main_3448583243.test(GraphqlClientApplication_main_3448583243.java:44)

[INFO] Running com.ducatillon.graphqlclient.data.CountryDto_CountryData_Country_init_2281408454
[INFO] Tests run: 1, Failures: 0, Errors: 0, Skipped: 0, Time elapsed: 0 s - in com.ducatillon.graphqlclient.data.CountryDto_CountryData_Country_init_2281408454
[INFO] Running com.ducatillon.graphqlclient.data.CountryDto_init_5018078242
[INFO] Tests run: 1, Failures: 0, Errors: 0, Skipped: 0, Time elapsed: 0 s - in com.ducatillon.graphqlclient.data.CountryDto_init_5018078242
[INFO] Running com.ducatillon.graphqlclient.data.CountryDto_CountryData_getCountry_8587866733
[INFO] Tests run: 1, Failures: 0, Errors: 0, Skipped: 0, Time elapsed: 0 s - in com.ducatillon.graphqlclient.data.CountryDto_CountryData_getCountry_8587866733
[INFO] Running com.ducatillon.graphqlclient.data.GraphqlRequestBody_setQuery_7330844822
[INFO] Tests run: 1, Failures: 0, Errors: 0, Skipped: 0, Time elapsed: 0 s - in com.ducatillon.graphqlclient.data.GraphqlRequestBody_setQuery_7330844822
[INFO] Running com.ducatillon.graphqlclient.data.GraphqlRequestBody_setVariables_15526962599
[INFO] Tests run: 1, Failures: 0, Errors: 0, Skipped: 0, Time elapsed: 0.001 s - in com.ducatillon.graphqlclient.data.GraphqlRequestBody_setVariables_15526962599
[INFO] Running com.ducatillon.graphqlclient.data.GraphqlRequestBody_getQuery_11567528980
[INFO] Tests run: 1, Failures: 0, Errors: 0, Skipped: 0, Time elapsed: 0 s - in com.ducatillon.graphqlclient.data.GraphqlRequestBody_getQuery_11567528980
[INFO] Running com.ducatillon.graphqlclient.data.GraphqlRequestBody_setQuery_7330844828
[INFO] Tests run: 1, Failures: 0, Errors: 0, Skipped: 0, Time elapsed: 0 s - in com.ducatillon.graphqlclient.data.GraphqlRequestBody_setQuery_7330844828
[INFO] Running com.ducatillon.graphqlclient.data.GraphqlRequestBody_getQuery_11567528986
[INFO] Tests run: 1, Failures: 0, Errors: 0, Skipped: 0, Time elapsed: 0 s - in com.ducatillon.graphqlclient.data.GraphqlRequestBody_getQuery_11567528986
[INFO] Running com.ducatillon.graphqlclient.data.CountryDto_getData_14879050191
[INFO] Tests run: 1, Failures: 0, Errors: 0, Skipped: 0, Time elapsed: 0 s - in com.ducatillon.graphqlclient.data.CountryDto_getData_14879050191
[INFO] Running com.ducatillon.graphqlclient.data.CountryDto_CountryData_init_21280427532
[INFO] Tests run: 1, Failures: 0, Errors: 0, Skipped: 0, Time elapsed: 0 s - in com.ducatillon.graphqlclient.data.CountryDto_CountryData_init_21280427532
[INFO] Running com.ducatillon.graphqlclient.data.GraphqlRequestBody_setVariables_15526962593
[INFO] Tests run: 1, Failures: 0, Errors: 0, Skipped: 0, Time elapsed: 0 s - in com.ducatillon.graphqlclient.data.GraphqlRequestBody_setVariables_15526962593
[INFO] Running com.ducatillon.graphqlclient.data.CountryDto_init_5018078240
[INFO] Tests run: 1, Failures: 0, Errors: 0, Skipped: 0, Time elapsed: 0 s - in com.ducatillon.graphqlclient.data.CountryDto_init_5018078240
[INFO] Running com.ducatillon.graphqlclient.data.CountryDto_CountryData_Country_getCurrency_1760973047
[INFO] Tests run: 1, Failures: 0, Errors: 0, Skipped: 0, Time elapsed: 0 s - in com.ducatillon.graphqlclient.data.CountryDto_CountryData_Country_getCurrency_1760973047
[INFO] Running com.ducatillon.graphqlclient.data.CountryDto_CountryData_Country_init_2281408450
[INFO] Tests run: 1, Failures: 0, Errors: 0, Skipped: 0, Time elapsed: 0 s - in com.ducatillon.graphqlclient.data.CountryDto_CountryData_Country_init_2281408450
[INFO] Running com.ducatillon.graphqlclient.data.GraphqlRequestBody_init_69427505711
[INFO] Tests run: 1, Failures: 0, Errors: 0, Skipped: 0, Time elapsed: 0.001 s - in com.ducatillon.graphqlclient.data.GraphqlRequestBody_init_69427505711
[INFO] Running com.ducatillon.graphqlclient.data.CountryDto_CountryData_Country_getCurrency_1760973043
[INFO] Tests run: 1, Failures: 0, Errors: 0, Skipped: 0, Time elapsed: 0 s - in com.ducatillon.graphqlclient.data.CountryDto_CountryData_Country_getCurrency_1760973043
[INFO] Running com.ducatillon.graphqlclient.data.GraphqlRequestBody_init_6942750575
[INFO] Tests run: 1, Failures: 0, Errors: 0, Skipped: 0, Time elapsed: 0 s - in com.ducatillon.graphqlclient.data.GraphqlRequestBody_init_6942750575
[INFO] Running com.ducatillon.graphqlclient.data.GraphqlRequestBody_init_33925277110
[INFO] Tests run: 1, Failures: 0, Errors: 0, Skipped: 0, Time elapsed: 0 s - in com.ducatillon.graphqlclient.data.GraphqlRequestBody_init_33925277110
[INFO] Running com.ducatillon.graphqlclient.data.CountryDto_CountryData_getCountry_8587866731
[INFO] Tests run: 1, Failures: 0, Errors: 0, Skipped: 0, Time elapsed: 0 s - in com.ducatillon.graphqlclient.data.CountryDto_CountryData_getCountry_8587866731
[INFO] Running com.ducatillon.graphqlclient.data.CountryDto_CountryData_Country_getCapital_6565701576
[INFO] Tests run: 1, Failures: 0, Errors: 0, Skipped: 0, Time elapsed: 0 s - in com.ducatillon.graphqlclient.data.CountryDto_CountryData_Country_getCapital_6565701576
[INFO] Running com.ducatillon.graphqlclient.data.CountryDto_CountryData_init_21280427530
[INFO] Tests run: 1, Failures: 0, Errors: 0, Skipped: 0, Time elapsed: 0 s - in com.ducatillon.graphqlclient.data.CountryDto_CountryData_init_21280427530
[INFO] Running com.ducatillon.graphqlclient.data.GraphqlRequestBody_getVariables_10364459831
[INFO] Tests run: 1, Failures: 0, Errors: 0, Skipped: 0, Time elapsed: 0 s - in com.ducatillon.graphqlclient.data.GraphqlRequestBody_getVariables_10364459831
[INFO] Running com.ducatillon.graphqlclient.data.CountryDto_CountryData_Country_getName_18542896341
[INFO] Tests run: 1, Failures: 0, Errors: 0, Skipped: 0, Time elapsed: 0 s - in com.ducatillon.graphqlclient.data.CountryDto_CountryData_Country_getName_18542896341
[INFO] Running com.ducatillon.graphqlclient.data.GraphqlRequestBody_init_3392527714
[INFO] Tests run: 1, Failures: 0, Errors: 0, Skipped: 0, Time elapsed: 0 s - in com.ducatillon.graphqlclient.data.GraphqlRequestBody_init_3392527714
[INFO] Running com.ducatillon.graphqlclient.data.GraphqlRequestBody_getVariables_10364459837
[INFO] Tests run: 1, Failures: 0, Errors: 0, Skipped: 0, Time elapsed: 0.001 s - in com.ducatillon.graphqlclient.data.GraphqlRequestBody_getVariables_10364459837
[INFO] Running com.ducatillon.graphqlclient.data.CountryDto_getData_14879050193
[INFO] Tests run: 1, Failures: 0, Errors: 0, Skipped: 0, Time elapsed: 0 s - in com.ducatillon.graphqlclient.data.CountryDto_getData_14879050193
[INFO] Running com.ducatillon.graphqlclient.data.CountryDto_CountryData_Country_getName_18542896345
[INFO] Tests run: 1, Failures: 0, Errors: 0, Skipped: 0, Time elapsed: 0 s - in com.ducatillon.graphqlclient.data.CountryDto_CountryData_Country_getName_18542896345
[INFO] Running com.ducatillon.graphqlclient.data.CountryDto_CountryData_Country_getCapital_6565701572
[INFO] Tests run: 1, Failures: 0, Errors: 0, Skipped: 0, Time elapsed: 0 s - in com.ducatillon.graphqlclient.data.CountryDto_CountryData_Country_getCapital_6565701572
2026-04-09 13:00:57.981  INFO 70 --- [extShutdownHook] o.s.s.concurrent.ThreadPoolTaskExecutor  : Shutting down ExecutorService 'applicationTaskExecutor'
[INFO] 
[INFO] Results:
[INFO] 
[ERROR] Errors: 
[ERROR]   GraphqlClientApplication_main_3448583241.test » BadRequest 400 Bad Request fro...
[ERROR]   GraphqlClientApplication_main_3448583243.test:44 » IllegalArgument Args must n...
[ERROR]   CountryClient_getCountryDetails_10747281311.test » WebClientRequest failed to ...
[ERROR]   CountryClient_getCountryDetails_10747281313.test:45 » NullPointer
[ERROR]   GraphqlSchemaReaderUtil_getSchemaFromFileName_13608204341.test:42 » NullPointer
[ERROR]   GraphqlSchemaReaderUtil_getSchemaFromFileName_13608204343.test:44 » NullPointer
[INFO] 
[ERROR] Tests run: 40, Failures: 0, Errors: 6, Skipped: 0
[INFO] 
[ERROR] There are test failures.

Please refer to /app/target/surefire-reports for the individual test results.
Please refer to dump files (if any exist) [date].dump, [date]-jvmRun[N].dump and [date].dumpstream.
[INFO] 
[INFO] --- jacoco-maven-plugin:0.8.11:report (report) @ graphql-client ---
[INFO] Loading execution data file /app/target/jacoco.exec
[INFO] Analyzed bundle 'graphql-client' with 7 classes
[INFO] 
[INFO] --- jacoco-maven-plugin:0.8.11:report (default-cli) @ graphql-client ---
[INFO] Loading execution data file /app/target/jacoco.exec
[INFO] Analyzed bundle 'graphql-client' with 7 classes
[INFO] ------------------------------------------------------------------------
[INFO] BUILD SUCCESS
[INFO] ------------------------------------------------------------------------
[INFO] Total time:  10.027 s
[INFO] Finished at: 2026-04-09T13:00:58Z
[INFO] ------------------------------------------------------------------------
