[INFO] Scanning for projects...
[INFO] 
[INFO] ----------------< com.hhimanshu:spring-boot-liquibase >-----------------
[INFO] Building spring-boot-liquibase 0.0.1-SNAPSHOT
[INFO] --------------------------------[ jar ]---------------------------------
[INFO] 
[INFO] --- maven-clean-plugin:3.1.0:clean (default-clean) @ spring-boot-liquibase ---
[INFO] Deleting /app/target
[INFO] 
[INFO] --- jacoco-maven-plugin:0.8.11:prepare-agent (default) @ spring-boot-liquibase ---
[INFO] argLine set to -javaagent:/root/.m2/repository/org/jacoco/org.jacoco.agent/0.8.11/org.jacoco.agent-0.8.11-runtime.jar=destfile=/app/target/jacoco.exec
[INFO] 
[INFO] --- maven-resources-plugin:3.1.0:resources (default-resources) @ spring-boot-liquibase ---
[INFO] Using 'UTF-8' encoding to copy filtered resources.
[INFO] Copying 1 resource
[INFO] Copying 4 resources
[INFO] 
[INFO] --- maven-compiler-plugin:3.8.1:compile (default-compile) @ spring-boot-liquibase ---
[INFO] Changes detected - recompiling the module!
[INFO] Compiling 7 source files to /app/target/classes
[INFO] 
[INFO] --- build-helper-maven-plugin:3.3.0:add-test-source (add-kex-test-source) @ spring-boot-liquibase ---
[INFO] Test Source directory: /app/src/test/java/kex-tests added.
[INFO] 
[INFO] --- maven-resources-plugin:3.1.0:testResources (default-testResources) @ spring-boot-liquibase ---
[INFO] Using 'UTF-8' encoding to copy filtered resources.
[INFO] skip non existing resourceDirectory /app/src/test/resources
[INFO] 
[INFO] --- maven-compiler-plugin:3.8.1:testCompile (default-testCompile) @ spring-boot-liquibase ---
[INFO] Changes detected - recompiling the module!
[INFO] Compiling 37 source files to /app/target/test-classes
[WARNING] /app/src/test/java/kex-tests/tests/com/hhimanshu/business/ReflectionUtils.java:[9,16] sun.misc.Unsafe is internal proprietary API and may be removed in a future release
[WARNING] /app/src/test/java/kex-tests/tests/com/hhimanshu/persistence/entities/ReflectionUtils.java:[9,16] sun.misc.Unsafe is internal proprietary API and may be removed in a future release
[WARNING] /app/src/test/java/kex-tests/tests/com/hhimanshu/ReflectionUtils.java:[9,16] sun.misc.Unsafe is internal proprietary API and may be removed in a future release
[WARNING] /app/src/test/java/kex-tests/tests/com/hhimanshu/business/ReflectionUtils.java:[13,25] sun.misc.Unsafe is internal proprietary API and may be removed in a future release
[WARNING] /app/src/test/java/kex-tests/tests/com/hhimanshu/business/ReflectionUtils.java:[17,31] sun.misc.Unsafe is internal proprietary API and may be removed in a future release
[WARNING] /app/src/test/java/kex-tests/tests/com/hhimanshu/business/ReflectionUtils.java:[19,23] sun.misc.Unsafe is internal proprietary API and may be removed in a future release
[WARNING] /app/src/test/java/kex-tests/tests/com/hhimanshu/persistence/entities/ReflectionUtils.java:[13,25] sun.misc.Unsafe is internal proprietary API and may be removed in a future release
[WARNING] /app/src/test/java/kex-tests/tests/com/hhimanshu/persistence/entities/ReflectionUtils.java:[17,31] sun.misc.Unsafe is internal proprietary API and may be removed in a future release
[WARNING] /app/src/test/java/kex-tests/tests/com/hhimanshu/persistence/entities/ReflectionUtils.java:[19,23] sun.misc.Unsafe is internal proprietary API and may be removed in a future release
[WARNING] /app/src/test/java/kex-tests/tests/com/hhimanshu/ReflectionUtils.java:[13,25] sun.misc.Unsafe is internal proprietary API and may be removed in a future release
[WARNING] /app/src/test/java/kex-tests/tests/com/hhimanshu/ReflectionUtils.java:[17,31] sun.misc.Unsafe is internal proprietary API and may be removed in a future release
[WARNING] /app/src/test/java/kex-tests/tests/com/hhimanshu/ReflectionUtils.java:[19,23] sun.misc.Unsafe is internal proprietary API and may be removed in a future release
[INFO] /app/src/test/java/kex-tests/tests/com/hhimanshu/persistence/entities/Book_getAuthor_5525417304.java: Some input files use or override a deprecated API.
[INFO] /app/src/test/java/kex-tests/tests/com/hhimanshu/persistence/entities/Book_getAuthor_5525417304.java: Recompile with -Xlint:deprecation for details.
[INFO] 
[INFO] --- maven-surefire-plugin:2.22.2:test (default-test) @ spring-boot-liquibase ---
[INFO] 
[INFO] -------------------------------------------------------
[INFO]  T E S T S
[INFO] -------------------------------------------------------
01:11:28.961 [main] DEBUG org.springframework.test.context.junit4.SpringJUnit4ClassRunner - SpringJUnit4ClassRunner constructor called with [class com.hhimanshu.business.AuthorsManagerTest]
01:11:28.967 [main] DEBUG org.springframework.test.context.BootstrapUtils - Instantiating CacheAwareContextLoaderDelegate from class [org.springframework.test.context.cache.DefaultCacheAwareContextLoaderDelegate]
01:11:28.988 [main] DEBUG org.springframework.test.context.BootstrapUtils - Instantiating BootstrapContext using constructor [public org.springframework.test.context.support.DefaultBootstrapContext(java.lang.Class,org.springframework.test.context.CacheAwareContextLoaderDelegate)]
01:11:29.038 [main] DEBUG org.springframework.test.context.BootstrapUtils - Instantiating TestContextBootstrapper for test class [com.hhimanshu.business.AuthorsManagerTest] from class [org.springframework.boot.test.context.SpringBootTestContextBootstrapper]
01:11:29.061 [main] INFO org.springframework.boot.test.context.SpringBootTestContextBootstrapper - Neither @ContextConfiguration nor @ContextHierarchy found for test class [com.hhimanshu.business.AuthorsManagerTest], using SpringBootContextLoader
01:11:29.067 [main] DEBUG org.springframework.test.context.support.AbstractContextLoader - Did not detect default resource location for test class [com.hhimanshu.business.AuthorsManagerTest]: class path resource [com/hhimanshu/business/AuthorsManagerTest-context.xml] does not exist
01:11:29.068 [main] DEBUG org.springframework.test.context.support.AbstractContextLoader - Did not detect default resource location for test class [com.hhimanshu.business.AuthorsManagerTest]: class path resource [com/hhimanshu/business/AuthorsManagerTestContext.groovy] does not exist
01:11:29.068 [main] INFO org.springframework.test.context.support.AbstractContextLoader - Could not detect default resource locations for test class [com.hhimanshu.business.AuthorsManagerTest]: no resource found for suffixes {-context.xml, Context.groovy}.
01:11:29.069 [main] INFO org.springframework.test.context.support.AnnotationConfigContextLoaderUtils - Could not detect default configuration classes for test class [com.hhimanshu.business.AuthorsManagerTest]: AuthorsManagerTest does not declare any static, non-private, non-final, nested classes annotated with @Configuration.
01:11:29.124 [main] DEBUG org.springframework.test.context.support.ActiveProfilesUtils - Could not find an 'annotation declaring class' for annotation type [org.springframework.test.context.ActiveProfiles] and class [com.hhimanshu.business.AuthorsManagerTest]
01:11:29.218 [main] DEBUG org.springframework.context.annotation.ClassPathScanningCandidateComponentProvider - Identified candidate component class: file [/app/target/classes/com/hhimanshu/SpringBootLiquibaseApplication.class]
01:11:29.219 [main] INFO org.springframework.boot.test.context.SpringBootTestContextBootstrapper - Found @SpringBootConfiguration com.hhimanshu.SpringBootLiquibaseApplication for test class com.hhimanshu.business.AuthorsManagerTest
01:11:29.331 [main] DEBUG org.springframework.boot.test.context.SpringBootTestContextBootstrapper - @TestExecutionListeners is not present for class [com.hhimanshu.business.AuthorsManagerTest]: using defaults.
01:11:29.332 [main] INFO org.springframework.boot.test.context.SpringBootTestContextBootstrapper - Loaded default TestExecutionListener class names from location [META-INF/spring.factories]: [org.springframework.boot.test.mock.mockito.MockitoTestExecutionListener, org.springframework.boot.test.mock.mockito.ResetMocksTestExecutionListener, org.springframework.boot.test.autoconfigure.restdocs.RestDocsTestExecutionListener, org.springframework.boot.test.autoconfigure.web.client.MockRestServiceServerResetTestExecutionListener, org.springframework.boot.test.autoconfigure.web.servlet.MockMvcPrintOnlyOnFailureTestExecutionListener, org.springframework.boot.test.autoconfigure.web.servlet.WebDriverTestExecutionListener, org.springframework.boot.test.autoconfigure.webservices.client.MockWebServiceServerTestExecutionListener, org.springframework.test.context.web.ServletTestExecutionListener, org.springframework.test.context.support.DirtiesContextBeforeModesTestExecutionListener, org.springframework.test.context.support.DependencyInjectionTestExecutionListener, org.springframework.test.context.support.DirtiesContextTestExecutionListener, org.springframework.test.context.transaction.TransactionalTestExecutionListener, org.springframework.test.context.jdbc.SqlScriptsTestExecutionListener, org.springframework.test.context.event.EventPublishingTestExecutionListener]
01:11:29.354 [main] INFO org.springframework.boot.test.context.SpringBootTestContextBootstrapper - Using TestExecutionListeners: [org.springframework.test.context.web.ServletTestExecutionListener@655909e2, org.springframework.test.context.support.DirtiesContextBeforeModesTestExecutionListener@716ae973, org.springframework.boot.test.mock.mockito.MockitoTestExecutionListener@1171ba7e, org.springframework.boot.test.autoconfigure.SpringBootDependencyInjectionTestExecutionListener@56872fcb, org.springframework.test.context.support.DirtiesContextTestExecutionListener@7b3c2ae0, org.springframework.test.context.transaction.TransactionalTestExecutionListener@5d3b6585, org.springframework.test.context.jdbc.SqlScriptsTestExecutionListener@41059616, org.springframework.test.context.event.EventPublishingTestExecutionListener@2e93108a, org.springframework.boot.test.mock.mockito.ResetMocksTestExecutionListener@34e25492, org.springframework.boot.test.autoconfigure.restdocs.RestDocsTestExecutionListener@32f308c6, org.springframework.boot.test.autoconfigure.web.client.MockRestServiceServerResetTestExecutionListener@5f2b9da8, org.springframework.boot.test.autoconfigure.web.servlet.MockMvcPrintOnlyOnFailureTestExecutionListener@698ac187, org.springframework.boot.test.autoconfigure.web.servlet.WebDriverTestExecutionListener@4fea5ee0, org.springframework.boot.test.autoconfigure.webservices.client.MockWebServiceServerTestExecutionListener@65f5cae3]
01:11:29.356 [main] DEBUG org.springframework.test.annotation.ProfileValueUtils - Retrieved @ProfileValueSourceConfiguration [null] for test class [com.hhimanshu.business.AuthorsManagerTest]
01:11:29.357 [main] DEBUG org.springframework.test.annotation.ProfileValueUtils - Retrieved ProfileValueSource type [class org.springframework.test.annotation.SystemProfileValueSource] for class [com.hhimanshu.business.AuthorsManagerTest]
01:11:29.357 [main] DEBUG org.springframework.test.annotation.ProfileValueUtils - Retrieved @ProfileValueSourceConfiguration [null] for test class [com.hhimanshu.business.AuthorsManagerTest]
01:11:29.357 [main] DEBUG org.springframework.test.annotation.ProfileValueUtils - Retrieved ProfileValueSource type [class org.springframework.test.annotation.SystemProfileValueSource] for class [com.hhimanshu.business.AuthorsManagerTest]
01:11:29.357 [main] DEBUG org.springframework.test.annotation.ProfileValueUtils - Retrieved @ProfileValueSourceConfiguration [null] for test class [com.hhimanshu.business.AuthorsManagerTest]
01:11:29.357 [main] DEBUG org.springframework.test.annotation.ProfileValueUtils - Retrieved ProfileValueSource type [class org.springframework.test.annotation.SystemProfileValueSource] for class [com.hhimanshu.business.AuthorsManagerTest]
01:11:29.360 [main] DEBUG org.springframework.test.context.junit4.SpringJUnit4ClassRunner - SpringJUnit4ClassRunner constructor called with [class com.hhimanshu.business.BooksManagerTest]
01:11:29.360 [main] DEBUG org.springframework.test.context.BootstrapUtils - Instantiating CacheAwareContextLoaderDelegate from class [org.springframework.test.context.cache.DefaultCacheAwareContextLoaderDelegate]
01:11:29.360 [main] DEBUG org.springframework.test.context.BootstrapUtils - Instantiating BootstrapContext using constructor [public org.springframework.test.context.support.DefaultBootstrapContext(java.lang.Class,org.springframework.test.context.CacheAwareContextLoaderDelegate)]
01:11:29.360 [main] DEBUG org.springframework.test.context.BootstrapUtils - Instantiating TestContextBootstrapper for test class [com.hhimanshu.business.BooksManagerTest] from class [org.springframework.boot.test.context.SpringBootTestContextBootstrapper]
01:11:29.361 [main] INFO org.springframework.boot.test.context.SpringBootTestContextBootstrapper - Neither @ContextConfiguration nor @ContextHierarchy found for test class [com.hhimanshu.business.BooksManagerTest], using SpringBootContextLoader
01:11:29.362 [main] DEBUG org.springframework.test.context.support.AbstractContextLoader - Did not detect default resource location for test class [com.hhimanshu.business.BooksManagerTest]: class path resource [com/hhimanshu/business/BooksManagerTest-context.xml] does not exist
01:11:29.362 [main] DEBUG org.springframework.test.context.support.AbstractContextLoader - Did not detect default resource location for test class [com.hhimanshu.business.BooksManagerTest]: class path resource [com/hhimanshu/business/BooksManagerTestContext.groovy] does not exist
01:11:29.362 [main] INFO org.springframework.test.context.support.AbstractContextLoader - Could not detect default resource locations for test class [com.hhimanshu.business.BooksManagerTest]: no resource found for suffixes {-context.xml, Context.groovy}.
01:11:29.362 [main] INFO org.springframework.test.context.support.AnnotationConfigContextLoaderUtils - Could not detect default configuration classes for test class [com.hhimanshu.business.BooksManagerTest]: BooksManagerTest does not declare any static, non-private, non-final, nested classes annotated with @Configuration.
01:11:29.364 [main] DEBUG org.springframework.test.context.support.ActiveProfilesUtils - Could not find an 'annotation declaring class' for annotation type [org.springframework.test.context.ActiveProfiles] and class [com.hhimanshu.business.BooksManagerTest]
01:11:29.364 [main] INFO org.springframework.boot.test.context.SpringBootTestContextBootstrapper - Found @SpringBootConfiguration com.hhimanshu.SpringBootLiquibaseApplication for test class com.hhimanshu.business.BooksManagerTest
01:11:29.366 [main] DEBUG org.springframework.boot.test.context.SpringBootTestContextBootstrapper - @TestExecutionListeners is not present for class [com.hhimanshu.business.BooksManagerTest]: using defaults.
01:11:29.366 [main] INFO org.springframework.boot.test.context.SpringBootTestContextBootstrapper - Loaded default TestExecutionListener class names from location [META-INF/spring.factories]: [org.springframework.boot.test.mock.mockito.MockitoTestExecutionListener, org.springframework.boot.test.mock.mockito.ResetMocksTestExecutionListener, org.springframework.boot.test.autoconfigure.restdocs.RestDocsTestExecutionListener, org.springframework.boot.test.autoconfigure.web.client.MockRestServiceServerResetTestExecutionListener, org.springframework.boot.test.autoconfigure.web.servlet.MockMvcPrintOnlyOnFailureTestExecutionListener, org.springframework.boot.test.autoconfigure.web.servlet.WebDriverTestExecutionListener, org.springframework.boot.test.autoconfigure.webservices.client.MockWebServiceServerTestExecutionListener, org.springframework.test.context.web.ServletTestExecutionListener, org.springframework.test.context.support.DirtiesContextBeforeModesTestExecutionListener, org.springframework.test.context.support.DependencyInjectionTestExecutionListener, org.springframework.test.context.support.DirtiesContextTestExecutionListener, org.springframework.test.context.transaction.TransactionalTestExecutionListener, org.springframework.test.context.jdbc.SqlScriptsTestExecutionListener, org.springframework.test.context.event.EventPublishingTestExecutionListener]
01:11:29.366 [main] INFO org.springframework.boot.test.context.SpringBootTestContextBootstrapper - Using TestExecutionListeners: [org.springframework.test.context.web.ServletTestExecutionListener@523abba9, org.springframework.test.context.support.DirtiesContextBeforeModesTestExecutionListener@6e090aaa, org.springframework.boot.test.mock.mockito.MockitoTestExecutionListener@15d79b70, org.springframework.boot.test.autoconfigure.SpringBootDependencyInjectionTestExecutionListener@33430fc, org.springframework.test.context.support.DirtiesContextTestExecutionListener@45424c0, org.springframework.test.context.transaction.TransactionalTestExecutionListener@22ae32ba, org.springframework.test.context.jdbc.SqlScriptsTestExecutionListener@b8b2184, org.springframework.test.context.event.EventPublishingTestExecutionListener@299a43d9, org.springframework.boot.test.mock.mockito.ResetMocksTestExecutionListener@ccd000e, org.springframework.boot.test.autoconfigure.restdocs.RestDocsTestExecutionListener@5fa5c8cf, org.springframework.boot.test.autoconfigure.web.client.MockRestServiceServerResetTestExecutionListener@d7055be, org.springframework.boot.test.autoconfigure.web.servlet.MockMvcPrintOnlyOnFailureTestExecutionListener@768f4b42, org.springframework.boot.test.autoconfigure.web.servlet.WebDriverTestExecutionListener@12a6e8ed, org.springframework.boot.test.autoconfigure.webservices.client.MockWebServiceServerTestExecutionListener@63b4b9c6]
01:11:29.366 [main] DEBUG org.springframework.test.annotation.ProfileValueUtils - Retrieved @ProfileValueSourceConfiguration [null] for test class [com.hhimanshu.business.BooksManagerTest]
01:11:29.366 [main] DEBUG org.springframework.test.annotation.ProfileValueUtils - Retrieved ProfileValueSource type [class org.springframework.test.annotation.SystemProfileValueSource] for class [com.hhimanshu.business.BooksManagerTest]
01:11:29.367 [main] DEBUG org.springframework.test.annotation.ProfileValueUtils - Retrieved @ProfileValueSourceConfiguration [null] for test class [com.hhimanshu.business.BooksManagerTest]
01:11:29.367 [main] DEBUG org.springframework.test.annotation.ProfileValueUtils - Retrieved ProfileValueSource type [class org.springframework.test.annotation.SystemProfileValueSource] for class [com.hhimanshu.business.BooksManagerTest]
01:11:29.367 [main] DEBUG org.springframework.test.annotation.ProfileValueUtils - Retrieved @ProfileValueSourceConfiguration [null] for test class [com.hhimanshu.business.BooksManagerTest]
01:11:29.367 [main] DEBUG org.springframework.test.annotation.ProfileValueUtils - Retrieved ProfileValueSource type [class org.springframework.test.annotation.SystemProfileValueSource] for class [com.hhimanshu.business.BooksManagerTest]
01:11:29.369 [main] DEBUG org.springframework.test.context.junit4.SpringJUnit4ClassRunner - SpringJUnit4ClassRunner constructor called with [class com.hhimanshu.SpringBootLiquibaseApplicationTests]
01:11:29.369 [main] DEBUG org.springframework.test.context.BootstrapUtils - Instantiating CacheAwareContextLoaderDelegate from class [org.springframework.test.context.cache.DefaultCacheAwareContextLoaderDelegate]
01:11:29.369 [main] DEBUG org.springframework.test.context.BootstrapUtils - Instantiating BootstrapContext using constructor [public org.springframework.test.context.support.DefaultBootstrapContext(java.lang.Class,org.springframework.test.context.CacheAwareContextLoaderDelegate)]
01:11:29.369 [main] DEBUG org.springframework.test.context.BootstrapUtils - Instantiating TestContextBootstrapper for test class [com.hhimanshu.SpringBootLiquibaseApplicationTests] from class [org.springframework.boot.test.context.SpringBootTestContextBootstrapper]
01:11:29.370 [main] INFO org.springframework.boot.test.context.SpringBootTestContextBootstrapper - Neither @ContextConfiguration nor @ContextHierarchy found for test class [com.hhimanshu.SpringBootLiquibaseApplicationTests], using SpringBootContextLoader
01:11:29.371 [main] DEBUG org.springframework.test.context.support.AbstractContextLoader - Did not detect default resource location for test class [com.hhimanshu.SpringBootLiquibaseApplicationTests]: class path resource [com/hhimanshu/SpringBootLiquibaseApplicationTests-context.xml] does not exist
01:11:29.371 [main] DEBUG org.springframework.test.context.support.AbstractContextLoader - Did not detect default resource location for test class [com.hhimanshu.SpringBootLiquibaseApplicationTests]: class path resource [com/hhimanshu/SpringBootLiquibaseApplicationTestsContext.groovy] does not exist
01:11:29.371 [main] INFO org.springframework.test.context.support.AbstractContextLoader - Could not detect default resource locations for test class [com.hhimanshu.SpringBootLiquibaseApplicationTests]: no resource found for suffixes {-context.xml, Context.groovy}.
01:11:29.371 [main] INFO org.springframework.test.context.support.AnnotationConfigContextLoaderUtils - Could not detect default configuration classes for test class [com.hhimanshu.SpringBootLiquibaseApplicationTests]: SpringBootLiquibaseApplicationTests does not declare any static, non-private, non-final, nested classes annotated with @Configuration.
01:11:29.372 [main] DEBUG org.springframework.test.context.support.ActiveProfilesUtils - Could not find an 'annotation declaring class' for annotation type [org.springframework.test.context.ActiveProfiles] and class [com.hhimanshu.SpringBootLiquibaseApplicationTests]
01:11:29.376 [main] DEBUG org.springframework.context.annotation.ClassPathScanningCandidateComponentProvider - Identified candidate component class: file [/app/target/classes/com/hhimanshu/SpringBootLiquibaseApplication.class]
01:11:29.376 [main] INFO org.springframework.boot.test.context.SpringBootTestContextBootstrapper - Found @SpringBootConfiguration com.hhimanshu.SpringBootLiquibaseApplication for test class com.hhimanshu.SpringBootLiquibaseApplicationTests
01:11:29.378 [main] DEBUG org.springframework.boot.test.context.SpringBootTestContextBootstrapper - @TestExecutionListeners is not present for class [com.hhimanshu.SpringBootLiquibaseApplicationTests]: using defaults.
01:11:29.378 [main] INFO org.springframework.boot.test.context.SpringBootTestContextBootstrapper - Loaded default TestExecutionListener class names from location [META-INF/spring.factories]: [org.springframework.boot.test.mock.mockito.MockitoTestExecutionListener, org.springframework.boot.test.mock.mockito.ResetMocksTestExecutionListener, org.springframework.boot.test.autoconfigure.restdocs.RestDocsTestExecutionListener, org.springframework.boot.test.autoconfigure.web.client.MockRestServiceServerResetTestExecutionListener, org.springframework.boot.test.autoconfigure.web.servlet.MockMvcPrintOnlyOnFailureTestExecutionListener, org.springframework.boot.test.autoconfigure.web.servlet.WebDriverTestExecutionListener, org.springframework.boot.test.autoconfigure.webservices.client.MockWebServiceServerTestExecutionListener, org.springframework.test.context.web.ServletTestExecutionListener, org.springframework.test.context.support.DirtiesContextBeforeModesTestExecutionListener, org.springframework.test.context.support.DependencyInjectionTestExecutionListener, org.springframework.test.context.support.DirtiesContextTestExecutionListener, org.springframework.test.context.transaction.TransactionalTestExecutionListener, org.springframework.test.context.jdbc.SqlScriptsTestExecutionListener, org.springframework.test.context.event.EventPublishingTestExecutionListener]
01:11:29.378 [main] INFO org.springframework.boot.test.context.SpringBootTestContextBootstrapper - Using TestExecutionListeners: [org.springframework.test.context.web.ServletTestExecutionListener@5996d6f2, org.springframework.test.context.support.DirtiesContextBeforeModesTestExecutionListener@43423d40, org.springframework.boot.test.mock.mockito.MockitoTestExecutionListener@5f3f57ff, org.springframework.boot.test.autoconfigure.SpringBootDependencyInjectionTestExecutionListener@6200b644, org.springframework.test.context.support.DirtiesContextTestExecutionListener@d4ecdb0, org.springframework.test.context.transaction.TransactionalTestExecutionListener@5fb44964, org.springframework.test.context.jdbc.SqlScriptsTestExecutionListener@7a117dc2, org.springframework.test.context.event.EventPublishingTestExecutionListener@1d444652, org.springframework.boot.test.mock.mockito.ResetMocksTestExecutionListener@669c2b07, org.springframework.boot.test.autoconfigure.restdocs.RestDocsTestExecutionListener@1b1ea1d9, org.springframework.boot.test.autoconfigure.web.client.MockRestServiceServerResetTestExecutionListener@6a902015, org.springframework.boot.test.autoconfigure.web.servlet.MockMvcPrintOnlyOnFailureTestExecutionListener@55d99dc3, org.springframework.boot.test.autoconfigure.web.servlet.WebDriverTestExecutionListener@521a506c, org.springframework.boot.test.autoconfigure.webservices.client.MockWebServiceServerTestExecutionListener@3c64339f]
01:11:29.378 [main] DEBUG org.springframework.test.annotation.ProfileValueUtils - Retrieved @ProfileValueSourceConfiguration [null] for test class [com.hhimanshu.SpringBootLiquibaseApplicationTests]
01:11:29.378 [main] DEBUG org.springframework.test.annotation.ProfileValueUtils - Retrieved ProfileValueSource type [class org.springframework.test.annotation.SystemProfileValueSource] for class [com.hhimanshu.SpringBootLiquibaseApplicationTests]
01:11:29.379 [main] DEBUG org.springframework.test.annotation.ProfileValueUtils - Retrieved @ProfileValueSourceConfiguration [null] for test class [com.hhimanshu.SpringBootLiquibaseApplicationTests]
01:11:29.379 [main] DEBUG org.springframework.test.annotation.ProfileValueUtils - Retrieved ProfileValueSource type [class org.springframework.test.annotation.SystemProfileValueSource] for class [com.hhimanshu.SpringBootLiquibaseApplicationTests]
01:11:29.379 [main] DEBUG org.springframework.test.annotation.ProfileValueUtils - Retrieved @ProfileValueSourceConfiguration [null] for test class [com.hhimanshu.SpringBootLiquibaseApplicationTests]
01:11:29.379 [main] DEBUG org.springframework.test.annotation.ProfileValueUtils - Retrieved ProfileValueSource type [class org.springframework.test.annotation.SystemProfileValueSource] for class [com.hhimanshu.SpringBootLiquibaseApplicationTests]
01:11:29.427 [main] DEBUG org.springframework.test.context.junit4.SpringJUnit4ClassRunner - SpringJUnit4ClassRunner constructor called with [class com.hhimanshu.business.AuthorsManagerTest]
01:11:29.428 [main] DEBUG org.springframework.test.context.BootstrapUtils - Instantiating CacheAwareContextLoaderDelegate from class [org.springframework.test.context.cache.DefaultCacheAwareContextLoaderDelegate]
01:11:29.428 [main] DEBUG org.springframework.test.context.BootstrapUtils - Instantiating BootstrapContext using constructor [public org.springframework.test.context.support.DefaultBootstrapContext(java.lang.Class,org.springframework.test.context.CacheAwareContextLoaderDelegate)]
01:11:29.428 [main] DEBUG org.springframework.test.context.BootstrapUtils - Instantiating TestContextBootstrapper for test class [com.hhimanshu.business.AuthorsManagerTest] from class [org.springframework.boot.test.context.SpringBootTestContextBootstrapper]
01:11:29.428 [main] INFO org.springframework.boot.test.context.SpringBootTestContextBootstrapper - Neither @ContextConfiguration nor @ContextHierarchy found for test class [com.hhimanshu.business.AuthorsManagerTest], using SpringBootContextLoader
01:11:29.429 [main] DEBUG org.springframework.test.context.support.AbstractContextLoader - Did not detect default resource location for test class [com.hhimanshu.business.AuthorsManagerTest]: class path resource [com/hhimanshu/business/AuthorsManagerTest-context.xml] does not exist
01:11:29.429 [main] DEBUG org.springframework.test.context.support.AbstractContextLoader - Did not detect default resource location for test class [com.hhimanshu.business.AuthorsManagerTest]: class path resource [com/hhimanshu/business/AuthorsManagerTestContext.groovy] does not exist
01:11:29.429 [main] INFO org.springframework.test.context.support.AbstractContextLoader - Could not detect default resource locations for test class [com.hhimanshu.business.AuthorsManagerTest]: no resource found for suffixes {-context.xml, Context.groovy}.
01:11:29.429 [main] INFO org.springframework.test.context.support.AnnotationConfigContextLoaderUtils - Could not detect default configuration classes for test class [com.hhimanshu.business.AuthorsManagerTest]: AuthorsManagerTest does not declare any static, non-private, non-final, nested classes annotated with @Configuration.
01:11:29.430 [main] DEBUG org.springframework.test.context.support.ActiveProfilesUtils - Could not find an 'annotation declaring class' for annotation type [org.springframework.test.context.ActiveProfiles] and class [com.hhimanshu.business.AuthorsManagerTest]
01:11:29.431 [main] INFO org.springframework.boot.test.context.SpringBootTestContextBootstrapper - Found @SpringBootConfiguration com.hhimanshu.SpringBootLiquibaseApplication for test class com.hhimanshu.business.AuthorsManagerTest
01:11:29.432 [main] DEBUG org.springframework.boot.test.context.SpringBootTestContextBootstrapper - @TestExecutionListeners is not present for class [com.hhimanshu.business.AuthorsManagerTest]: using defaults.
01:11:29.432 [main] INFO org.springframework.boot.test.context.SpringBootTestContextBootstrapper - Loaded default TestExecutionListener class names from location [META-INF/spring.factories]: [org.springframework.boot.test.mock.mockito.MockitoTestExecutionListener, org.springframework.boot.test.mock.mockito.ResetMocksTestExecutionListener, org.springframework.boot.test.autoconfigure.restdocs.RestDocsTestExecutionListener, org.springframework.boot.test.autoconfigure.web.client.MockRestServiceServerResetTestExecutionListener, org.springframework.boot.test.autoconfigure.web.servlet.MockMvcPrintOnlyOnFailureTestExecutionListener, org.springframework.boot.test.autoconfigure.web.servlet.WebDriverTestExecutionListener, org.springframework.boot.test.autoconfigure.webservices.client.MockWebServiceServerTestExecutionListener, org.springframework.test.context.web.ServletTestExecutionListener, org.springframework.test.context.support.DirtiesContextBeforeModesTestExecutionListener, org.springframework.test.context.support.DependencyInjectionTestExecutionListener, org.springframework.test.context.support.DirtiesContextTestExecutionListener, org.springframework.test.context.transaction.TransactionalTestExecutionListener, org.springframework.test.context.jdbc.SqlScriptsTestExecutionListener, org.springframework.test.context.event.EventPublishingTestExecutionListener]
01:11:29.433 [main] INFO org.springframework.boot.test.context.SpringBootTestContextBootstrapper - Using TestExecutionListeners: [org.springframework.test.context.web.ServletTestExecutionListener@24b3f778, org.springframework.test.context.support.DirtiesContextBeforeModesTestExecutionListener@164dea80, org.springframework.boot.test.mock.mockito.MockitoTestExecutionListener@4392362c, org.springframework.boot.test.autoconfigure.SpringBootDependencyInjectionTestExecutionListener@338a4c61, org.springframework.test.context.support.DirtiesContextTestExecutionListener@839755f, org.springframework.test.context.transaction.TransactionalTestExecutionListener@71d99732, org.springframework.test.context.jdbc.SqlScriptsTestExecutionListener@2328ec73, org.springframework.test.context.event.EventPublishingTestExecutionListener@42a05533, org.springframework.boot.test.mock.mockito.ResetMocksTestExecutionListener@17053b5, org.springframework.boot.test.autoconfigure.restdocs.RestDocsTestExecutionListener@3cad24ae, org.springframework.boot.test.autoconfigure.web.client.MockRestServiceServerResetTestExecutionListener@58021c3c, org.springframework.boot.test.autoconfigure.web.servlet.MockMvcPrintOnlyOnFailureTestExecutionListener@18cbc3c2, org.springframework.boot.test.autoconfigure.web.servlet.WebDriverTestExecutionListener@1b25d695, org.springframework.boot.test.autoconfigure.webservices.client.MockWebServiceServerTestExecutionListener@4ef8090b]
01:11:29.433 [main] DEBUG org.springframework.test.annotation.ProfileValueUtils - Retrieved @ProfileValueSourceConfiguration [null] for test class [com.hhimanshu.business.AuthorsManagerTest]
01:11:29.433 [main] DEBUG org.springframework.test.annotation.ProfileValueUtils - Retrieved ProfileValueSource type [class org.springframework.test.annotation.SystemProfileValueSource] for class [com.hhimanshu.business.AuthorsManagerTest]
01:11:29.433 [main] DEBUG org.springframework.test.annotation.ProfileValueUtils - Retrieved @ProfileValueSourceConfiguration [null] for test class [com.hhimanshu.business.AuthorsManagerTest]
01:11:29.433 [main] DEBUG org.springframework.test.annotation.ProfileValueUtils - Retrieved ProfileValueSource type [class org.springframework.test.annotation.SystemProfileValueSource] for class [com.hhimanshu.business.AuthorsManagerTest]
01:11:29.433 [main] DEBUG org.springframework.test.annotation.ProfileValueUtils - Retrieved @ProfileValueSourceConfiguration [null] for test class [com.hhimanshu.business.AuthorsManagerTest]
01:11:29.433 [main] DEBUG org.springframework.test.annotation.ProfileValueUtils - Retrieved ProfileValueSource type [class org.springframework.test.annotation.SystemProfileValueSource] for class [com.hhimanshu.business.AuthorsManagerTest]
01:11:29.434 [main] DEBUG org.springframework.test.context.junit4.SpringJUnit4ClassRunner - SpringJUnit4ClassRunner constructor called with [class com.hhimanshu.business.BooksManagerTest]
01:11:29.434 [main] DEBUG org.springframework.test.context.BootstrapUtils - Instantiating CacheAwareContextLoaderDelegate from class [org.springframework.test.context.cache.DefaultCacheAwareContextLoaderDelegate]
01:11:29.434 [main] DEBUG org.springframework.test.context.BootstrapUtils - Instantiating BootstrapContext using constructor [public org.springframework.test.context.support.DefaultBootstrapContext(java.lang.Class,org.springframework.test.context.CacheAwareContextLoaderDelegate)]
01:11:29.434 [main] DEBUG org.springframework.test.context.BootstrapUtils - Instantiating TestContextBootstrapper for test class [com.hhimanshu.business.BooksManagerTest] from class [org.springframework.boot.test.context.SpringBootTestContextBootstrapper]
01:11:29.435 [main] INFO org.springframework.boot.test.context.SpringBootTestContextBootstrapper - Neither @ContextConfiguration nor @ContextHierarchy found for test class [com.hhimanshu.business.BooksManagerTest], using SpringBootContextLoader
01:11:29.435 [main] DEBUG org.springframework.test.context.support.AbstractContextLoader - Did not detect default resource location for test class [com.hhimanshu.business.BooksManagerTest]: class path resource [com/hhimanshu/business/BooksManagerTest-context.xml] does not exist
01:11:29.435 [main] DEBUG org.springframework.test.context.support.AbstractContextLoader - Did not detect default resource location for test class [com.hhimanshu.business.BooksManagerTest]: class path resource [com/hhimanshu/business/BooksManagerTestContext.groovy] does not exist
01:11:29.435 [main] INFO org.springframework.test.context.support.AbstractContextLoader - Could not detect default resource locations for test class [com.hhimanshu.business.BooksManagerTest]: no resource found for suffixes {-context.xml, Context.groovy}.
01:11:29.435 [main] INFO org.springframework.test.context.support.AnnotationConfigContextLoaderUtils - Could not detect default configuration classes for test class [com.hhimanshu.business.BooksManagerTest]: BooksManagerTest does not declare any static, non-private, non-final, nested classes annotated with @Configuration.
01:11:29.436 [main] DEBUG org.springframework.test.context.support.ActiveProfilesUtils - Could not find an 'annotation declaring class' for annotation type [org.springframework.test.context.ActiveProfiles] and class [com.hhimanshu.business.BooksManagerTest]
01:11:29.437 [main] INFO org.springframework.boot.test.context.SpringBootTestContextBootstrapper - Found @SpringBootConfiguration com.hhimanshu.SpringBootLiquibaseApplication for test class com.hhimanshu.business.BooksManagerTest
01:11:29.438 [main] DEBUG org.springframework.boot.test.context.SpringBootTestContextBootstrapper - @TestExecutionListeners is not present for class [com.hhimanshu.business.BooksManagerTest]: using defaults.
01:11:29.438 [main] INFO org.springframework.boot.test.context.SpringBootTestContextBootstrapper - Loaded default TestExecutionListener class names from location [META-INF/spring.factories]: [org.springframework.boot.test.mock.mockito.MockitoTestExecutionListener, org.springframework.boot.test.mock.mockito.ResetMocksTestExecutionListener, org.springframework.boot.test.autoconfigure.restdocs.RestDocsTestExecutionListener, org.springframework.boot.test.autoconfigure.web.client.MockRestServiceServerResetTestExecutionListener, org.springframework.boot.test.autoconfigure.web.servlet.MockMvcPrintOnlyOnFailureTestExecutionListener, org.springframework.boot.test.autoconfigure.web.servlet.WebDriverTestExecutionListener, org.springframework.boot.test.autoconfigure.webservices.client.MockWebServiceServerTestExecutionListener, org.springframework.test.context.web.ServletTestExecutionListener, org.springframework.test.context.support.DirtiesContextBeforeModesTestExecutionListener, org.springframework.test.context.support.DependencyInjectionTestExecutionListener, org.springframework.test.context.support.DirtiesContextTestExecutionListener, org.springframework.test.context.transaction.TransactionalTestExecutionListener, org.springframework.test.context.jdbc.SqlScriptsTestExecutionListener, org.springframework.test.context.event.EventPublishingTestExecutionListener]
01:11:29.439 [main] INFO org.springframework.boot.test.context.SpringBootTestContextBootstrapper - Using TestExecutionListeners: [org.springframework.test.context.web.ServletTestExecutionListener@404009df, org.springframework.test.context.support.DirtiesContextBeforeModesTestExecutionListener@75e4fe3c, org.springframework.boot.test.mock.mockito.MockitoTestExecutionListener@7bda01da, org.springframework.boot.test.autoconfigure.SpringBootDependencyInjectionTestExecutionListener@65ef9a0a, org.springframework.test.context.support.DirtiesContextTestExecutionListener@25216999, org.springframework.test.context.transaction.TransactionalTestExecutionListener@77e6761f, org.springframework.test.context.jdbc.SqlScriptsTestExecutionListener@5c997de8, org.springframework.test.context.event.EventPublishingTestExecutionListener@45bf93bb, org.springframework.boot.test.mock.mockito.ResetMocksTestExecutionListener@6b7c4734, org.springframework.boot.test.autoconfigure.restdocs.RestDocsTestExecutionListener@2f6e92ca, org.springframework.boot.test.autoconfigure.web.client.MockRestServiceServerResetTestExecutionListener@380fdcf2, org.springframework.boot.test.autoconfigure.web.servlet.MockMvcPrintOnlyOnFailureTestExecutionListener@114b203, org.springframework.boot.test.autoconfigure.web.servlet.WebDriverTestExecutionListener@8d810f2, org.springframework.boot.test.autoconfigure.webservices.client.MockWebServiceServerTestExecutionListener@537b3be1]
01:11:29.439 [main] DEBUG org.springframework.test.annotation.ProfileValueUtils - Retrieved @ProfileValueSourceConfiguration [null] for test class [com.hhimanshu.business.BooksManagerTest]
01:11:29.439 [main] DEBUG org.springframework.test.annotation.ProfileValueUtils - Retrieved ProfileValueSource type [class org.springframework.test.annotation.SystemProfileValueSource] for class [com.hhimanshu.business.BooksManagerTest]
01:11:29.439 [main] DEBUG org.springframework.test.annotation.ProfileValueUtils - Retrieved @ProfileValueSourceConfiguration [null] for test class [com.hhimanshu.business.BooksManagerTest]
01:11:29.439 [main] DEBUG org.springframework.test.annotation.ProfileValueUtils - Retrieved ProfileValueSource type [class org.springframework.test.annotation.SystemProfileValueSource] for class [com.hhimanshu.business.BooksManagerTest]
01:11:29.439 [main] DEBUG org.springframework.test.annotation.ProfileValueUtils - Retrieved @ProfileValueSourceConfiguration [null] for test class [com.hhimanshu.business.BooksManagerTest]
01:11:29.439 [main] DEBUG org.springframework.test.annotation.ProfileValueUtils - Retrieved ProfileValueSource type [class org.springframework.test.annotation.SystemProfileValueSource] for class [com.hhimanshu.business.BooksManagerTest]
01:11:29.440 [main] DEBUG org.springframework.test.context.junit4.SpringJUnit4ClassRunner - SpringJUnit4ClassRunner constructor called with [class com.hhimanshu.SpringBootLiquibaseApplicationTests]
01:11:29.440 [main] DEBUG org.springframework.test.context.BootstrapUtils - Instantiating CacheAwareContextLoaderDelegate from class [org.springframework.test.context.cache.DefaultCacheAwareContextLoaderDelegate]
01:11:29.440 [main] DEBUG org.springframework.test.context.BootstrapUtils - Instantiating BootstrapContext using constructor [public org.springframework.test.context.support.DefaultBootstrapContext(java.lang.Class,org.springframework.test.context.CacheAwareContextLoaderDelegate)]
01:11:29.441 [main] DEBUG org.springframework.test.context.BootstrapUtils - Instantiating TestContextBootstrapper for test class [com.hhimanshu.SpringBootLiquibaseApplicationTests] from class [org.springframework.boot.test.context.SpringBootTestContextBootstrapper]
01:11:29.441 [main] INFO org.springframework.boot.test.context.SpringBootTestContextBootstrapper - Neither @ContextConfiguration nor @ContextHierarchy found for test class [com.hhimanshu.SpringBootLiquibaseApplicationTests], using SpringBootContextLoader
01:11:29.442 [main] DEBUG org.springframework.test.context.support.AbstractContextLoader - Did not detect default resource location for test class [com.hhimanshu.SpringBootLiquibaseApplicationTests]: class path resource [com/hhimanshu/SpringBootLiquibaseApplicationTests-context.xml] does not exist
01:11:29.442 [main] DEBUG org.springframework.test.context.support.AbstractContextLoader - Did not detect default resource location for test class [com.hhimanshu.SpringBootLiquibaseApplicationTests]: class path resource [com/hhimanshu/SpringBootLiquibaseApplicationTestsContext.groovy] does not exist
01:11:29.442 [main] INFO org.springframework.test.context.support.AbstractContextLoader - Could not detect default resource locations for test class [com.hhimanshu.SpringBootLiquibaseApplicationTests]: no resource found for suffixes {-context.xml, Context.groovy}.
01:11:29.442 [main] INFO org.springframework.test.context.support.AnnotationConfigContextLoaderUtils - Could not detect default configuration classes for test class [com.hhimanshu.SpringBootLiquibaseApplicationTests]: SpringBootLiquibaseApplicationTests does not declare any static, non-private, non-final, nested classes annotated with @Configuration.
01:11:29.444 [main] DEBUG org.springframework.test.context.support.ActiveProfilesUtils - Could not find an 'annotation declaring class' for annotation type [org.springframework.test.context.ActiveProfiles] and class [com.hhimanshu.SpringBootLiquibaseApplicationTests]
01:11:29.444 [main] INFO org.springframework.boot.test.context.SpringBootTestContextBootstrapper - Found @SpringBootConfiguration com.hhimanshu.SpringBootLiquibaseApplication for test class com.hhimanshu.SpringBootLiquibaseApplicationTests
01:11:29.445 [main] DEBUG org.springframework.boot.test.context.SpringBootTestContextBootstrapper - @TestExecutionListeners is not present for class [com.hhimanshu.SpringBootLiquibaseApplicationTests]: using defaults.
01:11:29.445 [main] INFO org.springframework.boot.test.context.SpringBootTestContextBootstrapper - Loaded default TestExecutionListener class names from location [META-INF/spring.factories]: [org.springframework.boot.test.mock.mockito.MockitoTestExecutionListener, org.springframework.boot.test.mock.mockito.ResetMocksTestExecutionListener, org.springframework.boot.test.autoconfigure.restdocs.RestDocsTestExecutionListener, org.springframework.boot.test.autoconfigure.web.client.MockRestServiceServerResetTestExecutionListener, org.springframework.boot.test.autoconfigure.web.servlet.MockMvcPrintOnlyOnFailureTestExecutionListener, org.springframework.boot.test.autoconfigure.web.servlet.WebDriverTestExecutionListener, org.springframework.boot.test.autoconfigure.webservices.client.MockWebServiceServerTestExecutionListener, org.springframework.test.context.web.ServletTestExecutionListener, org.springframework.test.context.support.DirtiesContextBeforeModesTestExecutionListener, org.springframework.test.context.support.DependencyInjectionTestExecutionListener, org.springframework.test.context.support.DirtiesContextTestExecutionListener, org.springframework.test.context.transaction.TransactionalTestExecutionListener, org.springframework.test.context.jdbc.SqlScriptsTestExecutionListener, org.springframework.test.context.event.EventPublishingTestExecutionListener]
01:11:29.445 [main] INFO org.springframework.boot.test.context.SpringBootTestContextBootstrapper - Using TestExecutionListeners: [org.springframework.test.context.web.ServletTestExecutionListener@15d58530, org.springframework.test.context.support.DirtiesContextBeforeModesTestExecutionListener@31f5b923, org.springframework.boot.test.mock.mockito.MockitoTestExecutionListener@79e2606f, org.springframework.boot.test.autoconfigure.SpringBootDependencyInjectionTestExecutionListener@734cf881, org.springframework.test.context.support.DirtiesContextTestExecutionListener@4a890fdd, org.springframework.test.context.transaction.TransactionalTestExecutionListener@56299b0e, org.springframework.test.context.jdbc.SqlScriptsTestExecutionListener@3ca278bc, org.springframework.test.context.event.EventPublishingTestExecutionListener@283e1759, org.springframework.boot.test.mock.mockito.ResetMocksTestExecutionListener@2acb1264, org.springframework.boot.test.autoconfigure.restdocs.RestDocsTestExecutionListener@30a01dd8, org.springframework.boot.test.autoconfigure.web.client.MockRestServiceServerResetTestExecutionListener@1f68e4e8, org.springframework.boot.test.autoconfigure.web.servlet.MockMvcPrintOnlyOnFailureTestExecutionListener@47b4ac83, org.springframework.boot.test.autoconfigure.web.servlet.WebDriverTestExecutionListener@351ede23, org.springframework.boot.test.autoconfigure.webservices.client.MockWebServiceServerTestExecutionListener@5604b85]
01:11:29.446 [main] DEBUG org.springframework.test.annotation.ProfileValueUtils - Retrieved @ProfileValueSourceConfiguration [null] for test class [com.hhimanshu.SpringBootLiquibaseApplicationTests]
01:11:29.446 [main] DEBUG org.springframework.test.annotation.ProfileValueUtils - Retrieved ProfileValueSource type [class org.springframework.test.annotation.SystemProfileValueSource] for class [com.hhimanshu.SpringBootLiquibaseApplicationTests]
01:11:29.446 [main] DEBUG org.springframework.test.annotation.ProfileValueUtils - Retrieved @ProfileValueSourceConfiguration [null] for test class [com.hhimanshu.SpringBootLiquibaseApplicationTests]
01:11:29.446 [main] DEBUG org.springframework.test.annotation.ProfileValueUtils - Retrieved ProfileValueSource type [class org.springframework.test.annotation.SystemProfileValueSource] for class [com.hhimanshu.SpringBootLiquibaseApplicationTests]
01:11:29.446 [main] DEBUG org.springframework.test.annotation.ProfileValueUtils - Retrieved @ProfileValueSourceConfiguration [null] for test class [com.hhimanshu.SpringBootLiquibaseApplicationTests]
01:11:29.446 [main] DEBUG org.springframework.test.annotation.ProfileValueUtils - Retrieved ProfileValueSource type [class org.springframework.test.annotation.SystemProfileValueSource] for class [com.hhimanshu.SpringBootLiquibaseApplicationTests]
[INFO] Running com.hhimanshu.business.BooksManager_getAllBooks_17791210970
[ERROR] Tests run: 1, Failures: 0, Errors: 1, Skipped: 0, Time elapsed: 0.022 s <<< FAILURE! - in com.hhimanshu.business.BooksManager_getAllBooks_17791210970
[ERROR] test  Time elapsed: 0.017 s  <<< ERROR!
java.lang.NullPointerException
	at com.hhimanshu.business.BooksManager_getAllBooks_17791210970.test(BooksManager_getAllBooks_17791210970.java:40)

[INFO] Running com.hhimanshu.business.AuthorsManager_getAllAuthors_1139679950
[ERROR] Tests run: 1, Failures: 0, Errors: 1, Skipped: 0, Time elapsed: 0 s <<< FAILURE! - in com.hhimanshu.business.AuthorsManager_getAllAuthors_1139679950
[ERROR] test  Time elapsed: 0 s  <<< ERROR!
java.lang.NullPointerException
	at com.hhimanshu.business.AuthorsManager_getAllAuthors_1139679950.test(AuthorsManager_getAllAuthors_1139679950.java:40)

01:11:29.504 [main] DEBUG org.springframework.test.annotation.ProfileValueUtils - Retrieved @ProfileValueSourceConfiguration [null] for test class [com.hhimanshu.business.AuthorsManagerTest]
01:11:29.504 [main] DEBUG org.springframework.test.annotation.ProfileValueUtils - Retrieved ProfileValueSource type [class org.springframework.test.annotation.SystemProfileValueSource] for class [com.hhimanshu.business.AuthorsManagerTest]
[INFO] Running com.hhimanshu.business.AuthorsManagerTest
01:11:29.504 [main] DEBUG org.springframework.test.annotation.ProfileValueUtils - Retrieved @ProfileValueSourceConfiguration [null] for test class [com.hhimanshu.business.AuthorsManagerTest]
01:11:29.504 [main] DEBUG org.springframework.test.annotation.ProfileValueUtils - Retrieved ProfileValueSource type [class org.springframework.test.annotation.SystemProfileValueSource] for class [com.hhimanshu.business.AuthorsManagerTest]
01:11:29.504 [main] DEBUG org.springframework.test.annotation.ProfileValueUtils - Retrieved @ProfileValueSourceConfiguration [null] for test class [com.hhimanshu.business.AuthorsManagerTest]
01:11:29.505 [main] DEBUG org.springframework.test.annotation.ProfileValueUtils - Retrieved ProfileValueSource type [class org.springframework.test.annotation.SystemProfileValueSource] for class [com.hhimanshu.business.AuthorsManagerTest]
01:11:29.509 [main] DEBUG org.springframework.test.context.support.AbstractDirtiesContextTestExecutionListener - Before test class: context [DefaultTestContext@cfacf0 testClass = AuthorsManagerTest, testInstance = [null], testMethod = [null], testException = [null], mergedContextConfiguration = [WebMergedContextConfiguration@4c8abec7 testClass = AuthorsManagerTest, locations = '{}', classes = '{class com.hhimanshu.SpringBootLiquibaseApplication}', contextInitializerClasses = '[]', activeProfiles = '{}', propertySourceLocations = '{}', propertySourceProperties = '{org.springframework.boot.test.context.SpringBootTestContextBootstrapper=true}', contextCustomizers = set[org.springframework.boot.test.context.filter.ExcludeFilterContextCustomizer@346f41a9, org.springframework.boot.test.json.DuplicateJsonObjectContextCustomizerFactory$DuplicateJsonObjectContextCustomizer@58606c91, org.springframework.boot.test.mock.mockito.MockitoContextCustomizer@0, org.springframework.boot.test.web.client.TestRestTemplateContextCustomizer@518ddd3b, org.springframework.boot.test.autoconfigure.properties.PropertyMappingContextCustomizer@0, org.springframework.boot.test.autoconfigure.web.servlet.WebDriverContextCustomizerFactory$Customizer@3c9c6245, org.springframework.boot.test.context.SpringBootTestArgs@1], resourceBasePath = 'src/main/webapp', contextLoader = 'org.springframework.boot.test.context.SpringBootContextLoader', parent = [null]], attributes = map['org.springframework.test.context.web.ServletTestExecutionListener.activateListener' -> true]], class annotated with @DirtiesContext [false] with mode [null].
01:11:29.511 [main] DEBUG org.springframework.test.annotation.ProfileValueUtils - Retrieved @ProfileValueSourceConfiguration [null] for test class [com.hhimanshu.business.AuthorsManagerTest]
01:11:29.511 [main] DEBUG org.springframework.test.annotation.ProfileValueUtils - Retrieved ProfileValueSource type [class org.springframework.test.annotation.SystemProfileValueSource] for class [com.hhimanshu.business.AuthorsManagerTest]
01:11:29.538 [main] DEBUG org.springframework.test.context.support.TestPropertySourceUtils - Adding inlined properties to environment: {spring.jmx.enabled=false, org.springframework.boot.test.context.SpringBootTestContextBootstrapper=true}

  .   ____          _            __ _ _
 /\\ / ___'_ __ _ _(_)_ __  __ _ \ \ \ \
( ( )\___ | '_ | '_| | '_ \/ _` | \ \ \ \
 \\/  ___)| |_)| | | | | || (_| |  ) ) ) )
  '  |____| .__|_| |_|_| |_\__, | / / / /
 =========|_|==============|___/=/_/_/_/
 :: Spring Boot ::        (v2.3.1.RELEASE)

2026-04-08 01:11:29.841  INFO 73 --- [           main] c.hhimanshu.business.AuthorsManagerTest  : Starting AuthorsManagerTest on 2396f5e9ab86 with PID 73 (started by root in /app)
2026-04-08 01:11:29.843  INFO 73 --- [           main] c.hhimanshu.business.AuthorsManagerTest  : No active profile set, falling back to default profiles: default
2026-04-08 01:11:30.369  INFO 73 --- [           main] .s.d.r.c.RepositoryConfigurationDelegate : Bootstrapping Spring Data JPA repositories in DEFERRED mode.
2026-04-08 01:11:30.424  INFO 73 --- [           main] .s.d.r.c.RepositoryConfigurationDelegate : Finished Spring Data repository scanning in 47ms. Found 2 JPA repository interfaces.
2026-04-08 01:11:30.849  INFO 73 --- [           main] com.zaxxer.hikari.HikariDataSource       : HikariPool-1 - Starting...
2026-04-08 01:11:31.104  INFO 73 --- [           main] com.zaxxer.hikari.HikariDataSource       : HikariPool-1 - Start completed.
2026-04-08 01:11:31.815  INFO 73 --- [           main] liquibase.executor.jvm.JdbcExecutor      : SELECT COUNT(*) FROM PUBLIC.DATABASECHANGELOGLOCK
2026-04-08 01:11:31.824  INFO 73 --- [           main] liquibase.executor.jvm.JdbcExecutor      : CREATE TABLE PUBLIC.DATABASECHANGELOGLOCK (ID INT NOT NULL, LOCKED BOOLEAN NOT NULL, LOCKGRANTED TIMESTAMP, LOCKEDBY VARCHAR(255), CONSTRAINT PK_DATABASECHANGELOGLOCK PRIMARY KEY (ID))
2026-04-08 01:11:31.829  INFO 73 --- [           main] liquibase.executor.jvm.JdbcExecutor      : SELECT COUNT(*) FROM PUBLIC.DATABASECHANGELOGLOCK
2026-04-08 01:11:31.832  INFO 73 --- [           main] liquibase.executor.jvm.JdbcExecutor      : DELETE FROM PUBLIC.DATABASECHANGELOGLOCK
2026-04-08 01:11:31.833  INFO 73 --- [           main] liquibase.executor.jvm.JdbcExecutor      : INSERT INTO PUBLIC.DATABASECHANGELOGLOCK (ID, LOCKED) VALUES (1, FALSE)
2026-04-08 01:11:31.836  INFO 73 --- [           main] liquibase.executor.jvm.JdbcExecutor      : SELECT LOCKED FROM PUBLIC.DATABASECHANGELOGLOCK WHERE ID=1
2026-04-08 01:11:31.845  INFO 73 --- [           main] l.lockservice.StandardLockService        : Successfully acquired change log lock
2026-04-08 01:11:32.652  INFO 73 --- [           main] l.c.StandardChangeLogHistoryService      : Creating database history table with name: PUBLIC.DATABASECHANGELOG
2026-04-08 01:11:32.653  INFO 73 --- [           main] liquibase.executor.jvm.JdbcExecutor      : CREATE TABLE PUBLIC.DATABASECHANGELOG (ID VARCHAR(255) NOT NULL, AUTHOR VARCHAR(255) NOT NULL, FILENAME VARCHAR(255) NOT NULL, DATEEXECUTED TIMESTAMP NOT NULL, ORDEREXECUTED INT NOT NULL, EXECTYPE VARCHAR(10) NOT NULL, MD5SUM VARCHAR(35), DESCRIPTION VARCHAR(255), COMMENTS VARCHAR(255), TAG VARCHAR(255), LIQUIBASE VARCHAR(20), CONTEXTS VARCHAR(255), LABELS VARCHAR(255), DEPLOYMENT_ID VARCHAR(10))
2026-04-08 01:11:32.654  INFO 73 --- [           main] liquibase.executor.jvm.JdbcExecutor      : SELECT COUNT(*) FROM PUBLIC.DATABASECHANGELOG
2026-04-08 01:11:32.655  INFO 73 --- [           main] l.c.StandardChangeLogHistoryService      : Reading from PUBLIC.DATABASECHANGELOG
2026-04-08 01:11:32.655  INFO 73 --- [           main] liquibase.executor.jvm.JdbcExecutor      : SELECT * FROM PUBLIC.DATABASECHANGELOG ORDER BY DATEEXECUTED ASC, ORDEREXECUTED ASC
2026-04-08 01:11:32.656  INFO 73 --- [           main] liquibase.executor.jvm.JdbcExecutor      : SELECT COUNT(*) FROM PUBLIC.DATABASECHANGELOGLOCK
2026-04-08 01:11:32.677  INFO 73 --- [           main] liquibase.executor.jvm.JdbcExecutor      : CREATE TABLE PUBLIC.books (id INT AUTO_INCREMENT NOT NULL, name VARCHAR(255) NOT NULL, author INT NOT NULL, CONSTRAINT PK_BOOKS PRIMARY KEY (id), UNIQUE (id), UNIQUE (name))
2026-04-08 01:11:32.684  INFO 73 --- [           main] liquibase.executor.jvm.JdbcExecutor      : COMMENT ON TABLE PUBLIC.books IS 'A table to contain all books'
2026-04-08 01:11:32.685  INFO 73 --- [           main] liquibase.changelog.ChangeSet            : Table books created
2026-04-08 01:11:32.685  INFO 73 --- [           main] liquibase.executor.jvm.JdbcExecutor      : CREATE TABLE PUBLIC.authors (id INT AUTO_INCREMENT NOT NULL, name VARCHAR(100) NOT NULL, CONSTRAINT PK_AUTHORS PRIMARY KEY (id))
2026-04-08 01:11:32.686  INFO 73 --- [           main] liquibase.executor.jvm.JdbcExecutor      : COMMENT ON TABLE PUBLIC.authors IS 'A table to contain all the authors'
2026-04-08 01:11:32.687  INFO 73 --- [           main] liquibase.changelog.ChangeSet            : Table authors created
2026-04-08 01:11:32.688  INFO 73 --- [           main] liquibase.executor.jvm.JdbcExecutor      : ALTER TABLE PUBLIC.books ADD CONSTRAINT author_fk FOREIGN KEY (author) REFERENCES PUBLIC.authors (id)
2026-04-08 01:11:32.693  INFO 73 --- [           main] liquibase.changelog.ChangeSet            : Foreign key constraint added to books (author)
2026-04-08 01:11:32.694  INFO 73 --- [           main] liquibase.changelog.ChangeSet            : ChangeSet db/changelog/01-create-books-and-author-schema.xml::01::hhimanshu ran successfully in 19ms
2026-04-08 01:11:32.694  INFO 73 --- [           main] liquibase.executor.jvm.JdbcExecutor      : SELECT MAX(ORDEREXECUTED) FROM PUBLIC.DATABASECHANGELOG
2026-04-08 01:11:32.699  INFO 73 --- [           main] liquibase.executor.jvm.JdbcExecutor      : INSERT INTO PUBLIC.DATABASECHANGELOG (ID, AUTHOR, FILENAME, DATEEXECUTED, ORDEREXECUTED, MD5SUM, DESCRIPTION, COMMENTS, EXECTYPE, CONTEXTS, LABELS, LIQUIBASE, DEPLOYMENT_ID) VALUES ('01', 'hhimanshu', 'db/changelog/01-create-books-and-author-schema.xml', NOW(), 1, '8:24f659528e86ccf107759137a7e702ec', 'createTable tableName=books; createTable tableName=authors; addForeignKeyConstraint baseTableName=books, constraintName=author_fk, referencedTableName=authors', '', 'EXECUTED', NULL, NULL, '3.8.9', '5610692656')
2026-04-08 01:11:32.705  INFO 73 --- [           main] liquibase.executor.jvm.JdbcExecutor      : INSERT INTO PUBLIC.authors (id, name) VALUES (1, 'author_01')
2026-04-08 01:11:32.706  INFO 73 --- [           main] liquibase.changelog.ChangeSet            : New row inserted into authors
2026-04-08 01:11:32.707  INFO 73 --- [           main] liquibase.executor.jvm.JdbcExecutor      : INSERT INTO PUBLIC.authors (id, name) VALUES (2, 'author_02')
2026-04-08 01:11:32.708  INFO 73 --- [           main] liquibase.changelog.ChangeSet            : New row inserted into authors
2026-04-08 01:11:32.708  INFO 73 --- [           main] liquibase.executor.jvm.JdbcExecutor      : INSERT INTO PUBLIC.authors (id, name) VALUES (3, 'author_03')
2026-04-08 01:11:32.709  INFO 73 --- [           main] liquibase.changelog.ChangeSet            : New row inserted into authors
2026-04-08 01:11:32.709  INFO 73 --- [           main] liquibase.executor.jvm.JdbcExecutor      : INSERT INTO PUBLIC.authors (id, name) VALUES (4, 'author_04')
2026-04-08 01:11:32.709  INFO 73 --- [           main] liquibase.changelog.ChangeSet            : New row inserted into authors
2026-04-08 01:11:32.710  INFO 73 --- [           main] liquibase.executor.jvm.JdbcExecutor      : INSERT INTO PUBLIC.authors (id, name) VALUES (5, 'author_05')
2026-04-08 01:11:32.710  INFO 73 --- [           main] liquibase.changelog.ChangeSet            : New row inserted into authors
2026-04-08 01:11:32.710  INFO 73 --- [           main] liquibase.changelog.ChangeSet            : ChangeSet db/changelog/02-insert-data-authors.xml::02::hhimanshu ran successfully in 5ms
2026-04-08 01:11:32.711  INFO 73 --- [           main] liquibase.executor.jvm.JdbcExecutor      : INSERT INTO PUBLIC.DATABASECHANGELOG (ID, AUTHOR, FILENAME, DATEEXECUTED, ORDEREXECUTED, MD5SUM, DESCRIPTION, COMMENTS, EXECTYPE, CONTEXTS, LABELS, LIQUIBASE, DEPLOYMENT_ID) VALUES ('02', 'hhimanshu', 'db/changelog/02-insert-data-authors.xml', NOW(), 2, '8:6204c525ce5c1c55f064888d078b8f05', 'insert tableName=authors; insert tableName=authors; insert tableName=authors; insert tableName=authors; insert tableName=authors', 'Inserting Authors', 'EXECUTED', NULL, NULL, '3.8.9', '5610692656')
2026-04-08 01:11:32.712  INFO 73 --- [           main] liquibase.executor.jvm.JdbcExecutor      : INSERT INTO PUBLIC.books (id, name, author) VALUES (1, 'book_01_a_01', 01)
2026-04-08 01:11:32.713  INFO 73 --- [           main] liquibase.changelog.ChangeSet            : New row inserted into books
2026-04-08 01:11:32.714  INFO 73 --- [           main] liquibase.executor.jvm.JdbcExecutor      : INSERT INTO PUBLIC.books (id, name, author) VALUES (2, 'book_02_a_02', 02)
2026-04-08 01:11:32.714  INFO 73 --- [           main] liquibase.changelog.ChangeSet            : New row inserted into books
2026-04-08 01:11:32.715  INFO 73 --- [           main] liquibase.executor.jvm.JdbcExecutor      : INSERT INTO PUBLIC.books (id, name, author) VALUES (3, 'book_01_a_03', 03)
2026-04-08 01:11:32.715  INFO 73 --- [           main] liquibase.changelog.ChangeSet            : New row inserted into books
2026-04-08 01:11:32.716  INFO 73 --- [           main] liquibase.executor.jvm.JdbcExecutor      : INSERT INTO PUBLIC.books (id, name, author) VALUES (4, 'book_01_a_04', 04)
2026-04-08 01:11:32.716  INFO 73 --- [           main] liquibase.changelog.ChangeSet            : New row inserted into books
2026-04-08 01:11:32.716  INFO 73 --- [           main] liquibase.executor.jvm.JdbcExecutor      : INSERT INTO PUBLIC.books (id, name, author) VALUES (5, 'book_01_a_05', 05)
2026-04-08 01:11:32.717  INFO 73 --- [           main] liquibase.changelog.ChangeSet            : New row inserted into books
2026-04-08 01:11:32.717  INFO 73 --- [           main] liquibase.changelog.ChangeSet            : ChangeSet db/changelog/02-insert-data-books.xml::03::hhimanshu ran successfully in 5ms
2026-04-08 01:11:32.718  INFO 73 --- [           main] liquibase.executor.jvm.JdbcExecutor      : INSERT INTO PUBLIC.DATABASECHANGELOG (ID, AUTHOR, FILENAME, DATEEXECUTED, ORDEREXECUTED, MD5SUM, DESCRIPTION, COMMENTS, EXECTYPE, CONTEXTS, LABELS, LIQUIBASE, DEPLOYMENT_ID) VALUES ('03', 'hhimanshu', 'db/changelog/02-insert-data-books.xml', NOW(), 3, '8:00bd5e4dec9d011ab0b1abe14c4a5c8b', 'insert tableName=books; insert tableName=books; insert tableName=books; insert tableName=books; insert tableName=books', 'Inserting Books', 'EXECUTED', NULL, NULL, '3.8.9', '5610692656')
2026-04-08 01:11:32.720  INFO 73 --- [           main] l.lockservice.StandardLockService        : Successfully released change log lock
2026-04-08 01:11:32.815  INFO 73 --- [           main] o.s.s.concurrent.ThreadPoolTaskExecutor  : Initializing ExecutorService 'applicationTaskExecutor'
2026-04-08 01:11:32.872  INFO 73 --- [         task-1] o.hibernate.jpa.internal.util.LogHelper  : HHH000204: Processing PersistenceUnitInfo [name: default]
2026-04-08 01:11:32.931  INFO 73 --- [         task-1] org.hibernate.Version                    : HHH000412: Hibernate ORM core version 5.4.17.Final
2026-04-08 01:11:33.026  WARN 73 --- [           main] JpaBaseConfiguration$JpaWebConfiguration : spring.jpa.open-in-view is enabled by default. Therefore, database queries may be performed during view rendering. Explicitly configure spring.jpa.open-in-view to disable this warning
2026-04-08 01:11:33.087  INFO 73 --- [         task-1] o.hibernate.annotations.common.Version   : HCANN000001: Hibernate Commons Annotations {5.1.0.Final}
2026-04-08 01:11:33.216  INFO 73 --- [         task-1] org.hibernate.dialect.Dialect            : HHH000400: Using dialect: org.hibernate.dialect.H2Dialect
2026-04-08 01:11:33.385  INFO 73 --- [           main] o.s.b.a.h2.H2ConsoleAutoConfiguration    : H2 console available at '/h2-console'. Database available at 'jdbc:h2:mem:72125256-a653-496b-9565-c9daaef93eac'
2026-04-08 01:11:33.434  INFO 73 --- [           main] DeferredRepositoryInitializationListener : Triggering deferred initialization of Spring Data repositories…
2026-04-08 01:11:33.755  INFO 73 --- [         task-1] o.h.e.t.j.p.i.JtaPlatformInitiator       : HHH000490: Using JtaPlatform implementation: [org.hibernate.engine.transaction.jta.platform.internal.NoJtaPlatform]
2026-04-08 01:11:33.761  INFO 73 --- [         task-1] j.LocalContainerEntityManagerFactoryBean : Initialized JPA EntityManagerFactory for persistence unit 'default'
2026-04-08 01:11:33.903  INFO 73 --- [           main] DeferredRepositoryInitializationListener : Spring Data repositories initialized!
2026-04-08 01:11:33.910  INFO 73 --- [           main] c.hhimanshu.business.AuthorsManagerTest  : Started AuthorsManagerTest in 4.359 seconds (JVM running for 5.554)
[INFO] Tests run: 1, Failures: 0, Errors: 0, Skipped: 0, Time elapsed: 4.606 s - in com.hhimanshu.business.AuthorsManagerTest
[INFO] Running com.hhimanshu.business.BooksManagerTest
Book{id=1, name='book_01_a_01', author=Author{id=1, name='author_01'}}
Book{id=2, name='book_02_a_02', author=Author{id=2, name='author_02'}}
Book{id=3, name='book_01_a_03', author=Author{id=3, name='author_03'}}
Book{id=4, name='book_01_a_04', author=Author{id=4, name='author_04'}}
Book{id=5, name='book_01_a_05', author=Author{id=5, name='author_05'}}
[INFO] Tests run: 1, Failures: 0, Errors: 0, Skipped: 0, Time elapsed: 0.025 s - in com.hhimanshu.business.BooksManagerTest
[INFO] Running com.hhimanshu.SpringBootLiquibaseApplicationTests
[INFO] Tests run: 1, Failures: 0, Errors: 0, Skipped: 0, Time elapsed: 0.001 s - in com.hhimanshu.SpringBootLiquibaseApplicationTests
[INFO] Running com.hhimanshu.SpringBootLiquibaseApplication_main_4564305653
2026-04-08 01:11:34.174 ERROR 73 --- [me-limited test] o.s.boot.SpringApplication               : Application run failed

java.lang.IllegalArgumentException: Args must not be null
	at org.springframework.util.Assert.notNull(Assert.java:198) ~[spring-core-5.2.7.RELEASE.jar:5.2.7.RELEASE]
	at org.springframework.boot.DefaultApplicationArguments.<init>(DefaultApplicationArguments.java:41) ~[spring-boot-2.3.1.RELEASE.jar:2.3.1.RELEASE]
	at org.springframework.boot.SpringApplication.run(SpringApplication.java:307) ~[spring-boot-2.3.1.RELEASE.jar:2.3.1.RELEASE]
	at org.springframework.boot.SpringApplication.run(SpringApplication.java:1237) ~[spring-boot-2.3.1.RELEASE.jar:2.3.1.RELEASE]
	at org.springframework.boot.SpringApplication.run(SpringApplication.java:1226) ~[spring-boot-2.3.1.RELEASE.jar:2.3.1.RELEASE]
	at com.hhimanshu.SpringBootLiquibaseApplication.main(SpringBootLiquibaseApplication.java:10) ~[classes/:na]
	at java.base/jdk.internal.reflect.NativeMethodAccessorImpl.invoke0(Native Method) ~[na:na]
	at java.base/jdk.internal.reflect.NativeMethodAccessorImpl.invoke(NativeMethodAccessorImpl.java:62) ~[na:na]
	at java.base/jdk.internal.reflect.DelegatingMethodAccessorImpl.invoke(DelegatingMethodAccessorImpl.java:43) ~[na:na]
	at java.base/java.lang.reflect.Method.invoke(Method.java:566) ~[na:na]
	at com.hhimanshu.ReflectionUtils.callMethod(ReflectionUtils.java:328) ~[test-classes/:na]
	at com.hhimanshu.SpringBootLiquibaseApplication_main_4564305653.test(SpringBootLiquibaseApplication_main_4564305653.java:44) ~[test-classes/:na]
	at java.base/jdk.internal.reflect.NativeMethodAccessorImpl.invoke0(Native Method) ~[na:na]
	at java.base/jdk.internal.reflect.NativeMethodAccessorImpl.invoke(NativeMethodAccessorImpl.java:62) ~[na:na]
	at java.base/jdk.internal.reflect.DelegatingMethodAccessorImpl.invoke(DelegatingMethodAccessorImpl.java:43) ~[na:na]
	at java.base/java.lang.reflect.Method.invoke(Method.java:566) ~[na:na]
	at org.junit.runners.model.FrameworkMethod$1.runReflectiveCall(FrameworkMethod.java:59) ~[junit-4.13.2.jar:4.13.2]
	at org.junit.internal.runners.model.ReflectiveCallable.run(ReflectiveCallable.java:12) ~[junit-4.13.2.jar:4.13.2]
	at org.junit.runners.model.FrameworkMethod.invokeExplosively(FrameworkMethod.java:56) ~[junit-4.13.2.jar:4.13.2]
	at org.junit.internal.runners.statements.InvokeMethod.evaluate(InvokeMethod.java:17) ~[junit-4.13.2.jar:4.13.2]
	at org.junit.internal.runners.statements.RunBefores.evaluate(RunBefores.java:26) ~[junit-4.13.2.jar:4.13.2]
	at org.junit.internal.runners.statements.FailOnTimeout$CallableStatement.call(FailOnTimeout.java:299) ~[junit-4.13.2.jar:4.13.2]
	at org.junit.internal.runners.statements.FailOnTimeout$CallableStatement.call(FailOnTimeout.java:293) ~[junit-4.13.2.jar:4.13.2]
	at java.base/java.util.concurrent.FutureTask.run(FutureTask.java:264) ~[na:na]
	at java.base/java.lang.Thread.run(Thread.java:829) ~[na:na]

[ERROR] Tests run: 1, Failures: 0, Errors: 1, Skipped: 0, Time elapsed: 0.015 s <<< FAILURE! - in com.hhimanshu.SpringBootLiquibaseApplication_main_4564305653
[ERROR] test  Time elapsed: 0.015 s  <<< ERROR!
java.lang.IllegalArgumentException: Args must not be null
	at com.hhimanshu.SpringBootLiquibaseApplication_main_4564305653.test(SpringBootLiquibaseApplication_main_4564305653.java:44)

[INFO] Running com.hhimanshu.SpringBootLiquibaseApplication_main_4564305651

  .   ____          _            __ _ _
 /\\ / ___'_ __ _ _(_)_ __  __ _ \ \ \ \
( ( )\___ | '_ | '_| | '_ \/ _` | \ \ \ \
 \\/  ___)| |_)| | | | | || (_| |  ) ) ) )
  '  |____| .__|_| |_|_| |_\__, | / / / /
 =========|_|==============|___/=/_/_/_/
 :: Spring Boot ::        (v2.3.1.RELEASE)

2026-04-08 01:11:34.206  INFO 73 --- [me-limited test] c.h.SpringBootLiquibaseApplication       : Starting SpringBootLiquibaseApplication on 2396f5e9ab86 with PID 73 (started by root in /app)
2026-04-08 01:11:34.206  INFO 73 --- [me-limited test] c.h.SpringBootLiquibaseApplication       : No active profile set, falling back to default profiles: default
2026-04-08 01:11:34.328  INFO 73 --- [me-limited test] .s.d.r.c.RepositoryConfigurationDelegate : Bootstrapping Spring Data JPA repositories in DEFERRED mode.
2026-04-08 01:11:34.335  INFO 73 --- [me-limited test] .s.d.r.c.RepositoryConfigurationDelegate : Finished Spring Data repository scanning in 6ms. Found 2 JPA repository interfaces.
2026-04-08 01:11:34.533  INFO 73 --- [me-limited test] o.s.b.w.embedded.tomcat.TomcatWebServer  : Tomcat initialized with port(s): 8080 (http)
2026-04-08 01:11:34.547  INFO 73 --- [me-limited test] o.apache.catalina.core.StandardService   : Starting service [Tomcat]
2026-04-08 01:11:34.547  INFO 73 --- [me-limited test] org.apache.catalina.core.StandardEngine  : Starting Servlet engine: [Apache Tomcat/9.0.36]
2026-04-08 01:11:34.632  INFO 73 --- [me-limited test] o.a.c.c.C.[Tomcat].[localhost].[/]       : Initializing Spring embedded WebApplicationContext
2026-04-08 01:11:34.632  INFO 73 --- [me-limited test] w.s.c.ServletWebServerApplicationContext : Root WebApplicationContext: initialization completed in 423 ms
2026-04-08 01:11:34.648  INFO 73 --- [me-limited test] com.zaxxer.hikari.HikariDataSource       : HikariPool-2 - Starting...
2026-04-08 01:11:34.651  INFO 73 --- [me-limited test] com.zaxxer.hikari.HikariDataSource       : HikariPool-2 - Start completed.
2026-04-08 01:11:34.651  INFO 73 --- [me-limited test] o.s.b.a.h2.H2ConsoleAutoConfiguration    : H2 console available at '/h2-console'. Database available at 'jdbc:h2:mem:06b1465b-56be-4053-9bb6-14c6a20fb186'
2026-04-08 01:11:34.815  INFO 73 --- [me-limited test] liquibase.executor.jvm.JdbcExecutor      : SELECT COUNT(*) FROM PUBLIC.DATABASECHANGELOGLOCK
2026-04-08 01:11:34.816  INFO 73 --- [me-limited test] liquibase.executor.jvm.JdbcExecutor      : CREATE TABLE PUBLIC.DATABASECHANGELOGLOCK (ID INT NOT NULL, LOCKED BOOLEAN NOT NULL, LOCKGRANTED TIMESTAMP, LOCKEDBY VARCHAR(255), CONSTRAINT PK_DATABASECHANGELOGLOCK PRIMARY KEY (ID))
2026-04-08 01:11:34.817  INFO 73 --- [me-limited test] liquibase.executor.jvm.JdbcExecutor      : SELECT COUNT(*) FROM PUBLIC.DATABASECHANGELOGLOCK
2026-04-08 01:11:34.818  INFO 73 --- [me-limited test] liquibase.executor.jvm.JdbcExecutor      : DELETE FROM PUBLIC.DATABASECHANGELOGLOCK
2026-04-08 01:11:34.818  INFO 73 --- [me-limited test] liquibase.executor.jvm.JdbcExecutor      : INSERT INTO PUBLIC.DATABASECHANGELOGLOCK (ID, LOCKED) VALUES (1, FALSE)
2026-04-08 01:11:34.819  INFO 73 --- [me-limited test] liquibase.executor.jvm.JdbcExecutor      : SELECT LOCKED FROM PUBLIC.DATABASECHANGELOGLOCK WHERE ID=1
2026-04-08 01:11:34.820  INFO 73 --- [me-limited test] l.lockservice.StandardLockService        : Successfully acquired change log lock
2026-04-08 01:11:34.856  INFO 73 --- [me-limited test] l.c.StandardChangeLogHistoryService      : Creating database history table with name: PUBLIC.DATABASECHANGELOG
2026-04-08 01:11:34.857  INFO 73 --- [me-limited test] liquibase.executor.jvm.JdbcExecutor      : CREATE TABLE PUBLIC.DATABASECHANGELOG (ID VARCHAR(255) NOT NULL, AUTHOR VARCHAR(255) NOT NULL, FILENAME VARCHAR(255) NOT NULL, DATEEXECUTED TIMESTAMP NOT NULL, ORDEREXECUTED INT NOT NULL, EXECTYPE VARCHAR(10) NOT NULL, MD5SUM VARCHAR(35), DESCRIPTION VARCHAR(255), COMMENTS VARCHAR(255), TAG VARCHAR(255), LIQUIBASE VARCHAR(20), CONTEXTS VARCHAR(255), LABELS VARCHAR(255), DEPLOYMENT_ID VARCHAR(10))
2026-04-08 01:11:34.858  INFO 73 --- [me-limited test] liquibase.executor.jvm.JdbcExecutor      : SELECT COUNT(*) FROM PUBLIC.DATABASECHANGELOG
2026-04-08 01:11:34.858  INFO 73 --- [me-limited test] l.c.StandardChangeLogHistoryService      : Reading from PUBLIC.DATABASECHANGELOG
2026-04-08 01:11:34.858  INFO 73 --- [me-limited test] liquibase.executor.jvm.JdbcExecutor      : SELECT * FROM PUBLIC.DATABASECHANGELOG ORDER BY DATEEXECUTED ASC, ORDEREXECUTED ASC
2026-04-08 01:11:34.859  INFO 73 --- [me-limited test] liquibase.executor.jvm.JdbcExecutor      : SELECT COUNT(*) FROM PUBLIC.DATABASECHANGELOGLOCK
2026-04-08 01:11:34.867  INFO 73 --- [me-limited test] liquibase.executor.jvm.JdbcExecutor      : CREATE TABLE PUBLIC.books (id INT AUTO_INCREMENT NOT NULL, name VARCHAR(255) NOT NULL, author INT NOT NULL, CONSTRAINT PK_BOOKS PRIMARY KEY (id), UNIQUE (id), UNIQUE (name))
2026-04-08 01:11:34.869  INFO 73 --- [me-limited test] liquibase.executor.jvm.JdbcExecutor      : COMMENT ON TABLE PUBLIC.books IS 'A table to contain all books'
2026-04-08 01:11:34.870  INFO 73 --- [me-limited test] liquibase.changelog.ChangeSet            : Table books created
2026-04-08 01:11:34.870  INFO 73 --- [me-limited test] liquibase.executor.jvm.JdbcExecutor      : CREATE TABLE PUBLIC.authors (id INT AUTO_INCREMENT NOT NULL, name VARCHAR(100) NOT NULL, CONSTRAINT PK_AUTHORS PRIMARY KEY (id))
2026-04-08 01:11:34.871  INFO 73 --- [me-limited test] liquibase.executor.jvm.JdbcExecutor      : COMMENT ON TABLE PUBLIC.authors IS 'A table to contain all the authors'
2026-04-08 01:11:34.872  INFO 73 --- [me-limited test] liquibase.changelog.ChangeSet            : Table authors created
2026-04-08 01:11:34.872  INFO 73 --- [me-limited test] liquibase.executor.jvm.JdbcExecutor      : ALTER TABLE PUBLIC.books ADD CONSTRAINT author_fk FOREIGN KEY (author) REFERENCES PUBLIC.authors (id)
2026-04-08 01:11:34.874  INFO 73 --- [me-limited test] liquibase.changelog.ChangeSet            : Foreign key constraint added to books (author)
2026-04-08 01:11:34.875  INFO 73 --- [me-limited test] liquibase.changelog.ChangeSet            : ChangeSet db/changelog/01-create-books-and-author-schema.xml::01::hhimanshu ran successfully in 8ms
2026-04-08 01:11:34.875  INFO 73 --- [me-limited test] liquibase.executor.jvm.JdbcExecutor      : SELECT MAX(ORDEREXECUTED) FROM PUBLIC.DATABASECHANGELOG
2026-04-08 01:11:34.876  INFO 73 --- [me-limited test] liquibase.executor.jvm.JdbcExecutor      : INSERT INTO PUBLIC.DATABASECHANGELOG (ID, AUTHOR, FILENAME, DATEEXECUTED, ORDEREXECUTED, MD5SUM, DESCRIPTION, COMMENTS, EXECTYPE, CONTEXTS, LABELS, LIQUIBASE, DEPLOYMENT_ID) VALUES ('01', 'hhimanshu', 'db/changelog/01-create-books-and-author-schema.xml', NOW(), 1, '8:24f659528e86ccf107759137a7e702ec', 'createTable tableName=books; createTable tableName=authors; addForeignKeyConstraint baseTableName=books, constraintName=author_fk, referencedTableName=authors', '', 'EXECUTED', NULL, NULL, '3.8.9', '5610694859')
2026-04-08 01:11:34.878  INFO 73 --- [me-limited test] liquibase.executor.jvm.JdbcExecutor      : INSERT INTO PUBLIC.authors (id, name) VALUES (1, 'author_01')
2026-04-08 01:11:34.878  INFO 73 --- [me-limited test] liquibase.changelog.ChangeSet            : New row inserted into authors
2026-04-08 01:11:34.878  INFO 73 --- [me-limited test] liquibase.executor.jvm.JdbcExecutor      : INSERT INTO PUBLIC.authors (id, name) VALUES (2, 'author_02')
2026-04-08 01:11:34.879  INFO 73 --- [me-limited test] liquibase.changelog.ChangeSet            : New row inserted into authors
2026-04-08 01:11:34.879  INFO 73 --- [me-limited test] liquibase.executor.jvm.JdbcExecutor      : INSERT INTO PUBLIC.authors (id, name) VALUES (3, 'author_03')
2026-04-08 01:11:34.879  INFO 73 --- [me-limited test] liquibase.changelog.ChangeSet            : New row inserted into authors
2026-04-08 01:11:34.879  INFO 73 --- [me-limited test] liquibase.executor.jvm.JdbcExecutor      : INSERT INTO PUBLIC.authors (id, name) VALUES (4, 'author_04')
2026-04-08 01:11:34.880  INFO 73 --- [me-limited test] liquibase.changelog.ChangeSet            : New row inserted into authors
2026-04-08 01:11:34.880  INFO 73 --- [me-limited test] liquibase.executor.jvm.JdbcExecutor      : INSERT INTO PUBLIC.authors (id, name) VALUES (5, 'author_05')
2026-04-08 01:11:34.880  INFO 73 --- [me-limited test] liquibase.changelog.ChangeSet            : New row inserted into authors
2026-04-08 01:11:34.881  INFO 73 --- [me-limited test] liquibase.changelog.ChangeSet            : ChangeSet db/changelog/02-insert-data-authors.xml::02::hhimanshu ran successfully in 4ms
2026-04-08 01:11:34.881  INFO 73 --- [me-limited test] liquibase.executor.jvm.JdbcExecutor      : INSERT INTO PUBLIC.DATABASECHANGELOG (ID, AUTHOR, FILENAME, DATEEXECUTED, ORDEREXECUTED, MD5SUM, DESCRIPTION, COMMENTS, EXECTYPE, CONTEXTS, LABELS, LIQUIBASE, DEPLOYMENT_ID) VALUES ('02', 'hhimanshu', 'db/changelog/02-insert-data-authors.xml', NOW(), 2, '8:6204c525ce5c1c55f064888d078b8f05', 'insert tableName=authors; insert tableName=authors; insert tableName=authors; insert tableName=authors; insert tableName=authors', 'Inserting Authors', 'EXECUTED', NULL, NULL, '3.8.9', '5610694859')
2026-04-08 01:11:34.882  INFO 73 --- [me-limited test] liquibase.executor.jvm.JdbcExecutor      : INSERT INTO PUBLIC.books (id, name, author) VALUES (1, 'book_01_a_01', 01)
2026-04-08 01:11:34.882  INFO 73 --- [me-limited test] liquibase.changelog.ChangeSet            : New row inserted into books
2026-04-08 01:11:34.883  INFO 73 --- [me-limited test] liquibase.executor.jvm.JdbcExecutor      : INSERT INTO PUBLIC.books (id, name, author) VALUES (2, 'book_02_a_02', 02)
2026-04-08 01:11:34.883  INFO 73 --- [me-limited test] liquibase.changelog.ChangeSet            : New row inserted into books
2026-04-08 01:11:34.883  INFO 73 --- [me-limited test] liquibase.executor.jvm.JdbcExecutor      : INSERT INTO PUBLIC.books (id, name, author) VALUES (3, 'book_01_a_03', 03)
2026-04-08 01:11:34.884  INFO 73 --- [me-limited test] liquibase.changelog.ChangeSet            : New row inserted into books
2026-04-08 01:11:34.884  INFO 73 --- [me-limited test] liquibase.executor.jvm.JdbcExecutor      : INSERT INTO PUBLIC.books (id, name, author) VALUES (4, 'book_01_a_04', 04)
2026-04-08 01:11:34.884  INFO 73 --- [me-limited test] liquibase.changelog.ChangeSet            : New row inserted into books
2026-04-08 01:11:34.884  INFO 73 --- [me-limited test] liquibase.executor.jvm.JdbcExecutor      : INSERT INTO PUBLIC.books (id, name, author) VALUES (5, 'book_01_a_05', 05)
2026-04-08 01:11:34.885  INFO 73 --- [me-limited test] liquibase.changelog.ChangeSet            : New row inserted into books
2026-04-08 01:11:34.885  INFO 73 --- [me-limited test] liquibase.changelog.ChangeSet            : ChangeSet db/changelog/02-insert-data-books.xml::03::hhimanshu ran successfully in 3ms
2026-04-08 01:11:34.885  INFO 73 --- [me-limited test] liquibase.executor.jvm.JdbcExecutor      : INSERT INTO PUBLIC.DATABASECHANGELOG (ID, AUTHOR, FILENAME, DATEEXECUTED, ORDEREXECUTED, MD5SUM, DESCRIPTION, COMMENTS, EXECTYPE, CONTEXTS, LABELS, LIQUIBASE, DEPLOYMENT_ID) VALUES ('03', 'hhimanshu', 'db/changelog/02-insert-data-books.xml', NOW(), 3, '8:00bd5e4dec9d011ab0b1abe14c4a5c8b', 'insert tableName=books; insert tableName=books; insert tableName=books; insert tableName=books; insert tableName=books', 'Inserting Books', 'EXECUTED', NULL, NULL, '3.8.9', '5610694859')
2026-04-08 01:11:34.887  INFO 73 --- [me-limited test] l.lockservice.StandardLockService        : Successfully released change log lock
2026-04-08 01:11:34.896  INFO 73 --- [me-limited test] o.s.s.concurrent.ThreadPoolTaskExecutor  : Initializing ExecutorService 'applicationTaskExecutor'
2026-04-08 01:11:34.901  INFO 73 --- [         task-1] o.hibernate.jpa.internal.util.LogHelper  : HHH000204: Processing PersistenceUnitInfo [name: default]
2026-04-08 01:11:34.904  INFO 73 --- [         task-1] org.hibernate.dialect.Dialect            : HHH000400: Using dialect: org.hibernate.dialect.H2Dialect
2026-04-08 01:11:34.913  WARN 73 --- [me-limited test] JpaBaseConfiguration$JpaWebConfiguration : spring.jpa.open-in-view is enabled by default. Therefore, database queries may be performed during view rendering. Explicitly configure spring.jpa.open-in-view to disable this warning
2026-04-08 01:11:34.934  INFO 73 --- [         task-1] o.h.e.t.j.p.i.JtaPlatformInitiator       : HHH000490: Using JtaPlatform implementation: [org.hibernate.engine.transaction.jta.platform.internal.NoJtaPlatform]
2026-04-08 01:11:34.934  INFO 73 --- [         task-1] j.LocalContainerEntityManagerFactoryBean : Initialized JPA EntityManagerFactory for persistence unit 'default'
2026-04-08 01:11:34.999  INFO 73 --- [me-limited test] o.s.b.w.embedded.tomcat.TomcatWebServer  : Tomcat started on port(s): 8080 (http) with context path ''
2026-04-08 01:11:35.000  INFO 73 --- [me-limited test] DeferredRepositoryInitializationListener : Triggering deferred initialization of Spring Data repositories…
2026-04-08 01:11:35.024  INFO 73 --- [me-limited test] DeferredRepositoryInitializationListener : Spring Data repositories initialized!
2026-04-08 01:11:35.026  INFO 73 --- [me-limited test] c.h.SpringBootLiquibaseApplication       : Started SpringBootLiquibaseApplication in 0.848 seconds (JVM running for 6.67)
[INFO] Tests run: 1, Failures: 0, Errors: 0, Skipped: 0, Time elapsed: 0.849 s - in com.hhimanshu.SpringBootLiquibaseApplication_main_4564305651
[INFO] Running com.hhimanshu.persistence.entities.Book_init_13005511287
[INFO] Tests run: 1, Failures: 0, Errors: 0, Skipped: 0, Time elapsed: 0 s - in com.hhimanshu.persistence.entities.Book_init_13005511287
[INFO] Running com.hhimanshu.persistence.entities.Book_getName_8605865803
[INFO] Tests run: 1, Failures: 0, Errors: 0, Skipped: 0, Time elapsed: 0 s - in com.hhimanshu.persistence.entities.Book_getName_8605865803
[INFO] Running com.hhimanshu.persistence.entities.Author_init_13865710556
[INFO] Tests run: 1, Failures: 0, Errors: 0, Skipped: 0, Time elapsed: 0 s - in com.hhimanshu.persistence.entities.Author_init_13865710556
[INFO] Running com.hhimanshu.persistence.entities.Author_init_11442281065
[INFO] Tests run: 1, Failures: 0, Errors: 0, Skipped: 0, Time elapsed: 0 s - in com.hhimanshu.persistence.entities.Author_init_11442281065
[INFO] Running com.hhimanshu.persistence.entities.Author_init_13865710551
[INFO] Tests run: 1, Failures: 0, Errors: 0, Skipped: 0, Time elapsed: 0 s - in com.hhimanshu.persistence.entities.Author_init_13865710551
[INFO] Running com.hhimanshu.persistence.entities.Book_getAuthor_55254173010
[INFO] Tests run: 1, Failures: 0, Errors: 0, Skipped: 0, Time elapsed: 0 s - in com.hhimanshu.persistence.entities.Book_getAuthor_55254173010
[INFO] Running com.hhimanshu.persistence.entities.Author_init_11442281060
[INFO] Tests run: 1, Failures: 0, Errors: 0, Skipped: 0, Time elapsed: 0 s - in com.hhimanshu.persistence.entities.Author_init_11442281060
[INFO] Running com.hhimanshu.persistence.entities.Book_init_2742846920
[INFO] Tests run: 1, Failures: 0, Errors: 0, Skipped: 0, Time elapsed: 0 s - in com.hhimanshu.persistence.entities.Book_init_2742846920
[INFO] Running com.hhimanshu.persistence.entities.Author_toString_16896839579
[INFO] Tests run: 1, Failures: 0, Errors: 0, Skipped: 0, Time elapsed: 0 s - in com.hhimanshu.persistence.entities.Author_toString_16896839579
[INFO] Running com.hhimanshu.persistence.entities.Book_toString_2711711595
[INFO] Tests run: 1, Failures: 0, Errors: 0, Skipped: 0, Time elapsed: 0 s - in com.hhimanshu.persistence.entities.Book_toString_2711711595
[INFO] Running com.hhimanshu.persistence.entities.Book_init_2742846926
[INFO] Tests run: 1, Failures: 0, Errors: 0, Skipped: 0, Time elapsed: 0 s - in com.hhimanshu.persistence.entities.Book_init_2742846926
[INFO] Running com.hhimanshu.persistence.entities.Author_getId_13149995837
[INFO] Tests run: 1, Failures: 0, Errors: 0, Skipped: 0, Time elapsed: 0 s - in com.hhimanshu.persistence.entities.Author_getId_13149995837
[INFO] Running com.hhimanshu.persistence.entities.Author_toString_16896839574
[INFO] Tests run: 1, Failures: 0, Errors: 0, Skipped: 0, Time elapsed: 0 s - in com.hhimanshu.persistence.entities.Author_toString_16896839574
[INFO] Running com.hhimanshu.persistence.entities.Book_init_13005511281
[INFO] Tests run: 1, Failures: 0, Errors: 0, Skipped: 0, Time elapsed: 0 s - in com.hhimanshu.persistence.entities.Book_init_13005511281
[INFO] Running com.hhimanshu.persistence.entities.Book_getName_8605865809
[INFO] Tests run: 1, Failures: 0, Errors: 0, Skipped: 0, Time elapsed: 0 s - in com.hhimanshu.persistence.entities.Book_getName_8605865809
[INFO] Running com.hhimanshu.persistence.entities.Author_getName_5579262183
[INFO] Tests run: 1, Failures: 0, Errors: 0, Skipped: 0, Time elapsed: 0 s - in com.hhimanshu.persistence.entities.Author_getName_5579262183
[INFO] Running com.hhimanshu.persistence.entities.Book_toString_27117115911
[INFO] Tests run: 1, Failures: 0, Errors: 0, Skipped: 0, Time elapsed: 0.001 s - in com.hhimanshu.persistence.entities.Book_toString_27117115911
[INFO] Running com.hhimanshu.persistence.entities.Book_getId_5038967912
[INFO] Tests run: 1, Failures: 0, Errors: 0, Skipped: 0, Time elapsed: 0 s - in com.hhimanshu.persistence.entities.Book_getId_5038967912
[INFO] Running com.hhimanshu.persistence.entities.Author_getName_5579262188
[INFO] Tests run: 1, Failures: 0, Errors: 0, Skipped: 0, Time elapsed: 0 s - in com.hhimanshu.persistence.entities.Author_getName_5579262188
[INFO] Running com.hhimanshu.persistence.entities.Book_getAuthor_5525417304
[INFO] Tests run: 1, Failures: 0, Errors: 0, Skipped: 0, Time elapsed: 0 s - in com.hhimanshu.persistence.entities.Book_getAuthor_5525417304
[INFO] Running com.hhimanshu.persistence.entities.Author_getId_13149995832
[INFO] Tests run: 1, Failures: 0, Errors: 0, Skipped: 0, Time elapsed: 0 s - in com.hhimanshu.persistence.entities.Author_getId_13149995832
[INFO] Running com.hhimanshu.persistence.entities.Book_getId_5038967918
[INFO] Tests run: 1, Failures: 0, Errors: 0, Skipped: 0, Time elapsed: 0 s - in com.hhimanshu.persistence.entities.Book_getId_5038967918
[INFO] Running com.hhimanshu.SpringBootLiquibaseApplication_init_8329935692
[INFO] Tests run: 1, Failures: 0, Errors: 0, Skipped: 0, Time elapsed: 0 s - in com.hhimanshu.SpringBootLiquibaseApplication_init_8329935692
[INFO] Running com.hhimanshu.SpringBootLiquibaseApplication_init_8329935690
[INFO] Tests run: 1, Failures: 0, Errors: 0, Skipped: 0, Time elapsed: 0 s - in com.hhimanshu.SpringBootLiquibaseApplication_init_8329935690
2026-04-08 01:11:35.074  INFO 73 --- [extShutdownHook] j.LocalContainerEntityManagerFactoryBean : Closing JPA EntityManagerFactory for persistence unit 'default'
2026-04-08 01:11:35.076  INFO 73 --- [extShutdownHook] o.s.s.concurrent.ThreadPoolTaskExecutor  : Shutting down ExecutorService 'applicationTaskExecutor'
2026-04-08 01:11:35.076  INFO 73 --- [extShutdownHook] com.zaxxer.hikari.HikariDataSource       : HikariPool-1 - Shutdown initiated...
2026-04-08 01:11:35.080  INFO 73 --- [extShutdownHook] com.zaxxer.hikari.HikariDataSource       : HikariPool-1 - Shutdown completed.
2026-04-08 01:11:35.205  INFO 73 --- [extShutdownHook] j.LocalContainerEntityManagerFactoryBean : Closing JPA EntityManagerFactory for persistence unit 'default'
2026-04-08 01:11:35.205  INFO 73 --- [extShutdownHook] o.s.s.concurrent.ThreadPoolTaskExecutor  : Shutting down ExecutorService 'applicationTaskExecutor'
2026-04-08 01:11:35.206  INFO 73 --- [extShutdownHook] com.zaxxer.hikari.HikariDataSource       : HikariPool-2 - Shutdown initiated...
2026-04-08 01:11:35.208  INFO 73 --- [extShutdownHook] com.zaxxer.hikari.HikariDataSource       : HikariPool-2 - Shutdown completed.
[INFO] 
[INFO] Results:
[INFO] 
[ERROR] Errors: 
[ERROR]   SpringBootLiquibaseApplication_main_4564305653.test:44 » IllegalArgument Args ...
[ERROR]   AuthorsManager_getAllAuthors_1139679950.test:40 » NullPointer
[ERROR]   BooksManager_getAllBooks_17791210970.test:40 » NullPointer
[INFO] 
[ERROR] Tests run: 31, Failures: 0, Errors: 3, Skipped: 0
[INFO] 
[ERROR] There are test failures.

Please refer to /app/target/surefire-reports for the individual test results.
Please refer to dump files (if any exist) [date].dump, [date]-jvmRun[N].dump and [date].dumpstream.
[INFO] 
[INFO] --- jacoco-maven-plugin:0.8.11:report (report) @ spring-boot-liquibase ---
[INFO] Loading execution data file /app/target/jacoco.exec
[INFO] Analyzed bundle 'spring-boot-liquibase' with 5 classes
[INFO] 
[INFO] --- jacoco-maven-plugin:0.8.11:report (default-cli) @ spring-boot-liquibase ---
[INFO] Loading execution data file /app/target/jacoco.exec
[INFO] Analyzed bundle 'spring-boot-liquibase' with 5 classes
[INFO] ------------------------------------------------------------------------
[INFO] BUILD SUCCESS
[INFO] ------------------------------------------------------------------------
[INFO] Total time:  9.530 s
[INFO] Finished at: 2026-04-08T01:11:35Z
[INFO] ------------------------------------------------------------------------
