[INFO] Scanning for projects...
[INFO] 
[INFO] ----------------< com.hhimanshu:spring-boot-liquibase >-----------------
[INFO] Building spring-boot-liquibase 0.0.1-SNAPSHOT
[INFO] --------------------------------[ jar ]---------------------------------
[INFO] 
[INFO] --- maven-clean-plugin:3.1.0:clean (default-clean) @ spring-boot-liquibase ---
[INFO] Deleting /app/target
[INFO] 
[INFO] --- jacoco-maven-plugin:0.8.11:prepare-agent (default) @ spring-boot-liquibase ---
[INFO] argLine set to -javaagent:/root/.m2/repository/org/jacoco/org.jacoco.agent/0.8.11/org.jacoco.agent-0.8.11-runtime.jar=destfile=/app/target/jacoco.exec
[INFO] 
[INFO] --- maven-resources-plugin:3.1.0:resources (default-resources) @ spring-boot-liquibase ---
[INFO] Using 'UTF-8' encoding to copy filtered resources.
[INFO] Copying 1 resource
[INFO] Copying 4 resources
[INFO] 
[INFO] --- maven-compiler-plugin:3.8.1:compile (default-compile) @ spring-boot-liquibase ---
[INFO] Changes detected - recompiling the module!
[INFO] Compiling 7 source files to /app/target/classes
[INFO] 
[INFO] --- build-helper-maven-plugin:3.3.0:add-test-source (add-kex-test-source) @ spring-boot-liquibase ---
[INFO] Test Source directory: /app/src/test/java/kex-tests added.
[INFO] 
[INFO] --- maven-resources-plugin:3.1.0:testResources (default-testResources) @ spring-boot-liquibase ---
[INFO] Using 'UTF-8' encoding to copy filtered resources.
[INFO] skip non existing resourceDirectory /app/src/test/resources
[INFO] 
[INFO] --- maven-compiler-plugin:3.8.1:testCompile (default-testCompile) @ spring-boot-liquibase ---
[INFO] Changes detected - recompiling the module!
[INFO] Compiling 3 source files to /app/target/test-classes
[INFO] 
[INFO] --- maven-surefire-plugin:2.22.2:test (default-test) @ spring-boot-liquibase ---
[INFO] 
[INFO] -------------------------------------------------------
[INFO]  T E S T S
[INFO] -------------------------------------------------------
02:07:45.401 [main] DEBUG org.springframework.test.context.junit4.SpringJUnit4ClassRunner - SpringJUnit4ClassRunner constructor called with [class com.hhimanshu.business.AuthorsManagerTest]
02:07:45.406 [main] DEBUG org.springframework.test.context.BootstrapUtils - Instantiating CacheAwareContextLoaderDelegate from class [org.springframework.test.context.cache.DefaultCacheAwareContextLoaderDelegate]
02:07:45.423 [main] DEBUG org.springframework.test.context.BootstrapUtils - Instantiating BootstrapContext using constructor [public org.springframework.test.context.support.DefaultBootstrapContext(java.lang.Class,org.springframework.test.context.CacheAwareContextLoaderDelegate)]
02:07:45.473 [main] DEBUG org.springframework.test.context.BootstrapUtils - Instantiating TestContextBootstrapper for test class [com.hhimanshu.business.AuthorsManagerTest] from class [org.springframework.boot.test.context.SpringBootTestContextBootstrapper]
02:07:45.498 [main] INFO org.springframework.boot.test.context.SpringBootTestContextBootstrapper - Neither @ContextConfiguration nor @ContextHierarchy found for test class [com.hhimanshu.business.AuthorsManagerTest], using SpringBootContextLoader
02:07:45.507 [main] DEBUG org.springframework.test.context.support.AbstractContextLoader - Did not detect default resource location for test class [com.hhimanshu.business.AuthorsManagerTest]: class path resource [com/hhimanshu/business/AuthorsManagerTest-context.xml] does not exist
02:07:45.507 [main] DEBUG org.springframework.test.context.support.AbstractContextLoader - Did not detect default resource location for test class [com.hhimanshu.business.AuthorsManagerTest]: class path resource [com/hhimanshu/business/AuthorsManagerTestContext.groovy] does not exist
02:07:45.508 [main] INFO org.springframework.test.context.support.AbstractContextLoader - Could not detect default resource locations for test class [com.hhimanshu.business.AuthorsManagerTest]: no resource found for suffixes {-context.xml, Context.groovy}.
02:07:45.509 [main] INFO org.springframework.test.context.support.AnnotationConfigContextLoaderUtils - Could not detect default configuration classes for test class [com.hhimanshu.business.AuthorsManagerTest]: AuthorsManagerTest does not declare any static, non-private, non-final, nested classes annotated with @Configuration.
02:07:45.561 [main] DEBUG org.springframework.test.context.support.ActiveProfilesUtils - Could not find an 'annotation declaring class' for annotation type [org.springframework.test.context.ActiveProfiles] and class [com.hhimanshu.business.AuthorsManagerTest]
02:07:45.644 [main] DEBUG org.springframework.context.annotation.ClassPathScanningCandidateComponentProvider - Identified candidate component class: file [/app/target/classes/com/hhimanshu/SpringBootLiquibaseApplication.class]
02:07:45.645 [main] INFO org.springframework.boot.test.context.SpringBootTestContextBootstrapper - Found @SpringBootConfiguration com.hhimanshu.SpringBootLiquibaseApplication for test class com.hhimanshu.business.AuthorsManagerTest
02:07:45.759 [main] DEBUG org.springframework.boot.test.context.SpringBootTestContextBootstrapper - @TestExecutionListeners is not present for class [com.hhimanshu.business.AuthorsManagerTest]: using defaults.
02:07:45.760 [main] INFO org.springframework.boot.test.context.SpringBootTestContextBootstrapper - Loaded default TestExecutionListener class names from location [META-INF/spring.factories]: [org.springframework.boot.test.mock.mockito.MockitoTestExecutionListener, org.springframework.boot.test.mock.mockito.ResetMocksTestExecutionListener, org.springframework.boot.test.autoconfigure.restdocs.RestDocsTestExecutionListener, org.springframework.boot.test.autoconfigure.web.client.MockRestServiceServerResetTestExecutionListener, org.springframework.boot.test.autoconfigure.web.servlet.MockMvcPrintOnlyOnFailureTestExecutionListener, org.springframework.boot.test.autoconfigure.web.servlet.WebDriverTestExecutionListener, org.springframework.boot.test.autoconfigure.webservices.client.MockWebServiceServerTestExecutionListener, org.springframework.test.context.web.ServletTestExecutionListener, org.springframework.test.context.support.DirtiesContextBeforeModesTestExecutionListener, org.springframework.test.context.support.DependencyInjectionTestExecutionListener, org.springframework.test.context.support.DirtiesContextTestExecutionListener, org.springframework.test.context.transaction.TransactionalTestExecutionListener, org.springframework.test.context.jdbc.SqlScriptsTestExecutionListener, org.springframework.test.context.event.EventPublishingTestExecutionListener]
02:07:45.784 [main] INFO org.springframework.boot.test.context.SpringBootTestContextBootstrapper - Using TestExecutionListeners: [org.springframework.test.context.web.ServletTestExecutionListener@c6a692e, org.springframework.test.context.support.DirtiesContextBeforeModesTestExecutionListener@27502e5c, org.springframework.boot.test.mock.mockito.MockitoTestExecutionListener@4b343b6d, org.springframework.boot.test.autoconfigure.SpringBootDependencyInjectionTestExecutionListener@17d2b646, org.springframework.test.context.support.DirtiesContextTestExecutionListener@48ae9e8b, org.springframework.test.context.transaction.TransactionalTestExecutionListener@6eaa6b0c, org.springframework.test.context.jdbc.SqlScriptsTestExecutionListener@4afcae7, org.springframework.test.context.event.EventPublishingTestExecutionListener@6cd2cb2, org.springframework.boot.test.mock.mockito.ResetMocksTestExecutionListener@3a2bb026, org.springframework.boot.test.autoconfigure.restdocs.RestDocsTestExecutionListener@7645e64, org.springframework.boot.test.autoconfigure.web.client.MockRestServiceServerResetTestExecutionListener@7de6549d, org.springframework.boot.test.autoconfigure.web.servlet.MockMvcPrintOnlyOnFailureTestExecutionListener@12214f2f, org.springframework.boot.test.autoconfigure.web.servlet.WebDriverTestExecutionListener@756c67cd, org.springframework.boot.test.autoconfigure.webservices.client.MockWebServiceServerTestExecutionListener@50de907a]
02:07:45.786 [main] DEBUG org.springframework.test.annotation.ProfileValueUtils - Retrieved @ProfileValueSourceConfiguration [null] for test class [com.hhimanshu.business.AuthorsManagerTest]
02:07:45.787 [main] DEBUG org.springframework.test.annotation.ProfileValueUtils - Retrieved ProfileValueSource type [class org.springframework.test.annotation.SystemProfileValueSource] for class [com.hhimanshu.business.AuthorsManagerTest]
02:07:45.789 [main] DEBUG org.springframework.test.annotation.ProfileValueUtils - Retrieved @ProfileValueSourceConfiguration [null] for test class [com.hhimanshu.business.AuthorsManagerTest]
02:07:45.789 [main] DEBUG org.springframework.test.annotation.ProfileValueUtils - Retrieved ProfileValueSource type [class org.springframework.test.annotation.SystemProfileValueSource] for class [com.hhimanshu.business.AuthorsManagerTest]
02:07:45.793 [main] DEBUG org.springframework.test.annotation.ProfileValueUtils - Retrieved @ProfileValueSourceConfiguration [null] for test class [com.hhimanshu.business.AuthorsManagerTest]
02:07:45.793 [main] DEBUG org.springframework.test.annotation.ProfileValueUtils - Retrieved ProfileValueSource type [class org.springframework.test.annotation.SystemProfileValueSource] for class [com.hhimanshu.business.AuthorsManagerTest]
02:07:45.849 [main] DEBUG org.springframework.test.context.junit4.SpringJUnit4ClassRunner - SpringJUnit4ClassRunner constructor called with [class com.hhimanshu.business.BooksManagerTest]
02:07:45.850 [main] DEBUG org.springframework.test.context.BootstrapUtils - Instantiating CacheAwareContextLoaderDelegate from class [org.springframework.test.context.cache.DefaultCacheAwareContextLoaderDelegate]
02:07:45.850 [main] DEBUG org.springframework.test.context.BootstrapUtils - Instantiating BootstrapContext using constructor [public org.springframework.test.context.support.DefaultBootstrapContext(java.lang.Class,org.springframework.test.context.CacheAwareContextLoaderDelegate)]
02:07:45.851 [main] DEBUG org.springframework.test.context.BootstrapUtils - Instantiating TestContextBootstrapper for test class [com.hhimanshu.business.BooksManagerTest] from class [org.springframework.boot.test.context.SpringBootTestContextBootstrapper]
02:07:45.852 [main] INFO org.springframework.boot.test.context.SpringBootTestContextBootstrapper - Neither @ContextConfiguration nor @ContextHierarchy found for test class [com.hhimanshu.business.BooksManagerTest], using SpringBootContextLoader
02:07:45.853 [main] DEBUG org.springframework.test.context.support.AbstractContextLoader - Did not detect default resource location for test class [com.hhimanshu.business.BooksManagerTest]: class path resource [com/hhimanshu/business/BooksManagerTest-context.xml] does not exist
02:07:45.853 [main] DEBUG org.springframework.test.context.support.AbstractContextLoader - Did not detect default resource location for test class [com.hhimanshu.business.BooksManagerTest]: class path resource [com/hhimanshu/business/BooksManagerTestContext.groovy] does not exist
02:07:45.854 [main] INFO org.springframework.test.context.support.AbstractContextLoader - Could not detect default resource locations for test class [com.hhimanshu.business.BooksManagerTest]: no resource found for suffixes {-context.xml, Context.groovy}.
02:07:45.854 [main] INFO org.springframework.test.context.support.AnnotationConfigContextLoaderUtils - Could not detect default configuration classes for test class [com.hhimanshu.business.BooksManagerTest]: BooksManagerTest does not declare any static, non-private, non-final, nested classes annotated with @Configuration.
02:07:45.856 [main] DEBUG org.springframework.test.context.support.ActiveProfilesUtils - Could not find an 'annotation declaring class' for annotation type [org.springframework.test.context.ActiveProfiles] and class [com.hhimanshu.business.BooksManagerTest]
02:07:45.856 [main] INFO org.springframework.boot.test.context.SpringBootTestContextBootstrapper - Found @SpringBootConfiguration com.hhimanshu.SpringBootLiquibaseApplication for test class com.hhimanshu.business.BooksManagerTest
02:07:45.858 [main] DEBUG org.springframework.boot.test.context.SpringBootTestContextBootstrapper - @TestExecutionListeners is not present for class [com.hhimanshu.business.BooksManagerTest]: using defaults.
02:07:45.858 [main] INFO org.springframework.boot.test.context.SpringBootTestContextBootstrapper - Loaded default TestExecutionListener class names from location [META-INF/spring.factories]: [org.springframework.boot.test.mock.mockito.MockitoTestExecutionListener, org.springframework.boot.test.mock.mockito.ResetMocksTestExecutionListener, org.springframework.boot.test.autoconfigure.restdocs.RestDocsTestExecutionListener, org.springframework.boot.test.autoconfigure.web.client.MockRestServiceServerResetTestExecutionListener, org.springframework.boot.test.autoconfigure.web.servlet.MockMvcPrintOnlyOnFailureTestExecutionListener, org.springframework.boot.test.autoconfigure.web.servlet.WebDriverTestExecutionListener, org.springframework.boot.test.autoconfigure.webservices.client.MockWebServiceServerTestExecutionListener, org.springframework.test.context.web.ServletTestExecutionListener, org.springframework.test.context.support.DirtiesContextBeforeModesTestExecutionListener, org.springframework.test.context.support.DependencyInjectionTestExecutionListener, org.springframework.test.context.support.DirtiesContextTestExecutionListener, org.springframework.test.context.transaction.TransactionalTestExecutionListener, org.springframework.test.context.jdbc.SqlScriptsTestExecutionListener, org.springframework.test.context.event.EventPublishingTestExecutionListener]
02:07:45.859 [main] INFO org.springframework.boot.test.context.SpringBootTestContextBootstrapper - Using TestExecutionListeners: [org.springframework.test.context.web.ServletTestExecutionListener@403f7aa2, org.springframework.test.context.support.DirtiesContextBeforeModesTestExecutionListener@545604a9, org.springframework.boot.test.mock.mockito.MockitoTestExecutionListener@1029cf9, org.springframework.boot.test.autoconfigure.SpringBootDependencyInjectionTestExecutionListener@1c0e4262, org.springframework.test.context.support.DirtiesContextTestExecutionListener@27dfd12b, org.springframework.test.context.transaction.TransactionalTestExecutionListener@4348fa35, org.springframework.test.context.jdbc.SqlScriptsTestExecutionListener@563843f1, org.springframework.test.context.event.EventPublishingTestExecutionListener@38cb1606, org.springframework.boot.test.mock.mockito.ResetMocksTestExecutionListener@61c4cebd, org.springframework.boot.test.autoconfigure.restdocs.RestDocsTestExecutionListener@655909e2, org.springframework.boot.test.autoconfigure.web.client.MockRestServiceServerResetTestExecutionListener@716ae973, org.springframework.boot.test.autoconfigure.web.servlet.MockMvcPrintOnlyOnFailureTestExecutionListener@1171ba7e, org.springframework.boot.test.autoconfigure.web.servlet.WebDriverTestExecutionListener@56872fcb, org.springframework.boot.test.autoconfigure.webservices.client.MockWebServiceServerTestExecutionListener@7b3c2ae0]
02:07:45.859 [main] DEBUG org.springframework.test.annotation.ProfileValueUtils - Retrieved @ProfileValueSourceConfiguration [null] for test class [com.hhimanshu.business.BooksManagerTest]
02:07:45.859 [main] DEBUG org.springframework.test.annotation.ProfileValueUtils - Retrieved ProfileValueSource type [class org.springframework.test.annotation.SystemProfileValueSource] for class [com.hhimanshu.business.BooksManagerTest]
02:07:45.860 [main] DEBUG org.springframework.test.annotation.ProfileValueUtils - Retrieved @ProfileValueSourceConfiguration [null] for test class [com.hhimanshu.business.BooksManagerTest]
02:07:45.860 [main] DEBUG org.springframework.test.annotation.ProfileValueUtils - Retrieved ProfileValueSource type [class org.springframework.test.annotation.SystemProfileValueSource] for class [com.hhimanshu.business.BooksManagerTest]
02:07:45.860 [main] DEBUG org.springframework.test.annotation.ProfileValueUtils - Retrieved @ProfileValueSourceConfiguration [null] for test class [com.hhimanshu.business.BooksManagerTest]
02:07:45.860 [main] DEBUG org.springframework.test.annotation.ProfileValueUtils - Retrieved ProfileValueSource type [class org.springframework.test.annotation.SystemProfileValueSource] for class [com.hhimanshu.business.BooksManagerTest]
02:07:45.862 [main] DEBUG org.springframework.test.context.junit4.SpringJUnit4ClassRunner - SpringJUnit4ClassRunner constructor called with [class com.hhimanshu.SpringBootLiquibaseApplicationTests]
02:07:45.862 [main] DEBUG org.springframework.test.context.BootstrapUtils - Instantiating CacheAwareContextLoaderDelegate from class [org.springframework.test.context.cache.DefaultCacheAwareContextLoaderDelegate]
02:07:45.863 [main] DEBUG org.springframework.test.context.BootstrapUtils - Instantiating BootstrapContext using constructor [public org.springframework.test.context.support.DefaultBootstrapContext(java.lang.Class,org.springframework.test.context.CacheAwareContextLoaderDelegate)]
02:07:45.863 [main] DEBUG org.springframework.test.context.BootstrapUtils - Instantiating TestContextBootstrapper for test class [com.hhimanshu.SpringBootLiquibaseApplicationTests] from class [org.springframework.boot.test.context.SpringBootTestContextBootstrapper]
02:07:45.864 [main] INFO org.springframework.boot.test.context.SpringBootTestContextBootstrapper - Neither @ContextConfiguration nor @ContextHierarchy found for test class [com.hhimanshu.SpringBootLiquibaseApplicationTests], using SpringBootContextLoader
02:07:45.865 [main] DEBUG org.springframework.test.context.support.AbstractContextLoader - Did not detect default resource location for test class [com.hhimanshu.SpringBootLiquibaseApplicationTests]: class path resource [com/hhimanshu/SpringBootLiquibaseApplicationTests-context.xml] does not exist
02:07:45.865 [main] DEBUG org.springframework.test.context.support.AbstractContextLoader - Did not detect default resource location for test class [com.hhimanshu.SpringBootLiquibaseApplicationTests]: class path resource [com/hhimanshu/SpringBootLiquibaseApplicationTestsContext.groovy] does not exist
02:07:45.865 [main] INFO org.springframework.test.context.support.AbstractContextLoader - Could not detect default resource locations for test class [com.hhimanshu.SpringBootLiquibaseApplicationTests]: no resource found for suffixes {-context.xml, Context.groovy}.
02:07:45.865 [main] INFO org.springframework.test.context.support.AnnotationConfigContextLoaderUtils - Could not detect default configuration classes for test class [com.hhimanshu.SpringBootLiquibaseApplicationTests]: SpringBootLiquibaseApplicationTests does not declare any static, non-private, non-final, nested classes annotated with @Configuration.
02:07:45.867 [main] DEBUG org.springframework.test.context.support.ActiveProfilesUtils - Could not find an 'annotation declaring class' for annotation type [org.springframework.test.context.ActiveProfiles] and class [com.hhimanshu.SpringBootLiquibaseApplicationTests]
02:07:45.868 [main] DEBUG org.springframework.context.annotation.ClassPathScanningCandidateComponentProvider - Identified candidate component class: file [/app/target/classes/com/hhimanshu/SpringBootLiquibaseApplication.class]
02:07:45.869 [main] INFO org.springframework.boot.test.context.SpringBootTestContextBootstrapper - Found @SpringBootConfiguration com.hhimanshu.SpringBootLiquibaseApplication for test class com.hhimanshu.SpringBootLiquibaseApplicationTests
02:07:45.871 [main] DEBUG org.springframework.boot.test.context.SpringBootTestContextBootstrapper - @TestExecutionListeners is not present for class [com.hhimanshu.SpringBootLiquibaseApplicationTests]: using defaults.
02:07:45.871 [main] INFO org.springframework.boot.test.context.SpringBootTestContextBootstrapper - Loaded default TestExecutionListener class names from location [META-INF/spring.factories]: [org.springframework.boot.test.mock.mockito.MockitoTestExecutionListener, org.springframework.boot.test.mock.mockito.ResetMocksTestExecutionListener, org.springframework.boot.test.autoconfigure.restdocs.RestDocsTestExecutionListener, org.springframework.boot.test.autoconfigure.web.client.MockRestServiceServerResetTestExecutionListener, org.springframework.boot.test.autoconfigure.web.servlet.MockMvcPrintOnlyOnFailureTestExecutionListener, org.springframework.boot.test.autoconfigure.web.servlet.WebDriverTestExecutionListener, org.springframework.boot.test.autoconfigure.webservices.client.MockWebServiceServerTestExecutionListener, org.springframework.test.context.web.ServletTestExecutionListener, org.springframework.test.context.support.DirtiesContextBeforeModesTestExecutionListener, org.springframework.test.context.support.DependencyInjectionTestExecutionListener, org.springframework.test.context.support.DirtiesContextTestExecutionListener, org.springframework.test.context.transaction.TransactionalTestExecutionListener, org.springframework.test.context.jdbc.SqlScriptsTestExecutionListener, org.springframework.test.context.event.EventPublishingTestExecutionListener]
02:07:45.871 [main] INFO org.springframework.boot.test.context.SpringBootTestContextBootstrapper - Using TestExecutionListeners: [org.springframework.test.context.web.ServletTestExecutionListener@32f308c6, org.springframework.test.context.support.DirtiesContextBeforeModesTestExecutionListener@5f2b9da8, org.springframework.boot.test.mock.mockito.MockitoTestExecutionListener@698ac187, org.springframework.boot.test.autoconfigure.SpringBootDependencyInjectionTestExecutionListener@4fea5ee0, org.springframework.test.context.support.DirtiesContextTestExecutionListener@65f5cae3, org.springframework.test.context.transaction.TransactionalTestExecutionListener@6630dd28, org.springframework.test.context.jdbc.SqlScriptsTestExecutionListener@5909ae90, org.springframework.test.context.event.EventPublishingTestExecutionListener@4489f60f, org.springframework.boot.test.mock.mockito.ResetMocksTestExecutionListener@fe08eaf, org.springframework.boot.test.autoconfigure.restdocs.RestDocsTestExecutionListener@6fd9dbe6, org.springframework.boot.test.autoconfigure.web.client.MockRestServiceServerResetTestExecutionListener@7b3085a3, org.springframework.boot.test.autoconfigure.web.servlet.MockMvcPrintOnlyOnFailureTestExecutionListener@70022d44, org.springframework.boot.test.autoconfigure.web.servlet.WebDriverTestExecutionListener@7b1c501d, org.springframework.boot.test.autoconfigure.webservices.client.MockWebServiceServerTestExecutionListener@5abbb273]
02:07:45.872 [main] DEBUG org.springframework.test.annotation.ProfileValueUtils - Retrieved @ProfileValueSourceConfiguration [null] for test class [com.hhimanshu.SpringBootLiquibaseApplicationTests]
02:07:45.872 [main] DEBUG org.springframework.test.annotation.ProfileValueUtils - Retrieved ProfileValueSource type [class org.springframework.test.annotation.SystemProfileValueSource] for class [com.hhimanshu.SpringBootLiquibaseApplicationTests]
02:07:45.872 [main] DEBUG org.springframework.test.annotation.ProfileValueUtils - Retrieved @ProfileValueSourceConfiguration [null] for test class [com.hhimanshu.SpringBootLiquibaseApplicationTests]
02:07:45.872 [main] DEBUG org.springframework.test.annotation.ProfileValueUtils - Retrieved ProfileValueSource type [class org.springframework.test.annotation.SystemProfileValueSource] for class [com.hhimanshu.SpringBootLiquibaseApplicationTests]
02:07:45.872 [main] DEBUG org.springframework.test.annotation.ProfileValueUtils - Retrieved @ProfileValueSourceConfiguration [null] for test class [com.hhimanshu.SpringBootLiquibaseApplicationTests]
02:07:45.873 [main] DEBUG org.springframework.test.annotation.ProfileValueUtils - Retrieved ProfileValueSource type [class org.springframework.test.annotation.SystemProfileValueSource] for class [com.hhimanshu.SpringBootLiquibaseApplicationTests]
02:07:45.880 [main] DEBUG org.springframework.test.context.junit4.SpringJUnit4ClassRunner - SpringJUnit4ClassRunner constructor called with [class com.hhimanshu.business.AuthorsManagerTest]
02:07:45.880 [main] DEBUG org.springframework.test.context.BootstrapUtils - Instantiating CacheAwareContextLoaderDelegate from class [org.springframework.test.context.cache.DefaultCacheAwareContextLoaderDelegate]
02:07:45.880 [main] DEBUG org.springframework.test.context.BootstrapUtils - Instantiating BootstrapContext using constructor [public org.springframework.test.context.support.DefaultBootstrapContext(java.lang.Class,org.springframework.test.context.CacheAwareContextLoaderDelegate)]
02:07:45.881 [main] DEBUG org.springframework.test.context.BootstrapUtils - Instantiating TestContextBootstrapper for test class [com.hhimanshu.business.AuthorsManagerTest] from class [org.springframework.boot.test.context.SpringBootTestContextBootstrapper]
02:07:45.881 [main] INFO org.springframework.boot.test.context.SpringBootTestContextBootstrapper - Neither @ContextConfiguration nor @ContextHierarchy found for test class [com.hhimanshu.business.AuthorsManagerTest], using SpringBootContextLoader
02:07:45.881 [main] DEBUG org.springframework.test.context.support.AbstractContextLoader - Did not detect default resource location for test class [com.hhimanshu.business.AuthorsManagerTest]: class path resource [com/hhimanshu/business/AuthorsManagerTest-context.xml] does not exist
02:07:45.882 [main] DEBUG org.springframework.test.context.support.AbstractContextLoader - Did not detect default resource location for test class [com.hhimanshu.business.AuthorsManagerTest]: class path resource [com/hhimanshu/business/AuthorsManagerTestContext.groovy] does not exist
02:07:45.882 [main] INFO org.springframework.test.context.support.AbstractContextLoader - Could not detect default resource locations for test class [com.hhimanshu.business.AuthorsManagerTest]: no resource found for suffixes {-context.xml, Context.groovy}.
02:07:45.882 [main] INFO org.springframework.test.context.support.AnnotationConfigContextLoaderUtils - Could not detect default configuration classes for test class [com.hhimanshu.business.AuthorsManagerTest]: AuthorsManagerTest does not declare any static, non-private, non-final, nested classes annotated with @Configuration.
02:07:45.883 [main] DEBUG org.springframework.test.context.support.ActiveProfilesUtils - Could not find an 'annotation declaring class' for annotation type [org.springframework.test.context.ActiveProfiles] and class [com.hhimanshu.business.AuthorsManagerTest]
02:07:45.884 [main] INFO org.springframework.boot.test.context.SpringBootTestContextBootstrapper - Found @SpringBootConfiguration com.hhimanshu.SpringBootLiquibaseApplication for test class com.hhimanshu.business.AuthorsManagerTest
02:07:45.886 [main] DEBUG org.springframework.boot.test.context.SpringBootTestContextBootstrapper - @TestExecutionListeners is not present for class [com.hhimanshu.business.AuthorsManagerTest]: using defaults.
02:07:45.886 [main] INFO org.springframework.boot.test.context.SpringBootTestContextBootstrapper - Loaded default TestExecutionListener class names from location [META-INF/spring.factories]: [org.springframework.boot.test.mock.mockito.MockitoTestExecutionListener, org.springframework.boot.test.mock.mockito.ResetMocksTestExecutionListener, org.springframework.boot.test.autoconfigure.restdocs.RestDocsTestExecutionListener, org.springframework.boot.test.autoconfigure.web.client.MockRestServiceServerResetTestExecutionListener, org.springframework.boot.test.autoconfigure.web.servlet.MockMvcPrintOnlyOnFailureTestExecutionListener, org.springframework.boot.test.autoconfigure.web.servlet.WebDriverTestExecutionListener, org.springframework.boot.test.autoconfigure.webservices.client.MockWebServiceServerTestExecutionListener, org.springframework.test.context.web.ServletTestExecutionListener, org.springframework.test.context.support.DirtiesContextBeforeModesTestExecutionListener, org.springframework.test.context.support.DependencyInjectionTestExecutionListener, org.springframework.test.context.support.DirtiesContextTestExecutionListener, org.springframework.test.context.transaction.TransactionalTestExecutionListener, org.springframework.test.context.jdbc.SqlScriptsTestExecutionListener, org.springframework.test.context.event.EventPublishingTestExecutionListener]
02:07:45.886 [main] INFO org.springframework.boot.test.context.SpringBootTestContextBootstrapper - Using TestExecutionListeners: [org.springframework.test.context.web.ServletTestExecutionListener@a99c42c, org.springframework.test.context.support.DirtiesContextBeforeModesTestExecutionListener@2fa879ed, org.springframework.boot.test.mock.mockito.MockitoTestExecutionListener@2b2b7e3c, org.springframework.boot.test.autoconfigure.SpringBootDependencyInjectionTestExecutionListener@3ec082a1, org.springframework.test.context.support.DirtiesContextTestExecutionListener@7a3c99f1, org.springframework.test.context.transaction.TransactionalTestExecutionListener@16b7e04a, org.springframework.test.context.jdbc.SqlScriptsTestExecutionListener@661db63e, org.springframework.test.context.event.EventPublishingTestExecutionListener@5cf2f5d6, org.springframework.boot.test.mock.mockito.ResetMocksTestExecutionListener@429f0ca8, org.springframework.boot.test.autoconfigure.restdocs.RestDocsTestExecutionListener@6b030101, org.springframework.boot.test.autoconfigure.web.client.MockRestServiceServerResetTestExecutionListener@60a4e619, org.springframework.boot.test.autoconfigure.web.servlet.MockMvcPrintOnlyOnFailureTestExecutionListener@2bb3f39e, org.springframework.boot.test.autoconfigure.web.servlet.WebDriverTestExecutionListener@11f3400c, org.springframework.boot.test.autoconfigure.webservices.client.MockWebServiceServerTestExecutionListener@628b503a]
02:07:45.887 [main] DEBUG org.springframework.test.annotation.ProfileValueUtils - Retrieved @ProfileValueSourceConfiguration [null] for test class [com.hhimanshu.business.AuthorsManagerTest]
02:07:45.887 [main] DEBUG org.springframework.test.annotation.ProfileValueUtils - Retrieved ProfileValueSource type [class org.springframework.test.annotation.SystemProfileValueSource] for class [com.hhimanshu.business.AuthorsManagerTest]
02:07:45.887 [main] DEBUG org.springframework.test.annotation.ProfileValueUtils - Retrieved @ProfileValueSourceConfiguration [null] for test class [com.hhimanshu.business.AuthorsManagerTest]
02:07:45.887 [main] DEBUG org.springframework.test.annotation.ProfileValueUtils - Retrieved ProfileValueSource type [class org.springframework.test.annotation.SystemProfileValueSource] for class [com.hhimanshu.business.AuthorsManagerTest]
02:07:45.887 [main] DEBUG org.springframework.test.annotation.ProfileValueUtils - Retrieved @ProfileValueSourceConfiguration [null] for test class [com.hhimanshu.business.AuthorsManagerTest]
02:07:45.887 [main] DEBUG org.springframework.test.annotation.ProfileValueUtils - Retrieved ProfileValueSource type [class org.springframework.test.annotation.SystemProfileValueSource] for class [com.hhimanshu.business.AuthorsManagerTest]
02:07:45.888 [main] DEBUG org.springframework.test.context.junit4.SpringJUnit4ClassRunner - SpringJUnit4ClassRunner constructor called with [class com.hhimanshu.business.BooksManagerTest]
02:07:45.888 [main] DEBUG org.springframework.test.context.BootstrapUtils - Instantiating CacheAwareContextLoaderDelegate from class [org.springframework.test.context.cache.DefaultCacheAwareContextLoaderDelegate]
02:07:45.888 [main] DEBUG org.springframework.test.context.BootstrapUtils - Instantiating BootstrapContext using constructor [public org.springframework.test.context.support.DefaultBootstrapContext(java.lang.Class,org.springframework.test.context.CacheAwareContextLoaderDelegate)]
02:07:45.888 [main] DEBUG org.springframework.test.context.BootstrapUtils - Instantiating TestContextBootstrapper for test class [com.hhimanshu.business.BooksManagerTest] from class [org.springframework.boot.test.context.SpringBootTestContextBootstrapper]
02:07:45.889 [main] INFO org.springframework.boot.test.context.SpringBootTestContextBootstrapper - Neither @ContextConfiguration nor @ContextHierarchy found for test class [com.hhimanshu.business.BooksManagerTest], using SpringBootContextLoader
02:07:45.889 [main] DEBUG org.springframework.test.context.support.AbstractContextLoader - Did not detect default resource location for test class [com.hhimanshu.business.BooksManagerTest]: class path resource [com/hhimanshu/business/BooksManagerTest-context.xml] does not exist
02:07:45.889 [main] DEBUG org.springframework.test.context.support.AbstractContextLoader - Did not detect default resource location for test class [com.hhimanshu.business.BooksManagerTest]: class path resource [com/hhimanshu/business/BooksManagerTestContext.groovy] does not exist
02:07:45.890 [main] INFO org.springframework.test.context.support.AbstractContextLoader - Could not detect default resource locations for test class [com.hhimanshu.business.BooksManagerTest]: no resource found for suffixes {-context.xml, Context.groovy}.
02:07:45.890 [main] INFO org.springframework.test.context.support.AnnotationConfigContextLoaderUtils - Could not detect default configuration classes for test class [com.hhimanshu.business.BooksManagerTest]: BooksManagerTest does not declare any static, non-private, non-final, nested classes annotated with @Configuration.
02:07:45.891 [main] DEBUG org.springframework.test.context.support.ActiveProfilesUtils - Could not find an 'annotation declaring class' for annotation type [org.springframework.test.context.ActiveProfiles] and class [com.hhimanshu.business.BooksManagerTest]
02:07:45.891 [main] INFO org.springframework.boot.test.context.SpringBootTestContextBootstrapper - Found @SpringBootConfiguration com.hhimanshu.SpringBootLiquibaseApplication for test class com.hhimanshu.business.BooksManagerTest
02:07:45.893 [main] DEBUG org.springframework.boot.test.context.SpringBootTestContextBootstrapper - @TestExecutionListeners is not present for class [com.hhimanshu.business.BooksManagerTest]: using defaults.
02:07:45.893 [main] INFO org.springframework.boot.test.context.SpringBootTestContextBootstrapper - Loaded default TestExecutionListener class names from location [META-INF/spring.factories]: [org.springframework.boot.test.mock.mockito.MockitoTestExecutionListener, org.springframework.boot.test.mock.mockito.ResetMocksTestExecutionListener, org.springframework.boot.test.autoconfigure.restdocs.RestDocsTestExecutionListener, org.springframework.boot.test.autoconfigure.web.client.MockRestServiceServerResetTestExecutionListener, org.springframework.boot.test.autoconfigure.web.servlet.MockMvcPrintOnlyOnFailureTestExecutionListener, org.springframework.boot.test.autoconfigure.web.servlet.WebDriverTestExecutionListener, org.springframework.boot.test.autoconfigure.webservices.client.MockWebServiceServerTestExecutionListener, org.springframework.test.context.web.ServletTestExecutionListener, org.springframework.test.context.support.DirtiesContextBeforeModesTestExecutionListener, org.springframework.test.context.support.DependencyInjectionTestExecutionListener, org.springframework.test.context.support.DirtiesContextTestExecutionListener, org.springframework.test.context.transaction.TransactionalTestExecutionListener, org.springframework.test.context.jdbc.SqlScriptsTestExecutionListener, org.springframework.test.context.event.EventPublishingTestExecutionListener]
02:07:45.893 [main] INFO org.springframework.boot.test.context.SpringBootTestContextBootstrapper - Using TestExecutionListeners: [org.springframework.test.context.web.ServletTestExecutionListener@11c3ce6a, org.springframework.test.context.support.DirtiesContextBeforeModesTestExecutionListener@1a3b1f7e, org.springframework.boot.test.mock.mockito.MockitoTestExecutionListener@22899683, org.springframework.boot.test.autoconfigure.SpringBootDependencyInjectionTestExecutionListener@40017e98, org.springframework.test.context.support.DirtiesContextTestExecutionListener@4fbe486c, org.springframework.test.context.transaction.TransactionalTestExecutionListener@dbc7e0a, org.springframework.test.context.jdbc.SqlScriptsTestExecutionListener@636fccb0, org.springframework.test.context.event.EventPublishingTestExecutionListener@28519bfb, org.springframework.boot.test.mock.mockito.ResetMocksTestExecutionListener@15914bb5, org.springframework.boot.test.autoconfigure.restdocs.RestDocsTestExecutionListener@7b332b23, org.springframework.boot.test.autoconfigure.web.client.MockRestServiceServerResetTestExecutionListener@66a472b9, org.springframework.boot.test.autoconfigure.web.servlet.MockMvcPrintOnlyOnFailureTestExecutionListener@428eb3d5, org.springframework.boot.test.autoconfigure.web.servlet.WebDriverTestExecutionListener@5ddd84d2, org.springframework.boot.test.autoconfigure.webservices.client.MockWebServiceServerTestExecutionListener@3fd5d679]
02:07:45.893 [main] DEBUG org.springframework.test.annotation.ProfileValueUtils - Retrieved @ProfileValueSourceConfiguration [null] for test class [com.hhimanshu.business.BooksManagerTest]
02:07:45.893 [main] DEBUG org.springframework.test.annotation.ProfileValueUtils - Retrieved ProfileValueSource type [class org.springframework.test.annotation.SystemProfileValueSource] for class [com.hhimanshu.business.BooksManagerTest]
02:07:45.894 [main] DEBUG org.springframework.test.annotation.ProfileValueUtils - Retrieved @ProfileValueSourceConfiguration [null] for test class [com.hhimanshu.business.BooksManagerTest]
02:07:45.894 [main] DEBUG org.springframework.test.annotation.ProfileValueUtils - Retrieved ProfileValueSource type [class org.springframework.test.annotation.SystemProfileValueSource] for class [com.hhimanshu.business.BooksManagerTest]
02:07:45.894 [main] DEBUG org.springframework.test.annotation.ProfileValueUtils - Retrieved @ProfileValueSourceConfiguration [null] for test class [com.hhimanshu.business.BooksManagerTest]
02:07:45.894 [main] DEBUG org.springframework.test.annotation.ProfileValueUtils - Retrieved ProfileValueSource type [class org.springframework.test.annotation.SystemProfileValueSource] for class [com.hhimanshu.business.BooksManagerTest]
02:07:45.894 [main] DEBUG org.springframework.test.context.junit4.SpringJUnit4ClassRunner - SpringJUnit4ClassRunner constructor called with [class com.hhimanshu.SpringBootLiquibaseApplicationTests]
02:07:45.895 [main] DEBUG org.springframework.test.context.BootstrapUtils - Instantiating CacheAwareContextLoaderDelegate from class [org.springframework.test.context.cache.DefaultCacheAwareContextLoaderDelegate]
02:07:45.895 [main] DEBUG org.springframework.test.context.BootstrapUtils - Instantiating BootstrapContext using constructor [public org.springframework.test.context.support.DefaultBootstrapContext(java.lang.Class,org.springframework.test.context.CacheAwareContextLoaderDelegate)]
02:07:45.895 [main] DEBUG org.springframework.test.context.BootstrapUtils - Instantiating TestContextBootstrapper for test class [com.hhimanshu.SpringBootLiquibaseApplicationTests] from class [org.springframework.boot.test.context.SpringBootTestContextBootstrapper]
02:07:45.895 [main] INFO org.springframework.boot.test.context.SpringBootTestContextBootstrapper - Neither @ContextConfiguration nor @ContextHierarchy found for test class [com.hhimanshu.SpringBootLiquibaseApplicationTests], using SpringBootContextLoader
02:07:45.896 [main] DEBUG org.springframework.test.context.support.AbstractContextLoader - Did not detect default resource location for test class [com.hhimanshu.SpringBootLiquibaseApplicationTests]: class path resource [com/hhimanshu/SpringBootLiquibaseApplicationTests-context.xml] does not exist
02:07:45.896 [main] DEBUG org.springframework.test.context.support.AbstractContextLoader - Did not detect default resource location for test class [com.hhimanshu.SpringBootLiquibaseApplicationTests]: class path resource [com/hhimanshu/SpringBootLiquibaseApplicationTestsContext.groovy] does not exist
02:07:45.896 [main] INFO org.springframework.test.context.support.AbstractContextLoader - Could not detect default resource locations for test class [com.hhimanshu.SpringBootLiquibaseApplicationTests]: no resource found for suffixes {-context.xml, Context.groovy}.
02:07:45.896 [main] INFO org.springframework.test.context.support.AnnotationConfigContextLoaderUtils - Could not detect default configuration classes for test class [com.hhimanshu.SpringBootLiquibaseApplicationTests]: SpringBootLiquibaseApplicationTests does not declare any static, non-private, non-final, nested classes annotated with @Configuration.
02:07:45.897 [main] DEBUG org.springframework.test.context.support.ActiveProfilesUtils - Could not find an 'annotation declaring class' for annotation type [org.springframework.test.context.ActiveProfiles] and class [com.hhimanshu.SpringBootLiquibaseApplicationTests]
02:07:45.898 [main] INFO org.springframework.boot.test.context.SpringBootTestContextBootstrapper - Found @SpringBootConfiguration com.hhimanshu.SpringBootLiquibaseApplication for test class com.hhimanshu.SpringBootLiquibaseApplicationTests
02:07:45.899 [main] DEBUG org.springframework.boot.test.context.SpringBootTestContextBootstrapper - @TestExecutionListeners is not present for class [com.hhimanshu.SpringBootLiquibaseApplicationTests]: using defaults.
02:07:45.899 [main] INFO org.springframework.boot.test.context.SpringBootTestContextBootstrapper - Loaded default TestExecutionListener class names from location [META-INF/spring.factories]: [org.springframework.boot.test.mock.mockito.MockitoTestExecutionListener, org.springframework.boot.test.mock.mockito.ResetMocksTestExecutionListener, org.springframework.boot.test.autoconfigure.restdocs.RestDocsTestExecutionListener, org.springframework.boot.test.autoconfigure.web.client.MockRestServiceServerResetTestExecutionListener, org.springframework.boot.test.autoconfigure.web.servlet.MockMvcPrintOnlyOnFailureTestExecutionListener, org.springframework.boot.test.autoconfigure.web.servlet.WebDriverTestExecutionListener, org.springframework.boot.test.autoconfigure.webservices.client.MockWebServiceServerTestExecutionListener, org.springframework.test.context.web.ServletTestExecutionListener, org.springframework.test.context.support.DirtiesContextBeforeModesTestExecutionListener, org.springframework.test.context.support.DependencyInjectionTestExecutionListener, org.springframework.test.context.support.DirtiesContextTestExecutionListener, org.springframework.test.context.transaction.TransactionalTestExecutionListener, org.springframework.test.context.jdbc.SqlScriptsTestExecutionListener, org.springframework.test.context.event.EventPublishingTestExecutionListener]
02:07:45.900 [main] INFO org.springframework.boot.test.context.SpringBootTestContextBootstrapper - Using TestExecutionListeners: [org.springframework.test.context.web.ServletTestExecutionListener@7aa15a80, org.springframework.test.context.support.DirtiesContextBeforeModesTestExecutionListener@4d065e1a, org.springframework.boot.test.mock.mockito.MockitoTestExecutionListener@7c4ca87c, org.springframework.boot.test.autoconfigure.SpringBootDependencyInjectionTestExecutionListener@6dbbdf92, org.springframework.test.context.support.DirtiesContextTestExecutionListener@1dbeedff, org.springframework.test.context.transaction.TransactionalTestExecutionListener@62b786dc, org.springframework.test.context.jdbc.SqlScriptsTestExecutionListener@7ba1cdbe, org.springframework.test.context.event.EventPublishingTestExecutionListener@48d5ca17, org.springframework.boot.test.mock.mockito.ResetMocksTestExecutionListener@226e07e7, org.springframework.boot.test.autoconfigure.restdocs.RestDocsTestExecutionListener@7c31e410, org.springframework.boot.test.autoconfigure.web.client.MockRestServiceServerResetTestExecutionListener@9880a15, org.springframework.boot.test.autoconfigure.web.servlet.MockMvcPrintOnlyOnFailureTestExecutionListener@6febec41, org.springframework.boot.test.autoconfigure.web.servlet.WebDriverTestExecutionListener@3de88f64, org.springframework.boot.test.autoconfigure.webservices.client.MockWebServiceServerTestExecutionListener@4e8afdad]
02:07:45.900 [main] DEBUG org.springframework.test.annotation.ProfileValueUtils - Retrieved @ProfileValueSourceConfiguration [null] for test class [com.hhimanshu.SpringBootLiquibaseApplicationTests]
02:07:45.900 [main] DEBUG org.springframework.test.annotation.ProfileValueUtils - Retrieved ProfileValueSource type [class org.springframework.test.annotation.SystemProfileValueSource] for class [com.hhimanshu.SpringBootLiquibaseApplicationTests]
02:07:45.900 [main] DEBUG org.springframework.test.annotation.ProfileValueUtils - Retrieved @ProfileValueSourceConfiguration [null] for test class [com.hhimanshu.SpringBootLiquibaseApplicationTests]
02:07:45.900 [main] DEBUG org.springframework.test.annotation.ProfileValueUtils - Retrieved ProfileValueSource type [class org.springframework.test.annotation.SystemProfileValueSource] for class [com.hhimanshu.SpringBootLiquibaseApplicationTests]
02:07:45.900 [main] DEBUG org.springframework.test.annotation.ProfileValueUtils - Retrieved @ProfileValueSourceConfiguration [null] for test class [com.hhimanshu.SpringBootLiquibaseApplicationTests]
02:07:45.900 [main] DEBUG org.springframework.test.annotation.ProfileValueUtils - Retrieved ProfileValueSource type [class org.springframework.test.annotation.SystemProfileValueSource] for class [com.hhimanshu.SpringBootLiquibaseApplicationTests]
02:07:45.920 [main] DEBUG org.springframework.test.annotation.ProfileValueUtils - Retrieved @ProfileValueSourceConfiguration [null] for test class [com.hhimanshu.business.AuthorsManagerTest]
02:07:45.920 [main] DEBUG org.springframework.test.annotation.ProfileValueUtils - Retrieved ProfileValueSource type [class org.springframework.test.annotation.SystemProfileValueSource] for class [com.hhimanshu.business.AuthorsManagerTest]
[INFO] Running com.hhimanshu.business.AuthorsManagerTest
02:07:45.923 [main] DEBUG org.springframework.test.annotation.ProfileValueUtils - Retrieved @ProfileValueSourceConfiguration [null] for test class [com.hhimanshu.business.AuthorsManagerTest]
02:07:45.923 [main] DEBUG org.springframework.test.annotation.ProfileValueUtils - Retrieved ProfileValueSource type [class org.springframework.test.annotation.SystemProfileValueSource] for class [com.hhimanshu.business.AuthorsManagerTest]
02:07:45.924 [main] DEBUG org.springframework.test.annotation.ProfileValueUtils - Retrieved @ProfileValueSourceConfiguration [null] for test class [com.hhimanshu.business.AuthorsManagerTest]
02:07:45.924 [main] DEBUG org.springframework.test.annotation.ProfileValueUtils - Retrieved ProfileValueSource type [class org.springframework.test.annotation.SystemProfileValueSource] for class [com.hhimanshu.business.AuthorsManagerTest]
02:07:45.929 [main] DEBUG org.springframework.test.context.support.AbstractDirtiesContextTestExecutionListener - Before test class: context [DefaultTestContext@7b29cdea testClass = AuthorsManagerTest, testInstance = [null], testMethod = [null], testException = [null], mergedContextConfiguration = [WebMergedContextConfiguration@f08d676 testClass = AuthorsManagerTest, locations = '{}', classes = '{class com.hhimanshu.SpringBootLiquibaseApplication}', contextInitializerClasses = '[]', activeProfiles = '{}', propertySourceLocations = '{}', propertySourceProperties = '{org.springframework.boot.test.context.SpringBootTestContextBootstrapper=true}', contextCustomizers = set[org.springframework.boot.test.context.filter.ExcludeFilterContextCustomizer@71e4b308, org.springframework.boot.test.json.DuplicateJsonObjectContextCustomizerFactory$DuplicateJsonObjectContextCustomizer@4cb2918c, org.springframework.boot.test.mock.mockito.MockitoContextCustomizer@0, org.springframework.boot.test.web.client.TestRestTemplateContextCustomizer@7f1ef916, org.springframework.boot.test.autoconfigure.properties.PropertyMappingContextCustomizer@0, org.springframework.boot.test.autoconfigure.web.servlet.WebDriverContextCustomizerFactory$Customizer@fe7b6b0, org.springframework.boot.test.context.SpringBootTestArgs@1], resourceBasePath = 'src/main/webapp', contextLoader = 'org.springframework.boot.test.context.SpringBootContextLoader', parent = [null]], attributes = map['org.springframework.test.context.web.ServletTestExecutionListener.activateListener' -> true]], class annotated with @DirtiesContext [false] with mode [null].
02:07:45.930 [main] DEBUG org.springframework.test.annotation.ProfileValueUtils - Retrieved @ProfileValueSourceConfiguration [null] for test class [com.hhimanshu.business.AuthorsManagerTest]
02:07:45.931 [main] DEBUG org.springframework.test.annotation.ProfileValueUtils - Retrieved ProfileValueSource type [class org.springframework.test.annotation.SystemProfileValueSource] for class [com.hhimanshu.business.AuthorsManagerTest]
02:07:45.955 [main] DEBUG org.springframework.test.context.support.TestPropertySourceUtils - Adding inlined properties to environment: {spring.jmx.enabled=false, org.springframework.boot.test.context.SpringBootTestContextBootstrapper=true}

  .   ____          _            __ _ _
 /\\ / ___'_ __ _ _(_)_ __  __ _ \ \ \ \
( ( )\___ | '_ | '_| | '_ \/ _` | \ \ \ \
 \\/  ___)| |_)| | | | | || (_| |  ) ) ) )
  '  |____| .__|_| |_|_| |_\__, | / / / /
 =========|_|==============|___/=/_/_/_/
 :: Spring Boot ::        (v2.3.1.RELEASE)

2026-04-08 02:07:46.263  INFO 70 --- [           main] c.hhimanshu.business.AuthorsManagerTest  : Starting AuthorsManagerTest on 7654e5b7dcc7 with PID 70 (started by root in /app)
2026-04-08 02:07:46.264  INFO 70 --- [           main] c.hhimanshu.business.AuthorsManagerTest  : No active profile set, falling back to default profiles: default
2026-04-08 02:07:46.807  INFO 70 --- [           main] .s.d.r.c.RepositoryConfigurationDelegate : Bootstrapping Spring Data JPA repositories in DEFERRED mode.
2026-04-08 02:07:46.855  INFO 70 --- [           main] .s.d.r.c.RepositoryConfigurationDelegate : Finished Spring Data repository scanning in 40ms. Found 2 JPA repository interfaces.
2026-04-08 02:07:47.298  INFO 70 --- [           main] com.zaxxer.hikari.HikariDataSource       : HikariPool-1 - Starting...
2026-04-08 02:07:47.552  INFO 70 --- [           main] com.zaxxer.hikari.HikariDataSource       : HikariPool-1 - Start completed.
2026-04-08 02:07:48.264  INFO 70 --- [           main] liquibase.executor.jvm.JdbcExecutor      : SELECT COUNT(*) FROM PUBLIC.DATABASECHANGELOGLOCK
2026-04-08 02:07:48.273  INFO 70 --- [           main] liquibase.executor.jvm.JdbcExecutor      : CREATE TABLE PUBLIC.DATABASECHANGELOGLOCK (ID INT NOT NULL, LOCKED BOOLEAN NOT NULL, LOCKGRANTED TIMESTAMP, LOCKEDBY VARCHAR(255), CONSTRAINT PK_DATABASECHANGELOGLOCK PRIMARY KEY (ID))
2026-04-08 02:07:48.280  INFO 70 --- [           main] liquibase.executor.jvm.JdbcExecutor      : SELECT COUNT(*) FROM PUBLIC.DATABASECHANGELOGLOCK
2026-04-08 02:07:48.284  INFO 70 --- [           main] liquibase.executor.jvm.JdbcExecutor      : DELETE FROM PUBLIC.DATABASECHANGELOGLOCK
2026-04-08 02:07:48.285  INFO 70 --- [           main] liquibase.executor.jvm.JdbcExecutor      : INSERT INTO PUBLIC.DATABASECHANGELOGLOCK (ID, LOCKED) VALUES (1, FALSE)
2026-04-08 02:07:48.287  INFO 70 --- [           main] liquibase.executor.jvm.JdbcExecutor      : SELECT LOCKED FROM PUBLIC.DATABASECHANGELOGLOCK WHERE ID=1
2026-04-08 02:07:48.296  INFO 70 --- [           main] l.lockservice.StandardLockService        : Successfully acquired change log lock
2026-04-08 02:07:49.113  INFO 70 --- [           main] l.c.StandardChangeLogHistoryService      : Creating database history table with name: PUBLIC.DATABASECHANGELOG
2026-04-08 02:07:49.114  INFO 70 --- [           main] liquibase.executor.jvm.JdbcExecutor      : CREATE TABLE PUBLIC.DATABASECHANGELOG (ID VARCHAR(255) NOT NULL, AUTHOR VARCHAR(255) NOT NULL, FILENAME VARCHAR(255) NOT NULL, DATEEXECUTED TIMESTAMP NOT NULL, ORDEREXECUTED INT NOT NULL, EXECTYPE VARCHAR(10) NOT NULL, MD5SUM VARCHAR(35), DESCRIPTION VARCHAR(255), COMMENTS VARCHAR(255), TAG VARCHAR(255), LIQUIBASE VARCHAR(20), CONTEXTS VARCHAR(255), LABELS VARCHAR(255), DEPLOYMENT_ID VARCHAR(10))
2026-04-08 02:07:49.116  INFO 70 --- [           main] liquibase.executor.jvm.JdbcExecutor      : SELECT COUNT(*) FROM PUBLIC.DATABASECHANGELOG
2026-04-08 02:07:49.116  INFO 70 --- [           main] l.c.StandardChangeLogHistoryService      : Reading from PUBLIC.DATABASECHANGELOG
2026-04-08 02:07:49.117  INFO 70 --- [           main] liquibase.executor.jvm.JdbcExecutor      : SELECT * FROM PUBLIC.DATABASECHANGELOG ORDER BY DATEEXECUTED ASC, ORDEREXECUTED ASC
2026-04-08 02:07:49.117  INFO 70 --- [           main] liquibase.executor.jvm.JdbcExecutor      : SELECT COUNT(*) FROM PUBLIC.DATABASECHANGELOGLOCK
2026-04-08 02:07:49.140  INFO 70 --- [           main] liquibase.executor.jvm.JdbcExecutor      : CREATE TABLE PUBLIC.books (id INT AUTO_INCREMENT NOT NULL, name VARCHAR(255) NOT NULL, author INT NOT NULL, CONSTRAINT PK_BOOKS PRIMARY KEY (id), UNIQUE (name), UNIQUE (id))
2026-04-08 02:07:49.149  INFO 70 --- [           main] liquibase.executor.jvm.JdbcExecutor      : COMMENT ON TABLE PUBLIC.books IS 'A table to contain all books'
2026-04-08 02:07:49.150  INFO 70 --- [           main] liquibase.changelog.ChangeSet            : Table books created
2026-04-08 02:07:49.151  INFO 70 --- [           main] liquibase.executor.jvm.JdbcExecutor      : CREATE TABLE PUBLIC.authors (id INT AUTO_INCREMENT NOT NULL, name VARCHAR(100) NOT NULL, CONSTRAINT PK_AUTHORS PRIMARY KEY (id))
2026-04-08 02:07:49.152  INFO 70 --- [           main] liquibase.executor.jvm.JdbcExecutor      : COMMENT ON TABLE PUBLIC.authors IS 'A table to contain all the authors'
2026-04-08 02:07:49.153  INFO 70 --- [           main] liquibase.changelog.ChangeSet            : Table authors created
2026-04-08 02:07:49.154  INFO 70 --- [           main] liquibase.executor.jvm.JdbcExecutor      : ALTER TABLE PUBLIC.books ADD CONSTRAINT author_fk FOREIGN KEY (author) REFERENCES PUBLIC.authors (id)
2026-04-08 02:07:49.160  INFO 70 --- [           main] liquibase.changelog.ChangeSet            : Foreign key constraint added to books (author)
2026-04-08 02:07:49.160  INFO 70 --- [           main] liquibase.changelog.ChangeSet            : ChangeSet db/changelog/01-create-books-and-author-schema.xml::01::hhimanshu ran successfully in 22ms
2026-04-08 02:07:49.161  INFO 70 --- [           main] liquibase.executor.jvm.JdbcExecutor      : SELECT MAX(ORDEREXECUTED) FROM PUBLIC.DATABASECHANGELOG
2026-04-08 02:07:49.165  INFO 70 --- [           main] liquibase.executor.jvm.JdbcExecutor      : INSERT INTO PUBLIC.DATABASECHANGELOG (ID, AUTHOR, FILENAME, DATEEXECUTED, ORDEREXECUTED, MD5SUM, DESCRIPTION, COMMENTS, EXECTYPE, CONTEXTS, LABELS, LIQUIBASE, DEPLOYMENT_ID) VALUES ('01', 'hhimanshu', 'db/changelog/01-create-books-and-author-schema.xml', NOW(), 1, '8:24f659528e86ccf107759137a7e702ec', 'createTable tableName=books; createTable tableName=authors; addForeignKeyConstraint baseTableName=books, constraintName=author_fk, referencedTableName=authors', '', 'EXECUTED', NULL, NULL, '3.8.9', '5614069118')
2026-04-08 02:07:49.171  INFO 70 --- [           main] liquibase.executor.jvm.JdbcExecutor      : INSERT INTO PUBLIC.authors (id, name) VALUES (1, 'author_01')
2026-04-08 02:07:49.173  INFO 70 --- [           main] liquibase.changelog.ChangeSet            : New row inserted into authors
2026-04-08 02:07:49.173  INFO 70 --- [           main] liquibase.executor.jvm.JdbcExecutor      : INSERT INTO PUBLIC.authors (id, name) VALUES (2, 'author_02')
2026-04-08 02:07:49.174  INFO 70 --- [           main] liquibase.changelog.ChangeSet            : New row inserted into authors
2026-04-08 02:07:49.175  INFO 70 --- [           main] liquibase.executor.jvm.JdbcExecutor      : INSERT INTO PUBLIC.authors (id, name) VALUES (3, 'author_03')
2026-04-08 02:07:49.175  INFO 70 --- [           main] liquibase.changelog.ChangeSet            : New row inserted into authors
2026-04-08 02:07:49.176  INFO 70 --- [           main] liquibase.executor.jvm.JdbcExecutor      : INSERT INTO PUBLIC.authors (id, name) VALUES (4, 'author_04')
2026-04-08 02:07:49.176  INFO 70 --- [           main] liquibase.changelog.ChangeSet            : New row inserted into authors
2026-04-08 02:07:49.177  INFO 70 --- [           main] liquibase.executor.jvm.JdbcExecutor      : INSERT INTO PUBLIC.authors (id, name) VALUES (5, 'author_05')
2026-04-08 02:07:49.177  INFO 70 --- [           main] liquibase.changelog.ChangeSet            : New row inserted into authors
2026-04-08 02:07:49.178  INFO 70 --- [           main] liquibase.changelog.ChangeSet            : ChangeSet db/changelog/02-insert-data-authors.xml::02::hhimanshu ran successfully in 7ms
2026-04-08 02:07:49.178  INFO 70 --- [           main] liquibase.executor.jvm.JdbcExecutor      : INSERT INTO PUBLIC.DATABASECHANGELOG (ID, AUTHOR, FILENAME, DATEEXECUTED, ORDEREXECUTED, MD5SUM, DESCRIPTION, COMMENTS, EXECTYPE, CONTEXTS, LABELS, LIQUIBASE, DEPLOYMENT_ID) VALUES ('02', 'hhimanshu', 'db/changelog/02-insert-data-authors.xml', NOW(), 2, '8:6204c525ce5c1c55f064888d078b8f05', 'insert tableName=authors; insert tableName=authors; insert tableName=authors; insert tableName=authors; insert tableName=authors', 'Inserting Authors', 'EXECUTED', NULL, NULL, '3.8.9', '5614069118')
2026-04-08 02:07:49.179  INFO 70 --- [           main] liquibase.executor.jvm.JdbcExecutor      : INSERT INTO PUBLIC.books (id, name, author) VALUES (1, 'book_01_a_01', 01)
2026-04-08 02:07:49.181  INFO 70 --- [           main] liquibase.changelog.ChangeSet            : New row inserted into books
2026-04-08 02:07:49.181  INFO 70 --- [           main] liquibase.executor.jvm.JdbcExecutor      : INSERT INTO PUBLIC.books (id, name, author) VALUES (2, 'book_02_a_02', 02)
2026-04-08 02:07:49.182  INFO 70 --- [           main] liquibase.changelog.ChangeSet            : New row inserted into books
2026-04-08 02:07:49.182  INFO 70 --- [           main] liquibase.executor.jvm.JdbcExecutor      : INSERT INTO PUBLIC.books (id, name, author) VALUES (3, 'book_01_a_03', 03)
2026-04-08 02:07:49.182  INFO 70 --- [           main] liquibase.changelog.ChangeSet            : New row inserted into books
2026-04-08 02:07:49.183  INFO 70 --- [           main] liquibase.executor.jvm.JdbcExecutor      : INSERT INTO PUBLIC.books (id, name, author) VALUES (4, 'book_01_a_04', 04)
2026-04-08 02:07:49.183  INFO 70 --- [           main] liquibase.changelog.ChangeSet            : New row inserted into books
2026-04-08 02:07:49.183  INFO 70 --- [           main] liquibase.executor.jvm.JdbcExecutor      : INSERT INTO PUBLIC.books (id, name, author) VALUES (5, 'book_01_a_05', 05)
2026-04-08 02:07:49.184  INFO 70 --- [           main] liquibase.changelog.ChangeSet            : New row inserted into books
2026-04-08 02:07:49.184  INFO 70 --- [           main] liquibase.changelog.ChangeSet            : ChangeSet db/changelog/02-insert-data-books.xml::03::hhimanshu ran successfully in 5ms
2026-04-08 02:07:49.185  INFO 70 --- [           main] liquibase.executor.jvm.JdbcExecutor      : INSERT INTO PUBLIC.DATABASECHANGELOG (ID, AUTHOR, FILENAME, DATEEXECUTED, ORDEREXECUTED, MD5SUM, DESCRIPTION, COMMENTS, EXECTYPE, CONTEXTS, LABELS, LIQUIBASE, DEPLOYMENT_ID) VALUES ('03', 'hhimanshu', 'db/changelog/02-insert-data-books.xml', NOW(), 3, '8:00bd5e4dec9d011ab0b1abe14c4a5c8b', 'insert tableName=books; insert tableName=books; insert tableName=books; insert tableName=books; insert tableName=books', 'Inserting Books', 'EXECUTED', NULL, NULL, '3.8.9', '5614069118')
2026-04-08 02:07:49.186  INFO 70 --- [           main] l.lockservice.StandardLockService        : Successfully released change log lock
2026-04-08 02:07:49.282  INFO 70 --- [           main] o.s.s.concurrent.ThreadPoolTaskExecutor  : Initializing ExecutorService 'applicationTaskExecutor'
2026-04-08 02:07:49.344  INFO 70 --- [         task-1] o.hibernate.jpa.internal.util.LogHelper  : HHH000204: Processing PersistenceUnitInfo [name: default]
2026-04-08 02:07:49.389  INFO 70 --- [         task-1] org.hibernate.Version                    : HHH000412: Hibernate ORM core version 5.4.17.Final
2026-04-08 02:07:49.502  WARN 70 --- [           main] JpaBaseConfiguration$JpaWebConfiguration : spring.jpa.open-in-view is enabled by default. Therefore, database queries may be performed during view rendering. Explicitly configure spring.jpa.open-in-view to disable this warning
2026-04-08 02:07:49.529  INFO 70 --- [         task-1] o.hibernate.annotations.common.Version   : HCANN000001: Hibernate Commons Annotations {5.1.0.Final}
2026-04-08 02:07:49.649  INFO 70 --- [         task-1] org.hibernate.dialect.Dialect            : HHH000400: Using dialect: org.hibernate.dialect.H2Dialect
2026-04-08 02:07:49.845  INFO 70 --- [           main] o.s.b.a.h2.H2ConsoleAutoConfiguration    : H2 console available at '/h2-console'. Database available at 'jdbc:h2:mem:61300b45-803f-4716-9209-efe5ff213bec'
2026-04-08 02:07:49.892  INFO 70 --- [           main] DeferredRepositoryInitializationListener : Triggering deferred initialization of Spring Data repositories…
2026-04-08 02:07:50.183  INFO 70 --- [         task-1] o.h.e.t.j.p.i.JtaPlatformInitiator       : HHH000490: Using JtaPlatform implementation: [org.hibernate.engine.transaction.jta.platform.internal.NoJtaPlatform]
2026-04-08 02:07:50.190  INFO 70 --- [         task-1] j.LocalContainerEntityManagerFactoryBean : Initialized JPA EntityManagerFactory for persistence unit 'default'
2026-04-08 02:07:50.344  INFO 70 --- [           main] DeferredRepositoryInitializationListener : Spring Data repositories initialized!
2026-04-08 02:07:50.350  INFO 70 --- [           main] c.hhimanshu.business.AuthorsManagerTest  : Started AuthorsManagerTest in 4.384 seconds (JVM running for 5.517)
[INFO] Tests run: 1, Failures: 0, Errors: 0, Skipped: 0, Time elapsed: 4.691 s - in com.hhimanshu.business.AuthorsManagerTest
[INFO] Running com.hhimanshu.business.BooksManagerTest
Book{id=1, name='book_01_a_01', author=Author{id=1, name='author_01'}}
Book{id=2, name='book_02_a_02', author=Author{id=2, name='author_02'}}
Book{id=3, name='book_01_a_03', author=Author{id=3, name='author_03'}}
Book{id=4, name='book_01_a_04', author=Author{id=4, name='author_04'}}
Book{id=5, name='book_01_a_05', author=Author{id=5, name='author_05'}}
[INFO] Tests run: 1, Failures: 0, Errors: 0, Skipped: 0, Time elapsed: 0.02 s - in com.hhimanshu.business.BooksManagerTest
[INFO] Running com.hhimanshu.SpringBootLiquibaseApplicationTests
[INFO] Tests run: 1, Failures: 0, Errors: 0, Skipped: 0, Time elapsed: 0.001 s - in com.hhimanshu.SpringBootLiquibaseApplicationTests
2026-04-08 02:07:50.678  INFO 70 --- [extShutdownHook] j.LocalContainerEntityManagerFactoryBean : Closing JPA EntityManagerFactory for persistence unit 'default'
2026-04-08 02:07:50.680  INFO 70 --- [extShutdownHook] o.s.s.concurrent.ThreadPoolTaskExecutor  : Shutting down ExecutorService 'applicationTaskExecutor'
2026-04-08 02:07:50.680  INFO 70 --- [extShutdownHook] com.zaxxer.hikari.HikariDataSource       : HikariPool-1 - Shutdown initiated...
2026-04-08 02:07:50.684  INFO 70 --- [extShutdownHook] com.zaxxer.hikari.HikariDataSource       : HikariPool-1 - Shutdown completed.
[INFO] 
[INFO] Results:
[INFO] 
[INFO] Tests run: 3, Failures: 0, Errors: 0, Skipped: 0
[INFO] 
[INFO] 
[INFO] --- jacoco-maven-plugin:0.8.11:report (report) @ spring-boot-liquibase ---
[INFO] Loading execution data file /app/target/jacoco.exec
[INFO] Analyzed bundle 'spring-boot-liquibase' with 5 classes
[INFO] 
[INFO] --- jacoco-maven-plugin:0.8.11:report (default-cli) @ spring-boot-liquibase ---
[INFO] Loading execution data file /app/target/jacoco.exec
[INFO] Analyzed bundle 'spring-boot-liquibase' with 5 classes
[INFO] ------------------------------------------------------------------------
[INFO] BUILD SUCCESS
[INFO] ------------------------------------------------------------------------
[INFO] Total time:  8.260 s
[INFO] Finished at: 2026-04-08T02:07:51Z
[INFO] ------------------------------------------------------------------------
