[INFO] Scanning for projects...
[INFO] 
[INFO] ---------------< com.lyubenblagoev:postfix-rest-server >----------------
[INFO] Building postfix-rest-server 0.2.3
[INFO] --------------------------------[ jar ]---------------------------------
[INFO] 
[INFO] --- maven-clean-plugin:3.1.0:clean (default-clean) @ postfix-rest-server ---
[INFO] Deleting /app/target
[INFO] 
[INFO] --- jacoco-maven-plugin:0.8.11:prepare-agent (default) @ postfix-rest-server ---
[INFO] argLine set to -javaagent:/root/.m2/repository/org/jacoco/org.jacoco.agent/0.8.11/org.jacoco.agent-0.8.11-runtime.jar=destfile=/app/target/jacoco.exec
[INFO] 
[INFO] --- maven-resources-plugin:3.2.0:resources (default-resources) @ postfix-rest-server ---
[INFO] Using 'UTF-8' encoding to copy filtered resources.
[INFO] Using 'UTF-8' encoding to copy filtered properties files.
[INFO] Copying 3 resources
[INFO] Copying 0 resource
[INFO] 
[INFO] --- maven-compiler-plugin:3.8.1:compile (default-compile) @ postfix-rest-server ---
[INFO] Changes detected - recompiling the module!
[INFO] Compiling 77 source files to /app/target/classes
[INFO] 
[INFO] --- build-helper-maven-plugin:3.3.0:add-test-source (add-kex-test-source) @ postfix-rest-server ---
[INFO] Test Source directory: /app/src/test/java/kex-tests added.
[INFO] 
[INFO] --- maven-resources-plugin:3.2.0:testResources (default-testResources) @ postfix-rest-server ---
[INFO] Using 'UTF-8' encoding to copy filtered resources.
[INFO] Using 'UTF-8' encoding to copy filtered properties files.
[INFO] skip non existing resourceDirectory /app/src/test/resources
[INFO] 
[INFO] --- maven-compiler-plugin:3.8.1:testCompile (default-testCompile) @ postfix-rest-server ---
[INFO] Changes detected - recompiling the module!
[INFO] Compiling 2 source files to /app/target/test-classes
[INFO] 
[INFO] --- maven-surefire-plugin:2.22.2:test (default-test) @ postfix-rest-server ---
[INFO] 
[INFO] -------------------------------------------------------
[INFO]  T E S T S
[INFO] -------------------------------------------------------
[INFO] Running com.lyubenblagoev.postfixrest.controller.DomainControllerIntegrationTest
15:51:37.440 [main] DEBUG org.springframework.test.context.BootstrapUtils - Instantiating CacheAwareContextLoaderDelegate from class [org.springframework.test.context.cache.DefaultCacheAwareContextLoaderDelegate]
15:51:37.451 [main] DEBUG org.springframework.test.context.BootstrapUtils - Instantiating BootstrapContext using constructor [public org.springframework.test.context.support.DefaultBootstrapContext(java.lang.Class,org.springframework.test.context.CacheAwareContextLoaderDelegate)]
15:51:37.507 [main] DEBUG org.springframework.test.context.BootstrapUtils - Instantiating TestContextBootstrapper for test class [com.lyubenblagoev.postfixrest.controller.DomainControllerIntegrationTest] from class [org.springframework.boot.test.context.SpringBootTestContextBootstrapper]
15:51:37.521 [main] INFO org.springframework.boot.test.context.SpringBootTestContextBootstrapper - Neither @ContextConfiguration nor @ContextHierarchy found for test class [com.lyubenblagoev.postfixrest.controller.DomainControllerIntegrationTest], using SpringBootContextLoader
15:51:37.528 [main] DEBUG org.springframework.test.context.support.AbstractContextLoader - Did not detect default resource location for test class [com.lyubenblagoev.postfixrest.controller.DomainControllerIntegrationTest]: class path resource [com/lyubenblagoev/postfixrest/controller/DomainControllerIntegrationTest-context.xml] does not exist
15:51:37.529 [main] DEBUG org.springframework.test.context.support.AbstractContextLoader - Did not detect default resource location for test class [com.lyubenblagoev.postfixrest.controller.DomainControllerIntegrationTest]: class path resource [com/lyubenblagoev/postfixrest/controller/DomainControllerIntegrationTestContext.groovy] does not exist
15:51:37.529 [main] INFO org.springframework.test.context.support.AbstractContextLoader - Could not detect default resource locations for test class [com.lyubenblagoev.postfixrest.controller.DomainControllerIntegrationTest]: no resource found for suffixes {-context.xml, Context.groovy}.
15:51:37.530 [main] INFO org.springframework.test.context.support.AnnotationConfigContextLoaderUtils - Could not detect default configuration classes for test class [com.lyubenblagoev.postfixrest.controller.DomainControllerIntegrationTest]: DomainControllerIntegrationTest does not declare any static, non-private, non-final, nested classes annotated with @Configuration.
15:51:37.677 [main] DEBUG org.springframework.context.annotation.ClassPathScanningCandidateComponentProvider - Identified candidate component class: file [/app/target/classes/com/lyubenblagoev/postfixrest/Application.class]
15:51:37.679 [main] INFO org.springframework.boot.test.context.SpringBootTestContextBootstrapper - Found @SpringBootConfiguration com.lyubenblagoev.postfixrest.Application for test class com.lyubenblagoev.postfixrest.controller.DomainControllerIntegrationTest
15:51:37.786 [main] DEBUG org.springframework.boot.test.context.SpringBootTestContextBootstrapper - @TestExecutionListeners is not present for class [com.lyubenblagoev.postfixrest.controller.DomainControllerIntegrationTest]: using defaults.
15:51:37.787 [main] INFO org.springframework.boot.test.context.SpringBootTestContextBootstrapper - Loaded default TestExecutionListener class names from location [META-INF/spring.factories]: [org.springframework.boot.test.mock.mockito.MockitoTestExecutionListener, org.springframework.boot.test.mock.mockito.ResetMocksTestExecutionListener, org.springframework.boot.test.autoconfigure.restdocs.RestDocsTestExecutionListener, org.springframework.boot.test.autoconfigure.web.client.MockRestServiceServerResetTestExecutionListener, org.springframework.boot.test.autoconfigure.web.servlet.MockMvcPrintOnlyOnFailureTestExecutionListener, org.springframework.boot.test.autoconfigure.web.servlet.WebDriverTestExecutionListener, org.springframework.boot.test.autoconfigure.webservices.client.MockWebServiceServerTestExecutionListener, org.springframework.test.context.web.ServletTestExecutionListener, org.springframework.test.context.support.DirtiesContextBeforeModesTestExecutionListener, org.springframework.test.context.event.ApplicationEventsTestExecutionListener, org.springframework.test.context.support.DependencyInjectionTestExecutionListener, org.springframework.test.context.support.DirtiesContextTestExecutionListener, org.springframework.test.context.transaction.TransactionalTestExecutionListener, org.springframework.test.context.jdbc.SqlScriptsTestExecutionListener, org.springframework.test.context.event.EventPublishingTestExecutionListener]
15:51:37.809 [main] INFO org.springframework.boot.test.context.SpringBootTestContextBootstrapper - Using TestExecutionListeners: [org.springframework.test.context.web.ServletTestExecutionListener@4df13dd0, org.springframework.test.context.support.DirtiesContextBeforeModesTestExecutionListener@2ed7978c, org.springframework.test.context.event.ApplicationEventsTestExecutionListener@30665461, org.springframework.boot.test.mock.mockito.MockitoTestExecutionListener@146833a2, org.springframework.boot.test.autoconfigure.SpringBootDependencyInjectionTestExecutionListener@50b38342, org.springframework.test.context.support.DirtiesContextTestExecutionListener@424a152f, org.springframework.test.context.transaction.TransactionalTestExecutionListener@408d945b, org.springframework.test.context.jdbc.SqlScriptsTestExecutionListener@15ad5acb, org.springframework.test.context.event.EventPublishingTestExecutionListener@59c862af, org.springframework.boot.test.mock.mockito.ResetMocksTestExecutionListener@4bb9f7d4, org.springframework.boot.test.autoconfigure.restdocs.RestDocsTestExecutionListener@673a9db4, org.springframework.boot.test.autoconfigure.web.client.MockRestServiceServerResetTestExecutionListener@183ef89a, org.springframework.boot.test.autoconfigure.web.servlet.MockMvcPrintOnlyOnFailureTestExecutionListener@2792c28, org.springframework.boot.test.autoconfigure.web.servlet.WebDriverTestExecutionListener@6fa7ce4, org.springframework.boot.test.autoconfigure.webservices.client.MockWebServiceServerTestExecutionListener@351e86b2]
15:51:37.813 [main] DEBUG org.springframework.test.context.support.AbstractDirtiesContextTestExecutionListener - Before test class: context [DefaultTestContext@33fec21 testClass = DomainControllerIntegrationTest, testInstance = [null], testMethod = [null], testException = [null], mergedContextConfiguration = [WebMergedContextConfiguration@12a0d249 testClass = DomainControllerIntegrationTest, locations = '{}', classes = '{class com.lyubenblagoev.postfixrest.Application}', contextInitializerClasses = '[]', activeProfiles = '{dev}', propertySourceLocations = '{}', propertySourceProperties = '{org.springframework.boot.test.context.SpringBootTestContextBootstrapper=true}', contextCustomizers = set[[ImportsContextCustomizer@3c62be3c key = [org.springframework.boot.test.autoconfigure.web.servlet.MockMvcAutoConfiguration, org.springframework.boot.test.autoconfigure.web.servlet.MockMvcWebClientAutoConfiguration, org.springframework.boot.test.autoconfigure.web.servlet.MockMvcWebDriverAutoConfiguration, org.springframework.boot.autoconfigure.security.oauth2.client.servlet.OAuth2ClientAutoConfiguration, org.springframework.boot.autoconfigure.security.oauth2.resource.servlet.OAuth2ResourceServerAutoConfiguration, org.springframework.boot.autoconfigure.security.servlet.SecurityAutoConfiguration, org.springframework.boot.autoconfigure.security.servlet.SecurityFilterAutoConfiguration, org.springframework.boot.autoconfigure.security.servlet.UserDetailsServiceAutoConfiguration, org.springframework.boot.test.autoconfigure.web.servlet.MockMvcSecurityConfiguration, org.springframework.boot.test.autoconfigure.web.reactive.WebTestClientAutoConfiguration]], org.springframework.boot.test.context.filter.ExcludeFilterContextCustomizer@3a7c678b, org.springframework.boot.test.json.DuplicateJsonObjectContextCustomizerFactory$DuplicateJsonObjectContextCustomizer@27dc627a, org.springframework.boot.test.mock.mockito.MockitoContextCustomizer@0, org.springframework.boot.test.web.client.TestRestTemplateContextCustomizer@bd3eff4, org.springframework.boot.test.autoconfigure.actuate.metrics.MetricsExportContextCustomizerFactory$DisableMetricExportContextCustomizer@56826a75, org.springframework.boot.test.autoconfigure.properties.PropertyMappingContextCustomizer@4b3fa0b3, org.springframework.boot.test.autoconfigure.web.servlet.WebDriverContextCustomizerFactory$Customizer@498a612d, org.springframework.boot.test.context.SpringBootTestArgs@1, org.springframework.boot.test.context.SpringBootTestWebEnvironment@5bda80bf], resourceBasePath = 'src/main/webapp', contextLoader = 'org.springframework.boot.test.context.SpringBootContextLoader', parent = [null]], attributes = map['org.springframework.test.context.web.ServletTestExecutionListener.activateListener' -> true]], class annotated with @DirtiesContext [false] with mode [null].
15:51:37.871 [main] DEBUG org.springframework.boot.ApplicationServletEnvironment - Activating profiles []
15:51:37.877 [main] DEBUG org.springframework.test.context.support.TestPropertySourceUtils - Adding inlined properties to environment: {spring.jmx.enabled=false, org.springframework.boot.test.context.SpringBootTestContextBootstrapper=true}
2026-04-09 15:51:38.185  INFO 70 --- [           main] c.l.p.c.DomainControllerIntegrationTest  : Starting DomainControllerIntegrationTest using Java 11.0.16 on 8225b1af773d with PID 70 (started by root in /app)
2026-04-09 15:51:38.187 DEBUG 70 --- [           main] c.l.p.c.DomainControllerIntegrationTest  : Running with Spring Boot v2.6.2, Spring v5.3.14
2026-04-09 15:51:38.187  INFO 70 --- [           main] c.l.p.c.DomainControllerIntegrationTest  : The following profiles are active: dev
2026-04-09 15:51:38.899  INFO 70 --- [           main] .s.d.r.c.RepositoryConfigurationDelegate : Bootstrapping Spring Data JPA repositories in DEFAULT mode.
2026-04-09 15:51:38.970  INFO 70 --- [           main] .s.d.r.c.RepositoryConfigurationDelegate : Finished Spring Data repository scanning in 62 ms. Found 7 JPA repository interfaces.
2026-04-09 15:51:39.371  INFO 70 --- [           main] trationDelegate$BeanPostProcessorChecker : Bean 'requestLoggingFilterConfig' of type [com.lyubenblagoev.postfixrest.configuration.RequestLoggingFilterConfig$$EnhancerBySpringCGLIB$$274c2af7] is not eligible for getting processed by all BeanPostProcessors (for example: not eligible for auto-proxying)
2026-04-09 15:51:39.389  INFO 70 --- [           main] trationDelegate$BeanPostProcessorChecker : Bean 'customizableTraceInterceptor' of type [org.springframework.aop.interceptor.CustomizableTraceInterceptor] is not eligible for getting processed by all BeanPostProcessors (for example: not eligible for auto-proxying)
2026-04-09 15:51:39.393  INFO 70 --- [           main] trationDelegate$BeanPostProcessorChecker : Bean 'traceAdvisor' of type [org.springframework.aop.support.DefaultPointcutAdvisor] is not eligible for getting processed by all BeanPostProcessors (for example: not eligible for auto-proxying)
2026-04-09 15:51:39.740  INFO 70 --- [           main] o.hibernate.jpa.internal.util.LogHelper  : HHH000204: Processing PersistenceUnitInfo [name: default]
2026-04-09 15:51:39.799  INFO 70 --- [           main] org.hibernate.Version                    : HHH000412: Hibernate ORM core version 5.6.3.Final
2026-04-09 15:51:39.932  INFO 70 --- [           main] o.hibernate.annotations.common.Version   : HCANN000001: Hibernate Commons Annotations {5.1.2.Final}
2026-04-09 15:51:40.031  INFO 70 --- [           main] com.zaxxer.hikari.HikariDataSource       : HikariPool-1 - Starting...
2026-04-09 15:51:40.332  INFO 70 --- [           main] com.zaxxer.hikari.HikariDataSource       : HikariPool-1 - Start completed.
2026-04-09 15:51:40.353  INFO 70 --- [           main] org.hibernate.dialect.Dialect            : HHH000400: Using dialect: org.hibernate.dialect.H2Dialect
2026-04-09 15:51:41.140 DEBUG 70 --- [           main] org.hibernate.SQL                        : drop table if exists accounts CASCADE 
2026-04-09 15:51:41.144 DEBUG 70 --- [           main] org.hibernate.SQL                        : drop table if exists aliases CASCADE 
2026-04-09 15:51:41.145 DEBUG 70 --- [           main] org.hibernate.SQL                        : drop table if exists domains CASCADE 
2026-04-09 15:51:41.145 DEBUG 70 --- [           main] org.hibernate.SQL                        : drop table if exists recipient_bccs CASCADE 
2026-04-09 15:51:41.145 DEBUG 70 --- [           main] org.hibernate.SQL                        : drop table if exists roles CASCADE 
2026-04-09 15:51:41.145 DEBUG 70 --- [           main] org.hibernate.SQL                        : drop table if exists sender_bccs CASCADE 
2026-04-09 15:51:41.146 DEBUG 70 --- [           main] org.hibernate.SQL                        : drop table if exists user_devices CASCADE 
2026-04-09 15:51:41.146 DEBUG 70 --- [           main] org.hibernate.SQL                        : drop table if exists users CASCADE 
2026-04-09 15:51:41.146 DEBUG 70 --- [           main] org.hibernate.SQL                        : drop table if exists users_roles CASCADE 
2026-04-09 15:51:41.149 DEBUG 70 --- [           main] org.hibernate.SQL                        : create table accounts (id bigint generated by default as identity, created timestamp, enabled boolean not null, updated timestamp, password varchar(255), username varchar(255), domain_id bigint, primary key (id))
2026-04-09 15:51:41.159 DEBUG 70 --- [           main] org.hibernate.SQL                        : create table aliases (id bigint generated by default as identity, created timestamp, enabled boolean not null, updated timestamp, alias varchar(255), email varchar(255), domain_id bigint, primary key (id))
2026-04-09 15:51:41.161 DEBUG 70 --- [           main] org.hibernate.SQL                        : create table domains (id bigint generated by default as identity, created timestamp, enabled boolean not null, updated timestamp, name varchar(255) not null, primary key (id))
2026-04-09 15:51:41.163 DEBUG 70 --- [           main] org.hibernate.SQL                        : create table recipient_bccs (id bigint generated by default as identity, created timestamp, enabled boolean not null, updated timestamp, receiver_email_address varchar(255), account_id bigint, primary key (id))
2026-04-09 15:51:41.164 DEBUG 70 --- [           main] org.hibernate.SQL                        : create table roles (id bigint generated by default as identity, created timestamp, enabled boolean not null, updated timestamp, name varchar(255), primary key (id))
2026-04-09 15:51:41.166 DEBUG 70 --- [           main] org.hibernate.SQL                        : create table sender_bccs (id bigint generated by default as identity, created timestamp, enabled boolean not null, updated timestamp, receiver_email_address varchar(255), account_id bigint, primary key (id))
2026-04-09 15:51:41.167 DEBUG 70 --- [           main] org.hibernate.SQL                        : create table user_devices (id bigint generated by default as identity, created timestamp, enabled boolean not null, updated timestamp, os varchar(255), refresh_token varchar(255), refresh_token_expiration_date timestamp, remote_address varchar(255), type varchar(255), user_id bigint, primary key (id))
2026-04-09 15:51:41.169 DEBUG 70 --- [           main] org.hibernate.SQL                        : create table users (id bigint generated by default as identity, created timestamp, enabled boolean not null, updated timestamp, email varchar(255) not null, password varchar(255) not null, primary key (id))
2026-04-09 15:51:41.170 DEBUG 70 --- [           main] org.hibernate.SQL                        : create table users_roles (user_id bigint not null, role_id bigint not null)
2026-04-09 15:51:41.171 DEBUG 70 --- [           main] org.hibernate.SQL                        : alter table accounts add constraint FKjigc9jvxh4i629qfxqgqo9tix foreign key (domain_id) references domains
2026-04-09 15:51:41.185 DEBUG 70 --- [           main] org.hibernate.SQL                        : alter table aliases add constraint FKkb34pv3qleiauvjj1uuobmn1d foreign key (domain_id) references domains
2026-04-09 15:51:41.187 DEBUG 70 --- [           main] org.hibernate.SQL                        : alter table recipient_bccs add constraint FK2g0pkk0mksjpnii4uwvdi5aue foreign key (account_id) references accounts
2026-04-09 15:51:41.188 DEBUG 70 --- [           main] org.hibernate.SQL                        : alter table sender_bccs add constraint FKjp41t7ijr1nmox2j1idu7g1p foreign key (account_id) references accounts
2026-04-09 15:51:41.190 DEBUG 70 --- [           main] org.hibernate.SQL                        : alter table user_devices add constraint FKik0n080vvur1fvdxtygwkt3m4 foreign key (user_id) references users
2026-04-09 15:51:41.192 DEBUG 70 --- [           main] org.hibernate.SQL                        : alter table users_roles add constraint FKj6m8fwv7oqv74fcehir1a9ffy foreign key (role_id) references roles
2026-04-09 15:51:41.194 DEBUG 70 --- [           main] org.hibernate.SQL                        : alter table users_roles add constraint FK2o0jvgh89lemvvo17cbqvdxaa foreign key (user_id) references users
2026-04-09 15:51:41.197  INFO 70 --- [           main] o.h.e.t.j.p.i.JtaPlatformInitiator       : HHH000490: Using JtaPlatform implementation: [org.hibernate.engine.transaction.jta.platform.internal.NoJtaPlatform]
2026-04-09 15:51:41.204  INFO 70 --- [           main] j.LocalContainerEntityManagerFactoryBean : Initialized JPA EntityManagerFactory for persistence unit 'default'
2026-04-09 15:51:42.303 DEBUG 70 --- [           main] org.hibernate.SQL                        : select role0_.id as id1_4_, role0_.created as created2_4_, role0_.enabled as enabled3_4_, role0_.updated as updated4_4_, role0_.name as name5_4_ from roles role0_
2026-04-09 15:51:42.371 DEBUG 70 --- [           main] org.hibernate.SQL                        : insert into roles (id, created, enabled, updated, name) values (null, ?, ?, ?, ?)
2026-04-09 15:51:42.388  INFO 70 --- [           main] c.l.p.s.DefaultAdminUserInitializer      : Created default admin role "ADMIN"
2026-04-09 15:51:42.393 DEBUG 70 --- [           main] org.hibernate.SQL                        : select user0_.id as id1_7_, user0_.created as created2_7_, user0_.enabled as enabled3_7_, user0_.updated as updated4_7_, user0_.email as email5_7_, user0_.password as password6_7_ from users user0_
2026-04-09 15:51:42.483 DEBUG 70 --- [           main] org.hibernate.SQL                        : select role0_.id as id1_4_, role0_.created as created2_4_, role0_.enabled as enabled3_4_, role0_.updated as updated4_4_, role0_.name as name5_4_ from roles role0_ where role0_.name=?
2026-04-09 15:51:42.501 DEBUG 70 --- [           main] org.hibernate.SQL                        : insert into users (id, created, enabled, updated, email, password) values (null, ?, ?, ?, ?, ?)
2026-04-09 15:51:42.512 DEBUG 70 --- [           main] org.hibernate.SQL                        : insert into users_roles (user_id, role_id) values (?, ?)
2026-04-09 15:51:42.514  INFO 70 --- [           main] c.l.p.s.DefaultAdminUserInitializer      : Created default admin user with username "admin@example.com" and password "admin"
2026-04-09 15:51:42.819  INFO 70 --- [           main] o.s.b.a.h2.H2ConsoleAutoConfiguration    : H2 console available at '/h2-console'. Database available at 'jdbc:h2:mem:servermail'
2026-04-09 15:51:43.077  INFO 70 --- [           main] o.s.s.web.DefaultSecurityFilterChain     : Will secure any request with [org.springframework.security.web.context.request.async.WebAsyncManagerIntegrationFilter@7c3b3d15, org.springframework.security.web.context.SecurityContextPersistenceFilter@47396656, org.springframework.security.web.header.HeaderWriterFilter@1cfbc20c, org.springframework.web.filter.CorsFilter@2c7a1971, org.springframework.security.web.authentication.logout.LogoutFilter@725b56e0, com.lyubenblagoev.postfixrest.security.JwtAuthenticationFilter@6fe86513, org.springframework.security.web.savedrequest.RequestCacheAwareFilter@558bce58, org.springframework.security.web.servletapi.SecurityContextHolderAwareRequestFilter@c101b69, org.springframework.security.web.authentication.AnonymousAuthenticationFilter@7b1b63c3, org.springframework.security.web.session.SessionManagementFilter@635a6ddd, org.springframework.security.web.access.ExceptionTranslationFilter@9c35c0, org.springframework.security.web.access.intercept.FilterSecurityInterceptor@4b1ddc13]
2026-04-09 15:51:43.475  INFO 70 --- [           main] o.s.b.t.m.w.SpringBootMockServletContext : Initializing Spring TestDispatcherServlet ''
2026-04-09 15:51:43.475  INFO 70 --- [           main] o.s.t.web.servlet.TestDispatcherServlet  : Initializing Servlet ''
2026-04-09 15:51:43.476  INFO 70 --- [           main] o.s.t.web.servlet.TestDispatcherServlet  : Completed initialization in 1 ms
2026-04-09 15:51:43.495  INFO 70 --- [           main] c.l.p.c.DomainControllerIntegrationTest  : Started DomainControllerIntegrationTest in 5.617 seconds (JVM running for 6.792)
2026-04-09 15:51:43.731 DEBUG 70 --- [           main] org.hibernate.SQL                        : select user0_.id as id1_7_0_, role2_.id as id1_4_1_, user0_.created as created2_7_0_, user0_.enabled as enabled3_7_0_, user0_.updated as updated4_7_0_, user0_.email as email5_7_0_, user0_.password as password6_7_0_, role2_.created as created2_4_1_, role2_.enabled as enabled3_4_1_, role2_.updated as updated4_4_1_, role2_.name as name5_4_1_, roles1_.user_id as user_id1_8_0__, roles1_.role_id as role_id2_8_0__ from users user0_ left outer join users_roles roles1_ on user0_.id=roles1_.user_id left outer join roles role2_ on roles1_.role_id=role2_.id where user0_.email=?
2026-04-09 15:51:43.767 DEBUG 70 --- [           main] org.hibernate.SQL                        : select domain0_.id as id1_2_, domain0_.created as created2_2_, domain0_.enabled as enabled3_2_, domain0_.updated as updated4_2_, domain0_.name as name5_2_ from domains domain0_
2026-04-09 15:51:43.814 DEBUG 70 --- [           main] org.hibernate.SQL                        : select user0_.id as id1_7_0_, role2_.id as id1_4_1_, user0_.created as created2_7_0_, user0_.enabled as enabled3_7_0_, user0_.updated as updated4_7_0_, user0_.email as email5_7_0_, user0_.password as password6_7_0_, role2_.created as created2_4_1_, role2_.enabled as enabled3_4_1_, role2_.updated as updated4_4_1_, role2_.name as name5_4_1_, roles1_.user_id as user_id1_8_0__, roles1_.role_id as role_id2_8_0__ from users user0_ left outer join users_roles roles1_ on user0_.id=roles1_.user_id left outer join roles role2_ on roles1_.role_id=role2_.id where user0_.email=?
2026-04-09 15:51:43.890 DEBUG 70 --- [           main] org.hibernate.SQL                        : select domain0_.id as id1_2_0_, domain0_.created as created2_2_0_, domain0_.enabled as enabled3_2_0_, domain0_.updated as updated4_2_0_, domain0_.name as name5_2_0_ from domains domain0_ where domain0_.id=?
2026-04-09 15:51:43.896 DEBUG 70 --- [           main] org.hibernate.SQL                        : select domain0_.id as id1_2_, domain0_.created as created2_2_, domain0_.enabled as enabled3_2_, domain0_.updated as updated4_2_, domain0_.name as name5_2_ from domains domain0_ where domain0_.name=?
2026-04-09 15:51:43.900 DEBUG 70 --- [           main] org.hibernate.SQL                        : insert into domains (id, created, enabled, updated, name) values (null, ?, ?, ?, ?)
2026-04-09 15:51:43.972 DEBUG 70 --- [           main] org.hibernate.SQL                        : select user0_.id as id1_7_0_, role2_.id as id1_4_1_, user0_.created as created2_7_0_, user0_.enabled as enabled3_7_0_, user0_.updated as updated4_7_0_, user0_.email as email5_7_0_, user0_.password as password6_7_0_, role2_.created as created2_4_1_, role2_.enabled as enabled3_4_1_, role2_.updated as updated4_4_1_, role2_.name as name5_4_1_, roles1_.user_id as user_id1_8_0__, roles1_.role_id as role_id2_8_0__ from users user0_ left outer join users_roles roles1_ on user0_.id=roles1_.user_id left outer join roles role2_ on roles1_.role_id=role2_.id where user0_.email=?
2026-04-09 15:51:43.984 DEBUG 70 --- [           main] org.hibernate.SQL                        : select domain0_.id as id1_2_, domain0_.created as created2_2_, domain0_.enabled as enabled3_2_, domain0_.updated as updated4_2_, domain0_.name as name5_2_ from domains domain0_ where domain0_.name=?
2026-04-09 15:51:43.986 DEBUG 70 --- [           main] org.hibernate.SQL                        : select domain0_.id as id1_2_0_, domain0_.created as created2_2_0_, domain0_.enabled as enabled3_2_0_, domain0_.updated as updated4_2_0_, domain0_.name as name5_2_0_ from domains domain0_ where domain0_.id=?
2026-04-09 15:51:43.994 DEBUG 70 --- [           main] org.hibernate.SQL                        : update domains set created=?, enabled=?, updated=?, name=? where id=?
2026-04-09 15:51:44.024 DEBUG 70 --- [           main] org.hibernate.SQL                        : select user0_.id as id1_7_0_, role2_.id as id1_4_1_, user0_.created as created2_7_0_, user0_.enabled as enabled3_7_0_, user0_.updated as updated4_7_0_, user0_.email as email5_7_0_, user0_.password as password6_7_0_, role2_.created as created2_4_1_, role2_.enabled as enabled3_4_1_, role2_.updated as updated4_4_1_, role2_.name as name5_4_1_, roles1_.user_id as user_id1_8_0__, roles1_.role_id as role_id2_8_0__ from users user0_ left outer join users_roles roles1_ on user0_.id=roles1_.user_id left outer join roles role2_ on roles1_.role_id=role2_.id where user0_.email=?
2026-04-09 15:51:44.027 DEBUG 70 --- [           main] org.hibernate.SQL                        : select domain0_.id as id1_2_, domain0_.created as created2_2_, domain0_.enabled as enabled3_2_, domain0_.updated as updated4_2_, domain0_.name as name5_2_ from domains domain0_
2026-04-09 15:51:44.039 DEBUG 70 --- [           main] org.hibernate.SQL                        : select user0_.id as id1_7_0_, role2_.id as id1_4_1_, user0_.created as created2_7_0_, user0_.enabled as enabled3_7_0_, user0_.updated as updated4_7_0_, user0_.email as email5_7_0_, user0_.password as password6_7_0_, role2_.created as created2_4_1_, role2_.enabled as enabled3_4_1_, role2_.updated as updated4_4_1_, role2_.name as name5_4_1_, roles1_.user_id as user_id1_8_0__, roles1_.role_id as role_id2_8_0__ from users user0_ left outer join users_roles roles1_ on user0_.id=roles1_.user_id left outer join roles role2_ on roles1_.role_id=role2_.id where user0_.email=?
2026-04-09 15:51:44.042 DEBUG 70 --- [           main] org.hibernate.SQL                        : select domain0_.id as id1_2_, domain0_.created as created2_2_, domain0_.enabled as enabled3_2_, domain0_.updated as updated4_2_, domain0_.name as name5_2_ from domains domain0_ where domain0_.name=?
2026-04-09 15:51:44.052 DEBUG 70 --- [           main] org.hibernate.SQL                        : select user0_.id as id1_7_0_, role2_.id as id1_4_1_, user0_.created as created2_7_0_, user0_.enabled as enabled3_7_0_, user0_.updated as updated4_7_0_, user0_.email as email5_7_0_, user0_.password as password6_7_0_, role2_.created as created2_4_1_, role2_.enabled as enabled3_4_1_, role2_.updated as updated4_4_1_, role2_.name as name5_4_1_, roles1_.user_id as user_id1_8_0__, roles1_.role_id as role_id2_8_0__ from users user0_ left outer join users_roles roles1_ on user0_.id=roles1_.user_id left outer join roles role2_ on roles1_.role_id=role2_.id where user0_.email=?
2026-04-09 15:51:44.055 DEBUG 70 --- [           main] org.hibernate.SQL                        : select domain0_.id as id1_2_, domain0_.created as created2_2_, domain0_.enabled as enabled3_2_, domain0_.updated as updated4_2_, domain0_.name as name5_2_ from domains domain0_ where domain0_.name=?
2026-04-09 15:51:44.061 ERROR 70 --- [           main] com.lyubenblagoev.postfixrest.FileUtils  : Failed to delete /var/mail/vhosts/example.com
2026-04-09 15:51:44.063 DEBUG 70 --- [           main] org.hibernate.SQL                        : select domain0_.id as id1_2_0_, domain0_.created as created2_2_0_, domain0_.enabled as enabled3_2_0_, domain0_.updated as updated4_2_0_, domain0_.name as name5_2_0_ from domains domain0_ where domain0_.id=?
2026-04-09 15:51:44.065 DEBUG 70 --- [           main] org.hibernate.SQL                        : select accounts0_.domain_id as domain_i7_0_0_, accounts0_.id as id1_0_0_, accounts0_.id as id1_0_1_, accounts0_.created as created2_0_1_, accounts0_.enabled as enabled3_0_1_, accounts0_.updated as updated4_0_1_, accounts0_.domain_id as domain_i7_0_1_, accounts0_.password as password5_0_1_, accounts0_.username as username6_0_1_ from accounts accounts0_ where accounts0_.domain_id=?
2026-04-09 15:51:44.066 DEBUG 70 --- [           main] org.hibernate.SQL                        : select aliases0_.domain_id as domain_i7_1_0_, aliases0_.id as id1_1_0_, aliases0_.id as id1_1_1_, aliases0_.created as created2_1_1_, aliases0_.enabled as enabled3_1_1_, aliases0_.updated as updated4_1_1_, aliases0_.alias as alias5_1_1_, aliases0_.domain_id as domain_i7_1_1_, aliases0_.email as email6_1_1_ from aliases aliases0_ where aliases0_.domain_id=?
2026-04-09 15:51:44.071 DEBUG 70 --- [           main] org.hibernate.SQL                        : delete from domains where id=?
2026-04-09 15:51:44.081 DEBUG 70 --- [           main] org.hibernate.SQL                        : select user0_.id as id1_7_0_, role2_.id as id1_4_1_, user0_.created as created2_7_0_, user0_.enabled as enabled3_7_0_, user0_.updated as updated4_7_0_, user0_.email as email5_7_0_, user0_.password as password6_7_0_, role2_.created as created2_4_1_, role2_.enabled as enabled3_4_1_, role2_.updated as updated4_4_1_, role2_.name as name5_4_1_, roles1_.user_id as user_id1_8_0__, roles1_.role_id as role_id2_8_0__ from users user0_ left outer join users_roles roles1_ on user0_.id=roles1_.user_id left outer join roles role2_ on roles1_.role_id=role2_.id where user0_.email=?
2026-04-09 15:51:44.085 DEBUG 70 --- [           main] org.hibernate.SQL                        : select domain0_.id as id1_2_, domain0_.created as created2_2_, domain0_.enabled as enabled3_2_, domain0_.updated as updated4_2_, domain0_.name as name5_2_ from domains domain0_ where domain0_.name=?
2026-04-09 15:51:44.092  INFO 70 --- [           main] c.l.p.controller.ExceptionHandlerAdvice  : ApiErrorResponse [message=Domain example.org not found, path=/api/v1/domains/example.org, method=DELETE]
[INFO] Tests run: 8, Failures: 0, Errors: 0, Skipped: 0, Time elapsed: 6.745 s - in com.lyubenblagoev.postfixrest.controller.DomainControllerIntegrationTest
[INFO] Running com.lyubenblagoev.postfixrest.ApplicationTest
2026-04-09 15:51:44.100  INFO 70 --- [           main] .b.t.c.SpringBootTestContextBootstrapper : Neither @ContextConfiguration nor @ContextHierarchy found for test class [com.lyubenblagoev.postfixrest.ApplicationTest], using SpringBootContextLoader
2026-04-09 15:51:44.100  INFO 70 --- [           main] o.s.t.c.support.AbstractContextLoader    : Could not detect default resource locations for test class [com.lyubenblagoev.postfixrest.ApplicationTest]: no resource found for suffixes {-context.xml, Context.groovy}.
2026-04-09 15:51:44.100  INFO 70 --- [           main] t.c.s.AnnotationConfigContextLoaderUtils : Could not detect default configuration classes for test class [com.lyubenblagoev.postfixrest.ApplicationTest]: ApplicationTest does not declare any static, non-private, non-final, nested classes annotated with @Configuration.
2026-04-09 15:51:44.103  INFO 70 --- [           main] .b.t.c.SpringBootTestContextBootstrapper : Found @SpringBootConfiguration com.lyubenblagoev.postfixrest.Application for test class com.lyubenblagoev.postfixrest.ApplicationTest
2026-04-09 15:51:44.104  INFO 70 --- [           main] .b.t.c.SpringBootTestContextBootstrapper : Loaded default TestExecutionListener class names from location [META-INF/spring.factories]: [org.springframework.boot.test.mock.mockito.MockitoTestExecutionListener, org.springframework.boot.test.mock.mockito.ResetMocksTestExecutionListener, org.springframework.boot.test.autoconfigure.restdocs.RestDocsTestExecutionListener, org.springframework.boot.test.autoconfigure.web.client.MockRestServiceServerResetTestExecutionListener, org.springframework.boot.test.autoconfigure.web.servlet.MockMvcPrintOnlyOnFailureTestExecutionListener, org.springframework.boot.test.autoconfigure.web.servlet.WebDriverTestExecutionListener, org.springframework.boot.test.autoconfigure.webservices.client.MockWebServiceServerTestExecutionListener, org.springframework.test.context.web.ServletTestExecutionListener, org.springframework.test.context.support.DirtiesContextBeforeModesTestExecutionListener, org.springframework.test.context.event.ApplicationEventsTestExecutionListener, org.springframework.test.context.support.DependencyInjectionTestExecutionListener, org.springframework.test.context.support.DirtiesContextTestExecutionListener, org.springframework.test.context.transaction.TransactionalTestExecutionListener, org.springframework.test.context.jdbc.SqlScriptsTestExecutionListener, org.springframework.test.context.event.EventPublishingTestExecutionListener]
2026-04-09 15:51:44.105  INFO 70 --- [           main] .b.t.c.SpringBootTestContextBootstrapper : Using TestExecutionListeners: [org.springframework.test.context.web.ServletTestExecutionListener@5d26f221, org.springframework.test.context.support.DirtiesContextBeforeModesTestExecutionListener@4aaeb3cb, org.springframework.test.context.event.ApplicationEventsTestExecutionListener@6c45333b, org.springframework.boot.test.mock.mockito.MockitoTestExecutionListener@39ca30a8, org.springframework.boot.test.autoconfigure.SpringBootDependencyInjectionTestExecutionListener@53977a4a, org.springframework.test.context.support.DirtiesContextTestExecutionListener@6c18bb18, org.springframework.test.context.transaction.TransactionalTestExecutionListener@2981814b, org.springframework.test.context.jdbc.SqlScriptsTestExecutionListener@41a6bba3, org.springframework.test.context.event.EventPublishingTestExecutionListener@298bdcf7, org.springframework.boot.test.mock.mockito.ResetMocksTestExecutionListener@e262a5, org.springframework.boot.test.autoconfigure.restdocs.RestDocsTestExecutionListener@254c202b, org.springframework.boot.test.autoconfigure.web.client.MockRestServiceServerResetTestExecutionListener@5143ec82, org.springframework.boot.test.autoconfigure.web.servlet.MockMvcPrintOnlyOnFailureTestExecutionListener@2658fe39, org.springframework.boot.test.autoconfigure.web.servlet.WebDriverTestExecutionListener@353c571d, org.springframework.boot.test.autoconfigure.webservices.client.MockWebServiceServerTestExecutionListener@71b564e9]
2026-04-09 15:51:44.127  INFO 70 --- [           main] c.l.postfixrest.ApplicationTest          : Starting ApplicationTest using Java 11.0.16 on 8225b1af773d with PID 70 (started by root in /app)
2026-04-09 15:51:44.127 DEBUG 70 --- [           main] c.l.postfixrest.ApplicationTest          : Running with Spring Boot v2.6.2, Spring v5.3.14
2026-04-09 15:51:44.127  INFO 70 --- [           main] c.l.postfixrest.ApplicationTest          : The following profiles are active: dev
2026-04-09 15:51:44.230  INFO 70 --- [           main] .s.d.r.c.RepositoryConfigurationDelegate : Bootstrapping Spring Data JPA repositories in DEFAULT mode.
2026-04-09 15:51:44.242  INFO 70 --- [           main] .s.d.r.c.RepositoryConfigurationDelegate : Finished Spring Data repository scanning in 11 ms. Found 7 JPA repository interfaces.
2026-04-09 15:51:44.299  INFO 70 --- [           main] trationDelegate$BeanPostProcessorChecker : Bean 'requestLoggingFilterConfig' of type [com.lyubenblagoev.postfixrest.configuration.RequestLoggingFilterConfig$$EnhancerBySpringCGLIB$$274c2af7] is not eligible for getting processed by all BeanPostProcessors (for example: not eligible for auto-proxying)
2026-04-09 15:51:44.301  INFO 70 --- [           main] trationDelegate$BeanPostProcessorChecker : Bean 'customizableTraceInterceptor' of type [org.springframework.aop.interceptor.CustomizableTraceInterceptor] is not eligible for getting processed by all BeanPostProcessors (for example: not eligible for auto-proxying)
2026-04-09 15:51:44.302  INFO 70 --- [           main] trationDelegate$BeanPostProcessorChecker : Bean 'traceAdvisor' of type [org.springframework.aop.support.DefaultPointcutAdvisor] is not eligible for getting processed by all BeanPostProcessors (for example: not eligible for auto-proxying)
2026-04-09 15:51:44.348  INFO 70 --- [           main] o.hibernate.jpa.internal.util.LogHelper  : HHH000204: Processing PersistenceUnitInfo [name: default]
2026-04-09 15:51:44.351  INFO 70 --- [           main] com.zaxxer.hikari.HikariDataSource       : HikariPool-2 - Starting...
2026-04-09 15:51:44.352  INFO 70 --- [           main] com.zaxxer.hikari.HikariDataSource       : HikariPool-2 - Start completed.
2026-04-09 15:51:44.353  INFO 70 --- [           main] org.hibernate.dialect.Dialect            : HHH000400: Using dialect: org.hibernate.dialect.H2Dialect
2026-04-09 15:51:44.467 DEBUG 70 --- [           main] org.hibernate.SQL                        : drop table if exists accounts CASCADE 
2026-04-09 15:51:44.470 DEBUG 70 --- [           main] org.hibernate.SQL                        : drop table if exists aliases CASCADE 
2026-04-09 15:51:44.471 DEBUG 70 --- [           main] org.hibernate.SQL                        : drop table if exists domains CASCADE 
2026-04-09 15:51:44.471 DEBUG 70 --- [           main] org.hibernate.SQL                        : drop table if exists recipient_bccs CASCADE 
2026-04-09 15:51:44.472 DEBUG 70 --- [           main] org.hibernate.SQL                        : drop table if exists roles CASCADE 
2026-04-09 15:51:44.473 DEBUG 70 --- [           main] org.hibernate.SQL                        : drop table if exists sender_bccs CASCADE 
2026-04-09 15:51:44.473 DEBUG 70 --- [           main] org.hibernate.SQL                        : drop table if exists user_devices CASCADE 
2026-04-09 15:51:44.474 DEBUG 70 --- [           main] org.hibernate.SQL                        : drop table if exists users CASCADE 
2026-04-09 15:51:44.475 DEBUG 70 --- [           main] org.hibernate.SQL                        : drop table if exists users_roles CASCADE 
2026-04-09 15:51:44.475 DEBUG 70 --- [           main] org.hibernate.SQL                        : create table accounts (id bigint generated by default as identity, created timestamp, enabled boolean not null, updated timestamp, password varchar(255), username varchar(255), domain_id bigint, primary key (id))
2026-04-09 15:51:44.476 DEBUG 70 --- [           main] org.hibernate.SQL                        : create table aliases (id bigint generated by default as identity, created timestamp, enabled boolean not null, updated timestamp, alias varchar(255), email varchar(255), domain_id bigint, primary key (id))
2026-04-09 15:51:44.477 DEBUG 70 --- [           main] org.hibernate.SQL                        : create table domains (id bigint generated by default as identity, created timestamp, enabled boolean not null, updated timestamp, name varchar(255) not null, primary key (id))
2026-04-09 15:51:44.478 DEBUG 70 --- [           main] org.hibernate.SQL                        : create table recipient_bccs (id bigint generated by default as identity, created timestamp, enabled boolean not null, updated timestamp, receiver_email_address varchar(255), account_id bigint, primary key (id))
2026-04-09 15:51:44.479 DEBUG 70 --- [           main] org.hibernate.SQL                        : create table roles (id bigint generated by default as identity, created timestamp, enabled boolean not null, updated timestamp, name varchar(255), primary key (id))
2026-04-09 15:51:44.480 DEBUG 70 --- [           main] org.hibernate.SQL                        : create table sender_bccs (id bigint generated by default as identity, created timestamp, enabled boolean not null, updated timestamp, receiver_email_address varchar(255), account_id bigint, primary key (id))
2026-04-09 15:51:44.481 DEBUG 70 --- [           main] org.hibernate.SQL                        : create table user_devices (id bigint generated by default as identity, created timestamp, enabled boolean not null, updated timestamp, os varchar(255), refresh_token varchar(255), refresh_token_expiration_date timestamp, remote_address varchar(255), type varchar(255), user_id bigint, primary key (id))
2026-04-09 15:51:44.482 DEBUG 70 --- [           main] org.hibernate.SQL                        : create table users (id bigint generated by default as identity, created timestamp, enabled boolean not null, updated timestamp, email varchar(255) not null, password varchar(255) not null, primary key (id))
2026-04-09 15:51:44.482 DEBUG 70 --- [           main] org.hibernate.SQL                        : create table users_roles (user_id bigint not null, role_id bigint not null)
2026-04-09 15:51:44.483 DEBUG 70 --- [           main] org.hibernate.SQL                        : alter table accounts add constraint FKjigc9jvxh4i629qfxqgqo9tix foreign key (domain_id) references domains
2026-04-09 15:51:44.484 DEBUG 70 --- [           main] org.hibernate.SQL                        : alter table aliases add constraint FKkb34pv3qleiauvjj1uuobmn1d foreign key (domain_id) references domains
2026-04-09 15:51:44.485 DEBUG 70 --- [           main] org.hibernate.SQL                        : alter table recipient_bccs add constraint FK2g0pkk0mksjpnii4uwvdi5aue foreign key (account_id) references accounts
2026-04-09 15:51:44.486 DEBUG 70 --- [           main] org.hibernate.SQL                        : alter table sender_bccs add constraint FKjp41t7ijr1nmox2j1idu7g1p foreign key (account_id) references accounts
2026-04-09 15:51:44.487 DEBUG 70 --- [           main] org.hibernate.SQL                        : alter table user_devices add constraint FKik0n080vvur1fvdxtygwkt3m4 foreign key (user_id) references users
2026-04-09 15:51:44.488 DEBUG 70 --- [           main] org.hibernate.SQL                        : alter table users_roles add constraint FKj6m8fwv7oqv74fcehir1a9ffy foreign key (role_id) references roles
2026-04-09 15:51:44.490 DEBUG 70 --- [           main] org.hibernate.SQL                        : alter table users_roles add constraint FK2o0jvgh89lemvvo17cbqvdxaa foreign key (user_id) references users
2026-04-09 15:51:44.491  INFO 70 --- [           main] o.h.e.t.j.p.i.JtaPlatformInitiator       : HHH000490: Using JtaPlatform implementation: [org.hibernate.engine.transaction.jta.platform.internal.NoJtaPlatform]
2026-04-09 15:51:44.492  INFO 70 --- [           main] j.LocalContainerEntityManagerFactoryBean : Initialized JPA EntityManagerFactory for persistence unit 'default'
2026-04-09 15:51:44.748 DEBUG 70 --- [           main] org.hibernate.SQL                        : select role0_.id as id1_4_, role0_.created as created2_4_, role0_.enabled as enabled3_4_, role0_.updated as updated4_4_, role0_.name as name5_4_ from roles role0_
2026-04-09 15:51:44.752 DEBUG 70 --- [           main] org.hibernate.SQL                        : insert into roles (id, created, enabled, updated, name) values (null, ?, ?, ?, ?)
2026-04-09 15:51:44.754  INFO 70 --- [           main] c.l.p.s.DefaultAdminUserInitializer      : Created default admin role "ADMIN"
2026-04-09 15:51:44.758 DEBUG 70 --- [           main] org.hibernate.SQL                        : select user0_.id as id1_7_, user0_.created as created2_7_, user0_.enabled as enabled3_7_, user0_.updated as updated4_7_, user0_.email as email5_7_, user0_.password as password6_7_ from users user0_
2026-04-09 15:51:44.816 DEBUG 70 --- [           main] org.hibernate.SQL                        : select role0_.id as id1_4_, role0_.created as created2_4_, role0_.enabled as enabled3_4_, role0_.updated as updated4_4_, role0_.name as name5_4_ from roles role0_ where role0_.name=?
2026-04-09 15:51:44.819 DEBUG 70 --- [           main] org.hibernate.SQL                        : insert into users (id, created, enabled, updated, email, password) values (null, ?, ?, ?, ?, ?)
2026-04-09 15:51:44.821 DEBUG 70 --- [           main] org.hibernate.SQL                        : insert into users_roles (user_id, role_id) values (?, ?)
2026-04-09 15:51:44.822  INFO 70 --- [           main] c.l.p.s.DefaultAdminUserInitializer      : Created default admin user with username "admin@example.com" and password "admin"
2026-04-09 15:51:44.894  INFO 70 --- [           main] o.s.b.a.h2.H2ConsoleAutoConfiguration    : H2 console available at '/h2-console'. Database available at 'jdbc:h2:mem:servermail'
2026-04-09 15:51:44.977  INFO 70 --- [           main] o.s.s.web.DefaultSecurityFilterChain     : Will secure any request with [org.springframework.security.web.context.request.async.WebAsyncManagerIntegrationFilter@27bf00dc, org.springframework.security.web.context.SecurityContextPersistenceFilter@285bc8b2, org.springframework.security.web.header.HeaderWriterFilter@613ef1d6, org.springframework.web.filter.CorsFilter@1e7bb01f, org.springframework.security.web.authentication.logout.LogoutFilter@7531191, com.lyubenblagoev.postfixrest.security.JwtAuthenticationFilter@4cc7b62c, org.springframework.security.web.savedrequest.RequestCacheAwareFilter@790c1829, org.springframework.security.web.servletapi.SecurityContextHolderAwareRequestFilter@6f2ae69f, org.springframework.security.web.authentication.AnonymousAuthenticationFilter@57d26dd5, org.springframework.security.web.session.SessionManagementFilter@2527750b, org.springframework.security.web.access.ExceptionTranslationFilter@1758dbd3, org.springframework.security.web.access.intercept.FilterSecurityInterceptor@1a0fa757]
2026-04-09 15:51:45.143  INFO 70 --- [           main] c.l.postfixrest.ApplicationTest          : Started ApplicationTest in 1.035 seconds (JVM running for 8.44)
[INFO] Tests run: 1, Failures: 0, Errors: 0, Skipped: 0, Time elapsed: 1.034 s - in com.lyubenblagoev.postfixrest.ApplicationTest
2026-04-09 15:51:45.158  INFO 70 --- [ionShutdownHook] j.LocalContainerEntityManagerFactoryBean : Closing JPA EntityManagerFactory for persistence unit 'default'
2026-04-09 15:51:45.166  INFO 70 --- [ionShutdownHook] com.zaxxer.hikari.HikariDataSource       : HikariPool-1 - Shutdown initiated...
2026-04-09 15:51:45.169  INFO 70 --- [ionShutdownHook] com.zaxxer.hikari.HikariDataSource       : HikariPool-1 - Shutdown completed.
2026-04-09 15:51:45.173  INFO 70 --- [ionShutdownHook] j.LocalContainerEntityManagerFactoryBean : Closing JPA EntityManagerFactory for persistence unit 'default'
2026-04-09 15:51:45.173  INFO 70 --- [ionShutdownHook] com.zaxxer.hikari.HikariDataSource       : HikariPool-2 - Shutdown initiated...
2026-04-09 15:51:45.175  INFO 70 --- [ionShutdownHook] com.zaxxer.hikari.HikariDataSource       : HikariPool-2 - Shutdown completed.
[INFO] 
[INFO] Results:
[INFO] 
[INFO] Tests run: 9, Failures: 0, Errors: 0, Skipped: 0
[INFO] 
[INFO] 
[INFO] --- jacoco-maven-plugin:0.8.11:report (report) @ postfix-rest-server ---
[INFO] Loading execution data file /app/target/jacoco.exec
[INFO] Analyzed bundle 'postfix-rest-server' with 63 classes
[INFO] 
[INFO] --- jacoco-maven-plugin:0.8.11:report (default-cli) @ postfix-rest-server ---
[INFO] Loading execution data file /app/target/jacoco.exec
[INFO] Analyzed bundle 'postfix-rest-server' with 63 classes
[INFO] ------------------------------------------------------------------------
[INFO] BUILD SUCCESS
[INFO] ------------------------------------------------------------------------
[INFO] Total time:  11.897 s
[INFO] Finished at: 2026-04-09T15:51:46Z
[INFO] ------------------------------------------------------------------------
