[INFO] Scanning for projects...
[INFO] 
[INFO] -----------------< com.porterhead:spring-file-poller >------------------
[INFO] Building File Polling Service 1.0.1
[INFO] --------------------------------[ jar ]---------------------------------
[INFO] 
[INFO] --- maven-clean-plugin:3.1.0:clean (default-clean) @ spring-file-poller ---
[INFO] Deleting /app/target
[INFO] 
[INFO] --- jacoco-maven-plugin:0.8.11:prepare-agent (default) @ spring-file-poller ---
[INFO] argLine set to -javaagent:/root/.m2/repository/org/jacoco/org.jacoco.agent/0.8.11/org.jacoco.agent-0.8.11-runtime.jar=destfile=/app/target/jacoco.exec
[INFO] 
[INFO] --- maven-resources-plugin:3.2.0:resources (default-resources) @ spring-file-poller ---
[INFO] Using 'UTF-8' encoding to copy filtered resources.
[INFO] Using 'UTF-8' encoding to copy filtered properties files.
[INFO] Copying 1 resource
[INFO] Copying 0 resource
[INFO] 
[INFO] --- maven-compiler-plugin:3.8.1:compile (default-compile) @ spring-file-poller ---
[INFO] Changes detected - recompiling the module!
[INFO] Compiling 5 source files to /app/target/classes
[INFO] 
[INFO] --- build-helper-maven-plugin:3.3.0:add-test-source (add-kex-test-source) @ spring-file-poller ---
[INFO] Test Source directory: /app/src/test/java/kex-tests added.
[INFO] 
[INFO] --- maven-resources-plugin:3.2.0:testResources (default-testResources) @ spring-file-poller ---
[INFO] Using 'UTF-8' encoding to copy filtered resources.
[INFO] Using 'UTF-8' encoding to copy filtered properties files.
[INFO] Copying 1 resource
[INFO] 
[INFO] --- maven-compiler-plugin:3.8.1:testCompile (default-testCompile) @ spring-file-poller ---
[INFO] Changes detected - recompiling the module!
[INFO] Compiling 26 source files to /app/target/test-classes
[WARNING] /app/src/test/java/kex-tests/tests/com/porterhead/integration/file/ReflectionUtils.java:[9,16] sun.misc.Unsafe is internal proprietary API and may be removed in a future release
[WARNING] /app/src/test/java/kex-tests/tests/com/porterhead/integration/configuration/ReflectionUtils.java:[9,16] sun.misc.Unsafe is internal proprietary API and may be removed in a future release
[WARNING] /app/src/test/java/kex-tests/tests/com/porterhead/ReflectionUtils.java:[9,16] sun.misc.Unsafe is internal proprietary API and may be removed in a future release
[WARNING] /app/src/test/java/kex-tests/tests/com/porterhead/integration/file/ReflectionUtils.java:[13,25] sun.misc.Unsafe is internal proprietary API and may be removed in a future release
[WARNING] /app/src/test/java/kex-tests/tests/com/porterhead/integration/file/ReflectionUtils.java:[17,31] sun.misc.Unsafe is internal proprietary API and may be removed in a future release
[WARNING] /app/src/test/java/kex-tests/tests/com/porterhead/integration/file/ReflectionUtils.java:[19,23] sun.misc.Unsafe is internal proprietary API and may be removed in a future release
[WARNING] /app/src/test/java/kex-tests/tests/com/porterhead/integration/configuration/ReflectionUtils.java:[13,25] sun.misc.Unsafe is internal proprietary API and may be removed in a future release
[WARNING] /app/src/test/java/kex-tests/tests/com/porterhead/integration/configuration/ReflectionUtils.java:[17,31] sun.misc.Unsafe is internal proprietary API and may be removed in a future release
[WARNING] /app/src/test/java/kex-tests/tests/com/porterhead/integration/configuration/ReflectionUtils.java:[19,23] sun.misc.Unsafe is internal proprietary API and may be removed in a future release
[WARNING] /app/src/test/java/kex-tests/tests/com/porterhead/ReflectionUtils.java:[13,25] sun.misc.Unsafe is internal proprietary API and may be removed in a future release
[WARNING] /app/src/test/java/kex-tests/tests/com/porterhead/ReflectionUtils.java:[17,31] sun.misc.Unsafe is internal proprietary API and may be removed in a future release
[WARNING] /app/src/test/java/kex-tests/tests/com/porterhead/ReflectionUtils.java:[19,23] sun.misc.Unsafe is internal proprietary API and may be removed in a future release
[INFO] /app/src/test/java/com/porterhead/integration/TestUtils.java: /app/src/test/java/com/porterhead/integration/TestUtils.java uses or overrides a deprecated API.
[INFO] /app/src/test/java/com/porterhead/integration/TestUtils.java: Recompile with -Xlint:deprecation for details.
[INFO] 
[INFO] --- maven-surefire-plugin:2.22.2:test (default-test) @ spring-file-poller ---
[INFO] 
[INFO] -------------------------------------------------------
[INFO]  T E S T S
[INFO] -------------------------------------------------------
[INFO] Running com.porterhead.Application_main_15009539321

  .   ____          _            __ _ _
 /\\ / ___'_ __ _ _(_)_ __  __ _ \ \ \ \
( ( )\___ | '_ | '_| | '_ \/ _` | \ \ \ \
 \\/  ___)| |_)| | | | | || (_| |  ) ) ) )
  '  |____| .__|_| |_|_| |_\__, | / / / /
 =========|_|==============|___/=/_/_/_/
 :: Spring Boot ::                (v2.6.3)

2026-04-08 01:11:39.689  INFO 70 --- [me-limited test] com.porterhead.Application               : Starting Application using Java 11.0.16 on 295b7453bd95 with PID 70 (started by root in /app)
2026-04-08 01:11:39.691  INFO 70 --- [me-limited test] com.porterhead.Application               : No active profile set, falling back to default profiles: default
2026-04-08 01:11:40.143  INFO 70 --- [me-limited test] faultConfiguringBeanFactoryPostProcessor : No bean named 'errorChannel' has been explicitly defined. Therefore, a default PublishSubscribeChannel will be created.
2026-04-08 01:11:40.164  INFO 70 --- [me-limited test] faultConfiguringBeanFactoryPostProcessor : No bean named 'integrationHeaderChannelRegistry' has been explicitly defined. Therefore, a default DefaultHeaderChannelRegistry will be created.
2026-04-08 01:11:40.356  INFO 70 --- [me-limited test] trationDelegate$BeanPostProcessorChecker : Bean 'org.springframework.integration.config.IntegrationManagementConfiguration' of type [org.springframework.integration.config.IntegrationManagementConfiguration] is not eligible for getting processed by all BeanPostProcessors (for example: not eligible for auto-proxying)
2026-04-08 01:11:40.367  INFO 70 --- [me-limited test] trationDelegate$BeanPostProcessorChecker : Bean 'integrationChannelResolver' of type [org.springframework.integration.support.channel.BeanFactoryChannelResolver] is not eligible for getting processed by all BeanPostProcessors (for example: not eligible for auto-proxying)
2026-04-08 01:11:40.771  INFO 70 --- [me-limited test] o.s.i.endpoint.EventDrivenConsumer       : Adding {logging-channel-adapter:_org.springframework.integration.errorLogger} as a subscriber to the 'errorChannel' channel
2026-04-08 01:11:40.771  INFO 70 --- [me-limited test] o.s.i.channel.PublishSubscribeChannel    : Channel 'application.errorChannel' has 1 subscriber(s).
2026-04-08 01:11:40.772  INFO 70 --- [me-limited test] o.s.i.endpoint.EventDrivenConsumer       : started bean '_org.springframework.integration.errorLogger'
2026-04-08 01:11:40.772  INFO 70 --- [me-limited test] o.s.i.endpoint.EventDrivenConsumer       : Adding {transformer} as a subscriber to the 'inboundFileIntegration.channel#0' channel
2026-04-08 01:11:40.772  INFO 70 --- [me-limited test] o.s.integration.channel.DirectChannel    : Channel 'application.inboundFileIntegration.channel#0' has 1 subscriber(s).
2026-04-08 01:11:40.772  INFO 70 --- [me-limited test] o.s.i.endpoint.EventDrivenConsumer       : started bean 'inboundFileIntegration.org.springframework.integration.config.ConsumerEndpointFactoryBean#0'; defined in: 'class path resource [com/porterhead/integration/file/FilePollingIntegrationFlow.class]'; from source: 'bean method inboundFileIntegration'
2026-04-08 01:11:40.772  INFO 70 --- [me-limited test] o.s.i.endpoint.EventDrivenConsumer       : Adding {transformer} as a subscriber to the 'inbound-channel' channel
2026-04-08 01:11:40.773  INFO 70 --- [me-limited test] o.s.integration.channel.DirectChannel    : Channel 'application.inbound-channel' has 1 subscriber(s).
2026-04-08 01:11:40.773  INFO 70 --- [me-limited test] o.s.i.endpoint.EventDrivenConsumer       : started bean 'writeToFile.org.springframework.integration.config.ConsumerEndpointFactoryBean#0'; defined in: 'class path resource [com/porterhead/integration/writer/MessageProcessingIntegrationFlow.class]'; from source: 'bean method writeToFile'
2026-04-08 01:11:40.773  INFO 70 --- [me-limited test] o.s.i.endpoint.EventDrivenConsumer       : Adding {file:outbound-gateway} as a subscriber to the 'writeToFile.channel#0' channel
2026-04-08 01:11:40.773  INFO 70 --- [me-limited test] o.s.integration.channel.DirectChannel    : Channel 'application.writeToFile.channel#0' has 1 subscriber(s).
2026-04-08 01:11:40.773  INFO 70 --- [me-limited test] o.s.i.endpoint.EventDrivenConsumer       : started bean 'writeToFile.org.springframework.integration.config.ConsumerEndpointFactoryBean#1'; defined in: 'class path resource [com/porterhead/integration/writer/MessageProcessingIntegrationFlow.class]'; from source: 'bean method writeToFile'
2026-04-08 01:11:40.773  INFO 70 --- [me-limited test] o.s.i.endpoint.EventDrivenConsumer       : Adding {bridge} as a subscriber to the 'writeToFile.channel#2' channel
2026-04-08 01:11:40.773  INFO 70 --- [me-limited test] o.s.integration.channel.DirectChannel    : Channel 'application.writeToFile.channel#2' has 1 subscriber(s).
2026-04-08 01:11:40.773  INFO 70 --- [me-limited test] o.s.i.endpoint.EventDrivenConsumer       : started bean 'writeToFile.org.springframework.integration.config.ConsumerEndpointFactoryBean#2'; defined in: 'class path resource [com/porterhead/integration/writer/MessageProcessingIntegrationFlow.class]'; from source: 'bean method writeToFile'
2026-04-08 01:11:40.782  INFO 70 --- [me-limited test] o.s.i.e.SourcePollingChannelAdapter      : started bean 'inboundFileIntegration.org.springframework.integration.config.SourcePollingChannelAdapterFactoryBean#0'; defined in: 'class path resource [com/porterhead/integration/file/FilePollingIntegrationFlow.class]'; from source: 'bean method inboundFileIntegration'
2026-04-08 01:11:40.789  INFO 70 --- [me-limited test] com.porterhead.Application               : Started Application in 1.577 seconds (JVM running for 2.151)
[INFO] Tests run: 1, Failures: 0, Errors: 0, Skipped: 0, Time elapsed: 1.813 s - in com.porterhead.Application_main_15009539321
[INFO] Running com.porterhead.integration.file.FilePollingConfiguration_makeDirectory_93045363311
[ERROR] Tests run: 1, Failures: 0, Errors: 1, Skipped: 0, Time elapsed: 0 s <<< FAILURE! - in com.porterhead.integration.file.FilePollingConfiguration_makeDirectory_93045363311
[ERROR] test(com.porterhead.integration.file.FilePollingConfiguration_makeDirectory_93045363311)  Time elapsed: 0 s  <<< ERROR!
java.lang.NullPointerException
	at com.porterhead.integration.file.FilePollingConfiguration_makeDirectory_93045363311.test(FilePollingConfiguration_makeDirectory_93045363311.java:44)

[INFO] Running com.porterhead.integration.file.FilePollingConfiguration_inboundProcessedDirectory_14953592888
[ERROR] Tests run: 1, Failures: 0, Errors: 1, Skipped: 0, Time elapsed: 0 s <<< FAILURE! - in com.porterhead.integration.file.FilePollingConfiguration_inboundProcessedDirectory_14953592888
[ERROR] test(com.porterhead.integration.file.FilePollingConfiguration_inboundProcessedDirectory_14953592888)  Time elapsed: 0 s  <<< ERROR!
java.lang.NullPointerException
	at com.porterhead.integration.file.FilePollingConfiguration_inboundProcessedDirectory_14953592888.test(FilePollingConfiguration_inboundProcessedDirectory_14953592888.java:44)

[INFO] Running com.porterhead.integration.file.FilePollingConfiguration_makeDirectory_9304536335
[INFO] Tests run: 1, Failures: 0, Errors: 0, Skipped: 0, Time elapsed: 0 s - in com.porterhead.integration.file.FilePollingConfiguration_makeDirectory_9304536335
[INFO] Running com.porterhead.integration.file.FilePollingConfiguration_inboundOutDirectory_1706880084
[INFO] Tests run: 1, Failures: 0, Errors: 0, Skipped: 0, Time elapsed: 0 s - in com.porterhead.integration.file.FilePollingConfiguration_inboundOutDirectory_1706880084
[INFO] Running com.porterhead.integration.file.FilePollingConfiguration_inboundFailedDirectory_9097070959
[ERROR] Tests run: 1, Failures: 0, Errors: 1, Skipped: 0, Time elapsed: 0 s <<< FAILURE! - in com.porterhead.integration.file.FilePollingConfiguration_inboundFailedDirectory_9097070959
[ERROR] test(com.porterhead.integration.file.FilePollingConfiguration_inboundFailedDirectory_9097070959)  Time elapsed: 0 s  <<< ERROR!
java.lang.NullPointerException
	at com.porterhead.integration.file.FilePollingConfiguration_inboundFailedDirectory_9097070959.test(FilePollingConfiguration_inboundFailedDirectory_9097070959.java:44)

[INFO] Running com.porterhead.integration.file.FilePollingConfiguration_inboundReadDirectory_19948282581
[INFO] Tests run: 1, Failures: 0, Errors: 0, Skipped: 0, Time elapsed: 0 s - in com.porterhead.integration.file.FilePollingConfiguration_inboundReadDirectory_19948282581
[INFO] Running com.porterhead.integration.file.FilePollingTest
2026-04-08 01:11:40.836  INFO 70 --- [           main] .b.t.c.SpringBootTestContextBootstrapper : Neither @ContextConfiguration nor @ContextHierarchy found for test class [com.porterhead.integration.file.FilePollingTest], using SpringBootContextLoader
2026-04-08 01:11:40.837  INFO 70 --- [           main] o.s.t.c.support.AbstractContextLoader    : Could not detect default resource locations for test class [com.porterhead.integration.file.FilePollingTest]: no resource found for suffixes {-context.xml, Context.groovy}.
2026-04-08 01:11:40.837  INFO 70 --- [           main] t.c.s.AnnotationConfigContextLoaderUtils : Could not detect default configuration classes for test class [com.porterhead.integration.file.FilePollingTest]: FilePollingTest does not declare any static, non-private, non-final, nested classes annotated with @Configuration.
2026-04-08 01:11:40.861  INFO 70 --- [           main] .b.t.c.SpringBootTestContextBootstrapper : Found @SpringBootConfiguration com.porterhead.Application for test class com.porterhead.integration.file.FilePollingTest
2026-04-08 01:11:40.865  INFO 70 --- [           main] .b.t.c.SpringBootTestContextBootstrapper : Loaded default TestExecutionListener class names from location [META-INF/spring.factories]: [org.springframework.boot.test.mock.mockito.MockitoTestExecutionListener, org.springframework.boot.test.mock.mockito.ResetMocksTestExecutionListener, org.springframework.boot.test.autoconfigure.restdocs.RestDocsTestExecutionListener, org.springframework.boot.test.autoconfigure.web.client.MockRestServiceServerResetTestExecutionListener, org.springframework.boot.test.autoconfigure.web.servlet.MockMvcPrintOnlyOnFailureTestExecutionListener, org.springframework.boot.test.autoconfigure.web.servlet.WebDriverTestExecutionListener, org.springframework.boot.test.autoconfigure.webservices.client.MockWebServiceServerTestExecutionListener, org.springframework.test.context.web.ServletTestExecutionListener, org.springframework.test.context.support.DirtiesContextBeforeModesTestExecutionListener, org.springframework.test.context.event.ApplicationEventsTestExecutionListener, org.springframework.test.context.support.DependencyInjectionTestExecutionListener, org.springframework.test.context.support.DirtiesContextTestExecutionListener, org.springframework.test.context.transaction.TransactionalTestExecutionListener, org.springframework.test.context.jdbc.SqlScriptsTestExecutionListener, org.springframework.test.context.event.EventPublishingTestExecutionListener]
2026-04-08 01:11:40.875  INFO 70 --- [           main] .b.t.c.SpringBootTestContextBootstrapper : Using TestExecutionListeners: [org.springframework.test.context.support.DirtiesContextBeforeModesTestExecutionListener@46292372, org.springframework.test.context.event.ApplicationEventsTestExecutionListener@126be319, org.springframework.boot.test.mock.mockito.MockitoTestExecutionListener@6c44052e, org.springframework.boot.test.autoconfigure.SpringBootDependencyInjectionTestExecutionListener@5c371e13, org.springframework.test.context.support.DirtiesContextTestExecutionListener@530a8454, org.springframework.test.context.transaction.TransactionalTestExecutionListener@1e34c607, org.springframework.test.context.jdbc.SqlScriptsTestExecutionListener@5215cd9a, org.springframework.test.context.event.EventPublishingTestExecutionListener@36b6964d, org.springframework.boot.test.mock.mockito.ResetMocksTestExecutionListener@31198ceb, org.springframework.boot.test.autoconfigure.restdocs.RestDocsTestExecutionListener@9257031, org.springframework.boot.test.autoconfigure.web.client.MockRestServiceServerResetTestExecutionListener@75201592, org.springframework.boot.test.autoconfigure.web.servlet.MockMvcPrintOnlyOnFailureTestExecutionListener@7726e185, org.springframework.boot.test.autoconfigure.web.servlet.WebDriverTestExecutionListener@aa5455e, org.springframework.boot.test.autoconfigure.webservices.client.MockWebServiceServerTestExecutionListener@282308c3]

  .   ____          _            __ _ _
 /\\ / ___'_ __ _ _(_)_ __  __ _ \ \ \ \
( ( )\___ | '_ | '_| | '_ \/ _` | \ \ \ \
 \\/  ___)| |_)| | | | | || (_| |  ) ) ) )
  '  |____| .__|_| |_|_| |_\__, | / / / /
 =========|_|==============|___/=/_/_/_/
 :: Spring Boot ::                (v2.6.3)

2026-04-08 01:11:40.908  INFO 70 --- [           main] c.p.integration.file.FilePollingTest     : Starting FilePollingTest using Java 11.0.16 on 295b7453bd95 with PID 70 (started by root in /app)
2026-04-08 01:11:40.908  INFO 70 --- [           main] c.p.integration.file.FilePollingTest     : No active profile set, falling back to default profiles: default
2026-04-08 01:11:40.981  INFO 70 --- [           main] faultConfiguringBeanFactoryPostProcessor : No bean named 'errorChannel' has been explicitly defined. Therefore, a default PublishSubscribeChannel will be created.
2026-04-08 01:11:40.981  INFO 70 --- [           main] faultConfiguringBeanFactoryPostProcessor : No bean named 'integrationHeaderChannelRegistry' has been explicitly defined. Therefore, a default DefaultHeaderChannelRegistry will be created.
2026-04-08 01:11:41.002  INFO 70 --- [           main] trationDelegate$BeanPostProcessorChecker : Bean 'org.springframework.integration.config.IntegrationManagementConfiguration' of type [org.springframework.integration.config.IntegrationManagementConfiguration] is not eligible for getting processed by all BeanPostProcessors (for example: not eligible for auto-proxying)
2026-04-08 01:11:41.010  INFO 70 --- [           main] trationDelegate$BeanPostProcessorChecker : Bean 'integrationChannelResolver' of type [org.springframework.integration.support.channel.BeanFactoryChannelResolver] is not eligible for getting processed by all BeanPostProcessors (for example: not eligible for auto-proxying)
2026-04-08 01:11:41.211  INFO 70 --- [           main] o.s.i.endpoint.EventDrivenConsumer       : Adding {logging-channel-adapter:_org.springframework.integration.errorLogger} as a subscriber to the 'errorChannel' channel
2026-04-08 01:11:41.211  INFO 70 --- [           main] o.s.i.channel.PublishSubscribeChannel    : Channel 'application.errorChannel' has 1 subscriber(s).
2026-04-08 01:11:41.211  INFO 70 --- [           main] o.s.i.endpoint.EventDrivenConsumer       : started bean '_org.springframework.integration.errorLogger'
2026-04-08 01:11:41.211  INFO 70 --- [           main] o.s.i.endpoint.EventDrivenConsumer       : Adding {transformer} as a subscriber to the 'inboundFileIntegration.channel#0' channel
2026-04-08 01:11:41.212  INFO 70 --- [           main] o.s.integration.channel.DirectChannel    : Channel 'application.inboundFileIntegration.channel#0' has 1 subscriber(s).
2026-04-08 01:11:41.212  INFO 70 --- [           main] o.s.i.endpoint.EventDrivenConsumer       : started bean 'inboundFileIntegration.org.springframework.integration.config.ConsumerEndpointFactoryBean#0'; defined in: 'class path resource [com/porterhead/integration/file/FilePollingIntegrationFlow.class]'; from source: 'bean method inboundFileIntegration'
2026-04-08 01:11:41.212  INFO 70 --- [           main] o.s.i.endpoint.EventDrivenConsumer       : Adding {transformer} as a subscriber to the 'inbound-channel' channel
2026-04-08 01:11:41.212  INFO 70 --- [           main] o.s.integration.channel.DirectChannel    : Channel 'application.inbound-channel' has 1 subscriber(s).
2026-04-08 01:11:41.212  INFO 70 --- [           main] o.s.i.endpoint.EventDrivenConsumer       : started bean 'writeToFile.org.springframework.integration.config.ConsumerEndpointFactoryBean#0'; defined in: 'class path resource [com/porterhead/integration/writer/MessageProcessingIntegrationFlow.class]'; from source: 'bean method writeToFile'
2026-04-08 01:11:41.212  INFO 70 --- [           main] o.s.i.endpoint.EventDrivenConsumer       : Adding {file:outbound-gateway} as a subscriber to the 'writeToFile.channel#0' channel
2026-04-08 01:11:41.212  INFO 70 --- [           main] o.s.integration.channel.DirectChannel    : Channel 'application.writeToFile.channel#0' has 1 subscriber(s).
2026-04-08 01:11:41.213  INFO 70 --- [           main] o.s.i.endpoint.EventDrivenConsumer       : started bean 'writeToFile.org.springframework.integration.config.ConsumerEndpointFactoryBean#1'; defined in: 'class path resource [com/porterhead/integration/writer/MessageProcessingIntegrationFlow.class]'; from source: 'bean method writeToFile'
2026-04-08 01:11:41.213  INFO 70 --- [           main] o.s.i.endpoint.EventDrivenConsumer       : Adding {bridge} as a subscriber to the 'writeToFile.channel#2' channel
2026-04-08 01:11:41.213  INFO 70 --- [           main] o.s.integration.channel.DirectChannel    : Channel 'application.writeToFile.channel#2' has 1 subscriber(s).
2026-04-08 01:11:41.213  INFO 70 --- [           main] o.s.i.endpoint.EventDrivenConsumer       : started bean 'writeToFile.org.springframework.integration.config.ConsumerEndpointFactoryBean#2'; defined in: 'class path resource [com/porterhead/integration/writer/MessageProcessingIntegrationFlow.class]'; from source: 'bean method writeToFile'
2026-04-08 01:11:41.213  INFO 70 --- [           main] o.s.i.e.SourcePollingChannelAdapter      : started bean 'inboundFileIntegration.org.springframework.integration.config.SourcePollingChannelAdapterFactoryBean#0'; defined in: 'class path resource [com/porterhead/integration/file/FilePollingIntegrationFlow.class]'; from source: 'bean method inboundFileIntegration'
2026-04-08 01:11:41.215  INFO 70 --- [           main] c.p.integration.file.FilePollingTest     : Started FilePollingTest in 0.331 seconds (JVM running for 2.578)
2026-04-08 01:11:41.793  INFO 70 --- [ taskExecutor-2] o.s.integration.handler.LoggingHandler   : GenericMessage [payload=inbound/out/2026_04_08_01_11_41_790.txt, headers={file_originalFile=inbound/read/foo.txt, id=47e1962e-dbba-9ce8-de70-aeb56f83419f, file_name=foo.txt, file_relativePath=foo.txt, timestamp=1775610701792}]
2026-04-08 01:11:46.457  INFO 70 --- [           main] o.s.i.e.SourcePollingChannelAdapter      : stopped bean 'inboundFileIntegration.org.springframework.integration.config.SourcePollingChannelAdapterFactoryBean#0'; defined in: 'class path resource [com/porterhead/integration/file/FilePollingIntegrationFlow.class]'; from source: 'bean method inboundFileIntegration'
2026-04-08 01:11:46.458  INFO 70 --- [           main] o.s.i.endpoint.EventDrivenConsumer       : Removing {transformer} as a subscriber to the 'inboundFileIntegration.channel#0' channel
2026-04-08 01:11:46.458  INFO 70 --- [           main] o.s.integration.channel.DirectChannel    : Channel 'application.inboundFileIntegration.channel#0' has 0 subscriber(s).
2026-04-08 01:11:46.458  INFO 70 --- [           main] o.s.i.endpoint.EventDrivenConsumer       : stopped bean 'inboundFileIntegration.org.springframework.integration.config.ConsumerEndpointFactoryBean#0'; defined in: 'class path resource [com/porterhead/integration/file/FilePollingIntegrationFlow.class]'; from source: 'bean method inboundFileIntegration'
2026-04-08 01:11:46.458  INFO 70 --- [           main] o.s.i.endpoint.EventDrivenConsumer       : Removing {transformer} as a subscriber to the 'inbound-channel' channel
2026-04-08 01:11:46.458  INFO 70 --- [           main] o.s.integration.channel.DirectChannel    : Channel 'application.inbound-channel' has 0 subscriber(s).
2026-04-08 01:11:46.458  INFO 70 --- [           main] o.s.i.endpoint.EventDrivenConsumer       : stopped bean 'writeToFile.org.springframework.integration.config.ConsumerEndpointFactoryBean#0'; defined in: 'class path resource [com/porterhead/integration/writer/MessageProcessingIntegrationFlow.class]'; from source: 'bean method writeToFile'
2026-04-08 01:11:46.458  INFO 70 --- [           main] o.s.i.endpoint.EventDrivenConsumer       : Removing {file:outbound-gateway} as a subscriber to the 'writeToFile.channel#0' channel
2026-04-08 01:11:46.458  INFO 70 --- [           main] o.s.integration.channel.DirectChannel    : Channel 'application.writeToFile.channel#0' has 0 subscriber(s).
2026-04-08 01:11:46.459  INFO 70 --- [           main] o.s.i.endpoint.EventDrivenConsumer       : stopped bean 'writeToFile.org.springframework.integration.config.ConsumerEndpointFactoryBean#1'; defined in: 'class path resource [com/porterhead/integration/writer/MessageProcessingIntegrationFlow.class]'; from source: 'bean method writeToFile'
2026-04-08 01:11:46.459  INFO 70 --- [           main] o.s.i.endpoint.EventDrivenConsumer       : Removing {bridge} as a subscriber to the 'writeToFile.channel#2' channel
2026-04-08 01:11:46.459  INFO 70 --- [           main] o.s.integration.channel.DirectChannel    : Channel 'application.writeToFile.channel#2' has 0 subscriber(s).
2026-04-08 01:11:46.459  INFO 70 --- [           main] o.s.i.endpoint.EventDrivenConsumer       : stopped bean 'writeToFile.org.springframework.integration.config.ConsumerEndpointFactoryBean#2'; defined in: 'class path resource [com/porterhead/integration/writer/MessageProcessingIntegrationFlow.class]'; from source: 'bean method writeToFile'
2026-04-08 01:11:46.460  INFO 70 --- [           main] o.s.i.endpoint.EventDrivenConsumer       : Removing {logging-channel-adapter:_org.springframework.integration.errorLogger} as a subscriber to the 'errorChannel' channel
2026-04-08 01:11:46.460  INFO 70 --- [           main] o.s.i.channel.PublishSubscribeChannel    : Channel 'application.errorChannel' has 0 subscriber(s).
2026-04-08 01:11:46.460  INFO 70 --- [           main] o.s.i.endpoint.EventDrivenConsumer       : stopped bean '_org.springframework.integration.errorLogger'

  .   ____          _            __ _ _
 /\\ / ___'_ __ _ _(_)_ __  __ _ \ \ \ \
( ( )\___ | '_ | '_| | '_ \/ _` | \ \ \ \
 \\/  ___)| |_)| | | | | || (_| |  ) ) ) )
  '  |____| .__|_| |_|_| |_\__, | / / / /
 =========|_|==============|___/=/_/_/_/
 :: Spring Boot ::                (v2.6.3)

2026-04-08 01:11:46.483  INFO 70 --- [           main] c.p.integration.file.FilePollingTest     : Starting FilePollingTest using Java 11.0.16 on 295b7453bd95 with PID 70 (started by root in /app)
2026-04-08 01:11:46.483  INFO 70 --- [           main] c.p.integration.file.FilePollingTest     : No active profile set, falling back to default profiles: default
2026-04-08 01:11:46.538  INFO 70 --- [           main] faultConfiguringBeanFactoryPostProcessor : No bean named 'errorChannel' has been explicitly defined. Therefore, a default PublishSubscribeChannel will be created.
2026-04-08 01:11:46.539  INFO 70 --- [           main] faultConfiguringBeanFactoryPostProcessor : No bean named 'integrationHeaderChannelRegistry' has been explicitly defined. Therefore, a default DefaultHeaderChannelRegistry will be created.
2026-04-08 01:11:46.557  INFO 70 --- [           main] trationDelegate$BeanPostProcessorChecker : Bean 'org.springframework.integration.config.IntegrationManagementConfiguration' of type [org.springframework.integration.config.IntegrationManagementConfiguration] is not eligible for getting processed by all BeanPostProcessors (for example: not eligible for auto-proxying)
2026-04-08 01:11:46.562  INFO 70 --- [           main] trationDelegate$BeanPostProcessorChecker : Bean 'integrationChannelResolver' of type [org.springframework.integration.support.channel.BeanFactoryChannelResolver] is not eligible for getting processed by all BeanPostProcessors (for example: not eligible for auto-proxying)
2026-04-08 01:11:46.695  INFO 70 --- [           main] o.s.i.endpoint.EventDrivenConsumer       : Adding {logging-channel-adapter:_org.springframework.integration.errorLogger} as a subscriber to the 'errorChannel' channel
2026-04-08 01:11:46.695  INFO 70 --- [           main] o.s.i.channel.PublishSubscribeChannel    : Channel 'application.errorChannel' has 1 subscriber(s).
2026-04-08 01:11:46.696  INFO 70 --- [           main] o.s.i.endpoint.EventDrivenConsumer       : started bean '_org.springframework.integration.errorLogger'
2026-04-08 01:11:46.696  INFO 70 --- [           main] o.s.i.endpoint.EventDrivenConsumer       : Adding {transformer} as a subscriber to the 'inboundFileIntegration.channel#0' channel
2026-04-08 01:11:46.696  INFO 70 --- [           main] o.s.integration.channel.DirectChannel    : Channel 'application.inboundFileIntegration.channel#0' has 1 subscriber(s).
2026-04-08 01:11:46.696  INFO 70 --- [           main] o.s.i.endpoint.EventDrivenConsumer       : started bean 'inboundFileIntegration.org.springframework.integration.config.ConsumerEndpointFactoryBean#0'; defined in: 'class path resource [com/porterhead/integration/file/FilePollingIntegrationFlow.class]'; from source: 'bean method inboundFileIntegration'
2026-04-08 01:11:46.696  INFO 70 --- [           main] o.s.i.endpoint.EventDrivenConsumer       : Adding {transformer} as a subscriber to the 'inbound-channel' channel
2026-04-08 01:11:46.696  INFO 70 --- [           main] o.s.integration.channel.DirectChannel    : Channel 'application.inbound-channel' has 1 subscriber(s).
2026-04-08 01:11:46.696  INFO 70 --- [           main] o.s.i.endpoint.EventDrivenConsumer       : started bean 'writeToFile.org.springframework.integration.config.ConsumerEndpointFactoryBean#0'; defined in: 'class path resource [com/porterhead/integration/writer/MessageProcessingIntegrationFlow.class]'; from source: 'bean method writeToFile'
2026-04-08 01:11:46.696  INFO 70 --- [           main] o.s.i.endpoint.EventDrivenConsumer       : Adding {file:outbound-gateway} as a subscriber to the 'writeToFile.channel#0' channel
2026-04-08 01:11:46.696  INFO 70 --- [           main] o.s.integration.channel.DirectChannel    : Channel 'application.writeToFile.channel#0' has 1 subscriber(s).
2026-04-08 01:11:46.696  INFO 70 --- [           main] o.s.i.endpoint.EventDrivenConsumer       : started bean 'writeToFile.org.springframework.integration.config.ConsumerEndpointFactoryBean#1'; defined in: 'class path resource [com/porterhead/integration/writer/MessageProcessingIntegrationFlow.class]'; from source: 'bean method writeToFile'
2026-04-08 01:11:46.696  INFO 70 --- [           main] o.s.i.endpoint.EventDrivenConsumer       : Adding {bridge} as a subscriber to the 'writeToFile.channel#2' channel
2026-04-08 01:11:46.697  INFO 70 --- [           main] o.s.integration.channel.DirectChannel    : Channel 'application.writeToFile.channel#2' has 1 subscriber(s).
2026-04-08 01:11:46.697  INFO 70 --- [           main] o.s.i.endpoint.EventDrivenConsumer       : started bean 'writeToFile.org.springframework.integration.config.ConsumerEndpointFactoryBean#2'; defined in: 'class path resource [com/porterhead/integration/writer/MessageProcessingIntegrationFlow.class]'; from source: 'bean method writeToFile'
2026-04-08 01:11:46.697  INFO 70 --- [           main] o.s.i.e.SourcePollingChannelAdapter      : started bean 'inboundFileIntegration.org.springframework.integration.config.SourcePollingChannelAdapterFactoryBean#0'; defined in: 'class path resource [com/porterhead/integration/file/FilePollingIntegrationFlow.class]'; from source: 'bean method inboundFileIntegration'
2026-04-08 01:11:46.699  INFO 70 --- [           main] c.p.integration.file.FilePollingTest     : Started FilePollingTest in 0.235 seconds (JVM running for 8.061)
2026-04-08 01:11:47.700  INFO 70 --- [ taskExecutor-2] o.s.integration.handler.LoggingHandler   : GenericMessage [payload=inbound/out/2026_04_08_01_11_47_699.txt, headers={file_originalFile=inbound/read/foo.txt, id=8b678e47-c429-3cc0-e7c0-756ce0f7d89b, file_name=foo.txt, file_relativePath=foo.txt, timestamp=1775610707700}]
2026-04-08 01:11:48.204  INFO 70 --- [           main] o.s.i.e.SourcePollingChannelAdapter      : stopped bean 'inboundFileIntegration.org.springframework.integration.config.SourcePollingChannelAdapterFactoryBean#0'; defined in: 'class path resource [com/porterhead/integration/file/FilePollingIntegrationFlow.class]'; from source: 'bean method inboundFileIntegration'
2026-04-08 01:11:48.204  INFO 70 --- [           main] o.s.i.endpoint.EventDrivenConsumer       : Removing {transformer} as a subscriber to the 'inboundFileIntegration.channel#0' channel
2026-04-08 01:11:48.204  INFO 70 --- [           main] o.s.integration.channel.DirectChannel    : Channel 'application.inboundFileIntegration.channel#0' has 0 subscriber(s).
2026-04-08 01:11:48.205  INFO 70 --- [           main] o.s.i.endpoint.EventDrivenConsumer       : stopped bean 'inboundFileIntegration.org.springframework.integration.config.ConsumerEndpointFactoryBean#0'; defined in: 'class path resource [com/porterhead/integration/file/FilePollingIntegrationFlow.class]'; from source: 'bean method inboundFileIntegration'
2026-04-08 01:11:48.205  INFO 70 --- [           main] o.s.i.endpoint.EventDrivenConsumer       : Removing {transformer} as a subscriber to the 'inbound-channel' channel
2026-04-08 01:11:48.205  INFO 70 --- [           main] o.s.integration.channel.DirectChannel    : Channel 'application.inbound-channel' has 0 subscriber(s).
2026-04-08 01:11:48.205  INFO 70 --- [           main] o.s.i.endpoint.EventDrivenConsumer       : stopped bean 'writeToFile.org.springframework.integration.config.ConsumerEndpointFactoryBean#0'; defined in: 'class path resource [com/porterhead/integration/writer/MessageProcessingIntegrationFlow.class]'; from source: 'bean method writeToFile'
2026-04-08 01:11:48.205  INFO 70 --- [           main] o.s.i.endpoint.EventDrivenConsumer       : Removing {file:outbound-gateway} as a subscriber to the 'writeToFile.channel#0' channel
2026-04-08 01:11:48.205  INFO 70 --- [           main] o.s.integration.channel.DirectChannel    : Channel 'application.writeToFile.channel#0' has 0 subscriber(s).
2026-04-08 01:11:48.205  INFO 70 --- [           main] o.s.i.endpoint.EventDrivenConsumer       : stopped bean 'writeToFile.org.springframework.integration.config.ConsumerEndpointFactoryBean#1'; defined in: 'class path resource [com/porterhead/integration/writer/MessageProcessingIntegrationFlow.class]'; from source: 'bean method writeToFile'
2026-04-08 01:11:48.205  INFO 70 --- [           main] o.s.i.endpoint.EventDrivenConsumer       : Removing {bridge} as a subscriber to the 'writeToFile.channel#2' channel
2026-04-08 01:11:48.205  INFO 70 --- [           main] o.s.integration.channel.DirectChannel    : Channel 'application.writeToFile.channel#2' has 0 subscriber(s).
2026-04-08 01:11:48.205  INFO 70 --- [           main] o.s.i.endpoint.EventDrivenConsumer       : stopped bean 'writeToFile.org.springframework.integration.config.ConsumerEndpointFactoryBean#2'; defined in: 'class path resource [com/porterhead/integration/writer/MessageProcessingIntegrationFlow.class]'; from source: 'bean method writeToFile'
2026-04-08 01:11:48.206  INFO 70 --- [           main] o.s.i.endpoint.EventDrivenConsumer       : Removing {logging-channel-adapter:_org.springframework.integration.errorLogger} as a subscriber to the 'errorChannel' channel
2026-04-08 01:11:48.206  INFO 70 --- [           main] o.s.i.channel.PublishSubscribeChannel    : Channel 'application.errorChannel' has 0 subscriber(s).
2026-04-08 01:11:48.206  INFO 70 --- [           main] o.s.i.endpoint.EventDrivenConsumer       : stopped bean '_org.springframework.integration.errorLogger'

  .   ____          _            __ _ _
 /\\ / ___'_ __ _ _(_)_ __  __ _ \ \ \ \
( ( )\___ | '_ | '_| | '_ \/ _` | \ \ \ \
 \\/  ___)| |_)| | | | | || (_| |  ) ) ) )
  '  |____| .__|_| |_|_| |_\__, | / / / /
 =========|_|==============|___/=/_/_/_/
 :: Spring Boot ::                (v2.6.3)

2026-04-08 01:11:48.227  INFO 70 --- [           main] c.p.integration.file.FilePollingTest     : Starting FilePollingTest using Java 11.0.16 on 295b7453bd95 with PID 70 (started by root in /app)
2026-04-08 01:11:48.227  INFO 70 --- [           main] c.p.integration.file.FilePollingTest     : No active profile set, falling back to default profiles: default
2026-04-08 01:11:48.277  INFO 70 --- [           main] faultConfiguringBeanFactoryPostProcessor : No bean named 'errorChannel' has been explicitly defined. Therefore, a default PublishSubscribeChannel will be created.
2026-04-08 01:11:48.277  INFO 70 --- [           main] faultConfiguringBeanFactoryPostProcessor : No bean named 'integrationHeaderChannelRegistry' has been explicitly defined. Therefore, a default DefaultHeaderChannelRegistry will be created.
2026-04-08 01:11:48.287  INFO 70 --- [           main] trationDelegate$BeanPostProcessorChecker : Bean 'org.springframework.integration.config.IntegrationManagementConfiguration' of type [org.springframework.integration.config.IntegrationManagementConfiguration] is not eligible for getting processed by all BeanPostProcessors (for example: not eligible for auto-proxying)
2026-04-08 01:11:48.290  INFO 70 --- [           main] trationDelegate$BeanPostProcessorChecker : Bean 'integrationChannelResolver' of type [org.springframework.integration.support.channel.BeanFactoryChannelResolver] is not eligible for getting processed by all BeanPostProcessors (for example: not eligible for auto-proxying)
2026-04-08 01:11:48.401  INFO 70 --- [           main] o.s.i.endpoint.EventDrivenConsumer       : Adding {logging-channel-adapter:_org.springframework.integration.errorLogger} as a subscriber to the 'errorChannel' channel
2026-04-08 01:11:48.401  INFO 70 --- [           main] o.s.i.channel.PublishSubscribeChannel    : Channel 'application.errorChannel' has 1 subscriber(s).
2026-04-08 01:11:48.401  INFO 70 --- [           main] o.s.i.endpoint.EventDrivenConsumer       : started bean '_org.springframework.integration.errorLogger'
2026-04-08 01:11:48.401  INFO 70 --- [           main] o.s.i.endpoint.EventDrivenConsumer       : Adding {transformer} as a subscriber to the 'inboundFileIntegration.channel#0' channel
2026-04-08 01:11:48.401  INFO 70 --- [           main] o.s.integration.channel.DirectChannel    : Channel 'application.inboundFileIntegration.channel#0' has 1 subscriber(s).
2026-04-08 01:11:48.401  INFO 70 --- [           main] o.s.i.endpoint.EventDrivenConsumer       : started bean 'inboundFileIntegration.org.springframework.integration.config.ConsumerEndpointFactoryBean#0'; defined in: 'class path resource [com/porterhead/integration/file/FilePollingIntegrationFlow.class]'; from source: 'bean method inboundFileIntegration'
2026-04-08 01:11:48.401  INFO 70 --- [           main] o.s.i.endpoint.EventDrivenConsumer       : Adding {transformer} as a subscriber to the 'inbound-channel' channel
2026-04-08 01:11:48.401  INFO 70 --- [           main] o.s.integration.channel.DirectChannel    : Channel 'application.inbound-channel' has 1 subscriber(s).
2026-04-08 01:11:48.401  INFO 70 --- [           main] o.s.i.endpoint.EventDrivenConsumer       : started bean 'writeToFile.org.springframework.integration.config.ConsumerEndpointFactoryBean#0'; defined in: 'class path resource [com/porterhead/integration/writer/MessageProcessingIntegrationFlow.class]'; from source: 'bean method writeToFile'
2026-04-08 01:11:48.401  INFO 70 --- [           main] o.s.i.endpoint.EventDrivenConsumer       : Adding {file:outbound-gateway} as a subscriber to the 'writeToFile.channel#0' channel
2026-04-08 01:11:48.402  INFO 70 --- [           main] o.s.integration.channel.DirectChannel    : Channel 'application.writeToFile.channel#0' has 1 subscriber(s).
2026-04-08 01:11:48.402  INFO 70 --- [           main] o.s.i.endpoint.EventDrivenConsumer       : started bean 'writeToFile.org.springframework.integration.config.ConsumerEndpointFactoryBean#1'; defined in: 'class path resource [com/porterhead/integration/writer/MessageProcessingIntegrationFlow.class]'; from source: 'bean method writeToFile'
2026-04-08 01:11:48.402  INFO 70 --- [           main] o.s.i.endpoint.EventDrivenConsumer       : Adding {bridge} as a subscriber to the 'writeToFile.channel#2' channel
2026-04-08 01:11:48.402  INFO 70 --- [           main] o.s.integration.channel.DirectChannel    : Channel 'application.writeToFile.channel#2' has 1 subscriber(s).
2026-04-08 01:11:48.402  INFO 70 --- [           main] o.s.i.endpoint.EventDrivenConsumer       : started bean 'writeToFile.org.springframework.integration.config.ConsumerEndpointFactoryBean#2'; defined in: 'class path resource [com/porterhead/integration/writer/MessageProcessingIntegrationFlow.class]'; from source: 'bean method writeToFile'
2026-04-08 01:11:48.402  INFO 70 --- [           main] o.s.i.e.SourcePollingChannelAdapter      : started bean 'inboundFileIntegration.org.springframework.integration.config.SourcePollingChannelAdapterFactoryBean#0'; defined in: 'class path resource [com/porterhead/integration/file/FilePollingIntegrationFlow.class]'; from source: 'bean method inboundFileIntegration'
2026-04-08 01:11:48.403  INFO 70 --- [           main] c.p.integration.file.FilePollingTest     : Started FilePollingTest in 0.194 seconds (JVM running for 9.766)
2026-04-08 01:11:49.407 ERROR 70 --- [ taskExecutor-2] o.s.integration.handler.LoggingHandler   : org.springframework.messaging.MessageDeliveryException: failed to send Message to channel 'inbound-channel'; nested exception is java.lang.RuntimeException: Forcing an Exception to trigger rollback, failedMessage=GenericMessage [payload=This is a file that is going to be read in by a file polling process, headers={file_originalFile=inbound/read/foo.txt, id=b129a309-dfa2-ddad-f8b8-d854c8f30266, file_name=foo.txt, file_relativePath=foo.txt, timestamp=1775610709404}]
	at org.springframework.integration.support.utils.IntegrationUtils.wrapInDeliveryExceptionIfNecessary(IntegrationUtils.java:166)
	at org.springframework.integration.channel.AbstractMessageChannel.send(AbstractMessageChannel.java:339)
	at org.springframework.integration.channel.AbstractMessageChannel.send(AbstractMessageChannel.java:272)
	at org.springframework.messaging.core.GenericMessagingTemplate.doSend(GenericMessagingTemplate.java:187)
	at org.springframework.messaging.core.GenericMessagingTemplate.doSend(GenericMessagingTemplate.java:166)
	at org.springframework.messaging.core.GenericMessagingTemplate.doSend(GenericMessagingTemplate.java:47)
	at org.springframework.messaging.core.AbstractMessageSendingTemplate.send(AbstractMessageSendingTemplate.java:109)
	at org.springframework.integration.handler.AbstractMessageProducingHandler.sendOutput(AbstractMessageProducingHandler.java:457)
	at org.springframework.integration.handler.AbstractMessageProducingHandler.doProduceOutput(AbstractMessageProducingHandler.java:325)
	at org.springframework.integration.handler.AbstractMessageProducingHandler.produceOutput(AbstractMessageProducingHandler.java:268)
	at org.springframework.integration.handler.AbstractMessageProducingHandler.sendOutputs(AbstractMessageProducingHandler.java:232)
	at org.springframework.integration.handler.AbstractReplyProducingMessageHandler.handleMessageInternal(AbstractReplyProducingMessageHandler.java:142)
	at org.springframework.integration.handler.AbstractMessageHandler.handleMessage(AbstractMessageHandler.java:56)
	at org.springframework.integration.dispatcher.AbstractDispatcher.tryOptimizedDispatch(AbstractDispatcher.java:115)
	at org.springframework.integration.dispatcher.UnicastingDispatcher.doDispatch(UnicastingDispatcher.java:133)
	at org.springframework.integration.dispatcher.UnicastingDispatcher.dispatch(UnicastingDispatcher.java:106)
	at org.springframework.integration.channel.AbstractSubscribableChannel.doSend(AbstractSubscribableChannel.java:72)
	at org.springframework.integration.channel.AbstractMessageChannel.send(AbstractMessageChannel.java:317)
	at org.springframework.integration.channel.AbstractMessageChannel.send(AbstractMessageChannel.java:272)
	at org.springframework.messaging.core.GenericMessagingTemplate.doSend(GenericMessagingTemplate.java:187)
	at org.springframework.messaging.core.GenericMessagingTemplate.doSend(GenericMessagingTemplate.java:166)
	at org.springframework.messaging.core.GenericMessagingTemplate.doSend(GenericMessagingTemplate.java:47)
	at org.springframework.messaging.core.AbstractMessageSendingTemplate.send(AbstractMessageSendingTemplate.java:109)
	at org.springframework.integration.endpoint.SourcePollingChannelAdapter.handleMessage(SourcePollingChannelAdapter.java:196)
	at org.springframework.integration.endpoint.AbstractPollingEndpoint.messageReceived(AbstractPollingEndpoint.java:475)
	at org.springframework.integration.endpoint.AbstractPollingEndpoint.doPoll(AbstractPollingEndpoint.java:461)
	at java.base/jdk.internal.reflect.GeneratedMethodAccessor40.invoke(Unknown Source)
	at java.base/jdk.internal.reflect.DelegatingMethodAccessorImpl.invoke(DelegatingMethodAccessorImpl.java:43)
	at java.base/java.lang.reflect.Method.invoke(Method.java:566)
	at org.springframework.aop.support.AopUtils.invokeJoinpointUsingReflection(AopUtils.java:344)
	at org.springframework.aop.framework.ReflectiveMethodInvocation.invokeJoinpoint(ReflectiveMethodInvocation.java:198)
	at org.springframework.aop.framework.ReflectiveMethodInvocation.proceed(ReflectiveMethodInvocation.java:163)
	at org.springframework.transaction.interceptor.TransactionInterceptor$1.proceedWithInvocation(TransactionInterceptor.java:123)
	at org.springframework.transaction.interceptor.TransactionAspectSupport.invokeWithinTransaction(TransactionAspectSupport.java:388)
	at org.springframework.transaction.interceptor.TransactionInterceptor.invoke(TransactionInterceptor.java:119)
	at org.springframework.aop.framework.ReflectiveMethodInvocation.proceed(ReflectiveMethodInvocation.java:186)
	at org.springframework.aop.framework.JdkDynamicAopProxy.invoke(JdkDynamicAopProxy.java:215)
	at com.sun.proxy.$Proxy68.call(Unknown Source)
	at org.springframework.integration.endpoint.AbstractPollingEndpoint.pollForMessage(AbstractPollingEndpoint.java:413)
	at org.springframework.integration.endpoint.AbstractPollingEndpoint.lambda$createPoller$4(AbstractPollingEndpoint.java:348)
	at org.springframework.integration.util.ErrorHandlingTaskExecutor.lambda$execute$0(ErrorHandlingTaskExecutor.java:57)
	at java.base/java.util.concurrent.ThreadPoolExecutor.runWorker(ThreadPoolExecutor.java:1128)
	at java.base/java.util.concurrent.ThreadPoolExecutor$Worker.run(ThreadPoolExecutor.java:628)
	at java.base/java.lang.Thread.run(Thread.java:829)
Caused by: java.lang.RuntimeException: Forcing an Exception to trigger rollback
	at com.porterhead.integration.file.FilePollingTest$3.preSend(FilePollingTest.java:120)
	at org.springframework.integration.channel.AbstractMessageChannel$ChannelInterceptorList.preSend(AbstractMessageChannel.java:469)
	at org.springframework.integration.channel.AbstractMessageChannel.send(AbstractMessageChannel.java:309)
	... 42 more

2026-04-08 01:11:49.908  INFO 70 --- [           main] o.s.i.e.SourcePollingChannelAdapter      : stopped bean 'inboundFileIntegration.org.springframework.integration.config.SourcePollingChannelAdapterFactoryBean#0'; defined in: 'class path resource [com/porterhead/integration/file/FilePollingIntegrationFlow.class]'; from source: 'bean method inboundFileIntegration'
2026-04-08 01:11:49.908  INFO 70 --- [           main] o.s.i.endpoint.EventDrivenConsumer       : Removing {transformer} as a subscriber to the 'inboundFileIntegration.channel#0' channel
2026-04-08 01:11:49.908  INFO 70 --- [           main] o.s.integration.channel.DirectChannel    : Channel 'application.inboundFileIntegration.channel#0' has 0 subscriber(s).
2026-04-08 01:11:49.908  INFO 70 --- [           main] o.s.i.endpoint.EventDrivenConsumer       : stopped bean 'inboundFileIntegration.org.springframework.integration.config.ConsumerEndpointFactoryBean#0'; defined in: 'class path resource [com/porterhead/integration/file/FilePollingIntegrationFlow.class]'; from source: 'bean method inboundFileIntegration'
2026-04-08 01:11:49.908  INFO 70 --- [           main] o.s.i.endpoint.EventDrivenConsumer       : Removing {transformer} as a subscriber to the 'inbound-channel' channel
2026-04-08 01:11:49.908  INFO 70 --- [           main] o.s.integration.channel.DirectChannel    : Channel 'application.inbound-channel' has 0 subscriber(s).
2026-04-08 01:11:49.908  INFO 70 --- [           main] o.s.i.endpoint.EventDrivenConsumer       : stopped bean 'writeToFile.org.springframework.integration.config.ConsumerEndpointFactoryBean#0'; defined in: 'class path resource [com/porterhead/integration/writer/MessageProcessingIntegrationFlow.class]'; from source: 'bean method writeToFile'
2026-04-08 01:11:49.908  INFO 70 --- [           main] o.s.i.endpoint.EventDrivenConsumer       : Removing {file:outbound-gateway} as a subscriber to the 'writeToFile.channel#0' channel
2026-04-08 01:11:49.908  INFO 70 --- [           main] o.s.integration.channel.DirectChannel    : Channel 'application.writeToFile.channel#0' has 0 subscriber(s).
2026-04-08 01:11:49.908  INFO 70 --- [           main] o.s.i.endpoint.EventDrivenConsumer       : stopped bean 'writeToFile.org.springframework.integration.config.ConsumerEndpointFactoryBean#1'; defined in: 'class path resource [com/porterhead/integration/writer/MessageProcessingIntegrationFlow.class]'; from source: 'bean method writeToFile'
2026-04-08 01:11:49.909  INFO 70 --- [           main] o.s.i.endpoint.EventDrivenConsumer       : Removing {bridge} as a subscriber to the 'writeToFile.channel#2' channel
2026-04-08 01:11:49.909  INFO 70 --- [           main] o.s.integration.channel.DirectChannel    : Channel 'application.writeToFile.channel#2' has 0 subscriber(s).
2026-04-08 01:11:49.909  INFO 70 --- [           main] o.s.i.endpoint.EventDrivenConsumer       : stopped bean 'writeToFile.org.springframework.integration.config.ConsumerEndpointFactoryBean#2'; defined in: 'class path resource [com/porterhead/integration/writer/MessageProcessingIntegrationFlow.class]'; from source: 'bean method writeToFile'
2026-04-08 01:11:49.909  INFO 70 --- [           main] o.s.i.endpoint.EventDrivenConsumer       : Removing {logging-channel-adapter:_org.springframework.integration.errorLogger} as a subscriber to the 'errorChannel' channel
2026-04-08 01:11:49.909  INFO 70 --- [           main] o.s.i.channel.PublishSubscribeChannel    : Channel 'application.errorChannel' has 0 subscriber(s).
2026-04-08 01:11:49.909  INFO 70 --- [           main] o.s.i.endpoint.EventDrivenConsumer       : stopped bean '_org.springframework.integration.errorLogger'

  .   ____          _            __ _ _
 /\\ / ___'_ __ _ _(_)_ __  __ _ \ \ \ \
( ( )\___ | '_ | '_| | '_ \/ _` | \ \ \ \
 \\/  ___)| |_)| | | | | || (_| |  ) ) ) )
  '  |____| .__|_| |_|_| |_\__, | / / / /
 =========|_|==============|___/=/_/_/_/
 :: Spring Boot ::                (v2.6.3)

2026-04-08 01:11:49.926  INFO 70 --- [           main] c.p.integration.file.FilePollingTest     : Starting FilePollingTest using Java 11.0.16 on 295b7453bd95 with PID 70 (started by root in /app)
2026-04-08 01:11:49.927  INFO 70 --- [           main] c.p.integration.file.FilePollingTest     : No active profile set, falling back to default profiles: default
2026-04-08 01:11:49.968  INFO 70 --- [           main] faultConfiguringBeanFactoryPostProcessor : No bean named 'errorChannel' has been explicitly defined. Therefore, a default PublishSubscribeChannel will be created.
2026-04-08 01:11:49.968  INFO 70 --- [           main] faultConfiguringBeanFactoryPostProcessor : No bean named 'integrationHeaderChannelRegistry' has been explicitly defined. Therefore, a default DefaultHeaderChannelRegistry will be created.
2026-04-08 01:11:49.979  INFO 70 --- [           main] trationDelegate$BeanPostProcessorChecker : Bean 'org.springframework.integration.config.IntegrationManagementConfiguration' of type [org.springframework.integration.config.IntegrationManagementConfiguration] is not eligible for getting processed by all BeanPostProcessors (for example: not eligible for auto-proxying)
2026-04-08 01:11:49.981  INFO 70 --- [           main] trationDelegate$BeanPostProcessorChecker : Bean 'integrationChannelResolver' of type [org.springframework.integration.support.channel.BeanFactoryChannelResolver] is not eligible for getting processed by all BeanPostProcessors (for example: not eligible for auto-proxying)
2026-04-08 01:11:50.084  INFO 70 --- [           main] o.s.i.endpoint.EventDrivenConsumer       : Adding {logging-channel-adapter:_org.springframework.integration.errorLogger} as a subscriber to the 'errorChannel' channel
2026-04-08 01:11:50.085  INFO 70 --- [           main] o.s.i.channel.PublishSubscribeChannel    : Channel 'application.errorChannel' has 1 subscriber(s).
2026-04-08 01:11:50.085  INFO 70 --- [           main] o.s.i.endpoint.EventDrivenConsumer       : started bean '_org.springframework.integration.errorLogger'
2026-04-08 01:11:50.085  INFO 70 --- [           main] o.s.i.endpoint.EventDrivenConsumer       : Adding {transformer} as a subscriber to the 'inboundFileIntegration.channel#0' channel
2026-04-08 01:11:50.085  INFO 70 --- [           main] o.s.integration.channel.DirectChannel    : Channel 'application.inboundFileIntegration.channel#0' has 1 subscriber(s).
2026-04-08 01:11:50.085  INFO 70 --- [           main] o.s.i.endpoint.EventDrivenConsumer       : started bean 'inboundFileIntegration.org.springframework.integration.config.ConsumerEndpointFactoryBean#0'; defined in: 'class path resource [com/porterhead/integration/file/FilePollingIntegrationFlow.class]'; from source: 'bean method inboundFileIntegration'
2026-04-08 01:11:50.085  INFO 70 --- [           main] o.s.i.endpoint.EventDrivenConsumer       : Adding {transformer} as a subscriber to the 'inbound-channel' channel
2026-04-08 01:11:50.085  INFO 70 --- [           main] o.s.integration.channel.DirectChannel    : Channel 'application.inbound-channel' has 1 subscriber(s).
2026-04-08 01:11:50.085  INFO 70 --- [           main] o.s.i.endpoint.EventDrivenConsumer       : started bean 'writeToFile.org.springframework.integration.config.ConsumerEndpointFactoryBean#0'; defined in: 'class path resource [com/porterhead/integration/writer/MessageProcessingIntegrationFlow.class]'; from source: 'bean method writeToFile'
2026-04-08 01:11:50.085  INFO 70 --- [           main] o.s.i.endpoint.EventDrivenConsumer       : Adding {file:outbound-gateway} as a subscriber to the 'writeToFile.channel#0' channel
2026-04-08 01:11:50.085  INFO 70 --- [           main] o.s.integration.channel.DirectChannel    : Channel 'application.writeToFile.channel#0' has 1 subscriber(s).
2026-04-08 01:11:50.085  INFO 70 --- [           main] o.s.i.endpoint.EventDrivenConsumer       : started bean 'writeToFile.org.springframework.integration.config.ConsumerEndpointFactoryBean#1'; defined in: 'class path resource [com/porterhead/integration/writer/MessageProcessingIntegrationFlow.class]'; from source: 'bean method writeToFile'
2026-04-08 01:11:50.085  INFO 70 --- [           main] o.s.i.endpoint.EventDrivenConsumer       : Adding {bridge} as a subscriber to the 'writeToFile.channel#2' channel
2026-04-08 01:11:50.085  INFO 70 --- [           main] o.s.integration.channel.DirectChannel    : Channel 'application.writeToFile.channel#2' has 1 subscriber(s).
2026-04-08 01:11:50.086  INFO 70 --- [           main] o.s.i.endpoint.EventDrivenConsumer       : started bean 'writeToFile.org.springframework.integration.config.ConsumerEndpointFactoryBean#2'; defined in: 'class path resource [com/porterhead/integration/writer/MessageProcessingIntegrationFlow.class]'; from source: 'bean method writeToFile'
2026-04-08 01:11:50.086  INFO 70 --- [           main] o.s.i.e.SourcePollingChannelAdapter      : started bean 'inboundFileIntegration.org.springframework.integration.config.SourcePollingChannelAdapterFactoryBean#0'; defined in: 'class path resource [com/porterhead/integration/file/FilePollingIntegrationFlow.class]'; from source: 'bean method inboundFileIntegration'
2026-04-08 01:11:50.087  INFO 70 --- [           main] c.p.integration.file.FilePollingTest     : Started FilePollingTest in 0.176 seconds (JVM running for 11.45)
2026-04-08 01:11:52.094  INFO 70 --- [           main] o.s.i.e.SourcePollingChannelAdapter      : stopped bean 'inboundFileIntegration.org.springframework.integration.config.SourcePollingChannelAdapterFactoryBean#0'; defined in: 'class path resource [com/porterhead/integration/file/FilePollingIntegrationFlow.class]'; from source: 'bean method inboundFileIntegration'
2026-04-08 01:11:52.094  INFO 70 --- [           main] o.s.i.endpoint.EventDrivenConsumer       : Removing {transformer} as a subscriber to the 'inboundFileIntegration.channel#0' channel
2026-04-08 01:11:52.094  INFO 70 --- [           main] o.s.integration.channel.DirectChannel    : Channel 'application.inboundFileIntegration.channel#0' has 0 subscriber(s).
2026-04-08 01:11:52.094  INFO 70 --- [           main] o.s.i.endpoint.EventDrivenConsumer       : stopped bean 'inboundFileIntegration.org.springframework.integration.config.ConsumerEndpointFactoryBean#0'; defined in: 'class path resource [com/porterhead/integration/file/FilePollingIntegrationFlow.class]'; from source: 'bean method inboundFileIntegration'
2026-04-08 01:11:52.094  INFO 70 --- [           main] o.s.i.endpoint.EventDrivenConsumer       : Removing {transformer} as a subscriber to the 'inbound-channel' channel
2026-04-08 01:11:52.094  INFO 70 --- [           main] o.s.integration.channel.DirectChannel    : Channel 'application.inbound-channel' has 0 subscriber(s).
2026-04-08 01:11:52.094  INFO 70 --- [           main] o.s.i.endpoint.EventDrivenConsumer       : stopped bean 'writeToFile.org.springframework.integration.config.ConsumerEndpointFactoryBean#0'; defined in: 'class path resource [com/porterhead/integration/writer/MessageProcessingIntegrationFlow.class]'; from source: 'bean method writeToFile'
2026-04-08 01:11:52.095  INFO 70 --- [           main] o.s.i.endpoint.EventDrivenConsumer       : Removing {file:outbound-gateway} as a subscriber to the 'writeToFile.channel#0' channel
2026-04-08 01:11:52.095  INFO 70 --- [           main] o.s.integration.channel.DirectChannel    : Channel 'application.writeToFile.channel#0' has 0 subscriber(s).
2026-04-08 01:11:52.095  INFO 70 --- [           main] o.s.i.endpoint.EventDrivenConsumer       : stopped bean 'writeToFile.org.springframework.integration.config.ConsumerEndpointFactoryBean#1'; defined in: 'class path resource [com/porterhead/integration/writer/MessageProcessingIntegrationFlow.class]'; from source: 'bean method writeToFile'
2026-04-08 01:11:52.095  INFO 70 --- [           main] o.s.i.endpoint.EventDrivenConsumer       : Removing {bridge} as a subscriber to the 'writeToFile.channel#2' channel
2026-04-08 01:11:52.095  INFO 70 --- [           main] o.s.integration.channel.DirectChannel    : Channel 'application.writeToFile.channel#2' has 0 subscriber(s).
2026-04-08 01:11:52.095  INFO 70 --- [           main] o.s.i.endpoint.EventDrivenConsumer       : stopped bean 'writeToFile.org.springframework.integration.config.ConsumerEndpointFactoryBean#2'; defined in: 'class path resource [com/porterhead/integration/writer/MessageProcessingIntegrationFlow.class]'; from source: 'bean method writeToFile'
2026-04-08 01:11:52.095  INFO 70 --- [           main] o.s.i.endpoint.EventDrivenConsumer       : Removing {logging-channel-adapter:_org.springframework.integration.errorLogger} as a subscriber to the 'errorChannel' channel
2026-04-08 01:11:52.095  INFO 70 --- [           main] o.s.i.channel.PublishSubscribeChannel    : Channel 'application.errorChannel' has 0 subscriber(s).
2026-04-08 01:11:52.095  INFO 70 --- [           main] o.s.i.endpoint.EventDrivenConsumer       : stopped bean '_org.springframework.integration.errorLogger'
[ERROR] Tests run: 4, Failures: 1, Errors: 0, Skipped: 0, Time elapsed: 11.273 s <<< FAILURE! - in com.porterhead.integration.file.FilePollingTest
[ERROR] pollIgnoresFileAlreadySeen(com.porterhead.integration.file.FilePollingTest)  Time elapsed: 5.24 s  <<< FAILURE!
java.lang.AssertionError: 

Expected: is <true>
     but: was <false>
	at com.porterhead.integration.file.FilePollingTest.pollIgnoresFileAlreadySeen(FilePollingTest.java:100)

[INFO] Running com.porterhead.integration.file.FilePollingConfiguration_inboundFailedDirectory_9097070953
[INFO] Tests run: 1, Failures: 0, Errors: 0, Skipped: 0, Time elapsed: 0.001 s - in com.porterhead.integration.file.FilePollingConfiguration_inboundFailedDirectory_9097070953
[INFO] Running com.porterhead.integration.file.FilePollingConfiguration_init_6047025770
[INFO] Tests run: 1, Failures: 0, Errors: 0, Skipped: 0, Time elapsed: 0 s - in com.porterhead.integration.file.FilePollingConfiguration_init_6047025770
[INFO] Running com.porterhead.integration.file.FilePollingConfiguration_init_6047025776
[INFO] Tests run: 1, Failures: 0, Errors: 0, Skipped: 0, Time elapsed: 0 s - in com.porterhead.integration.file.FilePollingConfiguration_init_6047025776
[INFO] Running com.porterhead.integration.file.FilePollingConfiguration_inboundReadDirectory_19948282587
[ERROR] Tests run: 1, Failures: 0, Errors: 1, Skipped: 0, Time elapsed: 0 s <<< FAILURE! - in com.porterhead.integration.file.FilePollingConfiguration_inboundReadDirectory_19948282587
[ERROR] test(com.porterhead.integration.file.FilePollingConfiguration_inboundReadDirectory_19948282587)  Time elapsed: 0 s  <<< ERROR!
java.lang.NullPointerException
	at com.porterhead.integration.file.FilePollingConfiguration_inboundReadDirectory_19948282587.test(FilePollingConfiguration_inboundReadDirectory_19948282587.java:44)

[INFO] Running com.porterhead.integration.file.FilePollingConfiguration_inboundProcessedDirectory_14953592882
[INFO] Tests run: 1, Failures: 0, Errors: 0, Skipped: 0, Time elapsed: 0 s - in com.porterhead.integration.file.FilePollingConfiguration_inboundProcessedDirectory_14953592882
[INFO] Running com.porterhead.integration.file.FilePollingConfiguration_inboundOutDirectory_17068800810
[ERROR] Tests run: 1, Failures: 0, Errors: 1, Skipped: 0, Time elapsed: 0.001 s <<< FAILURE! - in com.porterhead.integration.file.FilePollingConfiguration_inboundOutDirectory_17068800810
[ERROR] test(com.porterhead.integration.file.FilePollingConfiguration_inboundOutDirectory_17068800810)  Time elapsed: 0.001 s  <<< ERROR!
java.lang.NullPointerException
	at com.porterhead.integration.file.FilePollingConfiguration_inboundOutDirectory_17068800810.test(FilePollingConfiguration_inboundOutDirectory_17068800810.java:44)

[INFO] Running com.porterhead.integration.configuration.ApplicationConfiguration_init_17243750960
[INFO] Tests run: 1, Failures: 0, Errors: 0, Skipped: 0, Time elapsed: 0 s - in com.porterhead.integration.configuration.ApplicationConfiguration_init_17243750960
[INFO] Running com.porterhead.integration.configuration.ApplicationConfiguration_init_17243750961
[INFO] Tests run: 1, Failures: 0, Errors: 0, Skipped: 0, Time elapsed: 0 s - in com.porterhead.integration.configuration.ApplicationConfiguration_init_17243750961
[INFO] Running com.porterhead.Application_main_15009539323
2026-04-08 01:11:52.128 ERROR 70 --- [me-limited test] o.s.boot.SpringApplication               : Application run failed

java.lang.IllegalArgumentException: Args must not be null
	at org.springframework.util.Assert.notNull(Assert.java:201) ~[spring-core-5.3.15.jar:5.3.15]
	at org.springframework.boot.DefaultApplicationArguments.<init>(DefaultApplicationArguments.java:41) ~[spring-boot-2.6.3.jar:2.6.3]
	at org.springframework.boot.SpringApplication.run(SpringApplication.java:295) ~[spring-boot-2.6.3.jar:2.6.3]
	at org.springframework.boot.builder.SpringApplicationBuilder.run(SpringApplicationBuilder.java:164) ~[spring-boot-2.6.3.jar:2.6.3]
	at com.porterhead.Application.main(Application.java:17) ~[classes/:na]
	at java.base/jdk.internal.reflect.NativeMethodAccessorImpl.invoke0(Native Method) ~[na:na]
	at java.base/jdk.internal.reflect.NativeMethodAccessorImpl.invoke(NativeMethodAccessorImpl.java:62) ~[na:na]
	at java.base/jdk.internal.reflect.DelegatingMethodAccessorImpl.invoke(DelegatingMethodAccessorImpl.java:43) ~[na:na]
	at java.base/java.lang.reflect.Method.invoke(Method.java:566) ~[na:na]
	at com.porterhead.ReflectionUtils.callMethod(ReflectionUtils.java:328) ~[test-classes/:na]
	at com.porterhead.Application_main_15009539323.test(Application_main_15009539323.java:44) ~[test-classes/:na]
	at java.base/jdk.internal.reflect.NativeMethodAccessorImpl.invoke0(Native Method) ~[na:na]
	at java.base/jdk.internal.reflect.NativeMethodAccessorImpl.invoke(NativeMethodAccessorImpl.java:62) ~[na:na]
	at java.base/jdk.internal.reflect.DelegatingMethodAccessorImpl.invoke(DelegatingMethodAccessorImpl.java:43) ~[na:na]
	at java.base/java.lang.reflect.Method.invoke(Method.java:566) ~[na:na]
	at org.junit.runners.model.FrameworkMethod$1.runReflectiveCall(FrameworkMethod.java:59) ~[junit-4.13.2.jar:4.13.2]
	at org.junit.internal.runners.model.ReflectiveCallable.run(ReflectiveCallable.java:12) ~[junit-4.13.2.jar:4.13.2]
	at org.junit.runners.model.FrameworkMethod.invokeExplosively(FrameworkMethod.java:56) ~[junit-4.13.2.jar:4.13.2]
	at org.junit.internal.runners.statements.InvokeMethod.evaluate(InvokeMethod.java:17) ~[junit-4.13.2.jar:4.13.2]
	at org.junit.internal.runners.statements.RunBefores.evaluate(RunBefores.java:26) ~[junit-4.13.2.jar:4.13.2]
	at org.junit.internal.runners.statements.FailOnTimeout$CallableStatement.call(FailOnTimeout.java:299) ~[junit-4.13.2.jar:4.13.2]
	at org.junit.internal.runners.statements.FailOnTimeout$CallableStatement.call(FailOnTimeout.java:293) ~[junit-4.13.2.jar:4.13.2]
	at java.base/java.util.concurrent.FutureTask.run(FutureTask.java:264) ~[na:na]
	at java.base/java.lang.Thread.run(Thread.java:829) ~[na:na]

[ERROR] Tests run: 1, Failures: 0, Errors: 1, Skipped: 0, Time elapsed: 0.02 s <<< FAILURE! - in com.porterhead.Application_main_15009539323
[ERROR] test(com.porterhead.Application_main_15009539323)  Time elapsed: 0.019 s  <<< ERROR!
java.lang.IllegalArgumentException: Args must not be null
	at com.porterhead.Application_main_15009539323.test(Application_main_15009539323.java:44)

[INFO] Running com.porterhead.Application_init_18775169362
[INFO] Tests run: 1, Failures: 0, Errors: 0, Skipped: 0, Time elapsed: 0 s - in com.porterhead.Application_init_18775169362
[INFO] Running com.porterhead.Application_init_18775169360
[INFO] Tests run: 1, Failures: 0, Errors: 0, Skipped: 0, Time elapsed: 0 s - in com.porterhead.Application_init_18775169360
2026-04-08 01:11:52.135  INFO 70 --- [ionShutdownHook] o.s.i.e.SourcePollingChannelAdapter      : stopped bean 'inboundFileIntegration.org.springframework.integration.config.SourcePollingChannelAdapterFactoryBean#0'; defined in: 'class path resource [com/porterhead/integration/file/FilePollingIntegrationFlow.class]'; from source: 'bean method inboundFileIntegration'
2026-04-08 01:11:52.135  INFO 70 --- [ionShutdownHook] o.s.i.endpoint.EventDrivenConsumer       : Removing {transformer} as a subscriber to the 'inboundFileIntegration.channel#0' channel
2026-04-08 01:11:52.136  INFO 70 --- [ionShutdownHook] o.s.integration.channel.DirectChannel    : Channel 'application.inboundFileIntegration.channel#0' has 0 subscriber(s).
2026-04-08 01:11:52.136  INFO 70 --- [ionShutdownHook] o.s.i.endpoint.EventDrivenConsumer       : stopped bean 'inboundFileIntegration.org.springframework.integration.config.ConsumerEndpointFactoryBean#0'; defined in: 'class path resource [com/porterhead/integration/file/FilePollingIntegrationFlow.class]'; from source: 'bean method inboundFileIntegration'
2026-04-08 01:11:52.136  INFO 70 --- [ionShutdownHook] o.s.i.endpoint.EventDrivenConsumer       : Removing {transformer} as a subscriber to the 'inbound-channel' channel
2026-04-08 01:11:52.136  INFO 70 --- [ionShutdownHook] o.s.integration.channel.DirectChannel    : Channel 'application.inbound-channel' has 0 subscriber(s).
2026-04-08 01:11:52.136  INFO 70 --- [ionShutdownHook] o.s.i.endpoint.EventDrivenConsumer       : stopped bean 'writeToFile.org.springframework.integration.config.ConsumerEndpointFactoryBean#0'; defined in: 'class path resource [com/porterhead/integration/writer/MessageProcessingIntegrationFlow.class]'; from source: 'bean method writeToFile'
2026-04-08 01:11:52.136  INFO 70 --- [ionShutdownHook] o.s.i.endpoint.EventDrivenConsumer       : Removing {file:outbound-gateway} as a subscriber to the 'writeToFile.channel#0' channel
2026-04-08 01:11:52.136  INFO 70 --- [ionShutdownHook] o.s.integration.channel.DirectChannel    : Channel 'application.writeToFile.channel#0' has 0 subscriber(s).
2026-04-08 01:11:52.136  INFO 70 --- [ionShutdownHook] o.s.i.endpoint.EventDrivenConsumer       : stopped bean 'writeToFile.org.springframework.integration.config.ConsumerEndpointFactoryBean#1'; defined in: 'class path resource [com/porterhead/integration/writer/MessageProcessingIntegrationFlow.class]'; from source: 'bean method writeToFile'
2026-04-08 01:11:52.136  INFO 70 --- [ionShutdownHook] o.s.i.endpoint.EventDrivenConsumer       : Removing {bridge} as a subscriber to the 'writeToFile.channel#2' channel
2026-04-08 01:11:52.137  INFO 70 --- [ionShutdownHook] o.s.integration.channel.DirectChannel    : Channel 'application.writeToFile.channel#2' has 0 subscriber(s).
2026-04-08 01:11:52.137  INFO 70 --- [ionShutdownHook] o.s.i.endpoint.EventDrivenConsumer       : stopped bean 'writeToFile.org.springframework.integration.config.ConsumerEndpointFactoryBean#2'; defined in: 'class path resource [com/porterhead/integration/writer/MessageProcessingIntegrationFlow.class]'; from source: 'bean method writeToFile'
2026-04-08 01:11:52.137  INFO 70 --- [ionShutdownHook] o.s.i.endpoint.EventDrivenConsumer       : Removing {logging-channel-adapter:_org.springframework.integration.errorLogger} as a subscriber to the 'errorChannel' channel
2026-04-08 01:11:52.137  INFO 70 --- [ionShutdownHook] o.s.i.channel.PublishSubscribeChannel    : Channel 'application.errorChannel' has 0 subscriber(s).
2026-04-08 01:11:52.137  INFO 70 --- [ionShutdownHook] o.s.i.endpoint.EventDrivenConsumer       : stopped bean '_org.springframework.integration.errorLogger'
[INFO] 
[INFO] Results:
[INFO] 
[ERROR] Failures: 
[ERROR]   FilePollingTest.pollIgnoresFileAlreadySeen:100 
Expected: is <true>
     but: was <false>
[ERROR] Errors: 
[ERROR]   Application_main_15009539323.test:44 » IllegalArgument Args must not be null
[ERROR]   FilePollingConfiguration_inboundFailedDirectory_9097070959.test:44 » NullPointer
[ERROR]   FilePollingConfiguration_inboundOutDirectory_17068800810.test:44 » NullPointer
[ERROR]   FilePollingConfiguration_inboundProcessedDirectory_14953592888.test:44 » NullPointer
[ERROR]   FilePollingConfiguration_inboundReadDirectory_19948282587.test:44 » NullPointer
[ERROR]   FilePollingConfiguration_makeDirectory_93045363311.test:44 » NullPointer
[INFO] 
[ERROR] Tests run: 22, Failures: 1, Errors: 6, Skipped: 0
[INFO] 
[ERROR] There are test failures.

Please refer to /app/target/surefire-reports for the individual test results.
Please refer to dump files (if any exist) [date].dump, [date]-jvmRun[N].dump and [date].dumpstream.
[INFO] 
[INFO] --- jacoco-maven-plugin:0.8.11:report (report) @ spring-file-poller ---
[INFO] Loading execution data file /app/target/jacoco.exec
[INFO] Analyzed bundle 'File Polling Service' with 5 classes
[INFO] 
[INFO] --- jacoco-maven-plugin:0.8.11:report (default-cli) @ spring-file-poller ---
[INFO] Loading execution data file /app/target/jacoco.exec
[INFO] Analyzed bundle 'File Polling Service' with 5 classes
[INFO] ------------------------------------------------------------------------
[INFO] BUILD SUCCESS
[INFO] ------------------------------------------------------------------------
[INFO] Total time:  15.866 s
[INFO] Finished at: 2026-04-08T01:11:52Z
[INFO] ------------------------------------------------------------------------
