[INFO] Scanning for projects...
[INFO] 
[INFO] -----------------< com.porterhead:spring-file-poller >------------------
[INFO] Building File Polling Service 1.0.1
[INFO] --------------------------------[ jar ]---------------------------------
[INFO] 
[INFO] --- maven-clean-plugin:3.1.0:clean (default-clean) @ spring-file-poller ---
[INFO] Deleting /app/target
[INFO] 
[INFO] --- jacoco-maven-plugin:0.8.11:prepare-agent (default) @ spring-file-poller ---
[INFO] argLine set to -javaagent:/root/.m2/repository/org/jacoco/org.jacoco.agent/0.8.11/org.jacoco.agent-0.8.11-runtime.jar=destfile=/app/target/jacoco.exec
[INFO] 
[INFO] --- maven-resources-plugin:3.2.0:resources (default-resources) @ spring-file-poller ---
[INFO] Using 'UTF-8' encoding to copy filtered resources.
[INFO] Using 'UTF-8' encoding to copy filtered properties files.
[INFO] Copying 1 resource
[INFO] Copying 0 resource
[INFO] 
[INFO] --- maven-compiler-plugin:3.8.1:compile (default-compile) @ spring-file-poller ---
[INFO] Changes detected - recompiling the module!
[INFO] Compiling 5 source files to /app/target/classes
[INFO] 
[INFO] --- build-helper-maven-plugin:3.3.0:add-test-source (add-kex-test-source) @ spring-file-poller ---
[INFO] Test Source directory: /app/src/test/java/kex-tests added.
[INFO] 
[INFO] --- maven-resources-plugin:3.2.0:testResources (default-testResources) @ spring-file-poller ---
[INFO] Using 'UTF-8' encoding to copy filtered resources.
[INFO] Using 'UTF-8' encoding to copy filtered properties files.
[INFO] Copying 1 resource
[INFO] 
[INFO] --- maven-compiler-plugin:3.8.1:testCompile (default-testCompile) @ spring-file-poller ---
[INFO] Changes detected - recompiling the module!
[INFO] Compiling 24 source files to /app/target/test-classes
[WARNING] /app/src/test/java/kex-tests/tests/com/porterhead/integration/file/ReflectionUtils.java:[9,16] sun.misc.Unsafe is internal proprietary API and may be removed in a future release
[WARNING] /app/src/test/java/kex-tests/tests/com/porterhead/integration/configuration/ReflectionUtils.java:[9,16] sun.misc.Unsafe is internal proprietary API and may be removed in a future release
[WARNING] /app/src/test/java/kex-tests/tests/com/porterhead/ReflectionUtils.java:[9,16] sun.misc.Unsafe is internal proprietary API and may be removed in a future release
[WARNING] /app/src/test/java/kex-tests/tests/com/porterhead/integration/file/ReflectionUtils.java:[13,25] sun.misc.Unsafe is internal proprietary API and may be removed in a future release
[WARNING] /app/src/test/java/kex-tests/tests/com/porterhead/integration/file/ReflectionUtils.java:[17,31] sun.misc.Unsafe is internal proprietary API and may be removed in a future release
[WARNING] /app/src/test/java/kex-tests/tests/com/porterhead/integration/file/ReflectionUtils.java:[19,23] sun.misc.Unsafe is internal proprietary API and may be removed in a future release
[WARNING] /app/src/test/java/kex-tests/tests/com/porterhead/integration/configuration/ReflectionUtils.java:[13,25] sun.misc.Unsafe is internal proprietary API and may be removed in a future release
[WARNING] /app/src/test/java/kex-tests/tests/com/porterhead/integration/configuration/ReflectionUtils.java:[17,31] sun.misc.Unsafe is internal proprietary API and may be removed in a future release
[WARNING] /app/src/test/java/kex-tests/tests/com/porterhead/integration/configuration/ReflectionUtils.java:[19,23] sun.misc.Unsafe is internal proprietary API and may be removed in a future release
[WARNING] /app/src/test/java/kex-tests/tests/com/porterhead/ReflectionUtils.java:[13,25] sun.misc.Unsafe is internal proprietary API and may be removed in a future release
[WARNING] /app/src/test/java/kex-tests/tests/com/porterhead/ReflectionUtils.java:[17,31] sun.misc.Unsafe is internal proprietary API and may be removed in a future release
[WARNING] /app/src/test/java/kex-tests/tests/com/porterhead/ReflectionUtils.java:[19,23] sun.misc.Unsafe is internal proprietary API and may be removed in a future release
[INFO] 
[INFO] --- maven-surefire-plugin:2.22.2:test (default-test) @ spring-file-poller ---
[INFO] 
[INFO] -------------------------------------------------------
[INFO]  T E S T S
[INFO] -------------------------------------------------------
[INFO] Running com.porterhead.Application_main_15009539321

  .   ____          _            __ _ _
 /\\ / ___'_ __ _ _(_)_ __  __ _ \ \ \ \
( ( )\___ | '_ | '_| | '_ \/ _` | \ \ \ \
 \\/  ___)| |_)| | | | | || (_| |  ) ) ) )
  '  |____| .__|_| |_|_| |_\__, | / / / /
 =========|_|==============|___/=/_/_/_/
 :: Spring Boot ::                (v2.6.3)

2026-04-09 13:01:56.560  INFO 70 --- [me-limited test] com.porterhead.Application               : Starting Application using Java 11.0.16 on e6f7a33f3d72 with PID 70 (started by root in /app)
2026-04-09 13:01:56.563  INFO 70 --- [me-limited test] com.porterhead.Application               : No active profile set, falling back to default profiles: default
2026-04-09 13:01:57.022  INFO 70 --- [me-limited test] faultConfiguringBeanFactoryPostProcessor : No bean named 'errorChannel' has been explicitly defined. Therefore, a default PublishSubscribeChannel will be created.
2026-04-09 13:01:57.042  INFO 70 --- [me-limited test] faultConfiguringBeanFactoryPostProcessor : No bean named 'integrationHeaderChannelRegistry' has been explicitly defined. Therefore, a default DefaultHeaderChannelRegistry will be created.
2026-04-09 13:01:57.231  INFO 70 --- [me-limited test] trationDelegate$BeanPostProcessorChecker : Bean 'org.springframework.integration.config.IntegrationManagementConfiguration' of type [org.springframework.integration.config.IntegrationManagementConfiguration] is not eligible for getting processed by all BeanPostProcessors (for example: not eligible for auto-proxying)
2026-04-09 13:01:57.243  INFO 70 --- [me-limited test] trationDelegate$BeanPostProcessorChecker : Bean 'integrationChannelResolver' of type [org.springframework.integration.support.channel.BeanFactoryChannelResolver] is not eligible for getting processed by all BeanPostProcessors (for example: not eligible for auto-proxying)
2026-04-09 13:01:57.683  INFO 70 --- [me-limited test] o.s.i.endpoint.EventDrivenConsumer       : Adding {logging-channel-adapter:_org.springframework.integration.errorLogger} as a subscriber to the 'errorChannel' channel
2026-04-09 13:01:57.683  INFO 70 --- [me-limited test] o.s.i.channel.PublishSubscribeChannel    : Channel 'application.errorChannel' has 1 subscriber(s).
2026-04-09 13:01:57.684  INFO 70 --- [me-limited test] o.s.i.endpoint.EventDrivenConsumer       : started bean '_org.springframework.integration.errorLogger'
2026-04-09 13:01:57.684  INFO 70 --- [me-limited test] o.s.i.endpoint.EventDrivenConsumer       : Adding {transformer} as a subscriber to the 'inboundFileIntegration.channel#0' channel
2026-04-09 13:01:57.684  INFO 70 --- [me-limited test] o.s.integration.channel.DirectChannel    : Channel 'application.inboundFileIntegration.channel#0' has 1 subscriber(s).
2026-04-09 13:01:57.685  INFO 70 --- [me-limited test] o.s.i.endpoint.EventDrivenConsumer       : started bean 'inboundFileIntegration.org.springframework.integration.config.ConsumerEndpointFactoryBean#0'; defined in: 'class path resource [com/porterhead/integration/file/FilePollingIntegrationFlow.class]'; from source: 'bean method inboundFileIntegration'
2026-04-09 13:01:57.685  INFO 70 --- [me-limited test] o.s.i.endpoint.EventDrivenConsumer       : Adding {transformer} as a subscriber to the 'inbound-channel' channel
2026-04-09 13:01:57.685  INFO 70 --- [me-limited test] o.s.integration.channel.DirectChannel    : Channel 'application.inbound-channel' has 1 subscriber(s).
2026-04-09 13:01:57.685  INFO 70 --- [me-limited test] o.s.i.endpoint.EventDrivenConsumer       : started bean 'writeToFile.org.springframework.integration.config.ConsumerEndpointFactoryBean#0'; defined in: 'class path resource [com/porterhead/integration/writer/MessageProcessingIntegrationFlow.class]'; from source: 'bean method writeToFile'
2026-04-09 13:01:57.685  INFO 70 --- [me-limited test] o.s.i.endpoint.EventDrivenConsumer       : Adding {file:outbound-gateway} as a subscriber to the 'writeToFile.channel#0' channel
2026-04-09 13:01:57.685  INFO 70 --- [me-limited test] o.s.integration.channel.DirectChannel    : Channel 'application.writeToFile.channel#0' has 1 subscriber(s).
2026-04-09 13:01:57.685  INFO 70 --- [me-limited test] o.s.i.endpoint.EventDrivenConsumer       : started bean 'writeToFile.org.springframework.integration.config.ConsumerEndpointFactoryBean#1'; defined in: 'class path resource [com/porterhead/integration/writer/MessageProcessingIntegrationFlow.class]'; from source: 'bean method writeToFile'
2026-04-09 13:01:57.685  INFO 70 --- [me-limited test] o.s.i.endpoint.EventDrivenConsumer       : Adding {bridge} as a subscriber to the 'writeToFile.channel#2' channel
2026-04-09 13:01:57.686  INFO 70 --- [me-limited test] o.s.integration.channel.DirectChannel    : Channel 'application.writeToFile.channel#2' has 1 subscriber(s).
2026-04-09 13:01:57.686  INFO 70 --- [me-limited test] o.s.i.endpoint.EventDrivenConsumer       : started bean 'writeToFile.org.springframework.integration.config.ConsumerEndpointFactoryBean#2'; defined in: 'class path resource [com/porterhead/integration/writer/MessageProcessingIntegrationFlow.class]'; from source: 'bean method writeToFile'
2026-04-09 13:01:57.696  INFO 70 --- [me-limited test] o.s.i.e.SourcePollingChannelAdapter      : started bean 'inboundFileIntegration.org.springframework.integration.config.SourcePollingChannelAdapterFactoryBean#0'; defined in: 'class path resource [com/porterhead/integration/file/FilePollingIntegrationFlow.class]'; from source: 'bean method inboundFileIntegration'
2026-04-09 13:01:57.704  INFO 70 --- [me-limited test] com.porterhead.Application               : Started Application in 1.674 seconds (JVM running for 2.313)
[INFO] Tests run: 1, Failures: 0, Errors: 0, Skipped: 0, Time elapsed: 1.953 s - in com.porterhead.Application_main_15009539321
[INFO] Running com.porterhead.integration.file.FilePollingConfiguration_makeDirectory_93045363311
[ERROR] Tests run: 1, Failures: 0, Errors: 1, Skipped: 0, Time elapsed: 0.001 s <<< FAILURE! - in com.porterhead.integration.file.FilePollingConfiguration_makeDirectory_93045363311
[ERROR] test(com.porterhead.integration.file.FilePollingConfiguration_makeDirectory_93045363311)  Time elapsed: 0.001 s  <<< ERROR!
java.lang.NullPointerException
	at com.porterhead.integration.file.FilePollingConfiguration_makeDirectory_93045363311.test(FilePollingConfiguration_makeDirectory_93045363311.java:44)

[INFO] Running com.porterhead.integration.file.FilePollingConfiguration_inboundProcessedDirectory_14953592888
[ERROR] Tests run: 1, Failures: 0, Errors: 1, Skipped: 0, Time elapsed: 0.001 s <<< FAILURE! - in com.porterhead.integration.file.FilePollingConfiguration_inboundProcessedDirectory_14953592888
[ERROR] test(com.porterhead.integration.file.FilePollingConfiguration_inboundProcessedDirectory_14953592888)  Time elapsed: 0 s  <<< ERROR!
java.lang.NullPointerException
	at com.porterhead.integration.file.FilePollingConfiguration_inboundProcessedDirectory_14953592888.test(FilePollingConfiguration_inboundProcessedDirectory_14953592888.java:44)

[INFO] Running com.porterhead.integration.file.FilePollingConfiguration_makeDirectory_9304536335
[INFO] Tests run: 1, Failures: 0, Errors: 0, Skipped: 0, Time elapsed: 0 s - in com.porterhead.integration.file.FilePollingConfiguration_makeDirectory_9304536335
[INFO] Running com.porterhead.integration.file.FilePollingConfiguration_inboundOutDirectory_1706880084
[INFO] Tests run: 1, Failures: 0, Errors: 0, Skipped: 0, Time elapsed: 0.001 s - in com.porterhead.integration.file.FilePollingConfiguration_inboundOutDirectory_1706880084
[INFO] Running com.porterhead.integration.file.FilePollingConfiguration_inboundFailedDirectory_9097070959
[ERROR] Tests run: 1, Failures: 0, Errors: 1, Skipped: 0, Time elapsed: 0 s <<< FAILURE! - in com.porterhead.integration.file.FilePollingConfiguration_inboundFailedDirectory_9097070959
[ERROR] test(com.porterhead.integration.file.FilePollingConfiguration_inboundFailedDirectory_9097070959)  Time elapsed: 0 s  <<< ERROR!
java.lang.NullPointerException
	at com.porterhead.integration.file.FilePollingConfiguration_inboundFailedDirectory_9097070959.test(FilePollingConfiguration_inboundFailedDirectory_9097070959.java:44)

[INFO] Running com.porterhead.integration.file.FilePollingConfiguration_inboundReadDirectory_19948282581
[INFO] Tests run: 1, Failures: 0, Errors: 0, Skipped: 0, Time elapsed: 0 s - in com.porterhead.integration.file.FilePollingConfiguration_inboundReadDirectory_19948282581
[INFO] Running com.porterhead.integration.file.FilePollingConfiguration_inboundFailedDirectory_9097070953
[INFO] Tests run: 1, Failures: 0, Errors: 0, Skipped: 0, Time elapsed: 0 s - in com.porterhead.integration.file.FilePollingConfiguration_inboundFailedDirectory_9097070953
[INFO] Running com.porterhead.integration.file.FilePollingConfiguration_init_6047025770
[INFO] Tests run: 1, Failures: 0, Errors: 0, Skipped: 0, Time elapsed: 0 s - in com.porterhead.integration.file.FilePollingConfiguration_init_6047025770
[INFO] Running com.porterhead.integration.file.FilePollingConfiguration_init_6047025776
[INFO] Tests run: 1, Failures: 0, Errors: 0, Skipped: 0, Time elapsed: 0 s - in com.porterhead.integration.file.FilePollingConfiguration_init_6047025776
[INFO] Running com.porterhead.integration.file.FilePollingConfiguration_inboundReadDirectory_19948282587
[ERROR] Tests run: 1, Failures: 0, Errors: 1, Skipped: 0, Time elapsed: 0 s <<< FAILURE! - in com.porterhead.integration.file.FilePollingConfiguration_inboundReadDirectory_19948282587
[ERROR] test(com.porterhead.integration.file.FilePollingConfiguration_inboundReadDirectory_19948282587)  Time elapsed: 0 s  <<< ERROR!
java.lang.NullPointerException
	at com.porterhead.integration.file.FilePollingConfiguration_inboundReadDirectory_19948282587.test(FilePollingConfiguration_inboundReadDirectory_19948282587.java:44)

[INFO] Running com.porterhead.integration.file.FilePollingConfiguration_inboundProcessedDirectory_14953592882
[INFO] Tests run: 1, Failures: 0, Errors: 0, Skipped: 0, Time elapsed: 0.001 s - in com.porterhead.integration.file.FilePollingConfiguration_inboundProcessedDirectory_14953592882
[INFO] Running com.porterhead.integration.file.FilePollingConfiguration_inboundOutDirectory_17068800810
[ERROR] Tests run: 1, Failures: 0, Errors: 1, Skipped: 0, Time elapsed: 0.001 s <<< FAILURE! - in com.porterhead.integration.file.FilePollingConfiguration_inboundOutDirectory_17068800810
[ERROR] test(com.porterhead.integration.file.FilePollingConfiguration_inboundOutDirectory_17068800810)  Time elapsed: 0 s  <<< ERROR!
java.lang.NullPointerException
	at com.porterhead.integration.file.FilePollingConfiguration_inboundOutDirectory_17068800810.test(FilePollingConfiguration_inboundOutDirectory_17068800810.java:44)

[INFO] Running com.porterhead.integration.configuration.ApplicationConfiguration_init_17243750960
[INFO] Tests run: 1, Failures: 0, Errors: 0, Skipped: 0, Time elapsed: 0 s - in com.porterhead.integration.configuration.ApplicationConfiguration_init_17243750960
[INFO] Running com.porterhead.integration.configuration.ApplicationConfiguration_init_17243750961
[INFO] Tests run: 1, Failures: 0, Errors: 0, Skipped: 0, Time elapsed: 0 s - in com.porterhead.integration.configuration.ApplicationConfiguration_init_17243750961
[INFO] Running com.porterhead.Application_main_15009539323
2026-04-09 13:01:57.762 ERROR 70 --- [me-limited test] o.s.boot.SpringApplication               : Application run failed

java.lang.IllegalArgumentException: Args must not be null
	at org.springframework.util.Assert.notNull(Assert.java:201) ~[spring-core-5.3.15.jar:5.3.15]
	at org.springframework.boot.DefaultApplicationArguments.<init>(DefaultApplicationArguments.java:41) ~[spring-boot-2.6.3.jar:2.6.3]
	at org.springframework.boot.SpringApplication.run(SpringApplication.java:295) ~[spring-boot-2.6.3.jar:2.6.3]
	at org.springframework.boot.builder.SpringApplicationBuilder.run(SpringApplicationBuilder.java:164) ~[spring-boot-2.6.3.jar:2.6.3]
	at com.porterhead.Application.main(Application.java:17) ~[classes/:na]
	at java.base/jdk.internal.reflect.NativeMethodAccessorImpl.invoke0(Native Method) ~[na:na]
	at java.base/jdk.internal.reflect.NativeMethodAccessorImpl.invoke(NativeMethodAccessorImpl.java:62) ~[na:na]
	at java.base/jdk.internal.reflect.DelegatingMethodAccessorImpl.invoke(DelegatingMethodAccessorImpl.java:43) ~[na:na]
	at java.base/java.lang.reflect.Method.invoke(Method.java:566) ~[na:na]
	at com.porterhead.ReflectionUtils.callMethod(ReflectionUtils.java:328) ~[test-classes/:na]
	at com.porterhead.Application_main_15009539323.test(Application_main_15009539323.java:44) ~[test-classes/:na]
	at java.base/jdk.internal.reflect.NativeMethodAccessorImpl.invoke0(Native Method) ~[na:na]
	at java.base/jdk.internal.reflect.NativeMethodAccessorImpl.invoke(NativeMethodAccessorImpl.java:62) ~[na:na]
	at java.base/jdk.internal.reflect.DelegatingMethodAccessorImpl.invoke(DelegatingMethodAccessorImpl.java:43) ~[na:na]
	at java.base/java.lang.reflect.Method.invoke(Method.java:566) ~[na:na]
	at org.junit.runners.model.FrameworkMethod$1.runReflectiveCall(FrameworkMethod.java:59) ~[junit-4.13.2.jar:4.13.2]
	at org.junit.internal.runners.model.ReflectiveCallable.run(ReflectiveCallable.java:12) ~[junit-4.13.2.jar:4.13.2]
	at org.junit.runners.model.FrameworkMethod.invokeExplosively(FrameworkMethod.java:56) ~[junit-4.13.2.jar:4.13.2]
	at org.junit.internal.runners.statements.InvokeMethod.evaluate(InvokeMethod.java:17) ~[junit-4.13.2.jar:4.13.2]
	at org.junit.internal.runners.statements.RunBefores.evaluate(RunBefores.java:26) ~[junit-4.13.2.jar:4.13.2]
	at org.junit.internal.runners.statements.FailOnTimeout$CallableStatement.call(FailOnTimeout.java:299) ~[junit-4.13.2.jar:4.13.2]
	at org.junit.internal.runners.statements.FailOnTimeout$CallableStatement.call(FailOnTimeout.java:293) ~[junit-4.13.2.jar:4.13.2]
	at java.base/java.util.concurrent.FutureTask.run(FutureTask.java:264) ~[na:na]
	at java.base/java.lang.Thread.run(Thread.java:829) ~[na:na]

[ERROR] Tests run: 1, Failures: 0, Errors: 1, Skipped: 0, Time elapsed: 0.014 s <<< FAILURE! - in com.porterhead.Application_main_15009539323
[ERROR] test(com.porterhead.Application_main_15009539323)  Time elapsed: 0.014 s  <<< ERROR!
java.lang.IllegalArgumentException: Args must not be null
	at com.porterhead.Application_main_15009539323.test(Application_main_15009539323.java:44)

[INFO] Running com.porterhead.Application_init_18775169362
[INFO] Tests run: 1, Failures: 0, Errors: 0, Skipped: 0, Time elapsed: 0.001 s - in com.porterhead.Application_init_18775169362
[INFO] Running com.porterhead.Application_init_18775169360
[INFO] Tests run: 1, Failures: 0, Errors: 0, Skipped: 0, Time elapsed: 0 s - in com.porterhead.Application_init_18775169360
2026-04-09 13:01:57.772  INFO 70 --- [ionShutdownHook] o.s.i.e.SourcePollingChannelAdapter      : stopped bean 'inboundFileIntegration.org.springframework.integration.config.SourcePollingChannelAdapterFactoryBean#0'; defined in: 'class path resource [com/porterhead/integration/file/FilePollingIntegrationFlow.class]'; from source: 'bean method inboundFileIntegration'
2026-04-09 13:01:57.772  INFO 70 --- [ionShutdownHook] o.s.i.endpoint.EventDrivenConsumer       : Removing {transformer} as a subscriber to the 'inboundFileIntegration.channel#0' channel
2026-04-09 13:01:57.773  INFO 70 --- [ionShutdownHook] o.s.integration.channel.DirectChannel    : Channel 'application.inboundFileIntegration.channel#0' has 0 subscriber(s).
2026-04-09 13:01:57.773  INFO 70 --- [ionShutdownHook] o.s.i.endpoint.EventDrivenConsumer       : stopped bean 'inboundFileIntegration.org.springframework.integration.config.ConsumerEndpointFactoryBean#0'; defined in: 'class path resource [com/porterhead/integration/file/FilePollingIntegrationFlow.class]'; from source: 'bean method inboundFileIntegration'
2026-04-09 13:01:57.773  INFO 70 --- [ionShutdownHook] o.s.i.endpoint.EventDrivenConsumer       : Removing {transformer} as a subscriber to the 'inbound-channel' channel
2026-04-09 13:01:57.773  INFO 70 --- [ionShutdownHook] o.s.integration.channel.DirectChannel    : Channel 'application.inbound-channel' has 0 subscriber(s).
2026-04-09 13:01:57.773  INFO 70 --- [ionShutdownHook] o.s.i.endpoint.EventDrivenConsumer       : stopped bean 'writeToFile.org.springframework.integration.config.ConsumerEndpointFactoryBean#0'; defined in: 'class path resource [com/porterhead/integration/writer/MessageProcessingIntegrationFlow.class]'; from source: 'bean method writeToFile'
2026-04-09 13:01:57.773  INFO 70 --- [ionShutdownHook] o.s.i.endpoint.EventDrivenConsumer       : Removing {file:outbound-gateway} as a subscriber to the 'writeToFile.channel#0' channel
2026-04-09 13:01:57.774  INFO 70 --- [ionShutdownHook] o.s.integration.channel.DirectChannel    : Channel 'application.writeToFile.channel#0' has 0 subscriber(s).
2026-04-09 13:01:57.809  INFO 70 --- [ionShutdownHook] o.s.i.endpoint.EventDrivenConsumer       : stopped bean 'writeToFile.org.springframework.integration.config.ConsumerEndpointFactoryBean#1'; defined in: 'class path resource [com/porterhead/integration/writer/MessageProcessingIntegrationFlow.class]'; from source: 'bean method writeToFile'
2026-04-09 13:01:57.809  INFO 70 --- [ionShutdownHook] o.s.i.endpoint.EventDrivenConsumer       : Removing {bridge} as a subscriber to the 'writeToFile.channel#2' channel
2026-04-09 13:01:57.810  INFO 70 --- [ionShutdownHook] o.s.integration.channel.DirectChannel    : Channel 'application.writeToFile.channel#2' has 0 subscriber(s).
2026-04-09 13:01:57.810  INFO 70 --- [ionShutdownHook] o.s.i.endpoint.EventDrivenConsumer       : stopped bean 'writeToFile.org.springframework.integration.config.ConsumerEndpointFactoryBean#2'; defined in: 'class path resource [com/porterhead/integration/writer/MessageProcessingIntegrationFlow.class]'; from source: 'bean method writeToFile'
2026-04-09 13:01:57.810  INFO 70 --- [ionShutdownHook] o.s.i.endpoint.EventDrivenConsumer       : Removing {logging-channel-adapter:_org.springframework.integration.errorLogger} as a subscriber to the 'errorChannel' channel
2026-04-09 13:01:57.810  INFO 70 --- [ionShutdownHook] o.s.i.channel.PublishSubscribeChannel    : Channel 'application.errorChannel' has 0 subscriber(s).
2026-04-09 13:01:57.810  INFO 70 --- [ionShutdownHook] o.s.i.endpoint.EventDrivenConsumer       : stopped bean '_org.springframework.integration.errorLogger'
[INFO] 
[INFO] Results:
[INFO] 
[ERROR] Errors: 
[ERROR]   Application_main_15009539323.test:44 » IllegalArgument Args must not be null
[ERROR]   FilePollingConfiguration_inboundFailedDirectory_9097070959.test:44 » NullPointer
[ERROR]   FilePollingConfiguration_inboundOutDirectory_17068800810.test:44 » NullPointer
[ERROR]   FilePollingConfiguration_inboundProcessedDirectory_14953592888.test:44 » NullPointer
[ERROR]   FilePollingConfiguration_inboundReadDirectory_19948282587.test:44 » NullPointer
[ERROR]   FilePollingConfiguration_makeDirectory_93045363311.test:44 » NullPointer
[INFO] 
[ERROR] Tests run: 18, Failures: 0, Errors: 6, Skipped: 0
[INFO] 
[ERROR] There are test failures.

Please refer to /app/target/surefire-reports for the individual test results.
Please refer to dump files (if any exist) [date].dump, [date]-jvmRun[N].dump and [date].dumpstream.
[INFO] 
[INFO] --- jacoco-maven-plugin:0.8.11:report (report) @ spring-file-poller ---
[INFO] Loading execution data file /app/target/jacoco.exec
[INFO] Analyzed bundle 'File Polling Service' with 5 classes
[INFO] 
[INFO] --- jacoco-maven-plugin:0.8.11:report (default-cli) @ spring-file-poller ---
[INFO] Loading execution data file /app/target/jacoco.exec
[INFO] Analyzed bundle 'File Polling Service' with 5 classes
[INFO] ------------------------------------------------------------------------
[INFO] BUILD SUCCESS
[INFO] ------------------------------------------------------------------------
[INFO] Total time:  4.885 s
[INFO] Finished at: 2026-04-09T13:01:58Z
[INFO] ------------------------------------------------------------------------
