[INFO] Scanning for projects...
[INFO] 
[INFO] -----------------< com.porterhead:spring-file-poller >------------------
[INFO] Building File Polling Service 1.0.1
[INFO] --------------------------------[ jar ]---------------------------------
[INFO] 
[INFO] --- maven-clean-plugin:3.1.0:clean (default-clean) @ spring-file-poller ---
[INFO] Deleting /app/target
[INFO] 
[INFO] --- jacoco-maven-plugin:0.8.11:prepare-agent (default) @ spring-file-poller ---
[INFO] argLine set to -javaagent:/root/.m2/repository/org/jacoco/org.jacoco.agent/0.8.11/org.jacoco.agent-0.8.11-runtime.jar=destfile=/app/target/jacoco.exec
[INFO] 
[INFO] --- maven-resources-plugin:3.2.0:resources (default-resources) @ spring-file-poller ---
[INFO] Using 'UTF-8' encoding to copy filtered resources.
[INFO] Using 'UTF-8' encoding to copy filtered properties files.
[INFO] Copying 1 resource
[INFO] Copying 0 resource
[INFO] 
[INFO] --- maven-compiler-plugin:3.8.1:compile (default-compile) @ spring-file-poller ---
[INFO] Changes detected - recompiling the module!
[INFO] Compiling 5 source files to /app/target/classes
[INFO] 
[INFO] --- build-helper-maven-plugin:3.3.0:add-test-source (add-kex-test-source) @ spring-file-poller ---
[INFO] Test Source directory: /app/src/test/java/kex-tests added.
[INFO] 
[INFO] --- maven-resources-plugin:3.2.0:testResources (default-testResources) @ spring-file-poller ---
[INFO] Using 'UTF-8' encoding to copy filtered resources.
[INFO] Using 'UTF-8' encoding to copy filtered properties files.
[INFO] Copying 1 resource
[INFO] 
[INFO] --- maven-compiler-plugin:3.8.1:testCompile (default-testCompile) @ spring-file-poller ---
[INFO] Changes detected - recompiling the module!
[INFO] Compiling 2 source files to /app/target/test-classes
[INFO] /app/src/test/java/com/porterhead/integration/TestUtils.java: /app/src/test/java/com/porterhead/integration/TestUtils.java uses or overrides a deprecated API.
[INFO] /app/src/test/java/com/porterhead/integration/TestUtils.java: Recompile with -Xlint:deprecation for details.
[INFO] 
[INFO] --- maven-surefire-plugin:2.22.2:test (default-test) @ spring-file-poller ---
[INFO] 
[INFO] -------------------------------------------------------
[INFO]  T E S T S
[INFO] -------------------------------------------------------
[INFO] Running com.porterhead.integration.file.FilePollingTest
15:48:38.226 [main] DEBUG org.springframework.test.context.junit4.SpringJUnit4ClassRunner - SpringJUnit4ClassRunner constructor called with [class com.porterhead.integration.file.FilePollingTest]
15:48:38.238 [main] DEBUG org.springframework.test.context.BootstrapUtils - Instantiating CacheAwareContextLoaderDelegate from class [org.springframework.test.context.cache.DefaultCacheAwareContextLoaderDelegate]
15:48:38.248 [main] DEBUG org.springframework.test.context.BootstrapUtils - Instantiating BootstrapContext using constructor [public org.springframework.test.context.support.DefaultBootstrapContext(java.lang.Class,org.springframework.test.context.CacheAwareContextLoaderDelegate)]
15:48:38.303 [main] DEBUG org.springframework.test.context.BootstrapUtils - Instantiating TestContextBootstrapper for test class [com.porterhead.integration.file.FilePollingTest] from class [org.springframework.boot.test.context.SpringBootTestContextBootstrapper]
15:48:38.316 [main] INFO org.springframework.boot.test.context.SpringBootTestContextBootstrapper - Neither @ContextConfiguration nor @ContextHierarchy found for test class [com.porterhead.integration.file.FilePollingTest], using SpringBootContextLoader
15:48:38.322 [main] DEBUG org.springframework.test.context.support.AbstractContextLoader - Did not detect default resource location for test class [com.porterhead.integration.file.FilePollingTest]: class path resource [com/porterhead/integration/file/FilePollingTest-context.xml] does not exist
15:48:38.323 [main] DEBUG org.springframework.test.context.support.AbstractContextLoader - Did not detect default resource location for test class [com.porterhead.integration.file.FilePollingTest]: class path resource [com/porterhead/integration/file/FilePollingTestContext.groovy] does not exist
15:48:38.323 [main] INFO org.springframework.test.context.support.AbstractContextLoader - Could not detect default resource locations for test class [com.porterhead.integration.file.FilePollingTest]: no resource found for suffixes {-context.xml, Context.groovy}.
15:48:38.325 [main] INFO org.springframework.test.context.support.AnnotationConfigContextLoaderUtils - Could not detect default configuration classes for test class [com.porterhead.integration.file.FilePollingTest]: FilePollingTest does not declare any static, non-private, non-final, nested classes annotated with @Configuration.
15:48:38.388 [main] DEBUG org.springframework.test.context.support.ActiveProfilesUtils - Could not find an 'annotation declaring class' for annotation type [org.springframework.test.context.ActiveProfiles] and class [com.porterhead.integration.file.FilePollingTest]
15:48:38.472 [main] DEBUG org.springframework.context.annotation.ClassPathScanningCandidateComponentProvider - Identified candidate component class: file [/app/target/classes/com/porterhead/Application.class]
15:48:38.473 [main] INFO org.springframework.boot.test.context.SpringBootTestContextBootstrapper - Found @SpringBootConfiguration com.porterhead.Application for test class com.porterhead.integration.file.FilePollingTest
15:48:38.584 [main] DEBUG org.springframework.boot.test.context.SpringBootTestContextBootstrapper - @TestExecutionListeners is not present for class [com.porterhead.integration.file.FilePollingTest]: using defaults.
15:48:38.585 [main] INFO org.springframework.boot.test.context.SpringBootTestContextBootstrapper - Loaded default TestExecutionListener class names from location [META-INF/spring.factories]: [org.springframework.boot.test.mock.mockito.MockitoTestExecutionListener, org.springframework.boot.test.mock.mockito.ResetMocksTestExecutionListener, org.springframework.boot.test.autoconfigure.restdocs.RestDocsTestExecutionListener, org.springframework.boot.test.autoconfigure.web.client.MockRestServiceServerResetTestExecutionListener, org.springframework.boot.test.autoconfigure.web.servlet.MockMvcPrintOnlyOnFailureTestExecutionListener, org.springframework.boot.test.autoconfigure.web.servlet.WebDriverTestExecutionListener, org.springframework.boot.test.autoconfigure.webservices.client.MockWebServiceServerTestExecutionListener, org.springframework.test.context.web.ServletTestExecutionListener, org.springframework.test.context.support.DirtiesContextBeforeModesTestExecutionListener, org.springframework.test.context.event.ApplicationEventsTestExecutionListener, org.springframework.test.context.support.DependencyInjectionTestExecutionListener, org.springframework.test.context.support.DirtiesContextTestExecutionListener, org.springframework.test.context.transaction.TransactionalTestExecutionListener, org.springframework.test.context.jdbc.SqlScriptsTestExecutionListener, org.springframework.test.context.event.EventPublishingTestExecutionListener]
15:48:38.596 [main] DEBUG org.springframework.boot.test.context.SpringBootTestContextBootstrapper - Skipping candidate TestExecutionListener [org.springframework.test.context.web.ServletTestExecutionListener] due to a missing dependency. Specify custom listener classes or make the default listener classes and their required dependencies available. Offending class: [javax/servlet/ServletContext]
15:48:38.604 [main] INFO org.springframework.boot.test.context.SpringBootTestContextBootstrapper - Using TestExecutionListeners: [org.springframework.test.context.support.DirtiesContextBeforeModesTestExecutionListener@78eafad, org.springframework.test.context.event.ApplicationEventsTestExecutionListener@70f4abc1, org.springframework.boot.test.mock.mockito.MockitoTestExecutionListener@26d028f7, org.springframework.boot.test.autoconfigure.SpringBootDependencyInjectionTestExecutionListener@a2df0d5, org.springframework.test.context.support.DirtiesContextTestExecutionListener@782cc5fa, org.springframework.test.context.transaction.TransactionalTestExecutionListener@2dd3d39d, org.springframework.test.context.jdbc.SqlScriptsTestExecutionListener@ae3c140, org.springframework.test.context.event.EventPublishingTestExecutionListener@6f2d3391, org.springframework.boot.test.mock.mockito.ResetMocksTestExecutionListener@71b0289b, org.springframework.boot.test.autoconfigure.restdocs.RestDocsTestExecutionListener@42cc420b, org.springframework.boot.test.autoconfigure.web.client.MockRestServiceServerResetTestExecutionListener@563172d3, org.springframework.boot.test.autoconfigure.web.servlet.MockMvcPrintOnlyOnFailureTestExecutionListener@5086623f, org.springframework.boot.test.autoconfigure.web.servlet.WebDriverTestExecutionListener@20027c44, org.springframework.boot.test.autoconfigure.webservices.client.MockWebServiceServerTestExecutionListener@7eae55]
15:48:38.606 [main] DEBUG org.springframework.test.annotation.ProfileValueUtils - Retrieved @ProfileValueSourceConfiguration [null] for test class [com.porterhead.integration.file.FilePollingTest]
15:48:38.607 [main] DEBUG org.springframework.test.annotation.ProfileValueUtils - Retrieved ProfileValueSource type [class org.springframework.test.annotation.SystemProfileValueSource] for class [com.porterhead.integration.file.FilePollingTest]
15:48:38.608 [main] DEBUG org.springframework.test.annotation.ProfileValueUtils - Retrieved @ProfileValueSourceConfiguration [null] for test class [com.porterhead.integration.file.FilePollingTest]
15:48:38.608 [main] DEBUG org.springframework.test.annotation.ProfileValueUtils - Retrieved ProfileValueSource type [class org.springframework.test.annotation.SystemProfileValueSource] for class [com.porterhead.integration.file.FilePollingTest]
15:48:38.608 [main] DEBUG org.springframework.test.annotation.ProfileValueUtils - Retrieved @ProfileValueSourceConfiguration [null] for test class [com.porterhead.integration.file.FilePollingTest]
15:48:38.608 [main] DEBUG org.springframework.test.annotation.ProfileValueUtils - Retrieved ProfileValueSource type [class org.springframework.test.annotation.SystemProfileValueSource] for class [com.porterhead.integration.file.FilePollingTest]
15:48:38.609 [main] DEBUG org.springframework.test.annotation.ProfileValueUtils - Retrieved @ProfileValueSourceConfiguration [null] for test class [com.porterhead.integration.file.FilePollingTest]
15:48:38.609 [main] DEBUG org.springframework.test.annotation.ProfileValueUtils - Retrieved ProfileValueSource type [class org.springframework.test.annotation.SystemProfileValueSource] for class [com.porterhead.integration.file.FilePollingTest]
15:48:38.610 [main] DEBUG org.springframework.test.annotation.ProfileValueUtils - Retrieved @ProfileValueSourceConfiguration [null] for test class [com.porterhead.integration.file.FilePollingTest]
15:48:38.610 [main] DEBUG org.springframework.test.annotation.ProfileValueUtils - Retrieved ProfileValueSource type [class org.springframework.test.annotation.SystemProfileValueSource] for class [com.porterhead.integration.file.FilePollingTest]
15:48:38.614 [main] DEBUG org.springframework.test.context.support.AbstractDirtiesContextTestExecutionListener - Before test class: context [DefaultTestContext@3dda8a2e testClass = FilePollingTest, testInstance = [null], testMethod = [null], testException = [null], mergedContextConfiguration = [MergedContextConfiguration@7c0de229 testClass = FilePollingTest, locations = '{}', classes = '{class com.porterhead.Application}', contextInitializerClasses = '[]', activeProfiles = '{}', propertySourceLocations = '{}', propertySourceProperties = '{org.springframework.boot.test.context.SpringBootTestContextBootstrapper=true}', contextCustomizers = set[org.springframework.boot.test.context.filter.ExcludeFilterContextCustomizer@5b9396d3, org.springframework.boot.test.json.DuplicateJsonObjectContextCustomizerFactory$DuplicateJsonObjectContextCustomizer@1dba4e06, org.springframework.boot.test.mock.mockito.MockitoContextCustomizer@0, org.springframework.boot.test.web.client.TestRestTemplateContextCustomizer@455c1d8c, org.springframework.boot.test.autoconfigure.actuate.metrics.MetricsExportContextCustomizerFactory$DisableMetricExportContextCustomizer@62dbe64e, org.springframework.boot.test.autoconfigure.properties.PropertyMappingContextCustomizer@0, org.springframework.boot.test.autoconfigure.web.servlet.WebDriverContextCustomizerFactory$Customizer@2f897dab, org.springframework.boot.test.context.SpringBootTestArgs@1, org.springframework.boot.test.context.SpringBootTestWebEnvironment@7c853486], contextLoader = 'org.springframework.boot.test.context.SpringBootContextLoader', parent = [null]], attributes = map[[empty]]], class annotated with @DirtiesContext [true] with mode [AFTER_EACH_TEST_METHOD].
15:48:38.616 [main] DEBUG org.springframework.test.annotation.ProfileValueUtils - Retrieved @ProfileValueSourceConfiguration [null] for test class [com.porterhead.integration.file.FilePollingTest]
15:48:38.616 [main] DEBUG org.springframework.test.annotation.ProfileValueUtils - Retrieved ProfileValueSource type [class org.springframework.test.annotation.SystemProfileValueSource] for class [com.porterhead.integration.file.FilePollingTest]
15:48:38.621 [main] DEBUG org.springframework.test.context.support.DependencyInjectionTestExecutionListener - Performing dependency injection for test context [[DefaultTestContext@3dda8a2e testClass = FilePollingTest, testInstance = com.porterhead.integration.file.FilePollingTest@483b7dc4, testMethod = [null], testException = [null], mergedContextConfiguration = [MergedContextConfiguration@7c0de229 testClass = FilePollingTest, locations = '{}', classes = '{class com.porterhead.Application}', contextInitializerClasses = '[]', activeProfiles = '{}', propertySourceLocations = '{}', propertySourceProperties = '{org.springframework.boot.test.context.SpringBootTestContextBootstrapper=true}', contextCustomizers = set[org.springframework.boot.test.context.filter.ExcludeFilterContextCustomizer@5b9396d3, org.springframework.boot.test.json.DuplicateJsonObjectContextCustomizerFactory$DuplicateJsonObjectContextCustomizer@1dba4e06, org.springframework.boot.test.mock.mockito.MockitoContextCustomizer@0, org.springframework.boot.test.web.client.TestRestTemplateContextCustomizer@455c1d8c, org.springframework.boot.test.autoconfigure.actuate.metrics.MetricsExportContextCustomizerFactory$DisableMetricExportContextCustomizer@62dbe64e, org.springframework.boot.test.autoconfigure.properties.PropertyMappingContextCustomizer@0, org.springframework.boot.test.autoconfigure.web.servlet.WebDriverContextCustomizerFactory$Customizer@2f897dab, org.springframework.boot.test.context.SpringBootTestArgs@1, org.springframework.boot.test.context.SpringBootTestWebEnvironment@7c853486], contextLoader = 'org.springframework.boot.test.context.SpringBootContextLoader', parent = [null]], attributes = map['org.springframework.test.context.event.ApplicationEventsTestExecutionListener.recordApplicationEvents' -> false]]].

  .   ____          _            __ _ _
 /\\ / ___'_ __ _ _(_)_ __  __ _ \ \ \ \
( ( )\___ | '_ | '_| | '_ \/ _` | \ \ \ \
 \\/  ___)| |_)| | | | | || (_| |  ) ) ) )
  '  |____| .__|_| |_|_| |_\__, | / / / /
 =========|_|==============|___/=/_/_/_/
 :: Spring Boot ::                (v2.6.3)

2026-04-09 15:48:38.997  INFO 70 --- [           main] c.p.integration.file.FilePollingTest     : Starting FilePollingTest using Java 11.0.16 on 022e1384c913 with PID 70 (started by root in /app)
2026-04-09 15:48:38.998  INFO 70 --- [           main] c.p.integration.file.FilePollingTest     : No active profile set, falling back to default profiles: default
2026-04-09 15:48:39.344  INFO 70 --- [           main] faultConfiguringBeanFactoryPostProcessor : No bean named 'errorChannel' has been explicitly defined. Therefore, a default PublishSubscribeChannel will be created.
2026-04-09 15:48:39.362  INFO 70 --- [           main] faultConfiguringBeanFactoryPostProcessor : No bean named 'integrationHeaderChannelRegistry' has been explicitly defined. Therefore, a default DefaultHeaderChannelRegistry will be created.
2026-04-09 15:48:39.536  INFO 70 --- [           main] trationDelegate$BeanPostProcessorChecker : Bean 'org.springframework.integration.config.IntegrationManagementConfiguration' of type [org.springframework.integration.config.IntegrationManagementConfiguration] is not eligible for getting processed by all BeanPostProcessors (for example: not eligible for auto-proxying)
2026-04-09 15:48:39.550  INFO 70 --- [           main] trationDelegate$BeanPostProcessorChecker : Bean 'integrationChannelResolver' of type [org.springframework.integration.support.channel.BeanFactoryChannelResolver] is not eligible for getting processed by all BeanPostProcessors (for example: not eligible for auto-proxying)
2026-04-09 15:48:40.049  INFO 70 --- [           main] o.s.i.endpoint.EventDrivenConsumer       : Adding {logging-channel-adapter:_org.springframework.integration.errorLogger} as a subscriber to the 'errorChannel' channel
2026-04-09 15:48:40.050  INFO 70 --- [           main] o.s.i.channel.PublishSubscribeChannel    : Channel 'application.errorChannel' has 1 subscriber(s).
2026-04-09 15:48:40.050  INFO 70 --- [           main] o.s.i.endpoint.EventDrivenConsumer       : started bean '_org.springframework.integration.errorLogger'
2026-04-09 15:48:40.050  INFO 70 --- [           main] o.s.i.endpoint.EventDrivenConsumer       : Adding {transformer} as a subscriber to the 'inboundFileIntegration.channel#0' channel
2026-04-09 15:48:40.051  INFO 70 --- [           main] o.s.integration.channel.DirectChannel    : Channel 'application.inboundFileIntegration.channel#0' has 1 subscriber(s).
2026-04-09 15:48:40.051  INFO 70 --- [           main] o.s.i.endpoint.EventDrivenConsumer       : started bean 'inboundFileIntegration.org.springframework.integration.config.ConsumerEndpointFactoryBean#0'; defined in: 'class path resource [com/porterhead/integration/file/FilePollingIntegrationFlow.class]'; from source: 'bean method inboundFileIntegration'
2026-04-09 15:48:40.051  INFO 70 --- [           main] o.s.i.endpoint.EventDrivenConsumer       : Adding {transformer} as a subscriber to the 'inbound-channel' channel
2026-04-09 15:48:40.051  INFO 70 --- [           main] o.s.integration.channel.DirectChannel    : Channel 'application.inbound-channel' has 1 subscriber(s).
2026-04-09 15:48:40.051  INFO 70 --- [           main] o.s.i.endpoint.EventDrivenConsumer       : started bean 'writeToFile.org.springframework.integration.config.ConsumerEndpointFactoryBean#0'; defined in: 'class path resource [com/porterhead/integration/writer/MessageProcessingIntegrationFlow.class]'; from source: 'bean method writeToFile'
2026-04-09 15:48:40.051  INFO 70 --- [           main] o.s.i.endpoint.EventDrivenConsumer       : Adding {file:outbound-gateway} as a subscriber to the 'writeToFile.channel#0' channel
2026-04-09 15:48:40.051  INFO 70 --- [           main] o.s.integration.channel.DirectChannel    : Channel 'application.writeToFile.channel#0' has 1 subscriber(s).
2026-04-09 15:48:40.051  INFO 70 --- [           main] o.s.i.endpoint.EventDrivenConsumer       : started bean 'writeToFile.org.springframework.integration.config.ConsumerEndpointFactoryBean#1'; defined in: 'class path resource [com/porterhead/integration/writer/MessageProcessingIntegrationFlow.class]'; from source: 'bean method writeToFile'
2026-04-09 15:48:40.051  INFO 70 --- [           main] o.s.i.endpoint.EventDrivenConsumer       : Adding {bridge} as a subscriber to the 'writeToFile.channel#2' channel
2026-04-09 15:48:40.051  INFO 70 --- [           main] o.s.integration.channel.DirectChannel    : Channel 'application.writeToFile.channel#2' has 1 subscriber(s).
2026-04-09 15:48:40.052  INFO 70 --- [           main] o.s.i.endpoint.EventDrivenConsumer       : started bean 'writeToFile.org.springframework.integration.config.ConsumerEndpointFactoryBean#2'; defined in: 'class path resource [com/porterhead/integration/writer/MessageProcessingIntegrationFlow.class]'; from source: 'bean method writeToFile'
2026-04-09 15:48:40.060  INFO 70 --- [           main] o.s.i.e.SourcePollingChannelAdapter      : started bean 'inboundFileIntegration.org.springframework.integration.config.SourcePollingChannelAdapterFactoryBean#0'; defined in: 'class path resource [com/porterhead/integration/file/FilePollingIntegrationFlow.class]'; from source: 'bean method inboundFileIntegration'
2026-04-09 15:48:40.068  INFO 70 --- [           main] c.p.integration.file.FilePollingTest     : Started FilePollingTest in 1.42 seconds (JVM running for 2.347)
2026-04-09 15:48:41.072  INFO 70 --- [ taskExecutor-2] o.s.integration.handler.LoggingHandler   : GenericMessage [payload=inbound/out/2026_04_09_15_48_41_069.txt, headers={file_originalFile=inbound/read/foo.txt, id=627f084d-4986-6e95-1947-1a6599794aff, file_name=foo.txt, file_relativePath=foo.txt, timestamp=1775749721071}]
2026-04-09 15:48:43.584  INFO 70 --- [           main] o.s.i.e.SourcePollingChannelAdapter      : stopped bean 'inboundFileIntegration.org.springframework.integration.config.SourcePollingChannelAdapterFactoryBean#0'; defined in: 'class path resource [com/porterhead/integration/file/FilePollingIntegrationFlow.class]'; from source: 'bean method inboundFileIntegration'
2026-04-09 15:48:43.584  INFO 70 --- [           main] o.s.i.endpoint.EventDrivenConsumer       : Removing {transformer} as a subscriber to the 'inboundFileIntegration.channel#0' channel
2026-04-09 15:48:43.584  INFO 70 --- [           main] o.s.integration.channel.DirectChannel    : Channel 'application.inboundFileIntegration.channel#0' has 0 subscriber(s).
2026-04-09 15:48:43.584  INFO 70 --- [           main] o.s.i.endpoint.EventDrivenConsumer       : stopped bean 'inboundFileIntegration.org.springframework.integration.config.ConsumerEndpointFactoryBean#0'; defined in: 'class path resource [com/porterhead/integration/file/FilePollingIntegrationFlow.class]'; from source: 'bean method inboundFileIntegration'
2026-04-09 15:48:43.584  INFO 70 --- [           main] o.s.i.endpoint.EventDrivenConsumer       : Removing {transformer} as a subscriber to the 'inbound-channel' channel
2026-04-09 15:48:43.585  INFO 70 --- [           main] o.s.integration.channel.DirectChannel    : Channel 'application.inbound-channel' has 0 subscriber(s).
2026-04-09 15:48:43.585  INFO 70 --- [           main] o.s.i.endpoint.EventDrivenConsumer       : stopped bean 'writeToFile.org.springframework.integration.config.ConsumerEndpointFactoryBean#0'; defined in: 'class path resource [com/porterhead/integration/writer/MessageProcessingIntegrationFlow.class]'; from source: 'bean method writeToFile'
2026-04-09 15:48:43.585  INFO 70 --- [           main] o.s.i.endpoint.EventDrivenConsumer       : Removing {file:outbound-gateway} as a subscriber to the 'writeToFile.channel#0' channel
2026-04-09 15:48:43.585  INFO 70 --- [           main] o.s.integration.channel.DirectChannel    : Channel 'application.writeToFile.channel#0' has 0 subscriber(s).
2026-04-09 15:48:43.586  INFO 70 --- [           main] o.s.i.endpoint.EventDrivenConsumer       : stopped bean 'writeToFile.org.springframework.integration.config.ConsumerEndpointFactoryBean#1'; defined in: 'class path resource [com/porterhead/integration/writer/MessageProcessingIntegrationFlow.class]'; from source: 'bean method writeToFile'
2026-04-09 15:48:43.586  INFO 70 --- [           main] o.s.i.endpoint.EventDrivenConsumer       : Removing {bridge} as a subscriber to the 'writeToFile.channel#2' channel
2026-04-09 15:48:43.586  INFO 70 --- [           main] o.s.integration.channel.DirectChannel    : Channel 'application.writeToFile.channel#2' has 0 subscriber(s).
2026-04-09 15:48:43.586  INFO 70 --- [           main] o.s.i.endpoint.EventDrivenConsumer       : stopped bean 'writeToFile.org.springframework.integration.config.ConsumerEndpointFactoryBean#2'; defined in: 'class path resource [com/porterhead/integration/writer/MessageProcessingIntegrationFlow.class]'; from source: 'bean method writeToFile'
2026-04-09 15:48:43.586  INFO 70 --- [           main] o.s.i.endpoint.EventDrivenConsumer       : Removing {logging-channel-adapter:_org.springframework.integration.errorLogger} as a subscriber to the 'errorChannel' channel
2026-04-09 15:48:43.586  INFO 70 --- [           main] o.s.i.channel.PublishSubscribeChannel    : Channel 'application.errorChannel' has 0 subscriber(s).
2026-04-09 15:48:43.586  INFO 70 --- [           main] o.s.i.endpoint.EventDrivenConsumer       : stopped bean '_org.springframework.integration.errorLogger'

  .   ____          _            __ _ _
 /\\ / ___'_ __ _ _(_)_ __  __ _ \ \ \ \
( ( )\___ | '_ | '_| | '_ \/ _` | \ \ \ \
 \\/  ___)| |_)| | | | | || (_| |  ) ) ) )
  '  |____| .__|_| |_|_| |_\__, | / / / /
 =========|_|==============|___/=/_/_/_/
 :: Spring Boot ::                (v2.6.3)

2026-04-09 15:48:43.612  INFO 70 --- [           main] c.p.integration.file.FilePollingTest     : Starting FilePollingTest using Java 11.0.16 on 022e1384c913 with PID 70 (started by root in /app)
2026-04-09 15:48:43.612  INFO 70 --- [           main] c.p.integration.file.FilePollingTest     : No active profile set, falling back to default profiles: default
2026-04-09 15:48:43.670  INFO 70 --- [           main] faultConfiguringBeanFactoryPostProcessor : No bean named 'errorChannel' has been explicitly defined. Therefore, a default PublishSubscribeChannel will be created.
2026-04-09 15:48:43.670  INFO 70 --- [           main] faultConfiguringBeanFactoryPostProcessor : No bean named 'integrationHeaderChannelRegistry' has been explicitly defined. Therefore, a default DefaultHeaderChannelRegistry will be created.
2026-04-09 15:48:43.684  INFO 70 --- [           main] trationDelegate$BeanPostProcessorChecker : Bean 'org.springframework.integration.config.IntegrationManagementConfiguration' of type [org.springframework.integration.config.IntegrationManagementConfiguration] is not eligible for getting processed by all BeanPostProcessors (for example: not eligible for auto-proxying)
2026-04-09 15:48:43.688  INFO 70 --- [           main] trationDelegate$BeanPostProcessorChecker : Bean 'integrationChannelResolver' of type [org.springframework.integration.support.channel.BeanFactoryChannelResolver] is not eligible for getting processed by all BeanPostProcessors (for example: not eligible for auto-proxying)
2026-04-09 15:48:43.824  INFO 70 --- [           main] o.s.i.endpoint.EventDrivenConsumer       : Adding {logging-channel-adapter:_org.springframework.integration.errorLogger} as a subscriber to the 'errorChannel' channel
2026-04-09 15:48:43.825  INFO 70 --- [           main] o.s.i.channel.PublishSubscribeChannel    : Channel 'application.errorChannel' has 1 subscriber(s).
2026-04-09 15:48:43.825  INFO 70 --- [           main] o.s.i.endpoint.EventDrivenConsumer       : started bean '_org.springframework.integration.errorLogger'
2026-04-09 15:48:43.825  INFO 70 --- [           main] o.s.i.endpoint.EventDrivenConsumer       : Adding {transformer} as a subscriber to the 'inboundFileIntegration.channel#0' channel
2026-04-09 15:48:43.825  INFO 70 --- [           main] o.s.integration.channel.DirectChannel    : Channel 'application.inboundFileIntegration.channel#0' has 1 subscriber(s).
2026-04-09 15:48:43.825  INFO 70 --- [           main] o.s.i.endpoint.EventDrivenConsumer       : started bean 'inboundFileIntegration.org.springframework.integration.config.ConsumerEndpointFactoryBean#0'; defined in: 'class path resource [com/porterhead/integration/file/FilePollingIntegrationFlow.class]'; from source: 'bean method inboundFileIntegration'
2026-04-09 15:48:43.825  INFO 70 --- [           main] o.s.i.endpoint.EventDrivenConsumer       : Adding {transformer} as a subscriber to the 'inbound-channel' channel
2026-04-09 15:48:43.825  INFO 70 --- [           main] o.s.integration.channel.DirectChannel    : Channel 'application.inbound-channel' has 1 subscriber(s).
2026-04-09 15:48:43.825  INFO 70 --- [           main] o.s.i.endpoint.EventDrivenConsumer       : started bean 'writeToFile.org.springframework.integration.config.ConsumerEndpointFactoryBean#0'; defined in: 'class path resource [com/porterhead/integration/writer/MessageProcessingIntegrationFlow.class]'; from source: 'bean method writeToFile'
2026-04-09 15:48:43.825  INFO 70 --- [           main] o.s.i.endpoint.EventDrivenConsumer       : Adding {file:outbound-gateway} as a subscriber to the 'writeToFile.channel#0' channel
2026-04-09 15:48:43.825  INFO 70 --- [           main] o.s.integration.channel.DirectChannel    : Channel 'application.writeToFile.channel#0' has 1 subscriber(s).
2026-04-09 15:48:43.826  INFO 70 --- [           main] o.s.i.endpoint.EventDrivenConsumer       : started bean 'writeToFile.org.springframework.integration.config.ConsumerEndpointFactoryBean#1'; defined in: 'class path resource [com/porterhead/integration/writer/MessageProcessingIntegrationFlow.class]'; from source: 'bean method writeToFile'
2026-04-09 15:48:43.826  INFO 70 --- [           main] o.s.i.endpoint.EventDrivenConsumer       : Adding {bridge} as a subscriber to the 'writeToFile.channel#2' channel
2026-04-09 15:48:43.826  INFO 70 --- [           main] o.s.integration.channel.DirectChannel    : Channel 'application.writeToFile.channel#2' has 1 subscriber(s).
2026-04-09 15:48:43.826  INFO 70 --- [           main] o.s.i.endpoint.EventDrivenConsumer       : started bean 'writeToFile.org.springframework.integration.config.ConsumerEndpointFactoryBean#2'; defined in: 'class path resource [com/porterhead/integration/writer/MessageProcessingIntegrationFlow.class]'; from source: 'bean method writeToFile'
2026-04-09 15:48:43.826  INFO 70 --- [           main] o.s.i.e.SourcePollingChannelAdapter      : started bean 'inboundFileIntegration.org.springframework.integration.config.SourcePollingChannelAdapterFactoryBean#0'; defined in: 'class path resource [com/porterhead/integration/file/FilePollingIntegrationFlow.class]'; from source: 'bean method inboundFileIntegration'
2026-04-09 15:48:43.829  INFO 70 --- [           main] c.p.integration.file.FilePollingTest     : Started FilePollingTest in 0.237 seconds (JVM running for 6.107)
2026-04-09 15:48:44.829  INFO 70 --- [ taskExecutor-2] o.s.integration.handler.LoggingHandler   : GenericMessage [payload=inbound/out/2026_04_09_15_48_44_828.txt, headers={file_originalFile=inbound/read/foo.txt, id=9456b9a7-a51b-a068-5448-adda400bdc52, file_name=foo.txt, file_relativePath=foo.txt, timestamp=1775749724829}]
2026-04-09 15:48:45.332  INFO 70 --- [           main] o.s.i.e.SourcePollingChannelAdapter      : stopped bean 'inboundFileIntegration.org.springframework.integration.config.SourcePollingChannelAdapterFactoryBean#0'; defined in: 'class path resource [com/porterhead/integration/file/FilePollingIntegrationFlow.class]'; from source: 'bean method inboundFileIntegration'
2026-04-09 15:48:45.333  INFO 70 --- [           main] o.s.i.endpoint.EventDrivenConsumer       : Removing {transformer} as a subscriber to the 'inboundFileIntegration.channel#0' channel
2026-04-09 15:48:45.333  INFO 70 --- [           main] o.s.integration.channel.DirectChannel    : Channel 'application.inboundFileIntegration.channel#0' has 0 subscriber(s).
2026-04-09 15:48:45.333  INFO 70 --- [           main] o.s.i.endpoint.EventDrivenConsumer       : stopped bean 'inboundFileIntegration.org.springframework.integration.config.ConsumerEndpointFactoryBean#0'; defined in: 'class path resource [com/porterhead/integration/file/FilePollingIntegrationFlow.class]'; from source: 'bean method inboundFileIntegration'
2026-04-09 15:48:45.333  INFO 70 --- [           main] o.s.i.endpoint.EventDrivenConsumer       : Removing {transformer} as a subscriber to the 'inbound-channel' channel
2026-04-09 15:48:45.333  INFO 70 --- [           main] o.s.integration.channel.DirectChannel    : Channel 'application.inbound-channel' has 0 subscriber(s).
2026-04-09 15:48:45.333  INFO 70 --- [           main] o.s.i.endpoint.EventDrivenConsumer       : stopped bean 'writeToFile.org.springframework.integration.config.ConsumerEndpointFactoryBean#0'; defined in: 'class path resource [com/porterhead/integration/writer/MessageProcessingIntegrationFlow.class]'; from source: 'bean method writeToFile'
2026-04-09 15:48:45.333  INFO 70 --- [           main] o.s.i.endpoint.EventDrivenConsumer       : Removing {file:outbound-gateway} as a subscriber to the 'writeToFile.channel#0' channel
2026-04-09 15:48:45.333  INFO 70 --- [           main] o.s.integration.channel.DirectChannel    : Channel 'application.writeToFile.channel#0' has 0 subscriber(s).
2026-04-09 15:48:45.333  INFO 70 --- [           main] o.s.i.endpoint.EventDrivenConsumer       : stopped bean 'writeToFile.org.springframework.integration.config.ConsumerEndpointFactoryBean#1'; defined in: 'class path resource [com/porterhead/integration/writer/MessageProcessingIntegrationFlow.class]'; from source: 'bean method writeToFile'
2026-04-09 15:48:45.333  INFO 70 --- [           main] o.s.i.endpoint.EventDrivenConsumer       : Removing {bridge} as a subscriber to the 'writeToFile.channel#2' channel
2026-04-09 15:48:45.333  INFO 70 --- [           main] o.s.integration.channel.DirectChannel    : Channel 'application.writeToFile.channel#2' has 0 subscriber(s).
2026-04-09 15:48:45.333  INFO 70 --- [           main] o.s.i.endpoint.EventDrivenConsumer       : stopped bean 'writeToFile.org.springframework.integration.config.ConsumerEndpointFactoryBean#2'; defined in: 'class path resource [com/porterhead/integration/writer/MessageProcessingIntegrationFlow.class]'; from source: 'bean method writeToFile'
2026-04-09 15:48:45.333  INFO 70 --- [           main] o.s.i.endpoint.EventDrivenConsumer       : Removing {logging-channel-adapter:_org.springframework.integration.errorLogger} as a subscriber to the 'errorChannel' channel
2026-04-09 15:48:45.333  INFO 70 --- [           main] o.s.i.channel.PublishSubscribeChannel    : Channel 'application.errorChannel' has 0 subscriber(s).
2026-04-09 15:48:45.333  INFO 70 --- [           main] o.s.i.endpoint.EventDrivenConsumer       : stopped bean '_org.springframework.integration.errorLogger'

  .   ____          _            __ _ _
 /\\ / ___'_ __ _ _(_)_ __  __ _ \ \ \ \
( ( )\___ | '_ | '_| | '_ \/ _` | \ \ \ \
 \\/  ___)| |_)| | | | | || (_| |  ) ) ) )
  '  |____| .__|_| |_|_| |_\__, | / / / /
 =========|_|==============|___/=/_/_/_/
 :: Spring Boot ::                (v2.6.3)

2026-04-09 15:48:45.353  INFO 70 --- [           main] c.p.integration.file.FilePollingTest     : Starting FilePollingTest using Java 11.0.16 on 022e1384c913 with PID 70 (started by root in /app)
2026-04-09 15:48:45.354  INFO 70 --- [           main] c.p.integration.file.FilePollingTest     : No active profile set, falling back to default profiles: default
2026-04-09 15:48:45.406  INFO 70 --- [           main] faultConfiguringBeanFactoryPostProcessor : No bean named 'errorChannel' has been explicitly defined. Therefore, a default PublishSubscribeChannel will be created.
2026-04-09 15:48:45.406  INFO 70 --- [           main] faultConfiguringBeanFactoryPostProcessor : No bean named 'integrationHeaderChannelRegistry' has been explicitly defined. Therefore, a default DefaultHeaderChannelRegistry will be created.
2026-04-09 15:48:45.418  INFO 70 --- [           main] trationDelegate$BeanPostProcessorChecker : Bean 'org.springframework.integration.config.IntegrationManagementConfiguration' of type [org.springframework.integration.config.IntegrationManagementConfiguration] is not eligible for getting processed by all BeanPostProcessors (for example: not eligible for auto-proxying)
2026-04-09 15:48:45.421  INFO 70 --- [           main] trationDelegate$BeanPostProcessorChecker : Bean 'integrationChannelResolver' of type [org.springframework.integration.support.channel.BeanFactoryChannelResolver] is not eligible for getting processed by all BeanPostProcessors (for example: not eligible for auto-proxying)
2026-04-09 15:48:45.535  INFO 70 --- [           main] o.s.i.endpoint.EventDrivenConsumer       : Adding {logging-channel-adapter:_org.springframework.integration.errorLogger} as a subscriber to the 'errorChannel' channel
2026-04-09 15:48:45.536  INFO 70 --- [           main] o.s.i.channel.PublishSubscribeChannel    : Channel 'application.errorChannel' has 1 subscriber(s).
2026-04-09 15:48:45.536  INFO 70 --- [           main] o.s.i.endpoint.EventDrivenConsumer       : started bean '_org.springframework.integration.errorLogger'
2026-04-09 15:48:45.536  INFO 70 --- [           main] o.s.i.endpoint.EventDrivenConsumer       : Adding {transformer} as a subscriber to the 'inboundFileIntegration.channel#0' channel
2026-04-09 15:48:45.536  INFO 70 --- [           main] o.s.integration.channel.DirectChannel    : Channel 'application.inboundFileIntegration.channel#0' has 1 subscriber(s).
2026-04-09 15:48:45.536  INFO 70 --- [           main] o.s.i.endpoint.EventDrivenConsumer       : started bean 'inboundFileIntegration.org.springframework.integration.config.ConsumerEndpointFactoryBean#0'; defined in: 'class path resource [com/porterhead/integration/file/FilePollingIntegrationFlow.class]'; from source: 'bean method inboundFileIntegration'
2026-04-09 15:48:45.536  INFO 70 --- [           main] o.s.i.endpoint.EventDrivenConsumer       : Adding {transformer} as a subscriber to the 'inbound-channel' channel
2026-04-09 15:48:45.536  INFO 70 --- [           main] o.s.integration.channel.DirectChannel    : Channel 'application.inbound-channel' has 1 subscriber(s).
2026-04-09 15:48:45.536  INFO 70 --- [           main] o.s.i.endpoint.EventDrivenConsumer       : started bean 'writeToFile.org.springframework.integration.config.ConsumerEndpointFactoryBean#0'; defined in: 'class path resource [com/porterhead/integration/writer/MessageProcessingIntegrationFlow.class]'; from source: 'bean method writeToFile'
2026-04-09 15:48:45.536  INFO 70 --- [           main] o.s.i.endpoint.EventDrivenConsumer       : Adding {file:outbound-gateway} as a subscriber to the 'writeToFile.channel#0' channel
2026-04-09 15:48:45.536  INFO 70 --- [           main] o.s.integration.channel.DirectChannel    : Channel 'application.writeToFile.channel#0' has 1 subscriber(s).
2026-04-09 15:48:45.536  INFO 70 --- [           main] o.s.i.endpoint.EventDrivenConsumer       : started bean 'writeToFile.org.springframework.integration.config.ConsumerEndpointFactoryBean#1'; defined in: 'class path resource [com/porterhead/integration/writer/MessageProcessingIntegrationFlow.class]'; from source: 'bean method writeToFile'
2026-04-09 15:48:45.536  INFO 70 --- [           main] o.s.i.endpoint.EventDrivenConsumer       : Adding {bridge} as a subscriber to the 'writeToFile.channel#2' channel
2026-04-09 15:48:45.536  INFO 70 --- [           main] o.s.integration.channel.DirectChannel    : Channel 'application.writeToFile.channel#2' has 1 subscriber(s).
2026-04-09 15:48:45.536  INFO 70 --- [           main] o.s.i.endpoint.EventDrivenConsumer       : started bean 'writeToFile.org.springframework.integration.config.ConsumerEndpointFactoryBean#2'; defined in: 'class path resource [com/porterhead/integration/writer/MessageProcessingIntegrationFlow.class]'; from source: 'bean method writeToFile'
2026-04-09 15:48:45.537  INFO 70 --- [           main] o.s.i.e.SourcePollingChannelAdapter      : started bean 'inboundFileIntegration.org.springframework.integration.config.SourcePollingChannelAdapterFactoryBean#0'; defined in: 'class path resource [com/porterhead/integration/file/FilePollingIntegrationFlow.class]'; from source: 'bean method inboundFileIntegration'
2026-04-09 15:48:45.538  INFO 70 --- [           main] c.p.integration.file.FilePollingTest     : Started FilePollingTest in 0.202 seconds (JVM running for 7.817)
2026-04-09 15:48:46.541 ERROR 70 --- [ taskExecutor-2] o.s.integration.handler.LoggingHandler   : org.springframework.messaging.MessageDeliveryException: failed to send Message to channel 'inbound-channel'; nested exception is java.lang.RuntimeException: Forcing an Exception to trigger rollback, failedMessage=GenericMessage [payload=This is a file that is going to be read in by a file polling process, headers={file_originalFile=inbound/read/foo.txt, id=4b7d2c95-ac27-6ea3-fc8d-bc4751abd5a0, file_name=foo.txt, file_relativePath=foo.txt, timestamp=1775749726538}]
	at org.springframework.integration.support.utils.IntegrationUtils.wrapInDeliveryExceptionIfNecessary(IntegrationUtils.java:166)
	at org.springframework.integration.channel.AbstractMessageChannel.send(AbstractMessageChannel.java:339)
	at org.springframework.integration.channel.AbstractMessageChannel.send(AbstractMessageChannel.java:272)
	at org.springframework.messaging.core.GenericMessagingTemplate.doSend(GenericMessagingTemplate.java:187)
	at org.springframework.messaging.core.GenericMessagingTemplate.doSend(GenericMessagingTemplate.java:166)
	at org.springframework.messaging.core.GenericMessagingTemplate.doSend(GenericMessagingTemplate.java:47)
	at org.springframework.messaging.core.AbstractMessageSendingTemplate.send(AbstractMessageSendingTemplate.java:109)
	at org.springframework.integration.handler.AbstractMessageProducingHandler.sendOutput(AbstractMessageProducingHandler.java:457)
	at org.springframework.integration.handler.AbstractMessageProducingHandler.doProduceOutput(AbstractMessageProducingHandler.java:325)
	at org.springframework.integration.handler.AbstractMessageProducingHandler.produceOutput(AbstractMessageProducingHandler.java:268)
	at org.springframework.integration.handler.AbstractMessageProducingHandler.sendOutputs(AbstractMessageProducingHandler.java:232)
	at org.springframework.integration.handler.AbstractReplyProducingMessageHandler.handleMessageInternal(AbstractReplyProducingMessageHandler.java:142)
	at org.springframework.integration.handler.AbstractMessageHandler.handleMessage(AbstractMessageHandler.java:56)
	at org.springframework.integration.dispatcher.AbstractDispatcher.tryOptimizedDispatch(AbstractDispatcher.java:115)
	at org.springframework.integration.dispatcher.UnicastingDispatcher.doDispatch(UnicastingDispatcher.java:133)
	at org.springframework.integration.dispatcher.UnicastingDispatcher.dispatch(UnicastingDispatcher.java:106)
	at org.springframework.integration.channel.AbstractSubscribableChannel.doSend(AbstractSubscribableChannel.java:72)
	at org.springframework.integration.channel.AbstractMessageChannel.send(AbstractMessageChannel.java:317)
	at org.springframework.integration.channel.AbstractMessageChannel.send(AbstractMessageChannel.java:272)
	at org.springframework.messaging.core.GenericMessagingTemplate.doSend(GenericMessagingTemplate.java:187)
	at org.springframework.messaging.core.GenericMessagingTemplate.doSend(GenericMessagingTemplate.java:166)
	at org.springframework.messaging.core.GenericMessagingTemplate.doSend(GenericMessagingTemplate.java:47)
	at org.springframework.messaging.core.AbstractMessageSendingTemplate.send(AbstractMessageSendingTemplate.java:109)
	at org.springframework.integration.endpoint.SourcePollingChannelAdapter.handleMessage(SourcePollingChannelAdapter.java:196)
	at org.springframework.integration.endpoint.AbstractPollingEndpoint.messageReceived(AbstractPollingEndpoint.java:475)
	at org.springframework.integration.endpoint.AbstractPollingEndpoint.doPoll(AbstractPollingEndpoint.java:461)
	at java.base/jdk.internal.reflect.NativeMethodAccessorImpl.invoke0(Native Method)
	at java.base/jdk.internal.reflect.NativeMethodAccessorImpl.invoke(NativeMethodAccessorImpl.java:62)
	at java.base/jdk.internal.reflect.DelegatingMethodAccessorImpl.invoke(DelegatingMethodAccessorImpl.java:43)
	at java.base/java.lang.reflect.Method.invoke(Method.java:566)
	at org.springframework.aop.support.AopUtils.invokeJoinpointUsingReflection(AopUtils.java:344)
	at org.springframework.aop.framework.ReflectiveMethodInvocation.invokeJoinpoint(ReflectiveMethodInvocation.java:198)
	at org.springframework.aop.framework.ReflectiveMethodInvocation.proceed(ReflectiveMethodInvocation.java:163)
	at org.springframework.transaction.interceptor.TransactionInterceptor$1.proceedWithInvocation(TransactionInterceptor.java:123)
	at org.springframework.transaction.interceptor.TransactionAspectSupport.invokeWithinTransaction(TransactionAspectSupport.java:388)
	at org.springframework.transaction.interceptor.TransactionInterceptor.invoke(TransactionInterceptor.java:119)
	at org.springframework.aop.framework.ReflectiveMethodInvocation.proceed(ReflectiveMethodInvocation.java:186)
	at org.springframework.aop.framework.JdkDynamicAopProxy.invoke(JdkDynamicAopProxy.java:215)
	at com.sun.proxy.$Proxy69.call(Unknown Source)
	at org.springframework.integration.endpoint.AbstractPollingEndpoint.pollForMessage(AbstractPollingEndpoint.java:413)
	at org.springframework.integration.endpoint.AbstractPollingEndpoint.lambda$createPoller$4(AbstractPollingEndpoint.java:348)
	at org.springframework.integration.util.ErrorHandlingTaskExecutor.lambda$execute$0(ErrorHandlingTaskExecutor.java:57)
	at java.base/java.util.concurrent.ThreadPoolExecutor.runWorker(ThreadPoolExecutor.java:1128)
	at java.base/java.util.concurrent.ThreadPoolExecutor$Worker.run(ThreadPoolExecutor.java:628)
	at java.base/java.lang.Thread.run(Thread.java:829)
Caused by: java.lang.RuntimeException: Forcing an Exception to trigger rollback
	at com.porterhead.integration.file.FilePollingTest$3.preSend(FilePollingTest.java:120)
	at org.springframework.integration.channel.AbstractMessageChannel$ChannelInterceptorList.preSend(AbstractMessageChannel.java:469)
	at org.springframework.integration.channel.AbstractMessageChannel.send(AbstractMessageChannel.java:309)
	... 43 more

2026-04-09 15:48:47.041  INFO 70 --- [           main] o.s.i.e.SourcePollingChannelAdapter      : stopped bean 'inboundFileIntegration.org.springframework.integration.config.SourcePollingChannelAdapterFactoryBean#0'; defined in: 'class path resource [com/porterhead/integration/file/FilePollingIntegrationFlow.class]'; from source: 'bean method inboundFileIntegration'
2026-04-09 15:48:47.041  INFO 70 --- [           main] o.s.i.endpoint.EventDrivenConsumer       : Removing {transformer} as a subscriber to the 'inboundFileIntegration.channel#0' channel
2026-04-09 15:48:47.041  INFO 70 --- [           main] o.s.integration.channel.DirectChannel    : Channel 'application.inboundFileIntegration.channel#0' has 0 subscriber(s).
2026-04-09 15:48:47.041  INFO 70 --- [           main] o.s.i.endpoint.EventDrivenConsumer       : stopped bean 'inboundFileIntegration.org.springframework.integration.config.ConsumerEndpointFactoryBean#0'; defined in: 'class path resource [com/porterhead/integration/file/FilePollingIntegrationFlow.class]'; from source: 'bean method inboundFileIntegration'
2026-04-09 15:48:47.042  INFO 70 --- [           main] o.s.i.endpoint.EventDrivenConsumer       : Removing {transformer} as a subscriber to the 'inbound-channel' channel
2026-04-09 15:48:47.042  INFO 70 --- [           main] o.s.integration.channel.DirectChannel    : Channel 'application.inbound-channel' has 0 subscriber(s).
2026-04-09 15:48:47.042  INFO 70 --- [           main] o.s.i.endpoint.EventDrivenConsumer       : stopped bean 'writeToFile.org.springframework.integration.config.ConsumerEndpointFactoryBean#0'; defined in: 'class path resource [com/porterhead/integration/writer/MessageProcessingIntegrationFlow.class]'; from source: 'bean method writeToFile'
2026-04-09 15:48:47.042  INFO 70 --- [           main] o.s.i.endpoint.EventDrivenConsumer       : Removing {file:outbound-gateway} as a subscriber to the 'writeToFile.channel#0' channel
2026-04-09 15:48:47.042  INFO 70 --- [           main] o.s.integration.channel.DirectChannel    : Channel 'application.writeToFile.channel#0' has 0 subscriber(s).
2026-04-09 15:48:47.042  INFO 70 --- [           main] o.s.i.endpoint.EventDrivenConsumer       : stopped bean 'writeToFile.org.springframework.integration.config.ConsumerEndpointFactoryBean#1'; defined in: 'class path resource [com/porterhead/integration/writer/MessageProcessingIntegrationFlow.class]'; from source: 'bean method writeToFile'
2026-04-09 15:48:47.042  INFO 70 --- [           main] o.s.i.endpoint.EventDrivenConsumer       : Removing {bridge} as a subscriber to the 'writeToFile.channel#2' channel
2026-04-09 15:48:47.042  INFO 70 --- [           main] o.s.integration.channel.DirectChannel    : Channel 'application.writeToFile.channel#2' has 0 subscriber(s).
2026-04-09 15:48:47.042  INFO 70 --- [           main] o.s.i.endpoint.EventDrivenConsumer       : stopped bean 'writeToFile.org.springframework.integration.config.ConsumerEndpointFactoryBean#2'; defined in: 'class path resource [com/porterhead/integration/writer/MessageProcessingIntegrationFlow.class]'; from source: 'bean method writeToFile'
2026-04-09 15:48:47.042  INFO 70 --- [           main] o.s.i.endpoint.EventDrivenConsumer       : Removing {logging-channel-adapter:_org.springframework.integration.errorLogger} as a subscriber to the 'errorChannel' channel
2026-04-09 15:48:47.042  INFO 70 --- [           main] o.s.i.channel.PublishSubscribeChannel    : Channel 'application.errorChannel' has 0 subscriber(s).
2026-04-09 15:48:47.042  INFO 70 --- [           main] o.s.i.endpoint.EventDrivenConsumer       : stopped bean '_org.springframework.integration.errorLogger'

  .   ____          _            __ _ _
 /\\ / ___'_ __ _ _(_)_ __  __ _ \ \ \ \
( ( )\___ | '_ | '_| | '_ \/ _` | \ \ \ \
 \\/  ___)| |_)| | | | | || (_| |  ) ) ) )
  '  |____| .__|_| |_|_| |_\__, | / / / /
 =========|_|==============|___/=/_/_/_/
 :: Spring Boot ::                (v2.6.3)

2026-04-09 15:48:47.062  INFO 70 --- [           main] c.p.integration.file.FilePollingTest     : Starting FilePollingTest using Java 11.0.16 on 022e1384c913 with PID 70 (started by root in /app)
2026-04-09 15:48:47.062  INFO 70 --- [           main] c.p.integration.file.FilePollingTest     : No active profile set, falling back to default profiles: default
2026-04-09 15:48:47.104  INFO 70 --- [           main] faultConfiguringBeanFactoryPostProcessor : No bean named 'errorChannel' has been explicitly defined. Therefore, a default PublishSubscribeChannel will be created.
2026-04-09 15:48:47.104  INFO 70 --- [           main] faultConfiguringBeanFactoryPostProcessor : No bean named 'integrationHeaderChannelRegistry' has been explicitly defined. Therefore, a default DefaultHeaderChannelRegistry will be created.
2026-04-09 15:48:47.114  INFO 70 --- [           main] trationDelegate$BeanPostProcessorChecker : Bean 'org.springframework.integration.config.IntegrationManagementConfiguration' of type [org.springframework.integration.config.IntegrationManagementConfiguration] is not eligible for getting processed by all BeanPostProcessors (for example: not eligible for auto-proxying)
2026-04-09 15:48:47.117  INFO 70 --- [           main] trationDelegate$BeanPostProcessorChecker : Bean 'integrationChannelResolver' of type [org.springframework.integration.support.channel.BeanFactoryChannelResolver] is not eligible for getting processed by all BeanPostProcessors (for example: not eligible for auto-proxying)
2026-04-09 15:48:47.221  INFO 70 --- [           main] o.s.i.endpoint.EventDrivenConsumer       : Adding {logging-channel-adapter:_org.springframework.integration.errorLogger} as a subscriber to the 'errorChannel' channel
2026-04-09 15:48:47.221  INFO 70 --- [           main] o.s.i.channel.PublishSubscribeChannel    : Channel 'application.errorChannel' has 1 subscriber(s).
2026-04-09 15:48:47.221  INFO 70 --- [           main] o.s.i.endpoint.EventDrivenConsumer       : started bean '_org.springframework.integration.errorLogger'
2026-04-09 15:48:47.221  INFO 70 --- [           main] o.s.i.endpoint.EventDrivenConsumer       : Adding {transformer} as a subscriber to the 'inboundFileIntegration.channel#0' channel
2026-04-09 15:48:47.221  INFO 70 --- [           main] o.s.integration.channel.DirectChannel    : Channel 'application.inboundFileIntegration.channel#0' has 1 subscriber(s).
2026-04-09 15:48:47.221  INFO 70 --- [           main] o.s.i.endpoint.EventDrivenConsumer       : started bean 'inboundFileIntegration.org.springframework.integration.config.ConsumerEndpointFactoryBean#0'; defined in: 'class path resource [com/porterhead/integration/file/FilePollingIntegrationFlow.class]'; from source: 'bean method inboundFileIntegration'
2026-04-09 15:48:47.221  INFO 70 --- [           main] o.s.i.endpoint.EventDrivenConsumer       : Adding {transformer} as a subscriber to the 'inbound-channel' channel
2026-04-09 15:48:47.222  INFO 70 --- [           main] o.s.integration.channel.DirectChannel    : Channel 'application.inbound-channel' has 1 subscriber(s).
2026-04-09 15:48:47.222  INFO 70 --- [           main] o.s.i.endpoint.EventDrivenConsumer       : started bean 'writeToFile.org.springframework.integration.config.ConsumerEndpointFactoryBean#0'; defined in: 'class path resource [com/porterhead/integration/writer/MessageProcessingIntegrationFlow.class]'; from source: 'bean method writeToFile'
2026-04-09 15:48:47.222  INFO 70 --- [           main] o.s.i.endpoint.EventDrivenConsumer       : Adding {file:outbound-gateway} as a subscriber to the 'writeToFile.channel#0' channel
2026-04-09 15:48:47.222  INFO 70 --- [           main] o.s.integration.channel.DirectChannel    : Channel 'application.writeToFile.channel#0' has 1 subscriber(s).
2026-04-09 15:48:47.222  INFO 70 --- [           main] o.s.i.endpoint.EventDrivenConsumer       : started bean 'writeToFile.org.springframework.integration.config.ConsumerEndpointFactoryBean#1'; defined in: 'class path resource [com/porterhead/integration/writer/MessageProcessingIntegrationFlow.class]'; from source: 'bean method writeToFile'
2026-04-09 15:48:47.222  INFO 70 --- [           main] o.s.i.endpoint.EventDrivenConsumer       : Adding {bridge} as a subscriber to the 'writeToFile.channel#2' channel
2026-04-09 15:48:47.222  INFO 70 --- [           main] o.s.integration.channel.DirectChannel    : Channel 'application.writeToFile.channel#2' has 1 subscriber(s).
2026-04-09 15:48:47.222  INFO 70 --- [           main] o.s.i.endpoint.EventDrivenConsumer       : started bean 'writeToFile.org.springframework.integration.config.ConsumerEndpointFactoryBean#2'; defined in: 'class path resource [com/porterhead/integration/writer/MessageProcessingIntegrationFlow.class]'; from source: 'bean method writeToFile'
2026-04-09 15:48:47.223  INFO 70 --- [           main] o.s.i.e.SourcePollingChannelAdapter      : started bean 'inboundFileIntegration.org.springframework.integration.config.SourcePollingChannelAdapterFactoryBean#0'; defined in: 'class path resource [com/porterhead/integration/file/FilePollingIntegrationFlow.class]'; from source: 'bean method inboundFileIntegration'
2026-04-09 15:48:47.224  INFO 70 --- [           main] c.p.integration.file.FilePollingTest     : Started FilePollingTest in 0.18 seconds (JVM running for 9.503)
2026-04-09 15:48:49.233  INFO 70 --- [           main] o.s.i.e.SourcePollingChannelAdapter      : stopped bean 'inboundFileIntegration.org.springframework.integration.config.SourcePollingChannelAdapterFactoryBean#0'; defined in: 'class path resource [com/porterhead/integration/file/FilePollingIntegrationFlow.class]'; from source: 'bean method inboundFileIntegration'
2026-04-09 15:48:49.233  INFO 70 --- [           main] o.s.i.endpoint.EventDrivenConsumer       : Removing {transformer} as a subscriber to the 'inboundFileIntegration.channel#0' channel
2026-04-09 15:48:49.233  INFO 70 --- [           main] o.s.integration.channel.DirectChannel    : Channel 'application.inboundFileIntegration.channel#0' has 0 subscriber(s).
2026-04-09 15:48:49.233  INFO 70 --- [           main] o.s.i.endpoint.EventDrivenConsumer       : stopped bean 'inboundFileIntegration.org.springframework.integration.config.ConsumerEndpointFactoryBean#0'; defined in: 'class path resource [com/porterhead/integration/file/FilePollingIntegrationFlow.class]'; from source: 'bean method inboundFileIntegration'
2026-04-09 15:48:49.233  INFO 70 --- [           main] o.s.i.endpoint.EventDrivenConsumer       : Removing {transformer} as a subscriber to the 'inbound-channel' channel
2026-04-09 15:48:49.233  INFO 70 --- [           main] o.s.integration.channel.DirectChannel    : Channel 'application.inbound-channel' has 0 subscriber(s).
2026-04-09 15:48:49.233  INFO 70 --- [           main] o.s.i.endpoint.EventDrivenConsumer       : stopped bean 'writeToFile.org.springframework.integration.config.ConsumerEndpointFactoryBean#0'; defined in: 'class path resource [com/porterhead/integration/writer/MessageProcessingIntegrationFlow.class]'; from source: 'bean method writeToFile'
2026-04-09 15:48:49.233  INFO 70 --- [           main] o.s.i.endpoint.EventDrivenConsumer       : Removing {file:outbound-gateway} as a subscriber to the 'writeToFile.channel#0' channel
2026-04-09 15:48:49.233  INFO 70 --- [           main] o.s.integration.channel.DirectChannel    : Channel 'application.writeToFile.channel#0' has 0 subscriber(s).
2026-04-09 15:48:49.233  INFO 70 --- [           main] o.s.i.endpoint.EventDrivenConsumer       : stopped bean 'writeToFile.org.springframework.integration.config.ConsumerEndpointFactoryBean#1'; defined in: 'class path resource [com/porterhead/integration/writer/MessageProcessingIntegrationFlow.class]'; from source: 'bean method writeToFile'
2026-04-09 15:48:49.233  INFO 70 --- [           main] o.s.i.endpoint.EventDrivenConsumer       : Removing {bridge} as a subscriber to the 'writeToFile.channel#2' channel
2026-04-09 15:48:49.233  INFO 70 --- [           main] o.s.integration.channel.DirectChannel    : Channel 'application.writeToFile.channel#2' has 0 subscriber(s).
2026-04-09 15:48:49.233  INFO 70 --- [           main] o.s.i.endpoint.EventDrivenConsumer       : stopped bean 'writeToFile.org.springframework.integration.config.ConsumerEndpointFactoryBean#2'; defined in: 'class path resource [com/porterhead/integration/writer/MessageProcessingIntegrationFlow.class]'; from source: 'bean method writeToFile'
2026-04-09 15:48:49.234  INFO 70 --- [           main] o.s.i.endpoint.EventDrivenConsumer       : Removing {logging-channel-adapter:_org.springframework.integration.errorLogger} as a subscriber to the 'errorChannel' channel
2026-04-09 15:48:49.234  INFO 70 --- [           main] o.s.i.channel.PublishSubscribeChannel    : Channel 'application.errorChannel' has 0 subscriber(s).
2026-04-09 15:48:49.234  INFO 70 --- [           main] o.s.i.endpoint.EventDrivenConsumer       : stopped bean '_org.springframework.integration.errorLogger'
[INFO] Tests run: 4, Failures: 0, Errors: 0, Skipped: 0, Time elapsed: 11.174 s - in com.porterhead.integration.file.FilePollingTest
[INFO] 
[INFO] Results:
[INFO] 
[INFO] Tests run: 4, Failures: 0, Errors: 0, Skipped: 0
[INFO] 
[INFO] 
[INFO] --- jacoco-maven-plugin:0.8.11:report (report) @ spring-file-poller ---
[INFO] Loading execution data file /app/target/jacoco.exec
[INFO] Analyzed bundle 'File Polling Service' with 5 classes
[INFO] 
[INFO] --- jacoco-maven-plugin:0.8.11:report (default-cli) @ spring-file-poller ---
[INFO] Loading execution data file /app/target/jacoco.exec
[INFO] Analyzed bundle 'File Polling Service' with 5 classes
[INFO] ------------------------------------------------------------------------
[INFO] BUILD SUCCESS
[INFO] ------------------------------------------------------------------------
[INFO] Total time:  13.761 s
[INFO] Finished at: 2026-04-09T15:48:49Z
[INFO] ------------------------------------------------------------------------
