[INFO] Scanning for projects...
[INFO] 
[INFO] ----------------------< com.example:DemoGraphQL >-----------------------
[INFO] Building DemoGraphQL 0.0.1-SNAPSHOT
[INFO] --------------------------------[ jar ]---------------------------------
[INFO] 
[INFO] --- maven-clean-plugin:3.1.0:clean (default-clean) @ DemoGraphQL ---
[INFO] Deleting /app/target
[INFO] 
[INFO] --- jacoco-maven-plugin:0.8.11:prepare-agent (default) @ DemoGraphQL ---
[INFO] argLine set to -javaagent:/root/.m2/repository/org/jacoco/org.jacoco.agent/0.8.11/org.jacoco.agent-0.8.11-runtime.jar=destfile=/app/target/jacoco.exec
[INFO] 
[INFO] --- lombok-maven-plugin:1.18.20.0:delombok (default) @ DemoGraphQL ---
[WARNING] Skipping Delombok; no source to process.
[INFO] 
[INFO] --- maven-resources-plugin:3.2.0:resources (default-resources) @ DemoGraphQL ---
[INFO] Using 'UTF-8' encoding to copy filtered resources.
[INFO] Using 'UTF-8' encoding to copy filtered properties files.
[INFO] Copying 3 resources
[INFO] 
[INFO] --- maven-compiler-plugin:3.8.1:compile (default-compile) @ DemoGraphQL ---
[INFO] Changes detected - recompiling the module!
[INFO] Compiling 11 source files to /app/target/classes
[INFO] 
[INFO] --- build-helper-maven-plugin:3.3.0:add-test-source (add-kex-test-source) @ DemoGraphQL ---
[INFO] Test Source directory: /app/src/test/java/kex-tests added.
[INFO] 
[INFO] --- maven-resources-plugin:3.2.0:testResources (default-testResources) @ DemoGraphQL ---
[INFO] Using 'UTF-8' encoding to copy filtered resources.
[INFO] Using 'UTF-8' encoding to copy filtered properties files.
[INFO] skip non existing resourceDirectory /app/src/test/resources
[INFO] 
[INFO] --- maven-compiler-plugin:3.8.1:testCompile (default-testCompile) @ DemoGraphQL ---
[INFO] Changes detected - recompiling the module!
[INFO] Compiling 2 source files to /app/target/test-classes
[INFO] 
[INFO] --- maven-surefire-plugin:2.22.2:test (default-test) @ DemoGraphQL ---
[INFO] 
[INFO] -------------------------------------------------------
[INFO]  T E S T S
[INFO] -------------------------------------------------------
[INFO] Running com.example.DemoGraphQL.resolver.QueryTest
15:46:41.491 [main] DEBUG org.springframework.test.context.BootstrapUtils - Instantiating CacheAwareContextLoaderDelegate from class [org.springframework.test.context.cache.DefaultCacheAwareContextLoaderDelegate]
15:46:41.509 [main] DEBUG org.springframework.test.context.BootstrapUtils - Instantiating BootstrapContext using constructor [public org.springframework.test.context.support.DefaultBootstrapContext(java.lang.Class,org.springframework.test.context.CacheAwareContextLoaderDelegate)]
15:46:41.573 [main] DEBUG org.springframework.test.context.BootstrapUtils - Instantiating TestContextBootstrapper for test class [com.example.DemoGraphQL.resolver.QueryTest] from class [org.springframework.boot.test.context.SpringBootTestContextBootstrapper]
15:46:41.589 [main] INFO org.springframework.boot.test.context.SpringBootTestContextBootstrapper - Neither @ContextConfiguration nor @ContextHierarchy found for test class [com.example.DemoGraphQL.resolver.QueryTest], using SpringBootContextLoader
15:46:41.597 [main] DEBUG org.springframework.test.context.support.AbstractContextLoader - Did not detect default resource location for test class [com.example.DemoGraphQL.resolver.QueryTest]: class path resource [com/example/DemoGraphQL/resolver/QueryTest-context.xml] does not exist
15:46:41.598 [main] DEBUG org.springframework.test.context.support.AbstractContextLoader - Did not detect default resource location for test class [com.example.DemoGraphQL.resolver.QueryTest]: class path resource [com/example/DemoGraphQL/resolver/QueryTestContext.groovy] does not exist
15:46:41.598 [main] INFO org.springframework.test.context.support.AbstractContextLoader - Could not detect default resource locations for test class [com.example.DemoGraphQL.resolver.QueryTest]: no resource found for suffixes {-context.xml, Context.groovy}.
15:46:41.599 [main] INFO org.springframework.test.context.support.AnnotationConfigContextLoaderUtils - Could not detect default configuration classes for test class [com.example.DemoGraphQL.resolver.QueryTest]: QueryTest does not declare any static, non-private, non-final, nested classes annotated with @Configuration.
15:46:41.655 [main] DEBUG org.springframework.test.context.support.ActiveProfilesUtils - Could not find an 'annotation declaring class' for annotation type [org.springframework.test.context.ActiveProfiles] and class [com.example.DemoGraphQL.resolver.QueryTest]
15:46:41.735 [main] DEBUG org.springframework.context.annotation.ClassPathScanningCandidateComponentProvider - Identified candidate component class: file [/app/target/classes/com/example/DemoGraphQL/DemoGraphQlApplication.class]
15:46:41.739 [main] INFO org.springframework.boot.test.context.SpringBootTestContextBootstrapper - Found @SpringBootConfiguration com.example.DemoGraphQL.DemoGraphQlApplication for test class com.example.DemoGraphQL.resolver.QueryTest
15:46:41.859 [main] DEBUG org.springframework.boot.test.context.SpringBootTestContextBootstrapper - @TestExecutionListeners is not present for class [com.example.DemoGraphQL.resolver.QueryTest]: using defaults.
15:46:41.860 [main] INFO org.springframework.boot.test.context.SpringBootTestContextBootstrapper - Loaded default TestExecutionListener class names from location [META-INF/spring.factories]: [org.springframework.boot.test.mock.mockito.MockitoTestExecutionListener, org.springframework.boot.test.mock.mockito.ResetMocksTestExecutionListener, org.springframework.boot.test.autoconfigure.restdocs.RestDocsTestExecutionListener, org.springframework.boot.test.autoconfigure.web.client.MockRestServiceServerResetTestExecutionListener, org.springframework.boot.test.autoconfigure.web.servlet.MockMvcPrintOnlyOnFailureTestExecutionListener, org.springframework.boot.test.autoconfigure.web.servlet.WebDriverTestExecutionListener, org.springframework.boot.test.autoconfigure.webservices.client.MockWebServiceServerTestExecutionListener, org.springframework.test.context.web.ServletTestExecutionListener, org.springframework.test.context.support.DirtiesContextBeforeModesTestExecutionListener, org.springframework.test.context.event.ApplicationEventsTestExecutionListener, org.springframework.test.context.support.DependencyInjectionTestExecutionListener, org.springframework.test.context.support.DirtiesContextTestExecutionListener, org.springframework.test.context.transaction.TransactionalTestExecutionListener, org.springframework.test.context.jdbc.SqlScriptsTestExecutionListener, org.springframework.test.context.event.EventPublishingTestExecutionListener]
15:46:41.882 [main] INFO org.springframework.boot.test.context.SpringBootTestContextBootstrapper - Using TestExecutionListeners: [org.springframework.test.context.web.ServletTestExecutionListener@5de335cf, org.springframework.test.context.support.DirtiesContextBeforeModesTestExecutionListener@1e029a04, org.springframework.test.context.event.ApplicationEventsTestExecutionListener@50e8ed74, org.springframework.boot.test.mock.mockito.MockitoTestExecutionListener@74eab077, org.springframework.boot.test.autoconfigure.SpringBootDependencyInjectionTestExecutionListener@3063be68, org.springframework.test.context.support.DirtiesContextTestExecutionListener@3a3bc0da, org.springframework.test.context.transaction.TransactionalTestExecutionListener@2d2f09a4, org.springframework.test.context.jdbc.SqlScriptsTestExecutionListener@c677d7e, org.springframework.test.context.event.EventPublishingTestExecutionListener@215a0264, org.springframework.boot.test.mock.mockito.ResetMocksTestExecutionListener@45832b85, org.springframework.boot.test.autoconfigure.restdocs.RestDocsTestExecutionListener@103478b8, org.springframework.boot.test.autoconfigure.web.client.MockRestServiceServerResetTestExecutionListener@270f7b4d, org.springframework.boot.test.autoconfigure.web.servlet.MockMvcPrintOnlyOnFailureTestExecutionListener@56b704ea, org.springframework.boot.test.autoconfigure.web.servlet.WebDriverTestExecutionListener@ab4d2ba, org.springframework.boot.test.autoconfigure.webservices.client.MockWebServiceServerTestExecutionListener@39f68aec]
15:46:41.887 [main] DEBUG org.springframework.test.context.support.AbstractDirtiesContextTestExecutionListener - Before test class: context [DefaultTestContext@7438c3d5 testClass = QueryTest, testInstance = [null], testMethod = [null], testException = [null], mergedContextConfiguration = [WebMergedContextConfiguration@1fba3fd6 testClass = QueryTest, locations = '{}', classes = '{class com.example.DemoGraphQL.DemoGraphQlApplication}', contextInitializerClasses = '[]', activeProfiles = '{}', propertySourceLocations = '{}', propertySourceProperties = '{org.springframework.boot.test.context.SpringBootTestContextBootstrapper=true, server.port=0}', contextCustomizers = set[[ImportsContextCustomizer@3aab42d6 key = [@org.springframework.context.annotation.Import(value={org.springframework.boot.autoconfigure.AutoConfigurationImportSelector.class}), @org.springframework.boot.autoconfigure.EnableAutoConfiguration(excludeName={}, exclude={}), @org.springframework.context.annotation.Import(value={org.springframework.boot.autoconfigure.AutoConfigurationPackages$Registrar.class}), @org.springframework.boot.test.context.SpringBootTest(args={}, webEnvironment=RANDOM_PORT, value={}, properties={}, classes={}), @org.springframework.boot.autoconfigure.AutoConfigurationPackage(basePackages={}, basePackageClasses={}), @org.springframework.test.context.BootstrapWith(value=org.springframework.boot.test.context.SpringBootTestContextBootstrapper.class)]], org.springframework.boot.test.context.filter.ExcludeFilterContextCustomizer@55c57422, org.springframework.boot.test.json.DuplicateJsonObjectContextCustomizerFactory$DuplicateJsonObjectContextCustomizer@108e9837, org.springframework.boot.test.mock.mockito.MockitoContextCustomizer@0, org.springframework.boot.test.web.client.TestRestTemplateContextCustomizer@10177794, org.springframework.boot.test.autoconfigure.actuate.metrics.MetricsExportContextCustomizerFactory$DisableMetricExportContextCustomizer@8fd91d1, org.springframework.boot.test.autoconfigure.properties.PropertyMappingContextCustomizer@0, org.springframework.boot.test.autoconfigure.web.servlet.WebDriverContextCustomizerFactory$Customizer@1f4f0fcc, org.springframework.boot.test.context.SpringBootTestArgs@1, org.springframework.boot.test.context.SpringBootTestWebEnvironment@6fff253c], resourceBasePath = 'src/main/webapp', contextLoader = 'org.springframework.boot.test.context.SpringBootContextLoader', parent = [null]], attributes = map['org.springframework.test.context.web.ServletTestExecutionListener.activateListener' -> false]], class annotated with @DirtiesContext [false] with mode [null].
15:46:41.901 [main] DEBUG org.springframework.test.context.support.DependencyInjectionTestExecutionListener - Performing dependency injection for test context [[DefaultTestContext@7438c3d5 testClass = QueryTest, testInstance = com.example.DemoGraphQL.resolver.QueryTest@2f262474, testMethod = [null], testException = [null], mergedContextConfiguration = [WebMergedContextConfiguration@1fba3fd6 testClass = QueryTest, locations = '{}', classes = '{class com.example.DemoGraphQL.DemoGraphQlApplication}', contextInitializerClasses = '[]', activeProfiles = '{}', propertySourceLocations = '{}', propertySourceProperties = '{org.springframework.boot.test.context.SpringBootTestContextBootstrapper=true, server.port=0}', contextCustomizers = set[[ImportsContextCustomizer@3aab42d6 key = [@org.springframework.context.annotation.Import(value={org.springframework.boot.autoconfigure.AutoConfigurationImportSelector.class}), @org.springframework.boot.autoconfigure.EnableAutoConfiguration(excludeName={}, exclude={}), @org.springframework.context.annotation.Import(value={org.springframework.boot.autoconfigure.AutoConfigurationPackages$Registrar.class}), @org.springframework.boot.test.context.SpringBootTest(args={}, webEnvironment=RANDOM_PORT, value={}, properties={}, classes={}), @org.springframework.boot.autoconfigure.AutoConfigurationPackage(basePackages={}, basePackageClasses={}), @org.springframework.test.context.BootstrapWith(value=org.springframework.boot.test.context.SpringBootTestContextBootstrapper.class)]], org.springframework.boot.test.context.filter.ExcludeFilterContextCustomizer@55c57422, org.springframework.boot.test.json.DuplicateJsonObjectContextCustomizerFactory$DuplicateJsonObjectContextCustomizer@108e9837, org.springframework.boot.test.mock.mockito.MockitoContextCustomizer@0, org.springframework.boot.test.web.client.TestRestTemplateContextCustomizer@10177794, org.springframework.boot.test.autoconfigure.actuate.metrics.MetricsExportContextCustomizerFactory$DisableMetricExportContextCustomizer@8fd91d1, org.springframework.boot.test.autoconfigure.properties.PropertyMappingContextCustomizer@0, org.springframework.boot.test.autoconfigure.web.servlet.WebDriverContextCustomizerFactory$Customizer@1f4f0fcc, org.springframework.boot.test.context.SpringBootTestArgs@1, org.springframework.boot.test.context.SpringBootTestWebEnvironment@6fff253c], resourceBasePath = 'src/main/webapp', contextLoader = 'org.springframework.boot.test.context.SpringBootContextLoader', parent = [null]], attributes = map['org.springframework.test.context.web.ServletTestExecutionListener.activateListener' -> false, 'org.springframework.test.context.event.ApplicationEventsTestExecutionListener.recordApplicationEvents' -> false]]].

  .   ____          _            __ _ _
 /\\ / ___'_ __ _ _(_)_ __  __ _ \ \ \ \
( ( )\___ | '_ | '_| | '_ \/ _` | \ \ \ \
 \\/  ___)| |_)| | | | | || (_| |  ) ) ) )
  '  |____| .__|_| |_|_| |_\__, | / / / /
 =========|_|==============|___/=/_/_/_/
 :: Spring Boot ::                (v2.6.3)

2026-04-09 15:46:42.445  INFO 70 --- [           main] c.e.DemoGraphQL.resolver.QueryTest       : Starting QueryTest using Java 11.0.16 on 3466580a8ccb with PID 70 (started by root in /app)
2026-04-09 15:46:42.445  INFO 70 --- [           main] c.e.DemoGraphQL.resolver.QueryTest       : No active profile set, falling back to default profiles: default
2026-04-09 15:46:43.513  INFO 70 --- [           main] .s.d.r.c.RepositoryConfigurationDelegate : Bootstrapping Spring Data JPA repositories in DEFAULT mode.
2026-04-09 15:46:43.568  INFO 70 --- [           main] .s.d.r.c.RepositoryConfigurationDelegate : Finished Spring Data repository scanning in 47 ms. Found 2 JPA repository interfaces.
2026-04-09 15:46:44.279  INFO 70 --- [           main] o.s.b.w.embedded.tomcat.TomcatWebServer  : Tomcat initialized with port(s): 0 (http)
2026-04-09 15:46:44.291  INFO 70 --- [           main] o.apache.catalina.core.StandardService   : Starting service [Tomcat]
2026-04-09 15:46:44.291  INFO 70 --- [           main] org.apache.catalina.core.StandardEngine  : Starting Servlet engine: [Apache Tomcat/9.0.56]
2026-04-09 15:46:44.370  INFO 70 --- [           main] o.a.c.c.C.[Tomcat].[localhost].[/]       : Initializing Spring embedded WebApplicationContext
2026-04-09 15:46:44.370  INFO 70 --- [           main] w.s.c.ServletWebServerApplicationContext : Root WebApplicationContext: initialization completed in 1901 ms
2026-04-09 15:46:44.717  INFO 70 --- [           main] o.hibernate.jpa.internal.util.LogHelper  : HHH000204: Processing PersistenceUnitInfo [name: default]
2026-04-09 15:46:44.773  INFO 70 --- [           main] org.hibernate.Version                    : HHH000412: Hibernate ORM core version 5.6.4.Final
2026-04-09 15:46:44.940  INFO 70 --- [           main] o.hibernate.annotations.common.Version   : HCANN000001: Hibernate Commons Annotations {5.1.2.Final}
2026-04-09 15:46:45.044  INFO 70 --- [           main] com.zaxxer.hikari.HikariDataSource       : HikariPool-1 - Starting...
2026-04-09 15:46:45.276  INFO 70 --- [           main] com.zaxxer.hikari.HikariDataSource       : HikariPool-1 - Start completed.
2026-04-09 15:46:45.299  INFO 70 --- [           main] org.hibernate.dialect.Dialect            : HHH000400: Using dialect: org.hibernate.dialect.H2Dialect
select * from INFORMATION_SCHEMA.SEQUENCES
create table author (author_id bigint not null, author_first_name varchar(255) not null, author_last_name varchar(255) not null, primary key (author_id))
create table book (book_id bigint not null, book_isbn varchar(255) not null, book_page_count integer not null, book_title varchar(255) not null, author_id bigint not null, primary key (book_id))
create sequence hibernate_sequence start with 1 increment by 1
alter table book add constraint FKklnrv3weler2ftkweewlky958 foreign key (author_id) references author
2026-04-09 15:46:46.036  INFO 70 --- [           main] o.h.e.t.j.p.i.JtaPlatformInitiator       : HHH000490: Using JtaPlatform implementation: [org.hibernate.engine.transaction.jta.platform.internal.NoJtaPlatform]
2026-04-09 15:46:46.045  INFO 70 --- [           main] j.LocalContainerEntityManagerFactoryBean : Initialized JPA EntityManagerFactory for persistence unit 'default'
2026-04-09 15:46:47.258  INFO 70 --- [           main] o.s.b.a.h2.H2ConsoleAutoConfiguration    : H2 console available at '/h2-console'. Database available at 'jdbc:h2:mem:testdb'
2026-04-09 15:46:47.427  WARN 70 --- [           main] JpaBaseConfiguration$JpaWebConfiguration : spring.jpa.open-in-view is enabled by default. Therefore, database queries may be performed during view rendering. Explicitly configure spring.jpa.open-in-view to disable this warning
2026-04-09 15:46:48.104  INFO 70 --- [           main] o.s.b.a.e.web.EndpointLinksResolver      : Exposing 1 endpoint(s) beneath base path '/actuator'
2026-04-09 15:46:48.160  INFO 70 --- [           main] o.s.b.w.embedded.tomcat.TomcatWebServer  : Tomcat started on port(s): 39321 (http) with context path ''
2026-04-09 15:46:48.172  INFO 70 --- [           main] c.e.DemoGraphQL.resolver.QueryTest       : Started QueryTest in 6.236 seconds (JVM running for 7.449)
call next value for hibernate_sequence
insert into author (author_first_name, author_last_name, author_id) values ('Herbert', 'Schildt', 1)

call next value for hibernate_sequence
insert into book (author_id, book_isbn, book_page_count, book_title, book_id) values (1, '0071809252', 728, 'Java: A Beginner''s Guide, Sixth Edition', 2)

[INFO] Tests run: 1, Failures: 0, Errors: 0, Skipped: 0, Time elapsed: 6.909 s - in com.example.DemoGraphQL.resolver.QueryTest
[INFO] Running com.example.DemoGraphQL.DemoGraphQlApplicationTests
2026-04-09 15:46:48.322  INFO 70 --- [           main] .b.t.c.SpringBootTestContextBootstrapper : Neither @ContextConfiguration nor @ContextHierarchy found for test class [com.example.DemoGraphQL.DemoGraphQlApplicationTests], using SpringBootContextLoader
2026-04-09 15:46:48.322  INFO 70 --- [           main] o.s.t.c.support.AbstractContextLoader    : Could not detect default resource locations for test class [com.example.DemoGraphQL.DemoGraphQlApplicationTests]: no resource found for suffixes {-context.xml, Context.groovy}.
2026-04-09 15:46:48.326  INFO 70 --- [           main] .b.t.c.SpringBootTestContextBootstrapper : Loaded default TestExecutionListener class names from location [META-INF/spring.factories]: [org.springframework.boot.test.mock.mockito.MockitoTestExecutionListener, org.springframework.boot.test.mock.mockito.ResetMocksTestExecutionListener, org.springframework.boot.test.autoconfigure.restdocs.RestDocsTestExecutionListener, org.springframework.boot.test.autoconfigure.web.client.MockRestServiceServerResetTestExecutionListener, org.springframework.boot.test.autoconfigure.web.servlet.MockMvcPrintOnlyOnFailureTestExecutionListener, org.springframework.boot.test.autoconfigure.web.servlet.WebDriverTestExecutionListener, org.springframework.boot.test.autoconfigure.webservices.client.MockWebServiceServerTestExecutionListener, org.springframework.test.context.web.ServletTestExecutionListener, org.springframework.test.context.support.DirtiesContextBeforeModesTestExecutionListener, org.springframework.test.context.event.ApplicationEventsTestExecutionListener, org.springframework.test.context.support.DependencyInjectionTestExecutionListener, org.springframework.test.context.support.DirtiesContextTestExecutionListener, org.springframework.test.context.transaction.TransactionalTestExecutionListener, org.springframework.test.context.jdbc.SqlScriptsTestExecutionListener, org.springframework.test.context.event.EventPublishingTestExecutionListener]
2026-04-09 15:46:48.326  INFO 70 --- [           main] .b.t.c.SpringBootTestContextBootstrapper : Using TestExecutionListeners: [org.springframework.test.context.web.ServletTestExecutionListener@147eef80, org.springframework.test.context.support.DirtiesContextBeforeModesTestExecutionListener@660b881e, org.springframework.test.context.event.ApplicationEventsTestExecutionListener@2506d1f6, org.springframework.boot.test.mock.mockito.MockitoTestExecutionListener@47244b80, org.springframework.boot.test.autoconfigure.SpringBootDependencyInjectionTestExecutionListener@2445ae0b, org.springframework.test.context.support.DirtiesContextTestExecutionListener@1eb499e5, org.springframework.test.context.transaction.TransactionalTestExecutionListener@dae62a4, org.springframework.test.context.jdbc.SqlScriptsTestExecutionListener@68b350da, org.springframework.test.context.event.EventPublishingTestExecutionListener@618f9e31, org.springframework.boot.test.mock.mockito.ResetMocksTestExecutionListener@5bce5854, org.springframework.boot.test.autoconfigure.restdocs.RestDocsTestExecutionListener@250baacb, org.springframework.boot.test.autoconfigure.web.client.MockRestServiceServerResetTestExecutionListener@57cc1b30, org.springframework.boot.test.autoconfigure.web.servlet.MockMvcPrintOnlyOnFailureTestExecutionListener@4aaf69ee, org.springframework.boot.test.autoconfigure.web.servlet.WebDriverTestExecutionListener@638a8417, org.springframework.boot.test.autoconfigure.webservices.client.MockWebServiceServerTestExecutionListener@1baf375f]

  .   ____          _            __ _ _
 /\\ / ___'_ __ _ _(_)_ __  __ _ \ \ \ \
( ( )\___ | '_ | '_| | '_ \/ _` | \ \ \ \
 \\/  ___)| |_)| | | | | || (_| |  ) ) ) )
  '  |____| .__|_| |_|_| |_\__, | / / / /
 =========|_|==============|___/=/_/_/_/
 :: Spring Boot ::                (v2.6.3)

2026-04-09 15:46:48.360  INFO 70 --- [           main] c.e.D.DemoGraphQlApplicationTests        : Starting DemoGraphQlApplicationTests using Java 11.0.16 on 3466580a8ccb with PID 70 (started by root in /app)
2026-04-09 15:46:48.360  INFO 70 --- [           main] c.e.D.DemoGraphQlApplicationTests        : No active profile set, falling back to default profiles: default
2026-04-09 15:46:48.538  INFO 70 --- [           main] .s.d.r.c.RepositoryConfigurationDelegate : Bootstrapping Spring Data JPA repositories in DEFAULT mode.
2026-04-09 15:46:48.546  INFO 70 --- [           main] .s.d.r.c.RepositoryConfigurationDelegate : Finished Spring Data repository scanning in 7 ms. Found 2 JPA repository interfaces.
2026-04-09 15:46:48.664  INFO 70 --- [           main] o.s.b.w.embedded.tomcat.TomcatWebServer  : Tomcat initialized with port(s): 0 (http)
2026-04-09 15:46:48.664  INFO 70 --- [           main] o.apache.catalina.core.StandardService   : Starting service [Tomcat]
2026-04-09 15:46:48.665  INFO 70 --- [           main] org.apache.catalina.core.StandardEngine  : Starting Servlet engine: [Apache Tomcat/9.0.56]
2026-04-09 15:46:48.675  INFO 70 --- [           main] o.a.c.c.C.[Tomcat-1].[localhost].[/]     : Initializing Spring embedded WebApplicationContext
2026-04-09 15:46:48.675  INFO 70 --- [           main] w.s.c.ServletWebServerApplicationContext : Root WebApplicationContext: initialization completed in 314 ms
2026-04-09 15:46:48.733  INFO 70 --- [           main] c.g.g.b.j.d.p6spy.P6SpyConfiguration     : P6Spy modulelist is overridden, some p6spy configuration features will not be applied
2026-04-09 15:46:48.738  INFO 70 --- [           main] com.zaxxer.hikari.HikariDataSource       : HikariPool-2 - Starting...
2026-04-09 15:46:48.739  INFO 70 --- [           main] com.zaxxer.hikari.HikariDataSource       : HikariPool-2 - Start completed.
2026-04-09 15:46:48.739  INFO 70 --- [           main] o.s.b.a.h2.H2ConsoleAutoConfiguration    : H2 console available at '/h2-console'. Database available at 'jdbc:h2:mem:testdb'
2026-04-09 15:46:48.807  INFO 70 --- [           main] o.hibernate.jpa.internal.util.LogHelper  : HHH000204: Processing PersistenceUnitInfo [name: default]
2026-04-09 15:46:48.810  INFO 70 --- [           main] org.hibernate.dialect.Dialect            : HHH000400: Using dialect: org.hibernate.dialect.H2Dialect
select * from INFORMATION_SCHEMA.SEQUENCES
select * from "TESTDB"."PUBLIC"."AUTHOR" where 1=0
2026-04-09 15:46:48.886  INFO 70 --- [           main] o.h.e.t.j.p.i.JtaPlatformInitiator       : HHH000490: Using JtaPlatform implementation: [org.hibernate.engine.transaction.jta.platform.internal.NoJtaPlatform]
2026-04-09 15:46:48.886  INFO 70 --- [           main] j.LocalContainerEntityManagerFactoryBean : Initialized JPA EntityManagerFactory for persistence unit 'default'
2026-04-09 15:46:48.917  WARN 70 --- [           main] JpaBaseConfiguration$JpaWebConfiguration : spring.jpa.open-in-view is enabled by default. Therefore, database queries may be performed during view rendering. Explicitly configure spring.jpa.open-in-view to disable this warning
2026-04-09 15:46:49.231  INFO 70 --- [           main] o.s.b.a.e.web.EndpointLinksResolver      : Exposing 1 endpoint(s) beneath base path '/actuator'
2026-04-09 15:46:49.253  INFO 70 --- [           main] o.s.b.w.embedded.tomcat.TomcatWebServer  : Tomcat started on port(s): 40899 (http) with context path ''
2026-04-09 15:46:49.258  INFO 70 --- [           main] c.e.D.DemoGraphQlApplicationTests        : Started DemoGraphQlApplicationTests in 0.928 seconds (JVM running for 8.534)
SELECT `VALUE` FROM INFORMATION_SCHEMA.SETTINGS WHERE NAME = 'CREATE_BUILD'
SELECT 1
[INFO] Tests run: 4, Failures: 0, Errors: 0, Skipped: 0, Time elapsed: 1.046 s - in com.example.DemoGraphQL.DemoGraphQlApplicationTests
2026-04-09 15:46:49.553  INFO 70 --- [ionShutdownHook] j.LocalContainerEntityManagerFactoryBean : Closing JPA EntityManagerFactory for persistence unit 'default'
2026-04-09 15:46:49.555  INFO 70 --- [ionShutdownHook] com.zaxxer.hikari.HikariDataSource       : HikariPool-1 - Shutdown initiated...
2026-04-09 15:46:49.558  INFO 70 --- [ionShutdownHook] com.zaxxer.hikari.HikariDataSource       : HikariPool-1 - Shutdown completed.
2026-04-09 15:46:49.567  INFO 70 --- [ionShutdownHook] j.LocalContainerEntityManagerFactoryBean : Closing JPA EntityManagerFactory for persistence unit 'default'
2026-04-09 15:46:49.569  INFO 70 --- [ionShutdownHook] com.zaxxer.hikari.HikariDataSource       : HikariPool-2 - Shutdown initiated...
2026-04-09 15:46:49.571  INFO 70 --- [ionShutdownHook] com.zaxxer.hikari.HikariDataSource       : HikariPool-2 - Shutdown completed.
[INFO] 
[INFO] Results:
[INFO] 
[INFO] Tests run: 5, Failures: 0, Errors: 0, Skipped: 0
[INFO] 
[INFO] 
[INFO] --- jacoco-maven-plugin:0.8.11:report (report) @ DemoGraphQL ---
[INFO] Loading execution data file /app/target/jacoco.exec
[INFO] Analyzed bundle 'DemoGraphQL' with 11 classes
[INFO] 
[INFO] --- jacoco-maven-plugin:0.8.11:report (default-cli) @ DemoGraphQL ---
[INFO] Loading execution data file /app/target/jacoco.exec
[INFO] Analyzed bundle 'DemoGraphQL' with 11 classes
[INFO] ------------------------------------------------------------------------
[INFO] BUILD SUCCESS
[INFO] ------------------------------------------------------------------------
[INFO] Total time:  12.225 s
[INFO] Finished at: 2026-04-09T15:46:50Z
[INFO] ------------------------------------------------------------------------
