[INFO] Scanning for projects...
[WARNING] 
[WARNING] Some problems were encountered while building the effective model for io.basquiat:interface-bbuljit:jar:0.0.1-SNAPSHOT
[WARNING] 'dependencies.dependency.version' for org.jetbrains:annotations:jar is either LATEST or RELEASE (both of them are being deprecated) @ line 58, column 22
[WARNING] 
[WARNING] It is highly recommended to fix these problems because they threaten the stability of your build.
[WARNING] 
[WARNING] For this reason, future Maven versions might no longer support building such malformed projects.
[WARNING] 
[INFO] 
[INFO] -------------------< io.basquiat:interface-bbuljit >--------------------
[INFO] Building interface-bbuljit 0.0.1-SNAPSHOT
[INFO] --------------------------------[ jar ]---------------------------------
[INFO] 
[INFO] --- maven-clean-plugin:3.2.0:clean (default-clean) @ interface-bbuljit ---
[INFO] Deleting /app/target
[INFO] 
[INFO] --- jacoco-maven-plugin:0.8.11:prepare-agent (default) @ interface-bbuljit ---
[INFO] argLine set to -javaagent:/root/.m2/repository/org/jacoco/org.jacoco.agent/0.8.11/org.jacoco.agent-0.8.11-runtime.jar=destfile=/app/target/jacoco.exec
[INFO] 
[INFO] --- maven-resources-plugin:3.2.0:resources (default-resources) @ interface-bbuljit ---
[INFO] Using 'UTF-8' encoding to copy filtered resources.
[INFO] Using 'UTF-8' encoding to copy filtered properties files.
[INFO] Copying 1 resource
[INFO] Copying 0 resource
[INFO] 
[INFO] --- maven-compiler-plugin:3.10.1:compile (default-compile) @ interface-bbuljit ---
[INFO] Changes detected - recompiling the module!
[INFO] Compiling 16 source files to /app/target/classes
[INFO] /app/src/main/java/io/basquiat/interfacebbuljit/noodle/utils/BeansUtils.java: /app/src/main/java/io/basquiat/interfacebbuljit/noodle/utils/BeansUtils.java uses unchecked or unsafe operations.
[INFO] /app/src/main/java/io/basquiat/interfacebbuljit/noodle/utils/BeansUtils.java: Recompile with -Xlint:unchecked for details.
[INFO] 
[INFO] --- build-helper-maven-plugin:3.3.0:add-test-source (add-kex-test-source) @ interface-bbuljit ---
[INFO] Test Source directory: /app/src/test/java/kex-tests added.
[INFO] 
[INFO] --- maven-resources-plugin:3.2.0:testResources (default-testResources) @ interface-bbuljit ---
[INFO] Using 'UTF-8' encoding to copy filtered resources.
[INFO] Using 'UTF-8' encoding to copy filtered properties files.
[INFO] skip non existing resourceDirectory /app/src/test/resources
[INFO] 
[INFO] --- maven-compiler-plugin:3.10.1:testCompile (default-testCompile) @ interface-bbuljit ---
[INFO] Changes detected - recompiling the module!
[INFO] Compiling 133 source files to /app/target/test-classes
[WARNING] /app/src/test/java/kex-tests/tests/io/basquiat/interfacebbuljit/noodle/code/ReflectionUtils.java:[9,16] sun.misc.Unsafe is internal proprietary API and may be removed in a future release
[WARNING] /app/src/test/java/kex-tests/tests/io/basquiat/interfacebbuljit/noodle/service/ReflectionUtils.java:[9,16] sun.misc.Unsafe is internal proprietary API and may be removed in a future release
[WARNING] /app/src/test/java/kex-tests/tests/io/basquiat/interfacebbuljit/noodle/domain/dto/ReflectionUtils.java:[9,16] sun.misc.Unsafe is internal proprietary API and may be removed in a future release
[WARNING] /app/src/test/java/kex-tests/tests/io/basquiat/interfacebbuljit/noodle/utils/ReflectionUtils.java:[9,16] sun.misc.Unsafe is internal proprietary API and may be removed in a future release
[WARNING] /app/src/test/java/kex-tests/tests/io/basquiat/interfacebbuljit/noodle/domain/ReflectionUtils.java:[9,16] sun.misc.Unsafe is internal proprietary API and may be removed in a future release
[WARNING] /app/src/test/java/kex-tests/tests/io/basquiat/interfacebbuljit/noodle/web/ReflectionUtils.java:[9,16] sun.misc.Unsafe is internal proprietary API and may be removed in a future release
[WARNING] /app/src/test/java/kex-tests/tests/io/basquiat/interfacebbuljit/noodle/domain/vo/ReflectionUtils.java:[9,16] sun.misc.Unsafe is internal proprietary API and may be removed in a future release
[WARNING] /app/src/test/java/kex-tests/tests/io/basquiat/interfacebbuljit/noodle/provider/ReflectionUtils.java:[9,16] sun.misc.Unsafe is internal proprietary API and may be removed in a future release
[WARNING] /app/src/test/java/kex-tests/tests/io/basquiat/interfacebbuljit/ReflectionUtils.java:[9,16] sun.misc.Unsafe is internal proprietary API and may be removed in a future release
[WARNING] /app/src/test/java/kex-tests/tests/io/basquiat/interfacebbuljit/noodle/code/ReflectionUtils.java:[9,16] sun.misc.Unsafe is internal proprietary API and may be removed in a future release
[WARNING] /app/src/test/java/kex-tests/tests/io/basquiat/interfacebbuljit/noodle/service/ReflectionUtils.java:[9,16] sun.misc.Unsafe is internal proprietary API and may be removed in a future release
[WARNING] /app/src/test/java/kex-tests/tests/io/basquiat/interfacebbuljit/noodle/domain/dto/ReflectionUtils.java:[9,16] sun.misc.Unsafe is internal proprietary API and may be removed in a future release
[WARNING] /app/src/test/java/kex-tests/tests/io/basquiat/interfacebbuljit/noodle/utils/ReflectionUtils.java:[9,16] sun.misc.Unsafe is internal proprietary API and may be removed in a future release
[WARNING] /app/src/test/java/kex-tests/tests/io/basquiat/interfacebbuljit/noodle/domain/ReflectionUtils.java:[9,16] sun.misc.Unsafe is internal proprietary API and may be removed in a future release
[WARNING] /app/src/test/java/kex-tests/tests/io/basquiat/interfacebbuljit/noodle/web/ReflectionUtils.java:[9,16] sun.misc.Unsafe is internal proprietary API and may be removed in a future release
[WARNING] /app/src/test/java/kex-tests/tests/io/basquiat/interfacebbuljit/noodle/domain/vo/ReflectionUtils.java:[9,16] sun.misc.Unsafe is internal proprietary API and may be removed in a future release
[WARNING] /app/src/test/java/kex-tests/tests/io/basquiat/interfacebbuljit/noodle/provider/ReflectionUtils.java:[9,16] sun.misc.Unsafe is internal proprietary API and may be removed in a future release
[WARNING] /app/src/test/java/kex-tests/tests/io/basquiat/interfacebbuljit/ReflectionUtils.java:[9,16] sun.misc.Unsafe is internal proprietary API and may be removed in a future release
[WARNING] /app/src/test/java/kex-tests/tests/io/basquiat/interfacebbuljit/noodle/code/ReflectionUtils.java:[9,16] sun.misc.Unsafe is internal proprietary API and may be removed in a future release
[WARNING] /app/src/test/java/kex-tests/tests/io/basquiat/interfacebbuljit/noodle/service/ReflectionUtils.java:[9,16] sun.misc.Unsafe is internal proprietary API and may be removed in a future release
[WARNING] /app/src/test/java/kex-tests/tests/io/basquiat/interfacebbuljit/noodle/domain/dto/ReflectionUtils.java:[9,16] sun.misc.Unsafe is internal proprietary API and may be removed in a future release
[WARNING] /app/src/test/java/kex-tests/tests/io/basquiat/interfacebbuljit/noodle/utils/ReflectionUtils.java:[9,16] sun.misc.Unsafe is internal proprietary API and may be removed in a future release
[WARNING] /app/src/test/java/kex-tests/tests/io/basquiat/interfacebbuljit/noodle/domain/ReflectionUtils.java:[9,16] sun.misc.Unsafe is internal proprietary API and may be removed in a future release
[WARNING] /app/src/test/java/kex-tests/tests/io/basquiat/interfacebbuljit/noodle/web/ReflectionUtils.java:[9,16] sun.misc.Unsafe is internal proprietary API and may be removed in a future release
[WARNING] /app/src/test/java/kex-tests/tests/io/basquiat/interfacebbuljit/noodle/domain/vo/ReflectionUtils.java:[9,16] sun.misc.Unsafe is internal proprietary API and may be removed in a future release
[WARNING] /app/src/test/java/kex-tests/tests/io/basquiat/interfacebbuljit/noodle/provider/ReflectionUtils.java:[9,16] sun.misc.Unsafe is internal proprietary API and may be removed in a future release
[WARNING] /app/src/test/java/kex-tests/tests/io/basquiat/interfacebbuljit/ReflectionUtils.java:[9,16] sun.misc.Unsafe is internal proprietary API and may be removed in a future release
[WARNING] /app/src/test/java/kex-tests/tests/io/basquiat/interfacebbuljit/noodle/code/ReflectionUtils.java:[9,16] sun.misc.Unsafe is internal proprietary API and may be removed in a future release
[WARNING] /app/src/test/java/kex-tests/tests/io/basquiat/interfacebbuljit/noodle/service/ReflectionUtils.java:[9,16] sun.misc.Unsafe is internal proprietary API and may be removed in a future release
[WARNING] /app/src/test/java/kex-tests/tests/io/basquiat/interfacebbuljit/noodle/domain/dto/ReflectionUtils.java:[9,16] sun.misc.Unsafe is internal proprietary API and may be removed in a future release
[WARNING] /app/src/test/java/kex-tests/tests/io/basquiat/interfacebbuljit/noodle/utils/ReflectionUtils.java:[9,16] sun.misc.Unsafe is internal proprietary API and may be removed in a future release
[WARNING] /app/src/test/java/kex-tests/tests/io/basquiat/interfacebbuljit/noodle/domain/ReflectionUtils.java:[9,16] sun.misc.Unsafe is internal proprietary API and may be removed in a future release
[WARNING] /app/src/test/java/kex-tests/tests/io/basquiat/interfacebbuljit/noodle/web/ReflectionUtils.java:[9,16] sun.misc.Unsafe is internal proprietary API and may be removed in a future release
[WARNING] /app/src/test/java/kex-tests/tests/io/basquiat/interfacebbuljit/noodle/domain/vo/ReflectionUtils.java:[9,16] sun.misc.Unsafe is internal proprietary API and may be removed in a future release
[WARNING] /app/src/test/java/kex-tests/tests/io/basquiat/interfacebbuljit/noodle/provider/ReflectionUtils.java:[9,16] sun.misc.Unsafe is internal proprietary API and may be removed in a future release
[WARNING] /app/src/test/java/kex-tests/tests/io/basquiat/interfacebbuljit/ReflectionUtils.java:[9,16] sun.misc.Unsafe is internal proprietary API and may be removed in a future release
[WARNING] /app/src/test/java/kex-tests/tests/io/basquiat/interfacebbuljit/noodle/code/ReflectionUtils.java:[9,16] sun.misc.Unsafe is internal proprietary API and may be removed in a future release
[WARNING] /app/src/test/java/kex-tests/tests/io/basquiat/interfacebbuljit/noodle/service/ReflectionUtils.java:[9,16] sun.misc.Unsafe is internal proprietary API and may be removed in a future release
[WARNING] /app/src/test/java/kex-tests/tests/io/basquiat/interfacebbuljit/noodle/domain/dto/ReflectionUtils.java:[9,16] sun.misc.Unsafe is internal proprietary API and may be removed in a future release
[WARNING] /app/src/test/java/kex-tests/tests/io/basquiat/interfacebbuljit/noodle/utils/ReflectionUtils.java:[9,16] sun.misc.Unsafe is internal proprietary API and may be removed in a future release
[WARNING] /app/src/test/java/kex-tests/tests/io/basquiat/interfacebbuljit/noodle/domain/ReflectionUtils.java:[9,16] sun.misc.Unsafe is internal proprietary API and may be removed in a future release
[WARNING] /app/src/test/java/kex-tests/tests/io/basquiat/interfacebbuljit/noodle/web/ReflectionUtils.java:[9,16] sun.misc.Unsafe is internal proprietary API and may be removed in a future release
[WARNING] /app/src/test/java/kex-tests/tests/io/basquiat/interfacebbuljit/noodle/domain/vo/ReflectionUtils.java:[9,16] sun.misc.Unsafe is internal proprietary API and may be removed in a future release
[WARNING] /app/src/test/java/kex-tests/tests/io/basquiat/interfacebbuljit/noodle/provider/ReflectionUtils.java:[9,16] sun.misc.Unsafe is internal proprietary API and may be removed in a future release
[WARNING] /app/src/test/java/kex-tests/tests/io/basquiat/interfacebbuljit/ReflectionUtils.java:[9,16] sun.misc.Unsafe is internal proprietary API and may be removed in a future release
[WARNING] /app/src/test/java/kex-tests/tests/io/basquiat/interfacebbuljit/noodle/code/ReflectionUtils.java:[13,25] sun.misc.Unsafe is internal proprietary API and may be removed in a future release
[WARNING] /app/src/test/java/kex-tests/tests/io/basquiat/interfacebbuljit/noodle/code/ReflectionUtils.java:[13,25] sun.misc.Unsafe is internal proprietary API and may be removed in a future release
[WARNING] /app/src/test/java/kex-tests/tests/io/basquiat/interfacebbuljit/noodle/code/ReflectionUtils.java:[13,25] sun.misc.Unsafe is internal proprietary API and may be removed in a future release
[WARNING] /app/src/test/java/kex-tests/tests/io/basquiat/interfacebbuljit/noodle/code/ReflectionUtils.java:[13,25] sun.misc.Unsafe is internal proprietary API and may be removed in a future release
[WARNING] /app/src/test/java/kex-tests/tests/io/basquiat/interfacebbuljit/noodle/code/ReflectionUtils.java:[13,25] sun.misc.Unsafe is internal proprietary API and may be removed in a future release
[WARNING] /app/src/test/java/kex-tests/tests/io/basquiat/interfacebbuljit/noodle/code/ReflectionUtils.java:[17,31] sun.misc.Unsafe is internal proprietary API and may be removed in a future release
[WARNING] /app/src/test/java/kex-tests/tests/io/basquiat/interfacebbuljit/noodle/code/ReflectionUtils.java:[19,23] sun.misc.Unsafe is internal proprietary API and may be removed in a future release
[WARNING] /app/src/test/java/kex-tests/tests/io/basquiat/interfacebbuljit/noodle/service/ReflectionUtils.java:[13,25] sun.misc.Unsafe is internal proprietary API and may be removed in a future release
[WARNING] /app/src/test/java/kex-tests/tests/io/basquiat/interfacebbuljit/noodle/service/ReflectionUtils.java:[13,25] sun.misc.Unsafe is internal proprietary API and may be removed in a future release
[WARNING] /app/src/test/java/kex-tests/tests/io/basquiat/interfacebbuljit/noodle/service/ReflectionUtils.java:[13,25] sun.misc.Unsafe is internal proprietary API and may be removed in a future release
[WARNING] /app/src/test/java/kex-tests/tests/io/basquiat/interfacebbuljit/noodle/service/ReflectionUtils.java:[13,25] sun.misc.Unsafe is internal proprietary API and may be removed in a future release
[WARNING] /app/src/test/java/kex-tests/tests/io/basquiat/interfacebbuljit/noodle/service/ReflectionUtils.java:[13,25] sun.misc.Unsafe is internal proprietary API and may be removed in a future release
[WARNING] /app/src/test/java/kex-tests/tests/io/basquiat/interfacebbuljit/noodle/service/ReflectionUtils.java:[17,31] sun.misc.Unsafe is internal proprietary API and may be removed in a future release
[WARNING] /app/src/test/java/kex-tests/tests/io/basquiat/interfacebbuljit/noodle/service/ReflectionUtils.java:[19,23] sun.misc.Unsafe is internal proprietary API and may be removed in a future release
[WARNING] /app/src/test/java/kex-tests/tests/io/basquiat/interfacebbuljit/noodle/domain/dto/ReflectionUtils.java:[13,25] sun.misc.Unsafe is internal proprietary API and may be removed in a future release
[WARNING] /app/src/test/java/kex-tests/tests/io/basquiat/interfacebbuljit/noodle/domain/dto/ReflectionUtils.java:[13,25] sun.misc.Unsafe is internal proprietary API and may be removed in a future release
[WARNING] /app/src/test/java/kex-tests/tests/io/basquiat/interfacebbuljit/noodle/domain/dto/ReflectionUtils.java:[13,25] sun.misc.Unsafe is internal proprietary API and may be removed in a future release
[WARNING] /app/src/test/java/kex-tests/tests/io/basquiat/interfacebbuljit/noodle/domain/dto/ReflectionUtils.java:[13,25] sun.misc.Unsafe is internal proprietary API and may be removed in a future release
[WARNING] /app/src/test/java/kex-tests/tests/io/basquiat/interfacebbuljit/noodle/domain/dto/ReflectionUtils.java:[13,25] sun.misc.Unsafe is internal proprietary API and may be removed in a future release
[WARNING] /app/src/test/java/kex-tests/tests/io/basquiat/interfacebbuljit/noodle/domain/dto/ReflectionUtils.java:[17,31] sun.misc.Unsafe is internal proprietary API and may be removed in a future release
[WARNING] /app/src/test/java/kex-tests/tests/io/basquiat/interfacebbuljit/noodle/domain/dto/ReflectionUtils.java:[19,23] sun.misc.Unsafe is internal proprietary API and may be removed in a future release
[WARNING] /app/src/test/java/kex-tests/tests/io/basquiat/interfacebbuljit/noodle/utils/ReflectionUtils.java:[13,25] sun.misc.Unsafe is internal proprietary API and may be removed in a future release
[WARNING] /app/src/test/java/kex-tests/tests/io/basquiat/interfacebbuljit/noodle/utils/ReflectionUtils.java:[13,25] sun.misc.Unsafe is internal proprietary API and may be removed in a future release
[WARNING] /app/src/test/java/kex-tests/tests/io/basquiat/interfacebbuljit/noodle/utils/ReflectionUtils.java:[13,25] sun.misc.Unsafe is internal proprietary API and may be removed in a future release
[WARNING] /app/src/test/java/kex-tests/tests/io/basquiat/interfacebbuljit/noodle/utils/ReflectionUtils.java:[13,25] sun.misc.Unsafe is internal proprietary API and may be removed in a future release
[WARNING] /app/src/test/java/kex-tests/tests/io/basquiat/interfacebbuljit/noodle/utils/ReflectionUtils.java:[13,25] sun.misc.Unsafe is internal proprietary API and may be removed in a future release
[WARNING] /app/src/test/java/kex-tests/tests/io/basquiat/interfacebbuljit/noodle/utils/ReflectionUtils.java:[17,31] sun.misc.Unsafe is internal proprietary API and may be removed in a future release
[WARNING] /app/src/test/java/kex-tests/tests/io/basquiat/interfacebbuljit/noodle/utils/ReflectionUtils.java:[19,23] sun.misc.Unsafe is internal proprietary API and may be removed in a future release
[WARNING] /app/src/test/java/kex-tests/tests/io/basquiat/interfacebbuljit/noodle/domain/ReflectionUtils.java:[13,25] sun.misc.Unsafe is internal proprietary API and may be removed in a future release
[WARNING] /app/src/test/java/kex-tests/tests/io/basquiat/interfacebbuljit/noodle/domain/ReflectionUtils.java:[13,25] sun.misc.Unsafe is internal proprietary API and may be removed in a future release
[WARNING] /app/src/test/java/kex-tests/tests/io/basquiat/interfacebbuljit/noodle/domain/ReflectionUtils.java:[13,25] sun.misc.Unsafe is internal proprietary API and may be removed in a future release
[WARNING] /app/src/test/java/kex-tests/tests/io/basquiat/interfacebbuljit/noodle/domain/ReflectionUtils.java:[13,25] sun.misc.Unsafe is internal proprietary API and may be removed in a future release
[WARNING] /app/src/test/java/kex-tests/tests/io/basquiat/interfacebbuljit/noodle/domain/ReflectionUtils.java:[13,25] sun.misc.Unsafe is internal proprietary API and may be removed in a future release
[WARNING] /app/src/test/java/kex-tests/tests/io/basquiat/interfacebbuljit/noodle/domain/ReflectionUtils.java:[17,31] sun.misc.Unsafe is internal proprietary API and may be removed in a future release
[WARNING] /app/src/test/java/kex-tests/tests/io/basquiat/interfacebbuljit/noodle/domain/ReflectionUtils.java:[19,23] sun.misc.Unsafe is internal proprietary API and may be removed in a future release
[WARNING] /app/src/test/java/kex-tests/tests/io/basquiat/interfacebbuljit/noodle/web/ReflectionUtils.java:[13,25] sun.misc.Unsafe is internal proprietary API and may be removed in a future release
[WARNING] /app/src/test/java/kex-tests/tests/io/basquiat/interfacebbuljit/noodle/web/ReflectionUtils.java:[13,25] sun.misc.Unsafe is internal proprietary API and may be removed in a future release
[WARNING] /app/src/test/java/kex-tests/tests/io/basquiat/interfacebbuljit/noodle/web/ReflectionUtils.java:[13,25] sun.misc.Unsafe is internal proprietary API and may be removed in a future release
[WARNING] /app/src/test/java/kex-tests/tests/io/basquiat/interfacebbuljit/noodle/web/ReflectionUtils.java:[13,25] sun.misc.Unsafe is internal proprietary API and may be removed in a future release
[WARNING] /app/src/test/java/kex-tests/tests/io/basquiat/interfacebbuljit/noodle/web/ReflectionUtils.java:[13,25] sun.misc.Unsafe is internal proprietary API and may be removed in a future release
[WARNING] /app/src/test/java/kex-tests/tests/io/basquiat/interfacebbuljit/noodle/web/ReflectionUtils.java:[17,31] sun.misc.Unsafe is internal proprietary API and may be removed in a future release
[WARNING] /app/src/test/java/kex-tests/tests/io/basquiat/interfacebbuljit/noodle/web/ReflectionUtils.java:[19,23] sun.misc.Unsafe is internal proprietary API and may be removed in a future release
[WARNING] /app/src/test/java/kex-tests/tests/io/basquiat/interfacebbuljit/noodle/domain/vo/ReflectionUtils.java:[13,25] sun.misc.Unsafe is internal proprietary API and may be removed in a future release
[WARNING] /app/src/test/java/kex-tests/tests/io/basquiat/interfacebbuljit/noodle/domain/vo/ReflectionUtils.java:[13,25] sun.misc.Unsafe is internal proprietary API and may be removed in a future release
[WARNING] /app/src/test/java/kex-tests/tests/io/basquiat/interfacebbuljit/noodle/domain/vo/ReflectionUtils.java:[13,25] sun.misc.Unsafe is internal proprietary API and may be removed in a future release
[WARNING] /app/src/test/java/kex-tests/tests/io/basquiat/interfacebbuljit/noodle/domain/vo/ReflectionUtils.java:[13,25] sun.misc.Unsafe is internal proprietary API and may be removed in a future release
[WARNING] /app/src/test/java/kex-tests/tests/io/basquiat/interfacebbuljit/noodle/domain/vo/ReflectionUtils.java:[13,25] sun.misc.Unsafe is internal proprietary API and may be removed in a future release
[WARNING] /app/src/test/java/kex-tests/tests/io/basquiat/interfacebbuljit/noodle/domain/vo/ReflectionUtils.java:[17,31] sun.misc.Unsafe is internal proprietary API and may be removed in a future release
[WARNING] /app/src/test/java/kex-tests/tests/io/basquiat/interfacebbuljit/noodle/domain/vo/ReflectionUtils.java:[19,23] sun.misc.Unsafe is internal proprietary API and may be removed in a future release
[WARNING] /app/src/test/java/kex-tests/tests/io/basquiat/interfacebbuljit/noodle/provider/ReflectionUtils.java:[13,25] sun.misc.Unsafe is internal proprietary API and may be removed in a future release
[WARNING] /app/src/test/java/kex-tests/tests/io/basquiat/interfacebbuljit/noodle/provider/ReflectionUtils.java:[13,25] sun.misc.Unsafe is internal proprietary API and may be removed in a future release
[WARNING] /app/src/test/java/kex-tests/tests/io/basquiat/interfacebbuljit/noodle/provider/ReflectionUtils.java:[13,25] sun.misc.Unsafe is internal proprietary API and may be removed in a future release
[WARNING] /app/src/test/java/kex-tests/tests/io/basquiat/interfacebbuljit/noodle/provider/ReflectionUtils.java:[13,25] sun.misc.Unsafe is internal proprietary API and may be removed in a future release
[WARNING] /app/src/test/java/kex-tests/tests/io/basquiat/interfacebbuljit/noodle/provider/ReflectionUtils.java:[13,25] sun.misc.Unsafe is internal proprietary API and may be removed in a future release
[WARNING] /app/src/test/java/kex-tests/tests/io/basquiat/interfacebbuljit/noodle/provider/ReflectionUtils.java:[17,31] sun.misc.Unsafe is internal proprietary API and may be removed in a future release
[INFO] /app/src/test/java/kex-tests/tests/io/basquiat/interfacebbuljit/noodle/code/AddOrNot_init_4220249755.java: Some input files use or override a deprecated API.
[INFO] /app/src/test/java/kex-tests/tests/io/basquiat/interfacebbuljit/noodle/code/AddOrNot_init_4220249755.java: Recompile with -Xlint:deprecation for details.
[INFO] 
[INFO] --- maven-surefire-plugin:2.22.2:test (default-test) @ interface-bbuljit ---
[INFO] 
[INFO] -------------------------------------------------------
[INFO]  T E S T S
[INFO] -------------------------------------------------------
[INFO] Running io.basquiat.interfacebbuljit.InterfaceBbuljitApplication_init_3395218262
[INFO] Tests run: 1, Failures: 0, Errors: 0, Skipped: 0, Time elapsed: 0.01 s - in io.basquiat.interfacebbuljit.InterfaceBbuljitApplication_init_3395218262
[INFO] Running io.basquiat.interfacebbuljit.InterfaceBbuljitApplication_main_370411781

  .   ____          _            __ _ _
 /\\ / ___'_ __ _ _(_)_ __  __ _ \ \ \ \
( ( )\___ | '_ | '_| | '_ \/ _` | \ \ \ \
 \\/  ___)| |_)| | | | | || (_| |  ) ) ) )
  '  |____| .__|_| |_|_| |_\__, | / / / /
 =========|_|==============|___/=/_/_/_/
 :: Spring Boot ::                (v2.7.0)

2026-04-09 14:56:53.917  INFO 70 --- [me-limited test] i.b.i.InterfaceBbuljitApplication        : Starting InterfaceBbuljitApplication using Java 11.0.16 on 6b14888ca0a5 with PID 70 (started by root in /app)
2026-04-09 14:56:53.919  INFO 70 --- [me-limited test] i.b.i.InterfaceBbuljitApplication        : The following 1 profile is active: "local"
2026-04-09 14:56:54.736  INFO 70 --- [me-limited test] o.s.b.w.embedded.tomcat.TomcatWebServer  : Tomcat initialized with port(s): 8888 (http)
2026-04-09 14:56:54.747  INFO 70 --- [me-limited test] o.apache.catalina.core.StandardService   : Starting service [Tomcat]
2026-04-09 14:56:54.747  INFO 70 --- [me-limited test] org.apache.catalina.core.StandardEngine  : Starting Servlet engine: [Apache Tomcat/9.0.63]
2026-04-09 14:56:54.844  INFO 70 --- [me-limited test] o.a.c.c.C.[Tomcat].[localhost].[/]       : Initializing Spring embedded WebApplicationContext
2026-04-09 14:56:54.845  INFO 70 --- [me-limited test] w.s.c.ServletWebServerApplicationContext : Root WebApplicationContext: initialization completed in 886 ms
2026-04-09 14:56:55.185  INFO 70 --- [me-limited test] o.s.b.w.embedded.tomcat.TomcatWebServer  : Tomcat started on port(s): 8888 (http) with context path ''
2026-04-09 14:56:55.195  INFO 70 --- [me-limited test] i.b.i.InterfaceBbuljitApplication        : Started InterfaceBbuljitApplication in 1.797 seconds (JVM running for 2.795)
[INFO] Tests run: 1, Failures: 0, Errors: 0, Skipped: 0, Time elapsed: 1.976 s - in io.basquiat.interfacebbuljit.InterfaceBbuljitApplication_main_370411781
[INFO] Running io.basquiat.interfacebbuljit.InterfaceBbuljitApplication_main_370411783
2026-04-09 14:56:55.219 ERROR 70 --- [me-limited test] o.s.boot.SpringApplication               : Application run failed

java.lang.IllegalArgumentException: Args must not be null
	at org.springframework.util.Assert.notNull(Assert.java:201) ~[spring-core-5.3.20.jar:5.3.20]
	at org.springframework.boot.DefaultApplicationArguments.<init>(DefaultApplicationArguments.java:41) ~[spring-boot-2.7.0.jar:2.7.0]
	at org.springframework.boot.SpringApplication.run(SpringApplication.java:301) ~[spring-boot-2.7.0.jar:2.7.0]
	at org.springframework.boot.SpringApplication.run(SpringApplication.java:1306) ~[spring-boot-2.7.0.jar:2.7.0]
	at org.springframework.boot.SpringApplication.run(SpringApplication.java:1295) ~[spring-boot-2.7.0.jar:2.7.0]
	at io.basquiat.interfacebbuljit.InterfaceBbuljitApplication.main(InterfaceBbuljitApplication.java:10) ~[classes/:na]
	at java.base/jdk.internal.reflect.NativeMethodAccessorImpl.invoke0(Native Method) ~[na:na]
	at java.base/jdk.internal.reflect.NativeMethodAccessorImpl.invoke(NativeMethodAccessorImpl.java:62) ~[na:na]
	at java.base/jdk.internal.reflect.DelegatingMethodAccessorImpl.invoke(DelegatingMethodAccessorImpl.java:43) ~[na:na]
	at java.base/java.lang.reflect.Method.invoke(Method.java:566) ~[na:na]
	at io.basquiat.interfacebbuljit.ReflectionUtils.callMethod(ReflectionUtils.java:328) ~[test-classes/:na]
	at io.basquiat.interfacebbuljit.InterfaceBbuljitApplication_main_370411783.test(InterfaceBbuljitApplication_main_370411783.java:44) ~[test-classes/:na]
	at java.base/jdk.internal.reflect.NativeMethodAccessorImpl.invoke0(Native Method) ~[na:na]
	at java.base/jdk.internal.reflect.NativeMethodAccessorImpl.invoke(NativeMethodAccessorImpl.java:62) ~[na:na]
	at java.base/jdk.internal.reflect.DelegatingMethodAccessorImpl.invoke(DelegatingMethodAccessorImpl.java:43) ~[na:na]
	at java.base/java.lang.reflect.Method.invoke(Method.java:566) ~[na:na]
	at org.junit.runners.model.FrameworkMethod$1.runReflectiveCall(FrameworkMethod.java:59) ~[junit-4.13.2.jar:4.13.2]
	at org.junit.internal.runners.model.ReflectiveCallable.run(ReflectiveCallable.java:12) ~[junit-4.13.2.jar:4.13.2]
	at org.junit.runners.model.FrameworkMethod.invokeExplosively(FrameworkMethod.java:56) ~[junit-4.13.2.jar:4.13.2]
	at org.junit.internal.runners.statements.InvokeMethod.evaluate(InvokeMethod.java:17) ~[junit-4.13.2.jar:4.13.2]
	at org.junit.internal.runners.statements.RunBefores.evaluate(RunBefores.java:26) ~[junit-4.13.2.jar:4.13.2]
	at org.junit.internal.runners.statements.FailOnTimeout$CallableStatement.call(FailOnTimeout.java:299) ~[junit-4.13.2.jar:4.13.2]
	at org.junit.internal.runners.statements.FailOnTimeout$CallableStatement.call(FailOnTimeout.java:293) ~[junit-4.13.2.jar:4.13.2]
	at java.base/java.util.concurrent.FutureTask.run(FutureTask.java:264) ~[na:na]
	at java.base/java.lang.Thread.run(Thread.java:829) ~[na:na]

[ERROR] Tests run: 1, Failures: 0, Errors: 1, Skipped: 0, Time elapsed: 0.024 s <<< FAILURE! - in io.basquiat.interfacebbuljit.InterfaceBbuljitApplication_main_370411783
[ERROR] test  Time elapsed: 0.024 s  <<< ERROR!
java.lang.IllegalArgumentException: Args must not be null
	at io.basquiat.interfacebbuljit.InterfaceBbuljitApplication_main_370411783.test(InterfaceBbuljitApplication_main_370411783.java:44)

[INFO] Running io.basquiat.interfacebbuljit.noodle.provider.ApplicationContextProvider_InnerPrivateResource_init_4050950441
[INFO] Tests run: 1, Failures: 0, Errors: 0, Skipped: 0, Time elapsed: 0 s - in io.basquiat.interfacebbuljit.noodle.provider.ApplicationContextProvider_InnerPrivateResource_init_4050950441
[INFO] Running io.basquiat.interfacebbuljit.noodle.provider.ApplicationContextProvider_ApplicationContextHolder_init_11784235081
[INFO] Tests run: 1, Failures: 0, Errors: 0, Skipped: 0, Time elapsed: 0 s - in io.basquiat.interfacebbuljit.noodle.provider.ApplicationContextProvider_ApplicationContextHolder_init_11784235081
[INFO] Running io.basquiat.interfacebbuljit.noodle.provider.ApplicationContextProvider_ApplicationContextHolder_init_11784235080
[INFO] Tests run: 1, Failures: 0, Errors: 0, Skipped: 0, Time elapsed: 0 s - in io.basquiat.interfacebbuljit.noodle.provider.ApplicationContextProvider_ApplicationContextHolder_init_11784235080
[INFO] Running io.basquiat.interfacebbuljit.noodle.provider.ApplicationContextProvider_InnerPrivateResource_init_4050950440
[INFO] Tests run: 1, Failures: 0, Errors: 0, Skipped: 0, Time elapsed: 0 s - in io.basquiat.interfacebbuljit.noodle.provider.ApplicationContextProvider_InnerPrivateResource_init_4050950440
[INFO] Running io.basquiat.interfacebbuljit.noodle.code.AddOrNot_init_4220249755
[ERROR] Tests run: 1, Failures: 0, Errors: 1, Skipped: 0, Time elapsed: 0 s <<< FAILURE! - in io.basquiat.interfacebbuljit.noodle.code.AddOrNot_init_4220249755
[ERROR] test  Time elapsed: 0 s  <<< ERROR!
java.lang.IllegalArgumentException: Cannot reflectively create enum objects
	at io.basquiat.interfacebbuljit.noodle.code.AddOrNot_init_4220249755.test(AddOrNot_init_4220249755.java:47)

[INFO] Running io.basquiat.interfacebbuljit.noodle.code.NoodleType_valueOf_425638127
[ERROR] Tests run: 1, Failures: 0, Errors: 1, Skipped: 0, Time elapsed: 0 s <<< FAILURE! - in io.basquiat.interfacebbuljit.noodle.code.NoodleType_valueOf_425638127
[ERROR] test  Time elapsed: 0 s  <<< ERROR!
java.lang.NullPointerException: Name is null
	at io.basquiat.interfacebbuljit.noodle.code.NoodleType_valueOf_425638127.test(NoodleType_valueOf_425638127.java:49)

[INFO] Running io.basquiat.interfacebbuljit.noodle.code.NoodleType_of_8118322752
[INFO] Tests run: 1, Failures: 0, Errors: 0, Skipped: 0, Time elapsed: 0 s - in io.basquiat.interfacebbuljit.noodle.code.NoodleType_of_8118322752
[INFO] Running io.basquiat.interfacebbuljit.noodle.code.AddOrNot_values_19114998070
[INFO] Tests run: 1, Failures: 0, Errors: 0, Skipped: 0, Time elapsed: 0 s - in io.basquiat.interfacebbuljit.noodle.code.AddOrNot_values_19114998070
[INFO] Running io.basquiat.interfacebbuljit.noodle.code.NoodleType_valueOf_425638121
[ERROR] Tests run: 1, Failures: 0, Errors: 1, Skipped: 0, Time elapsed: 0 s <<< FAILURE! - in io.basquiat.interfacebbuljit.noodle.code.NoodleType_valueOf_425638121
[ERROR] test  Time elapsed: 0 s  <<< ERROR!
java.lang.IllegalArgumentException: No enum constant io.basquiat.interfacebbuljit.noodle.code.NoodleType.sjlJAEtRrb
	at io.basquiat.interfacebbuljit.noodle.code.NoodleType_valueOf_425638121.test(NoodleType_valueOf_425638121.java:42)

[INFO] Running io.basquiat.interfacebbuljit.noodle.code.NoodleType_getName_6986776825
[INFO] Tests run: 1, Failures: 0, Errors: 0, Skipped: 0, Time elapsed: 0 s - in io.basquiat.interfacebbuljit.noodle.code.NoodleType_getName_6986776825
[INFO] Running io.basquiat.interfacebbuljit.noodle.code.NoodleType_init_4223712553
[ERROR] Tests run: 1, Failures: 0, Errors: 1, Skipped: 0, Time elapsed: 0.001 s <<< FAILURE! - in io.basquiat.interfacebbuljit.noodle.code.NoodleType_init_4223712553
[ERROR] test  Time elapsed: 0 s  <<< ERROR!
java.lang.IllegalArgumentException: Cannot reflectively create enum objects
	at io.basquiat.interfacebbuljit.noodle.code.NoodleType_init_4223712553.test(NoodleType_init_4223712553.java:46)

[INFO] Running io.basquiat.interfacebbuljit.noodle.code.NoodleType_of_8118322758
[INFO] Tests run: 1, Failures: 0, Errors: 0, Skipped: 0, Time elapsed: 0.001 s - in io.basquiat.interfacebbuljit.noodle.code.NoodleType_of_8118322758
[INFO] Running io.basquiat.interfacebbuljit.noodle.code.NoodleType_values_4494665910
[INFO] Tests run: 1, Failures: 0, Errors: 0, Skipped: 0, Time elapsed: 0 s - in io.basquiat.interfacebbuljit.noodle.code.NoodleType_values_4494665910
[INFO] Running io.basquiat.interfacebbuljit.noodle.code.NoodleType_init_4223712559
[ERROR] Tests run: 1, Failures: 0, Errors: 1, Skipped: 0, Time elapsed: 0.001 s <<< FAILURE! - in io.basquiat.interfacebbuljit.noodle.code.NoodleType_init_4223712559
[ERROR] test  Time elapsed: 0 s  <<< ERROR!
java.lang.IllegalArgumentException: Cannot reflectively create enum objects
	at io.basquiat.interfacebbuljit.noodle.code.NoodleType_init_4223712559.test(NoodleType_init_4223712559.java:51)

[INFO] Running io.basquiat.interfacebbuljit.noodle.code.AddOrNot_init_4220249752
[ERROR] Tests run: 1, Failures: 0, Errors: 1, Skipped: 0, Time elapsed: 0 s <<< FAILURE! - in io.basquiat.interfacebbuljit.noodle.code.AddOrNot_init_4220249752
[ERROR] test  Time elapsed: 0 s  <<< ERROR!
java.lang.IllegalArgumentException: Cannot reflectively create enum objects
	at io.basquiat.interfacebbuljit.noodle.code.AddOrNot_init_4220249752.test(AddOrNot_init_4220249752.java:42)

[INFO] Running io.basquiat.interfacebbuljit.noodle.code.AddOrNot_valueOf_14194694041
[ERROR] Tests run: 1, Failures: 0, Errors: 1, Skipped: 0, Time elapsed: 0 s <<< FAILURE! - in io.basquiat.interfacebbuljit.noodle.code.AddOrNot_valueOf_14194694041
[ERROR] test  Time elapsed: 0 s  <<< ERROR!
java.lang.IllegalArgumentException: No enum constant io.basquiat.interfacebbuljit.noodle.code.AddOrNot.PAEBtnZtTD
	at io.basquiat.interfacebbuljit.noodle.code.AddOrNot_valueOf_14194694041.test(AddOrNot_valueOf_14194694041.java:42)

[INFO] Running io.basquiat.interfacebbuljit.noodle.code.AddOrNot_values_19114998073
[INFO] Tests run: 1, Failures: 0, Errors: 0, Skipped: 0, Time elapsed: 0 s - in io.basquiat.interfacebbuljit.noodle.code.AddOrNot_values_19114998073
[INFO] Running io.basquiat.interfacebbuljit.noodle.code.NoodleType_getType_89270646510
[INFO] Tests run: 1, Failures: 0, Errors: 0, Skipped: 0, Time elapsed: 0 s - in io.basquiat.interfacebbuljit.noodle.code.NoodleType_getType_89270646510
[INFO] Running io.basquiat.interfacebbuljit.noodle.code.NoodleType_getType_8927064654
[INFO] Tests run: 1, Failures: 0, Errors: 0, Skipped: 0, Time elapsed: 0 s - in io.basquiat.interfacebbuljit.noodle.code.NoodleType_getType_8927064654
[INFO] Running io.basquiat.interfacebbuljit.noodle.code.AddOrNot_valueOf_14194694044
[ERROR] Tests run: 1, Failures: 0, Errors: 1, Skipped: 0, Time elapsed: 0 s <<< FAILURE! - in io.basquiat.interfacebbuljit.noodle.code.AddOrNot_valueOf_14194694044
[ERROR] test  Time elapsed: 0 s  <<< ERROR!
java.lang.NullPointerException: Name is null
	at io.basquiat.interfacebbuljit.noodle.code.AddOrNot_valueOf_14194694044.test(AddOrNot_valueOf_14194694044.java:49)

[INFO] Running io.basquiat.interfacebbuljit.noodle.code.NoodleType_values_4494665916
[INFO] Tests run: 1, Failures: 0, Errors: 0, Skipped: 0, Time elapsed: 0 s - in io.basquiat.interfacebbuljit.noodle.code.NoodleType_values_4494665916
[INFO] Running io.basquiat.interfacebbuljit.noodle.code.NoodleType_getName_69867768211
[INFO] Tests run: 1, Failures: 0, Errors: 0, Skipped: 0, Time elapsed: 0 s - in io.basquiat.interfacebbuljit.noodle.code.NoodleType_getName_69867768211
[INFO] Running io.basquiat.interfacebbuljit.noodle.utils.BeansUtils_init_3175687353
[INFO] Tests run: 1, Failures: 0, Errors: 0, Skipped: 0, Time elapsed: 0 s - in io.basquiat.interfacebbuljit.noodle.utils.BeansUtils_init_3175687353
[INFO] Running io.basquiat.interfacebbuljit.noodle.utils.BeansUtils_getBean_544417390
[ERROR] Tests run: 1, Failures: 0, Errors: 1, Skipped: 0, Time elapsed: 0 s <<< FAILURE! - in io.basquiat.interfacebbuljit.noodle.utils.BeansUtils_getBean_544417390
[ERROR] test  Time elapsed: 0 s  <<< ERROR!
org.springframework.beans.factory.NoSuchBeanDefinitionException: No bean named 'PAEBtnZtTD' available
	at io.basquiat.interfacebbuljit.noodle.utils.BeansUtils_getBean_544417390.test(BeansUtils_getBean_544417390.java:44)

[INFO] Running io.basquiat.interfacebbuljit.noodle.utils.BeansUtils_getBean_544417392
[ERROR] Tests run: 1, Failures: 0, Errors: 1, Skipped: 0, Time elapsed: 0 s <<< FAILURE! - in io.basquiat.interfacebbuljit.noodle.utils.BeansUtils_getBean_544417392
[ERROR] test  Time elapsed: 0 s  <<< ERROR!
java.lang.IllegalArgumentException: 'name' must not be null
	at io.basquiat.interfacebbuljit.noodle.utils.BeansUtils_getBean_544417392.test(BeansUtils_getBean_544417392.java:46)

[INFO] Running io.basquiat.interfacebbuljit.noodle.utils.BeansUtils_init_3175687351
[INFO] Tests run: 1, Failures: 0, Errors: 0, Skipped: 0, Time elapsed: 0 s - in io.basquiat.interfacebbuljit.noodle.utils.BeansUtils_init_3175687351
[INFO] Running io.basquiat.interfacebbuljit.noodle.domain.dto.NoodleDto_equals_10589089925
[INFO] Tests run: 1, Failures: 0, Errors: 0, Skipped: 0, Time elapsed: 0 s - in io.basquiat.interfacebbuljit.noodle.domain.dto.NoodleDto_equals_10589089925
[INFO] Running io.basquiat.interfacebbuljit.noodle.domain.dto.NoodleDto_getTopping_6073933692
[INFO] Tests run: 1, Failures: 0, Errors: 0, Skipped: 0, Time elapsed: 0.001 s - in io.basquiat.interfacebbuljit.noodle.domain.dto.NoodleDto_getTopping_6073933692
[INFO] Running io.basquiat.interfacebbuljit.noodle.domain.dto.NoodleDto_setTopping_7163366314
[INFO] Tests run: 1, Failures: 0, Errors: 0, Skipped: 0, Time elapsed: 0 s - in io.basquiat.interfacebbuljit.noodle.domain.dto.NoodleDto_setTopping_7163366314
[INFO] Running io.basquiat.interfacebbuljit.noodle.domain.dto.NoodleDto_getTopping_60739336913
[INFO] Tests run: 1, Failures: 0, Errors: 0, Skipped: 0, Time elapsed: 0 s - in io.basquiat.interfacebbuljit.noodle.domain.dto.NoodleDto_getTopping_60739336913
[INFO] Running io.basquiat.interfacebbuljit.noodle.domain.dto.NoodleDto_toString_201835535719
[INFO] Tests run: 1, Failures: 0, Errors: 0, Skipped: 0, Time elapsed: 0 s - in io.basquiat.interfacebbuljit.noodle.domain.dto.NoodleDto_toString_201835535719
[INFO] Running io.basquiat.interfacebbuljit.noodle.domain.dto.NoodleDto_setNoodleName_4190856313
[INFO] Tests run: 1, Failures: 0, Errors: 0, Skipped: 0, Time elapsed: 0 s - in io.basquiat.interfacebbuljit.noodle.domain.dto.NoodleDto_setNoodleName_4190856313
[INFO] Running io.basquiat.interfacebbuljit.noodle.domain.dto.NoodleDto_NoodleDtoBuilder_toString_4273105144
[INFO] Tests run: 1, Failures: 0, Errors: 0, Skipped: 0, Time elapsed: 0 s - in io.basquiat.interfacebbuljit.noodle.domain.dto.NoodleDto_NoodleDtoBuilder_toString_4273105144
[INFO] Running io.basquiat.interfacebbuljit.noodle.domain.dto.NoodleDto_init_17311560889
[INFO] Tests run: 1, Failures: 0, Errors: 0, Skipped: 0, Time elapsed: 0 s - in io.basquiat.interfacebbuljit.noodle.domain.dto.NoodleDto_init_17311560889
[INFO] Running io.basquiat.interfacebbuljit.noodle.domain.dto.NoodleDto_equals_105890899216
[INFO] Tests run: 1, Failures: 0, Errors: 0, Skipped: 0, Time elapsed: 0 s - in io.basquiat.interfacebbuljit.noodle.domain.dto.NoodleDto_equals_105890899216
[INFO] Running io.basquiat.interfacebbuljit.noodle.domain.dto.NoodleDto_getNoodleName_18688067591
[INFO] Tests run: 1, Failures: 0, Errors: 0, Skipped: 0, Time elapsed: 0 s - in io.basquiat.interfacebbuljit.noodle.domain.dto.NoodleDto_getNoodleName_18688067591
[INFO] Running io.basquiat.interfacebbuljit.noodle.domain.dto.NoodleDto_builder_104193083111
[INFO] Tests run: 1, Failures: 0, Errors: 0, Skipped: 0, Time elapsed: 0 s - in io.basquiat.interfacebbuljit.noodle.domain.dto.NoodleDto_builder_104193083111
[INFO] Running io.basquiat.interfacebbuljit.noodle.domain.dto.NoodleDto_hashCode_150759566718
[INFO] Tests run: 1, Failures: 0, Errors: 0, Skipped: 0, Time elapsed: 0 s - in io.basquiat.interfacebbuljit.noodle.domain.dto.NoodleDto_hashCode_150759566718
[INFO] Running io.basquiat.interfacebbuljit.noodle.domain.dto.NoodleDto_NoodleDtoBuilder_topping_8106951322
[INFO] Tests run: 1, Failures: 0, Errors: 0, Skipped: 0, Time elapsed: 0.001 s - in io.basquiat.interfacebbuljit.noodle.domain.dto.NoodleDto_NoodleDtoBuilder_topping_8106951322
[INFO] Running io.basquiat.interfacebbuljit.noodle.domain.dto.NoodleDto_NoodleDtoBuilder_init_9727663650
[INFO] Tests run: 1, Failures: 0, Errors: 0, Skipped: 0, Time elapsed: 0 s - in io.basquiat.interfacebbuljit.noodle.domain.dto.NoodleDto_NoodleDtoBuilder_init_9727663650
[INFO] Running io.basquiat.interfacebbuljit.noodle.domain.dto.NoodleDto_builder_10419308310
[INFO] Tests run: 1, Failures: 0, Errors: 0, Skipped: 0, Time elapsed: 0 s - in io.basquiat.interfacebbuljit.noodle.domain.dto.NoodleDto_builder_10419308310
[INFO] Running io.basquiat.interfacebbuljit.noodle.domain.dto.NoodleDto_NoodleDtoBuilder_build_20215624723
[INFO] Tests run: 1, Failures: 0, Errors: 0, Skipped: 0, Time elapsed: 0 s - in io.basquiat.interfacebbuljit.noodle.domain.dto.NoodleDto_NoodleDtoBuilder_build_20215624723
[INFO] Running io.basquiat.interfacebbuljit.noodle.domain.dto.NoodleDto_NoodleDtoBuilder_noodleName_6731474986
[INFO] Tests run: 1, Failures: 0, Errors: 0, Skipped: 0, Time elapsed: 0 s - in io.basquiat.interfacebbuljit.noodle.domain.dto.NoodleDto_NoodleDtoBuilder_noodleName_6731474986
[INFO] Running io.basquiat.interfacebbuljit.noodle.domain.dto.NoodleDto_init_173115608820
[INFO] Tests run: 1, Failures: 0, Errors: 0, Skipped: 0, Time elapsed: 0 s - in io.basquiat.interfacebbuljit.noodle.domain.dto.NoodleDto_init_173115608820
[INFO] Running io.basquiat.interfacebbuljit.noodle.domain.dto.NoodleDto_hashCode_15075956677
[INFO] Tests run: 1, Failures: 0, Errors: 0, Skipped: 0, Time elapsed: 0 s - in io.basquiat.interfacebbuljit.noodle.domain.dto.NoodleDto_hashCode_15075956677
[INFO] Running io.basquiat.interfacebbuljit.noodle.domain.dto.NoodleDto_canEqual_25474636317
[INFO] Tests run: 1, Failures: 0, Errors: 0, Skipped: 0, Time elapsed: 0 s - in io.basquiat.interfacebbuljit.noodle.domain.dto.NoodleDto_canEqual_25474636317
[INFO] Running io.basquiat.interfacebbuljit.noodle.domain.dto.NoodleDto_setNoodleName_41908563114
[INFO] Tests run: 1, Failures: 0, Errors: 0, Skipped: 0, Time elapsed: 0 s - in io.basquiat.interfacebbuljit.noodle.domain.dto.NoodleDto_setNoodleName_41908563114
[INFO] Running io.basquiat.interfacebbuljit.noodle.domain.dto.NoodleDto_NoodleDtoBuilder_build_20215624728
[INFO] Tests run: 1, Failures: 0, Errors: 0, Skipped: 0, Time elapsed: 0.001 s - in io.basquiat.interfacebbuljit.noodle.domain.dto.NoodleDto_NoodleDtoBuilder_build_20215624728
[INFO] Running io.basquiat.interfacebbuljit.noodle.domain.dto.NoodleDto_NoodleDtoBuilder_topping_8106951327
[INFO] Tests run: 1, Failures: 0, Errors: 0, Skipped: 0, Time elapsed: 0 s - in io.basquiat.interfacebbuljit.noodle.domain.dto.NoodleDto_NoodleDtoBuilder_topping_8106951327
[INFO] Running io.basquiat.interfacebbuljit.noodle.domain.dto.NoodleDto_NoodleDtoBuilder_noodleName_6731474981
[INFO] Tests run: 1, Failures: 0, Errors: 0, Skipped: 0, Time elapsed: 0 s - in io.basquiat.interfacebbuljit.noodle.domain.dto.NoodleDto_NoodleDtoBuilder_noodleName_6731474981
[INFO] Running io.basquiat.interfacebbuljit.noodle.domain.dto.NoodleDto_init_16199221710
[INFO] Tests run: 1, Failures: 0, Errors: 0, Skipped: 0, Time elapsed: 0 s - in io.basquiat.interfacebbuljit.noodle.domain.dto.NoodleDto_init_16199221710
[INFO] Running io.basquiat.interfacebbuljit.noodle.domain.dto.NoodleDto_NoodleDtoBuilder_toString_4273105149
[INFO] Tests run: 1, Failures: 0, Errors: 0, Skipped: 0, Time elapsed: 0.001 s - in io.basquiat.interfacebbuljit.noodle.domain.dto.NoodleDto_NoodleDtoBuilder_toString_4273105149
[INFO] Running io.basquiat.interfacebbuljit.noodle.domain.dto.NoodleDto_init_16199221721
[INFO] Tests run: 1, Failures: 0, Errors: 0, Skipped: 0, Time elapsed: 0 s - in io.basquiat.interfacebbuljit.noodle.domain.dto.NoodleDto_init_16199221721
[INFO] Running io.basquiat.interfacebbuljit.noodle.domain.dto.NoodleDto_canEqual_2547463636
[INFO] Tests run: 1, Failures: 0, Errors: 0, Skipped: 0, Time elapsed: 0 s - in io.basquiat.interfacebbuljit.noodle.domain.dto.NoodleDto_canEqual_2547463636
[INFO] Running io.basquiat.interfacebbuljit.noodle.domain.dto.NoodleDto_toString_20183553578
[INFO] Tests run: 1, Failures: 0, Errors: 0, Skipped: 0, Time elapsed: 0 s - in io.basquiat.interfacebbuljit.noodle.domain.dto.NoodleDto_toString_20183553578
[INFO] Running io.basquiat.interfacebbuljit.noodle.domain.dto.NoodleDto_NoodleDtoBuilder_init_9727663655
[INFO] Tests run: 1, Failures: 0, Errors: 0, Skipped: 0, Time elapsed: 0 s - in io.basquiat.interfacebbuljit.noodle.domain.dto.NoodleDto_NoodleDtoBuilder_init_9727663655
[INFO] Running io.basquiat.interfacebbuljit.noodle.domain.dto.NoodleDto_getNoodleName_186880675912
[INFO] Tests run: 1, Failures: 0, Errors: 0, Skipped: 0, Time elapsed: 0 s - in io.basquiat.interfacebbuljit.noodle.domain.dto.NoodleDto_getNoodleName_186880675912
[INFO] Running io.basquiat.interfacebbuljit.noodle.domain.dto.NoodleDto_setTopping_71633663115
[INFO] Tests run: 1, Failures: 0, Errors: 0, Skipped: 0, Time elapsed: 0 s - in io.basquiat.interfacebbuljit.noodle.domain.dto.NoodleDto_setTopping_71633663115
[INFO] Running io.basquiat.interfacebbuljit.noodle.domain.ResponseResult_equals_19975491561
[INFO] Tests run: 1, Failures: 0, Errors: 0, Skipped: 0, Time elapsed: 0 s - in io.basquiat.interfacebbuljit.noodle.domain.ResponseResult_equals_19975491561
[INFO] Running io.basquiat.interfacebbuljit.noodle.domain.ResponseResult_init_8623731559
[INFO] Tests run: 1, Failures: 0, Errors: 0, Skipped: 0, Time elapsed: 0 s - in io.basquiat.interfacebbuljit.noodle.domain.ResponseResult_init_8623731559
[INFO] Running io.basquiat.interfacebbuljit.noodle.domain.ResponseResult_hashCode_18487314658
[INFO] Tests run: 1, Failures: 0, Errors: 0, Skipped: 0, Time elapsed: 0 s - in io.basquiat.interfacebbuljit.noodle.domain.ResponseResult_hashCode_18487314658
[INFO] Running io.basquiat.interfacebbuljit.noodle.domain.ResponseResult_init_8623731554
[INFO] Tests run: 1, Failures: 0, Errors: 0, Skipped: 0, Time elapsed: 0 s - in io.basquiat.interfacebbuljit.noodle.domain.ResponseResult_init_8623731554
[INFO] Running io.basquiat.interfacebbuljit.noodle.domain.ResponseResult_responseResult_7070775565
[INFO] Tests run: 1, Failures: 0, Errors: 0, Skipped: 0, Time elapsed: 0 s - in io.basquiat.interfacebbuljit.noodle.domain.ResponseResult_responseResult_7070775565
[INFO] Running io.basquiat.interfacebbuljit.noodle.domain.ResponseResult_responseResult_7070775560
[INFO] Tests run: 1, Failures: 0, Errors: 0, Skipped: 0, Time elapsed: 0 s - in io.basquiat.interfacebbuljit.noodle.domain.ResponseResult_responseResult_7070775560
[INFO] Running io.basquiat.interfacebbuljit.noodle.domain.ResponseResult_canEqual_11933865272
[INFO] Tests run: 1, Failures: 0, Errors: 0, Skipped: 0, Time elapsed: 0 s - in io.basquiat.interfacebbuljit.noodle.domain.ResponseResult_canEqual_11933865272
[INFO] Running io.basquiat.interfacebbuljit.noodle.domain.ResponseResult_equals_19975491566
[INFO] Tests run: 1, Failures: 0, Errors: 0, Skipped: 0, Time elapsed: 0 s - in io.basquiat.interfacebbuljit.noodle.domain.ResponseResult_equals_19975491566
[INFO] Running io.basquiat.interfacebbuljit.noodle.domain.ResponseResult_hashCode_18487314653
[INFO] Tests run: 1, Failures: 0, Errors: 0, Skipped: 0, Time elapsed: 0 s - in io.basquiat.interfacebbuljit.noodle.domain.ResponseResult_hashCode_18487314653
[INFO] Running io.basquiat.interfacebbuljit.noodle.domain.vo.Topping_init_3790970780
[INFO] Tests run: 1, Failures: 0, Errors: 0, Skipped: 0, Time elapsed: 0 s - in io.basquiat.interfacebbuljit.noodle.domain.vo.Topping_init_3790970780
[INFO] Running io.basquiat.interfacebbuljit.noodle.domain.vo.Topping_equals_49302232715
[INFO] Tests run: 1, Failures: 0, Errors: 0, Skipped: 0, Time elapsed: 0 s - in io.basquiat.interfacebbuljit.noodle.domain.vo.Topping_equals_49302232715
[INFO] Running io.basquiat.interfacebbuljit.noodle.domain.vo.Topping_getEgg_54986124510
[INFO] Tests run: 1, Failures: 0, Errors: 0, Skipped: 0, Time elapsed: 0 s - in io.basquiat.interfacebbuljit.noodle.domain.vo.Topping_getEgg_54986124510
[INFO] Running io.basquiat.interfacebbuljit.noodle.domain.vo.Topping_getSpicySource_12531624055
[INFO] Tests run: 1, Failures: 0, Errors: 0, Skipped: 0, Time elapsed: 0 s - in io.basquiat.interfacebbuljit.noodle.domain.vo.Topping_getSpicySource_12531624055
[INFO] Running io.basquiat.interfacebbuljit.noodle.domain.vo.Topping_init_3790970789
[INFO] Tests run: 1, Failures: 0, Errors: 0, Skipped: 0, Time elapsed: 0 s - in io.basquiat.interfacebbuljit.noodle.domain.vo.Topping_init_3790970789
[INFO] Running io.basquiat.interfacebbuljit.noodle.domain.vo.Topping_getPeanutButter_108838181313
[INFO] Tests run: 1, Failures: 0, Errors: 0, Skipped: 0, Time elapsed: 0 s - in io.basquiat.interfacebbuljit.noodle.domain.vo.Topping_getPeanutButter_108838181313
[INFO] Running io.basquiat.interfacebbuljit.noodle.domain.vo.Topping_hashCode_94170900216
[INFO] Tests run: 1, Failures: 0, Errors: 0, Skipped: 0, Time elapsed: 0 s - in io.basquiat.interfacebbuljit.noodle.domain.vo.Topping_hashCode_94170900216
[INFO] Running io.basquiat.interfacebbuljit.noodle.domain.vo.Topping_getSpicySource_125316240514
[INFO] Tests run: 1, Failures: 0, Errors: 0, Skipped: 0, Time elapsed: 0 s - in io.basquiat.interfacebbuljit.noodle.domain.vo.Topping_getSpicySource_125316240514
[INFO] Running io.basquiat.interfacebbuljit.noodle.domain.vo.Topping_getGarlicFlake_17612562193
[INFO] Tests run: 1, Failures: 0, Errors: 0, Skipped: 0, Time elapsed: 0 s - in io.basquiat.interfacebbuljit.noodle.domain.vo.Topping_getGarlicFlake_17612562193
[INFO] Running io.basquiat.interfacebbuljit.noodle.domain.vo.Topping_toString_14524686928
[INFO] Tests run: 1, Failures: 0, Errors: 0, Skipped: 0, Time elapsed: 0 s - in io.basquiat.interfacebbuljit.noodle.domain.vo.Topping_toString_14524686928
[INFO] Running io.basquiat.interfacebbuljit.noodle.domain.vo.Topping_getRice_173734271711
[INFO] Tests run: 1, Failures: 0, Errors: 0, Skipped: 0, Time elapsed: 0 s - in io.basquiat.interfacebbuljit.noodle.domain.vo.Topping_getRice_173734271711
[INFO] Running io.basquiat.interfacebbuljit.noodle.domain.vo.Topping_getRice_17373427172
[INFO] Tests run: 1, Failures: 0, Errors: 0, Skipped: 0, Time elapsed: 0 s - in io.basquiat.interfacebbuljit.noodle.domain.vo.Topping_getRice_17373427172
[INFO] Running io.basquiat.interfacebbuljit.noodle.domain.vo.Topping_getEgg_5498612451
[INFO] Tests run: 1, Failures: 0, Errors: 0, Skipped: 0, Time elapsed: 0 s - in io.basquiat.interfacebbuljit.noodle.domain.vo.Topping_getEgg_5498612451
[INFO] Running io.basquiat.interfacebbuljit.noodle.domain.vo.Topping_equals_4930223276
[INFO] Tests run: 1, Failures: 0, Errors: 0, Skipped: 0, Time elapsed: 0 s - in io.basquiat.interfacebbuljit.noodle.domain.vo.Topping_equals_4930223276
[INFO] Running io.basquiat.interfacebbuljit.noodle.domain.vo.Topping_hashCode_9417090027
[INFO] Tests run: 1, Failures: 0, Errors: 0, Skipped: 0, Time elapsed: 0 s - in io.basquiat.interfacebbuljit.noodle.domain.vo.Topping_hashCode_9417090027
[INFO] Running io.basquiat.interfacebbuljit.noodle.domain.vo.Topping_getGarlicFlake_176125621912
[INFO] Tests run: 1, Failures: 0, Errors: 0, Skipped: 0, Time elapsed: 0 s - in io.basquiat.interfacebbuljit.noodle.domain.vo.Topping_getGarlicFlake_176125621912
[INFO] Running io.basquiat.interfacebbuljit.noodle.domain.vo.Topping_toString_145246869217
[INFO] Tests run: 1, Failures: 0, Errors: 0, Skipped: 0, Time elapsed: 0 s - in io.basquiat.interfacebbuljit.noodle.domain.vo.Topping_toString_145246869217
[INFO] Running io.basquiat.interfacebbuljit.noodle.domain.vo.Topping_getPeanutButter_10883818134
[INFO] Tests run: 1, Failures: 0, Errors: 0, Skipped: 0, Time elapsed: 0 s - in io.basquiat.interfacebbuljit.noodle.domain.vo.Topping_getPeanutButter_10883818134
[INFO] Running io.basquiat.interfacebbuljit.noodle.domain.ResponseResult_canEqual_11933865277
[INFO] Tests run: 1, Failures: 0, Errors: 0, Skipped: 0, Time elapsed: 0 s - in io.basquiat.interfacebbuljit.noodle.domain.ResponseResult_canEqual_11933865277
[INFO] Running io.basquiat.interfacebbuljit.noodle.service.LamyeonService_cooking_1895158542
[INFO] Tests run: 1, Failures: 0, Errors: 0, Skipped: 0, Time elapsed: 0 s - in io.basquiat.interfacebbuljit.noodle.service.LamyeonService_cooking_1895158542
[INFO] Running io.basquiat.interfacebbuljit.noodle.service.PastaService_init_15685860291
[INFO] Tests run: 1, Failures: 0, Errors: 0, Skipped: 0, Time elapsed: 0 s - in io.basquiat.interfacebbuljit.noodle.service.PastaService_init_15685860291
[INFO] Running io.basquiat.interfacebbuljit.noodle.service.VietnamnoodleService_init_11001453711
[INFO] Tests run: 1, Failures: 0, Errors: 0, Skipped: 0, Time elapsed: 0 s - in io.basquiat.interfacebbuljit.noodle.service.VietnamnoodleService_init_11001453711
[INFO] Running io.basquiat.interfacebbuljit.noodle.service.NoodleService_init_1925805611
[INFO] Tests run: 1, Failures: 0, Errors: 0, Skipped: 0, Time elapsed: 0 s - in io.basquiat.interfacebbuljit.noodle.service.NoodleService_init_1925805611
[INFO] Running io.basquiat.interfacebbuljit.noodle.service.PastaService_init_15685860293
[INFO] Tests run: 1, Failures: 0, Errors: 0, Skipped: 0, Time elapsed: 0 s - in io.basquiat.interfacebbuljit.noodle.service.PastaService_init_15685860293
[INFO] Running io.basquiat.interfacebbuljit.noodle.service.PastaService_cooking_10672043142
[INFO] Tests run: 1, Failures: 0, Errors: 0, Skipped: 0, Time elapsed: 0 s - in io.basquiat.interfacebbuljit.noodle.service.PastaService_cooking_10672043142
[INFO] Running io.basquiat.interfacebbuljit.noodle.service.NaengmyeonService_init_11402204331
[INFO] Tests run: 1, Failures: 0, Errors: 0, Skipped: 0, Time elapsed: 0 s - in io.basquiat.interfacebbuljit.noodle.service.NaengmyeonService_init_11402204331
[INFO] Running io.basquiat.interfacebbuljit.noodle.service.NaengmyeonService_cooking_16416021482
[INFO] Tests run: 1, Failures: 0, Errors: 0, Skipped: 0, Time elapsed: 0 s - in io.basquiat.interfacebbuljit.noodle.service.NaengmyeonService_cooking_16416021482
[INFO] Running io.basquiat.interfacebbuljit.noodle.service.LamyeonService_init_6908975693
[INFO] Tests run: 1, Failures: 0, Errors: 0, Skipped: 0, Time elapsed: 0 s - in io.basquiat.interfacebbuljit.noodle.service.LamyeonService_init_6908975693
[INFO] Running io.basquiat.interfacebbuljit.noodle.service.VietnamnoodleService_init_11001453713
[INFO] Tests run: 1, Failures: 0, Errors: 0, Skipped: 0, Time elapsed: 0 s - in io.basquiat.interfacebbuljit.noodle.service.VietnamnoodleService_init_11001453713
[INFO] Running io.basquiat.interfacebbuljit.noodle.service.LamyeonService_cooking_1895158540
[INFO] Tests run: 1, Failures: 0, Errors: 0, Skipped: 0, Time elapsed: 0.001 s - in io.basquiat.interfacebbuljit.noodle.service.LamyeonService_cooking_1895158540
[INFO] Running io.basquiat.interfacebbuljit.noodle.service.VietnamnoodleService_cooking_16015270860
[INFO] Tests run: 1, Failures: 0, Errors: 0, Skipped: 0, Time elapsed: 0 s - in io.basquiat.interfacebbuljit.noodle.service.VietnamnoodleService_cooking_16015270860
[INFO] Running io.basquiat.interfacebbuljit.noodle.service.PastaService_cooking_10672043140
[INFO] Tests run: 1, Failures: 0, Errors: 0, Skipped: 0, Time elapsed: 0 s - in io.basquiat.interfacebbuljit.noodle.service.PastaService_cooking_10672043140
[INFO] Running io.basquiat.interfacebbuljit.noodle.service.NoodleService_routeNoodleRecipe_4829285290
[INFO] Tests run: 1, Failures: 0, Errors: 0, Skipped: 0, Time elapsed: 0 s - in io.basquiat.interfacebbuljit.noodle.service.NoodleService_routeNoodleRecipe_4829285290
[INFO] Running io.basquiat.interfacebbuljit.noodle.service.NoodleService_init_1925805613
[INFO] Tests run: 1, Failures: 0, Errors: 0, Skipped: 0, Time elapsed: 0 s - in io.basquiat.interfacebbuljit.noodle.service.NoodleService_init_1925805613
[INFO] Running io.basquiat.interfacebbuljit.noodle.service.VietnamnoodleService_cooking_16015270862
[INFO] Tests run: 1, Failures: 0, Errors: 0, Skipped: 0, Time elapsed: 0 s - in io.basquiat.interfacebbuljit.noodle.service.VietnamnoodleService_cooking_16015270862
[INFO] Running io.basquiat.interfacebbuljit.noodle.service.NaengmyeonService_init_11402204333
[INFO] Tests run: 1, Failures: 0, Errors: 0, Skipped: 0, Time elapsed: 0 s - in io.basquiat.interfacebbuljit.noodle.service.NaengmyeonService_init_11402204333
[INFO] Running io.basquiat.interfacebbuljit.noodle.service.NaengmyeonService_cooking_16416021480
[INFO] Tests run: 1, Failures: 0, Errors: 0, Skipped: 0, Time elapsed: 0 s - in io.basquiat.interfacebbuljit.noodle.service.NaengmyeonService_cooking_16416021480
[INFO] Running io.basquiat.interfacebbuljit.noodle.service.NoodleService_routeNoodleRecipe_4829285292
[INFO] Tests run: 1, Failures: 0, Errors: 0, Skipped: 0, Time elapsed: 0 s - in io.basquiat.interfacebbuljit.noodle.service.NoodleService_routeNoodleRecipe_4829285292
[INFO] Running io.basquiat.interfacebbuljit.noodle.service.LamyeonService_init_6908975691
[INFO] Tests run: 1, Failures: 0, Errors: 0, Skipped: 0, Time elapsed: 0 s - in io.basquiat.interfacebbuljit.noodle.service.LamyeonService_init_6908975691
[INFO] Running io.basquiat.interfacebbuljit.noodle.web.NoodleRestController_noodle_8421649462
[ERROR] Tests run: 1, Failures: 0, Errors: 1, Skipped: 0, Time elapsed: 0 s <<< FAILURE! - in io.basquiat.interfacebbuljit.noodle.web.NoodleRestController_noodle_8421649462
[ERROR] test  Time elapsed: 0 s  <<< ERROR!
java.lang.NullPointerException
	at io.basquiat.interfacebbuljit.noodle.web.NoodleRestController_noodle_8421649462.test(NoodleRestController_noodle_8421649462.java:47)

[INFO] Running io.basquiat.interfacebbuljit.noodle.web.NoodleRestController_init_15411243833
[INFO] Tests run: 1, Failures: 0, Errors: 0, Skipped: 0, Time elapsed: 0 s - in io.basquiat.interfacebbuljit.noodle.web.NoodleRestController_init_15411243833
[INFO] Running io.basquiat.interfacebbuljit.noodle.web.NoodleRestController_init_15411243831
[INFO] Tests run: 1, Failures: 0, Errors: 0, Skipped: 0, Time elapsed: 0 s - in io.basquiat.interfacebbuljit.noodle.web.NoodleRestController_init_15411243831
[INFO] Running io.basquiat.interfacebbuljit.noodle.web.NoodleRestController_noodle_8421649460
[INFO] Tests run: 1, Failures: 0, Errors: 0, Skipped: 0, Time elapsed: 0 s - in io.basquiat.interfacebbuljit.noodle.web.NoodleRestController_noodle_8421649460
[INFO] Running io.basquiat.interfacebbuljit.InterfaceBbuljitApplication_init_3395218260
[INFO] Tests run: 1, Failures: 0, Errors: 0, Skipped: 0, Time elapsed: 0 s - in io.basquiat.interfacebbuljit.InterfaceBbuljitApplication_init_3395218260
[INFO] Running io.basquiat.interfacebbuljit.InterfaceBbuljitApplicationTests
2026-04-09 14:56:55.406  INFO 70 --- [           main] .b.t.c.SpringBootTestContextBootstrapper : Neither @ContextConfiguration nor @ContextHierarchy found for test class [io.basquiat.interfacebbuljit.InterfaceBbuljitApplicationTests], using SpringBootContextLoader
2026-04-09 14:56:55.407  INFO 70 --- [           main] o.s.t.c.support.AbstractContextLoader    : Could not detect default resource locations for test class [io.basquiat.interfacebbuljit.InterfaceBbuljitApplicationTests]: no resource found for suffixes {-context.xml, Context.groovy}.
2026-04-09 14:56:55.407  INFO 70 --- [           main] t.c.s.AnnotationConfigContextLoaderUtils : Could not detect default configuration classes for test class [io.basquiat.interfacebbuljit.InterfaceBbuljitApplicationTests]: InterfaceBbuljitApplicationTests does not declare any static, non-private, non-final, nested classes annotated with @Configuration.
2026-04-09 14:56:55.428  INFO 70 --- [           main] .b.t.c.SpringBootTestContextBootstrapper : Found @SpringBootConfiguration io.basquiat.interfacebbuljit.InterfaceBbuljitApplication for test class io.basquiat.interfacebbuljit.InterfaceBbuljitApplicationTests
2026-04-09 14:56:55.432  INFO 70 --- [           main] .b.t.c.SpringBootTestContextBootstrapper : Loaded default TestExecutionListener class names from location [META-INF/spring.factories]: [org.springframework.boot.test.mock.mockito.MockitoTestExecutionListener, org.springframework.boot.test.mock.mockito.ResetMocksTestExecutionListener, org.springframework.boot.test.autoconfigure.restdocs.RestDocsTestExecutionListener, org.springframework.boot.test.autoconfigure.web.client.MockRestServiceServerResetTestExecutionListener, org.springframework.boot.test.autoconfigure.web.servlet.MockMvcPrintOnlyOnFailureTestExecutionListener, org.springframework.boot.test.autoconfigure.web.servlet.WebDriverTestExecutionListener, org.springframework.boot.test.autoconfigure.webservices.client.MockWebServiceServerTestExecutionListener, org.springframework.test.context.web.ServletTestExecutionListener, org.springframework.test.context.support.DirtiesContextBeforeModesTestExecutionListener, org.springframework.test.context.event.ApplicationEventsTestExecutionListener, org.springframework.test.context.support.DependencyInjectionTestExecutionListener, org.springframework.test.context.support.DirtiesContextTestExecutionListener, org.springframework.test.context.transaction.TransactionalTestExecutionListener, org.springframework.test.context.jdbc.SqlScriptsTestExecutionListener, org.springframework.test.context.event.EventPublishingTestExecutionListener]
2026-04-09 14:56:55.440  INFO 70 --- [           main] .b.t.c.SpringBootTestContextBootstrapper : Using TestExecutionListeners: [org.springframework.test.context.web.ServletTestExecutionListener@66de00f2, org.springframework.test.context.support.DirtiesContextBeforeModesTestExecutionListener@6c479fdf, org.springframework.test.context.event.ApplicationEventsTestExecutionListener@79d82f66, org.springframework.boot.test.mock.mockito.MockitoTestExecutionListener@19b206ee, org.springframework.boot.test.autoconfigure.SpringBootDependencyInjectionTestExecutionListener@ffd4cba, org.springframework.test.context.support.DirtiesContextTestExecutionListener@5f1483fd, org.springframework.test.context.event.EventPublishingTestExecutionListener@670f2466, org.springframework.boot.test.mock.mockito.ResetMocksTestExecutionListener@6e03db1f, org.springframework.boot.test.autoconfigure.restdocs.RestDocsTestExecutionListener@bfec2f9, org.springframework.boot.test.autoconfigure.web.client.MockRestServiceServerResetTestExecutionListener@708eb310, org.springframework.boot.test.autoconfigure.web.servlet.MockMvcPrintOnlyOnFailureTestExecutionListener@6ebc9573, org.springframework.boot.test.autoconfigure.web.servlet.WebDriverTestExecutionListener@1e977098, org.springframework.boot.test.autoconfigure.webservices.client.MockWebServiceServerTestExecutionListener@630390b9]

  .   ____          _            __ _ _
 /\\ / ___'_ __ _ _(_)_ __  __ _ \ \ \ \
( ( )\___ | '_ | '_| | '_ \/ _` | \ \ \ \
 \\/  ___)| |_)| | | | | || (_| |  ) ) ) )
  '  |____| .__|_| |_|_| |_\__, | / / / /
 =========|_|==============|___/=/_/_/_/
 :: Spring Boot ::                (v2.7.0)

2026-04-09 14:56:55.480  INFO 70 --- [           main] i.b.i.InterfaceBbuljitApplicationTests   : Starting InterfaceBbuljitApplicationTests using Java 11.0.16 on 6b14888ca0a5 with PID 70 (started by root in /app)
2026-04-09 14:56:55.481  INFO 70 --- [           main] i.b.i.InterfaceBbuljitApplicationTests   : The following 1 profile is active: "local"
2026-04-09 14:56:55.852  INFO 70 --- [           main] i.b.i.InterfaceBbuljitApplicationTests   : Started InterfaceBbuljitApplicationTests in 0.401 seconds (JVM running for 3.452)
[INFO] Tests run: 1, Failures: 0, Errors: 0, Skipped: 0, Time elapsed: 0.785 s - in io.basquiat.interfacebbuljit.InterfaceBbuljitApplicationTests
[INFO] 
[INFO] Results:
[INFO] 
[ERROR] Errors: 
[ERROR]   InterfaceBbuljitApplication_main_370411783.test:44 » IllegalArgument Args must...
[ERROR]   AddOrNot_init_4220249752.test:42 » IllegalArgument Cannot reflectively create ...
[ERROR]   AddOrNot_init_4220249755.test:47 » IllegalArgument Cannot reflectively create ...
[ERROR]   AddOrNot_valueOf_14194694041.test:42 » IllegalArgument No enum constant io.bas...
[ERROR]   AddOrNot_valueOf_14194694044.test:49 » NullPointer Name is null
[ERROR]   NoodleType_init_4223712553.test:46 » IllegalArgument Cannot reflectively creat...
[ERROR]   NoodleType_init_4223712559.test:51 » IllegalArgument Cannot reflectively creat...
[ERROR]   NoodleType_valueOf_425638121.test:42 » IllegalArgument No enum constant io.bas...
[ERROR]   NoodleType_valueOf_425638127.test:49 » NullPointer Name is null
[ERROR]   BeansUtils_getBean_544417390.test:44 » NoSuchBeanDefinition No bean named 'PAE...
[ERROR]   BeansUtils_getBean_544417392.test:46 » IllegalArgument 'name' must not be null
[ERROR]   NoodleRestController_noodle_8421649462.test:47 » NullPointer
[INFO] 
[ERROR] Tests run: 115, Failures: 0, Errors: 12, Skipped: 0
[INFO] 
[ERROR] There are test failures.

Please refer to /app/target/surefire-reports for the individual test results.
Please refer to dump files (if any exist) [date].dump, [date]-jvmRun[N].dump and [date].dumpstream.
[INFO] 
[INFO] --- jacoco-maven-plugin:0.8.11:report (report) @ interface-bbuljit ---
[INFO] Loading execution data file /app/target/jacoco.exec
[INFO] Analyzed bundle 'interface-bbuljit' with 17 classes
[INFO] 
[INFO] --- jacoco-maven-plugin:0.8.11:report (default-cli) @ interface-bbuljit ---
[INFO] Loading execution data file /app/target/jacoco.exec
[INFO] Analyzed bundle 'interface-bbuljit' with 17 classes
[INFO] ------------------------------------------------------------------------
[INFO] BUILD SUCCESS
[INFO] ------------------------------------------------------------------------
[INFO] Total time:  7.634 s
[INFO] Finished at: 2026-04-09T14:56:56Z
[INFO] ------------------------------------------------------------------------
