[INFO] Scanning for projects...
[WARNING] 
[WARNING] Some problems were encountered while building the effective model for io.basquiat:interface-bbuljit:jar:0.0.1-SNAPSHOT
[WARNING] 'dependencies.dependency.version' for org.jetbrains:annotations:jar is either LATEST or RELEASE (both of them are being deprecated) @ line 58, column 22
[WARNING] 
[WARNING] It is highly recommended to fix these problems because they threaten the stability of your build.
[WARNING] 
[WARNING] For this reason, future Maven versions might no longer support building such malformed projects.
[WARNING] 
[INFO] 
[INFO] -------------------< io.basquiat:interface-bbuljit >--------------------
[INFO] Building interface-bbuljit 0.0.1-SNAPSHOT
[INFO] --------------------------------[ jar ]---------------------------------
[INFO] 
[INFO] --- maven-clean-plugin:3.2.0:clean (default-clean) @ interface-bbuljit ---
[INFO] Deleting /app/target
[INFO] 
[INFO] --- jacoco-maven-plugin:0.8.11:prepare-agent (default) @ interface-bbuljit ---
[INFO] argLine set to -javaagent:/root/.m2/repository/org/jacoco/org.jacoco.agent/0.8.11/org.jacoco.agent-0.8.11-runtime.jar=destfile=/app/target/jacoco.exec
[INFO] 
[INFO] --- maven-resources-plugin:3.2.0:resources (default-resources) @ interface-bbuljit ---
[INFO] Using 'UTF-8' encoding to copy filtered resources.
[INFO] Using 'UTF-8' encoding to copy filtered properties files.
[INFO] Copying 1 resource
[INFO] Copying 0 resource
[INFO] 
[INFO] --- maven-compiler-plugin:3.10.1:compile (default-compile) @ interface-bbuljit ---
[INFO] Changes detected - recompiling the module!
[INFO] Compiling 16 source files to /app/target/classes
[INFO] /app/src/main/java/io/basquiat/interfacebbuljit/noodle/utils/BeansUtils.java: /app/src/main/java/io/basquiat/interfacebbuljit/noodle/utils/BeansUtils.java uses unchecked or unsafe operations.
[INFO] /app/src/main/java/io/basquiat/interfacebbuljit/noodle/utils/BeansUtils.java: Recompile with -Xlint:unchecked for details.
[INFO] 
[INFO] --- build-helper-maven-plugin:3.3.0:add-test-source (add-kex-test-source) @ interface-bbuljit ---
[INFO] Test Source directory: /app/src/test/java/kex-tests added.
[INFO] 
[INFO] --- maven-resources-plugin:3.2.0:testResources (default-testResources) @ interface-bbuljit ---
[INFO] Using 'UTF-8' encoding to copy filtered resources.
[INFO] Using 'UTF-8' encoding to copy filtered properties files.
[INFO] skip non existing resourceDirectory /app/src/test/resources
[INFO] 
[INFO] --- maven-compiler-plugin:3.10.1:testCompile (default-testCompile) @ interface-bbuljit ---
[INFO] Changes detected - recompiling the module!
[INFO] Compiling 1 source file to /app/target/test-classes
[INFO] 
[INFO] --- maven-surefire-plugin:2.22.2:test (default-test) @ interface-bbuljit ---
[INFO] 
[INFO] -------------------------------------------------------
[INFO]  T E S T S
[INFO] -------------------------------------------------------
[INFO] Running io.basquiat.interfacebbuljit.InterfaceBbuljitApplicationTests
02:04:15.146 [main] DEBUG org.springframework.test.context.BootstrapUtils - Instantiating CacheAwareContextLoaderDelegate from class [org.springframework.test.context.cache.DefaultCacheAwareContextLoaderDelegate]
02:04:15.157 [main] DEBUG org.springframework.test.context.BootstrapUtils - Instantiating BootstrapContext using constructor [public org.springframework.test.context.support.DefaultBootstrapContext(java.lang.Class,org.springframework.test.context.CacheAwareContextLoaderDelegate)]
02:04:15.204 [main] DEBUG org.springframework.test.context.BootstrapUtils - Instantiating TestContextBootstrapper for test class [io.basquiat.interfacebbuljit.InterfaceBbuljitApplicationTests] from class [org.springframework.boot.test.context.SpringBootTestContextBootstrapper]
02:04:15.218 [main] INFO org.springframework.boot.test.context.SpringBootTestContextBootstrapper - Neither @ContextConfiguration nor @ContextHierarchy found for test class [io.basquiat.interfacebbuljit.InterfaceBbuljitApplicationTests], using SpringBootContextLoader
02:04:15.224 [main] DEBUG org.springframework.test.context.support.AbstractContextLoader - Did not detect default resource location for test class [io.basquiat.interfacebbuljit.InterfaceBbuljitApplicationTests]: class path resource [io/basquiat/interfacebbuljit/InterfaceBbuljitApplicationTests-context.xml] does not exist
02:04:15.224 [main] DEBUG org.springframework.test.context.support.AbstractContextLoader - Did not detect default resource location for test class [io.basquiat.interfacebbuljit.InterfaceBbuljitApplicationTests]: class path resource [io/basquiat/interfacebbuljit/InterfaceBbuljitApplicationTestsContext.groovy] does not exist
02:04:15.224 [main] INFO org.springframework.test.context.support.AbstractContextLoader - Could not detect default resource locations for test class [io.basquiat.interfacebbuljit.InterfaceBbuljitApplicationTests]: no resource found for suffixes {-context.xml, Context.groovy}.
02:04:15.225 [main] INFO org.springframework.test.context.support.AnnotationConfigContextLoaderUtils - Could not detect default configuration classes for test class [io.basquiat.interfacebbuljit.InterfaceBbuljitApplicationTests]: InterfaceBbuljitApplicationTests does not declare any static, non-private, non-final, nested classes annotated with @Configuration.
02:04:15.272 [main] DEBUG org.springframework.test.context.support.ActiveProfilesUtils - Could not find an 'annotation declaring class' for annotation type [org.springframework.test.context.ActiveProfiles] and class [io.basquiat.interfacebbuljit.InterfaceBbuljitApplicationTests]
02:04:15.345 [main] DEBUG org.springframework.context.annotation.ClassPathScanningCandidateComponentProvider - Identified candidate component class: file [/app/target/classes/io/basquiat/interfacebbuljit/InterfaceBbuljitApplication.class]
02:04:15.346 [main] INFO org.springframework.boot.test.context.SpringBootTestContextBootstrapper - Found @SpringBootConfiguration io.basquiat.interfacebbuljit.InterfaceBbuljitApplication for test class io.basquiat.interfacebbuljit.InterfaceBbuljitApplicationTests
02:04:15.456 [main] DEBUG org.springframework.boot.test.context.SpringBootTestContextBootstrapper - @TestExecutionListeners is not present for class [io.basquiat.interfacebbuljit.InterfaceBbuljitApplicationTests]: using defaults.
02:04:15.456 [main] INFO org.springframework.boot.test.context.SpringBootTestContextBootstrapper - Loaded default TestExecutionListener class names from location [META-INF/spring.factories]: [org.springframework.boot.test.mock.mockito.MockitoTestExecutionListener, org.springframework.boot.test.mock.mockito.ResetMocksTestExecutionListener, org.springframework.boot.test.autoconfigure.restdocs.RestDocsTestExecutionListener, org.springframework.boot.test.autoconfigure.web.client.MockRestServiceServerResetTestExecutionListener, org.springframework.boot.test.autoconfigure.web.servlet.MockMvcPrintOnlyOnFailureTestExecutionListener, org.springframework.boot.test.autoconfigure.web.servlet.WebDriverTestExecutionListener, org.springframework.boot.test.autoconfigure.webservices.client.MockWebServiceServerTestExecutionListener, org.springframework.test.context.web.ServletTestExecutionListener, org.springframework.test.context.support.DirtiesContextBeforeModesTestExecutionListener, org.springframework.test.context.event.ApplicationEventsTestExecutionListener, org.springframework.test.context.support.DependencyInjectionTestExecutionListener, org.springframework.test.context.support.DirtiesContextTestExecutionListener, org.springframework.test.context.transaction.TransactionalTestExecutionListener, org.springframework.test.context.jdbc.SqlScriptsTestExecutionListener, org.springframework.test.context.event.EventPublishingTestExecutionListener]
02:04:15.470 [main] DEBUG org.springframework.boot.test.context.SpringBootTestContextBootstrapper - Skipping candidate TestExecutionListener [org.springframework.test.context.transaction.TransactionalTestExecutionListener] due to a missing dependency. Specify custom listener classes or make the default listener classes and their required dependencies available. Offending class: [org/springframework/transaction/interceptor/TransactionAttributeSource]
02:04:15.471 [main] DEBUG org.springframework.boot.test.context.SpringBootTestContextBootstrapper - Skipping candidate TestExecutionListener [org.springframework.test.context.jdbc.SqlScriptsTestExecutionListener] due to a missing dependency. Specify custom listener classes or make the default listener classes and their required dependencies available. Offending class: [org/springframework/transaction/interceptor/TransactionAttribute]
02:04:15.471 [main] INFO org.springframework.boot.test.context.SpringBootTestContextBootstrapper - Using TestExecutionListeners: [org.springframework.test.context.web.ServletTestExecutionListener@1c815814, org.springframework.test.context.support.DirtiesContextBeforeModesTestExecutionListener@14af73e1, org.springframework.test.context.event.ApplicationEventsTestExecutionListener@73da303e, org.springframework.boot.test.mock.mockito.MockitoTestExecutionListener@24068086, org.springframework.boot.test.autoconfigure.SpringBootDependencyInjectionTestExecutionListener@32513dea, org.springframework.test.context.support.DirtiesContextTestExecutionListener@5d0e703a, org.springframework.test.context.event.EventPublishingTestExecutionListener@7f77e065, org.springframework.boot.test.mock.mockito.ResetMocksTestExecutionListener@6f655dbd, org.springframework.boot.test.autoconfigure.restdocs.RestDocsTestExecutionListener@546083d6, org.springframework.boot.test.autoconfigure.web.client.MockRestServiceServerResetTestExecutionListener@7ac1b6c0, org.springframework.boot.test.autoconfigure.web.servlet.MockMvcPrintOnlyOnFailureTestExecutionListener@3a751535, org.springframework.boot.test.autoconfigure.web.servlet.WebDriverTestExecutionListener@7fb82f73, org.springframework.boot.test.autoconfigure.webservices.client.MockWebServiceServerTestExecutionListener@2f166d61]
02:04:15.475 [main] DEBUG org.springframework.test.context.support.AbstractDirtiesContextTestExecutionListener - Before test class: context [DefaultTestContext@b6136eb testClass = InterfaceBbuljitApplicationTests, testInstance = [null], testMethod = [null], testException = [null], mergedContextConfiguration = [WebMergedContextConfiguration@2cce10bc testClass = InterfaceBbuljitApplicationTests, locations = '{}', classes = '{class io.basquiat.interfacebbuljit.InterfaceBbuljitApplication}', contextInitializerClasses = '[]', activeProfiles = '{}', propertySourceLocations = '{}', propertySourceProperties = '{org.springframework.boot.test.context.SpringBootTestContextBootstrapper=true}', contextCustomizers = set[org.springframework.boot.test.context.filter.ExcludeFilterContextCustomizer@5ccb85d6, org.springframework.boot.test.json.DuplicateJsonObjectContextCustomizerFactory$DuplicateJsonObjectContextCustomizer@7a687d8d, org.springframework.boot.test.mock.mockito.MockitoContextCustomizer@0, org.springframework.boot.test.web.client.TestRestTemplateContextCustomizer@1c57f6b2, org.springframework.boot.test.autoconfigure.actuate.metrics.MetricsExportContextCustomizerFactory$DisableMetricExportContextCustomizer@14447be, org.springframework.boot.test.autoconfigure.properties.PropertyMappingContextCustomizer@0, org.springframework.boot.test.autoconfigure.web.servlet.WebDriverContextCustomizerFactory$Customizer@c1050f2, org.springframework.boot.test.context.SpringBootTestArgs@1, org.springframework.boot.test.context.SpringBootTestWebEnvironment@659eef7], resourceBasePath = 'src/main/webapp', contextLoader = 'org.springframework.boot.test.context.SpringBootContextLoader', parent = [null]], attributes = map['org.springframework.test.context.web.ServletTestExecutionListener.activateListener' -> true]], class annotated with @DirtiesContext [false] with mode [null].

  .   ____          _            __ _ _
 /\\ / ___'_ __ _ _(_)_ __  __ _ \ \ \ \
( ( )\___ | '_ | '_| | '_ \/ _` | \ \ \ \
 \\/  ___)| |_)| | | | | || (_| |  ) ) ) )
  '  |____| .__|_| |_|_| |_\__, | / / / /
 =========|_|==============|___/=/_/_/_/
 :: Spring Boot ::                (v2.7.0)

2026-04-08 02:04:15.881  INFO 70 --- [           main] i.b.i.InterfaceBbuljitApplicationTests   : Starting InterfaceBbuljitApplicationTests using Java 11.0.16 on 1f03d8457cee with PID 70 (started by root in /app)
2026-04-08 02:04:15.882  INFO 70 --- [           main] i.b.i.InterfaceBbuljitApplicationTests   : The following 1 profile is active: "local"
2026-04-08 02:04:17.014  INFO 70 --- [           main] i.b.i.InterfaceBbuljitApplicationTests   : Started InterfaceBbuljitApplicationTests in 1.497 seconds (JVM running for 2.513)
[INFO] Tests run: 1, Failures: 0, Errors: 0, Skipped: 0, Time elapsed: 2.26 s - in io.basquiat.interfacebbuljit.InterfaceBbuljitApplicationTests
[INFO] 
[INFO] Results:
[INFO] 
[INFO] Tests run: 1, Failures: 0, Errors: 0, Skipped: 0
[INFO] 
[INFO] 
[INFO] --- jacoco-maven-plugin:0.8.11:report (report) @ interface-bbuljit ---
[INFO] Loading execution data file /app/target/jacoco.exec
[INFO] Analyzed bundle 'interface-bbuljit' with 17 classes
[INFO] 
[INFO] --- jacoco-maven-plugin:0.8.11:report (default-cli) @ interface-bbuljit ---
[INFO] Loading execution data file /app/target/jacoco.exec
[INFO] Analyzed bundle 'interface-bbuljit' with 17 classes
[INFO] ------------------------------------------------------------------------
[INFO] BUILD SUCCESS
[INFO] ------------------------------------------------------------------------
[INFO] Total time:  5.363 s
[INFO] Finished at: 2026-04-08T02:04:17Z
[INFO] ------------------------------------------------------------------------
