[INFO] Scanning for projects...
[INFO] 
[INFO] -------------------< tech.jiayezheng:miniJuliaSonar >-------------------
[INFO] Building miniJuliaSonar 1.0
[INFO] --------------------------------[ jar ]---------------------------------
[INFO] 
[INFO] --- maven-clean-plugin:2.5:clean (default-clean) @ miniJuliaSonar ---
[INFO] Deleting /app/target
[INFO] 
[INFO] --- jacoco-maven-plugin:0.8.11:prepare-agent (default) @ miniJuliaSonar ---
[INFO] argLine set to -javaagent:/root/.m2/repository/org/jacoco/org.jacoco.agent/0.8.11/org.jacoco.agent-0.8.11-runtime.jar=destfile=/app/target/jacoco.exec
[INFO] 
[INFO] --- maven-resources-plugin:2.6:resources (default-resources) @ miniJuliaSonar ---
[WARNING] Using platform encoding (UTF-8 actually) to copy filtered resources, i.e. build is platform dependent!
[INFO] Copying 16 resources
[INFO] 
[INFO] --- maven-compiler-plugin:3.1:compile (default-compile) @ miniJuliaSonar ---
[INFO] Changes detected - recompiling the module!
[WARNING] File encoding has not been set, using platform encoding UTF-8, i.e. build is platform dependent!
[INFO] Compiling 99 source files to /app/target/classes
[WARNING] /app/src/main/java/tech/jiayezheng/miniJuliaSonar/$.java:[8,33] sun.net.www.protocol.file.FileURLConnection is internal proprietary API and may be removed in a future release
[WARNING] /app/src/main/java/tech/jiayezheng/miniJuliaSonar/$.java:[202,45] sun.net.www.protocol.file.FileURLConnection is internal proprietary API and may be removed in a future release
[WARNING] /app/src/main/java/tech/jiayezheng/miniJuliaSonar/visitor/Visitor1.java: Some input files use unchecked or unsafe operations.
[WARNING] /app/src/main/java/tech/jiayezheng/miniJuliaSonar/visitor/Visitor1.java: Recompile with -Xlint:unchecked for details.
[INFO] 
[INFO] --- build-helper-maven-plugin:3.3.0:add-test-source (add-kex-test-source) @ miniJuliaSonar ---
[INFO] Test Source directory: /app/src/test/java/kex-tests added.
[INFO] 
[INFO] --- maven-resources-plugin:2.6:testResources (default-testResources) @ miniJuliaSonar ---
[WARNING] Using platform encoding (UTF-8 actually) to copy filtered resources, i.e. build is platform dependent!
[INFO] skip non existing resourceDirectory /app/src/test/resources
[INFO] 
[INFO] --- maven-compiler-plugin:3.1:testCompile (default-testCompile) @ miniJuliaSonar ---
[INFO] Changes detected - recompiling the module!
[WARNING] File encoding has not been set, using platform encoding UTF-8, i.e. build is platform dependent!
[INFO] Compiling 5 source files to /app/target/test-classes
[INFO] 
[INFO] --- maven-surefire-plugin:2.12.4:test (default-test) @ miniJuliaSonar ---
[INFO] Surefire report directory: /app/target/surefire-reports

-------------------------------------------------------
 T E S T S
-------------------------------------------------------

Results :

Tests run: 0, Failures: 0, Errors: 0, Skipped: 0

[INFO] 
[INFO] --- jacoco-maven-plugin:0.8.11:report (report) @ miniJuliaSonar ---
[INFO] Loading execution data file /app/target/jacoco.exec
[INFO] Analyzed bundle 'miniJuliaSonar' with 115 classes
[INFO] 
[INFO] --- jacoco-maven-plugin:0.8.11:report (default-cli) @ miniJuliaSonar ---
[INFO] Loading execution data file /app/target/jacoco.exec
[INFO] Analyzed bundle 'miniJuliaSonar' with 115 classes
[INFO] ------------------------------------------------------------------------
[INFO] BUILD SUCCESS
[INFO] ------------------------------------------------------------------------
[INFO] Total time:  2.756 s
[INFO] Finished at: 2026-04-09T16:00:14Z
[INFO] ------------------------------------------------------------------------
