[INFO] Scanning for projects...
[INFO] 
[INFO] -------------------< tech.jiayezheng:miniJuliaSonar >-------------------
[INFO] Building miniJuliaSonar 1.0
[INFO] --------------------------------[ jar ]---------------------------------
[INFO] 
[INFO] --- maven-clean-plugin:2.5:clean (default-clean) @ miniJuliaSonar ---
[INFO] Deleting /app/target
[INFO] 
[INFO] --- jacoco-maven-plugin:0.8.11:prepare-agent (default) @ miniJuliaSonar ---
[INFO] argLine set to -javaagent:/root/.m2/repository/org/jacoco/org.jacoco.agent/0.8.11/org.jacoco.agent-0.8.11-runtime.jar=destfile=/app/target/jacoco.exec
[INFO] 
[INFO] --- maven-resources-plugin:2.6:resources (default-resources) @ miniJuliaSonar ---
[WARNING] Using platform encoding (UTF-8 actually) to copy filtered resources, i.e. build is platform dependent!
[INFO] Copying 16 resources
[INFO] 
[INFO] --- maven-compiler-plugin:3.1:compile (default-compile) @ miniJuliaSonar ---
[INFO] Changes detected - recompiling the module!
[WARNING] File encoding has not been set, using platform encoding UTF-8, i.e. build is platform dependent!
[INFO] Compiling 99 source files to /app/target/classes
[WARNING] /app/src/main/java/tech/jiayezheng/miniJuliaSonar/$.java:[8,33] sun.net.www.protocol.file.FileURLConnection is internal proprietary API and may be removed in a future release
[WARNING] /app/src/main/java/tech/jiayezheng/miniJuliaSonar/$.java:[202,45] sun.net.www.protocol.file.FileURLConnection is internal proprietary API and may be removed in a future release
[WARNING] /app/src/main/java/tech/jiayezheng/miniJuliaSonar/visitor/Visitor1.java: Some input files use unchecked or unsafe operations.
[WARNING] /app/src/main/java/tech/jiayezheng/miniJuliaSonar/visitor/Visitor1.java: Recompile with -Xlint:unchecked for details.
[INFO] 
[INFO] --- build-helper-maven-plugin:3.3.0:add-test-source (add-kex-test-source) @ miniJuliaSonar ---
[INFO] Test Source directory: /app/src/test/java/kex-tests added.
[INFO] 
[INFO] --- maven-resources-plugin:2.6:testResources (default-testResources) @ miniJuliaSonar ---
[WARNING] Using platform encoding (UTF-8 actually) to copy filtered resources, i.e. build is platform dependent!
[INFO] skip non existing resourceDirectory /app/src/test/resources
[INFO] 
[INFO] --- maven-compiler-plugin:3.1:testCompile (default-testCompile) @ miniJuliaSonar ---
[INFO] Changes detected - recompiling the module!
[WARNING] File encoding has not been set, using platform encoding UTF-8, i.e. build is platform dependent!
[INFO] Compiling 994 source files to /app/target/test-classes
[WARNING] /app/src/test/java/kex-tests/tests/tech/jiayezheng/miniJuliaSonar/type/ReflectionUtils.java:[9,16] sun.misc.Unsafe is internal proprietary API and may be removed in a future release
[WARNING] /app/src/test/java/kex-tests/tests/tech/jiayezheng/miniJuliaSonar/ast/ReflectionUtils.java:[9,16] sun.misc.Unsafe is internal proprietary API and may be removed in a future release
[WARNING] /app/src/test/java/kex-tests/tests/tech/jiayezheng/miniJuliaSonar/visitor/ReflectionUtils.java:[9,16] sun.misc.Unsafe is internal proprietary API and may be removed in a future release
[WARNING] /app/src/test/java/kex-tests/tests/tech/jiayezheng/miniJuliaSonar/demo/ReflectionUtils.java:[9,16] sun.misc.Unsafe is internal proprietary API and may be removed in a future release
[WARNING] /app/src/test/java/kex-tests/tests/tech/jiayezheng/miniJuliaSonar/ReflectionUtils.java:[9,16] sun.misc.Unsafe is internal proprietary API and may be removed in a future release
[WARNING] /app/src/test/java/kex-tests/tests/tech/jiayezheng/miniJuliaSonar/type/ReflectionUtils.java:[13,25] sun.misc.Unsafe is internal proprietary API and may be removed in a future release
[WARNING] /app/src/test/java/kex-tests/tests/tech/jiayezheng/miniJuliaSonar/type/ReflectionUtils.java:[17,31] sun.misc.Unsafe is internal proprietary API and may be removed in a future release
[WARNING] /app/src/test/java/kex-tests/tests/tech/jiayezheng/miniJuliaSonar/type/ReflectionUtils.java:[19,23] sun.misc.Unsafe is internal proprietary API and may be removed in a future release
[WARNING] /app/src/test/java/kex-tests/tests/tech/jiayezheng/miniJuliaSonar/ast/ReflectionUtils.java:[13,25] sun.misc.Unsafe is internal proprietary API and may be removed in a future release
[WARNING] /app/src/test/java/kex-tests/tests/tech/jiayezheng/miniJuliaSonar/ast/ReflectionUtils.java:[17,31] sun.misc.Unsafe is internal proprietary API and may be removed in a future release
[WARNING] /app/src/test/java/kex-tests/tests/tech/jiayezheng/miniJuliaSonar/ast/ReflectionUtils.java:[19,23] sun.misc.Unsafe is internal proprietary API and may be removed in a future release
[WARNING] /app/src/test/java/kex-tests/tests/tech/jiayezheng/miniJuliaSonar/visitor/ReflectionUtils.java:[13,25] sun.misc.Unsafe is internal proprietary API and may be removed in a future release
[WARNING] /app/src/test/java/kex-tests/tests/tech/jiayezheng/miniJuliaSonar/visitor/ReflectionUtils.java:[17,31] sun.misc.Unsafe is internal proprietary API and may be removed in a future release
[WARNING] /app/src/test/java/kex-tests/tests/tech/jiayezheng/miniJuliaSonar/visitor/ReflectionUtils.java:[19,23] sun.misc.Unsafe is internal proprietary API and may be removed in a future release
[WARNING] /app/src/test/java/kex-tests/tests/tech/jiayezheng/miniJuliaSonar/demo/ReflectionUtils.java:[13,25] sun.misc.Unsafe is internal proprietary API and may be removed in a future release
[WARNING] /app/src/test/java/kex-tests/tests/tech/jiayezheng/miniJuliaSonar/demo/ReflectionUtils.java:[17,31] sun.misc.Unsafe is internal proprietary API and may be removed in a future release
[WARNING] /app/src/test/java/kex-tests/tests/tech/jiayezheng/miniJuliaSonar/demo/ReflectionUtils.java:[19,23] sun.misc.Unsafe is internal proprietary API and may be removed in a future release
[WARNING] /app/src/test/java/kex-tests/tests/tech/jiayezheng/miniJuliaSonar/ReflectionUtils.java:[13,25] sun.misc.Unsafe is internal proprietary API and may be removed in a future release
[WARNING] /app/src/test/java/kex-tests/tests/tech/jiayezheng/miniJuliaSonar/ReflectionUtils.java:[17,31] sun.misc.Unsafe is internal proprietary API and may be removed in a future release
[WARNING] /app/src/test/java/kex-tests/tests/tech/jiayezheng/miniJuliaSonar/ReflectionUtils.java:[19,23] sun.misc.Unsafe is internal proprietary API and may be removed in a future release
[WARNING] /app/src/test/java/kex-tests/tests/tech/jiayezheng/miniJuliaSonar/ast/Dummy_init_12584460471.java: Some input files use or override a deprecated API.
[WARNING] /app/src/test/java/kex-tests/tests/tech/jiayezheng/miniJuliaSonar/ast/Dummy_init_12584460471.java: Recompile with -Xlint:deprecation for details.
[WARNING] /app/src/test/java/kex-tests/tests/tech/jiayezheng/miniJuliaSonar/type/UnionType_hashCode_111027595610.java: Some input files use unchecked or unsafe operations.
[WARNING] /app/src/test/java/kex-tests/tests/tech/jiayezheng/miniJuliaSonar/type/UnionType_hashCode_111027595610.java: Recompile with -Xlint:unchecked for details.
[INFO] 
[INFO] --- maven-surefire-plugin:2.12.4:test (default-test) @ miniJuliaSonar ---
[INFO] Surefire report directory: /app/target/surefire-reports

-------------------------------------------------------
 T E S T S
-------------------------------------------------------
Running tech.jiayezheng.miniJuliaSonar.TypeStack_Pair_init_18835394010
WARNING: An illegal reflective access operation has occurred
WARNING: Illegal reflective access by tech.jiayezheng.miniJuliaSonar.ReflectionUtils (file:/app/target/test-classes/) to field java.lang.reflect.Field.modifiers
WARNING: Please consider reporting this to the maintainers of tech.jiayezheng.miniJuliaSonar.ReflectionUtils
WARNING: Use --illegal-access=warn to enable warnings of further illegal reflective access operations
WARNING: All illegal access operations will be denied in a future release
Tests run: 1, Failures: 0, Errors: 0, Skipped: 0, Time elapsed: 0.055 sec
Running tech.jiayezheng.miniJuliaSonar.TypeStack_Pair_init_18835394011
Tests run: 1, Failures: 0, Errors: 0, Skipped: 0, Time elapsed: 0 sec
Running tech.jiayezheng.miniJuliaSonar.Options_hasOption_12724456712
Tests run: 1, Failures: 0, Errors: 0, Skipped: 0, Time elapsed: 0.001 sec
Running tech.jiayezheng.miniJuliaSonar.Outliner_Entry_getQname_10316281142
Tests run: 1, Failures: 0, Errors: 1, Skipped: 0, Time elapsed: 0.006 sec <<< FAILURE!
test(tech.jiayezheng.miniJuliaSonar.Outliner_Entry_getQname_10316281142)  Time elapsed: 0.006 sec  <<< ERROR!
java.lang.NullPointerException
	at java.base/jdk.internal.reflect.NativeMethodAccessorImpl.invoke0(Native Method)
	at java.base/jdk.internal.reflect.NativeMethodAccessorImpl.invoke(NativeMethodAccessorImpl.java:62)
	at java.base/jdk.internal.reflect.DelegatingMethodAccessorImpl.invoke(DelegatingMethodAccessorImpl.java:43)
	at java.base/java.lang.reflect.Method.invoke(Method.java:566)
	at tech.jiayezheng.miniJuliaSonar.ReflectionUtils.callMethod(ReflectionUtils.java:328)
	at tech.jiayezheng.miniJuliaSonar.Outliner_Entry_getQname_10316281142.test(Outliner_Entry_getQname_10316281142.java:40)
	at java.base/jdk.internal.reflect.NativeMethodAccessorImpl.invoke0(Native Method)
	at java.base/jdk.internal.reflect.NativeMethodAccessorImpl.invoke(NativeMethodAccessorImpl.java:62)
	at java.base/jdk.internal.reflect.DelegatingMethodAccessorImpl.invoke(DelegatingMethodAccessorImpl.java:43)
	at java.base/java.lang.reflect.Method.invoke(Method.java:566)
	at org.junit.runners.model.FrameworkMethod$1.runReflectiveCall(FrameworkMethod.java:59)
	at org.junit.internal.runners.model.ReflectiveCallable.run(ReflectiveCallable.java:12)
	at org.junit.runners.model.FrameworkMethod.invokeExplosively(FrameworkMethod.java:56)
	at org.junit.internal.runners.statements.InvokeMethod.evaluate(InvokeMethod.java:17)
	at org.junit.internal.runners.statements.RunBefores.evaluate(RunBefores.java:26)
	at org.junit.internal.runners.statements.FailOnTimeout$CallableStatement.call(FailOnTimeout.java:299)
	at org.junit.internal.runners.statements.FailOnTimeout$CallableStatement.call(FailOnTimeout.java:293)
	at java.base/java.util.concurrent.FutureTask.run(FutureTask.java:264)
	at java.base/java.lang.Thread.run(Thread.java:829)

Running tech.jiayezheng.miniJuliaSonar.Binding_initLocationInfo_191182171615
Tests run: 1, Failures: 0, Errors: 1, Skipped: 0, Time elapsed: 0.002 sec <<< FAILURE!
test(tech.jiayezheng.miniJuliaSonar.Binding_initLocationInfo_191182171615)  Time elapsed: 0.002 sec  <<< ERROR!
java.lang.NullPointerException
	at tech.jiayezheng.miniJuliaSonar.Binding.initLocationInfo(Binding.java:79)
	at java.base/jdk.internal.reflect.NativeMethodAccessorImpl.invoke0(Native Method)
	at java.base/jdk.internal.reflect.NativeMethodAccessorImpl.invoke(NativeMethodAccessorImpl.java:62)
	at java.base/jdk.internal.reflect.DelegatingMethodAccessorImpl.invoke(DelegatingMethodAccessorImpl.java:43)
	at java.base/java.lang.reflect.Method.invoke(Method.java:566)
	at tech.jiayezheng.miniJuliaSonar.ReflectionUtils.callMethod(ReflectionUtils.java:328)
	at tech.jiayezheng.miniJuliaSonar.Binding_initLocationInfo_191182171615.test(Binding_initLocationInfo_191182171615.java:57)
	at java.base/jdk.internal.reflect.NativeMethodAccessorImpl.invoke0(Native Method)
	at java.base/jdk.internal.reflect.NativeMethodAccessorImpl.invoke(NativeMethodAccessorImpl.java:62)
	at java.base/jdk.internal.reflect.DelegatingMethodAccessorImpl.invoke(DelegatingMethodAccessorImpl.java:43)
	at java.base/java.lang.reflect.Method.invoke(Method.java:566)
	at org.junit.runners.model.FrameworkMethod$1.runReflectiveCall(FrameworkMethod.java:59)
	at org.junit.internal.runners.model.ReflectiveCallable.run(ReflectiveCallable.java:12)
	at org.junit.runners.model.FrameworkMethod.invokeExplosively(FrameworkMethod.java:56)
	at org.junit.internal.runners.statements.InvokeMethod.evaluate(InvokeMethod.java:17)
	at org.junit.internal.runners.statements.RunBefores.evaluate(RunBefores.java:26)
	at org.junit.internal.runners.statements.FailOnTimeout$CallableStatement.call(FailOnTimeout.java:299)
	at org.junit.internal.runners.statements.FailOnTimeout$CallableStatement.call(FailOnTimeout.java:293)
	at java.base/java.util.concurrent.FutureTask.run(FutureTask.java:264)
	at java.base/java.lang.Thread.run(Thread.java:829)

Running tech.jiayezheng.miniJuliaSonar.Outliner_init_1923993654
Tests run: 1, Failures: 0, Errors: 0, Skipped: 0, Time elapsed: 0.002 sec
Running tech.jiayezheng.miniJuliaSonar.__getSystemTempDir_6822580346
Tests run: 1, Failures: 0, Errors: 0, Skipped: 0, Time elapsed: 0.007 sec
Running tech.jiayezheng.miniJuliaSonar.Globals_Arch_valueOf_4117291484
Tests run: 1, Failures: 0, Errors: 1, Skipped: 0, Time elapsed: 0.001 sec <<< FAILURE!
test(tech.jiayezheng.miniJuliaSonar.Globals_Arch_valueOf_4117291484)  Time elapsed: 0.001 sec  <<< ERROR!
java.lang.IllegalStateException
	at tech.jiayezheng.miniJuliaSonar.Globals_Arch_valueOf_4117291484.unknown(Globals_Arch_valueOf_4117291484.java:29)
	at tech.jiayezheng.miniJuliaSonar.Globals_Arch_valueOf_4117291484.setup(Globals_Arch_valueOf_4117291484.java:34)
	at java.base/jdk.internal.reflect.NativeMethodAccessorImpl.invoke0(Native Method)
	at java.base/jdk.internal.reflect.NativeMethodAccessorImpl.invoke(NativeMethodAccessorImpl.java:62)
	at java.base/jdk.internal.reflect.DelegatingMethodAccessorImpl.invoke(DelegatingMethodAccessorImpl.java:43)
	at java.base/java.lang.reflect.Method.invoke(Method.java:566)
	at org.junit.runners.model.FrameworkMethod$1.runReflectiveCall(FrameworkMethod.java:59)
	at org.junit.internal.runners.model.ReflectiveCallable.run(ReflectiveCallable.java:12)
	at org.junit.runners.model.FrameworkMethod.invokeExplosively(FrameworkMethod.java:56)
	at org.junit.internal.runners.statements.RunBefores.invokeMethod(RunBefores.java:33)
	at org.junit.internal.runners.statements.RunBefores.evaluate(RunBefores.java:24)
	at org.junit.internal.runners.statements.FailOnTimeout$CallableStatement.call(FailOnTimeout.java:299)
	at org.junit.internal.runners.statements.FailOnTimeout$CallableStatement.call(FailOnTimeout.java:293)
	at java.base/java.util.concurrent.FutureTask.run(FutureTask.java:264)
	at java.base/java.lang.Thread.run(Thread.java:829)

Running tech.jiayezheng.miniJuliaSonar.Outliner_Entry_getName_1871147017
Tests run: 1, Failures: 0, Errors: 1, Skipped: 0, Time elapsed: 0.001 sec <<< FAILURE!
test(tech.jiayezheng.miniJuliaSonar.Outliner_Entry_getName_1871147017)  Time elapsed: 0.001 sec  <<< ERROR!
java.lang.NullPointerException
	at java.base/jdk.internal.reflect.NativeMethodAccessorImpl.invoke0(Native Method)
	at java.base/jdk.internal.reflect.NativeMethodAccessorImpl.invoke(NativeMethodAccessorImpl.java:62)
	at java.base/jdk.internal.reflect.DelegatingMethodAccessorImpl.invoke(DelegatingMethodAccessorImpl.java:43)
	at java.base/java.lang.reflect.Method.invoke(Method.java:566)
	at tech.jiayezheng.miniJuliaSonar.ReflectionUtils.callMethod(ReflectionUtils.java:328)
	at tech.jiayezheng.miniJuliaSonar.Outliner_Entry_getName_1871147017.test(Outliner_Entry_getName_1871147017.java:40)
	at java.base/jdk.internal.reflect.NativeMethodAccessorImpl.invoke0(Native Method)
	at java.base/jdk.internal.reflect.NativeMethodAccessorImpl.invoke(NativeMethodAccessorImpl.java:62)
	at java.base/jdk.internal.reflect.DelegatingMethodAccessorImpl.invoke(DelegatingMethodAccessorImpl.java:43)
	at java.base/java.lang.reflect.Method.invoke(Method.java:566)
	at org.junit.runners.model.FrameworkMethod$1.runReflectiveCall(FrameworkMethod.java:59)
	at org.junit.internal.runners.model.ReflectiveCallable.run(ReflectiveCallable.java:12)
	at org.junit.runners.model.FrameworkMethod.invokeExplosively(FrameworkMethod.java:56)
	at org.junit.internal.runners.statements.InvokeMethod.evaluate(InvokeMethod.java:17)
	at org.junit.internal.runners.statements.RunBefores.evaluate(RunBefores.java:26)
	at org.junit.internal.runners.statements.FailOnTimeout$CallableStatement.call(FailOnTimeout.java:299)
	at org.junit.internal.runners.statements.FailOnTimeout$CallableStatement.call(FailOnTimeout.java:293)
	at java.base/java.util.concurrent.FutureTask.run(FutureTask.java:264)
	at java.base/java.lang.Thread.run(Thread.java:829)

Running tech.jiayezheng.miniJuliaSonar.Builtins_newFunc_18546664019
Tests run: 1, Failures: 0, Errors: 0, Skipped: 0, Time elapsed: 0.012 sec
Running tech.jiayezheng.miniJuliaSonar.Outliner_Entry_getQname_103162811412
Tests run: 1, Failures: 0, Errors: 1, Skipped: 0, Time elapsed: 0.001 sec <<< FAILURE!
test(tech.jiayezheng.miniJuliaSonar.Outliner_Entry_getQname_103162811412)  Time elapsed: 0.001 sec  <<< ERROR!
java.lang.NullPointerException
	at java.base/jdk.internal.reflect.NativeMethodAccessorImpl.invoke0(Native Method)
	at java.base/jdk.internal.reflect.NativeMethodAccessorImpl.invoke(NativeMethodAccessorImpl.java:62)
	at java.base/jdk.internal.reflect.DelegatingMethodAccessorImpl.invoke(DelegatingMethodAccessorImpl.java:43)
	at java.base/java.lang.reflect.Method.invoke(Method.java:566)
	at tech.jiayezheng.miniJuliaSonar.ReflectionUtils.callMethod(ReflectionUtils.java:328)
	at tech.jiayezheng.miniJuliaSonar.Outliner_Entry_getQname_103162811412.test(Outliner_Entry_getQname_103162811412.java:40)
	at java.base/jdk.internal.reflect.NativeMethodAccessorImpl.invoke0(Native Method)
	at java.base/jdk.internal.reflect.NativeMethodAccessorImpl.invoke(NativeMethodAccessorImpl.java:62)
	at java.base/jdk.internal.reflect.DelegatingMethodAccessorImpl.invoke(DelegatingMethodAccessorImpl.java:43)
	at java.base/java.lang.reflect.Method.invoke(Method.java:566)
	at org.junit.runners.model.FrameworkMethod$1.runReflectiveCall(FrameworkMethod.java:59)
	at org.junit.internal.runners.model.ReflectiveCallable.run(ReflectiveCallable.java:12)
	at org.junit.runners.model.FrameworkMethod.invokeExplosively(FrameworkMethod.java:56)
	at org.junit.internal.runners.statements.InvokeMethod.evaluate(InvokeMethod.java:17)
	at org.junit.internal.runners.statements.RunBefores.evaluate(RunBefores.java:26)
	at org.junit.internal.runners.statements.FailOnTimeout$CallableStatement.call(FailOnTimeout.java:299)
	at org.junit.internal.runners.statements.FailOnTimeout$CallableStatement.call(FailOnTimeout.java:293)
	at java.base/java.util.concurrent.FutureTask.run(FutureTask.java:264)
	at java.base/java.lang.Thread.run(Thread.java:829)

Running tech.jiayezheng.miniJuliaSonar.Stats_print_7574888445
Tests run: 1, Failures: 0, Errors: 0, Skipped: 0, Time elapsed: 0.002 sec
Running tech.jiayezheng.miniJuliaSonar.TestInference_init_209053877312
Tests run: 1, Failures: 0, Errors: 1, Skipped: 0, Time elapsed: 0.003 sec <<< FAILURE!
test(tech.jiayezheng.miniJuliaSonar.TestInference_init_209053877312)  Time elapsed: 0.003 sec  <<< ERROR!
java.lang.reflect.InvocationTargetException
	at java.base/jdk.internal.reflect.NativeConstructorAccessorImpl.newInstance0(Native Method)
	at java.base/jdk.internal.reflect.NativeConstructorAccessorImpl.newInstance(NativeConstructorAccessorImpl.java:62)
	at java.base/jdk.internal.reflect.DelegatingConstructorAccessorImpl.newInstance(DelegatingConstructorAccessorImpl.java:45)
	at java.base/java.lang.reflect.Constructor.newInstance(Constructor.java:490)
	at tech.jiayezheng.miniJuliaSonar.ReflectionUtils.callConstructor(ReflectionUtils.java:321)
	at tech.jiayezheng.miniJuliaSonar.TestInference_init_209053877312.test(TestInference_init_209053877312.java:42)
	at java.base/jdk.internal.reflect.NativeMethodAccessorImpl.invoke0(Native Method)
	at java.base/jdk.internal.reflect.NativeMethodAccessorImpl.invoke(NativeMethodAccessorImpl.java:62)
	at java.base/jdk.internal.reflect.DelegatingMethodAccessorImpl.invoke(DelegatingMethodAccessorImpl.java:43)
	at java.base/java.lang.reflect.Method.invoke(Method.java:566)
	at org.junit.runners.model.FrameworkMethod$1.runReflectiveCall(FrameworkMethod.java:59)
	at org.junit.internal.runners.model.ReflectiveCallable.run(ReflectiveCallable.java:12)
	at org.junit.runners.model.FrameworkMethod.invokeExplosively(FrameworkMethod.java:56)
	at org.junit.internal.runners.statements.InvokeMethod.evaluate(InvokeMethod.java:17)
	at org.junit.internal.runners.statements.RunBefores.evaluate(RunBefores.java:26)
	at org.junit.internal.runners.statements.FailOnTimeout$CallableStatement.call(FailOnTimeout.java:299)
	at org.junit.internal.runners.statements.FailOnTimeout$CallableStatement.call(FailOnTimeout.java:293)
	at java.base/java.util.concurrent.FutureTask.run(FutureTask.java:264)
	at java.base/java.lang.Thread.run(Thread.java:829)
Caused by: java.lang.NullPointerException
	at java.base/java.io.File.<init>(File.java:278)
	at tech.jiayezheng.miniJuliaSonar.TestInference.<init>(TestInference.java:29)
	... 19 more

Running tech.jiayezheng.miniJuliaSonar.AstCache_clearDiskCache_12560708772
Apr 09, 2026 3:40:39 PM tech.jiayezheng.miniJuliaSonar.AstCache clearDiskCache
SEVERE: Failed to clear disk cache: java.lang.NullPointerException
Tests run: 1, Failures: 0, Errors: 0, Skipped: 0, Time elapsed: 0.06 sec
Running tech.jiayezheng.miniJuliaSonar.Binding_Kind_values_9610921930
Tests run: 1, Failures: 0, Errors: 0, Skipped: 0, Time elapsed: 0 sec
Running tech.jiayezheng.miniJuliaSonar.Stats_init_19932749126
Tests run: 1, Failures: 0, Errors: 0, Skipped: 0, Time elapsed: 0.001 sec
Running tech.jiayezheng.miniJuliaSonar.Binding_getURL_46832699011
Tests run: 1, Failures: 0, Errors: 0, Skipped: 0, Time elapsed: 0.001 sec
Running tech.jiayezheng.miniJuliaSonar.__isReadableFile_49541327268
Tests run: 1, Failures: 0, Errors: 1, Skipped: 0, Time elapsed: 0.001 sec <<< FAILURE!
test(tech.jiayezheng.miniJuliaSonar.__isReadableFile_49541327268)  Time elapsed: 0 sec  <<< ERROR!
java.lang.NullPointerException
	at java.base/java.io.File.<init>(File.java:278)
	at tech.jiayezheng.miniJuliaSonar.$.isReadableFile($.java:180)
	at java.base/jdk.internal.reflect.NativeMethodAccessorImpl.invoke0(Native Method)
	at java.base/jdk.internal.reflect.NativeMethodAccessorImpl.invoke(NativeMethodAccessorImpl.java:62)
	at java.base/jdk.internal.reflect.DelegatingMethodAccessorImpl.invoke(DelegatingMethodAccessorImpl.java:43)
	at java.base/java.lang.reflect.Method.invoke(Method.java:566)
	at tech.jiayezheng.miniJuliaSonar.ReflectionUtils.callMethod(ReflectionUtils.java:328)
	at tech.jiayezheng.miniJuliaSonar.__isReadableFile_49541327268.test(__isReadableFile_49541327268.java:44)
	at java.base/jdk.internal.reflect.NativeMethodAccessorImpl.invoke0(Native Method)
	at java.base/jdk.internal.reflect.NativeMethodAccessorImpl.invoke(NativeMethodAccessorImpl.java:62)
	at java.base/jdk.internal.reflect.DelegatingMethodAccessorImpl.invoke(DelegatingMethodAccessorImpl.java:43)
	at java.base/java.lang.reflect.Method.invoke(Method.java:566)
	at org.junit.runners.model.FrameworkMethod$1.runReflectiveCall(FrameworkMethod.java:59)
	at org.junit.internal.runners.model.ReflectiveCallable.run(ReflectiveCallable.java:12)
	at org.junit.runners.model.FrameworkMethod.invokeExplosively(FrameworkMethod.java:56)
	at org.junit.internal.runners.statements.InvokeMethod.evaluate(InvokeMethod.java:17)
	at org.junit.internal.runners.statements.RunBefores.evaluate(RunBefores.java:26)
	at org.junit.internal.runners.statements.FailOnTimeout$CallableStatement.call(FailOnTimeout.java:299)
	at org.junit.internal.runners.statements.FailOnTimeout$CallableStatement.call(FailOnTimeout.java:293)
	at java.base/java.util.concurrent.FutureTask.run(FutureTask.java:264)
	at java.base/java.lang.Thread.run(Thread.java:829)

Running tech.jiayezheng.miniJuliaSonar.State_addSuper_207246009725
Tests run: 1, Failures: 0, Errors: 0, Skipped: 0, Time elapsed: 0.001 sec
Running tech.jiayezheng.miniJuliaSonar.Binding_setQname_137069510517
Tests run: 1, Failures: 0, Errors: 0, Skipped: 0, Time elapsed: 0.001 sec
Running tech.jiayezheng.miniJuliaSonar.__moduleName_109915086664
Tests run: 1, Failures: 0, Errors: 1, Skipped: 0, Time elapsed: 0.001 sec <<< FAILURE!
test(tech.jiayezheng.miniJuliaSonar.__moduleName_109915086664)  Time elapsed: 0.001 sec  <<< ERROR!
java.lang.NullPointerException
	at java.base/java.io.File.<init>(File.java:278)
	at tech.jiayezheng.miniJuliaSonar.$.moduleName($.java:110)
	at java.base/jdk.internal.reflect.NativeMethodAccessorImpl.invoke0(Native Method)
	at java.base/jdk.internal.reflect.NativeMethodAccessorImpl.invoke(NativeMethodAccessorImpl.java:62)
	at java.base/jdk.internal.reflect.DelegatingMethodAccessorImpl.invoke(DelegatingMethodAccessorImpl.java:43)
	at java.base/java.lang.reflect.Method.invoke(Method.java:566)
	at tech.jiayezheng.miniJuliaSonar.ReflectionUtils.callMethod(ReflectionUtils.java:328)
	at tech.jiayezheng.miniJuliaSonar.__moduleName_109915086664.test(__moduleName_109915086664.java:44)
	at java.base/jdk.internal.reflect.NativeMethodAccessorImpl.invoke0(Native Method)
	at java.base/jdk.internal.reflect.NativeMethodAccessorImpl.invoke(NativeMethodAccessorImpl.java:62)
	at java.base/jdk.internal.reflect.DelegatingMethodAccessorImpl.invoke(DelegatingMethodAccessorImpl.java:43)
	at java.base/java.lang.reflect.Method.invoke(Method.java:566)
	at org.junit.runners.model.FrameworkMethod$1.runReflectiveCall(FrameworkMethod.java:59)
	at org.junit.internal.runners.model.ReflectiveCallable.run(ReflectiveCallable.java:12)
	at org.junit.runners.model.FrameworkMethod.invokeExplosively(FrameworkMethod.java:56)
	at org.junit.internal.runners.statements.InvokeMethod.evaluate(InvokeMethod.java:17)
	at org.junit.internal.runners.statements.RunBefores.evaluate(RunBefores.java:26)
	at org.junit.internal.runners.statements.FailOnTimeout$CallableStatement.call(FailOnTimeout.java:299)
	at org.junit.internal.runners.statements.FailOnTimeout$CallableStatement.call(FailOnTimeout.java:293)
	at java.base/java.util.concurrent.FutureTask.run(FutureTask.java:264)
	at java.base/java.lang.Thread.run(Thread.java:829)

Running tech.jiayezheng.miniJuliaSonar.Builtins_NativeModule_createModuleType_15185561525
Tests run: 1, Failures: 0, Errors: 1, Skipped: 0, Time elapsed: 0.002 sec <<< FAILURE!
test(tech.jiayezheng.miniJuliaSonar.Builtins_NativeModule_createModuleType_15185561525)  Time elapsed: 0.002 sec  <<< ERROR!
java.lang.NullPointerException
	at java.base/jdk.internal.reflect.NativeMethodAccessorImpl.invoke0(Native Method)
	at java.base/jdk.internal.reflect.NativeMethodAccessorImpl.invoke(NativeMethodAccessorImpl.java:62)
	at java.base/jdk.internal.reflect.DelegatingMethodAccessorImpl.invoke(DelegatingMethodAccessorImpl.java:43)
	at java.base/java.lang.reflect.Method.invoke(Method.java:566)
	at tech.jiayezheng.miniJuliaSonar.ReflectionUtils.callMethod(ReflectionUtils.java:328)
	at tech.jiayezheng.miniJuliaSonar.Builtins_NativeModule_createModuleType_15185561525.test(Builtins_NativeModule_createModuleType_15185561525.java:40)
	at java.base/jdk.internal.reflect.NativeMethodAccessorImpl.invoke0(Native Method)
	at java.base/jdk.internal.reflect.NativeMethodAccessorImpl.invoke(NativeMethodAccessorImpl.java:62)
	at java.base/jdk.internal.reflect.DelegatingMethodAccessorImpl.invoke(DelegatingMethodAccessorImpl.java:43)
	at java.base/java.lang.reflect.Method.invoke(Method.java:566)
	at org.junit.runners.model.FrameworkMethod$1.runReflectiveCall(FrameworkMethod.java:59)
	at org.junit.internal.runners.model.ReflectiveCallable.run(ReflectiveCallable.java:12)
	at org.junit.runners.model.FrameworkMethod.invokeExplosively(FrameworkMethod.java:56)
	at org.junit.internal.runners.statements.InvokeMethod.evaluate(InvokeMethod.java:17)
	at org.junit.internal.runners.statements.RunBefores.evaluate(RunBefores.java:26)
	at org.junit.internal.runners.statements.FailOnTimeout$CallableStatement.call(FailOnTimeout.java:299)
	at org.junit.internal.runners.statements.FailOnTimeout$CallableStatement.call(FailOnTimeout.java:293)
	at java.base/java.util.concurrent.FutureTask.run(FutureTask.java:264)
	at java.base/java.lang.Thread.run(Thread.java:829)

Running tech.jiayezheng.miniJuliaSonar.__escapeQname_203193847822
Tests run: 1, Failures: 0, Errors: 0, Skipped: 0, Time elapsed: 0 sec
Running tech.jiayezheng.miniJuliaSonar.Binding_Kind_valueOf_14531225964
Tests run: 1, Failures: 0, Errors: 1, Skipped: 0, Time elapsed: 0.002 sec <<< FAILURE!
test(tech.jiayezheng.miniJuliaSonar.Binding_Kind_valueOf_14531225964)  Time elapsed: 0.002 sec  <<< ERROR!
java.lang.NullPointerException: Name is null
	at java.base/java.lang.Enum.valueOf(Enum.java:238)
	at tech.jiayezheng.miniJuliaSonar.Binding$Kind.valueOf(Binding.java:17)
	at java.base/jdk.internal.reflect.NativeMethodAccessorImpl.invoke0(Native Method)
	at java.base/jdk.internal.reflect.NativeMethodAccessorImpl.invoke(NativeMethodAccessorImpl.java:62)
	at java.base/jdk.internal.reflect.DelegatingMethodAccessorImpl.invoke(DelegatingMethodAccessorImpl.java:43)
	at java.base/java.lang.reflect.Method.invoke(Method.java:566)
	at tech.jiayezheng.miniJuliaSonar.ReflectionUtils.callMethod(ReflectionUtils.java:328)
	at tech.jiayezheng.miniJuliaSonar.Binding_Kind_valueOf_14531225964.test(Binding_Kind_valueOf_14531225964.java:49)
	at java.base/jdk.internal.reflect.NativeMethodAccessorImpl.invoke0(Native Method)
	at java.base/jdk.internal.reflect.NativeMethodAccessorImpl.invoke(NativeMethodAccessorImpl.java:62)
	at java.base/jdk.internal.reflect.DelegatingMethodAccessorImpl.invoke(DelegatingMethodAccessorImpl.java:43)
	at java.base/java.lang.reflect.Method.invoke(Method.java:566)
	at org.junit.runners.model.FrameworkMethod$1.runReflectiveCall(FrameworkMethod.java:59)
	at org.junit.internal.runners.model.ReflectiveCallable.run(ReflectiveCallable.java:12)
	at org.junit.runners.model.FrameworkMethod.invokeExplosively(FrameworkMethod.java:56)
	at org.junit.internal.runners.statements.InvokeMethod.evaluate(InvokeMethod.java:17)
	at org.junit.internal.runners.statements.RunBefores.evaluate(RunBefores.java:26)
	at org.junit.internal.runners.statements.FailOnTimeout$CallableStatement.call(FailOnTimeout.java:299)
	at org.junit.internal.runners.statements.FailOnTimeout$CallableStatement.call(FailOnTimeout.java:293)
	at java.base/java.util.concurrent.FutureTask.run(FutureTask.java:264)
	at java.base/java.lang.Thread.run(Thread.java:829)

Running tech.jiayezheng.miniJuliaSonar.TestInference_main_186622889223
Tests run: 1, Failures: 0, Errors: 1, Skipped: 0, Time elapsed: 0.001 sec <<< FAILURE!
test(tech.jiayezheng.miniJuliaSonar.TestInference_main_186622889223)  Time elapsed: 0.001 sec  <<< ERROR!
java.lang.NullPointerException
	at tech.jiayezheng.miniJuliaSonar.Options.<init>(Options.java:18)
	at tech.jiayezheng.miniJuliaSonar.TestInference.main(TestInference.java:285)
	at java.base/jdk.internal.reflect.NativeMethodAccessorImpl.invoke0(Native Method)
	at java.base/jdk.internal.reflect.NativeMethodAccessorImpl.invoke(NativeMethodAccessorImpl.java:62)
	at java.base/jdk.internal.reflect.DelegatingMethodAccessorImpl.invoke(DelegatingMethodAccessorImpl.java:43)
	at java.base/java.lang.reflect.Method.invoke(Method.java:566)
	at tech.jiayezheng.miniJuliaSonar.ReflectionUtils.callMethod(ReflectionUtils.java:328)
	at tech.jiayezheng.miniJuliaSonar.TestInference_main_186622889223.test(TestInference_main_186622889223.java:48)
	at java.base/jdk.internal.reflect.NativeMethodAccessorImpl.invoke0(Native Method)
	at java.base/jdk.internal.reflect.NativeMethodAccessorImpl.invoke(NativeMethodAccessorImpl.java:62)
	at java.base/jdk.internal.reflect.DelegatingMethodAccessorImpl.invoke(DelegatingMethodAccessorImpl.java:43)
	at java.base/java.lang.reflect.Method.invoke(Method.java:566)
	at org.junit.runners.model.FrameworkMethod$1.runReflectiveCall(FrameworkMethod.java:59)
	at org.junit.internal.runners.model.ReflectiveCallable.run(ReflectiveCallable.java:12)
	at org.junit.runners.model.FrameworkMethod.invokeExplosively(FrameworkMethod.java:56)
	at org.junit.internal.runners.statements.InvokeMethod.evaluate(InvokeMethod.java:17)
	at org.junit.internal.runners.statements.RunBefores.evaluate(RunBefores.java:26)
	at org.junit.internal.runners.statements.FailOnTimeout$CallableStatement.call(FailOnTimeout.java:299)
	at org.junit.internal.runners.statements.FailOnTimeout$CallableStatement.call(FailOnTimeout.java:293)
	at java.base/java.util.concurrent.FutureTask.run(FutureTask.java:264)
	at java.base/java.lang.Thread.run(Thread.java:829)

Running tech.jiayezheng.miniJuliaSonar.TestInference_runTest_199671684920
Please install Julia or set Julia in PATH.
java.lang.Exception: Stack trace
	at java.base/java.lang.Thread.dumpStack(Thread.java:1383)
	at tech.jiayezheng.miniJuliaSonar.$.die($.java:356)
	at tech.jiayezheng.miniJuliaSonar.$.die($.java:345)
	at tech.jiayezheng.miniJuliaSonar.Parser.startJuliaProcess(Parser.java:94)
	at tech.jiayezheng.miniJuliaSonar.Parser.<init>(Parser.java:75)
	at tech.jiayezheng.miniJuliaSonar.AstCache.<init>(AstCache.java:20)
	at tech.jiayezheng.miniJuliaSonar.Analyzer.<init>(Analyzer.java:69)
	at tech.jiayezheng.miniJuliaSonar.TestInference.runAnalysis(TestInference.java:43)
	at tech.jiayezheng.miniJuliaSonar.TestInference.runTest(TestInference.java:235)
	at java.base/jdk.internal.reflect.NativeMethodAccessorImpl.invoke0(Native Method)
	at java.base/jdk.internal.reflect.NativeMethodAccessorImpl.invoke(NativeMethodAccessorImpl.java:62)
	at java.base/jdk.internal.reflect.DelegatingMethodAccessorImpl.invoke(DelegatingMethodAccessorImpl.java:43)
	at java.base/java.lang.reflect.Method.invoke(Method.java:566)
	at tech.jiayezheng.miniJuliaSonar.ReflectionUtils.callMethod(ReflectionUtils.java:328)
	at tech.jiayezheng.miniJuliaSonar.TestInference_runTest_199671684920.test(TestInference_runTest_199671684920.java:46)
	at java.base/jdk.internal.reflect.NativeMethodAccessorImpl.invoke0(Native Method)
	at java.base/jdk.internal.reflect.NativeMethodAccessorImpl.invoke(NativeMethodAccessorImpl.java:62)
	at java.base/jdk.internal.reflect.DelegatingMethodAccessorImpl.invoke(DelegatingMethodAccessorImpl.java:43)
	at java.base/java.lang.reflect.Method.invoke(Method.java:566)
	at org.junit.runners.model.FrameworkMethod$1.runReflectiveCall(FrameworkMethod.java:59)
	at org.junit.internal.runners.model.ReflectiveCallable.run(ReflectiveCallable.java:12)
	at org.junit.runners.model.FrameworkMethod.invokeExplosively(FrameworkMethod.java:56)
	at org.junit.internal.runners.statements.InvokeMethod.evaluate(InvokeMethod.java:17)
	at org.junit.internal.runners.statements.RunBefores.evaluate(RunBefores.java:26)
	at org.junit.internal.runners.statements.FailOnTimeout$CallableStatement.call(FailOnTimeout.java:299)
	at org.junit.internal.runners.statements.FailOnTimeout$CallableStatement.call(FailOnTimeout.java:293)
	at java.base/java.util.concurrent.FutureTask.run(FutureTask.java:264)
	at java.base/java.lang.Thread.run(Thread.java:829)

Results :

Tests in error: 
  test(tech.jiayezheng.miniJuliaSonar.Outliner_Entry_getQname_10316281142)
  test(tech.jiayezheng.miniJuliaSonar.Binding_initLocationInfo_191182171615)
  test(tech.jiayezheng.miniJuliaSonar.Globals_Arch_valueOf_4117291484)
  test(tech.jiayezheng.miniJuliaSonar.Outliner_Entry_getName_1871147017)
  test(tech.jiayezheng.miniJuliaSonar.Outliner_Entry_getQname_103162811412)
  test(tech.jiayezheng.miniJuliaSonar.TestInference_init_209053877312)
  test(tech.jiayezheng.miniJuliaSonar.__isReadableFile_49541327268)
  test(tech.jiayezheng.miniJuliaSonar.__moduleName_109915086664)
  test(tech.jiayezheng.miniJuliaSonar.Builtins_NativeModule_createModuleType_15185561525)
  test(tech.jiayezheng.miniJuliaSonar.Binding_Kind_valueOf_14531225964): Name is null
  test(tech.jiayezheng.miniJuliaSonar.TestInference_main_186622889223)

Tests run: 25, Failures: 0, Errors: 11, Skipped: 0

[INFO] ------------------------------------------------------------------------
[INFO] BUILD FAILURE
[INFO] ------------------------------------------------------------------------
[INFO] Total time:  4.757 s
[INFO] Finished at: 2026-04-09T15:40:40Z
[INFO] ------------------------------------------------------------------------
[ERROR] Failed to execute goal org.apache.maven.plugins:maven-surefire-plugin:2.12.4:test (default-test) on project miniJuliaSonar: Execution default-test of goal org.apache.maven.plugins:maven-surefire-plugin:2.12.4:test failed: The forked VM terminated without saying properly goodbye. VM crash or System.exit called ? -> [Help 1]
[ERROR] 
[ERROR] To see the full stack trace of the errors, re-run Maven with the -e switch.
[ERROR] Re-run Maven using the -X switch to enable full debug logging.
[ERROR] 
[ERROR] For more information about the errors and possible solutions, please read the following articles:
[ERROR] [Help 1] http://cwiki.apache.org/confluence/display/MAVEN/PluginExecutionException
