[INFO] Scanning for projects...
[INFO] 
[INFO] ---------------< pl.bykowski:invoice-spring-mvc-example >---------------
[INFO] Building invoice-spring-mvc-example 0.0.1-SNAPSHOT
[INFO] --------------------------------[ jar ]---------------------------------
[INFO] 
[INFO] --- maven-clean-plugin:3.1.0:clean (default-clean) @ invoice-spring-mvc-example ---
[INFO] Deleting /app/target
[INFO] 
[INFO] --- jacoco-maven-plugin:0.8.11:prepare-agent (default) @ invoice-spring-mvc-example ---
[INFO] argLine set to -javaagent:/root/.m2/repository/org/jacoco/org.jacoco.agent/0.8.11/org.jacoco.agent-0.8.11-runtime.jar=destfile=/app/target/jacoco.exec
[INFO] 
[INFO] --- maven-resources-plugin:3.2.0:resources (default-resources) @ invoice-spring-mvc-example ---
[INFO] Using 'UTF-8' encoding to copy filtered resources.
[INFO] Using 'UTF-8' encoding to copy filtered properties files.
[INFO] Copying 1 resource
[INFO] Copying 1 resource
[INFO] 
[INFO] --- maven-compiler-plugin:3.8.1:compile (default-compile) @ invoice-spring-mvc-example ---
[INFO] Changes detected - recompiling the module!
[INFO] Compiling 5 source files to /app/target/classes
[INFO] 
[INFO] --- build-helper-maven-plugin:3.3.0:add-test-source (add-kex-test-source) @ invoice-spring-mvc-example ---
[INFO] Test Source directory: /app/src/test/java/kex-tests added.
[INFO] 
[INFO] --- maven-resources-plugin:3.2.0:testResources (default-testResources) @ invoice-spring-mvc-example ---
[INFO] Using 'UTF-8' encoding to copy filtered resources.
[INFO] Using 'UTF-8' encoding to copy filtered properties files.
[INFO] skip non existing resourceDirectory /app/src/test/resources
[INFO] 
[INFO] --- maven-compiler-plugin:3.8.1:testCompile (default-testCompile) @ invoice-spring-mvc-example ---
[INFO] Changes detected - recompiling the module!
[INFO] Compiling 1 source file to /app/target/test-classes
[INFO] 
[INFO] --- maven-surefire-plugin:2.22.2:test (default-test) @ invoice-spring-mvc-example ---
[INFO] 
[INFO] -------------------------------------------------------
[INFO]  T E S T S
[INFO] -------------------------------------------------------
[INFO] Running pl.bykowski.invoicespringmvcexample.InvoiceSpringMvcExampleApplicationTests
02:04:32.323 [main] DEBUG org.springframework.test.context.BootstrapUtils - Instantiating CacheAwareContextLoaderDelegate from class [org.springframework.test.context.cache.DefaultCacheAwareContextLoaderDelegate]
02:04:32.335 [main] DEBUG org.springframework.test.context.BootstrapUtils - Instantiating BootstrapContext using constructor [public org.springframework.test.context.support.DefaultBootstrapContext(java.lang.Class,org.springframework.test.context.CacheAwareContextLoaderDelegate)]
02:04:32.386 [main] DEBUG org.springframework.test.context.BootstrapUtils - Instantiating TestContextBootstrapper for test class [pl.bykowski.invoicespringmvcexample.InvoiceSpringMvcExampleApplicationTests] from class [org.springframework.boot.test.context.SpringBootTestContextBootstrapper]
02:04:32.400 [main] INFO org.springframework.boot.test.context.SpringBootTestContextBootstrapper - Neither @ContextConfiguration nor @ContextHierarchy found for test class [pl.bykowski.invoicespringmvcexample.InvoiceSpringMvcExampleApplicationTests], using SpringBootContextLoader
02:04:32.405 [main] DEBUG org.springframework.test.context.support.AbstractContextLoader - Did not detect default resource location for test class [pl.bykowski.invoicespringmvcexample.InvoiceSpringMvcExampleApplicationTests]: class path resource [pl/bykowski/invoicespringmvcexample/InvoiceSpringMvcExampleApplicationTests-context.xml] does not exist
02:04:32.406 [main] DEBUG org.springframework.test.context.support.AbstractContextLoader - Did not detect default resource location for test class [pl.bykowski.invoicespringmvcexample.InvoiceSpringMvcExampleApplicationTests]: class path resource [pl/bykowski/invoicespringmvcexample/InvoiceSpringMvcExampleApplicationTestsContext.groovy] does not exist
02:04:32.406 [main] INFO org.springframework.test.context.support.AbstractContextLoader - Could not detect default resource locations for test class [pl.bykowski.invoicespringmvcexample.InvoiceSpringMvcExampleApplicationTests]: no resource found for suffixes {-context.xml, Context.groovy}.
02:04:32.408 [main] INFO org.springframework.test.context.support.AnnotationConfigContextLoaderUtils - Could not detect default configuration classes for test class [pl.bykowski.invoicespringmvcexample.InvoiceSpringMvcExampleApplicationTests]: InvoiceSpringMvcExampleApplicationTests does not declare any static, non-private, non-final, nested classes annotated with @Configuration.
02:04:32.455 [main] DEBUG org.springframework.test.context.support.ActiveProfilesUtils - Could not find an 'annotation declaring class' for annotation type [org.springframework.test.context.ActiveProfiles] and class [pl.bykowski.invoicespringmvcexample.InvoiceSpringMvcExampleApplicationTests]
02:04:32.538 [main] DEBUG org.springframework.context.annotation.ClassPathScanningCandidateComponentProvider - Identified candidate component class: file [/app/target/classes/pl/bykowski/invoicespringmvcexample/InvoiceSpringMvcExampleApplication.class]
02:04:32.539 [main] INFO org.springframework.boot.test.context.SpringBootTestContextBootstrapper - Found @SpringBootConfiguration pl.bykowski.invoicespringmvcexample.InvoiceSpringMvcExampleApplication for test class pl.bykowski.invoicespringmvcexample.InvoiceSpringMvcExampleApplicationTests
02:04:32.659 [main] DEBUG org.springframework.boot.test.context.SpringBootTestContextBootstrapper - @TestExecutionListeners is not present for class [pl.bykowski.invoicespringmvcexample.InvoiceSpringMvcExampleApplicationTests]: using defaults.
02:04:32.660 [main] INFO org.springframework.boot.test.context.SpringBootTestContextBootstrapper - Loaded default TestExecutionListener class names from location [META-INF/spring.factories]: [org.springframework.boot.test.mock.mockito.MockitoTestExecutionListener, org.springframework.boot.test.mock.mockito.ResetMocksTestExecutionListener, org.springframework.boot.test.autoconfigure.restdocs.RestDocsTestExecutionListener, org.springframework.boot.test.autoconfigure.web.client.MockRestServiceServerResetTestExecutionListener, org.springframework.boot.test.autoconfigure.web.servlet.MockMvcPrintOnlyOnFailureTestExecutionListener, org.springframework.boot.test.autoconfigure.web.servlet.WebDriverTestExecutionListener, org.springframework.boot.test.autoconfigure.webservices.client.MockWebServiceServerTestExecutionListener, org.springframework.test.context.web.ServletTestExecutionListener, org.springframework.test.context.support.DirtiesContextBeforeModesTestExecutionListener, org.springframework.test.context.event.ApplicationEventsTestExecutionListener, org.springframework.test.context.support.DependencyInjectionTestExecutionListener, org.springframework.test.context.support.DirtiesContextTestExecutionListener, org.springframework.test.context.transaction.TransactionalTestExecutionListener, org.springframework.test.context.jdbc.SqlScriptsTestExecutionListener, org.springframework.test.context.event.EventPublishingTestExecutionListener]
02:04:32.676 [main] DEBUG org.springframework.boot.test.context.SpringBootTestContextBootstrapper - Skipping candidate TestExecutionListener [org.springframework.test.context.transaction.TransactionalTestExecutionListener] due to a missing dependency. Specify custom listener classes or make the default listener classes and their required dependencies available. Offending class: [org/springframework/transaction/interceptor/TransactionAttributeSource]
02:04:32.677 [main] DEBUG org.springframework.boot.test.context.SpringBootTestContextBootstrapper - Skipping candidate TestExecutionListener [org.springframework.test.context.jdbc.SqlScriptsTestExecutionListener] due to a missing dependency. Specify custom listener classes or make the default listener classes and their required dependencies available. Offending class: [org/springframework/transaction/interceptor/TransactionAttribute]
02:04:32.677 [main] INFO org.springframework.boot.test.context.SpringBootTestContextBootstrapper - Using TestExecutionListeners: [org.springframework.test.context.web.ServletTestExecutionListener@3e2772a9, org.springframework.test.context.support.DirtiesContextBeforeModesTestExecutionListener@4449b273, org.springframework.test.context.event.ApplicationEventsTestExecutionListener@1fa18f87, org.springframework.boot.test.mock.mockito.MockitoTestExecutionListener@1d9bd1d6, org.springframework.boot.test.autoconfigure.SpringBootDependencyInjectionTestExecutionListener@18ac4af6, org.springframework.test.context.support.DirtiesContextTestExecutionListener@117fb9ba, org.springframework.test.context.event.EventPublishingTestExecutionListener@2b1d1a5, org.springframework.boot.test.mock.mockito.ResetMocksTestExecutionListener@41e7a544, org.springframework.boot.test.autoconfigure.restdocs.RestDocsTestExecutionListener@3b66ac74, org.springframework.boot.test.autoconfigure.web.client.MockRestServiceServerResetTestExecutionListener@573870cb, org.springframework.boot.test.autoconfigure.web.servlet.MockMvcPrintOnlyOnFailureTestExecutionListener@5b88af70, org.springframework.boot.test.autoconfigure.web.servlet.WebDriverTestExecutionListener@2739ecc0, org.springframework.boot.test.autoconfigure.webservices.client.MockWebServiceServerTestExecutionListener@2932e15f]
02:04:32.680 [main] DEBUG org.springframework.test.context.support.AbstractDirtiesContextTestExecutionListener - Before test class: context [DefaultTestContext@6143b2b1 testClass = InvoiceSpringMvcExampleApplicationTests, testInstance = [null], testMethod = [null], testException = [null], mergedContextConfiguration = [WebMergedContextConfiguration@a63643e testClass = InvoiceSpringMvcExampleApplicationTests, locations = '{}', classes = '{class pl.bykowski.invoicespringmvcexample.InvoiceSpringMvcExampleApplication}', contextInitializerClasses = '[]', activeProfiles = '{}', propertySourceLocations = '{}', propertySourceProperties = '{org.springframework.boot.test.context.SpringBootTestContextBootstrapper=true}', contextCustomizers = set[org.springframework.boot.test.context.filter.ExcludeFilterContextCustomizer@6411504a, org.springframework.boot.test.json.DuplicateJsonObjectContextCustomizerFactory$DuplicateJsonObjectContextCustomizer@31f295b6, org.springframework.boot.test.mock.mockito.MockitoContextCustomizer@0, org.springframework.boot.test.web.client.TestRestTemplateContextCustomizer@4f379769, org.springframework.boot.test.autoconfigure.actuate.metrics.MetricsExportContextCustomizerFactory$DisableMetricExportContextCustomizer@5529ff44, org.springframework.boot.test.autoconfigure.properties.PropertyMappingContextCustomizer@0, org.springframework.boot.test.autoconfigure.web.servlet.WebDriverContextCustomizerFactory$Customizer@7fedb795, org.springframework.boot.test.context.SpringBootTestArgs@1, org.springframework.boot.test.context.SpringBootTestWebEnvironment@3f28bd56], resourceBasePath = 'src/main/webapp', contextLoader = 'org.springframework.boot.test.context.SpringBootContextLoader', parent = [null]], attributes = map['org.springframework.test.context.web.ServletTestExecutionListener.activateListener' -> true]], class annotated with @DirtiesContext [false] with mode [null].

  .   ____          _            __ _ _
 /\\ / ___'_ __ _ _(_)_ __  __ _ \ \ \ \
( ( )\___ | '_ | '_| | '_ \/ _` | \ \ \ \
 \\/  ___)| |_)| | | | | || (_| |  ) ) ) )
  '  |____| .__|_| |_|_| |_\__, | / / / /
 =========|_|==============|___/=/_/_/_/
 :: Spring Boot ::                (v2.6.3)

2026-04-08 02:04:33.036  INFO 70 --- [           main] .InvoiceSpringMvcExampleApplicationTests : Starting InvoiceSpringMvcExampleApplicationTests using Java 11.0.16 on 717e20ad18ca with PID 70 (started by root in /app)
2026-04-08 02:04:33.037  INFO 70 --- [           main] .InvoiceSpringMvcExampleApplicationTests : No active profile set, falling back to default profiles: default
2026-04-08 02:04:34.329  INFO 70 --- [           main] .InvoiceSpringMvcExampleApplicationTests : Started InvoiceSpringMvcExampleApplicationTests in 1.6 seconds (JVM running for 2.663)
[INFO] Tests run: 1, Failures: 0, Errors: 0, Skipped: 0, Time elapsed: 2.396 s - in pl.bykowski.invoicespringmvcexample.InvoiceSpringMvcExampleApplicationTests
[INFO] 
[INFO] Results:
[INFO] 
[INFO] Tests run: 1, Failures: 0, Errors: 0, Skipped: 0
[INFO] 
[INFO] 
[INFO] --- jacoco-maven-plugin:0.8.11:report (report) @ invoice-spring-mvc-example ---
[INFO] Loading execution data file /app/target/jacoco.exec
[INFO] Analyzed bundle 'invoice-spring-mvc-example' with 4 classes
[INFO] 
[INFO] --- jacoco-maven-plugin:0.8.11:report (default-cli) @ invoice-spring-mvc-example ---
[INFO] Loading execution data file /app/target/jacoco.exec
[INFO] Analyzed bundle 'invoice-spring-mvc-example' with 4 classes
[INFO] ------------------------------------------------------------------------
[INFO] BUILD SUCCESS
[INFO] ------------------------------------------------------------------------
[INFO] Total time:  5.203 s
[INFO] Finished at: 2026-04-08T02:04:35Z
[INFO] ------------------------------------------------------------------------
