[INFO] Scanning for projects...
[INFO] 
[INFO] ------------------------< com.blog:CoffeeShop >-------------------------
[INFO] Building CoffeeShop 0.0.1-SNAPSHOT
[INFO] --------------------------------[ jar ]---------------------------------
[INFO] 
[INFO] --- maven-clean-plugin:3.2.0:clean (default-clean) @ CoffeeShop ---
[INFO] Deleting /app/target
[INFO] 
[INFO] --- jacoco-maven-plugin:0.8.11:prepare-agent (default) @ CoffeeShop ---
[INFO] argLine set to -javaagent:/root/.m2/repository/org/jacoco/org.jacoco.agent/0.8.11/org.jacoco.agent-0.8.11-runtime.jar=destfile=/app/target/jacoco.exec
[INFO] 
[INFO] --- maven-resources-plugin:3.2.0:resources (default-resources) @ CoffeeShop ---
[INFO] Using 'UTF-8' encoding to copy filtered resources.
[INFO] Using 'UTF-8' encoding to copy filtered properties files.
[INFO] Copying 1 resource
[INFO] Copying 0 resource
[INFO] 
[INFO] --- maven-compiler-plugin:3.10.1:compile (default-compile) @ CoffeeShop ---
[INFO] Changes detected - recompiling the module!
[INFO] Compiling 15 source files to /app/target/classes
[INFO] 
[INFO] --- build-helper-maven-plugin:3.3.0:add-test-source (add-kex-test-source) @ CoffeeShop ---
[INFO] Test Source directory: /app/src/test/java/kex-tests added.
[INFO] 
[INFO] --- maven-resources-plugin:3.2.0:testResources (default-testResources) @ CoffeeShop ---
[INFO] Using 'UTF-8' encoding to copy filtered resources.
[INFO] Using 'UTF-8' encoding to copy filtered properties files.
[INFO] skip non existing resourceDirectory /app/src/test/resources
[INFO] 
[INFO] --- maven-compiler-plugin:3.10.1:testCompile (default-testCompile) @ CoffeeShop ---
[INFO] Changes detected - recompiling the module!
[INFO] Compiling 1 source file to /app/target/test-classes
[INFO] 
[INFO] --- maven-surefire-plugin:2.22.2:test (default-test) @ CoffeeShop ---
[INFO] 
[INFO] -------------------------------------------------------
[INFO]  T E S T S
[INFO] -------------------------------------------------------
[INFO] Running com.blog.coffee_shop.CoffeeShopApplicationTests
15:48:00.552 [main] DEBUG org.springframework.test.context.BootstrapUtils - Instantiating CacheAwareContextLoaderDelegate from class [org.springframework.test.context.cache.DefaultCacheAwareContextLoaderDelegate]
15:48:00.565 [main] DEBUG org.springframework.test.context.BootstrapUtils - Instantiating BootstrapContext using constructor [public org.springframework.test.context.support.DefaultBootstrapContext(java.lang.Class,org.springframework.test.context.CacheAwareContextLoaderDelegate)]
15:48:00.615 [main] DEBUG org.springframework.test.context.BootstrapUtils - Instantiating TestContextBootstrapper for test class [com.blog.coffee_shop.CoffeeShopApplicationTests] from class [org.springframework.boot.test.context.SpringBootTestContextBootstrapper]
15:48:00.629 [main] INFO org.springframework.boot.test.context.SpringBootTestContextBootstrapper - Neither @ContextConfiguration nor @ContextHierarchy found for test class [com.blog.coffee_shop.CoffeeShopApplicationTests], using SpringBootContextLoader
15:48:00.635 [main] DEBUG org.springframework.test.context.support.AbstractContextLoader - Did not detect default resource location for test class [com.blog.coffee_shop.CoffeeShopApplicationTests]: class path resource [com/blog/coffee_shop/CoffeeShopApplicationTests-context.xml] does not exist
15:48:00.636 [main] DEBUG org.springframework.test.context.support.AbstractContextLoader - Did not detect default resource location for test class [com.blog.coffee_shop.CoffeeShopApplicationTests]: class path resource [com/blog/coffee_shop/CoffeeShopApplicationTestsContext.groovy] does not exist
15:48:00.636 [main] INFO org.springframework.test.context.support.AbstractContextLoader - Could not detect default resource locations for test class [com.blog.coffee_shop.CoffeeShopApplicationTests]: no resource found for suffixes {-context.xml, Context.groovy}.
15:48:00.637 [main] INFO org.springframework.test.context.support.AnnotationConfigContextLoaderUtils - Could not detect default configuration classes for test class [com.blog.coffee_shop.CoffeeShopApplicationTests]: CoffeeShopApplicationTests does not declare any static, non-private, non-final, nested classes annotated with @Configuration.
15:48:00.683 [main] DEBUG org.springframework.test.context.support.ActiveProfilesUtils - Could not find an 'annotation declaring class' for annotation type [org.springframework.test.context.ActiveProfiles] and class [com.blog.coffee_shop.CoffeeShopApplicationTests]
15:48:00.760 [main] DEBUG org.springframework.context.annotation.ClassPathScanningCandidateComponentProvider - Identified candidate component class: file [/app/target/classes/com/blog/coffee_shop/CoffeeShopApplication.class]
15:48:00.761 [main] INFO org.springframework.boot.test.context.SpringBootTestContextBootstrapper - Found @SpringBootConfiguration com.blog.coffee_shop.CoffeeShopApplication for test class com.blog.coffee_shop.CoffeeShopApplicationTests
15:48:00.878 [main] DEBUG org.springframework.boot.test.context.SpringBootTestContextBootstrapper - @TestExecutionListeners is not present for class [com.blog.coffee_shop.CoffeeShopApplicationTests]: using defaults.
15:48:00.878 [main] INFO org.springframework.boot.test.context.SpringBootTestContextBootstrapper - Loaded default TestExecutionListener class names from location [META-INF/spring.factories]: [org.springframework.boot.test.mock.mockito.MockitoTestExecutionListener, org.springframework.boot.test.mock.mockito.ResetMocksTestExecutionListener, org.springframework.boot.test.autoconfigure.restdocs.RestDocsTestExecutionListener, org.springframework.boot.test.autoconfigure.web.client.MockRestServiceServerResetTestExecutionListener, org.springframework.boot.test.autoconfigure.web.servlet.MockMvcPrintOnlyOnFailureTestExecutionListener, org.springframework.boot.test.autoconfigure.web.servlet.WebDriverTestExecutionListener, org.springframework.boot.test.autoconfigure.webservices.client.MockWebServiceServerTestExecutionListener, org.springframework.test.context.web.ServletTestExecutionListener, org.springframework.test.context.support.DirtiesContextBeforeModesTestExecutionListener, org.springframework.test.context.event.ApplicationEventsTestExecutionListener, org.springframework.test.context.support.DependencyInjectionTestExecutionListener, org.springframework.test.context.support.DirtiesContextTestExecutionListener, org.springframework.test.context.transaction.TransactionalTestExecutionListener, org.springframework.test.context.jdbc.SqlScriptsTestExecutionListener, org.springframework.test.context.event.EventPublishingTestExecutionListener, org.springframework.security.test.context.support.WithSecurityContextTestExecutionListener, org.springframework.security.test.context.support.ReactorContextTestExecutionListener]
15:48:00.896 [main] DEBUG org.springframework.boot.test.context.SpringBootTestContextBootstrapper - Skipping candidate TestExecutionListener [org.springframework.test.context.transaction.TransactionalTestExecutionListener] due to a missing dependency. Specify custom listener classes or make the default listener classes and their required dependencies available. Offending class: [org/springframework/transaction/interceptor/TransactionAttributeSource]
15:48:00.897 [main] DEBUG org.springframework.boot.test.context.SpringBootTestContextBootstrapper - Skipping candidate TestExecutionListener [org.springframework.test.context.jdbc.SqlScriptsTestExecutionListener] due to a missing dependency. Specify custom listener classes or make the default listener classes and their required dependencies available. Offending class: [org/springframework/transaction/interceptor/TransactionAttribute]
15:48:00.898 [main] INFO org.springframework.boot.test.context.SpringBootTestContextBootstrapper - Using TestExecutionListeners: [org.springframework.test.context.web.ServletTestExecutionListener@34bddf43, org.springframework.test.context.support.DirtiesContextBeforeModesTestExecutionListener@57839834, org.springframework.test.context.event.ApplicationEventsTestExecutionListener@3355b8ff, org.springframework.boot.test.mock.mockito.MockitoTestExecutionListener@32646ecf, org.springframework.boot.test.autoconfigure.SpringBootDependencyInjectionTestExecutionListener@68f9e807, org.springframework.test.context.support.DirtiesContextTestExecutionListener@23708f14, org.springframework.test.context.event.EventPublishingTestExecutionListener@3dfc59c5, org.springframework.security.test.context.support.WithSecurityContextTestExecutionListener@2cff5aa3, org.springframework.security.test.context.support.ReactorContextTestExecutionListener@b6136eb, org.springframework.boot.test.mock.mockito.ResetMocksTestExecutionListener@2cce10bc, org.springframework.boot.test.autoconfigure.restdocs.RestDocsTestExecutionListener@73234691, org.springframework.boot.test.autoconfigure.web.client.MockRestServiceServerResetTestExecutionListener@25df2014, org.springframework.boot.test.autoconfigure.web.servlet.MockMvcPrintOnlyOnFailureTestExecutionListener@270b8c2a, org.springframework.boot.test.autoconfigure.web.servlet.WebDriverTestExecutionListener@7b9c2387, org.springframework.boot.test.autoconfigure.webservices.client.MockWebServiceServerTestExecutionListener@12e2f5ab]
15:48:00.902 [main] DEBUG org.springframework.test.context.support.AbstractDirtiesContextTestExecutionListener - Before test class: context [DefaultTestContext@1e7cfd49 testClass = CoffeeShopApplicationTests, testInstance = [null], testMethod = [null], testException = [null], mergedContextConfiguration = [WebMergedContextConfiguration@3a8640f7 testClass = CoffeeShopApplicationTests, locations = '{}', classes = '{class com.blog.coffee_shop.CoffeeShopApplication}', contextInitializerClasses = '[]', activeProfiles = '{}', propertySourceLocations = '{}', propertySourceProperties = '{org.springframework.boot.test.context.SpringBootTestContextBootstrapper=true}', contextCustomizers = set[org.springframework.boot.test.context.filter.ExcludeFilterContextCustomizer@5e230fc6, org.springframework.boot.test.json.DuplicateJsonObjectContextCustomizerFactory$DuplicateJsonObjectContextCustomizer@32120956, org.springframework.boot.test.mock.mockito.MockitoContextCustomizer@0, org.springframework.boot.test.web.client.TestRestTemplateContextCustomizer@3d620a1, org.springframework.boot.test.autoconfigure.actuate.metrics.MetricsExportContextCustomizerFactory$DisableMetricExportContextCustomizer@25a94b55, org.springframework.boot.test.autoconfigure.properties.PropertyMappingContextCustomizer@0, org.springframework.boot.test.autoconfigure.web.servlet.WebDriverContextCustomizerFactory$Customizer@667dcaad, org.springframework.boot.test.context.SpringBootTestArgs@1, org.springframework.boot.test.context.SpringBootTestWebEnvironment@18245eb0], resourceBasePath = 'src/main/webapp', contextLoader = 'org.springframework.boot.test.context.SpringBootContextLoader', parent = [null]], attributes = map['org.springframework.test.context.web.ServletTestExecutionListener.activateListener' -> true]], class annotated with @DirtiesContext [false] with mode [null].

  .   ____          _            __ _ _
 /\\ / ___'_ __ _ _(_)_ __  __ _ \ \ \ \
( ( )\___ | '_ | '_| | '_ \/ _` | \ \ \ \
 \\/  ___)| |_)| | | | | || (_| |  ) ) ) )
  '  |____| .__|_| |_|_| |_\__, | / / / /
 =========|_|==============|___/=/_/_/_/
 :: Spring Boot ::                (v2.7.2)

2026-04-09 15:48:01.247  INFO 69 --- [           main] c.b.c.CoffeeShopApplicationTests         : Starting CoffeeShopApplicationTests using Java 11.0.16 on 63058bc47d4a with PID 69 (started by root in /app)
2026-04-09 15:48:01.248  INFO 69 --- [           main] c.b.c.CoffeeShopApplicationTests         : No active profile set, falling back to 1 default profile: "default"
2026-04-09 15:48:02.273  INFO 69 --- [           main] o.s.s.web.DefaultSecurityFilterChain     : Will secure any request with [org.springframework.security.web.session.DisableEncodeUrlFilter@728ce413, org.springframework.security.web.context.request.async.WebAsyncManagerIntegrationFilter@7d143e6e, org.springframework.security.web.context.SecurityContextPersistenceFilter@48945548, org.springframework.security.web.header.HeaderWriterFilter@a8d8d41, org.springframework.security.web.authentication.logout.LogoutFilter@69d906c3, com.blog.coffee_shop.configuration.jwt.JWTFilter@1eff0d64, org.springframework.security.web.authentication.www.BasicAuthenticationFilter@27d48912, org.springframework.security.web.savedrequest.RequestCacheAwareFilter@1cdb3a1d, org.springframework.security.web.servletapi.SecurityContextHolderAwareRequestFilter@768f12db, org.springframework.security.web.authentication.AnonymousAuthenticationFilter@5ca01434, org.springframework.security.web.session.SessionManagementFilter@6818550d, org.springframework.security.web.access.ExceptionTranslationFilter@2948726d, org.springframework.security.web.access.intercept.FilterSecurityInterceptor@4bcaa38c]
2026-04-09 15:48:02.821  INFO 69 --- [           main] c.b.c.CoffeeShopApplicationTests         : Started CoffeeShopApplicationTests in 1.874 seconds (JVM running for 2.95)
[INFO] Tests run: 1, Failures: 0, Errors: 0, Skipped: 0, Time elapsed: 2.645 s - in com.blog.coffee_shop.CoffeeShopApplicationTests
[INFO] 
[INFO] Results:
[INFO] 
[INFO] Tests run: 1, Failures: 0, Errors: 0, Skipped: 0
[INFO] 
[INFO] 
[INFO] --- jacoco-maven-plugin:0.8.11:report (report) @ CoffeeShop ---
[INFO] Loading execution data file /app/target/jacoco.exec
[INFO] Analyzed bundle 'CoffeeShop' with 16 classes
[INFO] 
[INFO] --- jacoco-maven-plugin:0.8.11:report (default-cli) @ CoffeeShop ---
[INFO] Loading execution data file /app/target/jacoco.exec
[INFO] Analyzed bundle 'CoffeeShop' with 16 classes
[INFO] ------------------------------------------------------------------------
[INFO] BUILD SUCCESS
[INFO] ------------------------------------------------------------------------
[INFO] Total time:  5.674 s
[INFO] Finished at: 2026-04-09T15:48:03Z
[INFO] ------------------------------------------------------------------------
