[INFO] Scanning for projects...
[INFO] 
[INFO] ----------------------< online.devupgrade:sezon2 >----------------------
[INFO] Building sezon2 0.0.1-SNAPSHOT
[INFO] --------------------------------[ jar ]---------------------------------
[INFO] 
[INFO] --- maven-clean-plugin:3.1.0:clean (default-clean) @ sezon2 ---
[INFO] Deleting /app/target
[INFO] 
[INFO] --- jacoco-maven-plugin:0.8.11:prepare-agent (default) @ sezon2 ---
[INFO] argLine set to -javaagent:/root/.m2/repository/org/jacoco/org.jacoco.agent/0.8.11/org.jacoco.agent-0.8.11-runtime.jar=destfile=/app/target/jacoco.exec
[INFO] 
[INFO] --- maven-resources-plugin:3.2.0:resources (default-resources) @ sezon2 ---
[INFO] Using 'UTF-8' encoding to copy filtered resources.
[INFO] Using 'UTF-8' encoding to copy filtered properties files.
[INFO] Copying 1 resource
[INFO] Copying 2 resources
[INFO] 
[INFO] --- maven-compiler-plugin:3.8.1:compile (default-compile) @ sezon2 ---
[INFO] Changes detected - recompiling the module!
[INFO] Compiling 37 source files to /app/target/classes
[INFO] /app/src/main/java/online/devupgrade/sezon2/RestOrderController.java: Some input files use unchecked or unsafe operations.
[INFO] /app/src/main/java/online/devupgrade/sezon2/RestOrderController.java: Recompile with -Xlint:unchecked for details.
[INFO] 
[INFO] --- build-helper-maven-plugin:3.3.0:add-test-source (add-kex-test-source) @ sezon2 ---
[INFO] Test Source directory: /app/src/test/java/kex-tests added.
[INFO] 
[INFO] --- maven-resources-plugin:3.2.0:testResources (default-testResources) @ sezon2 ---
[INFO] Using 'UTF-8' encoding to copy filtered resources.
[INFO] Using 'UTF-8' encoding to copy filtered properties files.
[INFO] skip non existing resourceDirectory /app/src/test/resources
[INFO] 
[INFO] --- maven-compiler-plugin:3.8.1:testCompile (default-testCompile) @ sezon2 ---
[INFO] Changes detected - recompiling the module!
[INFO] Compiling 204 source files to /app/target/test-classes
[WARNING] /app/src/test/java/kex-tests/tests/online/devupgrade/sezon2/entities/ReflectionUtils.java:[9,16] sun.misc.Unsafe is internal proprietary API and may be removed in a future release
[WARNING] /app/src/test/java/kex-tests/tests/online/devupgrade/sezon2/dto/ReflectionUtils.java:[9,16] sun.misc.Unsafe is internal proprietary API and may be removed in a future release
[WARNING] /app/src/test/java/kex-tests/tests/online/devupgrade/sezon2/utilshelpers/ReflectionUtils.java:[9,16] sun.misc.Unsafe is internal proprietary API and may be removed in a future release
[WARNING] /app/src/test/java/kex-tests/tests/online/devupgrade/sezon2/ReflectionUtils.java:[9,16] sun.misc.Unsafe is internal proprietary API and may be removed in a future release
[WARNING] /app/src/test/java/kex-tests/tests/online/devupgrade/sezon2/repositories/ReflectionUtils.java:[9,16] sun.misc.Unsafe is internal proprietary API and may be removed in a future release
[WARNING] /app/src/test/java/kex-tests/tests/online/devupgrade/sezon2/services/ReflectionUtils.java:[9,16] sun.misc.Unsafe is internal proprietary API and may be removed in a future release
[WARNING] /app/src/test/java/kex-tests/tests/online/devupgrade/sezon2/configs/ReflectionUtils.java:[9,16] sun.misc.Unsafe is internal proprietary API and may be removed in a future release
[WARNING] /app/src/test/java/kex-tests/tests/online/devupgrade/sezon2/entities/ReflectionUtils.java:[13,25] sun.misc.Unsafe is internal proprietary API and may be removed in a future release
[WARNING] /app/src/test/java/kex-tests/tests/online/devupgrade/sezon2/entities/ReflectionUtils.java:[17,31] sun.misc.Unsafe is internal proprietary API and may be removed in a future release
[WARNING] /app/src/test/java/kex-tests/tests/online/devupgrade/sezon2/entities/ReflectionUtils.java:[19,23] sun.misc.Unsafe is internal proprietary API and may be removed in a future release
[WARNING] /app/src/test/java/kex-tests/tests/online/devupgrade/sezon2/dto/ReflectionUtils.java:[13,25] sun.misc.Unsafe is internal proprietary API and may be removed in a future release
[WARNING] /app/src/test/java/kex-tests/tests/online/devupgrade/sezon2/dto/ReflectionUtils.java:[17,31] sun.misc.Unsafe is internal proprietary API and may be removed in a future release
[WARNING] /app/src/test/java/kex-tests/tests/online/devupgrade/sezon2/dto/ReflectionUtils.java:[19,23] sun.misc.Unsafe is internal proprietary API and may be removed in a future release
[WARNING] /app/src/test/java/kex-tests/tests/online/devupgrade/sezon2/utilshelpers/ReflectionUtils.java:[13,25] sun.misc.Unsafe is internal proprietary API and may be removed in a future release
[WARNING] /app/src/test/java/kex-tests/tests/online/devupgrade/sezon2/utilshelpers/ReflectionUtils.java:[17,31] sun.misc.Unsafe is internal proprietary API and may be removed in a future release
[WARNING] /app/src/test/java/kex-tests/tests/online/devupgrade/sezon2/utilshelpers/ReflectionUtils.java:[19,23] sun.misc.Unsafe is internal proprietary API and may be removed in a future release
[WARNING] /app/src/test/java/kex-tests/tests/online/devupgrade/sezon2/ReflectionUtils.java:[13,25] sun.misc.Unsafe is internal proprietary API and may be removed in a future release
[WARNING] /app/src/test/java/kex-tests/tests/online/devupgrade/sezon2/ReflectionUtils.java:[17,31] sun.misc.Unsafe is internal proprietary API and may be removed in a future release
[WARNING] /app/src/test/java/kex-tests/tests/online/devupgrade/sezon2/ReflectionUtils.java:[19,23] sun.misc.Unsafe is internal proprietary API and may be removed in a future release
[WARNING] /app/src/test/java/kex-tests/tests/online/devupgrade/sezon2/repositories/ReflectionUtils.java:[13,25] sun.misc.Unsafe is internal proprietary API and may be removed in a future release
[WARNING] /app/src/test/java/kex-tests/tests/online/devupgrade/sezon2/repositories/ReflectionUtils.java:[17,31] sun.misc.Unsafe is internal proprietary API and may be removed in a future release
[WARNING] /app/src/test/java/kex-tests/tests/online/devupgrade/sezon2/repositories/ReflectionUtils.java:[19,23] sun.misc.Unsafe is internal proprietary API and may be removed in a future release
[WARNING] /app/src/test/java/kex-tests/tests/online/devupgrade/sezon2/services/ReflectionUtils.java:[13,25] sun.misc.Unsafe is internal proprietary API and may be removed in a future release
[WARNING] /app/src/test/java/kex-tests/tests/online/devupgrade/sezon2/services/ReflectionUtils.java:[17,31] sun.misc.Unsafe is internal proprietary API and may be removed in a future release
[WARNING] /app/src/test/java/kex-tests/tests/online/devupgrade/sezon2/services/ReflectionUtils.java:[19,23] sun.misc.Unsafe is internal proprietary API and may be removed in a future release
[WARNING] /app/src/test/java/kex-tests/tests/online/devupgrade/sezon2/configs/ReflectionUtils.java:[13,25] sun.misc.Unsafe is internal proprietary API and may be removed in a future release
[WARNING] /app/src/test/java/kex-tests/tests/online/devupgrade/sezon2/configs/ReflectionUtils.java:[17,31] sun.misc.Unsafe is internal proprietary API and may be removed in a future release
[WARNING] /app/src/test/java/kex-tests/tests/online/devupgrade/sezon2/configs/ReflectionUtils.java:[19,23] sun.misc.Unsafe is internal proprietary API and may be removed in a future release
[INFO] /app/src/test/java/kex-tests/tests/online/devupgrade/sezon2/entities/DiscountEntity_setIncluded_8414526135.java: Some input files use or override a deprecated API.
[INFO] /app/src/test/java/kex-tests/tests/online/devupgrade/sezon2/entities/DiscountEntity_setIncluded_8414526135.java: Recompile with -Xlint:deprecation for details.
[INFO] /app/src/test/java/kex-tests/tests/online/devupgrade/sezon2/entities/DiscountEntity_setIncluded_8414526135.java: Some input files use unchecked or unsafe operations.
[INFO] /app/src/test/java/kex-tests/tests/online/devupgrade/sezon2/entities/DiscountEntity_setIncluded_8414526135.java: Recompile with -Xlint:unchecked for details.
[INFO] 
[INFO] --- maven-surefire-plugin:2.22.2:test (default-test) @ sezon2 ---
[INFO] 
[INFO] -------------------------------------------------------
[INFO]  T E S T S
[INFO] -------------------------------------------------------
[INFO] Running online.devupgrade.sezon2.utilshelpers.DiscountedPriceSumCalculator_visit_15668137933
[ERROR] Tests run: 1, Failures: 0, Errors: 1, Skipped: 0, Time elapsed: 0.024 s <<< FAILURE! - in online.devupgrade.sezon2.utilshelpers.DiscountedPriceSumCalculator_visit_15668137933
[ERROR] test  Time elapsed: 0.021 s  <<< ERROR!
java.lang.NullPointerException
	at online.devupgrade.sezon2.utilshelpers.DiscountedPriceSumCalculator_visit_15668137933.test(DiscountedPriceSumCalculator_visit_15668137933.java:47)

[INFO] Running online.devupgrade.sezon2.utilshelpers.OrderPriceSumCalculator_init_5964413022
[INFO] Tests run: 1, Failures: 0, Errors: 0, Skipped: 0, Time elapsed: 0 s - in online.devupgrade.sezon2.utilshelpers.OrderPriceSumCalculator_init_5964413022
[INFO] Running online.devupgrade.sezon2.utilshelpers.DatabaseUtilsHelper_init_16535383403
[INFO] Tests run: 1, Failures: 0, Errors: 0, Skipped: 0, Time elapsed: 0 s - in online.devupgrade.sezon2.utilshelpers.DatabaseUtilsHelper_init_16535383403
[INFO] Running online.devupgrade.sezon2.utilshelpers.DatabaseUtilsHelper_get_1509806964
[INFO] Tests run: 1, Failures: 0, Errors: 0, Skipped: 0, Time elapsed: 0 s - in online.devupgrade.sezon2.utilshelpers.DatabaseUtilsHelper_get_1509806964
[INFO] Running online.devupgrade.sezon2.utilshelpers.DatabaseUtilsHelper_get_1509806961
[INFO] Tests run: 1, Failures: 0, Errors: 0, Skipped: 0, Time elapsed: 0 s - in online.devupgrade.sezon2.utilshelpers.DatabaseUtilsHelper_get_1509806961
[INFO] Running online.devupgrade.sezon2.utilshelpers.DiscountedPriceSumCalculator_init_72580142
[INFO] Tests run: 1, Failures: 0, Errors: 0, Skipped: 0, Time elapsed: 0 s - in online.devupgrade.sezon2.utilshelpers.DiscountedPriceSumCalculator_init_72580142
[INFO] Running online.devupgrade.sezon2.utilshelpers.DatabaseUtilsHelper_save_18605003195
[INFO] Tests run: 1, Failures: 0, Errors: 0, Skipped: 0, Time elapsed: 0 s - in online.devupgrade.sezon2.utilshelpers.DatabaseUtilsHelper_save_18605003195
[INFO] Running online.devupgrade.sezon2.utilshelpers.DatabaseUtilsHelper_TransactionIsolationLevel_values_15857528010
[INFO] Tests run: 1, Failures: 0, Errors: 0, Skipped: 0, Time elapsed: 0 s - in online.devupgrade.sezon2.utilshelpers.DatabaseUtilsHelper_TransactionIsolationLevel_values_15857528010
[INFO] Running online.devupgrade.sezon2.utilshelpers.DatabaseUtilsHelper_TransactionIsolationLevel_valueOf_20777832041
[ERROR] Tests run: 1, Failures: 0, Errors: 1, Skipped: 0, Time elapsed: 0.001 s <<< FAILURE! - in online.devupgrade.sezon2.utilshelpers.DatabaseUtilsHelper_TransactionIsolationLevel_valueOf_20777832041
[ERROR] test  Time elapsed: 0 s  <<< ERROR!
java.lang.IllegalArgumentException: No enum constant online.devupgrade.sezon2.utilshelpers.DatabaseUtilsHelper.TransactionIsolationLevel.MuLcgQHgqz
	at online.devupgrade.sezon2.utilshelpers.DatabaseUtilsHelper_TransactionIsolationLevel_valueOf_20777832041.test(DatabaseUtilsHelper_TransactionIsolationLevel_valueOf_20777832041.java:42)

[INFO] Running online.devupgrade.sezon2.utilshelpers.DatabaseUtilsHelper_TransactionIsolationLevel_init_2815839292
[ERROR] Tests run: 1, Failures: 0, Errors: 1, Skipped: 0, Time elapsed: 0 s <<< FAILURE! - in online.devupgrade.sezon2.utilshelpers.DatabaseUtilsHelper_TransactionIsolationLevel_init_2815839292
[ERROR] test  Time elapsed: 0 s  <<< ERROR!
java.lang.IllegalArgumentException: Cannot reflectively create enum objects
	at online.devupgrade.sezon2.utilshelpers.DatabaseUtilsHelper_TransactionIsolationLevel_init_2815839292.test(DatabaseUtilsHelper_TransactionIsolationLevel_init_2815839292.java:42)

[INFO] Running online.devupgrade.sezon2.utilshelpers.SumProvider_init_18628961160
[INFO] Tests run: 1, Failures: 0, Errors: 0, Skipped: 0, Time elapsed: 0.001 s - in online.devupgrade.sezon2.utilshelpers.SumProvider_init_18628961160
[INFO] Running online.devupgrade.sezon2.utilshelpers.DatabaseUtilsHelper_TransactionIsolationLevel_valueOf_20777832044
[ERROR] Tests run: 1, Failures: 0, Errors: 1, Skipped: 0, Time elapsed: 0 s <<< FAILURE! - in online.devupgrade.sezon2.utilshelpers.DatabaseUtilsHelper_TransactionIsolationLevel_valueOf_20777832044
[ERROR] test  Time elapsed: 0 s  <<< ERROR!
java.lang.NullPointerException: Name is null
	at online.devupgrade.sezon2.utilshelpers.DatabaseUtilsHelper_TransactionIsolationLevel_valueOf_20777832044.test(DatabaseUtilsHelper_TransactionIsolationLevel_valueOf_20777832044.java:49)

[INFO] Running online.devupgrade.sezon2.utilshelpers.SumProvider_add_9192079891
[INFO] Tests run: 1, Failures: 0, Errors: 0, Skipped: 0, Time elapsed: 0 s - in online.devupgrade.sezon2.utilshelpers.SumProvider_add_9192079891
[INFO] Running online.devupgrade.sezon2.utilshelpers.OrderPriceSumCalculator_visit_21389702151
[INFO] Tests run: 1, Failures: 0, Errors: 0, Skipped: 0, Time elapsed: 0 s - in online.devupgrade.sezon2.utilshelpers.OrderPriceSumCalculator_visit_21389702151
[INFO] Running online.devupgrade.sezon2.utilshelpers.OrderPriceSumCalculator_visit_21389702153
[ERROR] Tests run: 1, Failures: 0, Errors: 1, Skipped: 0, Time elapsed: 0.001 s <<< FAILURE! - in online.devupgrade.sezon2.utilshelpers.OrderPriceSumCalculator_visit_21389702153
[ERROR] test  Time elapsed: 0 s  <<< ERROR!
java.lang.NullPointerException
	at online.devupgrade.sezon2.utilshelpers.OrderPriceSumCalculator_visit_21389702153.test(OrderPriceSumCalculator_visit_21389702153.java:47)

[INFO] Running online.devupgrade.sezon2.utilshelpers.DatabaseUtilsHelper_TransactionIsolationLevel_values_15857528013
[INFO] Tests run: 1, Failures: 0, Errors: 0, Skipped: 0, Time elapsed: 0 s - in online.devupgrade.sezon2.utilshelpers.DatabaseUtilsHelper_TransactionIsolationLevel_values_15857528013
[INFO] Running online.devupgrade.sezon2.utilshelpers.DatabaseUtilsHelper_TransactionIsolationLevel_init_2815839295
[ERROR] Tests run: 1, Failures: 0, Errors: 1, Skipped: 0, Time elapsed: 0 s <<< FAILURE! - in online.devupgrade.sezon2.utilshelpers.DatabaseUtilsHelper_TransactionIsolationLevel_init_2815839295
[ERROR] test  Time elapsed: 0 s  <<< ERROR!
java.lang.IllegalArgumentException: Cannot reflectively create enum objects
	at online.devupgrade.sezon2.utilshelpers.DatabaseUtilsHelper_TransactionIsolationLevel_init_2815839295.test(DatabaseUtilsHelper_TransactionIsolationLevel_init_2815839295.java:47)

[INFO] Running online.devupgrade.sezon2.utilshelpers.SumProvider_init_18628961163
[INFO] Tests run: 1, Failures: 0, Errors: 0, Skipped: 0, Time elapsed: 0 s - in online.devupgrade.sezon2.utilshelpers.SumProvider_init_18628961163
[INFO] Running online.devupgrade.sezon2.utilshelpers.DatabaseUtilsHelper_save_18605003192
[INFO] Tests run: 1, Failures: 0, Errors: 0, Skipped: 0, Time elapsed: 0 s - in online.devupgrade.sezon2.utilshelpers.DatabaseUtilsHelper_save_18605003192
[INFO] Running online.devupgrade.sezon2.utilshelpers.DatabaseUtilsHelper_init_16535383400
[INFO] Tests run: 1, Failures: 0, Errors: 0, Skipped: 0, Time elapsed: 0.001 s - in online.devupgrade.sezon2.utilshelpers.DatabaseUtilsHelper_init_16535383400
[INFO] Running online.devupgrade.sezon2.utilshelpers.DiscountedPriceSumCalculator_visit_15668137931
[INFO] Tests run: 1, Failures: 0, Errors: 0, Skipped: 0, Time elapsed: 0 s - in online.devupgrade.sezon2.utilshelpers.DiscountedPriceSumCalculator_visit_15668137931
[INFO] Running online.devupgrade.sezon2.utilshelpers.SumProvider_reset_914426015
[INFO] Tests run: 1, Failures: 0, Errors: 0, Skipped: 0, Time elapsed: 0 s - in online.devupgrade.sezon2.utilshelpers.SumProvider_reset_914426015
[INFO] Running online.devupgrade.sezon2.utilshelpers.OrderPriceSumCalculator_init_5964413020
[INFO] Tests run: 1, Failures: 0, Errors: 0, Skipped: 0, Time elapsed: 0 s - in online.devupgrade.sezon2.utilshelpers.OrderPriceSumCalculator_init_5964413020
[INFO] Running online.devupgrade.sezon2.utilshelpers.SumProvider_reset_914426012
[INFO] Tests run: 1, Failures: 0, Errors: 0, Skipped: 0, Time elapsed: 0 s - in online.devupgrade.sezon2.utilshelpers.SumProvider_reset_914426012
[INFO] Running online.devupgrade.sezon2.utilshelpers.DiscountedPriceSumCalculator_init_72580140
[INFO] Tests run: 1, Failures: 0, Errors: 0, Skipped: 0, Time elapsed: 0 s - in online.devupgrade.sezon2.utilshelpers.DiscountedPriceSumCalculator_init_72580140
[INFO] Running online.devupgrade.sezon2.utilshelpers.SumProvider_add_9192079894
[ERROR] Tests run: 1, Failures: 0, Errors: 1, Skipped: 0, Time elapsed: 0 s <<< FAILURE! - in online.devupgrade.sezon2.utilshelpers.SumProvider_add_9192079894
[ERROR] test  Time elapsed: 0 s  <<< ERROR!
java.lang.NullPointerException
	at online.devupgrade.sezon2.utilshelpers.SumProvider_add_9192079894.test(SumProvider_add_9192079894.java:44)

[INFO] Running online.devupgrade.sezon2.configs.XmlConfiguration_init_16871969761
[INFO] Tests run: 1, Failures: 0, Errors: 0, Skipped: 0, Time elapsed: 0 s - in online.devupgrade.sezon2.configs.XmlConfiguration_init_16871969761
[INFO] Running online.devupgrade.sezon2.configs.XmlConfiguration_init_16871969760
[INFO] Tests run: 1, Failures: 0, Errors: 0, Skipped: 0, Time elapsed: 0 s - in online.devupgrade.sezon2.configs.XmlConfiguration_init_16871969760
[INFO] Running online.devupgrade.sezon2.KROPKA_init_6125068331
[INFO] Tests run: 1, Failures: 0, Errors: 0, Skipped: 0, Time elapsed: 0.001 s - in online.devupgrade.sezon2.KROPKA_init_6125068331
[INFO] Running online.devupgrade.sezon2.RestOrderController_init_4520479290
[INFO] Tests run: 1, Failures: 0, Errors: 0, Skipped: 0, Time elapsed: 0 s - in online.devupgrade.sezon2.RestOrderController_init_4520479290
[INFO] Running online.devupgrade.sezon2.RestOrderController_init_4520479293
[INFO] Tests run: 1, Failures: 0, Errors: 0, Skipped: 0, Time elapsed: 0 s - in online.devupgrade.sezon2.RestOrderController_init_4520479293
[INFO] Running online.devupgrade.sezon2.RestOrderController_orders_15061434601
[INFO] Tests run: 1, Failures: 0, Errors: 0, Skipped: 0, Time elapsed: 0 s - in online.devupgrade.sezon2.RestOrderController_orders_15061434601
[INFO] Running online.devupgrade.sezon2.dto.LoginCredentials_setRoles_14597127315
[INFO] Tests run: 1, Failures: 0, Errors: 0, Skipped: 0, Time elapsed: 0 s - in online.devupgrade.sezon2.dto.LoginCredentials_setRoles_14597127315
[INFO] Running online.devupgrade.sezon2.dto.OrderDTO_setId_7328349274
[INFO] Tests run: 1, Failures: 0, Errors: 0, Skipped: 0, Time elapsed: 0 s - in online.devupgrade.sezon2.dto.OrderDTO_setId_7328349274
[INFO] Running online.devupgrade.sezon2.dto.OrderDTO_setEmpty_21422607822
[INFO] Tests run: 1, Failures: 0, Errors: 0, Skipped: 0, Time elapsed: 0 s - in online.devupgrade.sezon2.dto.OrderDTO_setEmpty_21422607822
[INFO] Running online.devupgrade.sezon2.dto.OrderDTO_setId_73283492710
[INFO] Tests run: 1, Failures: 0, Errors: 0, Skipped: 0, Time elapsed: 0 s - in online.devupgrade.sezon2.dto.OrderDTO_setId_73283492710
[INFO] Running online.devupgrade.sezon2.dto.LoginCredentials_getPassword_15659970944
[INFO] Tests run: 1, Failures: 0, Errors: 0, Skipped: 0, Time elapsed: 0 s - in online.devupgrade.sezon2.dto.LoginCredentials_getPassword_15659970944
[INFO] Running online.devupgrade.sezon2.dto.OrderDTO_getEmpty_12056281827
[INFO] Tests run: 1, Failures: 0, Errors: 0, Skipped: 0, Time elapsed: 0 s - in online.devupgrade.sezon2.dto.OrderDTO_getEmpty_12056281827
[INFO] Running online.devupgrade.sezon2.dto.LoginCredentials_getPassword_156599709412
[INFO] Tests run: 1, Failures: 0, Errors: 0, Skipped: 0, Time elapsed: 0 s - in online.devupgrade.sezon2.dto.LoginCredentials_getPassword_156599709412
[INFO] Running online.devupgrade.sezon2.dto.OrderDTO_init_2158769020
[INFO] Tests run: 1, Failures: 0, Errors: 0, Skipped: 0, Time elapsed: 0 s - in online.devupgrade.sezon2.dto.OrderDTO_init_2158769020
[INFO] Running online.devupgrade.sezon2.dto.LoginCredentials_init_13309725348
[INFO] Tests run: 1, Failures: 0, Errors: 0, Skipped: 0, Time elapsed: 0 s - in online.devupgrade.sezon2.dto.LoginCredentials_init_13309725348
[INFO] Running online.devupgrade.sezon2.dto.LoginCredentials_getLogin_11812523562
[INFO] Tests run: 1, Failures: 0, Errors: 0, Skipped: 0, Time elapsed: 0 s - in online.devupgrade.sezon2.dto.LoginCredentials_getLogin_11812523562
[INFO] Running online.devupgrade.sezon2.dto.LoginCredentials_init_17700768509
[INFO] Tests run: 1, Failures: 0, Errors: 0, Skipped: 0, Time elapsed: 0 s - in online.devupgrade.sezon2.dto.LoginCredentials_init_17700768509
[INFO] Running online.devupgrade.sezon2.dto.LoginCredentials_getRoles_180665837714
[INFO] Tests run: 1, Failures: 0, Errors: 0, Skipped: 0, Time elapsed: 0 s - in online.devupgrade.sezon2.dto.LoginCredentials_getRoles_180665837714
[INFO] Running online.devupgrade.sezon2.dto.LoginCredentials_setRoles_1459712737
[INFO] Tests run: 1, Failures: 0, Errors: 0, Skipped: 0, Time elapsed: 0 s - in online.devupgrade.sezon2.dto.LoginCredentials_setRoles_1459712737
[INFO] Running online.devupgrade.sezon2.dto.FindOrdersCommand_init_13056334080
[INFO] Tests run: 1, Failures: 0, Errors: 0, Skipped: 0, Time elapsed: 0 s - in online.devupgrade.sezon2.dto.FindOrdersCommand_init_13056334080
[INFO] Running online.devupgrade.sezon2.dto.OrderDTO_init_210908146811
[INFO] Tests run: 1, Failures: 0, Errors: 0, Skipped: 0, Time elapsed: 0 s - in online.devupgrade.sezon2.dto.OrderDTO_init_210908146811
[INFO] Running online.devupgrade.sezon2.dto.OrderDTO_getEmpty_12056281821
[INFO] Tests run: 1, Failures: 0, Errors: 0, Skipped: 0, Time elapsed: 0 s - in online.devupgrade.sezon2.dto.OrderDTO_getEmpty_12056281821
[INFO] Running online.devupgrade.sezon2.dto.ResultTransporterException_init_470355300
[INFO] Tests run: 1, Failures: 0, Errors: 0, Skipped: 0, Time elapsed: 0 s - in online.devupgrade.sezon2.dto.ResultTransporterException_init_470355300
[INFO] Running online.devupgrade.sezon2.dto.CreateEmptyOrderCommand_init_20099779531
[INFO] Tests run: 1, Failures: 0, Errors: 0, Skipped: 0, Time elapsed: 0 s - in online.devupgrade.sezon2.dto.CreateEmptyOrderCommand_init_20099779531
[INFO] Running online.devupgrade.sezon2.dto.LoginCredentials_init_13309725340
[INFO] Tests run: 1, Failures: 0, Errors: 0, Skipped: 0, Time elapsed: 0 s - in online.devupgrade.sezon2.dto.LoginCredentials_init_13309725340
[INFO] Running online.devupgrade.sezon2.dto.LoginCredentials_setLogin_16049207723
[INFO] Tests run: 1, Failures: 0, Errors: 0, Skipped: 0, Time elapsed: 0 s - in online.devupgrade.sezon2.dto.LoginCredentials_setLogin_16049207723
[INFO] Running online.devupgrade.sezon2.dto.LoginCredentials_setPassword_114262776213
[INFO] Tests run: 1, Failures: 0, Errors: 0, Skipped: 0, Time elapsed: 0 s - in online.devupgrade.sezon2.dto.LoginCredentials_setPassword_114262776213
[INFO] Running online.devupgrade.sezon2.dto.OrderDTO_getId_2884709113
[INFO] Tests run: 1, Failures: 0, Errors: 0, Skipped: 0, Time elapsed: 0.001 s - in online.devupgrade.sezon2.dto.OrderDTO_getId_2884709113
[INFO] Running online.devupgrade.sezon2.dto.ResultTransporterException_getData_11206639482
[INFO] Tests run: 1, Failures: 0, Errors: 0, Skipped: 0, Time elapsed: 0 s - in online.devupgrade.sezon2.dto.ResultTransporterException_getData_11206639482
[INFO] Running online.devupgrade.sezon2.dto.ProductCommand_init_13020118710
[INFO] Tests run: 1, Failures: 0, Errors: 0, Skipped: 0, Time elapsed: 0 s - in online.devupgrade.sezon2.dto.ProductCommand_init_13020118710
[INFO] Running online.devupgrade.sezon2.dto.OrderDTO_init_21090814685
[INFO] Tests run: 1, Failures: 0, Errors: 0, Skipped: 0, Time elapsed: 0 s - in online.devupgrade.sezon2.dto.OrderDTO_init_21090814685
[INFO] Running online.devupgrade.sezon2.dto.LoginCredentials_getLogin_118125235610
[INFO] Tests run: 1, Failures: 0, Errors: 0, Skipped: 0, Time elapsed: 0 s - in online.devupgrade.sezon2.dto.LoginCredentials_getLogin_118125235610
[INFO] Running online.devupgrade.sezon2.dto.LoginCredentials_setPassword_11426277625
[INFO] Tests run: 1, Failures: 0, Errors: 0, Skipped: 0, Time elapsed: 0 s - in online.devupgrade.sezon2.dto.LoginCredentials_setPassword_11426277625
[INFO] Running online.devupgrade.sezon2.dto.LoginCredentials_setLogin_160492077211
[INFO] Tests run: 1, Failures: 0, Errors: 0, Skipped: 0, Time elapsed: 0 s - in online.devupgrade.sezon2.dto.LoginCredentials_setLogin_160492077211
[INFO] Running online.devupgrade.sezon2.dto.OrderDTO_setEmpty_21422607828
[INFO] Tests run: 1, Failures: 0, Errors: 0, Skipped: 0, Time elapsed: 0.001 s - in online.devupgrade.sezon2.dto.OrderDTO_setEmpty_21422607828
[INFO] Running online.devupgrade.sezon2.dto.LoginCredentials_init_17700768501
[INFO] Tests run: 1, Failures: 0, Errors: 0, Skipped: 0, Time elapsed: 0 s - in online.devupgrade.sezon2.dto.LoginCredentials_init_17700768501
[INFO] Running online.devupgrade.sezon2.dto.OrderDTO_getId_2884709119
[INFO] Tests run: 1, Failures: 0, Errors: 0, Skipped: 0, Time elapsed: 0 s - in online.devupgrade.sezon2.dto.OrderDTO_getId_2884709119
[INFO] Running online.devupgrade.sezon2.dto.CreateEmptyOrderCommand_init_20099779530
[INFO] Tests run: 1, Failures: 0, Errors: 0, Skipped: 0, Time elapsed: 0 s - in online.devupgrade.sezon2.dto.CreateEmptyOrderCommand_init_20099779530
[INFO] Running online.devupgrade.sezon2.dto.ProductCommand_init_13020118711
[INFO] Tests run: 1, Failures: 0, Errors: 0, Skipped: 0, Time elapsed: 0 s - in online.devupgrade.sezon2.dto.ProductCommand_init_13020118711
[INFO] Running online.devupgrade.sezon2.dto.FindOrdersCommand_init_13056334081
[INFO] Tests run: 1, Failures: 0, Errors: 0, Skipped: 0, Time elapsed: 0 s - in online.devupgrade.sezon2.dto.FindOrdersCommand_init_13056334081
[INFO] Running online.devupgrade.sezon2.dto.ResultTransporterException_init_470355303
[INFO] Tests run: 1, Failures: 0, Errors: 0, Skipped: 0, Time elapsed: 0 s - in online.devupgrade.sezon2.dto.ResultTransporterException_init_470355303
[INFO] Running online.devupgrade.sezon2.dto.OrderDTO_init_2158769026
[INFO] Tests run: 1, Failures: 0, Errors: 0, Skipped: 0, Time elapsed: 0 s - in online.devupgrade.sezon2.dto.OrderDTO_init_2158769026
[INFO] Running online.devupgrade.sezon2.dto.LoginCredentials_getRoles_18066583776
[INFO] Tests run: 1, Failures: 0, Errors: 0, Skipped: 0, Time elapsed: 0 s - in online.devupgrade.sezon2.dto.LoginCredentials_getRoles_18066583776
[INFO] Running online.devupgrade.sezon2.RestOrderController_create_6747656742
[ERROR] Tests run: 1, Failures: 0, Errors: 1, Skipped: 0, Time elapsed: 0 s <<< FAILURE! - in online.devupgrade.sezon2.RestOrderController_create_6747656742
[ERROR] test  Time elapsed: 0 s  <<< ERROR!
java.lang.NullPointerException
	at online.devupgrade.sezon2.RestOrderController_create_6747656742.test(RestOrderController_create_6747656742.java:45)

[INFO] Running online.devupgrade.sezon2.EcommerceApplication_init_12498199652
[INFO] Tests run: 1, Failures: 0, Errors: 0, Skipped: 0, Time elapsed: 0 s - in online.devupgrade.sezon2.EcommerceApplication_init_12498199652
[INFO] Running online.devupgrade.sezon2.entities.DiscountEntity_getIncluded_20211162359
[INFO] Tests run: 1, Failures: 0, Errors: 0, Skipped: 0, Time elapsed: 0 s - in online.devupgrade.sezon2.entities.DiscountEntity_getIncluded_20211162359
[INFO] Running online.devupgrade.sezon2.entities.ProductWithCurrency_init_17352722453
[INFO] Tests run: 1, Failures: 0, Errors: 0, Skipped: 0, Time elapsed: 0 s - in online.devupgrade.sezon2.entities.ProductWithCurrency_init_17352722453
[INFO] Running online.devupgrade.sezon2.entities.ProductWithCurrency_getCurrency_8814165814
[INFO] Tests run: 1, Failures: 0, Errors: 0, Skipped: 0, Time elapsed: 0 s - in online.devupgrade.sezon2.entities.ProductWithCurrency_getCurrency_8814165814
[INFO] Running online.devupgrade.sezon2.entities.Product_toString_13554260074
[ERROR] Tests run: 1, Failures: 0, Errors: 1, Skipped: 0, Time elapsed: 0 s <<< FAILURE! - in online.devupgrade.sezon2.entities.Product_toString_13554260074
[ERROR] test  Time elapsed: 0 s  <<< ERROR!
java.util.IllegalFormatConversionException: d != java.lang.Float
	at online.devupgrade.sezon2.entities.Product_toString_13554260074.test(Product_toString_13554260074.java:48)

[INFO] Running online.devupgrade.sezon2.entities.Product_getPrice_892042576
[INFO] Tests run: 1, Failures: 0, Errors: 0, Skipped: 0, Time elapsed: 0 s - in online.devupgrade.sezon2.entities.Product_getPrice_892042576
[INFO] Running online.devupgrade.sezon2.entities.DiscountEntity_setIncluded_8414526135
[INFO] Tests run: 1, Failures: 0, Errors: 0, Skipped: 0, Time elapsed: 0.001 s - in online.devupgrade.sezon2.entities.DiscountEntity_setIncluded_8414526135
[INFO] Running online.devupgrade.sezon2.entities.DefaultStatus_getStatusSerializableValue_2763638503
[INFO] Tests run: 1, Failures: 0, Errors: 0, Skipped: 0, Time elapsed: 0 s - in online.devupgrade.sezon2.entities.DefaultStatus_getStatusSerializableValue_2763638503
[INFO] Running online.devupgrade.sezon2.entities.Order_init_2864514755
[INFO] Tests run: 1, Failures: 0, Errors: 0, Skipped: 0, Time elapsed: 0 s - in online.devupgrade.sezon2.entities.Order_init_2864514755
[INFO] Running online.devupgrade.sezon2.entities.XXxxxUtils_convert_18605093713
[ERROR] Tests run: 1, Failures: 0, Errors: 1, Skipped: 0, Time elapsed: 0.001 s <<< FAILURE! - in online.devupgrade.sezon2.entities.XXxxxUtils_convert_18605093713
[ERROR] test  Time elapsed: 0 s  <<< ERROR!
java.util.NoSuchElementException: No value present
	at online.devupgrade.sezon2.entities.XXxxxUtils_convert_18605093713.test(XXxxxUtils_convert_18605093713.java:47)

[INFO] Running online.devupgrade.sezon2.entities.Order_1_call_3193347951
[INFO] Tests run: 1, Failures: 0, Errors: 0, Skipped: 0, Time elapsed: 0.001 s - in online.devupgrade.sezon2.entities.Order_1_call_3193347951
[INFO] Running online.devupgrade.sezon2.entities.StringBasedOrderStatus_codePoints_41492844312
[INFO] Tests run: 1, Failures: 0, Errors: 0, Skipped: 0, Time elapsed: 0 s - in online.devupgrade.sezon2.entities.StringBasedOrderStatus_codePoints_41492844312
[INFO] Running online.devupgrade.sezon2.entities.DiscountEntity_setRoles_210240903214
[INFO] Tests run: 1, Failures: 0, Errors: 0, Skipped: 0, Time elapsed: 0 s - in online.devupgrade.sezon2.entities.DiscountEntity_setRoles_210240903214
[INFO] Running online.devupgrade.sezon2.entities.DiscountEntity_getRoles_1497793822
[INFO] Tests run: 1, Failures: 0, Errors: 0, Skipped: 0, Time elapsed: 0 s - in online.devupgrade.sezon2.entities.DiscountEntity_getRoles_1497793822
[INFO] Running online.devupgrade.sezon2.entities.Order_1_call_3193347953
[INFO] Tests run: 1, Failures: 0, Errors: 0, Skipped: 0, Time elapsed: 0 s - in online.devupgrade.sezon2.entities.Order_1_call_3193347953
[INFO] Running online.devupgrade.sezon2.entities.NotAProductProduct_getPrice_9310633183
[INFO] Tests run: 1, Failures: 0, Errors: 0, Skipped: 0, Time elapsed: 0 s - in online.devupgrade.sezon2.entities.NotAProductProduct_getPrice_9310633183
[INFO] Running online.devupgrade.sezon2.entities.ProductWithCurrency_getPrice_10145063465
[INFO] Tests run: 1, Failures: 0, Errors: 0, Skipped: 0, Time elapsed: 0 s - in online.devupgrade.sezon2.entities.ProductWithCurrency_getPrice_10145063465
[INFO] Running online.devupgrade.sezon2.entities.DiscountEntity_setRoles_21024090323
[INFO] Tests run: 1, Failures: 0, Errors: 0, Skipped: 0, Time elapsed: 0 s - in online.devupgrade.sezon2.entities.DiscountEntity_setRoles_21024090323
[INFO] Running online.devupgrade.sezon2.entities.DiscountEntity_setIncluded_84145261316
[INFO] Tests run: 1, Failures: 0, Errors: 0, Skipped: 0, Time elapsed: 0 s - in online.devupgrade.sezon2.entities.DiscountEntity_setIncluded_84145261316
[INFO] Running online.devupgrade.sezon2.entities.DiscountEntity_init_10075570030
[INFO] Tests run: 1, Failures: 0, Errors: 0, Skipped: 0, Time elapsed: 0.001 s - in online.devupgrade.sezon2.entities.DiscountEntity_init_10075570030
[INFO] Running online.devupgrade.sezon2.entities.Product_getPrice_892042571
[INFO] Tests run: 1, Failures: 0, Errors: 0, Skipped: 0, Time elapsed: 0 s - in online.devupgrade.sezon2.entities.Product_getPrice_892042571
[INFO] Running online.devupgrade.sezon2.entities.Order_setDiscountEntities_15405021617
[ERROR] Tests run: 1, Failures: 0, Errors: 1, Skipped: 0, Time elapsed: 0 s <<< FAILURE! - in online.devupgrade.sezon2.entities.Order_setDiscountEntities_15405021617
[ERROR] test  Time elapsed: 0 s  <<< ERROR!
java.lang.NullPointerException
	at online.devupgrade.sezon2.entities.Order_setDiscountEntities_15405021617.test(Order_setDiscountEntities_15405021617.java:51)

[INFO] Running online.devupgrade.sezon2.entities.NotAProductProductWithCurrency_init_10174710620
[INFO] Tests run: 1, Failures: 0, Errors: 0, Skipped: 0, Time elapsed: 0 s - in online.devupgrade.sezon2.entities.NotAProductProductWithCurrency_init_10174710620
[INFO] Running online.devupgrade.sezon2.entities.Product_toString_13554260079
[ERROR] Tests run: 1, Failures: 0, Errors: 1, Skipped: 0, Time elapsed: 0 s <<< FAILURE! - in online.devupgrade.sezon2.entities.Product_toString_13554260079
[ERROR] test  Time elapsed: 0 s  <<< ERROR!
java.util.IllegalFormatConversionException: d != java.lang.Float
	at online.devupgrade.sezon2.entities.Product_toString_13554260079.test(Product_toString_13554260079.java:46)

[INFO] Running online.devupgrade.sezon2.entities.Order_1_init_16714377680
[INFO] Tests run: 1, Failures: 0, Errors: 0, Skipped: 0, Time elapsed: 0 s - in online.devupgrade.sezon2.entities.Order_1_init_16714377680
[INFO] Running online.devupgrade.sezon2.entities.Order_Visit_16453136334
[ERROR] Tests run: 1, Failures: 0, Errors: 1, Skipped: 0, Time elapsed: 0 s <<< FAILURE! - in online.devupgrade.sezon2.entities.Order_Visit_16453136334
[ERROR] test  Time elapsed: 0 s  <<< ERROR!
java.lang.NullPointerException
	at online.devupgrade.sezon2.entities.Order_Visit_16453136334.test(Order_Visit_16453136334.java:302)

[INFO] Running online.devupgrade.sezon2.entities.ProductWithCurrency_getPrice_10145063462
[INFO] Tests run: 1, Failures: 0, Errors: 0, Skipped: 0, Time elapsed: 0 s - in online.devupgrade.sezon2.entities.ProductWithCurrency_getPrice_10145063462
[INFO] Running online.devupgrade.sezon2.entities.Product_init_8099701560
[INFO] Tests run: 1, Failures: 0, Errors: 0, Skipped: 0, Time elapsed: 0 s - in online.devupgrade.sezon2.entities.Product_init_8099701560
[INFO] Running online.devupgrade.sezon2.entities.DiscountEntity_getId_117832848018
[INFO] Tests run: 1, Failures: 0, Errors: 0, Skipped: 0, Time elapsed: 0 s - in online.devupgrade.sezon2.entities.DiscountEntity_getId_117832848018
[INFO] Running online.devupgrade.sezon2.entities.Order_getProducts_18926952311
[INFO] Tests run: 1, Failures: 0, Errors: 0, Skipped: 0, Time elapsed: 0 s - in online.devupgrade.sezon2.entities.Order_getProducts_18926952311
[INFO] Running online.devupgrade.sezon2.entities.NotReallyOrderOrder_init_3608261190
[INFO] Tests run: 1, Failures: 0, Errors: 0, Skipped: 0, Time elapsed: 0 s - in online.devupgrade.sezon2.entities.NotReallyOrderOrder_init_3608261190
[INFO] Running online.devupgrade.sezon2.entities.DiscountEntity_getIncluded_202111623520
[INFO] Tests run: 1, Failures: 0, Errors: 0, Skipped: 0, Time elapsed: 0 s - in online.devupgrade.sezon2.entities.DiscountEntity_getIncluded_202111623520
[INFO] Running online.devupgrade.sezon2.entities.Order_setDiscountEntities_15405021612
[INFO] Tests run: 1, Failures: 0, Errors: 0, Skipped: 0, Time elapsed: 0.001 s - in online.devupgrade.sezon2.entities.Order_setDiscountEntities_15405021612
[INFO] Running online.devupgrade.sezon2.entities.StringBasedOrderStatus_init_14439019370
[INFO] Tests run: 1, Failures: 0, Errors: 0, Skipped: 0, Time elapsed: 0 s - in online.devupgrade.sezon2.entities.StringBasedOrderStatus_init_14439019370
[INFO] Running online.devupgrade.sezon2.entities.DiscountEntity_init_100755700311
[INFO] Tests run: 1, Failures: 0, Errors: 0, Skipped: 0, Time elapsed: 0 s - in online.devupgrade.sezon2.entities.DiscountEntity_init_100755700311
[INFO] Running online.devupgrade.sezon2.entities.DiscountEntity_setId_209533297812
[INFO] Tests run: 1, Failures: 0, Errors: 0, Skipped: 0, Time elapsed: 0 s - in online.devupgrade.sezon2.entities.DiscountEntity_setId_209533297812
[INFO] Running online.devupgrade.sezon2.entities.Product_setPrice_4367750893
[INFO] Tests run: 1, Failures: 0, Errors: 0, Skipped: 0, Time elapsed: 0 s - in online.devupgrade.sezon2.entities.Product_setPrice_4367750893
[INFO] Running online.devupgrade.sezon2.entities.XXxxxUtils_convert_18605093711
[INFO] Tests run: 1, Failures: 0, Errors: 0, Skipped: 0, Time elapsed: 0 s - in online.devupgrade.sezon2.entities.XXxxxUtils_convert_18605093711
[INFO] Running online.devupgrade.sezon2.entities.StringBasedOrderStatus_chars_133214268011
[INFO] Tests run: 1, Failures: 0, Errors: 0, Skipped: 0, Time elapsed: 0 s - in online.devupgrade.sezon2.entities.StringBasedOrderStatus_chars_133214268011
[INFO] Running online.devupgrade.sezon2.entities.StringBasedOrderStatus_chars_13321426805
[INFO] Tests run: 1, Failures: 0, Errors: 0, Skipped: 0, Time elapsed: 0 s - in online.devupgrade.sezon2.entities.StringBasedOrderStatus_chars_13321426805
[INFO] Running online.devupgrade.sezon2.entities.Product_setPrice_4367750898
[ERROR] Tests run: 1, Failures: 0, Errors: 1, Skipped: 0, Time elapsed: 0 s <<< FAILURE! - in online.devupgrade.sezon2.entities.Product_setPrice_4367750898
[ERROR] test  Time elapsed: 0 s  <<< ERROR!
java.lang.NullPointerException
	at online.devupgrade.sezon2.entities.Product_setPrice_4367750898.test(Product_setPrice_4367750898.java:48)

[INFO] Running online.devupgrade.sezon2.entities.Order_1_init_16714377682
[INFO] Tests run: 1, Failures: 0, Errors: 0, Skipped: 0, Time elapsed: 0 s - in online.devupgrade.sezon2.entities.Order_1_init_16714377682
[INFO] Running online.devupgrade.sezon2.entities.DefaultStatus_init_5701937972
[ERROR] Tests run: 1, Failures: 0, Errors: 1, Skipped: 0, Time elapsed: 0 s <<< FAILURE! - in online.devupgrade.sezon2.entities.DefaultStatus_init_5701937972
[ERROR] test  Time elapsed: 0 s  <<< ERROR!
java.lang.IllegalArgumentException: Cannot reflectively create enum objects
	at online.devupgrade.sezon2.entities.DefaultStatus_init_5701937972.test(DefaultStatus_init_5701937972.java:47)

[INFO] Running online.devupgrade.sezon2.entities.DiscountEntity_setId_20953329781
[INFO] Tests run: 1, Failures: 0, Errors: 0, Skipped: 0, Time elapsed: 0.001 s - in online.devupgrade.sezon2.entities.DiscountEntity_setId_20953329781
[INFO] Running online.devupgrade.sezon2.entities.DiscountEntity_getValue_9621029288
[INFO] Tests run: 1, Failures: 0, Errors: 0, Skipped: 0, Time elapsed: 0 s - in online.devupgrade.sezon2.entities.DiscountEntity_getValue_9621029288
[INFO] Running online.devupgrade.sezon2.entities.DiscountEntity_setValue_151544903015
[INFO] Tests run: 1, Failures: 0, Errors: 0, Skipped: 0, Time elapsed: 0.001 s - in online.devupgrade.sezon2.entities.DiscountEntity_setValue_151544903015
[INFO] Running online.devupgrade.sezon2.entities.DefaultStatus_values_20001514550
[INFO] Tests run: 1, Failures: 0, Errors: 0, Skipped: 0, Time elapsed: 0 s - in online.devupgrade.sezon2.entities.DefaultStatus_values_20001514550
[INFO] Running online.devupgrade.sezon2.entities.DiscountEntity_setExcluded_9500740396
[INFO] Tests run: 1, Failures: 0, Errors: 0, Skipped: 0, Time elapsed: 0 s - in online.devupgrade.sezon2.entities.DiscountEntity_setExcluded_9500740396
[INFO] Running online.devupgrade.sezon2.entities.Product_getPrice_19214158012
[INFO] Tests run: 1, Failures: 0, Errors: 0, Skipped: 0, Time elapsed: 0 s - in online.devupgrade.sezon2.entities.Product_getPrice_19214158012
[INFO] Running online.devupgrade.sezon2.entities.StringBasedOrderStatus_chars_13321426804
[INFO] Tests run: 1, Failures: 0, Errors: 0, Skipped: 0, Time elapsed: 0 s - in online.devupgrade.sezon2.entities.StringBasedOrderStatus_chars_13321426804
[INFO] Running online.devupgrade.sezon2.entities.StringBasedOrderStatus_init_14439019378
[INFO] Tests run: 1, Failures: 0, Errors: 0, Skipped: 0, Time elapsed: 0 s - in online.devupgrade.sezon2.entities.StringBasedOrderStatus_init_14439019378
[INFO] Running online.devupgrade.sezon2.entities.DefaultStatus_getStatusSerializableValue_2763638507
[INFO] Tests run: 1, Failures: 0, Errors: 0, Skipped: 0, Time elapsed: 0 s - in online.devupgrade.sezon2.entities.DefaultStatus_getStatusSerializableValue_2763638507
[INFO] Running online.devupgrade.sezon2.entities.NotAProductProductWithCurrency_getPrice_17382369611
[INFO] Tests run: 1, Failures: 0, Errors: 0, Skipped: 0, Time elapsed: 0 s - in online.devupgrade.sezon2.entities.NotAProductProductWithCurrency_getPrice_17382369611
[INFO] Running online.devupgrade.sezon2.entities.Order_getProducts_18926952316
[INFO] Tests run: 1, Failures: 0, Errors: 0, Skipped: 0, Time elapsed: 0 s - in online.devupgrade.sezon2.entities.Order_getProducts_18926952316
[INFO] Running online.devupgrade.sezon2.entities.DiscountEntity_getId_11783284807
[INFO] Tests run: 1, Failures: 0, Errors: 0, Skipped: 0, Time elapsed: 0 s - in online.devupgrade.sezon2.entities.DiscountEntity_getId_11783284807
[INFO] Running online.devupgrade.sezon2.entities.XXxxxUtils_init_11902922980
[INFO] Tests run: 1, Failures: 0, Errors: 0, Skipped: 0, Time elapsed: 0.001 s - in online.devupgrade.sezon2.entities.XXxxxUtils_init_11902922980
[INFO] Running online.devupgrade.sezon2.entities.NotAProductProductWithCurrency_getPrice_17382369613
[INFO] Tests run: 1, Failures: 0, Errors: 0, Skipped: 0, Time elapsed: 0 s - in online.devupgrade.sezon2.entities.NotAProductProductWithCurrency_getPrice_17382369613
[INFO] Running online.devupgrade.sezon2.entities.DiscountEntity_getValue_96210292819
[INFO] Tests run: 1, Failures: 0, Errors: 0, Skipped: 0, Time elapsed: 0 s - in online.devupgrade.sezon2.entities.DiscountEntity_getValue_96210292819
[INFO] Running online.devupgrade.sezon2.entities.StringBasedOrderStatus_charAt_56243357810
[ERROR] Tests run: 1, Failures: 0, Errors: 1, Skipped: 0, Time elapsed: 0 s <<< FAILURE! - in online.devupgrade.sezon2.entities.StringBasedOrderStatus_charAt_56243357810
[ERROR] test  Time elapsed: 0 s  <<< ERROR!
java.lang.NullPointerException
	at online.devupgrade.sezon2.entities.StringBasedOrderStatus_charAt_56243357810.test(StringBasedOrderStatus_charAt_56243357810.java:48)

[INFO] Running online.devupgrade.sezon2.entities.StringBasedOrderStatus_subSequence_3074543914
[ERROR] Tests run: 1, Failures: 0, Errors: 1, Skipped: 0, Time elapsed: 0 s <<< FAILURE! - in online.devupgrade.sezon2.entities.StringBasedOrderStatus_subSequence_3074543914
[ERROR] test  Time elapsed: 0 s  <<< ERROR!
java.lang.NullPointerException
	at online.devupgrade.sezon2.entities.StringBasedOrderStatus_subSequence_3074543914.test(StringBasedOrderStatus_subSequence_3074543914.java:52)

[INFO] Running online.devupgrade.sezon2.entities.StringBasedOrderStatus_length_610273431
[INFO] Tests run: 1, Failures: 0, Errors: 0, Skipped: 0, Time elapsed: 0 s - in online.devupgrade.sezon2.entities.StringBasedOrderStatus_length_610273431
[INFO] Running online.devupgrade.sezon2.entities.XXxxxUtils_init_11902922982
[INFO] Tests run: 1, Failures: 0, Errors: 0, Skipped: 0, Time elapsed: 0 s - in online.devupgrade.sezon2.entities.XXxxxUtils_init_11902922982
[INFO] Running online.devupgrade.sezon2.entities.Order_Visit_16453136339
[ERROR] Tests run: 1, Failures: 0, Errors: 1, Skipped: 0, Time elapsed: 0 s <<< FAILURE! - in online.devupgrade.sezon2.entities.Order_Visit_16453136339
[ERROR] test  Time elapsed: 0 s  <<< ERROR!
java.lang.NullPointerException
	at online.devupgrade.sezon2.entities.Order_Visit_16453136339.test(Order_Visit_16453136339.java:51)

[INFO] Running online.devupgrade.sezon2.entities.Order_setProducts_16952687393
[INFO] Tests run: 1, Failures: 0, Errors: 0, Skipped: 0, Time elapsed: 0.001 s - in online.devupgrade.sezon2.entities.Order_setProducts_16952687393
[INFO] Running online.devupgrade.sezon2.entities.StringBasedOrderStatus_codePoints_4149284436
[INFO] Tests run: 1, Failures: 0, Errors: 0, Skipped: 0, Time elapsed: 0 s - in online.devupgrade.sezon2.entities.StringBasedOrderStatus_codePoints_4149284436
[INFO] Running online.devupgrade.sezon2.entities.Product_getPrice_19214158017
[ERROR] Tests run: 1, Failures: 0, Errors: 1, Skipped: 0, Time elapsed: 0 s <<< FAILURE! - in online.devupgrade.sezon2.entities.Product_getPrice_19214158017
[ERROR] test  Time elapsed: 0 s  <<< ERROR!
java.lang.NullPointerException
	at online.devupgrade.sezon2.entities.Product_getPrice_19214158017.test(Product_getPrice_19214158017.java:53)

[INFO] Running online.devupgrade.sezon2.entities.DefaultStatus_values_20001514554
[INFO] Tests run: 1, Failures: 0, Errors: 0, Skipped: 0, Time elapsed: 0 s - in online.devupgrade.sezon2.entities.DefaultStatus_values_20001514554
[INFO] Running online.devupgrade.sezon2.entities.DiscountEntity_getRoles_14977938213
[INFO] Tests run: 1, Failures: 0, Errors: 0, Skipped: 0, Time elapsed: 0.001 s - in online.devupgrade.sezon2.entities.DiscountEntity_getRoles_14977938213
[INFO] Running online.devupgrade.sezon2.entities.DefaultStatus_valueOf_15081210525
[ERROR] Tests run: 1, Failures: 0, Errors: 1, Skipped: 0, Time elapsed: 0 s <<< FAILURE! - in online.devupgrade.sezon2.entities.DefaultStatus_valueOf_15081210525
[ERROR] test  Time elapsed: 0 s  <<< ERROR!
java.lang.NullPointerException: Name is null
	at online.devupgrade.sezon2.entities.DefaultStatus_valueOf_15081210525.test(DefaultStatus_valueOf_15081210525.java:49)

[INFO] Running online.devupgrade.sezon2.entities.StringBasedOrderStatus_length_610273439
[ERROR] Tests run: 1, Failures: 0, Errors: 1, Skipped: 0, Time elapsed: 0 s <<< FAILURE! - in online.devupgrade.sezon2.entities.StringBasedOrderStatus_length_610273439
[ERROR] test  Time elapsed: 0 s  <<< ERROR!
java.lang.NullPointerException
	at online.devupgrade.sezon2.entities.StringBasedOrderStatus_length_610273439.test(StringBasedOrderStatus_length_610273439.java:43)

[INFO] Running online.devupgrade.sezon2.entities.Product_init_8099701565
[INFO] Tests run: 1, Failures: 0, Errors: 0, Skipped: 0, Time elapsed: 0 s - in online.devupgrade.sezon2.entities.Product_init_8099701565
[INFO] Running online.devupgrade.sezon2.entities.DiscountEntity_setValue_15154490304
[INFO] Tests run: 1, Failures: 0, Errors: 0, Skipped: 0, Time elapsed: 0 s - in online.devupgrade.sezon2.entities.DiscountEntity_setValue_15154490304
[INFO] Running online.devupgrade.sezon2.entities.DiscountEntity_getExcluded_212973766110
[INFO] Tests run: 1, Failures: 0, Errors: 0, Skipped: 0, Time elapsed: 0 s - in online.devupgrade.sezon2.entities.DiscountEntity_getExcluded_212973766110
[INFO] Running online.devupgrade.sezon2.entities.StringBasedOrderStatus_subSequence_30745439111
[ERROR] Tests run: 1, Failures: 0, Errors: 1, Skipped: 0, Time elapsed: 0 s <<< FAILURE! - in online.devupgrade.sezon2.entities.StringBasedOrderStatus_subSequence_30745439111
[ERROR] test  Time elapsed: 0 s  <<< ERROR!
java.lang.NullPointerException
	at online.devupgrade.sezon2.entities.StringBasedOrderStatus_subSequence_30745439111.test(StringBasedOrderStatus_subSequence_30745439111.java:52)

[INFO] Running online.devupgrade.sezon2.entities.NotAProductProduct_init_16518292172
[INFO] Tests run: 1, Failures: 0, Errors: 0, Skipped: 0, Time elapsed: 0 s - in online.devupgrade.sezon2.entities.NotAProductProduct_init_16518292172
[INFO] Running online.devupgrade.sezon2.entities.ProductWithCurrency_init_17352722450
[INFO] Tests run: 1, Failures: 0, Errors: 0, Skipped: 0, Time elapsed: 0 s - in online.devupgrade.sezon2.entities.ProductWithCurrency_init_17352722450
[INFO] Running online.devupgrade.sezon2.entities.ProductWithCurrency_getCurrency_8814165811
[INFO] Tests run: 1, Failures: 0, Errors: 0, Skipped: 0, Time elapsed: 0.001 s - in online.devupgrade.sezon2.entities.ProductWithCurrency_getCurrency_8814165811
[INFO] Running online.devupgrade.sezon2.entities.DefaultStatus_valueOf_15081210521
[ERROR] Tests run: 1, Failures: 0, Errors: 1, Skipped: 0, Time elapsed: 0 s <<< FAILURE! - in online.devupgrade.sezon2.entities.DefaultStatus_valueOf_15081210521
[ERROR] test  Time elapsed: 0 s  <<< ERROR!
java.lang.IllegalArgumentException: No enum constant online.devupgrade.sezon2.entities.DefaultStatus.AZdLeSugwv
	at online.devupgrade.sezon2.entities.DefaultStatus_valueOf_15081210521.test(DefaultStatus_valueOf_15081210521.java:42)

[INFO] Running online.devupgrade.sezon2.entities.Order_init_2864514750
[INFO] Tests run: 1, Failures: 0, Errors: 0, Skipped: 0, Time elapsed: 0 s - in online.devupgrade.sezon2.entities.Order_init_2864514750
[INFO] Running online.devupgrade.sezon2.entities.DiscountEntity_getExcluded_212973766121
[INFO] Tests run: 1, Failures: 0, Errors: 0, Skipped: 0, Time elapsed: 0 s - in online.devupgrade.sezon2.entities.DiscountEntity_getExcluded_212973766121
[INFO] Running online.devupgrade.sezon2.entities.NotAProductProductWithCurrency_init_10174710622
[INFO] Tests run: 1, Failures: 0, Errors: 0, Skipped: 0, Time elapsed: 0 s - in online.devupgrade.sezon2.entities.NotAProductProductWithCurrency_init_10174710622
[INFO] Running online.devupgrade.sezon2.entities.StringBasedOrderStatus_charAt_5624335782
[ERROR] Tests run: 1, Failures: 0, Errors: 1, Skipped: 0, Time elapsed: 0 s <<< FAILURE! - in online.devupgrade.sezon2.entities.StringBasedOrderStatus_charAt_5624335782
[ERROR] test  Time elapsed: 0 s  <<< ERROR!
java.lang.StringIndexOutOfBoundsException: String index out of range: 568599855
	at online.devupgrade.sezon2.entities.StringBasedOrderStatus_charAt_5624335782.test(StringBasedOrderStatus_charAt_5624335782.java:48)

[INFO] Running online.devupgrade.sezon2.entities.StringBasedOrderStatus_getStatusSerializableValue_31104265513
[ERROR] Tests run: 1, Failures: 0, Errors: 1, Skipped: 0, Time elapsed: 0 s <<< FAILURE! - in online.devupgrade.sezon2.entities.StringBasedOrderStatus_getStatusSerializableValue_31104265513
[ERROR] test  Time elapsed: 0 s  <<< ERROR!
java.lang.NullPointerException
	at online.devupgrade.sezon2.entities.StringBasedOrderStatus_getStatusSerializableValue_31104265513.test(StringBasedOrderStatus_getStatusSerializableValue_31104265513.java:43)

[INFO] Running online.devupgrade.sezon2.entities.NotReallyOrderOrder_init_3608261191
[INFO] Tests run: 1, Failures: 0, Errors: 0, Skipped: 0, Time elapsed: 0 s - in online.devupgrade.sezon2.entities.NotReallyOrderOrder_init_3608261191
[INFO] Running online.devupgrade.sezon2.entities.StringBasedOrderStatus_getStatusSerializableValue_3110426557
[INFO] Tests run: 1, Failures: 0, Errors: 0, Skipped: 0, Time elapsed: 0 s - in online.devupgrade.sezon2.entities.StringBasedOrderStatus_getStatusSerializableValue_3110426557
[INFO] Running online.devupgrade.sezon2.entities.Order_setProducts_16952687398
[ERROR] Tests run: 1, Failures: 0, Errors: 1, Skipped: 0, Time elapsed: 0 s <<< FAILURE! - in online.devupgrade.sezon2.entities.Order_setProducts_16952687398
[ERROR] test  Time elapsed: 0 s  <<< ERROR!
java.lang.NullPointerException
	at online.devupgrade.sezon2.entities.Order_setProducts_16952687398.test(Order_setProducts_16952687398.java:53)

[INFO] Running online.devupgrade.sezon2.entities.StringBasedOrderStatus_subSequence_3074543913
[ERROR] Tests run: 1, Failures: 0, Errors: 1, Skipped: 0, Time elapsed: 0 s <<< FAILURE! - in online.devupgrade.sezon2.entities.StringBasedOrderStatus_subSequence_3074543913
[ERROR] test  Time elapsed: 0 s  <<< ERROR!
java.lang.StringIndexOutOfBoundsException: begin 1162663216, end 1484323161, length 10
	at online.devupgrade.sezon2.entities.StringBasedOrderStatus_subSequence_3074543913.test(StringBasedOrderStatus_subSequence_3074543913.java:52)

[INFO] Running online.devupgrade.sezon2.entities.DefaultStatus_init_5701937976
[ERROR] Tests run: 1, Failures: 0, Errors: 1, Skipped: 0, Time elapsed: 0 s <<< FAILURE! - in online.devupgrade.sezon2.entities.DefaultStatus_init_5701937976
[ERROR] test  Time elapsed: 0 s  <<< ERROR!
java.lang.IllegalArgumentException: Cannot reflectively create enum objects
	at online.devupgrade.sezon2.entities.DefaultStatus_init_5701937976.test(DefaultStatus_init_5701937976.java:51)

[INFO] Running online.devupgrade.sezon2.entities.NotAProductProduct_init_16518292170
[INFO] Tests run: 1, Failures: 0, Errors: 0, Skipped: 0, Time elapsed: 0 s - in online.devupgrade.sezon2.entities.NotAProductProduct_init_16518292170
[INFO] Running online.devupgrade.sezon2.entities.DiscountEntity_setExcluded_95007403917
[INFO] Tests run: 1, Failures: 0, Errors: 0, Skipped: 0, Time elapsed: 0 s - in online.devupgrade.sezon2.entities.DiscountEntity_setExcluded_95007403917
[INFO] Running online.devupgrade.sezon2.entities.NotAProductProduct_getPrice_9310633181
[INFO] Tests run: 1, Failures: 0, Errors: 0, Skipped: 0, Time elapsed: 0 s - in online.devupgrade.sezon2.entities.NotAProductProduct_getPrice_9310633181
[INFO] Running online.devupgrade.sezon2.EcommerceApplication_main_8732569611

  .   ____          _            __ _ _
 /\\ / ___'_ __ _ _(_)_ __  __ _ \ \ \ \
( ( )\___ | '_ | '_| | '_ \/ _` | \ \ \ \
 \\/  ___)| |_)| | | | | || (_| |  ) ) ) )
  '  |____| .__|_| |_|_| |_\__, | / / / /
 =========|_|==============|___/=/_/_/_/
 :: Spring Boot ::                (v2.4.3)

2026-04-09 15:04:26.853  INFO 74 --- [me-limited test] o.d.sezon2.EcommerceApplication          : Starting EcommerceApplication using Java 11.0.16 on 5251dd862836 with PID 74 (started by root in /app)
2026-04-09 15:04:26.856  INFO 74 --- [me-limited test] o.d.sezon2.EcommerceApplication          : No active profile set, falling back to default profiles: default
2026-04-09 15:04:27.377  INFO 74 --- [me-limited test] .s.d.r.c.RepositoryConfigurationDelegate : Bootstrapping Spring Data JPA repositories in DEFAULT mode.
2026-04-09 15:04:27.442  INFO 74 --- [me-limited test] .s.d.r.c.RepositoryConfigurationDelegate : Finished Spring Data repository scanning in 57 ms. Found 3 JPA repository interfaces.
2026-04-09 15:04:28.203  INFO 74 --- [me-limited test] o.s.b.w.embedded.tomcat.TomcatWebServer  : Tomcat initialized with port(s): 8080 (http)
2026-04-09 15:04:28.216  INFO 74 --- [me-limited test] o.apache.catalina.core.StandardService   : Starting service [Tomcat]
2026-04-09 15:04:28.216  INFO 74 --- [me-limited test] org.apache.catalina.core.StandardEngine  : Starting Servlet engine: [Apache Tomcat/9.0.43]
2026-04-09 15:04:28.302  INFO 74 --- [me-limited test] o.a.c.c.C.[Tomcat].[localhost].[/]       : Initializing Spring embedded WebApplicationContext
2026-04-09 15:04:28.302  INFO 74 --- [me-limited test] w.s.c.ServletWebServerApplicationContext : Root WebApplicationContext: initialization completed in 1398 ms
2026-04-09 15:04:28.386  WARN 74 --- [me-limited test] JpaBaseConfiguration$JpaWebConfiguration : spring.jpa.open-in-view is enabled by default. Therefore, database queries may be performed during view rendering. Explicitly configure spring.jpa.open-in-view to disable this warning
2026-04-09 15:04:28.516  INFO 74 --- [me-limited test] com.zaxxer.hikari.HikariDataSource       : HikariPool-1 - Starting...
2026-04-09 15:04:28.777  INFO 74 --- [me-limited test] com.zaxxer.hikari.HikariDataSource       : HikariPool-1 - Start completed.
2026-04-09 15:04:28.844  INFO 74 --- [me-limited test] o.hibernate.jpa.internal.util.LogHelper  : HHH000204: Processing PersistenceUnitInfo [name: default]
2026-04-09 15:04:28.910  INFO 74 --- [me-limited test] org.hibernate.Version                    : HHH000412: Hibernate ORM core version 5.4.28.Final
2026-04-09 15:04:29.069  INFO 74 --- [me-limited test] o.hibernate.annotations.common.Version   : HCANN000001: Hibernate Commons Annotations {5.1.2.Final}
2026-04-09 15:04:29.194  INFO 74 --- [me-limited test] org.hibernate.dialect.Dialect            : HHH000400: Using dialect: org.hibernate.dialect.H2Dialect
2026-04-09 15:04:29.919  INFO 74 --- [me-limited test] o.h.e.t.j.p.i.JtaPlatformInitiator       : HHH000490: Using JtaPlatform implementation: [org.hibernate.engine.transaction.jta.platform.internal.NoJtaPlatform]
2026-04-09 15:04:29.929  INFO 74 --- [me-limited test] j.LocalContainerEntityManagerFactoryBean : Initialized JPA EntityManagerFactory for persistence unit 'default'
2026-04-09 15:04:30.475  INFO 74 --- [me-limited test] o.s.s.web.DefaultSecurityFilterChain     : Will secure any request with [org.springframework.security.web.context.request.async.WebAsyncManagerIntegrationFilter@6d159b28, org.springframework.security.web.context.SecurityContextPersistenceFilter@6654a029, org.springframework.security.web.header.HeaderWriterFilter@760e1631, org.springframework.security.web.authentication.logout.LogoutFilter@70d1ab3b, online.devupgrade.sezon2.filters.JwtAuth@68d0c704, online.devupgrade.sezon2.filters.JwtFilter@1e56b5ce, org.springframework.security.web.savedrequest.RequestCacheAwareFilter@ed81874, org.springframework.security.web.servletapi.SecurityContextHolderAwareRequestFilter@3ec60072, org.springframework.security.web.authentication.AnonymousAuthenticationFilter@79470882, org.springframework.security.web.session.SessionManagementFilter@3d95d4e5, org.springframework.security.web.access.ExceptionTranslationFilter@1ee55d5b, org.springframework.security.web.access.intercept.FilterSecurityInterceptor@67c06394]
2026-04-09 15:04:30.602  INFO 74 --- [me-limited test] o.s.s.concurrent.ThreadPoolTaskExecutor  : Initializing ExecutorService 'applicationTaskExecutor'
2026-04-09 15:04:30.787  INFO 74 --- [me-limited test] o.s.b.w.embedded.tomcat.TomcatWebServer  : Tomcat started on port(s): 8080 (http) with context path ''
2026-04-09 15:04:30.794  INFO 74 --- [me-limited test] o.d.sezon2.EcommerceApplication          : Started EcommerceApplication in 4.35 seconds (JVM running for 5.68)
[INFO] Tests run: 1, Failures: 0, Errors: 0, Skipped: 0, Time elapsed: 4.435 s - in online.devupgrade.sezon2.EcommerceApplication_main_8732569611
[INFO] Running online.devupgrade.sezon2.EcommerceApplication_init_12498199650
[INFO] Tests run: 1, Failures: 0, Errors: 0, Skipped: 0, Time elapsed: 0 s - in online.devupgrade.sezon2.EcommerceApplication_init_12498199650
[INFO] Running online.devupgrade.sezon2.EcommerceApplication_main_8732569613
2026-04-09 15:04:30.817 ERROR 74 --- [me-limited test] o.s.boot.SpringApplication               : Application run failed

java.lang.IllegalArgumentException: Args must not be null
	at org.springframework.util.Assert.notNull(Assert.java:201) ~[spring-core-5.3.4.jar:5.3.4]
	at org.springframework.boot.DefaultApplicationArguments.<init>(DefaultApplicationArguments.java:41) ~[spring-boot-2.4.3.jar:2.4.3]
	at org.springframework.boot.SpringApplication.run(SpringApplication.java:319) ~[spring-boot-2.4.3.jar:2.4.3]
	at org.springframework.boot.SpringApplication.run(SpringApplication.java:1311) ~[spring-boot-2.4.3.jar:2.4.3]
	at org.springframework.boot.SpringApplication.run(SpringApplication.java:1300) ~[spring-boot-2.4.3.jar:2.4.3]
	at online.devupgrade.sezon2.EcommerceApplication.main(EcommerceApplication.java:12) ~[classes/:na]
	at java.base/jdk.internal.reflect.NativeMethodAccessorImpl.invoke0(Native Method) ~[na:na]
	at java.base/jdk.internal.reflect.NativeMethodAccessorImpl.invoke(NativeMethodAccessorImpl.java:62) ~[na:na]
	at java.base/jdk.internal.reflect.DelegatingMethodAccessorImpl.invoke(DelegatingMethodAccessorImpl.java:43) ~[na:na]
	at java.base/java.lang.reflect.Method.invoke(Method.java:566) ~[na:na]
	at online.devupgrade.sezon2.ReflectionUtils.callMethod(ReflectionUtils.java:328) ~[test-classes/:na]
	at online.devupgrade.sezon2.EcommerceApplication_main_8732569613.test(EcommerceApplication_main_8732569613.java:44) ~[test-classes/:na]
	at java.base/jdk.internal.reflect.NativeMethodAccessorImpl.invoke0(Native Method) ~[na:na]
	at java.base/jdk.internal.reflect.NativeMethodAccessorImpl.invoke(NativeMethodAccessorImpl.java:62) ~[na:na]
	at java.base/jdk.internal.reflect.DelegatingMethodAccessorImpl.invoke(DelegatingMethodAccessorImpl.java:43) ~[na:na]
	at java.base/java.lang.reflect.Method.invoke(Method.java:566) ~[na:na]
	at org.junit.runners.model.FrameworkMethod$1.runReflectiveCall(FrameworkMethod.java:59) ~[junit-4.13.2.jar:4.13.2]
	at org.junit.internal.runners.model.ReflectiveCallable.run(ReflectiveCallable.java:12) ~[junit-4.13.2.jar:4.13.2]
	at org.junit.runners.model.FrameworkMethod.invokeExplosively(FrameworkMethod.java:56) ~[junit-4.13.2.jar:4.13.2]
	at org.junit.internal.runners.statements.InvokeMethod.evaluate(InvokeMethod.java:17) ~[junit-4.13.2.jar:4.13.2]
	at org.junit.internal.runners.statements.RunBefores.evaluate(RunBefores.java:26) ~[junit-4.13.2.jar:4.13.2]
	at org.junit.internal.runners.statements.FailOnTimeout$CallableStatement.call(FailOnTimeout.java:299) ~[junit-4.13.2.jar:4.13.2]
	at org.junit.internal.runners.statements.FailOnTimeout$CallableStatement.call(FailOnTimeout.java:293) ~[junit-4.13.2.jar:4.13.2]
	at java.base/java.util.concurrent.FutureTask.run(FutureTask.java:264) ~[na:na]
	at java.base/java.lang.Thread.run(Thread.java:829) ~[na:na]

[ERROR] Tests run: 1, Failures: 0, Errors: 1, Skipped: 0, Time elapsed: 0.019 s <<< FAILURE! - in online.devupgrade.sezon2.EcommerceApplication_main_8732569613
[ERROR] test  Time elapsed: 0.019 s  <<< ERROR!
java.lang.IllegalArgumentException: Args must not be null
	at online.devupgrade.sezon2.EcommerceApplication_main_8732569613.test(EcommerceApplication_main_8732569613.java:44)

[INFO] Running online.devupgrade.sezon2.RestOrderController_orders_15061434604
[INFO] Tests run: 1, Failures: 0, Errors: 0, Skipped: 0, Time elapsed: 0 s - in online.devupgrade.sezon2.RestOrderController_orders_15061434604
[INFO] Running online.devupgrade.sezon2.RestOrderController_create_6747656745
[ERROR] Tests run: 1, Failures: 0, Errors: 1, Skipped: 0, Time elapsed: 0 s <<< FAILURE! - in online.devupgrade.sezon2.RestOrderController_create_6747656745
[ERROR] test  Time elapsed: 0 s  <<< ERROR!
java.lang.NullPointerException
	at online.devupgrade.sezon2.RestOrderController_create_6747656745.test(RestOrderController_create_6747656745.java:43)

[INFO] Running online.devupgrade.sezon2.services.ProductManagerLogicService_init_16963379110
[INFO] Tests run: 1, Failures: 0, Errors: 0, Skipped: 0, Time elapsed: 0 s - in online.devupgrade.sezon2.services.ProductManagerLogicService_init_16963379110
[INFO] Running online.devupgrade.sezon2.services.ProductManagerLogicService_setOrderRepo_15710258445
[ERROR] Tests run: 1, Failures: 0, Errors: 1, Skipped: 0, Time elapsed: 0.001 s <<< FAILURE! - in online.devupgrade.sezon2.services.ProductManagerLogicService_setOrderRepo_15710258445
[ERROR] test  Time elapsed: 0 s  <<< ERROR!
java.lang.NullPointerException
	at online.devupgrade.sezon2.services.ProductManagerLogicService_setOrderRepo_15710258445.test(ProductManagerLogicService_setOrderRepo_15710258445.java:42)

[INFO] Running online.devupgrade.sezon2.services.CreateEmptyOrderCommandHandler_handle_9529014533
[ERROR] Tests run: 1, Failures: 0, Errors: 1, Skipped: 0, Time elapsed: 0 s <<< FAILURE! - in online.devupgrade.sezon2.services.CreateEmptyOrderCommandHandler_handle_9529014533
[ERROR] test  Time elapsed: 0 s  <<< ERROR!
java.lang.NullPointerException
	at online.devupgrade.sezon2.services.CreateEmptyOrderCommandHandler_handle_9529014533.test(CreateEmptyOrderCommandHandler_handle_9529014533.java:45)

[INFO] Running online.devupgrade.sezon2.services.ProductManagerLogicService_loadOrders_6433392902
[ERROR] Tests run: 1, Failures: 0, Errors: 1, Skipped: 0, Time elapsed: 0 s <<< FAILURE! - in online.devupgrade.sezon2.services.ProductManagerLogicService_loadOrders_6433392902
[ERROR] test  Time elapsed: 0 s  <<< ERROR!
java.lang.NullPointerException
	at online.devupgrade.sezon2.services.ProductManagerLogicService_loadOrders_6433392902.test(ProductManagerLogicService_loadOrders_6433392902.java:40)

[INFO] Running online.devupgrade.sezon2.services.FindOrdersCommandHandler_handle_3741179023
[ERROR] Tests run: 1, Failures: 0, Errors: 1, Skipped: 0, Time elapsed: 0 s <<< FAILURE! - in online.devupgrade.sezon2.services.FindOrdersCommandHandler_handle_3741179023
[ERROR] test  Time elapsed: 0 s  <<< ERROR!
java.lang.IllegalStateException
	at online.devupgrade.sezon2.services.FindOrdersCommandHandler_handle_3741179023.test(FindOrdersCommandHandler_handle_3741179023.java:45)

[INFO] Running online.devupgrade.sezon2.services.CreateEmptyOrderCommandHandler_init_10073873120
[INFO] Tests run: 1, Failures: 0, Errors: 0, Skipped: 0, Time elapsed: 0 s - in online.devupgrade.sezon2.services.CreateEmptyOrderCommandHandler_init_10073873120
[INFO] Running online.devupgrade.sezon2.services.ProductManagerLogicService_consumeProduct_12948302314
[ERROR] Tests run: 1, Failures: 0, Errors: 1, Skipped: 0, Time elapsed: 0 s <<< FAILURE! - in online.devupgrade.sezon2.services.ProductManagerLogicService_consumeProduct_12948302314
[ERROR] test  Time elapsed: 0 s  <<< ERROR!
java.lang.NullPointerException
	at online.devupgrade.sezon2.services.ProductManagerLogicService_consumeProduct_12948302314.test(ProductManagerLogicService_consumeProduct_12948302314.java:42)

[INFO] Running online.devupgrade.sezon2.services.ProductManagerLogicService_createEmptyOrder_11767708103
[ERROR] Tests run: 1, Failures: 0, Errors: 1, Skipped: 0, Time elapsed: 0 s <<< FAILURE! - in online.devupgrade.sezon2.services.ProductManagerLogicService_createEmptyOrder_11767708103
[ERROR] test  Time elapsed: 0 s  <<< ERROR!
java.lang.NullPointerException
	at online.devupgrade.sezon2.services.ProductManagerLogicService_createEmptyOrder_11767708103.test(ProductManagerLogicService_createEmptyOrder_11767708103.java:40)

[INFO] Running online.devupgrade.sezon2.services.CreateEmptyOrderCommandHandler_handle_9529014531
[ERROR] Tests run: 1, Failures: 0, Errors: 1, Skipped: 0, Time elapsed: 0 s <<< FAILURE! - in online.devupgrade.sezon2.services.CreateEmptyOrderCommandHandler_handle_9529014531
[ERROR] test  Time elapsed: 0 s  <<< ERROR!
java.lang.NullPointerException
	at online.devupgrade.sezon2.services.CreateEmptyOrderCommandHandler_handle_9529014531.test(CreateEmptyOrderCommandHandler_handle_9529014531.java:45)

[INFO] Running online.devupgrade.sezon2.services.CreateEmptyOrderCommandHandler_init_10073873122
[INFO] Tests run: 1, Failures: 0, Errors: 0, Skipped: 0, Time elapsed: 0 s - in online.devupgrade.sezon2.services.CreateEmptyOrderCommandHandler_init_10073873122
[INFO] Running online.devupgrade.sezon2.services.ProductManagerLogicService_loadOrder_5784440101
[ERROR] Tests run: 1, Failures: 0, Errors: 1, Skipped: 0, Time elapsed: 0 s <<< FAILURE! - in online.devupgrade.sezon2.services.ProductManagerLogicService_loadOrder_5784440101
[ERROR] test  Time elapsed: 0 s  <<< ERROR!
java.lang.NullPointerException
	at online.devupgrade.sezon2.services.ProductManagerLogicService_loadOrder_5784440101.test(ProductManagerLogicService_loadOrder_5784440101.java:45)

[INFO] Running online.devupgrade.sezon2.services.FindOrdersCommandHandler_init_15861708632
[INFO] Tests run: 1, Failures: 0, Errors: 0, Skipped: 0, Time elapsed: 0 s - in online.devupgrade.sezon2.services.FindOrdersCommandHandler_init_15861708632
[INFO] Running online.devupgrade.sezon2.services.FindOrdersCommandHandler_init_15861708630
[INFO] Tests run: 1, Failures: 0, Errors: 0, Skipped: 0, Time elapsed: 0 s - in online.devupgrade.sezon2.services.FindOrdersCommandHandler_init_15861708630
[INFO] Running online.devupgrade.sezon2.services.ProductManagerLogicService_init_16963379116
[INFO] Tests run: 1, Failures: 0, Errors: 0, Skipped: 0, Time elapsed: 0 s - in online.devupgrade.sezon2.services.ProductManagerLogicService_init_16963379116
[INFO] Running online.devupgrade.sezon2.services.FindOrdersCommandHandler_handle_3741179021
[ERROR] Tests run: 1, Failures: 0, Errors: 1, Skipped: 0, Time elapsed: 0 s <<< FAILURE! - in online.devupgrade.sezon2.services.FindOrdersCommandHandler_handle_3741179021
[ERROR] test  Time elapsed: 0 s  <<< ERROR!
java.lang.IllegalStateException
	at online.devupgrade.sezon2.services.FindOrdersCommandHandler_handle_3741179021.test(FindOrdersCommandHandler_handle_3741179021.java:45)

[INFO] Running online.devupgrade.sezon2.KROPKA_init_6125068330
[INFO] Tests run: 1, Failures: 0, Errors: 0, Skipped: 0, Time elapsed: 0 s - in online.devupgrade.sezon2.KROPKA_init_6125068330
[INFO] Running online.devupgrade.sezon2.repositories.OrderRepo_loadAll_10732623752
[ERROR] Tests run: 1, Failures: 0, Errors: 1, Skipped: 0, Time elapsed: 0 s <<< FAILURE! - in online.devupgrade.sezon2.repositories.OrderRepo_loadAll_10732623752
[ERROR] test  Time elapsed: 0 s  <<< ERROR!
java.lang.NullPointerException
	at online.devupgrade.sezon2.repositories.OrderRepo_loadAll_10732623752.test(OrderRepo_loadAll_10732623752.java:40)

[INFO] Running online.devupgrade.sezon2.repositories.OrderRepo_init_10122497084
[INFO] Tests run: 1, Failures: 0, Errors: 0, Skipped: 0, Time elapsed: 0 s - in online.devupgrade.sezon2.repositories.OrderRepo_init_10122497084
[INFO] Running online.devupgrade.sezon2.repositories.OrderRepo_load_12687445161
[ERROR] Tests run: 1, Failures: 0, Errors: 1, Skipped: 0, Time elapsed: 0 s <<< FAILURE! - in online.devupgrade.sezon2.repositories.OrderRepo_load_12687445161
[ERROR] test  Time elapsed: 0 s  <<< ERROR!
java.lang.NullPointerException
	at online.devupgrade.sezon2.repositories.OrderRepo_load_12687445161.test(OrderRepo_load_12687445161.java:45)

[INFO] Running online.devupgrade.sezon2.repositories.ProductRepo_init_3581324350
[INFO] Tests run: 1, Failures: 0, Errors: 0, Skipped: 0, Time elapsed: 0 s - in online.devupgrade.sezon2.repositories.ProductRepo_init_3581324350
[INFO] Running online.devupgrade.sezon2.repositories.OrderRepo_init_10122497080
[INFO] Tests run: 1, Failures: 0, Errors: 0, Skipped: 0, Time elapsed: 0 s - in online.devupgrade.sezon2.repositories.OrderRepo_init_10122497080
[INFO] Running online.devupgrade.sezon2.repositories.ProductRepo_init_3581324351
[INFO] Tests run: 1, Failures: 0, Errors: 0, Skipped: 0, Time elapsed: 0 s - in online.devupgrade.sezon2.repositories.ProductRepo_init_3581324351
[INFO] Running online.devupgrade.sezon2.repositories.OrderRepo_save_6210936513
[ERROR] Tests run: 1, Failures: 0, Errors: 1, Skipped: 0, Time elapsed: 0.001 s <<< FAILURE! - in online.devupgrade.sezon2.repositories.OrderRepo_save_6210936513
[ERROR] test  Time elapsed: 0.001 s  <<< ERROR!
java.lang.NullPointerException
	at online.devupgrade.sezon2.repositories.OrderRepo_save_6210936513.test(OrderRepo_save_6210936513.java:189)

[INFO] Running online.devupgrade.sezon2.EnterpriseOrderConstructorTests
[INFO] Tests run: 3, Failures: 0, Errors: 0, Skipped: 0, Time elapsed: 0.022 s - in online.devupgrade.sezon2.EnterpriseOrderConstructorTests
2026-04-09 15:04:31.017  INFO 74 --- [extShutdownHook] o.s.s.concurrent.ThreadPoolTaskExecutor  : Shutting down ExecutorService 'applicationTaskExecutor'
2026-04-09 15:04:31.019  INFO 74 --- [extShutdownHook] j.LocalContainerEntityManagerFactoryBean : Closing JPA EntityManagerFactory for persistence unit 'default'
2026-04-09 15:04:31.021  INFO 74 --- [extShutdownHook] com.zaxxer.hikari.HikariDataSource       : HikariPool-1 - Shutdown initiated...
2026-04-09 15:04:31.023  INFO 74 --- [extShutdownHook] com.zaxxer.hikari.HikariDataSource       : HikariPool-1 - Shutdown completed.
[INFO] 
[INFO] Results:
[INFO] 
[ERROR] Errors: 
[ERROR]   EcommerceApplication_main_8732569613.test:44 » IllegalArgument Args must not b...
[ERROR]   RestOrderController_create_6747656742.test:45 » NullPointer
[ERROR]   RestOrderController_create_6747656745.test:43 » NullPointer
[ERROR]   DefaultStatus_init_5701937972.test:47 » IllegalArgument Cannot reflectively cr...
[ERROR]   DefaultStatus_init_5701937976.test:51 » IllegalArgument Cannot reflectively cr...
[ERROR]   DefaultStatus_valueOf_15081210521.test:42 » IllegalArgument No enum constant o...
[ERROR]   DefaultStatus_valueOf_15081210525.test:49 » NullPointer Name is null
[ERROR]   Order_Visit_16453136334.test:302 » NullPointer
[ERROR]   Order_Visit_16453136339.test:51 » NullPointer
[ERROR]   Order_setDiscountEntities_15405021617.test:51 » NullPointer
[ERROR]   Order_setProducts_16952687398.test:53 » NullPointer
[ERROR]   Product_getPrice_19214158017.test:53 » NullPointer
[ERROR]   Product_setPrice_4367750898.test:48 » NullPointer
[ERROR]   Product_toString_13554260074.test:48 » IllegalFormatConversion d != java.lang....
[ERROR]   Product_toString_13554260079.test:46 » IllegalFormatConversion d != java.lang....
[ERROR]   StringBasedOrderStatus_charAt_56243357810.test:48 » NullPointer
[ERROR]   StringBasedOrderStatus_charAt_5624335782.test:48 » StringIndexOutOfBounds Stri...
[ERROR]   StringBasedOrderStatus_getStatusSerializableValue_31104265513.test:43 » NullPointer
[ERROR]   StringBasedOrderStatus_length_610273439.test:43 » NullPointer
[ERROR]   StringBasedOrderStatus_subSequence_30745439111.test:52 » NullPointer
[ERROR]   StringBasedOrderStatus_subSequence_3074543913.test:52 » StringIndexOutOfBounds
[ERROR]   StringBasedOrderStatus_subSequence_3074543914.test:52 » NullPointer
[ERROR]   XXxxxUtils_convert_18605093713.test:47 » NoSuchElement No value present
[ERROR]   OrderRepo_loadAll_10732623752.test:40 » NullPointer
[ERROR]   OrderRepo_load_12687445161.test:45 » NullPointer
[ERROR]   OrderRepo_save_6210936513.test:189 » NullPointer
[ERROR]   CreateEmptyOrderCommandHandler_handle_9529014531.test:45 » NullPointer
[ERROR]   CreateEmptyOrderCommandHandler_handle_9529014533.test:45 » NullPointer
[ERROR]   FindOrdersCommandHandler_handle_3741179021.test:45 » IllegalState
[ERROR]   FindOrdersCommandHandler_handle_3741179023.test:45 » IllegalState
[ERROR]   ProductManagerLogicService_consumeProduct_12948302314.test:42 » NullPointer
[ERROR]   ProductManagerLogicService_createEmptyOrder_11767708103.test:40 » NullPointer
[ERROR]   ProductManagerLogicService_loadOrder_5784440101.test:45 » NullPointer
[ERROR]   ProductManagerLogicService_loadOrders_6433392902.test:40 » NullPointer
[ERROR]   ProductManagerLogicService_setOrderRepo_15710258445.test:42 » NullPointer
[ERROR]   DatabaseUtilsHelper_TransactionIsolationLevel_init_2815839292.test:42 » IllegalArgument
[ERROR]   DatabaseUtilsHelper_TransactionIsolationLevel_init_2815839295.test:47 » IllegalArgument
[ERROR]   DatabaseUtilsHelper_TransactionIsolationLevel_valueOf_20777832041.test:42 » IllegalArgument
[ERROR]   DatabaseUtilsHelper_TransactionIsolationLevel_valueOf_20777832044.test:49 » NullPointer
[ERROR]   DiscountedPriceSumCalculator_visit_15668137933.test:47 » NullPointer
[ERROR]   OrderPriceSumCalculator_visit_21389702153.test:47 » NullPointer
[ERROR]   SumProvider_add_9192079894.test:44 » NullPointer
[INFO] 
[ERROR] Tests run: 192, Failures: 0, Errors: 42, Skipped: 0
[INFO] 
[ERROR] There are test failures.

Please refer to /app/target/surefire-reports for the individual test results.
Please refer to dump files (if any exist) [date].dump, [date]-jvmRun[N].dump and [date].dumpstream.
[INFO] 
[INFO] --- jacoco-maven-plugin:0.8.11:report (report) @ sezon2 ---
[INFO] Loading execution data file /app/target/jacoco.exec
[INFO] Analyzed bundle 'sezon2' with 36 classes
[INFO] 
[INFO] --- jacoco-maven-plugin:0.8.11:report (default-cli) @ sezon2 ---
[INFO] Loading execution data file /app/target/jacoco.exec
[INFO] Analyzed bundle 'sezon2' with 36 classes
[INFO] ------------------------------------------------------------------------
[INFO] BUILD SUCCESS
[INFO] ------------------------------------------------------------------------
[INFO] Total time:  9.362 s
[INFO] Finished at: 2026-04-09T15:04:31Z
[INFO] ------------------------------------------------------------------------
