[INFO] Scanning for projects...
[INFO] 
[INFO] ----------------------< online.devupgrade:sezon2 >----------------------
[INFO] Building sezon2 0.0.1-SNAPSHOT
[INFO] --------------------------------[ jar ]---------------------------------
[INFO] 
[INFO] --- maven-clean-plugin:3.1.0:clean (default-clean) @ sezon2 ---
[INFO] Deleting /app/target
[INFO] 
[INFO] --- jacoco-maven-plugin:0.8.11:prepare-agent (default) @ sezon2 ---
[INFO] argLine set to -javaagent:/root/.m2/repository/org/jacoco/org.jacoco.agent/0.8.11/org.jacoco.agent-0.8.11-runtime.jar=destfile=/app/target/jacoco.exec
[INFO] 
[INFO] --- maven-resources-plugin:3.2.0:resources (default-resources) @ sezon2 ---
[INFO] Using 'UTF-8' encoding to copy filtered resources.
[INFO] Using 'UTF-8' encoding to copy filtered properties files.
[INFO] Copying 1 resource
[INFO] Copying 2 resources
[INFO] 
[INFO] --- maven-compiler-plugin:3.8.1:compile (default-compile) @ sezon2 ---
[INFO] Changes detected - recompiling the module!
[INFO] Compiling 37 source files to /app/target/classes
[INFO] /app/src/main/java/online/devupgrade/sezon2/RestOrderController.java: Some input files use unchecked or unsafe operations.
[INFO] /app/src/main/java/online/devupgrade/sezon2/RestOrderController.java: Recompile with -Xlint:unchecked for details.
[INFO] 
[INFO] --- build-helper-maven-plugin:3.3.0:add-test-source (add-kex-test-source) @ sezon2 ---
[INFO] Test Source directory: /app/src/test/java/kex-tests added.
[INFO] 
[INFO] --- maven-resources-plugin:3.2.0:testResources (default-testResources) @ sezon2 ---
[INFO] Using 'UTF-8' encoding to copy filtered resources.
[INFO] Using 'UTF-8' encoding to copy filtered properties files.
[INFO] skip non existing resourceDirectory /app/src/test/resources
[INFO] 
[INFO] --- maven-compiler-plugin:3.8.1:testCompile (default-testCompile) @ sezon2 ---
[INFO] Changes detected - recompiling the module!
[INFO] Compiling 1 source file to /app/target/test-classes
[INFO] 
[INFO] --- maven-surefire-plugin:2.22.2:test (default-test) @ sezon2 ---
[INFO] 
[INFO] -------------------------------------------------------
[INFO]  T E S T S
[INFO] -------------------------------------------------------
[INFO] Running online.devupgrade.sezon2.EnterpriseOrderConstructorTests
[INFO] Tests run: 3, Failures: 0, Errors: 0, Skipped: 0, Time elapsed: 0.047 s - in online.devupgrade.sezon2.EnterpriseOrderConstructorTests
[INFO] 
[INFO] Results:
[INFO] 
[INFO] Tests run: 3, Failures: 0, Errors: 0, Skipped: 0
[INFO] 
[INFO] 
[INFO] --- jacoco-maven-plugin:0.8.11:report (report) @ sezon2 ---
[INFO] Loading execution data file /app/target/jacoco.exec
[INFO] Analyzed bundle 'sezon2' with 36 classes
[INFO] 
[INFO] --- jacoco-maven-plugin:0.8.11:report (default-cli) @ sezon2 ---
[INFO] Loading execution data file /app/target/jacoco.exec
[INFO] Analyzed bundle 'sezon2' with 36 classes
[INFO] ------------------------------------------------------------------------
[INFO] BUILD SUCCESS
[INFO] ------------------------------------------------------------------------
[INFO] Total time:  3.121 s
[INFO] Finished at: 2026-04-08T02:05:37Z
[INFO] ------------------------------------------------------------------------
