[INFO] Scanning for projects...
[INFO] 
[INFO] ------------------< utg.edu.gm:utg-student-dashboard >------------------
[INFO] Building utg-student-dashboard 1.1.6
[INFO] --------------------------------[ jar ]---------------------------------
[INFO] 
[INFO] --- maven-clean-plugin:2.5:clean (default-clean) @ utg-student-dashboard ---
[INFO] Deleting /app/target
[INFO] 
[INFO] --- jacoco-maven-plugin:0.8.11:prepare-agent (default) @ utg-student-dashboard ---
[INFO] argLine set to -javaagent:/root/.m2/repository/org/jacoco/org.jacoco.agent/0.8.11/org.jacoco.agent-0.8.11-runtime.jar=destfile=/app/target/jacoco.exec
[INFO] 
[INFO] --- maven-resources-plugin:2.6:resources (default-resources) @ utg-student-dashboard ---
[INFO] Using 'UTF-8' encoding to copy filtered resources.
[INFO] Copying 29 resources
[INFO] 
[INFO] --- maven-compiler-plugin:3.1:compile (default-compile) @ utg-student-dashboard ---
[INFO] Changes detected - recompiling the module!
[INFO] Compiling 77 source files to /app/target/classes
[WARNING] /app/src/main/java/core/driver/MDriver.java: /app/src/main/java/core/driver/MDriver.java uses or overrides a deprecated API.
[WARNING] /app/src/main/java/core/driver/MDriver.java: Recompile with -Xlint:deprecation for details.
[INFO] 
[INFO] --- build-helper-maven-plugin:3.3.0:add-test-source (add-kex-test-source) @ utg-student-dashboard ---
[INFO] Test Source directory: /app/src/test/java/kex-tests added.
[INFO] 
[INFO] --- maven-resources-plugin:2.6:testResources (default-testResources) @ utg-student-dashboard ---
[INFO] Using 'UTF-8' encoding to copy filtered resources.
[INFO] skip non existing resourceDirectory /app/src/test/resources
[INFO] 
[INFO] --- maven-compiler-plugin:3.1:testCompile (default-testCompile) @ utg-student-dashboard ---
[INFO] Changes detected - recompiling the module!
[INFO] Compiling 6 source files to /app/target/test-classes
[WARNING] /app/src/test/java/main/module/Register.java: /app/src/test/java/main/module/Register.java uses or overrides a deprecated API.
[WARNING] /app/src/test/java/main/module/Register.java: Recompile with -Xlint:deprecation for details.
[INFO] 
[INFO] --- maven-surefire-plugin:2.12.4:test (default-test) @ utg-student-dashboard ---
[INFO] Surefire report directory: /app/target/surefire-reports

-------------------------------------------------------
 T E S T S
-------------------------------------------------------

Results :

Tests run: 0, Failures: 0, Errors: 0, Skipped: 0

[INFO] 
[INFO] --- jacoco-maven-plugin:0.8.11:report (report) @ utg-student-dashboard ---
[INFO] Loading execution data file /app/target/jacoco.exec
[INFO] Analyzed bundle 'utg-student-dashboard' with 184 classes
[INFO] 
[INFO] --- jacoco-maven-plugin:0.8.11:report (default-cli) @ utg-student-dashboard ---
[INFO] Loading execution data file /app/target/jacoco.exec
[INFO] Analyzed bundle 'utg-student-dashboard' with 184 classes
[INFO] ------------------------------------------------------------------------
[INFO] BUILD SUCCESS
[INFO] ------------------------------------------------------------------------
[INFO] Total time:  3.847 s
[INFO] Finished at: 2026-04-08T02:19:08Z
[INFO] ------------------------------------------------------------------------
