[INFO] Scanning for projects...
[WARNING] 
[WARNING] Some problems were encountered while building the effective model for me.nurio:events:jar:0.0.5-SNAPSHOT
[WARNING] 'build.plugins.plugin.version' for org.apache.maven.plugins:maven-compiler-plugin is missing. @ line 98, column 21
[WARNING] 'build.plugins.plugin.version' for org.apache.maven.plugins:maven-source-plugin is missing. @ line 107, column 21
[WARNING] 'build.plugins.plugin.version' for org.apache.maven.plugins:maven-javadoc-plugin is missing. @ line 121, column 21
[WARNING] 
[WARNING] It is highly recommended to fix these problems because they threaten the stability of your build.
[WARNING] 
[WARNING] For this reason, future Maven versions might no longer support building such malformed projects.
[WARNING] 
[INFO] 
[INFO] --------------------------< me.nurio:events >---------------------------
[INFO] Building JR-EventSystem 0.0.5-SNAPSHOT
[INFO] --------------------------------[ jar ]---------------------------------
[INFO] 
[INFO] --- maven-clean-plugin:2.5:clean (default-clean) @ events ---
[INFO] Deleting /app/target
[INFO] 
[INFO] --- jacoco-maven-plugin:0.8.11:prepare-agent (default) @ events ---
[INFO] argLine set to -javaagent:/root/.m2/repository/org/jacoco/org.jacoco.agent/0.8.11/org.jacoco.agent-0.8.11-runtime.jar=destfile=/app/target/jacoco.exec
[INFO] 
[INFO] --- maven-resources-plugin:2.6:resources (default-resources) @ events ---
[WARNING] Using platform encoding (UTF-8 actually) to copy filtered resources, i.e. build is platform dependent!
[INFO] skip non existing resourceDirectory /app/src/main/resources
[INFO] 
[INFO] --- maven-compiler-plugin:3.1:compile (default-compile) @ events ---
[INFO] Changes detected - recompiling the module!
[WARNING] File encoding has not been set, using platform encoding UTF-8, i.e. build is platform dependent!
[INFO] Compiling 17 source files to /app/target/classes
[WARNING] /app/src/main/java/me/nurio/events/internal/EventReflectionUtils.java: /app/src/main/java/me/nurio/events/internal/EventReflectionUtils.java uses unchecked or unsafe operations.
[WARNING] /app/src/main/java/me/nurio/events/internal/EventReflectionUtils.java: Recompile with -Xlint:unchecked for details.
[INFO] 
[INFO] >>> maven-source-plugin:3.4.0:jar (attach-sources) > generate-sources @ events >>>
[INFO] 
[INFO] --- jacoco-maven-plugin:0.8.11:prepare-agent (default) @ events ---
[INFO] argLine set to -javaagent:/root/.m2/repository/org/jacoco/org.jacoco.agent/0.8.11/org.jacoco.agent-0.8.11-runtime.jar=destfile=/app/target/jacoco.exec
[INFO] 
[INFO] <<< maven-source-plugin:3.4.0:jar (attach-sources) < generate-sources @ events <<<
[INFO] 
[INFO] 
[INFO] --- maven-source-plugin:3.4.0:jar (attach-sources) @ events ---
[INFO] Building jar: /app/target/events-0.0.5-SNAPSHOT-sources.jar
[INFO] 
[INFO] --- maven-javadoc-plugin:3.12.0:jar (attach-javadocs) @ events ---
[WARNING] Source files encoding has not been set, using platform encoding UTF-8, i.e. build is platform dependent!
[INFO] 
Loading source files for package me.nurio.events.handler...
Loading source files for package me.nurio.events...
Loading source files for package me.nurio.events.exceptions...
Loading source files for package me.nurio.events.internal...
Loading source files for package me.nurio.events.internal.annotations...
Constructing Javadoc information...
Standard Doclet version 11.0.16
Building tree for all the packages and classes...
Generating /app/target/reports/apidocs/me/nurio/events/EventManager.html...
Generating /app/target/reports/apidocs/me/nurio/events/ReflectedEventHandler.html...
Generating /app/target/reports/apidocs/me/nurio/events/exceptions/EventHandlerNotFoundException.html...
Generating /app/target/reports/apidocs/me/nurio/events/handler/Event.html...
Generating /app/target/reports/apidocs/me/nurio/events/handler/EventCancellable.html...
Generating /app/target/reports/apidocs/me/nurio/events/handler/EventDispatchEvent.html...
Generating /app/target/reports/apidocs/me/nurio/events/handler/EventHandler.html...
Generating /app/target/reports/apidocs/me/nurio/events/handler/EventListener.html...
Generating /app/target/reports/apidocs/me/nurio/events/handler/EventPriority.html...
Generating /app/target/reports/apidocs/me/nurio/events/internal/EventReflectionUtils.html...
Generating /app/target/reports/apidocs/me/nurio/events/internal/ReflectedEventManager.html...
Generating /app/target/reports/apidocs/me/nurio/events/internal/RegisteredEventHandler.html...
Generating /app/target/reports/apidocs/me/nurio/events/internal/annotations/AnnotationEventHandler.html...
Generating /app/target/reports/apidocs/me/nurio/events/internal/annotations/EventAnnotationHandlersManager.html...
Generating /app/target/reports/apidocs/me/nurio/events/internal/annotations/EventHandlerAnnotationEventHandler.html...
Generating /app/target/reports/apidocs/me/nurio/events/internal/annotations/HandledMethod.html...
Generating /app/target/reports/apidocs/me/nurio/events/package-summary.html...
Generating /app/target/reports/apidocs/me/nurio/events/package-tree.html...
Generating /app/target/reports/apidocs/me/nurio/events/exceptions/package-summary.html...
Generating /app/target/reports/apidocs/me/nurio/events/exceptions/package-tree.html...
Generating /app/target/reports/apidocs/me/nurio/events/handler/package-summary.html...
Generating /app/target/reports/apidocs/me/nurio/events/handler/package-tree.html...
Generating /app/target/reports/apidocs/me/nurio/events/internal/package-summary.html...
Generating /app/target/reports/apidocs/me/nurio/events/internal/package-tree.html...
Generating /app/target/reports/apidocs/me/nurio/events/internal/annotations/package-summary.html...
Generating /app/target/reports/apidocs/me/nurio/events/internal/annotations/package-tree.html...
Generating /app/target/reports/apidocs/constant-values.html...
Generating /app/target/reports/apidocs/serialized-form.html...
Generating /app/target/reports/apidocs/me/nurio/events/handler/class-use/EventDispatchEvent.html...
Generating /app/target/reports/apidocs/me/nurio/events/handler/class-use/EventPriority.html...
Generating /app/target/reports/apidocs/me/nurio/events/handler/class-use/Event.html...
Generating /app/target/reports/apidocs/me/nurio/events/handler/class-use/EventHandler.html...
Generating /app/target/reports/apidocs/me/nurio/events/handler/class-use/EventCancellable.html...
Generating /app/target/reports/apidocs/me/nurio/events/handler/class-use/EventListener.html...
Generating /app/target/reports/apidocs/me/nurio/events/class-use/EventManager.html...
Generating /app/target/reports/apidocs/me/nurio/events/class-use/ReflectedEventHandler.html...
Generating /app/target/reports/apidocs/me/nurio/events/exceptions/class-use/EventHandlerNotFoundException.html...
Generating /app/target/reports/apidocs/me/nurio/events/internal/class-use/EventReflectionUtils.html...
Generating /app/target/reports/apidocs/me/nurio/events/internal/class-use/ReflectedEventManager.html...
Generating /app/target/reports/apidocs/me/nurio/events/internal/class-use/RegisteredEventHandler.html...
Generating /app/target/reports/apidocs/me/nurio/events/internal/annotations/class-use/EventHandlerAnnotationEventHandler.html...
Generating /app/target/reports/apidocs/me/nurio/events/internal/annotations/class-use/EventAnnotationHandlersManager.html...
Generating /app/target/reports/apidocs/me/nurio/events/internal/annotations/class-use/HandledMethod.html...
Generating /app/target/reports/apidocs/me/nurio/events/internal/annotations/class-use/AnnotationEventHandler.html...
Generating /app/target/reports/apidocs/me/nurio/events/package-use.html...
Generating /app/target/reports/apidocs/me/nurio/events/exceptions/package-use.html...
Generating /app/target/reports/apidocs/me/nurio/events/handler/package-use.html...
Generating /app/target/reports/apidocs/me/nurio/events/internal/package-use.html...
Generating /app/target/reports/apidocs/me/nurio/events/internal/annotations/package-use.html...
Building index for all the packages and classes...
Generating /app/target/reports/apidocs/overview-tree.html...
Generating /app/target/reports/apidocs/index-all.html...
Building index for all classes...
Generating /app/target/reports/apidocs/allclasses-index.html...
Generating /app/target/reports/apidocs/allpackages-index.html...
Generating /app/target/reports/apidocs/deprecated-list.html...
Building index for all classes...
Generating /app/target/reports/apidocs/allclasses.html...
Generating /app/target/reports/apidocs/allclasses.html...
Generating /app/target/reports/apidocs/index.html...
Generating /app/target/reports/apidocs/overview-summary.html...
Generating /app/target/reports/apidocs/help-doc.html...
1 warning
[WARNING] Javadoc Warnings
[WARNING] /app/src/main/java/me/nurio/events/internal/annotations/AnnotationEventHandler.java:17: warning: no @return
[WARNING] Class<? extends Annotation> getAnnotation();
[WARNING] ^
[INFO] Building jar: /app/target/events-0.0.5-SNAPSHOT-javadoc.jar
[INFO] 
[INFO] --- build-helper-maven-plugin:3.3.0:add-test-source (add-kex-test-source) @ events ---
[INFO] Test Source directory: /app/src/test/java/kex-tests added.
[INFO] 
[INFO] --- maven-resources-plugin:2.6:testResources (default-testResources) @ events ---
[WARNING] Using platform encoding (UTF-8 actually) to copy filtered resources, i.e. build is platform dependent!
[INFO] skip non existing resourceDirectory /app/src/test/resources
[INFO] 
[INFO] --- maven-compiler-plugin:3.1:testCompile (default-testCompile) @ events ---
[INFO] Changes detected - recompiling the module!
[WARNING] File encoding has not been set, using platform encoding UTF-8, i.e. build is platform dependent!
[INFO] Compiling 15 source files to /app/target/test-classes
[INFO] 
[INFO] --- maven-surefire-plugin:2.12.4:test (default-test) @ events ---
[INFO] Surefire report directory: /app/target/surefire-reports

-------------------------------------------------------
 T E S T S
-------------------------------------------------------

Results :

Tests run: 0, Failures: 0, Errors: 0, Skipped: 0

[INFO] 
[INFO] --- jacoco-maven-plugin:0.8.11:report (report) @ events ---
[INFO] Loading execution data file /app/target/jacoco.exec
[INFO] Analyzed bundle 'JR-EventSystem' with 14 classes
[INFO] 
[INFO] --- jacoco-maven-plugin:0.8.11:report (default-cli) @ events ---
[INFO] Loading execution data file /app/target/jacoco.exec
[INFO] Analyzed bundle 'JR-EventSystem' with 14 classes
[INFO] ------------------------------------------------------------------------
[INFO] BUILD SUCCESS
[INFO] ------------------------------------------------------------------------
[INFO] Total time:  4.034 s
[INFO] Finished at: 2026-04-08T02:12:21Z
[INFO] ------------------------------------------------------------------------
