[INFO] Scanning for projects...
[INFO] 
[INFO] ----------------< com.example.qrcodeexample:qrcodedemo >----------------
[INFO] Building qrcodedemo 0.0.1-SNAPSHOT
[INFO] --------------------------------[ jar ]---------------------------------
[INFO] 
[INFO] --- maven-clean-plugin:3.1.0:clean (default-clean) @ qrcodedemo ---
[INFO] Deleting /app/target
[INFO] 
[INFO] --- jacoco-maven-plugin:0.8.11:prepare-agent (default) @ qrcodedemo ---
[INFO] argLine set to -javaagent:/root/.m2/repository/org/jacoco/org.jacoco.agent/0.8.11/org.jacoco.agent-0.8.11-runtime.jar=destfile=/app/target/jacoco.exec
[INFO] 
[INFO] --- maven-resources-plugin:3.2.0:resources (default-resources) @ qrcodedemo ---
[INFO] Using 'UTF-8' encoding to copy filtered resources.
[INFO] Using 'UTF-8' encoding to copy filtered properties files.
[INFO] Copying 1 resource
[INFO] Copying 3 resources
[INFO] 
[INFO] --- maven-compiler-plugin:3.8.1:compile (default-compile) @ qrcodedemo ---
[INFO] Changes detected - recompiling the module!
[INFO] Compiling 4 source files to /app/target/classes
[INFO] 
[INFO] --- build-helper-maven-plugin:3.3.0:add-test-source (add-kex-test-source) @ qrcodedemo ---
[INFO] Test Source directory: /app/src/test/java/kex-tests added.
[INFO] 
[INFO] --- maven-resources-plugin:3.2.0:testResources (default-testResources) @ qrcodedemo ---
[INFO] Using 'UTF-8' encoding to copy filtered resources.
[INFO] Using 'UTF-8' encoding to copy filtered properties files.
[INFO] skip non existing resourceDirectory /app/src/test/resources
[INFO] 
[INFO] --- maven-compiler-plugin:3.8.1:testCompile (default-testCompile) @ qrcodedemo ---
[INFO] Changes detected - recompiling the module!
[INFO] Compiling 8 source files to /app/target/test-classes
[WARNING] /app/src/test/java/kex-tests/tests/com/example/qrcodeexample/qrcodedemo/ReflectionUtils.java:[9,16] sun.misc.Unsafe is internal proprietary API and may be removed in a future release
[WARNING] /app/src/test/java/kex-tests/tests/com/example/qrcodeexample/qrcodedemo/ReflectionUtils.java:[13,25] sun.misc.Unsafe is internal proprietary API and may be removed in a future release
[WARNING] /app/src/test/java/kex-tests/tests/com/example/qrcodeexample/qrcodedemo/ReflectionUtils.java:[17,31] sun.misc.Unsafe is internal proprietary API and may be removed in a future release
[WARNING] /app/src/test/java/kex-tests/tests/com/example/qrcodeexample/qrcodedemo/ReflectionUtils.java:[19,23] sun.misc.Unsafe is internal proprietary API and may be removed in a future release
[INFO] 
[INFO] --- maven-surefire-plugin:2.22.2:test (default-test) @ qrcodedemo ---
[INFO] 
[INFO] -------------------------------------------------------
[INFO]  T E S T S
[INFO] -------------------------------------------------------
[INFO] Running com.example.qrcodeexample.qrcodedemo.QRCodeGenerator_init_5641944240
[INFO] Tests run: 1, Failures: 0, Errors: 0, Skipped: 0, Time elapsed: 0.024 s - in com.example.qrcodeexample.qrcodedemo.QRCodeGenerator_init_5641944240
[INFO] Running com.example.qrcodeexample.qrcodedemo.QrcodedemoApplication_main_19254360943
[ERROR] Tests run: 1, Failures: 0, Errors: 1, Skipped: 0, Time elapsed: 0.337 s <<< FAILURE! - in com.example.qrcodeexample.qrcodedemo.QrcodedemoApplication_main_19254360943
[ERROR] test  Time elapsed: 0.336 s  <<< ERROR!
java.lang.IllegalArgumentException: Args must not be null
	at com.example.qrcodeexample.qrcodedemo.QrcodedemoApplication_main_19254360943.test(QrcodedemoApplication_main_19254360943.java:44)

[INFO] Running com.example.qrcodeexample.qrcodedemo.QrcodedemoApplication_init_15488730900
[INFO] Tests run: 1, Failures: 0, Errors: 0, Skipped: 0, Time elapsed: 0 s - in com.example.qrcodeexample.qrcodedemo.QrcodedemoApplication_init_15488730900
[INFO] Running com.example.qrcodeexample.qrcodedemo.QrcodedemoApplication_main_19254360941

  .   ____          _            __ _ _
 /\\ / ___'_ __ _ _(_)_ __  __ _ \ \ \ \
( ( )\___ | '_ | '_| | '_ \/ _` | \ \ \ \
 \\/  ___)| |_)| | | | | || (_| |  ) ) ) )
  '  |____| .__|_| |_|_| |_\__, | / / / /
 =========|_|==============|___/=/_/_/_/
 :: Spring Boot ::                (v2.5.5)

2026-04-08 06:39:33.699  INFO 70 --- [me-limited test] c.e.q.qrcodedemo.QrcodedemoApplication   : Starting QrcodedemoApplication using Java 11.0.16 on 120aafcfb529 with PID 70 (started by root in /app)
2026-04-08 06:39:33.701  INFO 70 --- [me-limited test] c.e.q.qrcodedemo.QrcodedemoApplication   : No active profile set, falling back to default profiles: default
2026-04-08 06:39:34.935  INFO 70 --- [me-limited test] o.s.b.w.embedded.tomcat.TomcatWebServer  : Tomcat initialized with port(s): 8080 (http)
2026-04-08 06:39:34.951  INFO 70 --- [me-limited test] o.apache.catalina.core.StandardService   : Starting service [Tomcat]
2026-04-08 06:39:34.951  INFO 70 --- [me-limited test] org.apache.catalina.core.StandardEngine  : Starting Servlet engine: [Apache Tomcat/9.0.53]
2026-04-08 06:39:35.032  INFO 70 --- [me-limited test] o.a.c.c.C.[Tomcat].[localhost].[/]       : Initializing Spring embedded WebApplicationContext
2026-04-08 06:39:35.033  INFO 70 --- [me-limited test] w.s.c.ServletWebServerApplicationContext : Root WebApplicationContext: initialization completed in 1247 ms
2026-04-08 06:39:35.489  INFO 70 --- [me-limited test] o.s.b.w.embedded.tomcat.TomcatWebServer  : Tomcat started on port(s): 8080 (http) with context path ''
2026-04-08 06:39:35.499  INFO 70 --- [me-limited test] c.e.q.qrcodedemo.QrcodedemoApplication   : Started QrcodedemoApplication in 2.415 seconds (JVM running for 3.808)
[INFO] Tests run: 1, Failures: 0, Errors: 0, Skipped: 0, Time elapsed: 2.411 s - in com.example.qrcodeexample.qrcodedemo.QrcodedemoApplication_main_19254360941
[INFO] Running com.example.qrcodeexample.qrcodedemo.QRCodeGenerator_init_5641944241
[INFO] Tests run: 1, Failures: 0, Errors: 0, Skipped: 0, Time elapsed: 0 s - in com.example.qrcodeexample.qrcodedemo.QRCodeGenerator_init_5641944241
[INFO] Running com.example.qrcodeexample.qrcodedemo.QrcodedemoApplication_init_15488730902
[INFO] Tests run: 1, Failures: 0, Errors: 0, Skipped: 0, Time elapsed: 0.001 s - in com.example.qrcodeexample.qrcodedemo.QrcodedemoApplication_init_15488730902
[INFO] 
[INFO] Results:
[INFO] 
[ERROR] Errors: 
[ERROR]   QrcodedemoApplication_main_19254360943.test:44 » IllegalArgument Args must not...
[INFO] 
[ERROR] Tests run: 6, Failures: 0, Errors: 1, Skipped: 0
[INFO] 
[ERROR] There are test failures.

Please refer to /app/target/surefire-reports for the individual test results.
Please refer to dump files (if any exist) [date].dump, [date]-jvmRun[N].dump and [date].dumpstream.
[INFO] 
[INFO] --- jacoco-maven-plugin:0.8.11:report (report) @ qrcodedemo ---
[INFO] Loading execution data file /app/target/jacoco.exec
[INFO] Analyzed bundle 'qrcodedemo' with 4 classes
[INFO] 
[INFO] --- jacoco-maven-plugin:0.8.11:report (default-cli) @ qrcodedemo ---
[INFO] Loading execution data file /app/target/jacoco.exec
[INFO] Analyzed bundle 'qrcodedemo' with 4 classes
[INFO] ------------------------------------------------------------------------
[INFO] BUILD SUCCESS
[INFO] ------------------------------------------------------------------------
[INFO] Total time:  9.222 s
[INFO] Finished at: 2026-04-08T06:39:36Z
[INFO] ------------------------------------------------------------------------
