[INFO] Scanning for projects...
[INFO] 
[INFO] ----------------< com.example.qrcodeexample:qrcodedemo >----------------
[INFO] Building qrcodedemo 0.0.1-SNAPSHOT
[INFO] --------------------------------[ jar ]---------------------------------
[INFO] 
[INFO] --- maven-clean-plugin:3.1.0:clean (default-clean) @ qrcodedemo ---
[INFO] Deleting /app/target
[INFO] 
[INFO] --- jacoco-maven-plugin:0.8.11:prepare-agent (default) @ qrcodedemo ---
[INFO] argLine set to -javaagent:/root/.m2/repository/org/jacoco/org.jacoco.agent/0.8.11/org.jacoco.agent-0.8.11-runtime.jar=destfile=/app/target/jacoco.exec
[INFO] 
[INFO] --- maven-resources-plugin:3.2.0:resources (default-resources) @ qrcodedemo ---
[INFO] Using 'UTF-8' encoding to copy filtered resources.
[INFO] Using 'UTF-8' encoding to copy filtered properties files.
[INFO] Copying 1 resource
[INFO] Copying 3 resources
[INFO] 
[INFO] --- maven-compiler-plugin:3.8.1:compile (default-compile) @ qrcodedemo ---
[INFO] Changes detected - recompiling the module!
[INFO] Compiling 4 source files to /app/target/classes
[INFO] 
[INFO] --- build-helper-maven-plugin:3.3.0:add-test-source (add-kex-test-source) @ qrcodedemo ---
[INFO] Test Source directory: /app/src/test/java/kex-tests added.
[INFO] 
[INFO] --- maven-resources-plugin:3.2.0:testResources (default-testResources) @ qrcodedemo ---
[INFO] Using 'UTF-8' encoding to copy filtered resources.
[INFO] Using 'UTF-8' encoding to copy filtered properties files.
[INFO] skip non existing resourceDirectory /app/src/test/resources
[INFO] 
[INFO] --- maven-compiler-plugin:3.8.1:testCompile (default-testCompile) @ qrcodedemo ---
[INFO] Changes detected - recompiling the module!
[INFO] Compiling 9 source files to /app/target/test-classes
[WARNING] /app/src/test/java/kex-tests/tests/com/example/qrcodeexample/qrcodedemo/ReflectionUtils.java:[9,16] sun.misc.Unsafe is internal proprietary API and may be removed in a future release
[WARNING] /app/src/test/java/kex-tests/tests/com/example/qrcodeexample/qrcodedemo/ReflectionUtils.java:[13,25] sun.misc.Unsafe is internal proprietary API and may be removed in a future release
[WARNING] /app/src/test/java/kex-tests/tests/com/example/qrcodeexample/qrcodedemo/ReflectionUtils.java:[17,31] sun.misc.Unsafe is internal proprietary API and may be removed in a future release
[WARNING] /app/src/test/java/kex-tests/tests/com/example/qrcodeexample/qrcodedemo/ReflectionUtils.java:[19,23] sun.misc.Unsafe is internal proprietary API and may be removed in a future release
[INFO] 
[INFO] --- maven-surefire-plugin:2.22.2:test (default-test) @ qrcodedemo ---
[INFO] 
[INFO] -------------------------------------------------------
[INFO]  T E S T S
[INFO] -------------------------------------------------------
[INFO] Running com.example.qrcodeexample.qrcodedemo.QRCodeGenerator_init_5641944240
[INFO] Tests run: 1, Failures: 0, Errors: 0, Skipped: 0, Time elapsed: 0.033 s - in com.example.qrcodeexample.qrcodedemo.QRCodeGenerator_init_5641944240
[INFO] Running com.example.qrcodeexample.qrcodedemo.QrcodedemoApplication_main_19254360943
[ERROR] Tests run: 1, Failures: 0, Errors: 1, Skipped: 0, Time elapsed: 1.055 s <<< FAILURE! - in com.example.qrcodeexample.qrcodedemo.QrcodedemoApplication_main_19254360943
[ERROR] test  Time elapsed: 1.055 s  <<< ERROR!
java.lang.IllegalArgumentException: Args must not be null
	at com.example.qrcodeexample.qrcodedemo.QrcodedemoApplication_main_19254360943.test(QrcodedemoApplication_main_19254360943.java:44)

[INFO] Running com.example.qrcodeexample.qrcodedemo.QrcodedemoApplication_init_15488730900
[INFO] Tests run: 1, Failures: 0, Errors: 0, Skipped: 0, Time elapsed: 0 s - in com.example.qrcodeexample.qrcodedemo.QrcodedemoApplication_init_15488730900
[INFO] Running com.example.qrcodeexample.qrcodedemo.QrcodedemoApplication_main_19254360941

  .   ____          _            __ _ _
 /\\ / ___'_ __ _ _(_)_ __  __ _ \ \ \ \
( ( )\___ | '_ | '_| | '_ \/ _` | \ \ \ \
 \\/  ___)| |_)| | | | | || (_| |  ) ) ) )
  '  |____| .__|_| |_|_| |_\__, | / / / /
 =========|_|==============|___/=/_/_/_/
 :: Spring Boot ::                (v2.5.5)

2026-04-08 01:43:57.552  INFO 71 --- [me-limited test] c.e.q.qrcodedemo.QrcodedemoApplication   : Starting QrcodedemoApplication using Java 11.0.16 on ea774feb3909 with PID 71 (started by root in /app)
2026-04-08 01:43:57.558  INFO 71 --- [me-limited test] c.e.q.qrcodedemo.QrcodedemoApplication   : No active profile set, falling back to default profiles: default
2026-04-08 01:43:59.021  INFO 71 --- [me-limited test] o.s.b.w.embedded.tomcat.TomcatWebServer  : Tomcat initialized with port(s): 8080 (http)
2026-04-08 01:43:59.035  INFO 71 --- [me-limited test] o.apache.catalina.core.StandardService   : Starting service [Tomcat]
2026-04-08 01:43:59.036  INFO 71 --- [me-limited test] org.apache.catalina.core.StandardEngine  : Starting Servlet engine: [Apache Tomcat/9.0.53]
2026-04-08 01:43:59.112  INFO 71 --- [me-limited test] o.a.c.c.C.[Tomcat].[localhost].[/]       : Initializing Spring embedded WebApplicationContext
2026-04-08 01:43:59.113  INFO 71 --- [me-limited test] w.s.c.ServletWebServerApplicationContext : Root WebApplicationContext: initialization completed in 1443 ms
2026-04-08 01:43:59.610  INFO 71 --- [me-limited test] o.s.b.w.embedded.tomcat.TomcatWebServer  : Tomcat started on port(s): 8080 (http) with context path ''
2026-04-08 01:43:59.624  INFO 71 --- [me-limited test] c.e.q.qrcodedemo.QrcodedemoApplication   : Started QrcodedemoApplication in 3.136 seconds (JVM running for 6.063)
[INFO] Tests run: 1, Failures: 0, Errors: 0, Skipped: 0, Time elapsed: 3.137 s - in com.example.qrcodeexample.qrcodedemo.QrcodedemoApplication_main_19254360941
[INFO] Running com.example.qrcodeexample.qrcodedemo.QRCodeGenerator_init_5641944241
[INFO] Tests run: 1, Failures: 0, Errors: 0, Skipped: 0, Time elapsed: 0.002 s - in com.example.qrcodeexample.qrcodedemo.QRCodeGenerator_init_5641944241
[INFO] Running com.example.qrcodeexample.qrcodedemo.QrcodedemoApplication_init_15488730902
[INFO] Tests run: 1, Failures: 0, Errors: 0, Skipped: 0, Time elapsed: 0.01 s - in com.example.qrcodeexample.qrcodedemo.QrcodedemoApplication_init_15488730902
[INFO] Running com.example.qrcodeexample.qrcodedemo.QrcodedemoApplicationTests
2026-04-08 01:43:59.716  INFO 71 --- [           main] .b.t.c.SpringBootTestContextBootstrapper : Neither @ContextConfiguration nor @ContextHierarchy found for test class [com.example.qrcodeexample.qrcodedemo.QrcodedemoApplicationTests], using SpringBootContextLoader
2026-04-08 01:43:59.718  INFO 71 --- [           main] o.s.t.c.support.AbstractContextLoader    : Could not detect default resource locations for test class [com.example.qrcodeexample.qrcodedemo.QrcodedemoApplicationTests]: no resource found for suffixes {-context.xml, Context.groovy}.
2026-04-08 01:43:59.719  INFO 71 --- [           main] t.c.s.AnnotationConfigContextLoaderUtils : Could not detect default configuration classes for test class [com.example.qrcodeexample.qrcodedemo.QrcodedemoApplicationTests]: QrcodedemoApplicationTests does not declare any static, non-private, non-final, nested classes annotated with @Configuration.
2026-04-08 01:43:59.743  INFO 71 --- [           main] .b.t.c.SpringBootTestContextBootstrapper : Found @SpringBootConfiguration com.example.qrcodeexample.qrcodedemo.QrcodedemoApplication for test class com.example.qrcodeexample.qrcodedemo.QrcodedemoApplicationTests
2026-04-08 01:43:59.747  INFO 71 --- [           main] .b.t.c.SpringBootTestContextBootstrapper : Loaded default TestExecutionListener class names from location [META-INF/spring.factories]: [org.springframework.boot.test.mock.mockito.MockitoTestExecutionListener, org.springframework.boot.test.mock.mockito.ResetMocksTestExecutionListener, org.springframework.boot.test.autoconfigure.restdocs.RestDocsTestExecutionListener, org.springframework.boot.test.autoconfigure.web.client.MockRestServiceServerResetTestExecutionListener, org.springframework.boot.test.autoconfigure.web.servlet.MockMvcPrintOnlyOnFailureTestExecutionListener, org.springframework.boot.test.autoconfigure.web.servlet.WebDriverTestExecutionListener, org.springframework.boot.test.autoconfigure.webservices.client.MockWebServiceServerTestExecutionListener, org.springframework.test.context.web.ServletTestExecutionListener, org.springframework.test.context.support.DirtiesContextBeforeModesTestExecutionListener, org.springframework.test.context.event.ApplicationEventsTestExecutionListener, org.springframework.test.context.support.DependencyInjectionTestExecutionListener, org.springframework.test.context.support.DirtiesContextTestExecutionListener, org.springframework.test.context.transaction.TransactionalTestExecutionListener, org.springframework.test.context.jdbc.SqlScriptsTestExecutionListener, org.springframework.test.context.event.EventPublishingTestExecutionListener]
2026-04-08 01:43:59.756  INFO 71 --- [           main] .b.t.c.SpringBootTestContextBootstrapper : Using TestExecutionListeners: [org.springframework.test.context.web.ServletTestExecutionListener@3b920bdc, org.springframework.test.context.support.DirtiesContextBeforeModesTestExecutionListener@7f5538a1, org.springframework.test.context.event.ApplicationEventsTestExecutionListener@72fd8a3c, org.springframework.boot.test.mock.mockito.MockitoTestExecutionListener@1f9f381d, org.springframework.boot.test.autoconfigure.SpringBootDependencyInjectionTestExecutionListener@34780cd9, org.springframework.test.context.support.DirtiesContextTestExecutionListener@623ebac7, org.springframework.test.context.event.EventPublishingTestExecutionListener@7c8c70d6, org.springframework.boot.test.mock.mockito.ResetMocksTestExecutionListener@1ab5f08a, org.springframework.boot.test.autoconfigure.restdocs.RestDocsTestExecutionListener@6edf29c1, org.springframework.boot.test.autoconfigure.web.client.MockRestServiceServerResetTestExecutionListener@79a04e5f, org.springframework.boot.test.autoconfigure.web.servlet.MockMvcPrintOnlyOnFailureTestExecutionListener@66b59b7d, org.springframework.boot.test.autoconfigure.web.servlet.WebDriverTestExecutionListener@53311681, org.springframework.boot.test.autoconfigure.webservices.client.MockWebServiceServerTestExecutionListener@4437ac07]

  .   ____          _            __ _ _
 /\\ / ___'_ __ _ _(_)_ __  __ _ \ \ \ \
( ( )\___ | '_ | '_| | '_ \/ _` | \ \ \ \
 \\/  ___)| |_)| | | | | || (_| |  ) ) ) )
  '  |____| .__|_| |_|_| |_\__, | / / / /
 =========|_|==============|___/=/_/_/_/
 :: Spring Boot ::                (v2.5.5)

2026-04-08 01:43:59.792  INFO 71 --- [           main] c.e.q.q.QrcodedemoApplicationTests       : Starting QrcodedemoApplicationTests using Java 11.0.16 on ea774feb3909 with PID 71 (started by root in /app)
2026-04-08 01:43:59.793  INFO 71 --- [           main] c.e.q.q.QrcodedemoApplicationTests       : No active profile set, falling back to default profiles: default
2026-04-08 01:44:00.225  INFO 71 --- [           main] c.e.q.q.QrcodedemoApplicationTests       : Started QrcodedemoApplicationTests in 0.457 seconds (JVM running for 6.664)
[INFO] Tests run: 1, Failures: 0, Errors: 0, Skipped: 0, Time elapsed: 0.809 s - in com.example.qrcodeexample.qrcodedemo.QrcodedemoApplicationTests
[INFO] 
[INFO] Results:
[INFO] 
[ERROR] Errors: 
[ERROR]   QrcodedemoApplication_main_19254360943.test:44 » IllegalArgument Args must not...
[INFO] 
[ERROR] Tests run: 7, Failures: 0, Errors: 1, Skipped: 0
[INFO] 
[ERROR] There are test failures.

Please refer to /app/target/surefire-reports for the individual test results.
Please refer to dump files (if any exist) [date].dump, [date]-jvmRun[N].dump and [date].dumpstream.
[INFO] 
[INFO] --- jacoco-maven-plugin:0.8.11:report (report) @ qrcodedemo ---
[INFO] Loading execution data file /app/target/jacoco.exec
[INFO] Analyzed bundle 'qrcodedemo' with 4 classes
[INFO] 
[INFO] --- jacoco-maven-plugin:0.8.11:report (default-cli) @ qrcodedemo ---
[INFO] Loading execution data file /app/target/jacoco.exec
[INFO] Analyzed bundle 'qrcodedemo' with 4 classes
[INFO] ------------------------------------------------------------------------
[INFO] BUILD SUCCESS
[INFO] ------------------------------------------------------------------------
[INFO] Total time:  10.872 s
[INFO] Finished at: 2026-04-08T01:44:01Z
[INFO] ------------------------------------------------------------------------
