[INFO] Scanning for projects...
[INFO] 
[INFO] -----< com.amazonaws.samples.stream.temperature:flink-sensor-app >------
[INFO] Building flink-sensor-app 0.1
[INFO] --------------------------------[ jar ]---------------------------------
[INFO] 
[INFO] --- maven-clean-plugin:2.5:clean (default-clean) @ flink-sensor-app ---
[INFO] Deleting /app/target
[INFO] 
[INFO] --- jacoco-maven-plugin:0.8.11:prepare-agent (default) @ flink-sensor-app ---
[INFO] argLine set to -javaagent:/root/.m2/repository/org/jacoco/org.jacoco.agent/0.8.11/org.jacoco.agent-0.8.11-runtime.jar=destfile=/app/target/jacoco.exec
[INFO] 
[INFO] --- maven-resources-plugin:2.6:resources (default-resources) @ flink-sensor-app ---
[INFO] Using 'UTF-8' encoding to copy filtered resources.
[INFO] Copying 1 resource
[INFO] 
[INFO] --- maven-compiler-plugin:3.7.0:compile (default-compile) @ flink-sensor-app ---
[INFO] Changes detected - recompiling the module!
[INFO] Compiling 14 source files to /app/target/classes
[INFO] /app/src/main/java/com/amazonaws/samples/stream/temperature/ProcessTemperatureStream.java: Some input files use or override a deprecated API.
[INFO] /app/src/main/java/com/amazonaws/samples/stream/temperature/ProcessTemperatureStream.java: Recompile with -Xlint:deprecation for details.
[INFO] 
[INFO] --- build-helper-maven-plugin:3.3.0:add-test-source (add-kex-test-source) @ flink-sensor-app ---
[INFO] Test Source directory: /app/src/test/java/kex-tests added.
[INFO] 
[INFO] --- maven-resources-plugin:2.6:testResources (default-testResources) @ flink-sensor-app ---
[INFO] Using 'UTF-8' encoding to copy filtered resources.
[INFO] skip non existing resourceDirectory /app/src/test/resources
[INFO] 
[INFO] --- maven-compiler-plugin:3.7.0:testCompile (default-testCompile) @ flink-sensor-app ---
[INFO] Changes detected - recompiling the module!
[INFO] Compiling 64 source files to /app/target/test-classes
[WARNING] /app/src/test/java/kex-tests/tests/com/amazonaws/samples/stream/temperature/utils/ReflectionUtils.java:[9,16] sun.misc.Unsafe is internal proprietary API and may be removed in a future release
[WARNING] /app/src/test/java/kex-tests/tests/com/amazonaws/samples/stream/temperature/event/ReflectionUtils.java:[9,16] sun.misc.Unsafe is internal proprietary API and may be removed in a future release
[WARNING] /app/src/test/java/kex-tests/tests/com/amazonaws/samples/stream/temperature/ReflectionUtils.java:[9,16] sun.misc.Unsafe is internal proprietary API and may be removed in a future release
[WARNING] /app/src/test/java/kex-tests/tests/com/amazonaws/samples/stream/temperature/utils/ReflectionUtils.java:[9,16] sun.misc.Unsafe is internal proprietary API and may be removed in a future release
[WARNING] /app/src/test/java/kex-tests/tests/com/amazonaws/samples/stream/temperature/event/ReflectionUtils.java:[9,16] sun.misc.Unsafe is internal proprietary API and may be removed in a future release
[WARNING] /app/src/test/java/kex-tests/tests/com/amazonaws/samples/stream/temperature/ReflectionUtils.java:[9,16] sun.misc.Unsafe is internal proprietary API and may be removed in a future release
[WARNING] /app/src/test/java/kex-tests/tests/com/amazonaws/samples/stream/temperature/utils/ReflectionUtils.java:[9,16] sun.misc.Unsafe is internal proprietary API and may be removed in a future release
[WARNING] /app/src/test/java/kex-tests/tests/com/amazonaws/samples/stream/temperature/event/ReflectionUtils.java:[9,16] sun.misc.Unsafe is internal proprietary API and may be removed in a future release
[WARNING] /app/src/test/java/kex-tests/tests/com/amazonaws/samples/stream/temperature/ReflectionUtils.java:[9,16] sun.misc.Unsafe is internal proprietary API and may be removed in a future release
[WARNING] /app/src/test/java/kex-tests/tests/com/amazonaws/samples/stream/temperature/utils/ReflectionUtils.java:[13,25] sun.misc.Unsafe is internal proprietary API and may be removed in a future release
[WARNING] /app/src/test/java/kex-tests/tests/com/amazonaws/samples/stream/temperature/utils/ReflectionUtils.java:[13,25] sun.misc.Unsafe is internal proprietary API and may be removed in a future release
[WARNING] /app/src/test/java/kex-tests/tests/com/amazonaws/samples/stream/temperature/utils/ReflectionUtils.java:[13,25] sun.misc.Unsafe is internal proprietary API and may be removed in a future release
[WARNING] /app/src/test/java/kex-tests/tests/com/amazonaws/samples/stream/temperature/utils/ReflectionUtils.java:[17,31] sun.misc.Unsafe is internal proprietary API and may be removed in a future release
[WARNING] /app/src/test/java/kex-tests/tests/com/amazonaws/samples/stream/temperature/utils/ReflectionUtils.java:[19,23] sun.misc.Unsafe is internal proprietary API and may be removed in a future release
[WARNING] /app/src/test/java/kex-tests/tests/com/amazonaws/samples/stream/temperature/event/ReflectionUtils.java:[13,25] sun.misc.Unsafe is internal proprietary API and may be removed in a future release
[WARNING] /app/src/test/java/kex-tests/tests/com/amazonaws/samples/stream/temperature/event/ReflectionUtils.java:[13,25] sun.misc.Unsafe is internal proprietary API and may be removed in a future release
[WARNING] /app/src/test/java/kex-tests/tests/com/amazonaws/samples/stream/temperature/event/ReflectionUtils.java:[13,25] sun.misc.Unsafe is internal proprietary API and may be removed in a future release
[WARNING] /app/src/test/java/kex-tests/tests/com/amazonaws/samples/stream/temperature/event/ReflectionUtils.java:[17,31] sun.misc.Unsafe is internal proprietary API and may be removed in a future release
[WARNING] /app/src/test/java/kex-tests/tests/com/amazonaws/samples/stream/temperature/event/ReflectionUtils.java:[19,23] sun.misc.Unsafe is internal proprietary API and may be removed in a future release
[WARNING] /app/src/test/java/kex-tests/tests/com/amazonaws/samples/stream/temperature/ReflectionUtils.java:[13,25] sun.misc.Unsafe is internal proprietary API and may be removed in a future release
[WARNING] /app/src/test/java/kex-tests/tests/com/amazonaws/samples/stream/temperature/ReflectionUtils.java:[13,25] sun.misc.Unsafe is internal proprietary API and may be removed in a future release
[WARNING] /app/src/test/java/kex-tests/tests/com/amazonaws/samples/stream/temperature/ReflectionUtils.java:[13,25] sun.misc.Unsafe is internal proprietary API and may be removed in a future release
[WARNING] /app/src/test/java/kex-tests/tests/com/amazonaws/samples/stream/temperature/ReflectionUtils.java:[17,31] sun.misc.Unsafe is internal proprietary API and may be removed in a future release
[WARNING] /app/src/test/java/kex-tests/tests/com/amazonaws/samples/stream/temperature/ReflectionUtils.java:[19,23] sun.misc.Unsafe is internal proprietary API and may be removed in a future release
[INFO] /app/src/test/java/kex-tests/tests/com/amazonaws/samples/stream/temperature/event/Temperature_init_8738243900.java: Some input files use or override a deprecated API.
[INFO] /app/src/test/java/kex-tests/tests/com/amazonaws/samples/stream/temperature/event/Temperature_init_8738243900.java: Recompile with -Xlint:deprecation for details.
[INFO] 
[INFO] --- maven-surefire-plugin:2.12.4:test (default-test) @ flink-sensor-app ---
[INFO] Surefire report directory: /app/target/surefire-reports

-------------------------------------------------------
 T E S T S
-------------------------------------------------------
Running com.amazonaws.samples.stream.temperature.event.Temperature_getTemperature_96359203015
WARNING: An illegal reflective access operation has occurred
WARNING: Illegal reflective access by com.amazonaws.samples.stream.temperature.event.ReflectionUtils (file:/app/target/test-classes/) to field java.lang.reflect.Field.modifiers
WARNING: Please consider reporting this to the maintainers of com.amazonaws.samples.stream.temperature.event.ReflectionUtils
WARNING: Use --illegal-access=warn to enable warnings of further illegal reflective access operations
WARNING: All illegal access operations will be denied in a future release
Tests run: 1, Failures: 0, Errors: 0, Skipped: 0, Time elapsed: 0.05 sec
Running com.amazonaws.samples.stream.temperature.event.EnrichedTemperature_init_7498174300
Tests run: 1, Failures: 0, Errors: 0, Skipped: 0, Time elapsed: 0.001 sec
Running com.amazonaws.samples.stream.temperature.event.SensorInfo_setId_189616372812
Tests run: 1, Failures: 0, Errors: 0, Skipped: 0, Time elapsed: 0 sec
Running com.amazonaws.samples.stream.temperature.event.Temperature_getStatus_81735006717
Tests run: 1, Failures: 0, Errors: 0, Skipped: 0, Time elapsed: 0 sec
Running com.amazonaws.samples.stream.temperature.event.EnrichedTemperature_setCountryCode_14965884585
Tests run: 1, Failures: 0, Errors: 0, Skipped: 0, Time elapsed: 0.001 sec
Running com.amazonaws.samples.stream.temperature.event.SensorInfo_toString_25459614717
Tests run: 1, Failures: 0, Errors: 0, Skipped: 0, Time elapsed: 0.023 sec
Running com.amazonaws.samples.stream.temperature.event.SensorInfo_getBrand_34575607213
Tests run: 1, Failures: 0, Errors: 0, Skipped: 0, Time elapsed: 0 sec
Running com.amazonaws.samples.stream.temperature.event.SensorInfo_init_2908597040
Tests run: 1, Failures: 0, Errors: 0, Skipped: 0, Time elapsed: 0.001 sec
Running com.amazonaws.samples.stream.temperature.event.SensorInfo_init_11543554831
Tests run: 1, Failures: 0, Errors: 0, Skipped: 0, Time elapsed: 0.001 sec
Running com.amazonaws.samples.stream.temperature.event.Temperature_init_13105095421
Tests run: 1, Failures: 0, Errors: 0, Skipped: 0, Time elapsed: 0.001 sec
Running com.amazonaws.samples.stream.temperature.event.SensorInfo_getCountryCode_4654502526
Tests run: 1, Failures: 0, Errors: 0, Skipped: 0, Time elapsed: 0.001 sec
Running com.amazonaws.samples.stream.temperature.event.Temperature_setTimestamp_119253329020
Tests run: 1, Failures: 0, Errors: 0, Skipped: 0, Time elapsed: 0.001 sec
Running com.amazonaws.samples.stream.temperature.event.Temperature_setStatus_10285637497
Tests run: 1, Failures: 0, Errors: 0, Skipped: 0, Time elapsed: 0.001 sec
Running com.amazonaws.samples.stream.temperature.event.SensorInfo_setBrand_7694244885
Tests run: 1, Failures: 0, Errors: 0, Skipped: 0, Time elapsed: 0 sec
Running com.amazonaws.samples.stream.temperature.event.SensorInfo_toString_2545961478
Tests run: 1, Failures: 0, Errors: 0, Skipped: 0, Time elapsed: 0 sec
Running com.amazonaws.samples.stream.temperature.event.Temperature_setStatus_102856374918
Tests run: 1, Failures: 0, Errors: 0, Skipped: 0, Time elapsed: 0.001 sec
Running com.amazonaws.samples.stream.temperature.event.SensorInfo_init_115435548310
Tests run: 1, Failures: 0, Errors: 0, Skipped: 0, Time elapsed: 0 sec
Running com.amazonaws.samples.stream.temperature.event.Temperature_setSensorId_9188239214
Tests run: 1, Failures: 0, Errors: 0, Skipped: 0, Time elapsed: 0 sec
Running com.amazonaws.samples.stream.temperature.event.SensorInfo_getId_159579965611
Tests run: 1, Failures: 0, Errors: 0, Skipped: 0, Time elapsed: 0.001 sec
Running com.amazonaws.samples.stream.temperature.event.SensorInfo_getCountryCode_46545025215
Tests run: 1, Failures: 0, Errors: 0, Skipped: 0, Time elapsed: 0 sec
Running com.amazonaws.samples.stream.temperature.event.EnrichedTemperature_setCountryCode_149658845812
Tests run: 1, Failures: 0, Errors: 0, Skipped: 0, Time elapsed: 0.001 sec
Running com.amazonaws.samples.stream.temperature.event.SensorInfo_getBrand_3457560724
Tests run: 1, Failures: 0, Errors: 0, Skipped: 0, Time elapsed: 0.001 sec
Running com.amazonaws.samples.stream.temperature.event.Temperature_init_8738243900
Tests run: 1, Failures: 0, Errors: 0, Skipped: 0, Time elapsed: 0 sec
Running com.amazonaws.samples.stream.temperature.event.SensorInfo_getId_15957996562
Tests run: 1, Failures: 0, Errors: 0, Skipped: 0, Time elapsed: 0 sec
Running com.amazonaws.samples.stream.temperature.event.Temperature_setTimestamp_11925332909
Tests run: 1, Failures: 0, Errors: 0, Skipped: 0, Time elapsed: 0 sec
Running com.amazonaws.samples.stream.temperature.event.SensorInfo_setCountryCode_3623994367
Tests run: 1, Failures: 0, Errors: 0, Skipped: 0, Time elapsed: 0 sec
Running com.amazonaws.samples.stream.temperature.event.Temperature_toString_185596539310
Tests run: 1, Failures: 0, Errors: 0, Skipped: 0, Time elapsed: 0.013 sec
Running com.amazonaws.samples.stream.temperature.event.Temperature_getTemperature_9635920304
Tests run: 1, Failures: 0, Errors: 0, Skipped: 0, Time elapsed: 0 sec
Running com.amazonaws.samples.stream.temperature.event.EnrichedTemperature_init_14250487268
Tests run: 1, Failures: 0, Errors: 0, Skipped: 0, Time elapsed: 0 sec
Running com.amazonaws.samples.stream.temperature.event.EnrichedTemperature_getCountryCode_15996392744
Tests run: 1, Failures: 0, Errors: 0, Skipped: 0, Time elapsed: 0.001 sec
Running com.amazonaws.samples.stream.temperature.event.EnrichedTemperature_init_14250487261
Tests run: 1, Failures: 0, Errors: 0, Skipped: 0, Time elapsed: 0.001 sec
Running com.amazonaws.samples.stream.temperature.event.Temperature_setSensorId_918823923
Tests run: 1, Failures: 0, Errors: 0, Skipped: 0, Time elapsed: 0.001 sec
Running com.amazonaws.samples.stream.temperature.event.SensorInfo_setBrand_76942448814
Tests run: 1, Failures: 0, Errors: 0, Skipped: 0, Time elapsed: 0.001 sec
Running com.amazonaws.samples.stream.temperature.event.Temperature_getTimestamp_13343260168
Tests run: 1, Failures: 0, Errors: 0, Skipped: 0, Time elapsed: 0 sec
Running com.amazonaws.samples.stream.temperature.event.Temperature_init_87382439011
Tests run: 1, Failures: 0, Errors: 0, Skipped: 0, Time elapsed: 0 sec
Running com.amazonaws.samples.stream.temperature.event.Temperature_getSensorId_14944600482
Tests run: 1, Failures: 0, Errors: 0, Skipped: 0, Time elapsed: 0 sec
Running com.amazonaws.samples.stream.temperature.event.EnrichedTemperature_getCountryCode_159963927411
Tests run: 1, Failures: 0, Errors: 0, Skipped: 0, Time elapsed: 0.001 sec
Running com.amazonaws.samples.stream.temperature.event.EnrichedTemperature_getBrand_14799450942
Tests run: 1, Failures: 0, Errors: 0, Skipped: 0, Time elapsed: 0.001 sec
Running com.amazonaws.samples.stream.temperature.event.Temperature_setTemperature_8642225845
Tests run: 1, Failures: 0, Errors: 0, Skipped: 0, Time elapsed: 0.001 sec
Running com.amazonaws.samples.stream.temperature.event.EnrichedTemperature_setBrand_190361351010
Tests run: 1, Failures: 0, Errors: 0, Skipped: 0, Time elapsed: 0.001 sec
Running com.amazonaws.samples.stream.temperature.event.Temperature_toString_185596539321
Tests run: 1, Failures: 0, Errors: 0, Skipped: 0, Time elapsed: 0.001 sec
Running com.amazonaws.samples.stream.temperature.event.Temperature_init_131050954212
Tests run: 1, Failures: 0, Errors: 0, Skipped: 0, Time elapsed: 0.001 sec
Running com.amazonaws.samples.stream.temperature.event.Temperature_getTimestamp_133432601619
Tests run: 1, Failures: 0, Errors: 0, Skipped: 0, Time elapsed: 0.001 sec
Running com.amazonaws.samples.stream.temperature.event.EnrichedTemperature_toString_8795928756
Tests run: 1, Failures: 0, Errors: 0, Skipped: 0, Time elapsed: 0.015 sec
Running com.amazonaws.samples.stream.temperature.event.SensorInfo_init_2908597049
Tests run: 1, Failures: 0, Errors: 0, Skipped: 0, Time elapsed: 0 sec
Running com.amazonaws.samples.stream.temperature.event.Temperature_getSensorId_149446004813
Tests run: 1, Failures: 0, Errors: 0, Skipped: 0, Time elapsed: 0.001 sec
Running com.amazonaws.samples.stream.temperature.event.EnrichedTemperature_setBrand_19036135103
Tests run: 1, Failures: 0, Errors: 0, Skipped: 0, Time elapsed: 0.001 sec
Running com.amazonaws.samples.stream.temperature.event.Temperature_setTemperature_86422258416
Tests run: 1, Failures: 0, Errors: 0, Skipped: 0, Time elapsed: 0.001 sec
Running com.amazonaws.samples.stream.temperature.event.EnrichedTemperature_getBrand_14799450949
Tests run: 1, Failures: 0, Errors: 0, Skipped: 0, Time elapsed: 0 sec
Running com.amazonaws.samples.stream.temperature.event.EnrichedTemperature_init_7498174307
Tests run: 1, Failures: 0, Errors: 0, Skipped: 0, Time elapsed: 0 sec
Running com.amazonaws.samples.stream.temperature.event.SensorInfo_setId_18961637283
Tests run: 1, Failures: 0, Errors: 0, Skipped: 0, Time elapsed: 0.001 sec
Running com.amazonaws.samples.stream.temperature.event.SensorInfo_setCountryCode_36239943616
Tests run: 1, Failures: 0, Errors: 0, Skipped: 0, Time elapsed: 0.001 sec
Running com.amazonaws.samples.stream.temperature.event.EnrichedTemperature_toString_87959287513
Tests run: 1, Failures: 0, Errors: 0, Skipped: 0, Time elapsed: 0.001 sec
Running com.amazonaws.samples.stream.temperature.event.Temperature_getStatus_8173500676
Tests run: 1, Failures: 0, Errors: 0, Skipped: 0, Time elapsed: 0.001 sec
Running com.amazonaws.samples.stream.temperature.ProcessTemperatureStream_init_21358650880
Tests run: 1, Failures: 0, Errors: 0, Skipped: 0, Time elapsed: 7.33 sec
Running com.amazonaws.samples.stream.temperature.utils.ParameterToolUtils_init_14063659290
Tests run: 1, Failures: 0, Errors: 0, Skipped: 0, Time elapsed: 0.002 sec
Running com.amazonaws.samples.stream.temperature.utils.ParameterToolUtils_init_14063659291
Tests run: 1, Failures: 0, Errors: 0, Skipped: 0, Time elapsed: 0.001 sec
Running com.amazonaws.samples.stream.temperature.ProcessTemperatureStream_init_21358650881
Tests run: 1, Failures: 0, Errors: 0, Skipped: 0, Time elapsed: 0.001 sec

Results :

Tests run: 58, Failures: 0, Errors: 0, Skipped: 0

[INFO] 
[INFO] --- jacoco-maven-plugin:0.8.11:report (report) @ flink-sensor-app ---
[INFO] Loading execution data file /app/target/jacoco.exec
[INFO] Analyzed bundle 'flink-sensor-app' with 14 classes
[INFO] 
[INFO] --- jacoco-maven-plugin:0.8.11:report (default-cli) @ flink-sensor-app ---
[INFO] Loading execution data file /app/target/jacoco.exec
[INFO] Analyzed bundle 'flink-sensor-app' with 14 classes
[INFO] ------------------------------------------------------------------------
[INFO] BUILD SUCCESS
[INFO] ------------------------------------------------------------------------
[INFO] Total time:  10.446 s
[INFO] Finished at: 2026-04-09T12:55:19Z
[INFO] ------------------------------------------------------------------------
