[INFO] Scanning for projects...
[INFO] 
[INFO] -----< com.amazonaws.samples.stream.temperature:flink-sensor-app >------
[INFO] Building flink-sensor-app 0.1
[INFO] --------------------------------[ jar ]---------------------------------
[INFO] 
[INFO] --- maven-clean-plugin:2.5:clean (default-clean) @ flink-sensor-app ---
[INFO] Deleting /app/target
[INFO] 
[INFO] --- jacoco-maven-plugin:0.8.11:prepare-agent (default) @ flink-sensor-app ---
[INFO] argLine set to -javaagent:/root/.m2/repository/org/jacoco/org.jacoco.agent/0.8.11/org.jacoco.agent-0.8.11-runtime.jar=destfile=/app/target/jacoco.exec
[INFO] 
[INFO] --- maven-resources-plugin:2.6:resources (default-resources) @ flink-sensor-app ---
[INFO] Using 'UTF-8' encoding to copy filtered resources.
[INFO] Copying 1 resource
[INFO] 
[INFO] --- maven-compiler-plugin:3.7.0:compile (default-compile) @ flink-sensor-app ---
[INFO] Changes detected - recompiling the module!
[INFO] Compiling 14 source files to /app/target/classes
[INFO] /app/src/main/java/com/amazonaws/samples/stream/temperature/ProcessTemperatureStream.java: Some input files use or override a deprecated API.
[INFO] /app/src/main/java/com/amazonaws/samples/stream/temperature/ProcessTemperatureStream.java: Recompile with -Xlint:deprecation for details.
[INFO] 
[INFO] --- build-helper-maven-plugin:3.3.0:add-test-source (add-kex-test-source) @ flink-sensor-app ---
[INFO] Test Source directory: /app/src/test/java/kex-tests added.
[INFO] 
[INFO] --- maven-resources-plugin:2.6:testResources (default-testResources) @ flink-sensor-app ---
[INFO] Using 'UTF-8' encoding to copy filtered resources.
[INFO] skip non existing resourceDirectory /app/src/test/resources
[INFO] 
[INFO] --- maven-compiler-plugin:3.7.0:testCompile (default-testCompile) @ flink-sensor-app ---
[INFO] Changes detected - recompiling the module!
[INFO] Compiling 4 source files to /app/target/test-classes
[INFO] /app/src/test/java/com/amazonaws/samples/stream/temperature/event/PojoTestUtils.java: /app/src/test/java/com/amazonaws/samples/stream/temperature/event/PojoTestUtils.java uses or overrides a deprecated API.
[INFO] /app/src/test/java/com/amazonaws/samples/stream/temperature/event/PojoTestUtils.java: Recompile with -Xlint:deprecation for details.
[INFO] 
[INFO] --- maven-surefire-plugin:2.12.4:test (default-test) @ flink-sensor-app ---
[INFO] Surefire report directory: /app/target/surefire-reports

-------------------------------------------------------
 T E S T S
-------------------------------------------------------

Results :

Tests run: 0, Failures: 0, Errors: 0, Skipped: 0

[INFO] 
[INFO] --- jacoco-maven-plugin:0.8.11:report (report) @ flink-sensor-app ---
[INFO] Loading execution data file /app/target/jacoco.exec
[INFO] Analyzed bundle 'flink-sensor-app' with 14 classes
[INFO] 
[INFO] --- jacoco-maven-plugin:0.8.11:report (default-cli) @ flink-sensor-app ---
[INFO] Loading execution data file /app/target/jacoco.exec
[INFO] Analyzed bundle 'flink-sensor-app' with 14 classes
[INFO] ------------------------------------------------------------------------
[INFO] BUILD SUCCESS
[INFO] ------------------------------------------------------------------------
[INFO] Total time:  2.497 s
[INFO] Finished at: 2026-04-08T02:04:08Z
[INFO] ------------------------------------------------------------------------
