[INFO] Scanning for projects...
[INFO] 
[INFO] -------------------< ru.yandex.practicum:filmorate >--------------------
[INFO] Building filmorate 0.0.1-SNAPSHOT
[INFO] --------------------------------[ jar ]---------------------------------
[INFO] 
[INFO] --- maven-clean-plugin:3.2.0:clean (default-clean) @ filmorate ---
[INFO] Deleting /app/target
[INFO] 
[INFO] --- jacoco-maven-plugin:0.8.11:prepare-agent (default) @ filmorate ---
[INFO] argLine set to -javaagent:/root/.m2/repository/org/jacoco/org.jacoco.agent/0.8.11/org.jacoco.agent-0.8.11-runtime.jar=destfile=/app/target/jacoco.exec
[INFO] 
[INFO] --- maven-resources-plugin:3.2.0:resources (default-resources) @ filmorate ---
[INFO] Using 'UTF-8' encoding to copy filtered resources.
[INFO] Using 'UTF-8' encoding to copy filtered properties files.
[INFO] Copying 1 resource
[INFO] Copying 2 resources
[INFO] 
[INFO] --- maven-compiler-plugin:3.10.1:compile (default-compile) @ filmorate ---
[INFO] Changes detected - recompiling the module!
[INFO] Compiling 33 source files to /app/target/classes
[INFO] 
[INFO] --- build-helper-maven-plugin:3.3.0:add-test-source (add-kex-test-source) @ filmorate ---
[INFO] Test Source directory: /app/src/test/java/kex-tests added.
[INFO] 
[INFO] --- maven-resources-plugin:3.2.0:testResources (default-testResources) @ filmorate ---
[INFO] Using 'UTF-8' encoding to copy filtered resources.
[INFO] Using 'UTF-8' encoding to copy filtered properties files.
[INFO] skip non existing resourceDirectory /app/src/test/resources
[INFO] 
[INFO] --- maven-compiler-plugin:3.10.1:testCompile (default-testCompile) @ filmorate ---
[INFO] Changes detected - recompiling the module!
[INFO] Compiling 1 source file to /app/target/test-classes
[INFO] 
[INFO] --- maven-surefire-plugin:2.22.2:test (default-test) @ filmorate ---
[INFO] 
[INFO] -------------------------------------------------------
[INFO]  T E S T S
[INFO] -------------------------------------------------------
[INFO] Running ru.yandex.practicum.filmorate.FilmorateApplicationTests
15:59:53.003 [main] DEBUG org.springframework.test.context.BootstrapUtils - Instantiating CacheAwareContextLoaderDelegate from class [org.springframework.test.context.cache.DefaultCacheAwareContextLoaderDelegate]
15:59:53.015 [main] DEBUG org.springframework.test.context.BootstrapUtils - Instantiating BootstrapContext using constructor [public org.springframework.test.context.support.DefaultBootstrapContext(java.lang.Class,org.springframework.test.context.CacheAwareContextLoaderDelegate)]
15:59:53.066 [main] DEBUG org.springframework.test.context.BootstrapUtils - Instantiating TestContextBootstrapper for test class [ru.yandex.practicum.filmorate.FilmorateApplicationTests] from class [org.springframework.boot.test.context.SpringBootTestContextBootstrapper]
15:59:53.080 [main] INFO org.springframework.boot.test.context.SpringBootTestContextBootstrapper - Neither @ContextConfiguration nor @ContextHierarchy found for test class [ru.yandex.practicum.filmorate.FilmorateApplicationTests], using SpringBootContextLoader
15:59:53.085 [main] DEBUG org.springframework.test.context.support.AbstractContextLoader - Did not detect default resource location for test class [ru.yandex.practicum.filmorate.FilmorateApplicationTests]: class path resource [ru/yandex/practicum/filmorate/FilmorateApplicationTests-context.xml] does not exist
15:59:53.086 [main] DEBUG org.springframework.test.context.support.AbstractContextLoader - Did not detect default resource location for test class [ru.yandex.practicum.filmorate.FilmorateApplicationTests]: class path resource [ru/yandex/practicum/filmorate/FilmorateApplicationTestsContext.groovy] does not exist
15:59:53.086 [main] INFO org.springframework.test.context.support.AbstractContextLoader - Could not detect default resource locations for test class [ru.yandex.practicum.filmorate.FilmorateApplicationTests]: no resource found for suffixes {-context.xml, Context.groovy}.
15:59:53.087 [main] INFO org.springframework.test.context.support.AnnotationConfigContextLoaderUtils - Could not detect default configuration classes for test class [ru.yandex.practicum.filmorate.FilmorateApplicationTests]: FilmorateApplicationTests does not declare any static, non-private, non-final, nested classes annotated with @Configuration.
15:59:53.150 [main] DEBUG org.springframework.test.context.support.ActiveProfilesUtils - Could not find an 'annotation declaring class' for annotation type [org.springframework.test.context.ActiveProfiles] and class [ru.yandex.practicum.filmorate.FilmorateApplicationTests]
15:59:53.222 [main] DEBUG org.springframework.context.annotation.ClassPathScanningCandidateComponentProvider - Identified candidate component class: file [/app/target/classes/ru/yandex/practicum/filmorate/FilmorateApplication.class]
15:59:53.222 [main] INFO org.springframework.boot.test.context.SpringBootTestContextBootstrapper - Found @SpringBootConfiguration ru.yandex.practicum.filmorate.FilmorateApplication for test class ru.yandex.practicum.filmorate.FilmorateApplicationTests
15:59:53.327 [main] DEBUG org.springframework.boot.test.context.SpringBootTestContextBootstrapper - @TestExecutionListeners is not present for class [ru.yandex.practicum.filmorate.FilmorateApplicationTests]: using defaults.
15:59:53.328 [main] INFO org.springframework.boot.test.context.SpringBootTestContextBootstrapper - Loaded default TestExecutionListener class names from location [META-INF/spring.factories]: [org.springframework.boot.test.mock.mockito.MockitoTestExecutionListener, org.springframework.boot.test.mock.mockito.ResetMocksTestExecutionListener, org.springframework.boot.test.autoconfigure.restdocs.RestDocsTestExecutionListener, org.springframework.boot.test.autoconfigure.web.client.MockRestServiceServerResetTestExecutionListener, org.springframework.boot.test.autoconfigure.web.servlet.MockMvcPrintOnlyOnFailureTestExecutionListener, org.springframework.boot.test.autoconfigure.web.servlet.WebDriverTestExecutionListener, org.springframework.boot.test.autoconfigure.webservices.client.MockWebServiceServerTestExecutionListener, org.springframework.test.context.web.ServletTestExecutionListener, org.springframework.test.context.support.DirtiesContextBeforeModesTestExecutionListener, org.springframework.test.context.event.ApplicationEventsTestExecutionListener, org.springframework.test.context.support.DependencyInjectionTestExecutionListener, org.springframework.test.context.support.DirtiesContextTestExecutionListener, org.springframework.test.context.transaction.TransactionalTestExecutionListener, org.springframework.test.context.jdbc.SqlScriptsTestExecutionListener, org.springframework.test.context.event.EventPublishingTestExecutionListener]
15:59:53.348 [main] INFO org.springframework.boot.test.context.SpringBootTestContextBootstrapper - Using TestExecutionListeners: [org.springframework.test.context.web.ServletTestExecutionListener@5ac0bf84, org.springframework.test.context.support.DirtiesContextBeforeModesTestExecutionListener@6fefc5ea, org.springframework.test.context.event.ApplicationEventsTestExecutionListener@6159fb3c, org.springframework.boot.test.mock.mockito.MockitoTestExecutionListener@68f79b7c, org.springframework.boot.test.autoconfigure.SpringBootDependencyInjectionTestExecutionListener@37142579, org.springframework.test.context.support.DirtiesContextTestExecutionListener@264576e4, org.springframework.test.context.transaction.TransactionalTestExecutionListener@86bf90b, org.springframework.test.context.jdbc.SqlScriptsTestExecutionListener@5c13af01, org.springframework.test.context.event.EventPublishingTestExecutionListener@4aba7617, org.springframework.boot.test.mock.mockito.ResetMocksTestExecutionListener@47c5cbf2, org.springframework.boot.test.autoconfigure.restdocs.RestDocsTestExecutionListener@1031c1a0, org.springframework.boot.test.autoconfigure.web.client.MockRestServiceServerResetTestExecutionListener@519b0f00, org.springframework.boot.test.autoconfigure.web.servlet.MockMvcPrintOnlyOnFailureTestExecutionListener@4888d1ea, org.springframework.boot.test.autoconfigure.web.servlet.WebDriverTestExecutionListener@217b0952, org.springframework.boot.test.autoconfigure.webservices.client.MockWebServiceServerTestExecutionListener@3fd9e01c]
15:59:53.352 [main] DEBUG org.springframework.test.context.support.AbstractDirtiesContextTestExecutionListener - Before test class: context [DefaultTestContext@13d5606c testClass = FilmorateApplicationTests, testInstance = [null], testMethod = [null], testException = [null], mergedContextConfiguration = [WebMergedContextConfiguration@6bf54260 testClass = FilmorateApplicationTests, locations = '{}', classes = '{class ru.yandex.practicum.filmorate.FilmorateApplication}', contextInitializerClasses = '[]', activeProfiles = '{}', propertySourceLocations = '{}', propertySourceProperties = '{org.springframework.boot.test.context.SpringBootTestContextBootstrapper=true}', contextCustomizers = set[[ImportsContextCustomizer@7165bde6 key = [org.springframework.boot.test.autoconfigure.jdbc.TestDatabaseAutoConfiguration, org.springframework.boot.autoconfigure.jdbc.DataSourceAutoConfiguration]], org.springframework.boot.test.context.filter.ExcludeFilterContextCustomizer@51a16adf, org.springframework.boot.test.json.DuplicateJsonObjectContextCustomizerFactory$DuplicateJsonObjectContextCustomizer@96897c8, org.springframework.boot.test.mock.mockito.MockitoContextCustomizer@0, org.springframework.boot.test.web.client.TestRestTemplateContextCustomizer@382dc417, org.springframework.boot.test.autoconfigure.actuate.metrics.MetricsExportContextCustomizerFactory$DisableMetricExportContextCustomizer@6b37df8e, org.springframework.boot.test.autoconfigure.properties.PropertyMappingContextCustomizer@eb5b1a88, org.springframework.boot.test.autoconfigure.web.servlet.WebDriverContextCustomizerFactory$Customizer@79957f11, org.springframework.boot.test.context.SpringBootTestArgs@1, org.springframework.boot.test.context.SpringBootTestWebEnvironment@29cfd92b], resourceBasePath = 'src/main/webapp', contextLoader = 'org.springframework.boot.test.context.SpringBootContextLoader', parent = [null]], attributes = map['org.springframework.test.context.web.ServletTestExecutionListener.activateListener' -> true]], class annotated with @DirtiesContext [false] with mode [null].

  .   ____          _            __ _ _
 /\\ / ___'_ __ _ _(_)_ __  __ _ \ \ \ \
( ( )\___ | '_ | '_| | '_ \/ _` | \ \ \ \
 \\/  ___)| |_)| | | | | || (_| |  ) ) ) )
  '  |____| .__|_| |_|_| |_\__, | / / / /
 =========|_|==============|___/=/_/_/_/
 :: Spring Boot ::                (v2.7.2)

2026-04-09 15:59:53.682  INFO 69 --- [           main] r.y.p.f.FilmorateApplicationTests        : Starting FilmorateApplicationTests using Java 11.0.16 on 57184c49f465 with PID 69 (started by root in /app)
2026-04-09 15:59:53.684  INFO 69 --- [           main] r.y.p.f.FilmorateApplicationTests        : No active profile set, falling back to 1 default profile: "default"
2026-04-09 15:59:54.280  INFO 69 --- [           main] .s.d.r.c.RepositoryConfigurationDelegate : Multiple Spring Data modules found, entering strict repository configuration mode
2026-04-09 15:59:54.281  INFO 69 --- [           main] .s.d.r.c.RepositoryConfigurationDelegate : Bootstrapping Spring Data JDBC repositories in DEFAULT mode.
2026-04-09 15:59:54.295  INFO 69 --- [           main] .s.d.r.c.RepositoryConfigurationDelegate : Finished Spring Data repository scanning in 8 ms. Found 0 JDBC repository interfaces.
2026-04-09 15:59:54.304  INFO 69 --- [           main] .s.d.r.c.RepositoryConfigurationDelegate : Multiple Spring Data modules found, entering strict repository configuration mode
2026-04-09 15:59:54.306  INFO 69 --- [           main] .s.d.r.c.RepositoryConfigurationDelegate : Bootstrapping Spring Data JPA repositories in DEFAULT mode.
2026-04-09 15:59:54.312  INFO 69 --- [           main] .s.d.r.c.RepositoryConfigurationDelegate : Finished Spring Data repository scanning in 2 ms. Found 0 JPA repository interfaces.
2026-04-09 15:59:54.383  INFO 69 --- [           main] beddedDataSourceBeanFactoryPostProcessor : Replacing 'dataSource' DataSource bean with embedded version
2026-04-09 15:59:54.651  INFO 69 --- [           main] o.s.j.d.e.EmbeddedDatabaseFactory        : Starting embedded database: url='jdbc:h2:mem:2468f9fb-b1fe-47d0-a74c-490ee66c48ac;DB_CLOSE_DELAY=-1;DB_CLOSE_ON_EXIT=false', username='sa'
2026-04-09 15:59:55.102  INFO 69 --- [           main] o.hibernate.jpa.internal.util.LogHelper  : HHH000204: Processing PersistenceUnitInfo [name: default]
2026-04-09 15:59:55.171  INFO 69 --- [           main] org.hibernate.Version                    : HHH000412: Hibernate ORM core version 5.6.10.Final
2026-04-09 15:59:55.332  INFO 69 --- [           main] o.hibernate.annotations.common.Version   : HCANN000001: Hibernate Commons Annotations {5.1.2.Final}
2026-04-09 15:59:55.480  INFO 69 --- [           main] org.hibernate.dialect.Dialect            : HHH000400: Using dialect: org.hibernate.dialect.H2Dialect
2026-04-09 15:59:55.682  INFO 69 --- [           main] o.h.e.t.j.p.i.JtaPlatformInitiator       : HHH000490: Using JtaPlatform implementation: [org.hibernate.engine.transaction.jta.platform.internal.NoJtaPlatform]
2026-04-09 15:59:55.691  INFO 69 --- [           main] j.LocalContainerEntityManagerFactoryBean : Initialized JPA EntityManagerFactory for persistence unit 'default'
2026-04-09 15:59:55.973  WARN 69 --- [           main] JpaBaseConfiguration$JpaWebConfiguration : spring.jpa.open-in-view is enabled by default. Therefore, database queries may be performed during view rendering. Explicitly configure spring.jpa.open-in-view to disable this warning
2026-04-09 15:59:56.543  INFO 69 --- [           main] r.y.p.f.FilmorateApplicationTests        : Started FilmorateApplicationTests in 3.155 seconds (JVM running for 4.312)
[INFO] Tests run: 21, Failures: 0, Errors: 0, Skipped: 0, Time elapsed: 4.128 s - in ru.yandex.practicum.filmorate.FilmorateApplicationTests
2026-04-09 15:59:57.169  INFO 69 --- [ionShutdownHook] j.LocalContainerEntityManagerFactoryBean : Closing JPA EntityManagerFactory for persistence unit 'default'
2026-04-09 15:59:57.170  INFO 69 --- [ionShutdownHook] .SchemaDropperImpl$DelayedDropActionImpl : HHH000477: Starting delayed evictData of schema as part of SessionFactory shut-down'
[INFO] 
[INFO] Results:
[INFO] 
[INFO] Tests run: 21, Failures: 0, Errors: 0, Skipped: 0
[INFO] 
[INFO] 
[INFO] --- jacoco-maven-plugin:0.8.11:report (report) @ filmorate ---
[INFO] Loading execution data file /app/target/jacoco.exec
[INFO] Analyzed bundle 'filmorate' with 34 classes
[INFO] 
[INFO] --- jacoco-maven-plugin:0.8.11:report (default-cli) @ filmorate ---
[INFO] Loading execution data file /app/target/jacoco.exec
[INFO] Analyzed bundle 'filmorate' with 34 classes
[INFO] ------------------------------------------------------------------------
[INFO] BUILD SUCCESS
[INFO] ------------------------------------------------------------------------
[INFO] Total time:  8.387 s
[INFO] Finished at: 2026-04-09T15:59:57Z
[INFO] ------------------------------------------------------------------------
