[[1;34mINFO[m] Scanning for projects...
[[1;34mINFO[m] 
[[1;34mINFO[m] [1m---------------------------< [0;36mcom.shark:ERP[0;1m >----------------------------[m
[[1;34mINFO[m] [1mBuilding ERP 0.0.1-SNAPSHOT[m
[[1;34mINFO[m] [1m--------------------------------[ jar ]---------------------------------[m
[[1;34mINFO[m] 
[[1;34mINFO[m] [1m--- [0;32mmaven-clean-plugin:2.5:clean[m [1m(default-clean)[m @ [36mERP[0;1m ---[m
[[1;34mINFO[m] Deleting /home/suelenfelix/TCC/evosuite/projects/FENGYU-008_ERP/target
[[1;34mINFO[m] 
[[1;34mINFO[m] [1m--- [0;32mjacoco-maven-plugin:0.8.11:prepare-agent[m [1m(default)[m @ [36mERP[0;1m ---[m
[[1;34mINFO[m] surefire.argLine set to -javaagent:/home/suelenfelix/.m2/repository/org/jacoco/org.jacoco.agent/0.8.11/org.jacoco.agent-0.8.11-runtime.jar=destfile=/home/suelenfelix/TCC/evosuite/projects/FENGYU-008_ERP/target/jacoco.exec
[[1;34mINFO[m] 
[[1;34mINFO[m] [1m--- [0;32mmaven-resources-plugin:2.6:resources[m [1m(default-resources)[m @ [36mERP[0;1m ---[m
[[1;34mINFO[m] Using 'UTF-8' encoding to copy filtered resources.
[[1;34mINFO[m] Copying 40 resources
[[1;34mINFO[m] 
[[1;34mINFO[m] [1m--- [0;32mmaven-compiler-plugin:3.8.1:compile[m [1m(default-compile)[m @ [36mERP[0;1m ---[m
[[1;34mINFO[m] Changes detected - recompiling the module!
[[1;34mINFO[m] Compiling 36 source files to /home/suelenfelix/TCC/evosuite/projects/FENGYU-008_ERP/target/classes
[[1;34mINFO[m] -------------------------------------------------------------
[[1;31mERROR[m] COMPILATION ERROR : 
[[1;34mINFO[m] -------------------------------------------------------------
[[1;31mERROR[m] /home/suelenfelix/TCC/evosuite/projects/FENGYU-008_ERP/src/main/java/com/shark/erp/ErpApplication.java:[3,32] package org.springframework.boot does not exist
[[1;31mERROR[m] /home/suelenfelix/TCC/evosuite/projects/FENGYU-008_ERP/src/main/java/com/shark/erp/ErpApplication.java:[4,46] package org.springframework.boot.autoconfigure does not exist
[[1;31mERROR[m] /home/suelenfelix/TCC/evosuite/projects/FENGYU-008_ERP/src/main/java/com/shark/erp/ErpApplication.java:[6,2] cannot find symbol
  symbol: class SpringBootApplication
[[1;31mERROR[m] /home/suelenfelix/TCC/evosuite/projects/FENGYU-008_ERP/src/main/java/com/shark/erp/ErpApplication.java:[10,9] cannot find symbol
  symbol:   variable SpringApplication
  location: class com.shark.erp.ErpApplication
[[1;34mINFO[m] 4 errors 
[[1;34mINFO[m] -------------------------------------------------------------
[[1;34mINFO[m] [1m------------------------------------------------------------------------[m
[[1;34mINFO[m] [1;31mBUILD FAILURE[m
[[1;34mINFO[m] [1m------------------------------------------------------------------------[m
[[1;34mINFO[m] Total time:  1.024 s
[[1;34mINFO[m] Finished at: 2026-04-02T19:16:47-03:00
[[1;34mINFO[m] [1m------------------------------------------------------------------------[m
[[1;31mERROR[m] Failed to execute goal [32morg.apache.maven.plugins:maven-compiler-plugin:3.8.1:compile[m [1m(default-compile)[m on project [36mERP[m: [1;31mCompilation failure[m: Compilation failure: 
[[1;31mERROR[m] /home/suelenfelix/TCC/evosuite/projects/FENGYU-008_ERP/src/main/java/com/shark/erp/ErpApplication.java:[3,32] package org.springframework.boot does not exist
[[1;31mERROR[m] /home/suelenfelix/TCC/evosuite/projects/FENGYU-008_ERP/src/main/java/com/shark/erp/ErpApplication.java:[4,46] package org.springframework.boot.autoconfigure does not exist
[[1;31mERROR[m] /home/suelenfelix/TCC/evosuite/projects/FENGYU-008_ERP/src/main/java/com/shark/erp/ErpApplication.java:[6,2] cannot find symbol
[[1;31mERROR[m]   symbol: class SpringBootApplication
[[1;31mERROR[m] /home/suelenfelix/TCC/evosuite/projects/FENGYU-008_ERP/src/main/java/com/shark/erp/ErpApplication.java:[10,9] cannot find symbol
[[1;31mERROR[m]   symbol:   variable SpringApplication
[[1;31mERROR[m]   location: class com.shark.erp.ErpApplication
[[1;31mERROR[m] -> [1m[Help 1][m
[[1;31mERROR[m] 
[[1;31mERROR[m] To see the full stack trace of the errors, re-run Maven with the [1m-e[m switch.
[[1;31mERROR[m] Re-run Maven using the [1m-X[m switch to enable full debug logging.
[[1;31mERROR[m] 
[[1;31mERROR[m] For more information about the errors and possible solutions, please read the following articles:
[[1;31mERROR[m] [1m[Help 1][m http://cwiki.apache.org/confluence/display/MAVEN/MojoFailureException
