[[1;34mINFO[m] Scanning for projects...
[[1;34mINFO[m] 
[[1;34mINFO[m] [1m---------------------------< [0;36mcom.shark:ERP[0;1m >----------------------------[m
[[1;34mINFO[m] [1mBuilding ERP 0.0.1-SNAPSHOT[m
[[1;34mINFO[m] [1m--------------------------------[ jar ]---------------------------------[m
[[1;34mINFO[m] 
[[1;34mINFO[m] [1m--- [0;32mmaven-clean-plugin:3.2.0:clean[m [1m(default-clean)[m @ [36mERP[0;1m ---[m
[[1;34mINFO[m] Deleting /home/suelenfelix/TCC/evosuite/projects/FENGYU-008_ERP/target
[[1;34mINFO[m] 
[[1;34mINFO[m] [1m--- [0;32mjacoco-maven-plugin:0.8.11:prepare-agent[m [1m(default)[m @ [36mERP[0;1m ---[m
[[1;34mINFO[m] argLine set to -javaagent:/home/suelenfelix/.m2/repository/org/jacoco/org.jacoco.agent/0.8.11/org.jacoco.agent-0.8.11-runtime.jar=destfile=/home/suelenfelix/TCC/evosuite/projects/FENGYU-008_ERP/target/jacoco.exec
[[1;34mINFO[m] 
[[1;34mINFO[m] [1m--- [0;32mmaven-resources-plugin:3.2.0:resources[m [1m(default-resources)[m @ [36mERP[0;1m ---[m
[[1;34mINFO[m] Using 'UTF-8' encoding to copy filtered resources.
[[1;34mINFO[m] Using 'UTF-8' encoding to copy filtered properties files.
[[1;34mINFO[m] Copying 1 resource
[[1;34mINFO[m] Copying 39 resources
[[1;34mINFO[m] 
[[1;34mINFO[m] [1m--- [0;32mmaven-compiler-plugin:3.10.1:compile[m [1m(default-compile)[m @ [36mERP[0;1m ---[m
[[1;34mINFO[m] Changes detected - recompiling the module!
[[1;34mINFO[m] Compiling 36 source files to /home/suelenfelix/TCC/evosuite/projects/FENGYU-008_ERP/target/classes
[[1;34mINFO[m] 
[[1;34mINFO[m] [1m--- [0;32mbuild-helper-maven-plugin:3.3.0:add-test-source[m [1m(add-test-source)[m @ [36mERP[0;1m ---[m
[[1;34mINFO[m] Test Source directory: /home/suelenfelix/TCC/evosuite/projects/FENGYU-008_ERP/evosuite-tests added.
[[1;34mINFO[m] Test Source directory: /home/suelenfelix/TCC/evosuite/projects/FENGYU-008_ERP/src/test/java/kex-tests/tests added.
[[1;34mINFO[m] 
[[1;34mINFO[m] [1m--- [0;32mmaven-resources-plugin:3.2.0:testResources[m [1m(default-testResources)[m @ [36mERP[0;1m ---[m
[[1;34mINFO[m] Using 'UTF-8' encoding to copy filtered resources.
[[1;34mINFO[m] Using 'UTF-8' encoding to copy filtered properties files.
[[1;34mINFO[m] skip non existing resourceDirectory /home/suelenfelix/TCC/evosuite/projects/FENGYU-008_ERP/src/test/resources
[[1;34mINFO[m] 
[[1;34mINFO[m] [1m--- [0;32mmaven-compiler-plugin:3.10.1:testCompile[m [1m(default-testCompile)[m @ [36mERP[0;1m ---[m
[[1;34mINFO[m] Changes detected - recompiling the module!
[[1;34mINFO[m] Compiling 279 source files to /home/suelenfelix/TCC/evosuite/projects/FENGYU-008_ERP/target/test-classes
[[1;33mWARNING[m] /home/suelenfelix/TCC/evosuite/projects/FENGYU-008_ERP/src/test/java/kex-tests/tests/com/shark/erp/entity/ReflectionUtils.java:[9,16] sun.misc.Unsafe is internal proprietary API and may be removed in a future release
[[1;33mWARNING[m] /home/suelenfelix/TCC/evosuite/projects/FENGYU-008_ERP/src/test/java/kex-tests/tests/com/shark/erp/service/ReflectionUtils.java:[9,16] sun.misc.Unsafe is internal proprietary API and may be removed in a future release
[[1;33mWARNING[m] /home/suelenfelix/TCC/evosuite/projects/FENGYU-008_ERP/src/test/java/kex-tests/tests/com/shark/erp/ReflectionUtils.java:[9,16] sun.misc.Unsafe is internal proprietary API and may be removed in a future release
[[1;33mWARNING[m] /home/suelenfelix/TCC/evosuite/projects/FENGYU-008_ERP/src/test/java/kex-tests/tests/com/shark/erp/controller/ReflectionUtils.java:[9,16] sun.misc.Unsafe is internal proprietary API and may be removed in a future release
[[1;33mWARNING[m] /home/suelenfelix/TCC/evosuite/projects/FENGYU-008_ERP/src/test/java/kex-tests/tests/com/shark/erp/entity/ReflectionUtils.java:[13,25] sun.misc.Unsafe is internal proprietary API and may be removed in a future release
[[1;33mWARNING[m] /home/suelenfelix/TCC/evosuite/projects/FENGYU-008_ERP/src/test/java/kex-tests/tests/com/shark/erp/entity/ReflectionUtils.java:[17,31] sun.misc.Unsafe is internal proprietary API and may be removed in a future release
[[1;33mWARNING[m] /home/suelenfelix/TCC/evosuite/projects/FENGYU-008_ERP/src/test/java/kex-tests/tests/com/shark/erp/entity/ReflectionUtils.java:[19,23] sun.misc.Unsafe is internal proprietary API and may be removed in a future release
[[1;33mWARNING[m] /home/suelenfelix/TCC/evosuite/projects/FENGYU-008_ERP/src/test/java/kex-tests/tests/com/shark/erp/service/ReflectionUtils.java:[13,25] sun.misc.Unsafe is internal proprietary API and may be removed in a future release
[[1;33mWARNING[m] /home/suelenfelix/TCC/evosuite/projects/FENGYU-008_ERP/src/test/java/kex-tests/tests/com/shark/erp/service/ReflectionUtils.java:[17,31] sun.misc.Unsafe is internal proprietary API and may be removed in a future release
[[1;33mWARNING[m] /home/suelenfelix/TCC/evosuite/projects/FENGYU-008_ERP/src/test/java/kex-tests/tests/com/shark/erp/service/ReflectionUtils.java:[19,23] sun.misc.Unsafe is internal proprietary API and may be removed in a future release
[[1;33mWARNING[m] /home/suelenfelix/TCC/evosuite/projects/FENGYU-008_ERP/src/test/java/kex-tests/tests/com/shark/erp/ReflectionUtils.java:[13,25] sun.misc.Unsafe is internal proprietary API and may be removed in a future release
[[1;33mWARNING[m] /home/suelenfelix/TCC/evosuite/projects/FENGYU-008_ERP/src/test/java/kex-tests/tests/com/shark/erp/ReflectionUtils.java:[17,31] sun.misc.Unsafe is internal proprietary API and may be removed in a future release
[[1;33mWARNING[m] /home/suelenfelix/TCC/evosuite/projects/FENGYU-008_ERP/src/test/java/kex-tests/tests/com/shark/erp/ReflectionUtils.java:[19,23] sun.misc.Unsafe is internal proprietary API and may be removed in a future release
[[1;33mWARNING[m] /home/suelenfelix/TCC/evosuite/projects/FENGYU-008_ERP/src/test/java/kex-tests/tests/com/shark/erp/controller/ReflectionUtils.java:[13,25] sun.misc.Unsafe is internal proprietary API and may be removed in a future release
[[1;33mWARNING[m] /home/suelenfelix/TCC/evosuite/projects/FENGYU-008_ERP/src/test/java/kex-tests/tests/com/shark/erp/controller/ReflectionUtils.java:[17,31] sun.misc.Unsafe is internal proprietary API and may be removed in a future release
[[1;33mWARNING[m] /home/suelenfelix/TCC/evosuite/projects/FENGYU-008_ERP/src/test/java/kex-tests/tests/com/shark/erp/controller/ReflectionUtils.java:[19,23] sun.misc.Unsafe is internal proprietary API and may be removed in a future release
[[1;34mINFO[m] /home/suelenfelix/TCC/evosuite/projects/FENGYU-008_ERP/src/test/java/kex-tests/tests/com/shark/erp/entity/Admin_setId_21245195419.java: Some input files use or override a deprecated API that is marked for removal.
[[1;34mINFO[m] /home/suelenfelix/TCC/evosuite/projects/FENGYU-008_ERP/src/test/java/kex-tests/tests/com/shark/erp/entity/Admin_setId_21245195419.java: Recompile with -Xlint:removal for details.
[[1;34mINFO[m] 
[[1;34mINFO[m] [1m--- [0;32mmaven-surefire-plugin:2.22.2:test[m [1m(default-test)[m @ [36mERP[0;1m ---[m
[[1;34mINFO[m] 
[[1;34mINFO[m] -------------------------------------------------------
[[1;34mINFO[m]  T E S T S
[[1;34mINFO[m] -------------------------------------------------------
[[1;34mINFO[m] 
[[1;34mINFO[m] Results:
[[1;34mINFO[m] 
[[1;34mINFO[m] Tests run: 0, Failures: 0, Errors: 0, Skipped: 0
[[1;34mINFO[m] 
[[1;34mINFO[m] 
[[1;34mINFO[m] [1m--- [0;32mjacoco-maven-plugin:0.8.11:report[m [1m(report)[m @ [36mERP[0;1m ---[m
[[1;34mINFO[m] Skipping JaCoCo execution due to missing execution data file.
[[1;34mINFO[m] 
[[1;34mINFO[m] [1m--- [0;32mjacoco-maven-plugin:0.8.11:report[m [1m(default-cli)[m @ [36mERP[0;1m ---[m
[[1;34mINFO[m] Skipping JaCoCo execution due to missing execution data file.
[[1;34mINFO[m] [1m------------------------------------------------------------------------[m
[[1;34mINFO[m] [1;32mBUILD SUCCESS[m
[[1;34mINFO[m] [1m------------------------------------------------------------------------[m
[[1;34mINFO[m] Total time:  2.764 s
[[1;34mINFO[m] Finished at: 2026-04-02T17:12:10-03:00
[[1;34mINFO[m] [1m------------------------------------------------------------------------[m
