[INFO] Scanning for projects...
[INFO] 
[INFO] -------------------< com.github.nscuro:bradamsa-ng >--------------------
[INFO] Building bradamsa-ng 1.1.0-SNAPSHOT
[INFO] --------------------------------[ jar ]---------------------------------
[INFO] 
[INFO] --- maven-clean-plugin:2.5:clean (default-clean) @ bradamsa-ng ---
[INFO] Deleting /app/target
[INFO] 
[INFO] --- jacoco-maven-plugin:0.8.7:prepare-agent (prepare-agent) @ bradamsa-ng ---
[INFO] argLine set to -javaagent:/root/.m2/repository/org/jacoco/org.jacoco.agent/0.8.7/org.jacoco.agent-0.8.7-runtime.jar=destfile=/app/target/jacoco.exec
[INFO] 
[INFO] --- maven-resources-plugin:2.6:resources (default-resources) @ bradamsa-ng ---
[INFO] Using 'UTF-8' encoding to copy filtered resources.
[INFO] skip non existing resourceDirectory /app/src/main/resources
[INFO] 
[INFO] --- maven-compiler-plugin:3.8.1:compile (default-compile) @ bradamsa-ng ---
[INFO] Changes detected - recompiling the module!
[INFO] Compiling 18 source files to /app/target/classes
[INFO] 
[INFO] --- build-helper-maven-plugin:3.3.0:add-test-source (add-kex-test-source) @ bradamsa-ng ---
[INFO] Test Source directory: /app/src/test/java/kex-tests added.
[INFO] 
[INFO] --- maven-resources-plugin:2.6:testResources (default-testResources) @ bradamsa-ng ---
[INFO] Using 'UTF-8' encoding to copy filtered resources.
[INFO] skip non existing resourceDirectory /app/src/test/resources
[INFO] 
[INFO] --- maven-compiler-plugin:3.8.1:testCompile (default-testCompile) @ bradamsa-ng ---
[INFO] Changes detected - recompiling the module!
[INFO] Compiling 9 source files to /app/target/test-classes
[INFO] 
[INFO] --- maven-surefire-plugin:2.22.2:test (default-test) @ bradamsa-ng ---
[INFO] 
[INFO] -------------------------------------------------------
[INFO]  T E S T S
[INFO] -------------------------------------------------------
[INFO] Running com.github.nscuro.bradamsang.wsl.WslSupportTest
[INFO] Tests run: 10, Failures: 0, Errors: 0, Skipped: 0, Time elapsed: 0.601 s - in com.github.nscuro.bradamsang.wsl.WslSupportTest
[INFO] Running com.github.nscuro.bradamsang.BurpExtensionTest
[INFO] Tests run: 1, Failures: 0, Errors: 0, Skipped: 0, Time elapsed: 0.116 s - in com.github.nscuro.bradamsang.BurpExtensionTest
[INFO] Running com.github.nscuro.bradamsang.BurpLoggerTest
[INFO] Tests run: 5, Failures: 0, Errors: 0, Skipped: 0, Time elapsed: 0.007 s - in com.github.nscuro.bradamsang.BurpLoggerTest
[INFO] Running burp.BurpExtenderTest
[INFO] Tests run: 1, Failures: 0, Errors: 0, Skipped: 0, Time elapsed: 0.012 s - in burp.BurpExtenderTest
[INFO] 
[INFO] Results:
[INFO] 
[INFO] Tests run: 17, Failures: 0, Errors: 0, Skipped: 0
[INFO] 
[INFO] 
[INFO] --- jacoco-maven-plugin:0.8.7:report (default-cli) @ bradamsa-ng ---
[INFO] Loading execution data file /app/target/jacoco.exec
[INFO] Analyzed bundle 'bradamsa-ng' with 18 classes
[INFO] ------------------------------------------------------------------------
[INFO] BUILD SUCCESS
[INFO] ------------------------------------------------------------------------
[INFO] Total time:  3.364 s
[INFO] Finished at: 2026-04-08T02:12:16Z
[INFO] ------------------------------------------------------------------------
