[INFO] Scanning for projects...
[INFO] 
[INFO] ----< com.appsdeveloperblog.photoapp:NewSpringAuthorizationServer >-----
[INFO] Building NewSpringAuthorizationServer 0.0.1-SNAPSHOT
[INFO] --------------------------------[ jar ]---------------------------------
[INFO] 
[INFO] --- maven-clean-plugin:3.1.0:clean (default-clean) @ NewSpringAuthorizationServer ---
[INFO] Deleting /app/target
[INFO] 
[INFO] --- jacoco-maven-plugin:0.8.11:prepare-agent (default) @ NewSpringAuthorizationServer ---
[INFO] argLine set to -javaagent:/root/.m2/repository/org/jacoco/org.jacoco.agent/0.8.11/org.jacoco.agent-0.8.11-runtime.jar=destfile=/app/target/jacoco.exec
[INFO] 
[INFO] --- maven-resources-plugin:3.2.0:resources (default-resources) @ NewSpringAuthorizationServer ---
[INFO] Using 'UTF-8' encoding to copy filtered resources.
[INFO] Using 'UTF-8' encoding to copy filtered properties files.
[INFO] Copying 1 resource
[INFO] Copying 0 resource
[INFO] 
[INFO] --- maven-compiler-plugin:3.8.1:compile (default-compile) @ NewSpringAuthorizationServer ---
[INFO] Changes detected - recompiling the module!
[INFO] Compiling 3 source files to /app/target/classes
[INFO] 
[INFO] --- build-helper-maven-plugin:3.3.0:add-test-source (add-kex-test-source) @ NewSpringAuthorizationServer ---
[INFO] Test Source directory: /app/src/test/java/kex-tests added.
[INFO] 
[INFO] --- maven-resources-plugin:3.2.0:testResources (default-testResources) @ NewSpringAuthorizationServer ---
[INFO] Using 'UTF-8' encoding to copy filtered resources.
[INFO] Using 'UTF-8' encoding to copy filtered properties files.
[INFO] skip non existing resourceDirectory /app/src/test/resources
[INFO] 
[INFO] --- maven-compiler-plugin:3.8.1:testCompile (default-testCompile) @ NewSpringAuthorizationServer ---
[INFO] Changes detected - recompiling the module!
[INFO] Compiling 6 source files to /app/target/test-classes
[WARNING] /app/src/test/java/kex-tests/tests/com/appsdeveloperblog/photoapp/oauthserver/ReflectionUtils.java:[9,16] sun.misc.Unsafe is internal proprietary API and may be removed in a future release
[WARNING] /app/src/test/java/kex-tests/tests/com/appsdeveloperblog/photoapp/oauthserver/ReflectionUtils.java:[13,25] sun.misc.Unsafe is internal proprietary API and may be removed in a future release
[WARNING] /app/src/test/java/kex-tests/tests/com/appsdeveloperblog/photoapp/oauthserver/ReflectionUtils.java:[17,31] sun.misc.Unsafe is internal proprietary API and may be removed in a future release
[WARNING] /app/src/test/java/kex-tests/tests/com/appsdeveloperblog/photoapp/oauthserver/ReflectionUtils.java:[19,23] sun.misc.Unsafe is internal proprietary API and may be removed in a future release
[INFO] 
[INFO] --- maven-surefire-plugin:2.22.2:test (default-test) @ NewSpringAuthorizationServer ---
[INFO] 
[INFO] -------------------------------------------------------
[INFO]  T E S T S
[INFO] -------------------------------------------------------
[INFO] Running com.appsdeveloperblog.photoapp.oauthserver.NewSpringAuthorizationServerApplication_init_13754427622
[INFO] Tests run: 1, Failures: 0, Errors: 0, Skipped: 0, Time elapsed: 0.017 s - in com.appsdeveloperblog.photoapp.oauthserver.NewSpringAuthorizationServerApplication_init_13754427622
[INFO] Running com.appsdeveloperblog.photoapp.oauthserver.NewSpringAuthorizationServerApplication_main_17520057661

  .   ____          _            __ _ _
 /\\ / ___'_ __ _ _(_)_ __  __ _ \ \ \ \
( ( )\___ | '_ | '_| | '_ \/ _` | \ \ \ \
 \\/  ___)| |_)| | | | | || (_| |  ) ) ) )
  '  |____| .__|_| |_|_| |_\__, | / / / /
 =========|_|==============|___/=/_/_/_/
 :: Spring Boot ::                (v2.6.4)

2026-04-08 06:42:39.105  INFO 69 --- [me-limited test] .NewSpringAuthorizationServerApplication : Starting NewSpringAuthorizationServerApplication using Java 11.0.16 on 7df037b5bf4a with PID 69 (started by root in /app)
2026-04-08 06:42:39.112  INFO 69 --- [me-limited test] .NewSpringAuthorizationServerApplication : No active profile set, falling back to 1 default profile: "default"
2026-04-08 06:42:40.538  INFO 69 --- [me-limited test] o.s.b.w.embedded.tomcat.TomcatWebServer  : Tomcat initialized with port(s): 8000 (http)
2026-04-08 06:42:40.551  INFO 69 --- [me-limited test] o.apache.catalina.core.StandardService   : Starting service [Tomcat]
2026-04-08 06:42:40.552  INFO 69 --- [me-limited test] org.apache.catalina.core.StandardEngine  : Starting Servlet engine: [Apache Tomcat/9.0.58]
2026-04-08 06:42:40.658  INFO 69 --- [me-limited test] o.a.c.c.C.[Tomcat].[localhost].[/]       : Initializing Spring embedded WebApplicationContext
2026-04-08 06:42:40.658  INFO 69 --- [me-limited test] w.s.c.ServletWebServerApplicationContext : Root WebApplicationContext: initialization completed in 1470 ms
2026-04-08 06:42:41.769  INFO 69 --- [me-limited test] o.s.s.web.DefaultSecurityFilterChain     : Will not secure org.springframework.security.config.annotation.web.configurers.oauth2.server.authorization.OAuth2AuthorizationServerConfigurer$$Lambda$731/0x000000084040e440@2a9af965
2026-04-08 06:42:41.832  INFO 69 --- [me-limited test] o.s.s.web.DefaultSecurityFilterChain     : Will not secure any request
2026-04-08 06:42:42.711  INFO 69 --- [me-limited test] o.s.b.w.embedded.tomcat.TomcatWebServer  : Tomcat started on port(s): 8000 (http) with context path ''
2026-04-08 06:42:42.764  INFO 69 --- [me-limited test] .NewSpringAuthorizationServerApplication : Started NewSpringAuthorizationServerApplication in 4.269 seconds (JVM running for 5.5)
[INFO] Tests run: 1, Failures: 0, Errors: 0, Skipped: 0, Time elapsed: 4.585 s - in com.appsdeveloperblog.photoapp.oauthserver.NewSpringAuthorizationServerApplication_main_17520057661
[INFO] Running com.appsdeveloperblog.photoapp.oauthserver.NewSpringAuthorizationServerApplication_init_13754427620
[INFO] Tests run: 1, Failures: 0, Errors: 0, Skipped: 0, Time elapsed: 0.001 s - in com.appsdeveloperblog.photoapp.oauthserver.NewSpringAuthorizationServerApplication_init_13754427620
[INFO] Running com.appsdeveloperblog.photoapp.oauthserver.NewSpringAuthorizationServerApplication_main_17520057663
2026-04-08 06:42:42.933 ERROR 69 --- [me-limited test] o.s.boot.SpringApplication               : Application run failed

java.lang.IllegalArgumentException: Args must not be null
	at org.springframework.util.Assert.notNull(Assert.java:201) ~[spring-core-5.3.16.jar:5.3.16]
	at org.springframework.boot.DefaultApplicationArguments.<init>(DefaultApplicationArguments.java:41) ~[spring-boot-2.6.4.jar:2.6.4]
	at org.springframework.boot.SpringApplication.run(SpringApplication.java:296) ~[spring-boot-2.6.4.jar:2.6.4]
	at org.springframework.boot.SpringApplication.run(SpringApplication.java:1312) ~[spring-boot-2.6.4.jar:2.6.4]
	at org.springframework.boot.SpringApplication.run(SpringApplication.java:1301) ~[spring-boot-2.6.4.jar:2.6.4]
	at com.appsdeveloperblog.photoapp.oauthserver.NewSpringAuthorizationServerApplication.main(NewSpringAuthorizationServerApplication.java:10) ~[classes/:na]
	at java.base/jdk.internal.reflect.NativeMethodAccessorImpl.invoke0(Native Method) ~[na:na]
	at java.base/jdk.internal.reflect.NativeMethodAccessorImpl.invoke(NativeMethodAccessorImpl.java:62) ~[na:na]
	at java.base/jdk.internal.reflect.DelegatingMethodAccessorImpl.invoke(DelegatingMethodAccessorImpl.java:43) ~[na:na]
	at java.base/java.lang.reflect.Method.invoke(Method.java:566) ~[na:na]
	at com.appsdeveloperblog.photoapp.oauthserver.ReflectionUtils.callMethod(ReflectionUtils.java:328) ~[test-classes/:na]
	at com.appsdeveloperblog.photoapp.oauthserver.NewSpringAuthorizationServerApplication_main_17520057663.test(NewSpringAuthorizationServerApplication_main_17520057663.java:44) ~[test-classes/:na]
	at java.base/jdk.internal.reflect.NativeMethodAccessorImpl.invoke0(Native Method) ~[na:na]
	at java.base/jdk.internal.reflect.NativeMethodAccessorImpl.invoke(NativeMethodAccessorImpl.java:62) ~[na:na]
	at java.base/jdk.internal.reflect.DelegatingMethodAccessorImpl.invoke(DelegatingMethodAccessorImpl.java:43) ~[na:na]
	at java.base/java.lang.reflect.Method.invoke(Method.java:566) ~[na:na]
	at org.junit.runners.model.FrameworkMethod$1.runReflectiveCall(FrameworkMethod.java:59) ~[junit-4.13.2.jar:4.13.2]
	at org.junit.internal.runners.model.ReflectiveCallable.run(ReflectiveCallable.java:12) ~[junit-4.13.2.jar:4.13.2]
	at org.junit.runners.model.FrameworkMethod.invokeExplosively(FrameworkMethod.java:56) ~[junit-4.13.2.jar:4.13.2]
	at org.junit.internal.runners.statements.InvokeMethod.evaluate(InvokeMethod.java:17) ~[junit-4.13.2.jar:4.13.2]
	at org.junit.internal.runners.statements.RunBefores.evaluate(RunBefores.java:26) ~[junit-4.13.2.jar:4.13.2]
	at org.junit.internal.runners.statements.FailOnTimeout$CallableStatement.call(FailOnTimeout.java:299) ~[junit-4.13.2.jar:4.13.2]
	at org.junit.internal.runners.statements.FailOnTimeout$CallableStatement.call(FailOnTimeout.java:293) ~[junit-4.13.2.jar:4.13.2]
	at java.base/java.util.concurrent.FutureTask.run(FutureTask.java:264) ~[na:na]
	at java.base/java.lang.Thread.run(Thread.java:829) ~[na:na]

[ERROR] Tests run: 1, Failures: 0, Errors: 1, Skipped: 0, Time elapsed: 0.153 s <<< FAILURE! - in com.appsdeveloperblog.photoapp.oauthserver.NewSpringAuthorizationServerApplication_main_17520057663
[ERROR] test  Time elapsed: 0.15 s  <<< ERROR!
java.lang.IllegalArgumentException: Args must not be null
	at com.appsdeveloperblog.photoapp.oauthserver.NewSpringAuthorizationServerApplication_main_17520057663.test(NewSpringAuthorizationServerApplication_main_17520057663.java:44)

[INFO] 
[INFO] Results:
[INFO] 
[ERROR] Errors: 
[ERROR]   NewSpringAuthorizationServerApplication_main_17520057663.test:44 » IllegalArgument
[INFO] 
[ERROR] Tests run: 4, Failures: 0, Errors: 1, Skipped: 0
[INFO] 
[ERROR] There are test failures.

Please refer to /app/target/surefire-reports for the individual test results.
Please refer to dump files (if any exist) [date].dump, [date]-jvmRun[N].dump and [date].dumpstream.
[INFO] 
[INFO] --- jacoco-maven-plugin:0.8.11:report (report) @ NewSpringAuthorizationServer ---
[INFO] Loading execution data file /app/target/jacoco.exec
[INFO] Analyzed bundle 'NewSpringAuthorizationServer' with 3 classes
[INFO] 
[INFO] --- jacoco-maven-plugin:0.8.11:report (default-cli) @ NewSpringAuthorizationServer ---
[INFO] Loading execution data file /app/target/jacoco.exec
[INFO] Analyzed bundle 'NewSpringAuthorizationServer' with 3 classes
[INFO] ------------------------------------------------------------------------
[INFO] BUILD SUCCESS
[INFO] ------------------------------------------------------------------------
[INFO] Total time:  10.767 s
[INFO] Finished at: 2026-04-08T06:42:43Z
[INFO] ------------------------------------------------------------------------
