[INFO] Scanning for projects...
[INFO] 
[INFO] ----< com.appsdeveloperblog.photoapp:NewSpringAuthorizationServer >-----
[INFO] Building NewSpringAuthorizationServer 0.0.1-SNAPSHOT
[INFO] --------------------------------[ jar ]---------------------------------
[INFO] 
[INFO] --- maven-clean-plugin:3.1.0:clean (default-clean) @ NewSpringAuthorizationServer ---
[INFO] Deleting /app/target
[INFO] 
[INFO] --- jacoco-maven-plugin:0.8.11:prepare-agent (default) @ NewSpringAuthorizationServer ---
[INFO] argLine set to -javaagent:/root/.m2/repository/org/jacoco/org.jacoco.agent/0.8.11/org.jacoco.agent-0.8.11-runtime.jar=destfile=/app/target/jacoco.exec
[INFO] 
[INFO] --- maven-resources-plugin:3.2.0:resources (default-resources) @ NewSpringAuthorizationServer ---
[INFO] Using 'UTF-8' encoding to copy filtered resources.
[INFO] Using 'UTF-8' encoding to copy filtered properties files.
[INFO] Copying 1 resource
[INFO] Copying 0 resource
[INFO] 
[INFO] --- maven-compiler-plugin:3.8.1:compile (default-compile) @ NewSpringAuthorizationServer ---
[INFO] Changes detected - recompiling the module!
[INFO] Compiling 3 source files to /app/target/classes
[INFO] 
[INFO] --- build-helper-maven-plugin:3.3.0:add-test-source (add-kex-test-source) @ NewSpringAuthorizationServer ---
[INFO] Test Source directory: /app/src/test/java/kex-tests added.
[INFO] 
[INFO] --- maven-resources-plugin:3.2.0:testResources (default-testResources) @ NewSpringAuthorizationServer ---
[INFO] Using 'UTF-8' encoding to copy filtered resources.
[INFO] Using 'UTF-8' encoding to copy filtered properties files.
[INFO] skip non existing resourceDirectory /app/src/test/resources
[INFO] 
[INFO] --- maven-compiler-plugin:3.8.1:testCompile (default-testCompile) @ NewSpringAuthorizationServer ---
[INFO] Changes detected - recompiling the module!
[INFO] Compiling 1 source file to /app/target/test-classes
[INFO] 
[INFO] --- maven-surefire-plugin:2.22.2:test (default-test) @ NewSpringAuthorizationServer ---
[INFO] 
[INFO] -------------------------------------------------------
[INFO]  T E S T S
[INFO] -------------------------------------------------------
[INFO] Running com.appsdeveloperblog.photoapp.oauthserver.NewSpringAuthorizationServerApplicationTests
02:18:13.376 [main] DEBUG org.springframework.test.context.BootstrapUtils - Instantiating CacheAwareContextLoaderDelegate from class [org.springframework.test.context.cache.DefaultCacheAwareContextLoaderDelegate]
02:18:13.388 [main] DEBUG org.springframework.test.context.BootstrapUtils - Instantiating BootstrapContext using constructor [public org.springframework.test.context.support.DefaultBootstrapContext(java.lang.Class,org.springframework.test.context.CacheAwareContextLoaderDelegate)]
02:18:13.438 [main] DEBUG org.springframework.test.context.BootstrapUtils - Instantiating TestContextBootstrapper for test class [com.appsdeveloperblog.photoapp.oauthserver.NewSpringAuthorizationServerApplicationTests] from class [org.springframework.boot.test.context.SpringBootTestContextBootstrapper]
02:18:13.453 [main] INFO org.springframework.boot.test.context.SpringBootTestContextBootstrapper - Neither @ContextConfiguration nor @ContextHierarchy found for test class [com.appsdeveloperblog.photoapp.oauthserver.NewSpringAuthorizationServerApplicationTests], using SpringBootContextLoader
02:18:13.459 [main] DEBUG org.springframework.test.context.support.AbstractContextLoader - Did not detect default resource location for test class [com.appsdeveloperblog.photoapp.oauthserver.NewSpringAuthorizationServerApplicationTests]: class path resource [com/appsdeveloperblog/photoapp/oauthserver/NewSpringAuthorizationServerApplicationTests-context.xml] does not exist
02:18:13.460 [main] DEBUG org.springframework.test.context.support.AbstractContextLoader - Did not detect default resource location for test class [com.appsdeveloperblog.photoapp.oauthserver.NewSpringAuthorizationServerApplicationTests]: class path resource [com/appsdeveloperblog/photoapp/oauthserver/NewSpringAuthorizationServerApplicationTestsContext.groovy] does not exist
02:18:13.460 [main] INFO org.springframework.test.context.support.AbstractContextLoader - Could not detect default resource locations for test class [com.appsdeveloperblog.photoapp.oauthserver.NewSpringAuthorizationServerApplicationTests]: no resource found for suffixes {-context.xml, Context.groovy}.
02:18:13.461 [main] INFO org.springframework.test.context.support.AnnotationConfigContextLoaderUtils - Could not detect default configuration classes for test class [com.appsdeveloperblog.photoapp.oauthserver.NewSpringAuthorizationServerApplicationTests]: NewSpringAuthorizationServerApplicationTests does not declare any static, non-private, non-final, nested classes annotated with @Configuration.
02:18:13.509 [main] DEBUG org.springframework.test.context.support.ActiveProfilesUtils - Could not find an 'annotation declaring class' for annotation type [org.springframework.test.context.ActiveProfiles] and class [com.appsdeveloperblog.photoapp.oauthserver.NewSpringAuthorizationServerApplicationTests]
02:18:13.586 [main] DEBUG org.springframework.context.annotation.ClassPathScanningCandidateComponentProvider - Identified candidate component class: file [/app/target/classes/com/appsdeveloperblog/photoapp/oauthserver/NewSpringAuthorizationServerApplication.class]
02:18:13.592 [main] INFO org.springframework.boot.test.context.SpringBootTestContextBootstrapper - Found @SpringBootConfiguration com.appsdeveloperblog.photoapp.oauthserver.NewSpringAuthorizationServerApplication for test class com.appsdeveloperblog.photoapp.oauthserver.NewSpringAuthorizationServerApplicationTests
02:18:13.701 [main] DEBUG org.springframework.boot.test.context.SpringBootTestContextBootstrapper - @TestExecutionListeners is not present for class [com.appsdeveloperblog.photoapp.oauthserver.NewSpringAuthorizationServerApplicationTests]: using defaults.
02:18:13.702 [main] INFO org.springframework.boot.test.context.SpringBootTestContextBootstrapper - Loaded default TestExecutionListener class names from location [META-INF/spring.factories]: [org.springframework.boot.test.mock.mockito.MockitoTestExecutionListener, org.springframework.boot.test.mock.mockito.ResetMocksTestExecutionListener, org.springframework.boot.test.autoconfigure.restdocs.RestDocsTestExecutionListener, org.springframework.boot.test.autoconfigure.web.client.MockRestServiceServerResetTestExecutionListener, org.springframework.boot.test.autoconfigure.web.servlet.MockMvcPrintOnlyOnFailureTestExecutionListener, org.springframework.boot.test.autoconfigure.web.servlet.WebDriverTestExecutionListener, org.springframework.boot.test.autoconfigure.webservices.client.MockWebServiceServerTestExecutionListener, org.springframework.test.context.web.ServletTestExecutionListener, org.springframework.test.context.support.DirtiesContextBeforeModesTestExecutionListener, org.springframework.test.context.event.ApplicationEventsTestExecutionListener, org.springframework.test.context.support.DependencyInjectionTestExecutionListener, org.springframework.test.context.support.DirtiesContextTestExecutionListener, org.springframework.test.context.transaction.TransactionalTestExecutionListener, org.springframework.test.context.jdbc.SqlScriptsTestExecutionListener, org.springframework.test.context.event.EventPublishingTestExecutionListener, org.springframework.security.test.context.support.WithSecurityContextTestExecutionListener, org.springframework.security.test.context.support.ReactorContextTestExecutionListener]
02:18:13.718 [main] DEBUG org.springframework.boot.test.context.SpringBootTestContextBootstrapper - Skipping candidate TestExecutionListener [org.springframework.test.context.transaction.TransactionalTestExecutionListener] due to a missing dependency. Specify custom listener classes or make the default listener classes and their required dependencies available. Offending class: [org/springframework/transaction/interceptor/TransactionAttributeSource]
02:18:13.718 [main] DEBUG org.springframework.boot.test.context.SpringBootTestContextBootstrapper - Skipping candidate TestExecutionListener [org.springframework.test.context.jdbc.SqlScriptsTestExecutionListener] due to a missing dependency. Specify custom listener classes or make the default listener classes and their required dependencies available. Offending class: [org/springframework/transaction/interceptor/TransactionAttribute]
02:18:13.719 [main] INFO org.springframework.boot.test.context.SpringBootTestContextBootstrapper - Using TestExecutionListeners: [org.springframework.test.context.web.ServletTestExecutionListener@77998ea7, org.springframework.test.context.support.DirtiesContextBeforeModesTestExecutionListener@252d8df6, org.springframework.test.context.event.ApplicationEventsTestExecutionListener@36638b59, org.springframework.boot.test.mock.mockito.MockitoTestExecutionListener@2f8f40cc, org.springframework.boot.test.autoconfigure.SpringBootDependencyInjectionTestExecutionListener@14d81f2c, org.springframework.test.context.support.DirtiesContextTestExecutionListener@5dd3727c, org.springframework.test.context.event.EventPublishingTestExecutionListener@774013dc, org.springframework.security.test.context.support.WithSecurityContextTestExecutionListener@229cb4d8, org.springframework.security.test.context.support.ReactorContextTestExecutionListener@76e9eed8, org.springframework.boot.test.mock.mockito.ResetMocksTestExecutionListener@30ef32eb, org.springframework.boot.test.autoconfigure.restdocs.RestDocsTestExecutionListener@474619d9, org.springframework.boot.test.autoconfigure.web.client.MockRestServiceServerResetTestExecutionListener@bb5f9d, org.springframework.boot.test.autoconfigure.web.servlet.MockMvcPrintOnlyOnFailureTestExecutionListener@391dfe7c, org.springframework.boot.test.autoconfigure.web.servlet.WebDriverTestExecutionListener@702cfbde, org.springframework.boot.test.autoconfigure.webservices.client.MockWebServiceServerTestExecutionListener@7d3bcd3]
02:18:13.724 [main] DEBUG org.springframework.test.context.support.AbstractDirtiesContextTestExecutionListener - Before test class: context [DefaultTestContext@19739906 testClass = NewSpringAuthorizationServerApplicationTests, testInstance = [null], testMethod = [null], testException = [null], mergedContextConfiguration = [WebMergedContextConfiguration@65503a26 testClass = NewSpringAuthorizationServerApplicationTests, locations = '{}', classes = '{class com.appsdeveloperblog.photoapp.oauthserver.NewSpringAuthorizationServerApplication}', contextInitializerClasses = '[]', activeProfiles = '{}', propertySourceLocations = '{}', propertySourceProperties = '{org.springframework.boot.test.context.SpringBootTestContextBootstrapper=true}', contextCustomizers = set[org.springframework.boot.test.context.filter.ExcludeFilterContextCustomizer@4214ae8f, org.springframework.boot.test.json.DuplicateJsonObjectContextCustomizerFactory$DuplicateJsonObjectContextCustomizer@6975fb1c, org.springframework.boot.test.mock.mockito.MockitoContextCustomizer@0, org.springframework.boot.test.web.client.TestRestTemplateContextCustomizer@4f486211, org.springframework.boot.test.autoconfigure.actuate.metrics.MetricsExportContextCustomizerFactory$DisableMetricExportContextCustomizer@6adc5b9c, org.springframework.boot.test.autoconfigure.properties.PropertyMappingContextCustomizer@0, org.springframework.boot.test.autoconfigure.web.servlet.WebDriverContextCustomizerFactory$Customizer@4fc165f6, org.springframework.boot.test.context.SpringBootTestArgs@1, org.springframework.boot.test.context.SpringBootTestWebEnvironment@72a85671], resourceBasePath = 'src/main/webapp', contextLoader = 'org.springframework.boot.test.context.SpringBootContextLoader', parent = [null]], attributes = map['org.springframework.test.context.web.ServletTestExecutionListener.activateListener' -> true]], class annotated with @DirtiesContext [false] with mode [null].

  .   ____          _            __ _ _
 /\\ / ___'_ __ _ _(_)_ __  __ _ \ \ \ \
( ( )\___ | '_ | '_| | '_ \/ _` | \ \ \ \
 \\/  ___)| |_)| | | | | || (_| |  ) ) ) )
  '  |____| .__|_| |_|_| |_\__, | / / / /
 =========|_|==============|___/=/_/_/_/
 :: Spring Boot ::                (v2.6.4)

2026-04-08 02:18:14.056  INFO 69 --- [           main] pringAuthorizationServerApplicationTests : Starting NewSpringAuthorizationServerApplicationTests using Java 11.0.16 on c891f2e149ac with PID 69 (started by root in /app)
2026-04-08 02:18:14.058  INFO 69 --- [           main] pringAuthorizationServerApplicationTests : No active profile set, falling back to 1 default profile: "default"
2026-04-08 02:18:15.488  INFO 69 --- [           main] o.s.s.web.DefaultSecurityFilterChain     : Will not secure org.springframework.security.config.annotation.web.configurers.oauth2.server.authorization.OAuth2AuthorizationServerConfigurer$$Lambda$701/0x00000008403a4840@5b8bc51b
2026-04-08 02:18:15.539  INFO 69 --- [           main] o.s.s.web.DefaultSecurityFilterChain     : Will not secure any request
2026-04-08 02:18:16.048  INFO 69 --- [           main] pringAuthorizationServerApplicationTests : Started NewSpringAuthorizationServerApplicationTests in 2.283 seconds (JVM running for 3.331)
[INFO] Tests run: 1, Failures: 0, Errors: 0, Skipped: 0, Time elapsed: 3.029 s - in com.appsdeveloperblog.photoapp.oauthserver.NewSpringAuthorizationServerApplicationTests
[INFO] 
[INFO] Results:
[INFO] 
[INFO] Tests run: 1, Failures: 0, Errors: 0, Skipped: 0
[INFO] 
[INFO] 
[INFO] --- jacoco-maven-plugin:0.8.11:report (report) @ NewSpringAuthorizationServer ---
[INFO] Loading execution data file /app/target/jacoco.exec
[INFO] Analyzed bundle 'NewSpringAuthorizationServer' with 3 classes
[INFO] 
[INFO] --- jacoco-maven-plugin:0.8.11:report (default-cli) @ NewSpringAuthorizationServer ---
[INFO] Loading execution data file /app/target/jacoco.exec
[INFO] Analyzed bundle 'NewSpringAuthorizationServer' with 3 classes
[INFO] ------------------------------------------------------------------------
[INFO] BUILD SUCCESS
[INFO] ------------------------------------------------------------------------
[INFO] Total time:  5.696 s
[INFO] Finished at: 2026-04-08T02:18:16Z
[INFO] ------------------------------------------------------------------------
