[INFO] Scanning for projects...
[INFO] 
[INFO] ------------------< com.example:spring-boot-keycloak >------------------
[INFO] Building spring-boot-keycloak 1.0.0
[INFO] --------------------------------[ jar ]---------------------------------
[INFO] 
[INFO] --- maven-clean-plugin:3.1.0:clean (default-clean) @ spring-boot-keycloak ---
[INFO] Deleting /app/target
[INFO] 
[INFO] --- jacoco-maven-plugin:0.8.11:prepare-agent (default) @ spring-boot-keycloak ---
[INFO] argLine set to -javaagent:/root/.m2/repository/org/jacoco/org.jacoco.agent/0.8.11/org.jacoco.agent-0.8.11-runtime.jar=destfile=/app/target/jacoco.exec
[INFO] 
[INFO] --- maven-resources-plugin:3.2.0:resources (default-resources) @ spring-boot-keycloak ---
[INFO] Using 'UTF-8' encoding to copy filtered resources.
[INFO] Using 'UTF-8' encoding to copy filtered properties files.
[INFO] Copying 1 resource
[INFO] Copying 0 resource
[INFO] 
[INFO] --- maven-compiler-plugin:3.8.1:compile (default-compile) @ spring-boot-keycloak ---
[INFO] Changes detected - recompiling the module!
[INFO] Compiling 7 source files to /app/target/classes
[INFO] 
[INFO] --- build-helper-maven-plugin:3.3.0:add-test-source (add-kex-test-source) @ spring-boot-keycloak ---
[INFO] Test Source directory: /app/src/test/java/kex-tests added.
[INFO] 
[INFO] --- maven-resources-plugin:3.2.0:testResources (default-testResources) @ spring-boot-keycloak ---
[INFO] Using 'UTF-8' encoding to copy filtered resources.
[INFO] Using 'UTF-8' encoding to copy filtered properties files.
[INFO] skip non existing resourceDirectory /app/src/test/resources
[INFO] 
[INFO] --- maven-compiler-plugin:3.8.1:testCompile (default-testCompile) @ spring-boot-keycloak ---
[INFO] Changes detected - recompiling the module!
[INFO] Compiling 64 source files to /app/target/test-classes
[WARNING] /app/src/test/java/kex-tests/tests/com/mozen/springbootkeycloack/model/ReflectionUtils.java:[9,16] sun.misc.Unsafe is internal proprietary API and may be removed in a future release
[WARNING] /app/src/test/java/kex-tests/tests/com/mozen/springbootkeycloack/controller/ReflectionUtils.java:[9,16] sun.misc.Unsafe is internal proprietary API and may be removed in a future release
[WARNING] /app/src/test/java/kex-tests/tests/com/mozen/springbootkeycloack/service/ReflectionUtils.java:[9,16] sun.misc.Unsafe is internal proprietary API and may be removed in a future release
[WARNING] /app/src/test/java/kex-tests/tests/com/mozen/springbootkeycloack/ReflectionUtils.java:[9,16] sun.misc.Unsafe is internal proprietary API and may be removed in a future release
[WARNING] /app/src/test/java/kex-tests/tests/com/mozen/springbootkeycloack/model/ReflectionUtils.java:[9,16] sun.misc.Unsafe is internal proprietary API and may be removed in a future release
[WARNING] /app/src/test/java/kex-tests/tests/com/mozen/springbootkeycloack/controller/ReflectionUtils.java:[9,16] sun.misc.Unsafe is internal proprietary API and may be removed in a future release
[WARNING] /app/src/test/java/kex-tests/tests/com/mozen/springbootkeycloack/service/ReflectionUtils.java:[9,16] sun.misc.Unsafe is internal proprietary API and may be removed in a future release
[WARNING] /app/src/test/java/kex-tests/tests/com/mozen/springbootkeycloack/ReflectionUtils.java:[9,16] sun.misc.Unsafe is internal proprietary API and may be removed in a future release
[WARNING] /app/src/test/java/kex-tests/tests/com/mozen/springbootkeycloack/model/ReflectionUtils.java:[9,16] sun.misc.Unsafe is internal proprietary API and may be removed in a future release
[WARNING] /app/src/test/java/kex-tests/tests/com/mozen/springbootkeycloack/controller/ReflectionUtils.java:[9,16] sun.misc.Unsafe is internal proprietary API and may be removed in a future release
[WARNING] /app/src/test/java/kex-tests/tests/com/mozen/springbootkeycloack/service/ReflectionUtils.java:[9,16] sun.misc.Unsafe is internal proprietary API and may be removed in a future release
[WARNING] /app/src/test/java/kex-tests/tests/com/mozen/springbootkeycloack/ReflectionUtils.java:[9,16] sun.misc.Unsafe is internal proprietary API and may be removed in a future release
[WARNING] /app/src/test/java/kex-tests/tests/com/mozen/springbootkeycloack/model/ReflectionUtils.java:[9,16] sun.misc.Unsafe is internal proprietary API and may be removed in a future release
[WARNING] /app/src/test/java/kex-tests/tests/com/mozen/springbootkeycloack/controller/ReflectionUtils.java:[9,16] sun.misc.Unsafe is internal proprietary API and may be removed in a future release
[WARNING] /app/src/test/java/kex-tests/tests/com/mozen/springbootkeycloack/service/ReflectionUtils.java:[9,16] sun.misc.Unsafe is internal proprietary API and may be removed in a future release
[WARNING] /app/src/test/java/kex-tests/tests/com/mozen/springbootkeycloack/ReflectionUtils.java:[9,16] sun.misc.Unsafe is internal proprietary API and may be removed in a future release
[WARNING] /app/src/test/java/kex-tests/tests/com/mozen/springbootkeycloack/model/ReflectionUtils.java:[9,16] sun.misc.Unsafe is internal proprietary API and may be removed in a future release
[WARNING] /app/src/test/java/kex-tests/tests/com/mozen/springbootkeycloack/controller/ReflectionUtils.java:[9,16] sun.misc.Unsafe is internal proprietary API and may be removed in a future release
[WARNING] /app/src/test/java/kex-tests/tests/com/mozen/springbootkeycloack/service/ReflectionUtils.java:[9,16] sun.misc.Unsafe is internal proprietary API and may be removed in a future release
[WARNING] /app/src/test/java/kex-tests/tests/com/mozen/springbootkeycloack/ReflectionUtils.java:[9,16] sun.misc.Unsafe is internal proprietary API and may be removed in a future release
[WARNING] /app/src/test/java/kex-tests/tests/com/mozen/springbootkeycloack/model/ReflectionUtils.java:[13,25] sun.misc.Unsafe is internal proprietary API and may be removed in a future release
[WARNING] /app/src/test/java/kex-tests/tests/com/mozen/springbootkeycloack/model/ReflectionUtils.java:[13,25] sun.misc.Unsafe is internal proprietary API and may be removed in a future release
[WARNING] /app/src/test/java/kex-tests/tests/com/mozen/springbootkeycloack/model/ReflectionUtils.java:[13,25] sun.misc.Unsafe is internal proprietary API and may be removed in a future release
[WARNING] /app/src/test/java/kex-tests/tests/com/mozen/springbootkeycloack/model/ReflectionUtils.java:[13,25] sun.misc.Unsafe is internal proprietary API and may be removed in a future release
[WARNING] /app/src/test/java/kex-tests/tests/com/mozen/springbootkeycloack/model/ReflectionUtils.java:[13,25] sun.misc.Unsafe is internal proprietary API and may be removed in a future release
[WARNING] /app/src/test/java/kex-tests/tests/com/mozen/springbootkeycloack/model/ReflectionUtils.java:[17,31] sun.misc.Unsafe is internal proprietary API and may be removed in a future release
[WARNING] /app/src/test/java/kex-tests/tests/com/mozen/springbootkeycloack/model/ReflectionUtils.java:[19,23] sun.misc.Unsafe is internal proprietary API and may be removed in a future release
[WARNING] /app/src/test/java/kex-tests/tests/com/mozen/springbootkeycloack/controller/ReflectionUtils.java:[13,25] sun.misc.Unsafe is internal proprietary API and may be removed in a future release
[WARNING] /app/src/test/java/kex-tests/tests/com/mozen/springbootkeycloack/controller/ReflectionUtils.java:[13,25] sun.misc.Unsafe is internal proprietary API and may be removed in a future release
[WARNING] /app/src/test/java/kex-tests/tests/com/mozen/springbootkeycloack/controller/ReflectionUtils.java:[13,25] sun.misc.Unsafe is internal proprietary API and may be removed in a future release
[WARNING] /app/src/test/java/kex-tests/tests/com/mozen/springbootkeycloack/controller/ReflectionUtils.java:[13,25] sun.misc.Unsafe is internal proprietary API and may be removed in a future release
[WARNING] /app/src/test/java/kex-tests/tests/com/mozen/springbootkeycloack/controller/ReflectionUtils.java:[13,25] sun.misc.Unsafe is internal proprietary API and may be removed in a future release
[WARNING] /app/src/test/java/kex-tests/tests/com/mozen/springbootkeycloack/controller/ReflectionUtils.java:[17,31] sun.misc.Unsafe is internal proprietary API and may be removed in a future release
[WARNING] /app/src/test/java/kex-tests/tests/com/mozen/springbootkeycloack/controller/ReflectionUtils.java:[19,23] sun.misc.Unsafe is internal proprietary API and may be removed in a future release
[WARNING] /app/src/test/java/kex-tests/tests/com/mozen/springbootkeycloack/service/ReflectionUtils.java:[13,25] sun.misc.Unsafe is internal proprietary API and may be removed in a future release
[WARNING] /app/src/test/java/kex-tests/tests/com/mozen/springbootkeycloack/service/ReflectionUtils.java:[13,25] sun.misc.Unsafe is internal proprietary API and may be removed in a future release
[WARNING] /app/src/test/java/kex-tests/tests/com/mozen/springbootkeycloack/service/ReflectionUtils.java:[13,25] sun.misc.Unsafe is internal proprietary API and may be removed in a future release
[WARNING] /app/src/test/java/kex-tests/tests/com/mozen/springbootkeycloack/service/ReflectionUtils.java:[13,25] sun.misc.Unsafe is internal proprietary API and may be removed in a future release
[WARNING] /app/src/test/java/kex-tests/tests/com/mozen/springbootkeycloack/service/ReflectionUtils.java:[13,25] sun.misc.Unsafe is internal proprietary API and may be removed in a future release
[WARNING] /app/src/test/java/kex-tests/tests/com/mozen/springbootkeycloack/service/ReflectionUtils.java:[17,31] sun.misc.Unsafe is internal proprietary API and may be removed in a future release
[WARNING] /app/src/test/java/kex-tests/tests/com/mozen/springbootkeycloack/service/ReflectionUtils.java:[19,23] sun.misc.Unsafe is internal proprietary API and may be removed in a future release
[WARNING] /app/src/test/java/kex-tests/tests/com/mozen/springbootkeycloack/ReflectionUtils.java:[13,25] sun.misc.Unsafe is internal proprietary API and may be removed in a future release
[WARNING] /app/src/test/java/kex-tests/tests/com/mozen/springbootkeycloack/ReflectionUtils.java:[13,25] sun.misc.Unsafe is internal proprietary API and may be removed in a future release
[WARNING] /app/src/test/java/kex-tests/tests/com/mozen/springbootkeycloack/ReflectionUtils.java:[13,25] sun.misc.Unsafe is internal proprietary API and may be removed in a future release
[WARNING] /app/src/test/java/kex-tests/tests/com/mozen/springbootkeycloack/ReflectionUtils.java:[13,25] sun.misc.Unsafe is internal proprietary API and may be removed in a future release
[WARNING] /app/src/test/java/kex-tests/tests/com/mozen/springbootkeycloack/ReflectionUtils.java:[13,25] sun.misc.Unsafe is internal proprietary API and may be removed in a future release
[WARNING] /app/src/test/java/kex-tests/tests/com/mozen/springbootkeycloack/ReflectionUtils.java:[17,31] sun.misc.Unsafe is internal proprietary API and may be removed in a future release
[WARNING] /app/src/test/java/kex-tests/tests/com/mozen/springbootkeycloack/ReflectionUtils.java:[19,23] sun.misc.Unsafe is internal proprietary API and may be removed in a future release
[INFO] /app/src/test/java/kex-tests/tests/com/mozen/springbootkeycloack/model/Plant_hashCode_180491299517.java: Some input files use or override a deprecated API.
[INFO] /app/src/test/java/kex-tests/tests/com/mozen/springbootkeycloack/model/Plant_hashCode_180491299517.java: Recompile with -Xlint:deprecation for details.
[INFO] 
[INFO] --- maven-surefire-plugin:2.22.2:test (default-test) @ spring-boot-keycloak ---
[INFO] 
[INFO] -------------------------------------------------------
[INFO]  T E S T S
[INFO] -------------------------------------------------------
[INFO] Running com.mozen.springbootkeycloack.model.Plant_hashCode_180491299531
[INFO] Tests run: 1, Failures: 0, Errors: 0, Skipped: 0, Time elapsed: 0.014 s - in com.mozen.springbootkeycloack.model.Plant_hashCode_180491299531
[INFO] Running com.mozen.springbootkeycloack.model.Plant_canEqual_55206369130
[INFO] Tests run: 1, Failures: 0, Errors: 0, Skipped: 0, Time elapsed: 0 s - in com.mozen.springbootkeycloack.model.Plant_canEqual_55206369130
[INFO] Running com.mozen.springbootkeycloack.model.Plant_setId_19851836857
[INFO] Tests run: 1, Failures: 0, Errors: 0, Skipped: 0, Time elapsed: 0 s - in com.mozen.springbootkeycloack.model.Plant_setId_19851836857
[INFO] Running com.mozen.springbootkeycloack.model.Plant_getFamily_122529075121
[INFO] Tests run: 1, Failures: 0, Errors: 0, Skipped: 0, Time elapsed: 0 s - in com.mozen.springbootkeycloack.model.Plant_getFamily_122529075121
[INFO] Running com.mozen.springbootkeycloack.model.Plant_hashCode_180491299515
[INFO] Tests run: 1, Failures: 0, Errors: 0, Skipped: 0, Time elapsed: 0 s - in com.mozen.springbootkeycloack.model.Plant_hashCode_180491299515
[INFO] Running com.mozen.springbootkeycloack.model.Plant_init_57034298119
[INFO] Tests run: 1, Failures: 0, Errors: 0, Skipped: 0, Time elapsed: 0 s - in com.mozen.springbootkeycloack.model.Plant_init_57034298119
[INFO] Running com.mozen.springbootkeycloack.model.Plant_setFamily_62062306510
[INFO] Tests run: 1, Failures: 0, Errors: 0, Skipped: 0, Time elapsed: 0 s - in com.mozen.springbootkeycloack.model.Plant_setFamily_62062306510
[INFO] Running com.mozen.springbootkeycloack.model.Plant_setFamily_62062306528
[INFO] Tests run: 1, Failures: 0, Errors: 0, Skipped: 0, Time elapsed: 0 s - in com.mozen.springbootkeycloack.model.Plant_setFamily_62062306528
[INFO] Running com.mozen.springbootkeycloack.model.Plant_canEqual_55206369116
[INFO] Tests run: 1, Failures: 0, Errors: 0, Skipped: 0, Time elapsed: 0.001 s - in com.mozen.springbootkeycloack.model.Plant_canEqual_55206369116
[INFO] Running com.mozen.springbootkeycloack.model.Plant_toString_197929461112
[INFO] Tests run: 1, Failures: 0, Errors: 0, Skipped: 0, Time elapsed: 0 s - in com.mozen.springbootkeycloack.model.Plant_toString_197929461112
[INFO] Running com.mozen.springbootkeycloack.model.Plant_setScientificName_113647354525
[INFO] Tests run: 1, Failures: 0, Errors: 0, Skipped: 0, Time elapsed: 0 s - in com.mozen.springbootkeycloack.model.Plant_setScientificName_113647354525
[INFO] Running com.mozen.springbootkeycloack.model.Plant_setCreatedAt_140073951511
[INFO] Tests run: 1, Failures: 0, Errors: 0, Skipped: 0, Time elapsed: 0 s - in com.mozen.springbootkeycloack.model.Plant_setCreatedAt_140073951511
[INFO] Running com.mozen.springbootkeycloack.model.Plant_getScientificName_74570776122
[INFO] Tests run: 1, Failures: 0, Errors: 0, Skipped: 0, Time elapsed: 0 s - in com.mozen.springbootkeycloack.model.Plant_getScientificName_74570776122
[INFO] Running com.mozen.springbootkeycloack.model.Plant_init_143383876016
[INFO] Tests run: 1, Failures: 0, Errors: 0, Skipped: 0, Time elapsed: 0 s - in com.mozen.springbootkeycloack.model.Plant_init_143383876016
[INFO] Running com.mozen.springbootkeycloack.model.Plant_toString_197929461128
[INFO] Tests run: 1, Failures: 0, Errors: 0, Skipped: 0, Time elapsed: 0 s - in com.mozen.springbootkeycloack.model.Plant_toString_197929461128
[INFO] Running com.mozen.springbootkeycloack.model.Plant_toString_197929461114
[INFO] Tests run: 1, Failures: 0, Errors: 0, Skipped: 0, Time elapsed: 0 s - in com.mozen.springbootkeycloack.model.Plant_toString_197929461114
[INFO] Running com.mozen.springbootkeycloack.model.Plant_setName_17275538568
[INFO] Tests run: 1, Failures: 0, Errors: 0, Skipped: 0, Time elapsed: 0 s - in com.mozen.springbootkeycloack.model.Plant_setName_17275538568
[INFO] Running com.mozen.springbootkeycloack.model.Plant_getCreatedAt_39274350122
[INFO] Tests run: 1, Failures: 0, Errors: 0, Skipped: 0, Time elapsed: 0 s - in com.mozen.springbootkeycloack.model.Plant_getCreatedAt_39274350122
[INFO] Running com.mozen.springbootkeycloack.model.Plant_init_57034298117
[INFO] Tests run: 1, Failures: 0, Errors: 0, Skipped: 0, Time elapsed: 0 s - in com.mozen.springbootkeycloack.model.Plant_init_57034298117
[INFO] Running com.mozen.springbootkeycloack.model.Plant_setScientificName_11364735459
[INFO] Tests run: 1, Failures: 0, Errors: 0, Skipped: 0, Time elapsed: 0 s - in com.mozen.springbootkeycloack.model.Plant_setScientificName_11364735459
[INFO] Running com.mozen.springbootkeycloack.model.Plant_getScientificName_7457077614
[INFO] Tests run: 1, Failures: 0, Errors: 0, Skipped: 0, Time elapsed: 0 s - in com.mozen.springbootkeycloack.model.Plant_getScientificName_7457077614
[INFO] Running com.mozen.springbootkeycloack.model.Plant_setId_198518368525
[INFO] Tests run: 1, Failures: 0, Errors: 0, Skipped: 0, Time elapsed: 0 s - in com.mozen.springbootkeycloack.model.Plant_setId_198518368525
[INFO] Running com.mozen.springbootkeycloack.model.Plant_setScientificName_113647354527
[INFO] Tests run: 1, Failures: 0, Errors: 0, Skipped: 0, Time elapsed: 0 s - in com.mozen.springbootkeycloack.model.Plant_setScientificName_113647354527
[INFO] Running com.mozen.springbootkeycloack.model.Plant_hashCode_180491299517
[INFO] Tests run: 1, Failures: 0, Errors: 0, Skipped: 0, Time elapsed: 0 s - in com.mozen.springbootkeycloack.model.Plant_hashCode_180491299517
[INFO] Running com.mozen.springbootkeycloack.model.Plant_getCreatedAt_3927435016
[INFO] Tests run: 1, Failures: 0, Errors: 0, Skipped: 0, Time elapsed: 0 s - in com.mozen.springbootkeycloack.model.Plant_getCreatedAt_3927435016
[INFO] Running com.mozen.springbootkeycloack.model.Plant_setCreatedAt_140073951512
[INFO] Tests run: 1, Failures: 0, Errors: 0, Skipped: 0, Time elapsed: 0 s - in com.mozen.springbootkeycloack.model.Plant_setCreatedAt_140073951512
[INFO] Running com.mozen.springbootkeycloack.model.Plant_setFamily_62062306526
[INFO] Tests run: 1, Failures: 0, Errors: 0, Skipped: 0, Time elapsed: 0 s - in com.mozen.springbootkeycloack.model.Plant_setFamily_62062306526
[INFO] Running com.mozen.springbootkeycloack.model.Plant_toString_197929461113
[INFO] Tests run: 1, Failures: 0, Errors: 0, Skipped: 0, Time elapsed: 0 s - in com.mozen.springbootkeycloack.model.Plant_toString_197929461113
[INFO] Running com.mozen.springbootkeycloack.model.Plant_getScientificName_74570776120
[INFO] Tests run: 1, Failures: 0, Errors: 0, Skipped: 0, Time elapsed: 0 s - in com.mozen.springbootkeycloack.model.Plant_getScientificName_74570776120
[INFO] Running com.mozen.springbootkeycloack.model.Plant_getFamily_122529075123
[INFO] Tests run: 1, Failures: 0, Errors: 0, Skipped: 0, Time elapsed: 0.001 s - in com.mozen.springbootkeycloack.model.Plant_getFamily_122529075123
[INFO] Running com.mozen.springbootkeycloack.model.Plant_canEqual_55206369114
[INFO] Tests run: 1, Failures: 0, Errors: 0, Skipped: 0, Time elapsed: 0 s - in com.mozen.springbootkeycloack.model.Plant_canEqual_55206369114
[INFO] Running com.mozen.springbootkeycloack.model.Plant_equals_135622632029
[INFO] Tests run: 1, Failures: 0, Errors: 0, Skipped: 0, Time elapsed: 0.001 s - in com.mozen.springbootkeycloack.model.Plant_equals_135622632029
[INFO] Running com.mozen.springbootkeycloack.model.Plant_getCreatedAt_39274350124
[INFO] Tests run: 1, Failures: 0, Errors: 0, Skipped: 0, Time elapsed: 0 s - in com.mozen.springbootkeycloack.model.Plant_getCreatedAt_39274350124
[INFO] Running com.mozen.springbootkeycloack.model.Plant_setName_172755385624
[INFO] Tests run: 1, Failures: 0, Errors: 0, Skipped: 0, Time elapsed: 0 s - in com.mozen.springbootkeycloack.model.Plant_setName_172755385624
[INFO] Running com.mozen.springbootkeycloack.model.Plant_setId_198518368523
[INFO] Tests run: 1, Failures: 0, Errors: 0, Skipped: 0, Time elapsed: 0 s - in com.mozen.springbootkeycloack.model.Plant_setId_198518368523
[INFO] Running com.mozen.springbootkeycloack.model.Plant_init_14338387600
[INFO] Tests run: 1, Failures: 0, Errors: 0, Skipped: 0, Time elapsed: 0 s - in com.mozen.springbootkeycloack.model.Plant_init_14338387600
[INFO] Running com.mozen.springbootkeycloack.model.Plant_equals_135622632013
[INFO] Tests run: 1, Failures: 0, Errors: 0, Skipped: 0, Time elapsed: 0 s - in com.mozen.springbootkeycloack.model.Plant_equals_135622632013
[INFO] Running com.mozen.springbootkeycloack.model.Plant_getName_84753687221
[INFO] Tests run: 1, Failures: 0, Errors: 0, Skipped: 0, Time elapsed: 0 s - in com.mozen.springbootkeycloack.model.Plant_getName_84753687221
[INFO] Running com.mozen.springbootkeycloack.model.Plant_setCreatedAt_140073951527
[INFO] Tests run: 1, Failures: 0, Errors: 0, Skipped: 0, Time elapsed: 0 s - in com.mozen.springbootkeycloack.model.Plant_setCreatedAt_140073951527
[INFO] Running com.mozen.springbootkeycloack.model.Plant_getId_18797418532
[INFO] Tests run: 1, Failures: 0, Errors: 0, Skipped: 0, Time elapsed: 0 s - in com.mozen.springbootkeycloack.model.Plant_getId_18797418532
[INFO] Running com.mozen.springbootkeycloack.model.Plant_getName_84753687219
[INFO] Tests run: 1, Failures: 0, Errors: 0, Skipped: 0, Time elapsed: 0.001 s - in com.mozen.springbootkeycloack.model.Plant_getName_84753687219
[INFO] Running com.mozen.springbootkeycloack.model.Plant_getId_187974185318
[INFO] Tests run: 1, Failures: 0, Errors: 0, Skipped: 0, Time elapsed: 0 s - in com.mozen.springbootkeycloack.model.Plant_getId_187974185318
[INFO] Running com.mozen.springbootkeycloack.model.Plant_getName_8475368723
[INFO] Tests run: 1, Failures: 0, Errors: 0, Skipped: 0, Time elapsed: 0 s - in com.mozen.springbootkeycloack.model.Plant_getName_8475368723
[INFO] Running com.mozen.springbootkeycloack.model.Plant_init_143383876018
[INFO] Tests run: 1, Failures: 0, Errors: 0, Skipped: 0, Time elapsed: 0 s - in com.mozen.springbootkeycloack.model.Plant_init_143383876018
[INFO] Running com.mozen.springbootkeycloack.model.Plant_init_5703429811
[INFO] Tests run: 1, Failures: 0, Errors: 0, Skipped: 0, Time elapsed: 0.001 s - in com.mozen.springbootkeycloack.model.Plant_init_5703429811
[INFO] Running com.mozen.springbootkeycloack.model.Plant_equals_135622632015
[INFO] Tests run: 1, Failures: 0, Errors: 0, Skipped: 0, Time elapsed: 0 s - in com.mozen.springbootkeycloack.model.Plant_equals_135622632015
[INFO] Running com.mozen.springbootkeycloack.model.Plant_setName_172755385626
[INFO] Tests run: 1, Failures: 0, Errors: 0, Skipped: 0, Time elapsed: 0 s - in com.mozen.springbootkeycloack.model.Plant_setName_172755385626
[INFO] Running com.mozen.springbootkeycloack.model.Plant_getFamily_12252907515
[INFO] Tests run: 1, Failures: 0, Errors: 0, Skipped: 0, Time elapsed: 0 s - in com.mozen.springbootkeycloack.model.Plant_getFamily_12252907515
[INFO] Running com.mozen.springbootkeycloack.model.Plant_getId_187974185320
[INFO] Tests run: 1, Failures: 0, Errors: 0, Skipped: 0, Time elapsed: 0 s - in com.mozen.springbootkeycloack.model.Plant_getId_187974185320
[INFO] Running com.mozen.springbootkeycloack.controller.PlantController_getPlant_5683039291
13:11:49.858 [Time-limited test] INFO com.mozen.springbootkeycloack.controller.PlantController - Request for plant 2442117782898005296 received
[ERROR] Tests run: 1, Failures: 0, Errors: 1, Skipped: 0, Time elapsed: 0.041 s <<< FAILURE! - in com.mozen.springbootkeycloack.controller.PlantController_getPlant_5683039291
[ERROR] test  Time elapsed: 0.041 s  <<< ERROR!
java.lang.NullPointerException
	at com.mozen.springbootkeycloack.controller.PlantController_getPlant_5683039291.test(PlantController_getPlant_5683039291.java:48)

[INFO] Running com.mozen.springbootkeycloack.controller.PlantController_getPlant_5683039293
13:11:49.871 [Time-limited test] INFO com.mozen.springbootkeycloack.controller.PlantController - Request for plant null received
[ERROR] Tests run: 1, Failures: 0, Errors: 1, Skipped: 0, Time elapsed: 0 s <<< FAILURE! - in com.mozen.springbootkeycloack.controller.PlantController_getPlant_5683039293
[ERROR] test  Time elapsed: 0 s  <<< ERROR!
java.lang.NullPointerException
	at com.mozen.springbootkeycloack.controller.PlantController_getPlant_5683039293.test(PlantController_getPlant_5683039293.java:45)

[INFO] Running com.mozen.springbootkeycloack.controller.PlantController_init_20211008332
[INFO] Tests run: 1, Failures: 0, Errors: 0, Skipped: 0, Time elapsed: 0 s - in com.mozen.springbootkeycloack.controller.PlantController_init_20211008332
[INFO] Running com.mozen.springbootkeycloack.controller.PlantController_init_20211008330
[INFO] Tests run: 1, Failures: 0, Errors: 0, Skipped: 0, Time elapsed: 0.001 s - in com.mozen.springbootkeycloack.controller.PlantController_init_20211008330
[INFO] Running com.mozen.springbootkeycloack.Application_init_11118487710
[INFO] Tests run: 1, Failures: 0, Errors: 0, Skipped: 0, Time elapsed: 0.001 s - in com.mozen.springbootkeycloack.Application_init_11118487710
[INFO] Running com.mozen.springbootkeycloack.service.PlantService_getPlant_15303925190
[ERROR] Tests run: 1, Failures: 0, Errors: 1, Skipped: 0, Time elapsed: 0 s <<< FAILURE! - in com.mozen.springbootkeycloack.service.PlantService_getPlant_15303925190
[ERROR] test  Time elapsed: 0 s  <<< ERROR!
java.lang.NullPointerException
	at com.mozen.springbootkeycloack.service.PlantService_getPlant_15303925190.test(PlantService_getPlant_15303925190.java:45)

[INFO] Running com.mozen.springbootkeycloack.Application_init_11118487711
[INFO] Tests run: 1, Failures: 0, Errors: 0, Skipped: 0, Time elapsed: 0 s - in com.mozen.springbootkeycloack.Application_init_11118487711
[INFO] 
[INFO] Results:
[INFO] 
[ERROR] Errors: 
[ERROR]   PlantController_getPlant_5683039291.test:48 » NullPointer
[ERROR]   PlantController_getPlant_5683039293.test:45 » NullPointer
[ERROR]   PlantService_getPlant_15303925190.test:45 » NullPointer
[INFO] 
[ERROR] Tests run: 56, Failures: 0, Errors: 3, Skipped: 0
[INFO] 
[ERROR] There are test failures.

Please refer to /app/target/surefire-reports for the individual test results.
Please refer to dump files (if any exist) [date].dump, [date]-jvmRun[N].dump and [date].dumpstream.
[INFO] 
[INFO] --- jacoco-maven-plugin:0.8.11:report (report) @ spring-boot-keycloak ---
[INFO] Loading execution data file /app/target/jacoco.exec
[INFO] Analyzed bundle 'spring-boot-keycloak' with 6 classes
[INFO] 
[INFO] --- jacoco-maven-plugin:0.8.11:report (default-cli) @ spring-boot-keycloak ---
[INFO] Loading execution data file /app/target/jacoco.exec
[INFO] Analyzed bundle 'spring-boot-keycloak' with 6 classes
[INFO] ------------------------------------------------------------------------
[INFO] BUILD SUCCESS
[INFO] ------------------------------------------------------------------------
[INFO] Total time:  4.251 s
[INFO] Finished at: 2026-04-09T13:11:50Z
[INFO] ------------------------------------------------------------------------
