[INFO] Scanning for projects...
[INFO] 
[INFO] ----------------< de.gofabian:junit-fixture-extension >-----------------
[INFO] Building de.gofabian:junit-fixture-extension 0.1.1
[INFO] --------------------------------[ jar ]---------------------------------
[INFO] 
[INFO] --- maven-clean-plugin:2.5:clean (default-clean) @ junit-fixture-extension ---
[INFO] Deleting /app/target
[INFO] 
[INFO] --- jacoco-maven-plugin:0.8.11:prepare-agent (default) @ junit-fixture-extension ---
[INFO] argLine set to -javaagent:/root/.m2/repository/org/jacoco/org.jacoco.agent/0.8.11/org.jacoco.agent-0.8.11-runtime.jar=destfile=/app/target/jacoco.exec
[INFO] 
[INFO] --- maven-resources-plugin:2.6:resources (default-resources) @ junit-fixture-extension ---
[INFO] Using 'UTF-8' encoding to copy filtered resources.
[INFO] skip non existing resourceDirectory /app/src/main/resources
[INFO] 
[INFO] --- maven-compiler-plugin:3.8.1:compile (default-compile) @ junit-fixture-extension ---
[INFO] Changes detected - recompiling the module!
[INFO] Compiling 13 source files to /app/target/classes
[INFO] /app/src/main/java/de/gofabian/jfixture/FixtureExtension.java: /app/src/main/java/de/gofabian/jfixture/FixtureExtension.java uses unchecked or unsafe operations.
[INFO] /app/src/main/java/de/gofabian/jfixture/FixtureExtension.java: Recompile with -Xlint:unchecked for details.
[INFO] 
[INFO] --- build-helper-maven-plugin:3.3.0:add-test-source (add-kex-test-source) @ junit-fixture-extension ---
[INFO] Test Source directory: /app/src/test/java/kex-tests added.
[INFO] 
[INFO] --- maven-resources-plugin:2.6:testResources (default-testResources) @ junit-fixture-extension ---
[INFO] Using 'UTF-8' encoding to copy filtered resources.
[INFO] skip non existing resourceDirectory /app/src/test/resources
[INFO] 
[INFO] --- maven-compiler-plugin:3.8.1:testCompile (default-testCompile) @ junit-fixture-extension ---
[INFO] Changes detected - recompiling the module!
[INFO] Compiling 14 source files to /app/target/test-classes
[INFO] 
[INFO] --- maven-surefire-plugin:2.22.2:test (default-test) @ junit-fixture-extension ---
[INFO] 
[INFO] -------------------------------------------------------
[INFO]  T E S T S
[INFO] -------------------------------------------------------
[INFO] Running de.gofabian.jfixture.FixtureManagerTest
[INFO] Tests run: 3, Failures: 0, Errors: 0, Skipped: 0, Time elapsed: 0.056 s - in de.gofabian.jfixture.FixtureManagerTest
[INFO] Running de.gofabian.jfixture.integration.TearDownTest
[INFO] Tests run: 2, Failures: 0, Errors: 0, Skipped: 0, Time elapsed: 0.008 s - in de.gofabian.jfixture.integration.TearDownTest
[INFO] Running de.gofabian.jfixture.integration.AutoUseTest
[INFO] Tests run: 2, Failures: 0, Errors: 0, Skipped: 0, Time elapsed: 0.001 s - in de.gofabian.jfixture.integration.AutoUseTest
[INFO] Running de.gofabian.jfixture.integration.NestedClassTest
[INFO] Tests run: 1, Failures: 0, Errors: 0, Skipped: 0, Time elapsed: 0.006 s - in de.gofabian.jfixture.integration.NestedClassTest
[INFO] Running de.gofabian.jfixture.integration.FixtureDependenciesTest
[INFO] Tests run: 1, Failures: 0, Errors: 0, Skipped: 0, Time elapsed: 0.006 s - in de.gofabian.jfixture.integration.FixtureDependenciesTest
[INFO] Running de.gofabian.jfixture.integration.IdentifyByTypeAndNameTest
[INFO] Tests run: 1, Failures: 0, Errors: 0, Skipped: 0, Time elapsed: 0.001 s - in de.gofabian.jfixture.integration.IdentifyByTypeAndNameTest
[INFO] Running de.gofabian.jfixture.integration.FixtureInjectionTest
[INFO] Tests run: 1, Failures: 0, Errors: 0, Skipped: 0, Time elapsed: 0 s - in de.gofabian.jfixture.integration.FixtureInjectionTest
[INFO] Running de.gofabian.jfixture.integration.TearDownOrderTest
[INFO] Tests run: 3, Failures: 0, Errors: 0, Skipped: 0, Time elapsed: 0.005 s - in de.gofabian.jfixture.integration.TearDownOrderTest
[INFO] Running de.gofabian.jfixture.integration.LoadFixturesTest
[INFO] Tests run: 1, Failures: 0, Errors: 0, Skipped: 0, Time elapsed: 0.001 s - in de.gofabian.jfixture.integration.LoadFixturesTest
[INFO] Running de.gofabian.jfixture.FixtureLifecycleTest
[INFO] Tests run: 5, Failures: 0, Errors: 0, Skipped: 0, Time elapsed: 0.005 s - in de.gofabian.jfixture.FixtureLifecycleTest
[INFO] Running de.gofabian.jfixture.FixtureMethodParserTest
[INFO] Tests run: 10, Failures: 0, Errors: 0, Skipped: 0, Time elapsed: 0.009 s - in de.gofabian.jfixture.FixtureMethodParserTest
[INFO] Running de.gofabian.jfixture.FixtureDefinitionQueriesTest
[INFO] Tests run: 5, Failures: 0, Errors: 0, Skipped: 0, Time elapsed: 0.003 s - in de.gofabian.jfixture.FixtureDefinitionQueriesTest
[INFO] 
[INFO] Results:
[INFO] 
[INFO] Tests run: 35, Failures: 0, Errors: 0, Skipped: 0
[INFO] 
[INFO] 
[INFO] --- jacoco-maven-plugin:0.8.11:report (report) @ junit-fixture-extension ---
[INFO] Loading execution data file /app/target/jacoco.exec
[INFO] Analyzed bundle 'de.gofabian:junit-fixture-extension' with 12 classes
[INFO] 
[INFO] --- jacoco-maven-plugin:0.8.11:report (default-cli) @ junit-fixture-extension ---
[INFO] Loading execution data file /app/target/jacoco.exec
[INFO] Analyzed bundle 'de.gofabian:junit-fixture-extension' with 12 classes
[INFO] ------------------------------------------------------------------------
[INFO] BUILD SUCCESS
[INFO] ------------------------------------------------------------------------
[INFO] Total time:  2.797 s
[INFO] Finished at: 2026-04-08T02:07:12Z
[INFO] ------------------------------------------------------------------------
