[INFO] Scanning for projects...
[INFO] 
[INFO] ---------< com.bootcampjava.startwars:Bootcamp-Java-Star-Wars >---------
[INFO] Building Bootcamp-Java-Star-Wars 0.0.1-SNAPSHOT
[INFO] --------------------------------[ jar ]---------------------------------
[INFO] 
[INFO] --- maven-clean-plugin:3.1.0:clean (default-clean) @ Bootcamp-Java-Star-Wars ---
[INFO] Deleting /app/target
[INFO] 
[INFO] --- jacoco-maven-plugin:0.8.11:prepare-agent (default) @ Bootcamp-Java-Star-Wars ---
[INFO] argLine set to -javaagent:/root/.m2/repository/org/jacoco/org.jacoco.agent/0.8.11/org.jacoco.agent-0.8.11-runtime.jar=destfile=/app/target/jacoco.exec
[INFO] 
[INFO] --- maven-resources-plugin:3.2.0:resources (default-resources) @ Bootcamp-Java-Star-Wars ---
[INFO] Using 'UTF-8' encoding to copy filtered resources.
[INFO] Using 'UTF-8' encoding to copy filtered properties files.
[INFO] Copying 1 resource
[INFO] Copying 2 resources
[INFO] 
[INFO] --- maven-compiler-plugin:3.8.1:compile (default-compile) @ Bootcamp-Java-Star-Wars ---
[INFO] Changes detected - recompiling the module!
[INFO] Compiling 6 source files to /app/target/classes
[INFO] /app/src/main/java/com/bootcampjava/startwars/repository/JediRepositoryImpl.java: /app/src/main/java/com/bootcampjava/startwars/repository/JediRepositoryImpl.java uses or overrides a deprecated API.
[INFO] /app/src/main/java/com/bootcampjava/startwars/repository/JediRepositoryImpl.java: Recompile with -Xlint:deprecation for details.
[INFO] 
[INFO] --- build-helper-maven-plugin:3.3.0:add-test-source (add-kex-test-source) @ Bootcamp-Java-Star-Wars ---
[INFO] Test Source directory: /app/src/test/java/kex-tests added.
[INFO] 
[INFO] --- maven-resources-plugin:3.2.0:testResources (default-testResources) @ Bootcamp-Java-Star-Wars ---
[INFO] Using 'UTF-8' encoding to copy filtered resources.
[INFO] Using 'UTF-8' encoding to copy filtered properties files.
[INFO] skip non existing resourceDirectory /app/src/test/resources
[INFO] 
[INFO] --- maven-compiler-plugin:3.8.1:testCompile (default-testCompile) @ Bootcamp-Java-Star-Wars ---
[INFO] Changes detected - recompiling the module!
[INFO] Compiling 3 source files to /app/target/test-classes
[INFO] 
[INFO] --- maven-surefire-plugin:2.22.2:test (default-test) @ Bootcamp-Java-Star-Wars ---
[INFO] 
[INFO] -------------------------------------------------------
[INFO]  T E S T S
[INFO] -------------------------------------------------------
[INFO] Running com.bootcampjava.startwars.controller.JediControllerTest
SLF4J: Class path contains multiple SLF4J bindings.
SLF4J: Found binding in [jar:file:/root/.m2/repository/ch/qos/logback/logback-classic/1.2.10/logback-classic-1.2.10.jar!/org/slf4j/impl/StaticLoggerBinder.class]
SLF4J: Found binding in [jar:file:/root/.m2/repository/org/slf4j/slf4j-simple/1.7.36/slf4j-simple-1.7.36.jar!/org/slf4j/impl/StaticLoggerBinder.class]
SLF4J: See http://www.slf4j.org/codes.html#multiple_bindings for an explanation.
SLF4J: Actual binding is of type [ch.qos.logback.classic.util.ContextSelectorStaticBinder]
16:00:06.180 [main] DEBUG org.springframework.test.context.BootstrapUtils - Instantiating CacheAwareContextLoaderDelegate from class [org.springframework.test.context.cache.DefaultCacheAwareContextLoaderDelegate]
16:00:06.193 [main] DEBUG org.springframework.test.context.BootstrapUtils - Instantiating BootstrapContext using constructor [public org.springframework.test.context.support.DefaultBootstrapContext(java.lang.Class,org.springframework.test.context.CacheAwareContextLoaderDelegate)]
16:00:06.248 [main] DEBUG org.springframework.test.context.BootstrapUtils - Instantiating TestContextBootstrapper for test class [com.bootcampjava.startwars.controller.JediControllerTest] from class [org.springframework.boot.test.context.SpringBootTestContextBootstrapper]
16:00:06.262 [main] INFO org.springframework.boot.test.context.SpringBootTestContextBootstrapper - Neither @ContextConfiguration nor @ContextHierarchy found for test class [com.bootcampjava.startwars.controller.JediControllerTest], using SpringBootContextLoader
16:00:06.268 [main] DEBUG org.springframework.test.context.support.AbstractContextLoader - Did not detect default resource location for test class [com.bootcampjava.startwars.controller.JediControllerTest]: class path resource [com/bootcampjava/startwars/controller/JediControllerTest-context.xml] does not exist
16:00:06.268 [main] DEBUG org.springframework.test.context.support.AbstractContextLoader - Did not detect default resource location for test class [com.bootcampjava.startwars.controller.JediControllerTest]: class path resource [com/bootcampjava/startwars/controller/JediControllerTestContext.groovy] does not exist
16:00:06.268 [main] INFO org.springframework.test.context.support.AbstractContextLoader - Could not detect default resource locations for test class [com.bootcampjava.startwars.controller.JediControllerTest]: no resource found for suffixes {-context.xml, Context.groovy}.
16:00:06.269 [main] INFO org.springframework.test.context.support.AnnotationConfigContextLoaderUtils - Could not detect default configuration classes for test class [com.bootcampjava.startwars.controller.JediControllerTest]: JediControllerTest does not declare any static, non-private, non-final, nested classes annotated with @Configuration.
16:00:06.342 [main] DEBUG org.springframework.test.context.support.ActiveProfilesUtils - Could not find an 'annotation declaring class' for annotation type [org.springframework.test.context.ActiveProfiles] and class [com.bootcampjava.startwars.controller.JediControllerTest]
16:00:06.432 [main] DEBUG org.springframework.context.annotation.ClassPathScanningCandidateComponentProvider - Identified candidate component class: file [/app/target/classes/com/bootcampjava/startwars/BootcampJavaStarWarsApplication.class]
16:00:06.433 [main] INFO org.springframework.boot.test.context.SpringBootTestContextBootstrapper - Found @SpringBootConfiguration com.bootcampjava.startwars.BootcampJavaStarWarsApplication for test class com.bootcampjava.startwars.controller.JediControllerTest
16:00:06.540 [main] DEBUG org.springframework.boot.test.context.SpringBootTestContextBootstrapper - @TestExecutionListeners is not present for class [com.bootcampjava.startwars.controller.JediControllerTest]: using defaults.
16:00:06.541 [main] INFO org.springframework.boot.test.context.SpringBootTestContextBootstrapper - Loaded default TestExecutionListener class names from location [META-INF/spring.factories]: [org.springframework.boot.test.mock.mockito.MockitoTestExecutionListener, org.springframework.boot.test.mock.mockito.ResetMocksTestExecutionListener, org.springframework.boot.test.autoconfigure.restdocs.RestDocsTestExecutionListener, org.springframework.boot.test.autoconfigure.web.client.MockRestServiceServerResetTestExecutionListener, org.springframework.boot.test.autoconfigure.web.servlet.MockMvcPrintOnlyOnFailureTestExecutionListener, org.springframework.boot.test.autoconfigure.web.servlet.WebDriverTestExecutionListener, org.springframework.boot.test.autoconfigure.webservices.client.MockWebServiceServerTestExecutionListener, org.springframework.test.context.web.ServletTestExecutionListener, org.springframework.test.context.support.DirtiesContextBeforeModesTestExecutionListener, org.springframework.test.context.event.ApplicationEventsTestExecutionListener, org.springframework.test.context.support.DependencyInjectionTestExecutionListener, org.springframework.test.context.support.DirtiesContextTestExecutionListener, org.springframework.test.context.transaction.TransactionalTestExecutionListener, org.springframework.test.context.jdbc.SqlScriptsTestExecutionListener, org.springframework.test.context.event.EventPublishingTestExecutionListener]
16:00:06.561 [main] INFO org.springframework.boot.test.context.SpringBootTestContextBootstrapper - Using TestExecutionListeners: [org.springframework.test.context.web.ServletTestExecutionListener@59b3f754, org.springframework.test.context.support.DirtiesContextBeforeModesTestExecutionListener@18dbc1b, org.springframework.test.context.event.ApplicationEventsTestExecutionListener@2a510e0e, org.springframework.boot.test.mock.mockito.MockitoTestExecutionListener@8315e4a, org.springframework.boot.test.autoconfigure.SpringBootDependencyInjectionTestExecutionListener@4efe014f, org.springframework.test.context.support.DirtiesContextTestExecutionListener@22ff11ef, org.springframework.test.context.transaction.TransactionalTestExecutionListener@7c5ac0, org.springframework.test.context.jdbc.SqlScriptsTestExecutionListener@23d978b, org.springframework.test.context.event.EventPublishingTestExecutionListener@3cf70afa, org.springframework.boot.test.mock.mockito.ResetMocksTestExecutionListener@66dd04e2, org.springframework.boot.test.autoconfigure.restdocs.RestDocsTestExecutionListener@495e8a3, org.springframework.boot.test.autoconfigure.web.client.MockRestServiceServerResetTestExecutionListener@6a7aa675, org.springframework.boot.test.autoconfigure.web.servlet.MockMvcPrintOnlyOnFailureTestExecutionListener@6eded11a, org.springframework.boot.test.autoconfigure.web.servlet.WebDriverTestExecutionListener@602a3237, org.springframework.boot.test.autoconfigure.webservices.client.MockWebServiceServerTestExecutionListener@4b511e61]
16:00:06.565 [main] DEBUG org.springframework.test.context.support.AbstractDirtiesContextTestExecutionListener - Before test class: context [DefaultTestContext@4dad2363 testClass = JediControllerTest, testInstance = [null], testMethod = [null], testException = [null], mergedContextConfiguration = [WebMergedContextConfiguration@114b2414 testClass = JediControllerTest, locations = '{}', classes = '{class com.bootcampjava.startwars.BootcampJavaStarWarsApplication}', contextInitializerClasses = '[]', activeProfiles = '{}', propertySourceLocations = '{}', propertySourceProperties = '{org.springframework.boot.test.context.SpringBootTestContextBootstrapper=true}', contextCustomizers = set[[ImportsContextCustomizer@57920d6c key = [org.springframework.boot.test.autoconfigure.web.servlet.MockMvcAutoConfiguration, org.springframework.boot.test.autoconfigure.web.servlet.MockMvcWebClientAutoConfiguration, org.springframework.boot.test.autoconfigure.web.servlet.MockMvcWebDriverAutoConfiguration, org.springframework.boot.autoconfigure.security.oauth2.client.servlet.OAuth2ClientAutoConfiguration, org.springframework.boot.autoconfigure.security.oauth2.resource.servlet.OAuth2ResourceServerAutoConfiguration, org.springframework.boot.autoconfigure.security.servlet.SecurityAutoConfiguration, org.springframework.boot.autoconfigure.security.servlet.SecurityFilterAutoConfiguration, org.springframework.boot.autoconfigure.security.servlet.UserDetailsServiceAutoConfiguration, org.springframework.boot.test.autoconfigure.web.servlet.MockMvcSecurityConfiguration, org.springframework.boot.test.autoconfigure.web.reactive.WebTestClientAutoConfiguration]], org.springframework.boot.test.context.filter.ExcludeFilterContextCustomizer@2c1f8dbd, org.springframework.boot.test.json.DuplicateJsonObjectContextCustomizerFactory$DuplicateJsonObjectContextCustomizer@32227215, org.springframework.boot.test.mock.mockito.MockitoContextCustomizer@12875a7e, org.springframework.boot.test.web.client.TestRestTemplateContextCustomizer@1f84327b, org.springframework.boot.test.autoconfigure.actuate.metrics.MetricsExportContextCustomizerFactory$DisableMetricExportContextCustomizer@43d65a81, org.springframework.boot.test.autoconfigure.properties.PropertyMappingContextCustomizer@4b3fa0b3, org.springframework.boot.test.autoconfigure.web.servlet.WebDriverContextCustomizerFactory$Customizer@3086f480, org.springframework.boot.test.context.SpringBootTestArgs@1, org.springframework.boot.test.context.SpringBootTestWebEnvironment@15a902e7], resourceBasePath = 'src/main/webapp', contextLoader = 'org.springframework.boot.test.context.SpringBootContextLoader', parent = [null]], attributes = map['org.springframework.test.context.web.ServletTestExecutionListener.activateListener' -> true]], class annotated with @DirtiesContext [false] with mode [null].

  .   ____          _            __ _ _
 /\\ / ___'_ __ _ _(_)_ __  __ _ \ \ \ \
( ( )\___ | '_ | '_| | '_ \/ _` | \ \ \ \
 \\/  ___)| |_)| | | | | || (_| |  ) ) ) )
  '  |____| .__|_| |_|_| |_\__, | / / / /
 =========|_|==============|___/=/_/_/_/
 :: Spring Boot ::                (v2.6.4)

2026-04-09 16:00:06.886  INFO 69 --- [           main] c.b.s.controller.JediControllerTest      : Starting JediControllerTest using Java 11.0.16 on e2f3766c3c2c with PID 69 (started by root in /app)
2026-04-09 16:00:06.887  INFO 69 --- [           main] c.b.s.controller.JediControllerTest      : No active profile set, falling back to 1 default profile: "default"
2026-04-09 16:00:07.388  INFO 69 --- [           main] .s.d.r.c.RepositoryConfigurationDelegate : Bootstrapping Spring Data JDBC repositories in DEFAULT mode.
2026-04-09 16:00:07.398  INFO 69 --- [           main] .s.d.r.c.RepositoryConfigurationDelegate : Finished Spring Data repository scanning in 4 ms. Found 0 JDBC repository interfaces.
2026-04-09 16:00:08.138  INFO 69 --- [           main] com.zaxxer.hikari.HikariDataSource       : HikariPool-1 - Starting...
2026-04-09 16:00:08.373  INFO 69 --- [           main] com.zaxxer.hikari.HikariDataSource       : HikariPool-1 - Start completed.
2026-04-09 16:00:09.252  INFO 69 --- [           main] o.s.b.t.m.w.SpringBootMockServletContext : Initializing Spring TestDispatcherServlet ''
2026-04-09 16:00:09.253  INFO 69 --- [           main] o.s.t.web.servlet.TestDispatcherServlet  : Initializing Servlet ''
2026-04-09 16:00:09.254  INFO 69 --- [           main] o.s.t.web.servlet.TestDispatcherServlet  : Completed initialization in 1 ms
2026-04-09 16:00:09.270  INFO 69 --- [           main] c.b.s.controller.JediControllerTest      : Started JediControllerTest in 2.663 seconds (JVM running for 3.781)
[INFO] Tests run: 2, Failures: 0, Errors: 0, Skipped: 0, Time elapsed: 3.351 s - in com.bootcampjava.startwars.controller.JediControllerTest
[INFO] Running com.bootcampjava.startwars.BootcampJavaStarWarsApplicationTests
2026-04-09 16:00:09.443  INFO 69 --- [           main] .b.t.c.SpringBootTestContextBootstrapper : Neither @ContextConfiguration nor @ContextHierarchy found for test class [com.bootcampjava.startwars.BootcampJavaStarWarsApplicationTests], using SpringBootContextLoader
2026-04-09 16:00:09.443  INFO 69 --- [           main] o.s.t.c.support.AbstractContextLoader    : Could not detect default resource locations for test class [com.bootcampjava.startwars.BootcampJavaStarWarsApplicationTests]: no resource found for suffixes {-context.xml, Context.groovy}.
2026-04-09 16:00:09.444  INFO 69 --- [           main] t.c.s.AnnotationConfigContextLoaderUtils : Could not detect default configuration classes for test class [com.bootcampjava.startwars.BootcampJavaStarWarsApplicationTests]: BootcampJavaStarWarsApplicationTests does not declare any static, non-private, non-final, nested classes annotated with @Configuration.
2026-04-09 16:00:09.446  INFO 69 --- [           main] .b.t.c.SpringBootTestContextBootstrapper : Found @SpringBootConfiguration com.bootcampjava.startwars.BootcampJavaStarWarsApplication for test class com.bootcampjava.startwars.BootcampJavaStarWarsApplicationTests
2026-04-09 16:00:09.448  INFO 69 --- [           main] .b.t.c.SpringBootTestContextBootstrapper : Loaded default TestExecutionListener class names from location [META-INF/spring.factories]: [org.springframework.boot.test.mock.mockito.MockitoTestExecutionListener, org.springframework.boot.test.mock.mockito.ResetMocksTestExecutionListener, org.springframework.boot.test.autoconfigure.restdocs.RestDocsTestExecutionListener, org.springframework.boot.test.autoconfigure.web.client.MockRestServiceServerResetTestExecutionListener, org.springframework.boot.test.autoconfigure.web.servlet.MockMvcPrintOnlyOnFailureTestExecutionListener, org.springframework.boot.test.autoconfigure.web.servlet.WebDriverTestExecutionListener, org.springframework.boot.test.autoconfigure.webservices.client.MockWebServiceServerTestExecutionListener, org.springframework.test.context.web.ServletTestExecutionListener, org.springframework.test.context.support.DirtiesContextBeforeModesTestExecutionListener, org.springframework.test.context.event.ApplicationEventsTestExecutionListener, org.springframework.test.context.support.DependencyInjectionTestExecutionListener, org.springframework.test.context.support.DirtiesContextTestExecutionListener, org.springframework.test.context.transaction.TransactionalTestExecutionListener, org.springframework.test.context.jdbc.SqlScriptsTestExecutionListener, org.springframework.test.context.event.EventPublishingTestExecutionListener]
2026-04-09 16:00:09.448  INFO 69 --- [           main] .b.t.c.SpringBootTestContextBootstrapper : Using TestExecutionListeners: [org.springframework.test.context.web.ServletTestExecutionListener@41b5f4aa, org.springframework.test.context.support.DirtiesContextBeforeModesTestExecutionListener@645e1f92, org.springframework.test.context.event.ApplicationEventsTestExecutionListener@449fc843, org.springframework.boot.test.mock.mockito.MockitoTestExecutionListener@19bdcdd8, org.springframework.boot.test.autoconfigure.SpringBootDependencyInjectionTestExecutionListener@77437ae1, org.springframework.test.context.support.DirtiesContextTestExecutionListener@63f54914, org.springframework.test.context.transaction.TransactionalTestExecutionListener@599258f9, org.springframework.test.context.jdbc.SqlScriptsTestExecutionListener@2eb68d1e, org.springframework.test.context.event.EventPublishingTestExecutionListener@42ce7e5b, org.springframework.boot.test.mock.mockito.ResetMocksTestExecutionListener@b3a22ff, org.springframework.boot.test.autoconfigure.restdocs.RestDocsTestExecutionListener@40a4e6f1, org.springframework.boot.test.autoconfigure.web.client.MockRestServiceServerResetTestExecutionListener@5a605d86, org.springframework.boot.test.autoconfigure.web.servlet.MockMvcPrintOnlyOnFailureTestExecutionListener@6b6ddc37, org.springframework.boot.test.autoconfigure.web.servlet.WebDriverTestExecutionListener@319a367f, org.springframework.boot.test.autoconfigure.webservices.client.MockWebServiceServerTestExecutionListener@56eecdd3]

  .   ____          _            __ _ _
 /\\ / ___'_ __ _ _(_)_ __  __ _ \ \ \ \
( ( )\___ | '_ | '_| | '_ \/ _` | \ \ \ \
 \\/  ___)| |_)| | | | | || (_| |  ) ) ) )
  '  |____| .__|_| |_|_| |_\__, | / / / /
 =========|_|==============|___/=/_/_/_/
 :: Spring Boot ::                (v2.6.4)

2026-04-09 16:00:09.470  INFO 69 --- [           main] b.s.BootcampJavaStarWarsApplicationTests : Starting BootcampJavaStarWarsApplicationTests using Java 11.0.16 on e2f3766c3c2c with PID 69 (started by root in /app)
2026-04-09 16:00:09.470  INFO 69 --- [           main] b.s.BootcampJavaStarWarsApplicationTests : No active profile set, falling back to 1 default profile: "default"
2026-04-09 16:00:09.558  INFO 69 --- [           main] .s.d.r.c.RepositoryConfigurationDelegate : Bootstrapping Spring Data JDBC repositories in DEFAULT mode.
2026-04-09 16:00:09.560  INFO 69 --- [           main] .s.d.r.c.RepositoryConfigurationDelegate : Finished Spring Data repository scanning in 1 ms. Found 0 JDBC repository interfaces.
2026-04-09 16:00:09.612  INFO 69 --- [           main] com.zaxxer.hikari.HikariDataSource       : HikariPool-2 - Starting...
2026-04-09 16:00:09.615  INFO 69 --- [           main] com.zaxxer.hikari.HikariDataSource       : HikariPool-2 - Start completed.
2026-04-09 16:00:09.825  INFO 69 --- [           main] b.s.BootcampJavaStarWarsApplicationTests : Started BootcampJavaStarWarsApplicationTests in 0.375 seconds (JVM running for 4.336)
[INFO] Tests run: 1, Failures: 0, Errors: 0, Skipped: 0, Time elapsed: 0.375 s - in com.bootcampjava.startwars.BootcampJavaStarWarsApplicationTests
2026-04-09 16:00:09.839  INFO 69 --- [ionShutdownHook] com.zaxxer.hikari.HikariDataSource       : HikariPool-1 - Shutdown initiated...
2026-04-09 16:00:09.842  INFO 69 --- [ionShutdownHook] com.zaxxer.hikari.HikariDataSource       : HikariPool-1 - Shutdown completed.
2026-04-09 16:00:09.844  INFO 69 --- [ionShutdownHook] com.zaxxer.hikari.HikariDataSource       : HikariPool-2 - Shutdown initiated...
2026-04-09 16:00:09.846  INFO 69 --- [ionShutdownHook] com.zaxxer.hikari.HikariDataSource       : HikariPool-2 - Shutdown completed.
[INFO] 
[INFO] Results:
[INFO] 
[INFO] Tests run: 3, Failures: 0, Errors: 0, Skipped: 0
[INFO] 
[INFO] 
[INFO] --- jacoco-maven-plugin:0.8.11:report (report) @ Bootcamp-Java-Star-Wars ---
[INFO] Loading execution data file /app/target/jacoco.exec
[INFO] Analyzed bundle 'Bootcamp-Java-Star-Wars' with 5 classes
[INFO] 
[INFO] --- jacoco-maven-plugin:0.8.11:report (default-cli) @ Bootcamp-Java-Star-Wars ---
[INFO] Loading execution data file /app/target/jacoco.exec
[INFO] Analyzed bundle 'Bootcamp-Java-Star-Wars' with 5 classes
[INFO] ------------------------------------------------------------------------
[INFO] BUILD SUCCESS
[INFO] ------------------------------------------------------------------------
[INFO] Total time:  6.715 s
[INFO] Finished at: 2026-04-09T16:00:10Z
[INFO] ------------------------------------------------------------------------
