[INFO] Scanning for projects...
[INFO] 
[INFO] ---------------------< com.martinachov:hexagonal >----------------------
[INFO] Building Hexagonal-Architecture 0.0.1-SNAPSHOT
[INFO] --------------------------------[ jar ]---------------------------------
[INFO] 
[INFO] --- maven-clean-plugin:3.2.0:clean (default-clean) @ hexagonal ---
[INFO] Deleting /app/target
[INFO] 
[INFO] --- jacoco-maven-plugin:0.8.11:prepare-agent (default) @ hexagonal ---
[INFO] argLine set to -javaagent:/root/.m2/repository/org/jacoco/org.jacoco.agent/0.8.11/org.jacoco.agent-0.8.11-runtime.jar=destfile=/app/target/jacoco.exec
[INFO] 
[INFO] --- maven-resources-plugin:3.2.0:resources (default-resources) @ hexagonal ---
[INFO] Using 'UTF-8' encoding to copy filtered resources.
[INFO] Using 'UTF-8' encoding to copy filtered properties files.
[INFO] Copying 1 resource
[INFO] Copying 0 resource
[INFO] 
[INFO] --- maven-compiler-plugin:3.10.1:compile (default-compile) @ hexagonal ---
[INFO] Changes detected - recompiling the module!
[INFO] Compiling 15 source files to /app/target/classes
[INFO] 
[INFO] --- build-helper-maven-plugin:3.3.0:add-test-source (add-kex-test-source) @ hexagonal ---
[INFO] Test Source directory: /app/src/test/java/kex-tests added.
[INFO] 
[INFO] --- maven-resources-plugin:3.2.0:testResources (default-testResources) @ hexagonal ---
[INFO] Using 'UTF-8' encoding to copy filtered resources.
[INFO] Using 'UTF-8' encoding to copy filtered properties files.
[INFO] skip non existing resourceDirectory /app/src/test/resources
[INFO] 
[INFO] --- maven-compiler-plugin:3.10.1:testCompile (default-testCompile) @ hexagonal ---
[INFO] Changes detected - recompiling the module!
[INFO] Compiling 1 source file to /app/target/test-classes
[INFO] 
[INFO] --- maven-surefire-plugin:2.22.2:test (default-test) @ hexagonal ---
[INFO] 
[INFO] -------------------------------------------------------
[INFO]  T E S T S
[INFO] -------------------------------------------------------
[INFO] Running com.martinachov.hexagonal.HexagonalArchitectureApplicationTests
02:11:15.152 [main] DEBUG org.springframework.test.context.BootstrapUtils - Instantiating CacheAwareContextLoaderDelegate from class [org.springframework.test.context.cache.DefaultCacheAwareContextLoaderDelegate]
02:11:15.163 [main] DEBUG org.springframework.test.context.BootstrapUtils - Instantiating BootstrapContext using constructor [public org.springframework.test.context.support.DefaultBootstrapContext(java.lang.Class,org.springframework.test.context.CacheAwareContextLoaderDelegate)]
02:11:15.218 [main] DEBUG org.springframework.test.context.BootstrapUtils - Instantiating TestContextBootstrapper for test class [com.martinachov.hexagonal.HexagonalArchitectureApplicationTests] from class [org.springframework.boot.test.context.SpringBootTestContextBootstrapper]
02:11:15.231 [main] INFO org.springframework.boot.test.context.SpringBootTestContextBootstrapper - Neither @ContextConfiguration nor @ContextHierarchy found for test class [com.martinachov.hexagonal.HexagonalArchitectureApplicationTests], using SpringBootContextLoader
02:11:15.237 [main] DEBUG org.springframework.test.context.support.AbstractContextLoader - Did not detect default resource location for test class [com.martinachov.hexagonal.HexagonalArchitectureApplicationTests]: class path resource [com/martinachov/hexagonal/HexagonalArchitectureApplicationTests-context.xml] does not exist
02:11:15.238 [main] DEBUG org.springframework.test.context.support.AbstractContextLoader - Did not detect default resource location for test class [com.martinachov.hexagonal.HexagonalArchitectureApplicationTests]: class path resource [com/martinachov/hexagonal/HexagonalArchitectureApplicationTestsContext.groovy] does not exist
02:11:15.238 [main] INFO org.springframework.test.context.support.AbstractContextLoader - Could not detect default resource locations for test class [com.martinachov.hexagonal.HexagonalArchitectureApplicationTests]: no resource found for suffixes {-context.xml, Context.groovy}.
02:11:15.240 [main] INFO org.springframework.test.context.support.AnnotationConfigContextLoaderUtils - Could not detect default configuration classes for test class [com.martinachov.hexagonal.HexagonalArchitectureApplicationTests]: HexagonalArchitectureApplicationTests does not declare any static, non-private, non-final, nested classes annotated with @Configuration.
02:11:15.290 [main] DEBUG org.springframework.test.context.support.ActiveProfilesUtils - Could not find an 'annotation declaring class' for annotation type [org.springframework.test.context.ActiveProfiles] and class [com.martinachov.hexagonal.HexagonalArchitectureApplicationTests]
02:11:15.365 [main] DEBUG org.springframework.context.annotation.ClassPathScanningCandidateComponentProvider - Identified candidate component class: file [/app/target/classes/com/martinachov/hexagonal/HexagonalArchitectureApplication.class]
02:11:15.366 [main] INFO org.springframework.boot.test.context.SpringBootTestContextBootstrapper - Found @SpringBootConfiguration com.martinachov.hexagonal.HexagonalArchitectureApplication for test class com.martinachov.hexagonal.HexagonalArchitectureApplicationTests
02:11:15.477 [main] DEBUG org.springframework.boot.test.context.SpringBootTestContextBootstrapper - @TestExecutionListeners is not present for class [com.martinachov.hexagonal.HexagonalArchitectureApplicationTests]: using defaults.
02:11:15.478 [main] INFO org.springframework.boot.test.context.SpringBootTestContextBootstrapper - Loaded default TestExecutionListener class names from location [META-INF/spring.factories]: [org.springframework.boot.test.mock.mockito.MockitoTestExecutionListener, org.springframework.boot.test.mock.mockito.ResetMocksTestExecutionListener, org.springframework.boot.test.autoconfigure.restdocs.RestDocsTestExecutionListener, org.springframework.boot.test.autoconfigure.web.client.MockRestServiceServerResetTestExecutionListener, org.springframework.boot.test.autoconfigure.web.servlet.MockMvcPrintOnlyOnFailureTestExecutionListener, org.springframework.boot.test.autoconfigure.web.servlet.WebDriverTestExecutionListener, org.springframework.boot.test.autoconfigure.webservices.client.MockWebServiceServerTestExecutionListener, org.springframework.test.context.web.ServletTestExecutionListener, org.springframework.test.context.support.DirtiesContextBeforeModesTestExecutionListener, org.springframework.test.context.event.ApplicationEventsTestExecutionListener, org.springframework.test.context.support.DependencyInjectionTestExecutionListener, org.springframework.test.context.support.DirtiesContextTestExecutionListener, org.springframework.test.context.transaction.TransactionalTestExecutionListener, org.springframework.test.context.jdbc.SqlScriptsTestExecutionListener, org.springframework.test.context.event.EventPublishingTestExecutionListener]
02:11:15.498 [main] INFO org.springframework.boot.test.context.SpringBootTestContextBootstrapper - Using TestExecutionListeners: [org.springframework.test.context.web.ServletTestExecutionListener@12421766, org.springframework.test.context.support.DirtiesContextBeforeModesTestExecutionListener@2e44cb34, org.springframework.test.context.event.ApplicationEventsTestExecutionListener@731e0bff, org.springframework.boot.test.mock.mockito.MockitoTestExecutionListener@213ceb4e, org.springframework.boot.test.autoconfigure.SpringBootDependencyInjectionTestExecutionListener@23c72128, org.springframework.test.context.support.DirtiesContextTestExecutionListener@2bd2430f, org.springframework.test.context.transaction.TransactionalTestExecutionListener@2890e479, org.springframework.test.context.jdbc.SqlScriptsTestExecutionListener@6eb00cbe, org.springframework.test.context.event.EventPublishingTestExecutionListener@74e4be21, org.springframework.boot.test.mock.mockito.ResetMocksTestExecutionListener@4d174189, org.springframework.boot.test.autoconfigure.restdocs.RestDocsTestExecutionListener@628bd77e, org.springframework.boot.test.autoconfigure.web.client.MockRestServiceServerResetTestExecutionListener@c30f26d, org.springframework.boot.test.autoconfigure.web.servlet.MockMvcPrintOnlyOnFailureTestExecutionListener@5d74507c, org.springframework.boot.test.autoconfigure.web.servlet.WebDriverTestExecutionListener@2a984952, org.springframework.boot.test.autoconfigure.webservices.client.MockWebServiceServerTestExecutionListener@16944b58]
02:11:15.503 [main] DEBUG org.springframework.test.context.support.AbstractDirtiesContextTestExecutionListener - Before test class: context [DefaultTestContext@58b5f7d2 testClass = HexagonalArchitectureApplicationTests, testInstance = [null], testMethod = [null], testException = [null], mergedContextConfiguration = [WebMergedContextConfiguration@bc52a41 testClass = HexagonalArchitectureApplicationTests, locations = '{}', classes = '{class com.martinachov.hexagonal.HexagonalArchitectureApplication}', contextInitializerClasses = '[]', activeProfiles = '{}', propertySourceLocations = '{}', propertySourceProperties = '{org.springframework.boot.test.context.SpringBootTestContextBootstrapper=true}', contextCustomizers = set[org.springframework.boot.test.context.filter.ExcludeFilterContextCustomizer@716185fe, org.springframework.boot.test.json.DuplicateJsonObjectContextCustomizerFactory$DuplicateJsonObjectContextCustomizer@66383c29, org.springframework.boot.test.mock.mockito.MockitoContextCustomizer@0, org.springframework.boot.test.web.client.TestRestTemplateContextCustomizer@70029d2d, org.springframework.boot.test.autoconfigure.actuate.metrics.MetricsExportContextCustomizerFactory$DisableMetricExportContextCustomizer@71179b6f, org.springframework.boot.test.autoconfigure.properties.PropertyMappingContextCustomizer@0, org.springframework.boot.test.autoconfigure.web.servlet.WebDriverContextCustomizerFactory$Customizer@15d0d6c9, org.springframework.boot.test.context.SpringBootTestArgs@1, org.springframework.boot.test.context.SpringBootTestWebEnvironment@64beebb7], resourceBasePath = 'src/main/webapp', contextLoader = 'org.springframework.boot.test.context.SpringBootContextLoader', parent = [null]], attributes = map['org.springframework.test.context.web.ServletTestExecutionListener.activateListener' -> true]], class annotated with @DirtiesContext [false] with mode [null].

  .   ____          _            __ _ _
 /\\ / ___'_ __ _ _(_)_ __  __ _ \ \ \ \
( ( )\___ | '_ | '_| | '_ \/ _` | \ \ \ \
 \\/  ___)| |_)| | | | | || (_| |  ) ) ) )
  '  |____| .__|_| |_|_| |_\__, | / / / /
 =========|_|==============|___/=/_/_/_/
 :: Spring Boot ::                (v2.7.5)

2026-04-08 02:11:15.913  INFO 69 --- [           main] .h.HexagonalArchitectureApplicationTests : Starting HexagonalArchitectureApplicationTests using Java 11.0.16 on 0658c6d3ad37 with PID 69 (started by root in /app)
2026-04-08 02:11:15.914  INFO 69 --- [           main] .h.HexagonalArchitectureApplicationTests : No active profile set, falling back to 1 default profile: "default"
2026-04-08 02:11:16.512  INFO 69 --- [           main] .s.d.r.c.RepositoryConfigurationDelegate : Bootstrapping Spring Data JPA repositories in DEFAULT mode.
2026-04-08 02:11:16.556  INFO 69 --- [           main] .s.d.r.c.RepositoryConfigurationDelegate : Finished Spring Data repository scanning in 36 ms. Found 1 JPA repository interfaces.
2026-04-08 02:11:17.079  INFO 69 --- [           main] o.hibernate.jpa.internal.util.LogHelper  : HHH000204: Processing PersistenceUnitInfo [name: default]
2026-04-08 02:11:17.127  INFO 69 --- [           main] org.hibernate.Version                    : HHH000412: Hibernate ORM core version 5.6.12.Final
2026-04-08 02:11:17.277  INFO 69 --- [           main] o.hibernate.annotations.common.Version   : HCANN000001: Hibernate Commons Annotations {5.1.2.Final}
2026-04-08 02:11:17.381  INFO 69 --- [           main] com.zaxxer.hikari.HikariDataSource       : HikariPool-1 - Starting...
2026-04-08 02:11:17.667  INFO 69 --- [           main] com.zaxxer.hikari.HikariDataSource       : HikariPool-1 - Start completed.
2026-04-08 02:11:17.717  INFO 69 --- [           main] org.hibernate.dialect.Dialect            : HHH000400: Using dialect: org.hibernate.dialect.H2Dialect
Hibernate: create table product_entity (id bigint generated by default as identity, description varchar(255), name varchar(255), primary key (id))
2026-04-08 02:11:18.338  INFO 69 --- [           main] o.h.e.t.j.p.i.JtaPlatformInitiator       : HHH000490: Using JtaPlatform implementation: [org.hibernate.engine.transaction.jta.platform.internal.NoJtaPlatform]
2026-04-08 02:11:18.346  INFO 69 --- [           main] j.LocalContainerEntityManagerFactoryBean : Initialized JPA EntityManagerFactory for persistence unit 'default'
2026-04-08 02:11:18.801  WARN 69 --- [           main] JpaBaseConfiguration$JpaWebConfiguration : spring.jpa.open-in-view is enabled by default. Therefore, database queries may be performed during view rendering. Explicitly configure spring.jpa.open-in-view to disable this warning
2026-04-08 02:11:19.012  INFO 69 --- [           main] o.s.b.a.h2.H2ConsoleAutoConfiguration    : H2 console available at '/h2-console'. Database available at 'jdbc:h2:mem:testdb'
2026-04-08 02:11:19.225  INFO 69 --- [           main] .h.HexagonalArchitectureApplicationTests : Started HexagonalArchitectureApplicationTests in 3.679 seconds (JVM running for 4.746)
[INFO] Tests run: 1, Failures: 0, Errors: 0, Skipped: 0, Time elapsed: 4.256 s - in com.martinachov.hexagonal.HexagonalArchitectureApplicationTests
2026-04-08 02:11:19.346  INFO 69 --- [ionShutdownHook] j.LocalContainerEntityManagerFactoryBean : Closing JPA EntityManagerFactory for persistence unit 'default'
2026-04-08 02:11:19.348  INFO 69 --- [ionShutdownHook] com.zaxxer.hikari.HikariDataSource       : HikariPool-1 - Shutdown initiated...
2026-04-08 02:11:19.351  INFO 69 --- [ionShutdownHook] com.zaxxer.hikari.HikariDataSource       : HikariPool-1 - Shutdown completed.
[INFO] 
[INFO] Results:
[INFO] 
[INFO] Tests run: 1, Failures: 0, Errors: 0, Skipped: 0
[INFO] 
[INFO] 
[INFO] --- jacoco-maven-plugin:0.8.11:report (report) @ hexagonal ---
[INFO] Loading execution data file /app/target/jacoco.exec
[INFO] Analyzed bundle 'Hexagonal-Architecture' with 15 classes
[INFO] 
[INFO] --- jacoco-maven-plugin:0.8.11:report (default-cli) @ hexagonal ---
[INFO] Loading execution data file /app/target/jacoco.exec
[INFO] Analyzed bundle 'Hexagonal-Architecture' with 15 classes
[INFO] ------------------------------------------------------------------------
[INFO] BUILD SUCCESS
[INFO] ------------------------------------------------------------------------
[INFO] Total time:  7.742 s
[INFO] Finished at: 2026-04-08T02:11:20Z
[INFO] ------------------------------------------------------------------------
