[INFO] Scanning for projects...
[INFO] 
[INFO] ---------------------< com.martinachov:hexagonal >----------------------
[INFO] Building Hexagonal-Architecture 0.0.1-SNAPSHOT
[INFO] --------------------------------[ jar ]---------------------------------
[INFO] 
[INFO] --- maven-clean-plugin:3.2.0:clean (default-clean) @ hexagonal ---
[INFO] Deleting /app/target
[INFO] 
[INFO] --- jacoco-maven-plugin:0.8.11:prepare-agent (default) @ hexagonal ---
[INFO] argLine set to -javaagent:/root/.m2/repository/org/jacoco/org.jacoco.agent/0.8.11/org.jacoco.agent-0.8.11-runtime.jar=destfile=/app/target/jacoco.exec
[INFO] 
[INFO] --- maven-resources-plugin:3.2.0:resources (default-resources) @ hexagonal ---
[INFO] Using 'UTF-8' encoding to copy filtered resources.
[INFO] Using 'UTF-8' encoding to copy filtered properties files.
[INFO] Copying 1 resource
[INFO] Copying 0 resource
[INFO] 
[INFO] --- maven-compiler-plugin:3.10.1:compile (default-compile) @ hexagonal ---
[INFO] Changes detected - recompiling the module!
[INFO] Compiling 15 source files to /app/target/classes
[INFO] 
[INFO] --- build-helper-maven-plugin:3.3.0:add-test-source (add-kex-test-source) @ hexagonal ---
[INFO] Test Source directory: /app/src/test/java/kex-tests added.
[INFO] 
[INFO] --- maven-resources-plugin:3.2.0:testResources (default-testResources) @ hexagonal ---
[INFO] Using 'UTF-8' encoding to copy filtered resources.
[INFO] Using 'UTF-8' encoding to copy filtered properties files.
[INFO] skip non existing resourceDirectory /app/src/test/resources
[INFO] 
[INFO] --- maven-compiler-plugin:3.10.1:testCompile (default-testCompile) @ hexagonal ---
[INFO] Changes detected - recompiling the module!
[INFO] Compiling 154 source files to /app/target/test-classes
[WARNING] /app/src/test/java/kex-tests/tests/com/martinachov/hexagonal/infrastructure/adapters/output/persistence/entity/ReflectionUtils.java:[9,16] sun.misc.Unsafe is internal proprietary API and may be removed in a future release
[WARNING] /app/src/test/java/kex-tests/tests/com/martinachov/hexagonal/domain/exception/ReflectionUtils.java:[9,16] sun.misc.Unsafe is internal proprietary API and may be removed in a future release
[WARNING] /app/src/test/java/kex-tests/tests/com/martinachov/hexagonal/infrastructure/adapters/output/persistence/mapper/ReflectionUtils.java:[9,16] sun.misc.Unsafe is internal proprietary API and may be removed in a future release
[WARNING] /app/src/test/java/kex-tests/tests/com/martinachov/hexagonal/infrastructure/adapters/input/rest/data/response/ReflectionUtils.java:[9,16] sun.misc.Unsafe is internal proprietary API and may be removed in a future release
[WARNING] /app/src/test/java/kex-tests/tests/com/martinachov/hexagonal/infrastructure/adapters/input/rest/data/request/ReflectionUtils.java:[9,16] sun.misc.Unsafe is internal proprietary API and may be removed in a future release
[WARNING] /app/src/test/java/kex-tests/tests/com/martinachov/hexagonal/domain/model/ReflectionUtils.java:[9,16] sun.misc.Unsafe is internal proprietary API and may be removed in a future release
[WARNING] /app/src/test/java/kex-tests/tests/com/martinachov/hexagonal/infrastructure/adapters/config/ReflectionUtils.java:[9,16] sun.misc.Unsafe is internal proprietary API and may be removed in a future release
[WARNING] /app/src/test/java/kex-tests/tests/com/martinachov/hexagonal/infrastructure/adapters/output/persistence/ReflectionUtils.java:[9,16] sun.misc.Unsafe is internal proprietary API and may be removed in a future release
[WARNING] /app/src/test/java/kex-tests/tests/com/martinachov/hexagonal/domain/service/ReflectionUtils.java:[9,16] sun.misc.Unsafe is internal proprietary API and may be removed in a future release
[WARNING] /app/src/test/java/kex-tests/tests/com/martinachov/hexagonal/ReflectionUtils.java:[9,16] sun.misc.Unsafe is internal proprietary API and may be removed in a future release
[WARNING] /app/src/test/java/kex-tests/tests/com/martinachov/hexagonal/infrastructure/adapters/output/persistence/entity/ReflectionUtils.java:[9,16] sun.misc.Unsafe is internal proprietary API and may be removed in a future release
[WARNING] /app/src/test/java/kex-tests/tests/com/martinachov/hexagonal/domain/exception/ReflectionUtils.java:[9,16] sun.misc.Unsafe is internal proprietary API and may be removed in a future release
[WARNING] /app/src/test/java/kex-tests/tests/com/martinachov/hexagonal/infrastructure/adapters/output/persistence/mapper/ReflectionUtils.java:[9,16] sun.misc.Unsafe is internal proprietary API and may be removed in a future release
[WARNING] /app/src/test/java/kex-tests/tests/com/martinachov/hexagonal/infrastructure/adapters/input/rest/data/response/ReflectionUtils.java:[9,16] sun.misc.Unsafe is internal proprietary API and may be removed in a future release
[WARNING] /app/src/test/java/kex-tests/tests/com/martinachov/hexagonal/infrastructure/adapters/input/rest/data/request/ReflectionUtils.java:[9,16] sun.misc.Unsafe is internal proprietary API and may be removed in a future release
[WARNING] /app/src/test/java/kex-tests/tests/com/martinachov/hexagonal/domain/model/ReflectionUtils.java:[9,16] sun.misc.Unsafe is internal proprietary API and may be removed in a future release
[WARNING] /app/src/test/java/kex-tests/tests/com/martinachov/hexagonal/infrastructure/adapters/config/ReflectionUtils.java:[9,16] sun.misc.Unsafe is internal proprietary API and may be removed in a future release
[WARNING] /app/src/test/java/kex-tests/tests/com/martinachov/hexagonal/infrastructure/adapters/output/persistence/ReflectionUtils.java:[9,16] sun.misc.Unsafe is internal proprietary API and may be removed in a future release
[WARNING] /app/src/test/java/kex-tests/tests/com/martinachov/hexagonal/domain/service/ReflectionUtils.java:[9,16] sun.misc.Unsafe is internal proprietary API and may be removed in a future release
[WARNING] /app/src/test/java/kex-tests/tests/com/martinachov/hexagonal/ReflectionUtils.java:[9,16] sun.misc.Unsafe is internal proprietary API and may be removed in a future release
[WARNING] /app/src/test/java/kex-tests/tests/com/martinachov/hexagonal/infrastructure/adapters/output/persistence/entity/ReflectionUtils.java:[9,16] sun.misc.Unsafe is internal proprietary API and may be removed in a future release
[WARNING] /app/src/test/java/kex-tests/tests/com/martinachov/hexagonal/domain/exception/ReflectionUtils.java:[9,16] sun.misc.Unsafe is internal proprietary API and may be removed in a future release
[WARNING] /app/src/test/java/kex-tests/tests/com/martinachov/hexagonal/infrastructure/adapters/output/persistence/mapper/ReflectionUtils.java:[9,16] sun.misc.Unsafe is internal proprietary API and may be removed in a future release
[WARNING] /app/src/test/java/kex-tests/tests/com/martinachov/hexagonal/infrastructure/adapters/input/rest/data/response/ReflectionUtils.java:[9,16] sun.misc.Unsafe is internal proprietary API and may be removed in a future release
[WARNING] /app/src/test/java/kex-tests/tests/com/martinachov/hexagonal/infrastructure/adapters/input/rest/data/request/ReflectionUtils.java:[9,16] sun.misc.Unsafe is internal proprietary API and may be removed in a future release
[WARNING] /app/src/test/java/kex-tests/tests/com/martinachov/hexagonal/domain/model/ReflectionUtils.java:[9,16] sun.misc.Unsafe is internal proprietary API and may be removed in a future release
[WARNING] /app/src/test/java/kex-tests/tests/com/martinachov/hexagonal/infrastructure/adapters/config/ReflectionUtils.java:[9,16] sun.misc.Unsafe is internal proprietary API and may be removed in a future release
[WARNING] /app/src/test/java/kex-tests/tests/com/martinachov/hexagonal/infrastructure/adapters/output/persistence/ReflectionUtils.java:[9,16] sun.misc.Unsafe is internal proprietary API and may be removed in a future release
[WARNING] /app/src/test/java/kex-tests/tests/com/martinachov/hexagonal/domain/service/ReflectionUtils.java:[9,16] sun.misc.Unsafe is internal proprietary API and may be removed in a future release
[WARNING] /app/src/test/java/kex-tests/tests/com/martinachov/hexagonal/ReflectionUtils.java:[9,16] sun.misc.Unsafe is internal proprietary API and may be removed in a future release
[WARNING] /app/src/test/java/kex-tests/tests/com/martinachov/hexagonal/infrastructure/adapters/output/persistence/entity/ReflectionUtils.java:[9,16] sun.misc.Unsafe is internal proprietary API and may be removed in a future release
[WARNING] /app/src/test/java/kex-tests/tests/com/martinachov/hexagonal/domain/exception/ReflectionUtils.java:[9,16] sun.misc.Unsafe is internal proprietary API and may be removed in a future release
[WARNING] /app/src/test/java/kex-tests/tests/com/martinachov/hexagonal/infrastructure/adapters/output/persistence/mapper/ReflectionUtils.java:[9,16] sun.misc.Unsafe is internal proprietary API and may be removed in a future release
[WARNING] /app/src/test/java/kex-tests/tests/com/martinachov/hexagonal/infrastructure/adapters/input/rest/data/response/ReflectionUtils.java:[9,16] sun.misc.Unsafe is internal proprietary API and may be removed in a future release
[WARNING] /app/src/test/java/kex-tests/tests/com/martinachov/hexagonal/infrastructure/adapters/input/rest/data/request/ReflectionUtils.java:[9,16] sun.misc.Unsafe is internal proprietary API and may be removed in a future release
[WARNING] /app/src/test/java/kex-tests/tests/com/martinachov/hexagonal/domain/model/ReflectionUtils.java:[9,16] sun.misc.Unsafe is internal proprietary API and may be removed in a future release
[WARNING] /app/src/test/java/kex-tests/tests/com/martinachov/hexagonal/infrastructure/adapters/config/ReflectionUtils.java:[9,16] sun.misc.Unsafe is internal proprietary API and may be removed in a future release
[WARNING] /app/src/test/java/kex-tests/tests/com/martinachov/hexagonal/infrastructure/adapters/output/persistence/ReflectionUtils.java:[9,16] sun.misc.Unsafe is internal proprietary API and may be removed in a future release
[WARNING] /app/src/test/java/kex-tests/tests/com/martinachov/hexagonal/domain/service/ReflectionUtils.java:[9,16] sun.misc.Unsafe is internal proprietary API and may be removed in a future release
[WARNING] /app/src/test/java/kex-tests/tests/com/martinachov/hexagonal/ReflectionUtils.java:[9,16] sun.misc.Unsafe is internal proprietary API and may be removed in a future release
[WARNING] /app/src/test/java/kex-tests/tests/com/martinachov/hexagonal/infrastructure/adapters/output/persistence/entity/ReflectionUtils.java:[9,16] sun.misc.Unsafe is internal proprietary API and may be removed in a future release
[WARNING] /app/src/test/java/kex-tests/tests/com/martinachov/hexagonal/domain/exception/ReflectionUtils.java:[9,16] sun.misc.Unsafe is internal proprietary API and may be removed in a future release
[WARNING] /app/src/test/java/kex-tests/tests/com/martinachov/hexagonal/infrastructure/adapters/output/persistence/mapper/ReflectionUtils.java:[9,16] sun.misc.Unsafe is internal proprietary API and may be removed in a future release
[WARNING] /app/src/test/java/kex-tests/tests/com/martinachov/hexagonal/infrastructure/adapters/input/rest/data/response/ReflectionUtils.java:[9,16] sun.misc.Unsafe is internal proprietary API and may be removed in a future release
[WARNING] /app/src/test/java/kex-tests/tests/com/martinachov/hexagonal/infrastructure/adapters/input/rest/data/request/ReflectionUtils.java:[9,16] sun.misc.Unsafe is internal proprietary API and may be removed in a future release
[WARNING] /app/src/test/java/kex-tests/tests/com/martinachov/hexagonal/domain/model/ReflectionUtils.java:[9,16] sun.misc.Unsafe is internal proprietary API and may be removed in a future release
[WARNING] /app/src/test/java/kex-tests/tests/com/martinachov/hexagonal/infrastructure/adapters/config/ReflectionUtils.java:[9,16] sun.misc.Unsafe is internal proprietary API and may be removed in a future release
[WARNING] /app/src/test/java/kex-tests/tests/com/martinachov/hexagonal/infrastructure/adapters/output/persistence/ReflectionUtils.java:[9,16] sun.misc.Unsafe is internal proprietary API and may be removed in a future release
[WARNING] /app/src/test/java/kex-tests/tests/com/martinachov/hexagonal/domain/service/ReflectionUtils.java:[9,16] sun.misc.Unsafe is internal proprietary API and may be removed in a future release
[WARNING] /app/src/test/java/kex-tests/tests/com/martinachov/hexagonal/ReflectionUtils.java:[9,16] sun.misc.Unsafe is internal proprietary API and may be removed in a future release
[WARNING] /app/src/test/java/kex-tests/tests/com/martinachov/hexagonal/infrastructure/adapters/output/persistence/entity/ReflectionUtils.java:[13,25] sun.misc.Unsafe is internal proprietary API and may be removed in a future release
[WARNING] /app/src/test/java/kex-tests/tests/com/martinachov/hexagonal/infrastructure/adapters/output/persistence/entity/ReflectionUtils.java:[13,25] sun.misc.Unsafe is internal proprietary API and may be removed in a future release
[WARNING] /app/src/test/java/kex-tests/tests/com/martinachov/hexagonal/infrastructure/adapters/output/persistence/entity/ReflectionUtils.java:[13,25] sun.misc.Unsafe is internal proprietary API and may be removed in a future release
[WARNING] /app/src/test/java/kex-tests/tests/com/martinachov/hexagonal/infrastructure/adapters/output/persistence/entity/ReflectionUtils.java:[13,25] sun.misc.Unsafe is internal proprietary API and may be removed in a future release
[WARNING] /app/src/test/java/kex-tests/tests/com/martinachov/hexagonal/infrastructure/adapters/output/persistence/entity/ReflectionUtils.java:[13,25] sun.misc.Unsafe is internal proprietary API and may be removed in a future release
[WARNING] /app/src/test/java/kex-tests/tests/com/martinachov/hexagonal/infrastructure/adapters/output/persistence/entity/ReflectionUtils.java:[17,31] sun.misc.Unsafe is internal proprietary API and may be removed in a future release
[WARNING] /app/src/test/java/kex-tests/tests/com/martinachov/hexagonal/infrastructure/adapters/output/persistence/entity/ReflectionUtils.java:[19,23] sun.misc.Unsafe is internal proprietary API and may be removed in a future release
[WARNING] /app/src/test/java/kex-tests/tests/com/martinachov/hexagonal/domain/exception/ReflectionUtils.java:[13,25] sun.misc.Unsafe is internal proprietary API and may be removed in a future release
[WARNING] /app/src/test/java/kex-tests/tests/com/martinachov/hexagonal/domain/exception/ReflectionUtils.java:[13,25] sun.misc.Unsafe is internal proprietary API and may be removed in a future release
[WARNING] /app/src/test/java/kex-tests/tests/com/martinachov/hexagonal/domain/exception/ReflectionUtils.java:[13,25] sun.misc.Unsafe is internal proprietary API and may be removed in a future release
[WARNING] /app/src/test/java/kex-tests/tests/com/martinachov/hexagonal/domain/exception/ReflectionUtils.java:[13,25] sun.misc.Unsafe is internal proprietary API and may be removed in a future release
[WARNING] /app/src/test/java/kex-tests/tests/com/martinachov/hexagonal/domain/exception/ReflectionUtils.java:[13,25] sun.misc.Unsafe is internal proprietary API and may be removed in a future release
[WARNING] /app/src/test/java/kex-tests/tests/com/martinachov/hexagonal/domain/exception/ReflectionUtils.java:[17,31] sun.misc.Unsafe is internal proprietary API and may be removed in a future release
[WARNING] /app/src/test/java/kex-tests/tests/com/martinachov/hexagonal/domain/exception/ReflectionUtils.java:[19,23] sun.misc.Unsafe is internal proprietary API and may be removed in a future release
[WARNING] /app/src/test/java/kex-tests/tests/com/martinachov/hexagonal/infrastructure/adapters/output/persistence/mapper/ReflectionUtils.java:[13,25] sun.misc.Unsafe is internal proprietary API and may be removed in a future release
[WARNING] /app/src/test/java/kex-tests/tests/com/martinachov/hexagonal/infrastructure/adapters/output/persistence/mapper/ReflectionUtils.java:[13,25] sun.misc.Unsafe is internal proprietary API and may be removed in a future release
[WARNING] /app/src/test/java/kex-tests/tests/com/martinachov/hexagonal/infrastructure/adapters/output/persistence/mapper/ReflectionUtils.java:[13,25] sun.misc.Unsafe is internal proprietary API and may be removed in a future release
[WARNING] /app/src/test/java/kex-tests/tests/com/martinachov/hexagonal/infrastructure/adapters/output/persistence/mapper/ReflectionUtils.java:[13,25] sun.misc.Unsafe is internal proprietary API and may be removed in a future release
[WARNING] /app/src/test/java/kex-tests/tests/com/martinachov/hexagonal/infrastructure/adapters/output/persistence/mapper/ReflectionUtils.java:[13,25] sun.misc.Unsafe is internal proprietary API and may be removed in a future release
[WARNING] /app/src/test/java/kex-tests/tests/com/martinachov/hexagonal/infrastructure/adapters/output/persistence/mapper/ReflectionUtils.java:[17,31] sun.misc.Unsafe is internal proprietary API and may be removed in a future release
[WARNING] /app/src/test/java/kex-tests/tests/com/martinachov/hexagonal/infrastructure/adapters/output/persistence/mapper/ReflectionUtils.java:[19,23] sun.misc.Unsafe is internal proprietary API and may be removed in a future release
[WARNING] /app/src/test/java/kex-tests/tests/com/martinachov/hexagonal/infrastructure/adapters/input/rest/data/response/ReflectionUtils.java:[13,25] sun.misc.Unsafe is internal proprietary API and may be removed in a future release
[WARNING] /app/src/test/java/kex-tests/tests/com/martinachov/hexagonal/infrastructure/adapters/input/rest/data/response/ReflectionUtils.java:[13,25] sun.misc.Unsafe is internal proprietary API and may be removed in a future release
[WARNING] /app/src/test/java/kex-tests/tests/com/martinachov/hexagonal/infrastructure/adapters/input/rest/data/response/ReflectionUtils.java:[13,25] sun.misc.Unsafe is internal proprietary API and may be removed in a future release
[WARNING] /app/src/test/java/kex-tests/tests/com/martinachov/hexagonal/infrastructure/adapters/input/rest/data/response/ReflectionUtils.java:[13,25] sun.misc.Unsafe is internal proprietary API and may be removed in a future release
[WARNING] /app/src/test/java/kex-tests/tests/com/martinachov/hexagonal/infrastructure/adapters/input/rest/data/response/ReflectionUtils.java:[13,25] sun.misc.Unsafe is internal proprietary API and may be removed in a future release
[WARNING] /app/src/test/java/kex-tests/tests/com/martinachov/hexagonal/infrastructure/adapters/input/rest/data/response/ReflectionUtils.java:[17,31] sun.misc.Unsafe is internal proprietary API and may be removed in a future release
[WARNING] /app/src/test/java/kex-tests/tests/com/martinachov/hexagonal/infrastructure/adapters/input/rest/data/response/ReflectionUtils.java:[19,23] sun.misc.Unsafe is internal proprietary API and may be removed in a future release
[WARNING] /app/src/test/java/kex-tests/tests/com/martinachov/hexagonal/infrastructure/adapters/input/rest/data/request/ReflectionUtils.java:[13,25] sun.misc.Unsafe is internal proprietary API and may be removed in a future release
[WARNING] /app/src/test/java/kex-tests/tests/com/martinachov/hexagonal/infrastructure/adapters/input/rest/data/request/ReflectionUtils.java:[13,25] sun.misc.Unsafe is internal proprietary API and may be removed in a future release
[WARNING] /app/src/test/java/kex-tests/tests/com/martinachov/hexagonal/infrastructure/adapters/input/rest/data/request/ReflectionUtils.java:[13,25] sun.misc.Unsafe is internal proprietary API and may be removed in a future release
[WARNING] /app/src/test/java/kex-tests/tests/com/martinachov/hexagonal/infrastructure/adapters/input/rest/data/request/ReflectionUtils.java:[13,25] sun.misc.Unsafe is internal proprietary API and may be removed in a future release
[WARNING] /app/src/test/java/kex-tests/tests/com/martinachov/hexagonal/infrastructure/adapters/input/rest/data/request/ReflectionUtils.java:[13,25] sun.misc.Unsafe is internal proprietary API and may be removed in a future release
[WARNING] /app/src/test/java/kex-tests/tests/com/martinachov/hexagonal/infrastructure/adapters/input/rest/data/request/ReflectionUtils.java:[17,31] sun.misc.Unsafe is internal proprietary API and may be removed in a future release
[WARNING] /app/src/test/java/kex-tests/tests/com/martinachov/hexagonal/infrastructure/adapters/input/rest/data/request/ReflectionUtils.java:[19,23] sun.misc.Unsafe is internal proprietary API and may be removed in a future release
[WARNING] /app/src/test/java/kex-tests/tests/com/martinachov/hexagonal/domain/model/ReflectionUtils.java:[13,25] sun.misc.Unsafe is internal proprietary API and may be removed in a future release
[WARNING] /app/src/test/java/kex-tests/tests/com/martinachov/hexagonal/domain/model/ReflectionUtils.java:[13,25] sun.misc.Unsafe is internal proprietary API and may be removed in a future release
[WARNING] /app/src/test/java/kex-tests/tests/com/martinachov/hexagonal/domain/model/ReflectionUtils.java:[13,25] sun.misc.Unsafe is internal proprietary API and may be removed in a future release
[WARNING] /app/src/test/java/kex-tests/tests/com/martinachov/hexagonal/domain/model/ReflectionUtils.java:[13,25] sun.misc.Unsafe is internal proprietary API and may be removed in a future release
[WARNING] /app/src/test/java/kex-tests/tests/com/martinachov/hexagonal/domain/model/ReflectionUtils.java:[13,25] sun.misc.Unsafe is internal proprietary API and may be removed in a future release
[WARNING] /app/src/test/java/kex-tests/tests/com/martinachov/hexagonal/domain/model/ReflectionUtils.java:[17,31] sun.misc.Unsafe is internal proprietary API and may be removed in a future release
[WARNING] /app/src/test/java/kex-tests/tests/com/martinachov/hexagonal/domain/model/ReflectionUtils.java:[19,23] sun.misc.Unsafe is internal proprietary API and may be removed in a future release
[WARNING] /app/src/test/java/kex-tests/tests/com/martinachov/hexagonal/infrastructure/adapters/config/ReflectionUtils.java:[13,25] sun.misc.Unsafe is internal proprietary API and may be removed in a future release
[WARNING] /app/src/test/java/kex-tests/tests/com/martinachov/hexagonal/infrastructure/adapters/config/ReflectionUtils.java:[13,25] sun.misc.Unsafe is internal proprietary API and may be removed in a future release
[WARNING] /app/src/test/java/kex-tests/tests/com/martinachov/hexagonal/infrastructure/adapters/config/ReflectionUtils.java:[13,25] sun.misc.Unsafe is internal proprietary API and may be removed in a future release
[WARNING] /app/src/test/java/kex-tests/tests/com/martinachov/hexagonal/infrastructure/adapters/config/ReflectionUtils.java:[13,25] sun.misc.Unsafe is internal proprietary API and may be removed in a future release
[WARNING] /app/src/test/java/kex-tests/tests/com/martinachov/hexagonal/infrastructure/adapters/config/ReflectionUtils.java:[13,25] sun.misc.Unsafe is internal proprietary API and may be removed in a future release
[WARNING] /app/src/test/java/kex-tests/tests/com/martinachov/hexagonal/infrastructure/adapters/config/ReflectionUtils.java:[17,31] sun.misc.Unsafe is internal proprietary API and may be removed in a future release
[WARNING] /app/src/test/java/kex-tests/tests/com/martinachov/hexagonal/infrastructure/adapters/config/ReflectionUtils.java:[19,23] sun.misc.Unsafe is internal proprietary API and may be removed in a future release
[WARNING] /app/src/test/java/kex-tests/tests/com/martinachov/hexagonal/infrastructure/adapters/output/persistence/ReflectionUtils.java:[13,25] sun.misc.Unsafe is internal proprietary API and may be removed in a future release
[INFO] /app/src/test/java/kex-tests/tests/com/martinachov/hexagonal/infrastructure/adapters/input/rest/data/response/ProductResponse_ProductResponseBuilder_name_10537684872.java: Some input files use or override a deprecated API.
[INFO] /app/src/test/java/kex-tests/tests/com/martinachov/hexagonal/infrastructure/adapters/input/rest/data/response/ProductResponse_ProductResponseBuilder_name_10537684872.java: Recompile with -Xlint:deprecation for details.
[INFO] 
[INFO] --- maven-surefire-plugin:2.22.2:test (default-test) @ hexagonal ---
[INFO] 
[INFO] -------------------------------------------------------
[INFO]  T E S T S
[INFO] -------------------------------------------------------
[INFO] Running com.martinachov.hexagonal.HexagonalArchitectureApplication_init_19795041320
[INFO] Tests run: 1, Failures: 0, Errors: 0, Skipped: 0, Time elapsed: 0.009 s - in com.martinachov.hexagonal.HexagonalArchitectureApplication_init_19795041320
[INFO] Running com.martinachov.hexagonal.HexagonalArchitectureApplication_init_19795041322
[INFO] Tests run: 1, Failures: 0, Errors: 0, Skipped: 0, Time elapsed: 0 s - in com.martinachov.hexagonal.HexagonalArchitectureApplication_init_19795041322
[INFO] Running com.martinachov.hexagonal.infrastructure.adapters.input.rest.data.response.ProductResponse_init_21208196087
[INFO] Tests run: 1, Failures: 0, Errors: 0, Skipped: 0, Time elapsed: 0 s - in com.martinachov.hexagonal.infrastructure.adapters.input.rest.data.response.ProductResponse_init_21208196087
[INFO] Running com.martinachov.hexagonal.infrastructure.adapters.input.rest.data.response.ProductResponse_ProductResponseBuilder_description_16197436563
[INFO] Tests run: 1, Failures: 0, Errors: 0, Skipped: 0, Time elapsed: 0.001 s - in com.martinachov.hexagonal.infrastructure.adapters.input.rest.data.response.ProductResponse_ProductResponseBuilder_description_16197436563
[INFO] Running com.martinachov.hexagonal.infrastructure.adapters.input.rest.data.response.ProductResponse_setId_11702569954
[INFO] Tests run: 1, Failures: 0, Errors: 0, Skipped: 0, Time elapsed: 0 s - in com.martinachov.hexagonal.infrastructure.adapters.input.rest.data.response.ProductResponse_setId_11702569954
[INFO] Running com.martinachov.hexagonal.infrastructure.adapters.input.rest.data.response.ProductResponse_init_6189120708
[INFO] Tests run: 1, Failures: 0, Errors: 0, Skipped: 0, Time elapsed: 0 s - in com.martinachov.hexagonal.infrastructure.adapters.input.rest.data.response.ProductResponse_init_6189120708
[INFO] Running com.martinachov.hexagonal.infrastructure.adapters.input.rest.data.response.ProductResponse_ProductResponseBuilder_toString_20143015045
[INFO] Tests run: 1, Failures: 0, Errors: 0, Skipped: 0, Time elapsed: 0 s - in com.martinachov.hexagonal.infrastructure.adapters.input.rest.data.response.ProductResponse_ProductResponseBuilder_toString_20143015045
[INFO] Running com.martinachov.hexagonal.infrastructure.adapters.input.rest.data.response.ProductResponse_ProductResponseBuilder_build_176964402810
[INFO] Tests run: 1, Failures: 0, Errors: 0, Skipped: 0, Time elapsed: 0 s - in com.martinachov.hexagonal.infrastructure.adapters.input.rest.data.response.ProductResponse_ProductResponseBuilder_build_176964402810
[INFO] Running com.martinachov.hexagonal.infrastructure.adapters.input.rest.data.response.ProductResponse_setName_175248675014
[INFO] Tests run: 1, Failures: 0, Errors: 0, Skipped: 0, Time elapsed: 0 s - in com.martinachov.hexagonal.infrastructure.adapters.input.rest.data.response.ProductResponse_setName_175248675014
[INFO] Running com.martinachov.hexagonal.infrastructure.adapters.input.rest.data.response.ProductResponse_ProductResponseBuilder_description_16197436569
[INFO] Tests run: 1, Failures: 0, Errors: 0, Skipped: 0, Time elapsed: 0 s - in com.martinachov.hexagonal.infrastructure.adapters.input.rest.data.response.ProductResponse_ProductResponseBuilder_description_16197436569
[INFO] Running com.martinachov.hexagonal.infrastructure.adapters.input.rest.data.response.ProductResponse_setId_117025699513
[INFO] Tests run: 1, Failures: 0, Errors: 0, Skipped: 0, Time elapsed: 0 s - in com.martinachov.hexagonal.infrastructure.adapters.input.rest.data.response.ProductResponse_setId_117025699513
[INFO] Running com.martinachov.hexagonal.infrastructure.adapters.input.rest.data.response.ProductResponse_ProductResponseBuilder_id_284908367
[INFO] Tests run: 1, Failures: 0, Errors: 0, Skipped: 0, Time elapsed: 0 s - in com.martinachov.hexagonal.infrastructure.adapters.input.rest.data.response.ProductResponse_ProductResponseBuilder_id_284908367
[INFO] Running com.martinachov.hexagonal.infrastructure.adapters.input.rest.data.response.ProductResponse_getName_3261018211
[INFO] Tests run: 1, Failures: 0, Errors: 0, Skipped: 0, Time elapsed: 0 s - in com.martinachov.hexagonal.infrastructure.adapters.input.rest.data.response.ProductResponse_getName_3261018211
[INFO] Running com.martinachov.hexagonal.infrastructure.adapters.input.rest.data.response.ProductResponse_getDescription_115974910912
[INFO] Tests run: 1, Failures: 0, Errors: 0, Skipped: 0, Time elapsed: 0 s - in com.martinachov.hexagonal.infrastructure.adapters.input.rest.data.response.ProductResponse_getDescription_115974910912
[INFO] Running com.martinachov.hexagonal.infrastructure.adapters.input.rest.data.response.ProductResponse_getId_16002987531
[INFO] Tests run: 1, Failures: 0, Errors: 0, Skipped: 0, Time elapsed: 0 s - in com.martinachov.hexagonal.infrastructure.adapters.input.rest.data.response.ProductResponse_getId_16002987531
[INFO] Running com.martinachov.hexagonal.infrastructure.adapters.input.rest.data.response.ProductResponse_init_212081960816
[INFO] Tests run: 1, Failures: 0, Errors: 0, Skipped: 0, Time elapsed: 0 s - in com.martinachov.hexagonal.infrastructure.adapters.input.rest.data.response.ProductResponse_init_212081960816
[INFO] Running com.martinachov.hexagonal.infrastructure.adapters.input.rest.data.response.ProductResponse_builder_84484910
[INFO] Tests run: 1, Failures: 0, Errors: 0, Skipped: 0, Time elapsed: 0 s - in com.martinachov.hexagonal.infrastructure.adapters.input.rest.data.response.ProductResponse_builder_84484910
[INFO] Running com.martinachov.hexagonal.infrastructure.adapters.input.rest.data.response.ProductResponse_setDescription_105669829315
[INFO] Tests run: 1, Failures: 0, Errors: 0, Skipped: 0, Time elapsed: 0 s - in com.martinachov.hexagonal.infrastructure.adapters.input.rest.data.response.ProductResponse_setDescription_105669829315
[INFO] Running com.martinachov.hexagonal.infrastructure.adapters.input.rest.data.response.ProductResponse_ProductResponseBuilder_name_10537684872
[INFO] Tests run: 1, Failures: 0, Errors: 0, Skipped: 0, Time elapsed: 0 s - in com.martinachov.hexagonal.infrastructure.adapters.input.rest.data.response.ProductResponse_ProductResponseBuilder_name_10537684872
[INFO] Running com.martinachov.hexagonal.infrastructure.adapters.input.rest.data.response.ProductResponse_ProductResponseBuilder_build_17696440284
[INFO] Tests run: 1, Failures: 0, Errors: 0, Skipped: 0, Time elapsed: 0 s - in com.martinachov.hexagonal.infrastructure.adapters.input.rest.data.response.ProductResponse_ProductResponseBuilder_build_17696440284
[INFO] Running com.martinachov.hexagonal.infrastructure.adapters.input.rest.data.response.ProductResponse_init_61891207017
[INFO] Tests run: 1, Failures: 0, Errors: 0, Skipped: 0, Time elapsed: 0 s - in com.martinachov.hexagonal.infrastructure.adapters.input.rest.data.response.ProductResponse_init_61891207017
[INFO] Running com.martinachov.hexagonal.infrastructure.adapters.input.rest.data.response.ProductResponse_ProductResponseBuilder_toString_201430150411
[INFO] Tests run: 1, Failures: 0, Errors: 0, Skipped: 0, Time elapsed: 0 s - in com.martinachov.hexagonal.infrastructure.adapters.input.rest.data.response.ProductResponse_ProductResponseBuilder_toString_201430150411
[INFO] Running com.martinachov.hexagonal.infrastructure.adapters.input.rest.data.response.ProductResponse_ProductResponseBuilder_id_284908361
[INFO] Tests run: 1, Failures: 0, Errors: 0, Skipped: 0, Time elapsed: 0 s - in com.martinachov.hexagonal.infrastructure.adapters.input.rest.data.response.ProductResponse_ProductResponseBuilder_id_284908361
[INFO] Running com.martinachov.hexagonal.infrastructure.adapters.input.rest.data.response.ProductResponse_ProductResponseBuilder_init_14688456530
[INFO] Tests run: 1, Failures: 0, Errors: 0, Skipped: 0, Time elapsed: 0 s - in com.martinachov.hexagonal.infrastructure.adapters.input.rest.data.response.ProductResponse_ProductResponseBuilder_init_14688456530
[INFO] Running com.martinachov.hexagonal.infrastructure.adapters.input.rest.data.response.ProductResponse_getDescription_11597491093
[INFO] Tests run: 1, Failures: 0, Errors: 0, Skipped: 0, Time elapsed: 0 s - in com.martinachov.hexagonal.infrastructure.adapters.input.rest.data.response.ProductResponse_getDescription_11597491093
[INFO] Running com.martinachov.hexagonal.infrastructure.adapters.input.rest.data.response.ProductResponse_setDescription_10566982936
[INFO] Tests run: 1, Failures: 0, Errors: 0, Skipped: 0, Time elapsed: 0 s - in com.martinachov.hexagonal.infrastructure.adapters.input.rest.data.response.ProductResponse_setDescription_10566982936
[INFO] Running com.martinachov.hexagonal.infrastructure.adapters.input.rest.data.response.ProductResponse_getId_160029875310
[INFO] Tests run: 1, Failures: 0, Errors: 0, Skipped: 0, Time elapsed: 0 s - in com.martinachov.hexagonal.infrastructure.adapters.input.rest.data.response.ProductResponse_getId_160029875310
[INFO] Running com.martinachov.hexagonal.infrastructure.adapters.input.rest.data.response.ProductResponse_builder_84484919
[INFO] Tests run: 1, Failures: 0, Errors: 0, Skipped: 0, Time elapsed: 0 s - in com.martinachov.hexagonal.infrastructure.adapters.input.rest.data.response.ProductResponse_builder_84484919
[INFO] Running com.martinachov.hexagonal.infrastructure.adapters.input.rest.data.response.ProductResponse_ProductResponseBuilder_name_10537684878
[INFO] Tests run: 1, Failures: 0, Errors: 0, Skipped: 0, Time elapsed: 0 s - in com.martinachov.hexagonal.infrastructure.adapters.input.rest.data.response.ProductResponse_ProductResponseBuilder_name_10537684878
[INFO] Running com.martinachov.hexagonal.infrastructure.adapters.input.rest.data.response.ProductResponse_setName_17524867505
[INFO] Tests run: 1, Failures: 0, Errors: 0, Skipped: 0, Time elapsed: 0 s - in com.martinachov.hexagonal.infrastructure.adapters.input.rest.data.response.ProductResponse_setName_17524867505
[INFO] Running com.martinachov.hexagonal.infrastructure.adapters.input.rest.data.response.ProductResponse_ProductResponseBuilder_init_14688456536
[INFO] Tests run: 1, Failures: 0, Errors: 0, Skipped: 0, Time elapsed: 0 s - in com.martinachov.hexagonal.infrastructure.adapters.input.rest.data.response.ProductResponse_ProductResponseBuilder_init_14688456536
[INFO] Running com.martinachov.hexagonal.infrastructure.adapters.input.rest.data.response.ProductResponse_getName_326101822
[INFO] Tests run: 1, Failures: 0, Errors: 0, Skipped: 0, Time elapsed: 0 s - in com.martinachov.hexagonal.infrastructure.adapters.input.rest.data.response.ProductResponse_getName_326101822
[INFO] Running com.martinachov.hexagonal.infrastructure.adapters.input.rest.data.request.ProductRequest_setDescription_88221258911
[INFO] Tests run: 1, Failures: 0, Errors: 0, Skipped: 0, Time elapsed: 0 s - in com.martinachov.hexagonal.infrastructure.adapters.input.rest.data.request.ProductRequest_setDescription_88221258911
[INFO] Running com.martinachov.hexagonal.infrastructure.adapters.input.rest.data.request.ProductRequest_ProductRequestBuilder_name_14089155451
[INFO] Tests run: 1, Failures: 0, Errors: 0, Skipped: 0, Time elapsed: 0 s - in com.martinachov.hexagonal.infrastructure.adapters.input.rest.data.request.ProductRequest_ProductRequestBuilder_name_14089155451
[INFO] Running com.martinachov.hexagonal.infrastructure.adapters.input.rest.data.request.ProductRequest_init_17371443446
[INFO] Tests run: 1, Failures: 0, Errors: 0, Skipped: 0, Time elapsed: 0 s - in com.martinachov.hexagonal.infrastructure.adapters.input.rest.data.request.ProductRequest_init_17371443446
[INFO] Running com.martinachov.hexagonal.infrastructure.adapters.input.rest.data.request.ProductRequest_getDescription_7791617732
[INFO] Tests run: 1, Failures: 0, Errors: 0, Skipped: 0, Time elapsed: 0 s - in com.martinachov.hexagonal.infrastructure.adapters.input.rest.data.request.ProductRequest_getDescription_7791617732
[INFO] Running com.martinachov.hexagonal.infrastructure.adapters.input.rest.data.request.ProductRequest_builder_3940054890
[INFO] Tests run: 1, Failures: 0, Errors: 0, Skipped: 0, Time elapsed: 0 s - in com.martinachov.hexagonal.infrastructure.adapters.input.rest.data.request.ProductRequest_builder_3940054890
[INFO] Running com.martinachov.hexagonal.infrastructure.adapters.input.rest.data.request.ProductRequest_init_19806903125
[INFO] Tests run: 1, Failures: 0, Errors: 0, Skipped: 0, Time elapsed: 0.001 s - in com.martinachov.hexagonal.infrastructure.adapters.input.rest.data.request.ProductRequest_init_19806903125
[INFO] Running com.martinachov.hexagonal.infrastructure.adapters.input.rest.data.request.ProductRequest_setName_60356966410
[INFO] Tests run: 1, Failures: 0, Errors: 0, Skipped: 0, Time elapsed: 0 s - in com.martinachov.hexagonal.infrastructure.adapters.input.rest.data.request.ProductRequest_setName_60356966410
[INFO] Running com.martinachov.hexagonal.infrastructure.adapters.input.rest.data.request.ProductRequest_setName_6035696643
[INFO] Tests run: 1, Failures: 0, Errors: 0, Skipped: 0, Time elapsed: 0 s - in com.martinachov.hexagonal.infrastructure.adapters.input.rest.data.request.ProductRequest_setName_6035696643
[INFO] Running com.martinachov.hexagonal.infrastructure.adapters.input.rest.data.request.ProductRequest_ProductRequestBuilder_toString_11049713569
[INFO] Tests run: 1, Failures: 0, Errors: 0, Skipped: 0, Time elapsed: 0 s - in com.martinachov.hexagonal.infrastructure.adapters.input.rest.data.request.ProductRequest_ProductRequestBuilder_toString_11049713569
[INFO] Running com.martinachov.hexagonal.infrastructure.adapters.input.rest.data.request.ProductRequest_ProductRequestBuilder_init_5595155055
[INFO] Tests run: 1, Failures: 0, Errors: 0, Skipped: 0, Time elapsed: 0 s - in com.martinachov.hexagonal.infrastructure.adapters.input.rest.data.request.ProductRequest_ProductRequestBuilder_init_5595155055
[INFO] Running com.martinachov.hexagonal.infrastructure.adapters.input.rest.data.request.ProductRequest_setDescription_8822125894
[INFO] Tests run: 1, Failures: 0, Errors: 0, Skipped: 0, Time elapsed: 0 s - in com.martinachov.hexagonal.infrastructure.adapters.input.rest.data.request.ProductRequest_setDescription_8822125894
[INFO] Running com.martinachov.hexagonal.infrastructure.adapters.input.rest.data.request.ProductRequest_ProductRequestBuilder_toString_11049713564
[INFO] Tests run: 1, Failures: 0, Errors: 0, Skipped: 0, Time elapsed: 0.001 s - in com.martinachov.hexagonal.infrastructure.adapters.input.rest.data.request.ProductRequest_ProductRequestBuilder_toString_11049713564
[INFO] Running com.martinachov.hexagonal.infrastructure.adapters.input.rest.data.request.ProductRequest_ProductRequestBuilder_build_15709925863
[INFO] Tests run: 1, Failures: 0, Errors: 0, Skipped: 0, Time elapsed: 0 s - in com.martinachov.hexagonal.infrastructure.adapters.input.rest.data.request.ProductRequest_ProductRequestBuilder_build_15709925863
[INFO] Running com.martinachov.hexagonal.infrastructure.adapters.input.rest.data.request.ProductRequest_init_198069031212
[INFO] Tests run: 1, Failures: 0, Errors: 0, Skipped: 0, Time elapsed: 0 s - in com.martinachov.hexagonal.infrastructure.adapters.input.rest.data.request.ProductRequest_init_198069031212
[INFO] Running com.martinachov.hexagonal.infrastructure.adapters.input.rest.data.request.ProductRequest_getName_19715210648
[INFO] Tests run: 1, Failures: 0, Errors: 0, Skipped: 0, Time elapsed: 0 s - in com.martinachov.hexagonal.infrastructure.adapters.input.rest.data.request.ProductRequest_getName_19715210648
[INFO] Running com.martinachov.hexagonal.infrastructure.adapters.input.rest.data.request.ProductRequest_ProductRequestBuilder_description_2125396087
[INFO] Tests run: 1, Failures: 0, Errors: 0, Skipped: 0, Time elapsed: 0 s - in com.martinachov.hexagonal.infrastructure.adapters.input.rest.data.request.ProductRequest_ProductRequestBuilder_description_2125396087
[INFO] Running com.martinachov.hexagonal.infrastructure.adapters.input.rest.data.request.ProductRequest_getName_19715210641
[INFO] Tests run: 1, Failures: 0, Errors: 0, Skipped: 0, Time elapsed: 0 s - in com.martinachov.hexagonal.infrastructure.adapters.input.rest.data.request.ProductRequest_getName_19715210641
[INFO] Running com.martinachov.hexagonal.infrastructure.adapters.input.rest.data.request.ProductRequest_ProductRequestBuilder_init_5595155050
[INFO] Tests run: 1, Failures: 0, Errors: 0, Skipped: 0, Time elapsed: 0 s - in com.martinachov.hexagonal.infrastructure.adapters.input.rest.data.request.ProductRequest_ProductRequestBuilder_init_5595155050
[INFO] Running com.martinachov.hexagonal.infrastructure.adapters.input.rest.data.request.ProductRequest_ProductRequestBuilder_name_14089155456
[INFO] Tests run: 1, Failures: 0, Errors: 0, Skipped: 0, Time elapsed: 0 s - in com.martinachov.hexagonal.infrastructure.adapters.input.rest.data.request.ProductRequest_ProductRequestBuilder_name_14089155456
[INFO] Running com.martinachov.hexagonal.infrastructure.adapters.input.rest.data.request.ProductRequest_getDescription_7791617739
[INFO] Tests run: 1, Failures: 0, Errors: 0, Skipped: 0, Time elapsed: 0 s - in com.martinachov.hexagonal.infrastructure.adapters.input.rest.data.request.ProductRequest_getDescription_7791617739
[INFO] Running com.martinachov.hexagonal.infrastructure.adapters.input.rest.data.request.ProductRequest_ProductRequestBuilder_build_15709925868
[INFO] Tests run: 1, Failures: 0, Errors: 0, Skipped: 0, Time elapsed: 0 s - in com.martinachov.hexagonal.infrastructure.adapters.input.rest.data.request.ProductRequest_ProductRequestBuilder_build_15709925868
[INFO] Running com.martinachov.hexagonal.infrastructure.adapters.input.rest.data.request.ProductRequest_init_173714434413
[INFO] Tests run: 1, Failures: 0, Errors: 0, Skipped: 0, Time elapsed: 0 s - in com.martinachov.hexagonal.infrastructure.adapters.input.rest.data.request.ProductRequest_init_173714434413
[INFO] Running com.martinachov.hexagonal.infrastructure.adapters.input.rest.data.request.ProductRequest_builder_3940054897
[INFO] Tests run: 1, Failures: 0, Errors: 0, Skipped: 0, Time elapsed: 0 s - in com.martinachov.hexagonal.infrastructure.adapters.input.rest.data.request.ProductRequest_builder_3940054897
[INFO] Running com.martinachov.hexagonal.infrastructure.adapters.input.rest.data.request.ProductRequest_ProductRequestBuilder_description_2125396082
[INFO] Tests run: 1, Failures: 0, Errors: 0, Skipped: 0, Time elapsed: 0.001 s - in com.martinachov.hexagonal.infrastructure.adapters.input.rest.data.request.ProductRequest_ProductRequestBuilder_description_2125396082
[INFO] Running com.martinachov.hexagonal.infrastructure.adapters.config.BeanConfiguration_init_3764184661
[INFO] Tests run: 1, Failures: 0, Errors: 0, Skipped: 0, Time elapsed: 0 s - in com.martinachov.hexagonal.infrastructure.adapters.config.BeanConfiguration_init_3764184661
[INFO] Running com.martinachov.hexagonal.infrastructure.adapters.config.BeanConfiguration_init_3764184660
[INFO] Tests run: 1, Failures: 0, Errors: 0, Skipped: 0, Time elapsed: 0 s - in com.martinachov.hexagonal.infrastructure.adapters.config.BeanConfiguration_init_3764184660
[INFO] Running com.martinachov.hexagonal.infrastructure.adapters.output.persistence.entity.ProductEntity_setId_60127073213
[INFO] Tests run: 1, Failures: 0, Errors: 0, Skipped: 0, Time elapsed: 0 s - in com.martinachov.hexagonal.infrastructure.adapters.output.persistence.entity.ProductEntity_setId_60127073213
[INFO] Running com.martinachov.hexagonal.infrastructure.adapters.output.persistence.entity.ProductEntity_init_155183334516
[INFO] Tests run: 1, Failures: 0, Errors: 0, Skipped: 0, Time elapsed: 0 s - in com.martinachov.hexagonal.infrastructure.adapters.output.persistence.entity.ProductEntity_init_155183334516
[INFO] Running com.martinachov.hexagonal.infrastructure.adapters.output.persistence.entity.ProductEntity_setName_118350048714
[INFO] Tests run: 1, Failures: 0, Errors: 0, Skipped: 0, Time elapsed: 0 s - in com.martinachov.hexagonal.infrastructure.adapters.output.persistence.entity.ProductEntity_setName_118350048714
[INFO] Running com.martinachov.hexagonal.infrastructure.adapters.output.persistence.entity.ProductEntity_ProductEntityBuilder_init_1767456460
[INFO] Tests run: 1, Failures: 0, Errors: 0, Skipped: 0, Time elapsed: 0 s - in com.martinachov.hexagonal.infrastructure.adapters.output.persistence.entity.ProductEntity_ProductEntityBuilder_init_1767456460
[INFO] Running com.martinachov.hexagonal.infrastructure.adapters.output.persistence.entity.ProductEntity_ProductEntityBuilder_description_17570849843
[INFO] Tests run: 1, Failures: 0, Errors: 0, Skipped: 0, Time elapsed: 0.001 s - in com.martinachov.hexagonal.infrastructure.adapters.output.persistence.entity.ProductEntity_ProductEntityBuilder_description_17570849843
[INFO] Running com.martinachov.hexagonal.infrastructure.adapters.output.persistence.entity.ProductEntity_getDescription_17287353723
[INFO] Tests run: 1, Failures: 0, Errors: 0, Skipped: 0, Time elapsed: 0 s - in com.martinachov.hexagonal.infrastructure.adapters.output.persistence.entity.ProductEntity_getDescription_17287353723
[INFO] Running com.martinachov.hexagonal.infrastructure.adapters.output.persistence.entity.ProductEntity_setId_6012707324
[INFO] Tests run: 1, Failures: 0, Errors: 0, Skipped: 0, Time elapsed: 0 s - in com.martinachov.hexagonal.infrastructure.adapters.output.persistence.entity.ProductEntity_setId_6012707324
[INFO] Running com.martinachov.hexagonal.infrastructure.adapters.output.persistence.entity.ProductEntity_setDescription_162568455615
[INFO] Tests run: 1, Failures: 0, Errors: 0, Skipped: 0, Time elapsed: 0 s - in com.martinachov.hexagonal.infrastructure.adapters.output.persistence.entity.ProductEntity_setDescription_162568455615
[INFO] Running com.martinachov.hexagonal.infrastructure.adapters.output.persistence.entity.ProductEntity_getId_103131249010
[INFO] Tests run: 1, Failures: 0, Errors: 0, Skipped: 0, Time elapsed: 0 s - in com.martinachov.hexagonal.infrastructure.adapters.output.persistence.entity.ProductEntity_getId_103131249010
[INFO] Running com.martinachov.hexagonal.infrastructure.adapters.output.persistence.entity.ProductEntity_ProductEntityBuilder_build_10648310284
[INFO] Tests run: 1, Failures: 0, Errors: 0, Skipped: 0, Time elapsed: 0 s - in com.martinachov.hexagonal.infrastructure.adapters.output.persistence.entity.ProductEntity_ProductEntityBuilder_build_10648310284
[INFO] Running com.martinachov.hexagonal.infrastructure.adapters.output.persistence.entity.ProductEntity_ProductEntityBuilder_toString_72220149711
[INFO] Tests run: 1, Failures: 0, Errors: 0, Skipped: 0, Time elapsed: 0 s - in com.martinachov.hexagonal.infrastructure.adapters.output.persistence.entity.ProductEntity_ProductEntityBuilder_toString_72220149711
[INFO] Running com.martinachov.hexagonal.infrastructure.adapters.output.persistence.entity.ProductEntity_ProductEntityBuilder_name_1356298312
[INFO] Tests run: 1, Failures: 0, Errors: 0, Skipped: 0, Time elapsed: 0 s - in com.martinachov.hexagonal.infrastructure.adapters.output.persistence.entity.ProductEntity_ProductEntityBuilder_name_1356298312
[INFO] Running com.martinachov.hexagonal.infrastructure.adapters.output.persistence.entity.ProductEntity_getDescription_172873537212
[INFO] Tests run: 1, Failures: 0, Errors: 0, Skipped: 0, Time elapsed: 0 s - in com.martinachov.hexagonal.infrastructure.adapters.output.persistence.entity.ProductEntity_getDescription_172873537212
[INFO] Running com.martinachov.hexagonal.infrastructure.adapters.output.persistence.entity.ProductEntity_init_499258078
[INFO] Tests run: 1, Failures: 0, Errors: 0, Skipped: 0, Time elapsed: 0 s - in com.martinachov.hexagonal.infrastructure.adapters.output.persistence.entity.ProductEntity_init_499258078
[INFO] Running com.martinachov.hexagonal.infrastructure.adapters.output.persistence.entity.ProductEntity_builder_1865764210
[INFO] Tests run: 1, Failures: 0, Errors: 0, Skipped: 0, Time elapsed: 0 s - in com.martinachov.hexagonal.infrastructure.adapters.output.persistence.entity.ProductEntity_builder_1865764210
[INFO] Running com.martinachov.hexagonal.infrastructure.adapters.output.persistence.entity.ProductEntity_ProductEntityBuilder_name_1356298318
[INFO] Tests run: 1, Failures: 0, Errors: 0, Skipped: 0, Time elapsed: 0 s - in com.martinachov.hexagonal.infrastructure.adapters.output.persistence.entity.ProductEntity_ProductEntityBuilder_name_1356298318
[INFO] Running com.martinachov.hexagonal.infrastructure.adapters.output.persistence.entity.ProductEntity_ProductEntityBuilder_id_9466294927
[INFO] Tests run: 1, Failures: 0, Errors: 0, Skipped: 0, Time elapsed: 0 s - in com.martinachov.hexagonal.infrastructure.adapters.output.persistence.entity.ProductEntity_ProductEntityBuilder_id_9466294927
[INFO] Running com.martinachov.hexagonal.infrastructure.adapters.output.persistence.entity.ProductEntity_ProductEntityBuilder_toString_7222014975
[INFO] Tests run: 1, Failures: 0, Errors: 0, Skipped: 0, Time elapsed: 0.001 s - in com.martinachov.hexagonal.infrastructure.adapters.output.persistence.entity.ProductEntity_ProductEntityBuilder_toString_7222014975
[INFO] Running com.martinachov.hexagonal.infrastructure.adapters.output.persistence.entity.ProductEntity_ProductEntityBuilder_build_106483102810
[INFO] Tests run: 1, Failures: 0, Errors: 0, Skipped: 0, Time elapsed: 0 s - in com.martinachov.hexagonal.infrastructure.adapters.output.persistence.entity.ProductEntity_ProductEntityBuilder_build_106483102810
[INFO] Running com.martinachov.hexagonal.infrastructure.adapters.output.persistence.entity.ProductEntity_getName_53637608111
[INFO] Tests run: 1, Failures: 0, Errors: 0, Skipped: 0, Time elapsed: 0 s - in com.martinachov.hexagonal.infrastructure.adapters.output.persistence.entity.ProductEntity_getName_53637608111
[INFO] Running com.martinachov.hexagonal.infrastructure.adapters.output.persistence.entity.ProductEntity_init_4992580717
[INFO] Tests run: 1, Failures: 0, Errors: 0, Skipped: 0, Time elapsed: 0 s - in com.martinachov.hexagonal.infrastructure.adapters.output.persistence.entity.ProductEntity_init_4992580717
[INFO] Running com.martinachov.hexagonal.infrastructure.adapters.output.persistence.entity.ProductEntity_setDescription_16256845566
[INFO] Tests run: 1, Failures: 0, Errors: 0, Skipped: 0, Time elapsed: 0 s - in com.martinachov.hexagonal.infrastructure.adapters.output.persistence.entity.ProductEntity_setDescription_16256845566
[INFO] Running com.martinachov.hexagonal.infrastructure.adapters.output.persistence.entity.ProductEntity_ProductEntityBuilder_description_17570849849
[INFO] Tests run: 1, Failures: 0, Errors: 0, Skipped: 0, Time elapsed: 0 s - in com.martinachov.hexagonal.infrastructure.adapters.output.persistence.entity.ProductEntity_ProductEntityBuilder_description_17570849849
[INFO] Running com.martinachov.hexagonal.infrastructure.adapters.output.persistence.entity.ProductEntity_builder_1865764219
[INFO] Tests run: 1, Failures: 0, Errors: 0, Skipped: 0, Time elapsed: 0 s - in com.martinachov.hexagonal.infrastructure.adapters.output.persistence.entity.ProductEntity_builder_1865764219
[INFO] Running com.martinachov.hexagonal.infrastructure.adapters.output.persistence.entity.ProductEntity_getId_10313124901
[INFO] Tests run: 1, Failures: 0, Errors: 0, Skipped: 0, Time elapsed: 0 s - in com.martinachov.hexagonal.infrastructure.adapters.output.persistence.entity.ProductEntity_getId_10313124901
[INFO] Running com.martinachov.hexagonal.infrastructure.adapters.output.persistence.entity.ProductEntity_ProductEntityBuilder_id_9466294921
[INFO] Tests run: 1, Failures: 0, Errors: 0, Skipped: 0, Time elapsed: 0 s - in com.martinachov.hexagonal.infrastructure.adapters.output.persistence.entity.ProductEntity_ProductEntityBuilder_id_9466294921
[INFO] Running com.martinachov.hexagonal.infrastructure.adapters.output.persistence.entity.ProductEntity_init_15518333457
[INFO] Tests run: 1, Failures: 0, Errors: 0, Skipped: 0, Time elapsed: 0 s - in com.martinachov.hexagonal.infrastructure.adapters.output.persistence.entity.ProductEntity_init_15518333457
[INFO] Running com.martinachov.hexagonal.infrastructure.adapters.output.persistence.entity.ProductEntity_ProductEntityBuilder_init_1767456466
[INFO] Tests run: 1, Failures: 0, Errors: 0, Skipped: 0, Time elapsed: 0 s - in com.martinachov.hexagonal.infrastructure.adapters.output.persistence.entity.ProductEntity_ProductEntityBuilder_init_1767456466
[INFO] Running com.martinachov.hexagonal.infrastructure.adapters.output.persistence.entity.ProductEntity_getName_5363760812
[INFO] Tests run: 1, Failures: 0, Errors: 0, Skipped: 0, Time elapsed: 0 s - in com.martinachov.hexagonal.infrastructure.adapters.output.persistence.entity.ProductEntity_getName_5363760812
[INFO] Running com.martinachov.hexagonal.infrastructure.adapters.output.persistence.entity.ProductEntity_setName_11835004875
[INFO] Tests run: 1, Failures: 0, Errors: 0, Skipped: 0, Time elapsed: 0 s - in com.martinachov.hexagonal.infrastructure.adapters.output.persistence.entity.ProductEntity_setName_11835004875
[INFO] Running com.martinachov.hexagonal.infrastructure.adapters.output.persistence.mapper.ProductMapper_init_20422077313
[INFO] Tests run: 1, Failures: 0, Errors: 0, Skipped: 0, Time elapsed: 0 s - in com.martinachov.hexagonal.infrastructure.adapters.output.persistence.mapper.ProductMapper_init_20422077313
[INFO] Running com.martinachov.hexagonal.infrastructure.adapters.output.persistence.mapper.ProductMapper_toProduct_18163837061
[ERROR] Tests run: 1, Failures: 0, Errors: 1, Skipped: 0, Time elapsed: 0 s <<< FAILURE! - in com.martinachov.hexagonal.infrastructure.adapters.output.persistence.mapper.ProductMapper_toProduct_18163837061
[ERROR] test  Time elapsed: 0 s  <<< ERROR!
java.lang.NullPointerException
	at com.martinachov.hexagonal.infrastructure.adapters.output.persistence.mapper.ProductMapper_toProduct_18163837061.test(ProductMapper_toProduct_18163837061.java:49)

[INFO] Running com.martinachov.hexagonal.infrastructure.adapters.output.persistence.mapper.ProductMapper_toEntity_17511207262
[ERROR] Tests run: 1, Failures: 0, Errors: 1, Skipped: 0, Time elapsed: 0 s <<< FAILURE! - in com.martinachov.hexagonal.infrastructure.adapters.output.persistence.mapper.ProductMapper_toEntity_17511207262
[ERROR] test  Time elapsed: 0 s  <<< ERROR!
java.lang.NullPointerException
	at com.martinachov.hexagonal.infrastructure.adapters.output.persistence.mapper.ProductMapper_toEntity_17511207262.test(ProductMapper_toEntity_17511207262.java:49)

[INFO] Running com.martinachov.hexagonal.infrastructure.adapters.output.persistence.mapper.ProductMapper_init_20422077310
[INFO] Tests run: 1, Failures: 0, Errors: 0, Skipped: 0, Time elapsed: 0 s - in com.martinachov.hexagonal.infrastructure.adapters.output.persistence.mapper.ProductMapper_init_20422077310
[INFO] Running com.martinachov.hexagonal.infrastructure.adapters.output.persistence.ProductPersistenceAdapter_getProductById_12404620291
[ERROR] Tests run: 1, Failures: 0, Errors: 1, Skipped: 0, Time elapsed: 0 s <<< FAILURE! - in com.martinachov.hexagonal.infrastructure.adapters.output.persistence.ProductPersistenceAdapter_getProductById_12404620291
[ERROR] test  Time elapsed: 0 s  <<< ERROR!
java.lang.NullPointerException
	at com.martinachov.hexagonal.infrastructure.adapters.output.persistence.ProductPersistenceAdapter_getProductById_12404620291.test(ProductPersistenceAdapter_getProductById_12404620291.java:45)

[INFO] Running com.martinachov.hexagonal.infrastructure.adapters.output.persistence.ProductPersistenceAdapter_saveProduct_14801024280
[ERROR] Tests run: 1, Failures: 0, Errors: 1, Skipped: 0, Time elapsed: 0 s <<< FAILURE! - in com.martinachov.hexagonal.infrastructure.adapters.output.persistence.ProductPersistenceAdapter_saveProduct_14801024280
[ERROR] test  Time elapsed: 0 s  <<< ERROR!
java.lang.NullPointerException
	at com.martinachov.hexagonal.infrastructure.adapters.output.persistence.ProductPersistenceAdapter_saveProduct_14801024280.test(ProductPersistenceAdapter_saveProduct_14801024280.java:49)

[INFO] Running com.martinachov.hexagonal.HexagonalArchitectureApplication_main_16029411281

  .   ____          _            __ _ _
 /\\ / ___'_ __ _ _(_)_ __  __ _ \ \ \ \
( ( )\___ | '_ | '_| | '_ \/ _` | \ \ \ \
 \\/  ___)| |_)| | | | | || (_| |  ) ) ) )
  '  |____| .__|_| |_|_| |_\__, | / / / /
 =========|_|==============|___/=/_/_/_/
 :: Spring Boot ::                (v2.7.5)

2026-04-08 06:20:40.772  INFO 69 --- [me-limited test] c.m.h.HexagonalArchitectureApplication   : Starting HexagonalArchitectureApplication using Java 11.0.16 on 3e5a9c1c0153 with PID 69 (started by root in /app)
2026-04-08 06:20:40.775  INFO 69 --- [me-limited test] c.m.h.HexagonalArchitectureApplication   : No active profile set, falling back to 1 default profile: "default"
2026-04-08 06:20:41.411  INFO 69 --- [me-limited test] .s.d.r.c.RepositoryConfigurationDelegate : Bootstrapping Spring Data JPA repositories in DEFAULT mode.
2026-04-08 06:20:41.461  INFO 69 --- [me-limited test] .s.d.r.c.RepositoryConfigurationDelegate : Finished Spring Data repository scanning in 41 ms. Found 1 JPA repository interfaces.
2026-04-08 06:20:42.069  INFO 69 --- [me-limited test] o.s.b.w.embedded.tomcat.TomcatWebServer  : Tomcat initialized with port(s): 8080 (http)
2026-04-08 06:20:42.086  INFO 69 --- [me-limited test] o.apache.catalina.core.StandardService   : Starting service [Tomcat]
2026-04-08 06:20:42.086  INFO 69 --- [me-limited test] org.apache.catalina.core.StandardEngine  : Starting Servlet engine: [Apache Tomcat/9.0.68]
2026-04-08 06:20:42.189  INFO 69 --- [me-limited test] o.a.c.c.C.[Tomcat].[localhost].[/]       : Initializing Spring embedded WebApplicationContext
2026-04-08 06:20:42.190  INFO 69 --- [me-limited test] w.s.c.ServletWebServerApplicationContext : Root WebApplicationContext: initialization completed in 1370 ms
2026-04-08 06:20:42.222  INFO 69 --- [me-limited test] com.zaxxer.hikari.HikariDataSource       : HikariPool-1 - Starting...
2026-04-08 06:20:42.513  INFO 69 --- [me-limited test] com.zaxxer.hikari.HikariDataSource       : HikariPool-1 - Start completed.
2026-04-08 06:20:42.526  INFO 69 --- [me-limited test] o.s.b.a.h2.H2ConsoleAutoConfiguration    : H2 console available at '/h2-console'. Database available at 'jdbc:h2:mem:testdb'
2026-04-08 06:20:42.668  INFO 69 --- [me-limited test] o.hibernate.jpa.internal.util.LogHelper  : HHH000204: Processing PersistenceUnitInfo [name: default]
2026-04-08 06:20:42.716  INFO 69 --- [me-limited test] org.hibernate.Version                    : HHH000412: Hibernate ORM core version 5.6.12.Final
2026-04-08 06:20:42.866  INFO 69 --- [me-limited test] o.hibernate.annotations.common.Version   : HCANN000001: Hibernate Commons Annotations {5.1.2.Final}
2026-04-08 06:20:42.986  INFO 69 --- [me-limited test] org.hibernate.dialect.Dialect            : HHH000400: Using dialect: org.hibernate.dialect.H2Dialect
Hibernate: create table product_entity (id bigint generated by default as identity, description varchar(255), name varchar(255), primary key (id))
2026-04-08 06:20:43.543  INFO 69 --- [me-limited test] o.h.e.t.j.p.i.JtaPlatformInitiator       : HHH000490: Using JtaPlatform implementation: [org.hibernate.engine.transaction.jta.platform.internal.NoJtaPlatform]
2026-04-08 06:20:43.550  INFO 69 --- [me-limited test] j.LocalContainerEntityManagerFactoryBean : Initialized JPA EntityManagerFactory for persistence unit 'default'
2026-04-08 06:20:43.838  WARN 69 --- [me-limited test] JpaBaseConfiguration$JpaWebConfiguration : spring.jpa.open-in-view is enabled by default. Therefore, database queries may be performed during view rendering. Explicitly configure spring.jpa.open-in-view to disable this warning
2026-04-08 06:20:44.157  INFO 69 --- [me-limited test] o.s.b.w.embedded.tomcat.TomcatWebServer  : Tomcat started on port(s): 8080 (http) with context path ''
2026-04-08 06:20:44.166  INFO 69 --- [me-limited test] c.m.h.HexagonalArchitectureApplication   : Started HexagonalArchitectureApplication in 3.883 seconds (JVM running for 5.198)
[INFO] Tests run: 1, Failures: 0, Errors: 0, Skipped: 0, Time elapsed: 4.063 s - in com.martinachov.hexagonal.HexagonalArchitectureApplication_main_16029411281
[INFO] Running com.martinachov.hexagonal.domain.model.Product_setId_12936607794
[INFO] Tests run: 1, Failures: 0, Errors: 0, Skipped: 0, Time elapsed: 0 s - in com.martinachov.hexagonal.domain.model.Product_setId_12936607794
[INFO] Running com.martinachov.hexagonal.domain.model.Product_ProductBuilder_id_9965511801
[INFO] Tests run: 1, Failures: 0, Errors: 0, Skipped: 0, Time elapsed: 0 s - in com.martinachov.hexagonal.domain.model.Product_ProductBuilder_id_9965511801
[INFO] Running com.martinachov.hexagonal.domain.model.Product_setId_129366077913
[INFO] Tests run: 1, Failures: 0, Errors: 0, Skipped: 0, Time elapsed: 0 s - in com.martinachov.hexagonal.domain.model.Product_setId_129366077913
[INFO] Running com.martinachov.hexagonal.domain.model.Product_ProductBuilder_toString_11534386115
[INFO] Tests run: 1, Failures: 0, Errors: 0, Skipped: 0, Time elapsed: 0 s - in com.martinachov.hexagonal.domain.model.Product_ProductBuilder_toString_11534386115
[INFO] Running com.martinachov.hexagonal.domain.model.Product_init_18450057048
[INFO] Tests run: 1, Failures: 0, Errors: 0, Skipped: 0, Time elapsed: 0 s - in com.martinachov.hexagonal.domain.model.Product_init_18450057048
[INFO] Running com.martinachov.hexagonal.domain.model.Product_setName_7114310245
[INFO] Tests run: 1, Failures: 0, Errors: 0, Skipped: 0, Time elapsed: 0 s - in com.martinachov.hexagonal.domain.model.Product_setName_7114310245
[INFO] Running com.martinachov.hexagonal.domain.model.Product_ProductBuilder_build_92338797710
[INFO] Tests run: 1, Failures: 0, Errors: 0, Skipped: 0, Time elapsed: 0.001 s - in com.martinachov.hexagonal.domain.model.Product_ProductBuilder_build_92338797710
[INFO] Running com.martinachov.hexagonal.domain.model.Product_setDescription_7743512296
[INFO] Tests run: 1, Failures: 0, Errors: 0, Skipped: 0, Time elapsed: 0 s - in com.martinachov.hexagonal.domain.model.Product_setDescription_7743512296
[INFO] Running com.martinachov.hexagonal.domain.model.Product_getId_8636190211
[INFO] Tests run: 1, Failures: 0, Errors: 0, Skipped: 0, Time elapsed: 0 s - in com.martinachov.hexagonal.domain.model.Product_getId_8636190211
[INFO] Running com.martinachov.hexagonal.domain.model.Product_ProductBuilder_description_5947016403
[INFO] Tests run: 1, Failures: 0, Errors: 0, Skipped: 0, Time elapsed: 0.001 s - in com.martinachov.hexagonal.domain.model.Product_ProductBuilder_description_5947016403
[INFO] Running com.martinachov.hexagonal.domain.model.Product_ProductBuilder_init_16988944626
[INFO] Tests run: 1, Failures: 0, Errors: 0, Skipped: 0, Time elapsed: 0 s - in com.martinachov.hexagonal.domain.model.Product_ProductBuilder_init_16988944626
[INFO] Running com.martinachov.hexagonal.domain.model.Product_getId_86361902110
[INFO] Tests run: 1, Failures: 0, Errors: 0, Skipped: 0, Time elapsed: 0 s - in com.martinachov.hexagonal.domain.model.Product_getId_86361902110
[INFO] Running com.martinachov.hexagonal.domain.model.Product_builder_17373128489
[INFO] Tests run: 1, Failures: 0, Errors: 0, Skipped: 0, Time elapsed: 0 s - in com.martinachov.hexagonal.domain.model.Product_builder_17373128489
[INFO] Running com.martinachov.hexagonal.domain.model.Product_init_34309816616
[INFO] Tests run: 1, Failures: 0, Errors: 0, Skipped: 0, Time elapsed: 0 s - in com.martinachov.hexagonal.domain.model.Product_init_34309816616
[INFO] Running com.martinachov.hexagonal.domain.model.Product_init_3430981667
[INFO] Tests run: 1, Failures: 0, Errors: 0, Skipped: 0, Time elapsed: 0 s - in com.martinachov.hexagonal.domain.model.Product_init_3430981667
[INFO] Running com.martinachov.hexagonal.domain.model.Product_ProductBuilder_build_9233879774
[INFO] Tests run: 1, Failures: 0, Errors: 0, Skipped: 0, Time elapsed: 0 s - in com.martinachov.hexagonal.domain.model.Product_ProductBuilder_build_9233879774
[INFO] Running com.martinachov.hexagonal.domain.model.Product_ProductBuilder_init_16988944620
[INFO] Tests run: 1, Failures: 0, Errors: 0, Skipped: 0, Time elapsed: 0 s - in com.martinachov.hexagonal.domain.model.Product_ProductBuilder_init_16988944620
[INFO] Running com.martinachov.hexagonal.domain.model.Product_init_184500570417
[INFO] Tests run: 1, Failures: 0, Errors: 0, Skipped: 0, Time elapsed: 0 s - in com.martinachov.hexagonal.domain.model.Product_init_184500570417
[INFO] Running com.martinachov.hexagonal.domain.model.Product_getName_186365970411
[INFO] Tests run: 1, Failures: 0, Errors: 0, Skipped: 0, Time elapsed: 0 s - in com.martinachov.hexagonal.domain.model.Product_getName_186365970411
[INFO] Running com.martinachov.hexagonal.domain.model.Product_builder_17373128480
[INFO] Tests run: 1, Failures: 0, Errors: 0, Skipped: 0, Time elapsed: 0 s - in com.martinachov.hexagonal.domain.model.Product_builder_17373128480
[INFO] Running com.martinachov.hexagonal.domain.model.Product_ProductBuilder_name_20788105032
[INFO] Tests run: 1, Failures: 0, Errors: 0, Skipped: 0, Time elapsed: 0 s - in com.martinachov.hexagonal.domain.model.Product_ProductBuilder_name_20788105032
[INFO] Running com.martinachov.hexagonal.domain.model.Product_ProductBuilder_id_9965511807
[INFO] Tests run: 1, Failures: 0, Errors: 0, Skipped: 0, Time elapsed: 0 s - in com.martinachov.hexagonal.domain.model.Product_ProductBuilder_id_9965511807
[INFO] Running com.martinachov.hexagonal.domain.model.Product_ProductBuilder_toString_115343861111
[INFO] Tests run: 1, Failures: 0, Errors: 0, Skipped: 0, Time elapsed: 0 s - in com.martinachov.hexagonal.domain.model.Product_ProductBuilder_toString_115343861111
[INFO] Running com.martinachov.hexagonal.domain.model.Product_ProductBuilder_description_5947016409
[INFO] Tests run: 1, Failures: 0, Errors: 0, Skipped: 0, Time elapsed: 0 s - in com.martinachov.hexagonal.domain.model.Product_ProductBuilder_description_5947016409
[INFO] Running com.martinachov.hexagonal.domain.model.Product_setName_71143102414
[INFO] Tests run: 1, Failures: 0, Errors: 0, Skipped: 0, Time elapsed: 0 s - in com.martinachov.hexagonal.domain.model.Product_setName_71143102414
[INFO] Running com.martinachov.hexagonal.domain.model.Product_getDescription_6713004133
[INFO] Tests run: 1, Failures: 0, Errors: 0, Skipped: 0, Time elapsed: 0.001 s - in com.martinachov.hexagonal.domain.model.Product_getDescription_6713004133
[INFO] Running com.martinachov.hexagonal.domain.model.Product_getDescription_67130041312
[INFO] Tests run: 1, Failures: 0, Errors: 0, Skipped: 0, Time elapsed: 0 s - in com.martinachov.hexagonal.domain.model.Product_getDescription_67130041312
[INFO] Running com.martinachov.hexagonal.domain.model.Product_setDescription_77435122915
[INFO] Tests run: 1, Failures: 0, Errors: 0, Skipped: 0, Time elapsed: 0 s - in com.martinachov.hexagonal.domain.model.Product_setDescription_77435122915
[INFO] Running com.martinachov.hexagonal.domain.model.Product_ProductBuilder_name_20788105038
[INFO] Tests run: 1, Failures: 0, Errors: 0, Skipped: 0, Time elapsed: 0 s - in com.martinachov.hexagonal.domain.model.Product_ProductBuilder_name_20788105038
[INFO] Running com.martinachov.hexagonal.domain.model.Product_getName_18636597042
[INFO] Tests run: 1, Failures: 0, Errors: 0, Skipped: 0, Time elapsed: 0 s - in com.martinachov.hexagonal.domain.model.Product_getName_18636597042
[INFO] Running com.martinachov.hexagonal.domain.exception.ProductNotFoundException_init_1012148270
[INFO] Tests run: 1, Failures: 0, Errors: 0, Skipped: 0, Time elapsed: 0 s - in com.martinachov.hexagonal.domain.exception.ProductNotFoundException_init_1012148270
[INFO] Running com.martinachov.hexagonal.domain.exception.ProductNotFoundException_init_1012148271
[INFO] Tests run: 1, Failures: 0, Errors: 0, Skipped: 0, Time elapsed: 0 s - in com.martinachov.hexagonal.domain.exception.ProductNotFoundException_init_1012148271
[INFO] Running com.martinachov.hexagonal.domain.service.ProductService_getProductById_18179225410
Retornando Producto por ID
[ERROR] Tests run: 1, Failures: 0, Errors: 1, Skipped: 0, Time elapsed: 0 s <<< FAILURE! - in com.martinachov.hexagonal.domain.service.ProductService_getProductById_18179225410
[ERROR] test  Time elapsed: 0 s  <<< ERROR!
java.lang.NullPointerException
	at com.martinachov.hexagonal.domain.service.ProductService_getProductById_18179225410.test(ProductService_getProductById_18179225410.java:48)

[INFO] Running com.martinachov.hexagonal.domain.service.ProductService_createProduct_11579098484
Creando Producto
[ERROR] Tests run: 1, Failures: 0, Errors: 1, Skipped: 0, Time elapsed: 0 s <<< FAILURE! - in com.martinachov.hexagonal.domain.service.ProductService_createProduct_11579098484
[ERROR] test  Time elapsed: 0 s  <<< ERROR!
java.lang.NullPointerException
	at com.martinachov.hexagonal.domain.service.ProductService_createProduct_11579098484.test(ProductService_createProduct_11579098484.java:45)

[INFO] Running com.martinachov.hexagonal.domain.service.ProductService_getProductById_18179225413
Retornando Producto por ID
[ERROR] Tests run: 1, Failures: 0, Errors: 1, Skipped: 0, Time elapsed: 0 s <<< FAILURE! - in com.martinachov.hexagonal.domain.service.ProductService_getProductById_18179225413
[ERROR] test  Time elapsed: 0 s  <<< ERROR!
java.lang.NullPointerException
	at com.martinachov.hexagonal.domain.service.ProductService_getProductById_18179225413.test(ProductService_getProductById_18179225413.java:45)

[INFO] Running com.martinachov.hexagonal.domain.service.ProductService_init_5066117152
[INFO] Tests run: 1, Failures: 0, Errors: 0, Skipped: 0, Time elapsed: 0 s - in com.martinachov.hexagonal.domain.service.ProductService_init_5066117152
[INFO] Running com.martinachov.hexagonal.domain.service.ProductService_init_5066117155
[INFO] Tests run: 1, Failures: 0, Errors: 0, Skipped: 0, Time elapsed: 0 s - in com.martinachov.hexagonal.domain.service.ProductService_init_5066117155
[INFO] Running com.martinachov.hexagonal.domain.service.ProductService_createProduct_11579098481
Creando Producto
[ERROR] Tests run: 1, Failures: 0, Errors: 1, Skipped: 0, Time elapsed: 0 s <<< FAILURE! - in com.martinachov.hexagonal.domain.service.ProductService_createProduct_11579098481
[ERROR] test  Time elapsed: 0 s  <<< ERROR!
java.lang.NullPointerException
	at com.martinachov.hexagonal.domain.service.ProductService_createProduct_11579098481.test(ProductService_createProduct_11579098481.java:52)

[INFO] Running com.martinachov.hexagonal.HexagonalArchitectureApplication_main_16029411283
2026-04-08 06:20:44.228 ERROR 69 --- [me-limited test] o.s.boot.SpringApplication               : Application run failed

java.lang.IllegalArgumentException: Args must not be null
	at org.springframework.util.Assert.notNull(Assert.java:201) ~[spring-core-5.3.23.jar:5.3.23]
	at org.springframework.boot.DefaultApplicationArguments.<init>(DefaultApplicationArguments.java:41) ~[spring-boot-2.7.5.jar:2.7.5]
	at org.springframework.boot.SpringApplication.run(SpringApplication.java:301) ~[spring-boot-2.7.5.jar:2.7.5]
	at org.springframework.boot.SpringApplication.run(SpringApplication.java:1306) ~[spring-boot-2.7.5.jar:2.7.5]
	at org.springframework.boot.SpringApplication.run(SpringApplication.java:1295) ~[spring-boot-2.7.5.jar:2.7.5]
	at com.martinachov.hexagonal.HexagonalArchitectureApplication.main(HexagonalArchitectureApplication.java:10) ~[classes/:na]
	at java.base/jdk.internal.reflect.NativeMethodAccessorImpl.invoke0(Native Method) ~[na:na]
	at java.base/jdk.internal.reflect.NativeMethodAccessorImpl.invoke(NativeMethodAccessorImpl.java:62) ~[na:na]
	at java.base/jdk.internal.reflect.DelegatingMethodAccessorImpl.invoke(DelegatingMethodAccessorImpl.java:43) ~[na:na]
	at java.base/java.lang.reflect.Method.invoke(Method.java:566) ~[na:na]
	at com.martinachov.hexagonal.ReflectionUtils.callMethod(ReflectionUtils.java:328) ~[test-classes/:na]
	at com.martinachov.hexagonal.HexagonalArchitectureApplication_main_16029411283.test(HexagonalArchitectureApplication_main_16029411283.java:44) ~[test-classes/:na]
	at java.base/jdk.internal.reflect.NativeMethodAccessorImpl.invoke0(Native Method) ~[na:na]
	at java.base/jdk.internal.reflect.NativeMethodAccessorImpl.invoke(NativeMethodAccessorImpl.java:62) ~[na:na]
	at java.base/jdk.internal.reflect.DelegatingMethodAccessorImpl.invoke(DelegatingMethodAccessorImpl.java:43) ~[na:na]
	at java.base/java.lang.reflect.Method.invoke(Method.java:566) ~[na:na]
	at org.junit.runners.model.FrameworkMethod$1.runReflectiveCall(FrameworkMethod.java:59) ~[junit-4.13.2.jar:4.13.2]
	at org.junit.internal.runners.model.ReflectiveCallable.run(ReflectiveCallable.java:12) ~[junit-4.13.2.jar:4.13.2]
	at org.junit.runners.model.FrameworkMethod.invokeExplosively(FrameworkMethod.java:56) ~[junit-4.13.2.jar:4.13.2]
	at org.junit.internal.runners.statements.InvokeMethod.evaluate(InvokeMethod.java:17) ~[junit-4.13.2.jar:4.13.2]
	at org.junit.internal.runners.statements.RunBefores.evaluate(RunBefores.java:26) ~[junit-4.13.2.jar:4.13.2]
	at org.junit.internal.runners.statements.FailOnTimeout$CallableStatement.call(FailOnTimeout.java:299) ~[junit-4.13.2.jar:4.13.2]
	at org.junit.internal.runners.statements.FailOnTimeout$CallableStatement.call(FailOnTimeout.java:293) ~[junit-4.13.2.jar:4.13.2]
	at java.base/java.util.concurrent.FutureTask.run(FutureTask.java:264) ~[na:na]
	at java.base/java.lang.Thread.run(Thread.java:829) ~[na:na]

[ERROR] Tests run: 1, Failures: 0, Errors: 1, Skipped: 0, Time elapsed: 0.01 s <<< FAILURE! - in com.martinachov.hexagonal.HexagonalArchitectureApplication_main_16029411283
[ERROR] test  Time elapsed: 0.01 s  <<< ERROR!
java.lang.IllegalArgumentException: Args must not be null
	at com.martinachov.hexagonal.HexagonalArchitectureApplication_main_16029411283.test(HexagonalArchitectureApplication_main_16029411283.java:44)

2026-04-08 06:20:44.364  INFO 69 --- [ionShutdownHook] j.LocalContainerEntityManagerFactoryBean : Closing JPA EntityManagerFactory for persistence unit 'default'
2026-04-08 06:20:44.366  INFO 69 --- [ionShutdownHook] com.zaxxer.hikari.HikariDataSource       : HikariPool-1 - Shutdown initiated...
2026-04-08 06:20:44.379  INFO 69 --- [ionShutdownHook] com.zaxxer.hikari.HikariDataSource       : HikariPool-1 - Shutdown completed.
[INFO] 
[INFO] Results:
[INFO] 
[ERROR] Errors: 
[ERROR]   HexagonalArchitectureApplication_main_16029411283.test:44 » IllegalArgument Ar...
[ERROR]   ProductService_createProduct_11579098481.test:52 » NullPointer
[ERROR]   ProductService_createProduct_11579098484.test:45 » NullPointer
[ERROR]   ProductService_getProductById_18179225410.test:48 » NullPointer
[ERROR]   ProductService_getProductById_18179225413.test:45 » NullPointer
[ERROR]   ProductPersistenceAdapter_getProductById_12404620291.test:45 » NullPointer
[ERROR]   ProductPersistenceAdapter_saveProduct_14801024280.test:49 » NullPointer
[ERROR]   ProductMapper_toEntity_17511207262.test:49 » NullPointer
[ERROR]   ProductMapper_toProduct_18163837061.test:49 » NullPointer
[INFO] 
[ERROR] Tests run: 134, Failures: 0, Errors: 9, Skipped: 0
[INFO] 
[ERROR] There are test failures.

Please refer to /app/target/surefire-reports for the individual test results.
Please refer to dump files (if any exist) [date].dump, [date]-jvmRun[N].dump and [date].dumpstream.
[INFO] 
[INFO] --- jacoco-maven-plugin:0.8.11:report (report) @ hexagonal ---
[INFO] Loading execution data file /app/target/jacoco.exec
[INFO] Analyzed bundle 'Hexagonal-Architecture' with 15 classes
[INFO] 
[INFO] --- jacoco-maven-plugin:0.8.11:report (default-cli) @ hexagonal ---
[INFO] Loading execution data file /app/target/jacoco.exec
[INFO] Analyzed bundle 'Hexagonal-Architecture' with 15 classes
[INFO] ------------------------------------------------------------------------
[INFO] BUILD SUCCESS
[INFO] ------------------------------------------------------------------------
[INFO] Total time:  9.626 s
[INFO] Finished at: 2026-04-08T06:20:45Z
[INFO] ------------------------------------------------------------------------
