[INFO] Scanning for projects...
[INFO] 
[INFO] ----------------------< br.com.bluesoft:teste-qa >----------------------
[INFO] Building teste-qa 0.0.1-SNAPSHOT
[INFO] --------------------------------[ jar ]---------------------------------
[INFO] 
[INFO] --- maven-clean-plugin:3.1.0:clean (default-clean) @ teste-qa ---
[INFO] Deleting /app/target
[INFO] 
[INFO] --- jacoco-maven-plugin:0.8.11:prepare-agent (default) @ teste-qa ---
[INFO] argLine set to -javaagent:/root/.m2/repository/org/jacoco/org.jacoco.agent/0.8.11/org.jacoco.agent-0.8.11-runtime.jar=destfile=/app/target/jacoco.exec
[INFO] 
[INFO] --- maven-resources-plugin:3.2.0:resources (default-resources) @ teste-qa ---
[INFO] Using 'UTF-8' encoding to copy filtered resources.
[INFO] Using 'UTF-8' encoding to copy filtered properties files.
[INFO] Copying 1 resource
[INFO] Copying 2 resources
[INFO] 
[INFO] --- maven-compiler-plugin:3.8.1:compile (default-compile) @ teste-qa ---
[INFO] Changes detected - recompiling the module!
[INFO] Compiling 6 source files to /app/target/classes
[INFO] 
[INFO] --- build-helper-maven-plugin:3.3.0:add-test-source (add-kex-test-source) @ teste-qa ---
[INFO] Test Source directory: /app/src/test/java/kex-tests added.
[INFO] 
[INFO] --- maven-resources-plugin:3.2.0:testResources (default-testResources) @ teste-qa ---
[INFO] Using 'UTF-8' encoding to copy filtered resources.
[INFO] Using 'UTF-8' encoding to copy filtered properties files.
[INFO] skip non existing resourceDirectory /app/src/test/resources
[INFO] 
[INFO] --- maven-compiler-plugin:3.8.1:testCompile (default-testCompile) @ teste-qa ---
[INFO] Changes detected - recompiling the module!
[INFO] Compiling 90 source files to /app/target/test-classes
[WARNING] /app/src/test/java/kex-tests/tests/br/com/bluesoft/usuario/domain/ReflectionUtils.java:[9,16] sun.misc.Unsafe is internal proprietary API and may be removed in a future release
[WARNING] /app/src/test/java/kex-tests/tests/br/com/bluesoft/usuario/web/form/ReflectionUtils.java:[9,16] sun.misc.Unsafe is internal proprietary API and may be removed in a future release
[WARNING] /app/src/test/java/kex-tests/tests/br/com/bluesoft/usuario/web/view/ReflectionUtils.java:[9,16] sun.misc.Unsafe is internal proprietary API and may be removed in a future release
[WARNING] /app/src/test/java/kex-tests/tests/br/com/bluesoft/ReflectionUtils.java:[9,16] sun.misc.Unsafe is internal proprietary API and may be removed in a future release
[WARNING] /app/src/test/java/kex-tests/tests/br/com/bluesoft/usuario/web/controller/ReflectionUtils.java:[9,16] sun.misc.Unsafe is internal proprietary API and may be removed in a future release
[WARNING] /app/src/test/java/kex-tests/tests/br/com/bluesoft/usuario/domain/ReflectionUtils.java:[9,16] sun.misc.Unsafe is internal proprietary API and may be removed in a future release
[WARNING] /app/src/test/java/kex-tests/tests/br/com/bluesoft/usuario/web/form/ReflectionUtils.java:[9,16] sun.misc.Unsafe is internal proprietary API and may be removed in a future release
[WARNING] /app/src/test/java/kex-tests/tests/br/com/bluesoft/usuario/web/view/ReflectionUtils.java:[9,16] sun.misc.Unsafe is internal proprietary API and may be removed in a future release
[WARNING] /app/src/test/java/kex-tests/tests/br/com/bluesoft/ReflectionUtils.java:[9,16] sun.misc.Unsafe is internal proprietary API and may be removed in a future release
[WARNING] /app/src/test/java/kex-tests/tests/br/com/bluesoft/usuario/web/controller/ReflectionUtils.java:[9,16] sun.misc.Unsafe is internal proprietary API and may be removed in a future release
[WARNING] /app/src/test/java/kex-tests/tests/br/com/bluesoft/usuario/domain/ReflectionUtils.java:[9,16] sun.misc.Unsafe is internal proprietary API and may be removed in a future release
[WARNING] /app/src/test/java/kex-tests/tests/br/com/bluesoft/usuario/web/form/ReflectionUtils.java:[9,16] sun.misc.Unsafe is internal proprietary API and may be removed in a future release
[WARNING] /app/src/test/java/kex-tests/tests/br/com/bluesoft/usuario/web/view/ReflectionUtils.java:[9,16] sun.misc.Unsafe is internal proprietary API and may be removed in a future release
[WARNING] /app/src/test/java/kex-tests/tests/br/com/bluesoft/ReflectionUtils.java:[9,16] sun.misc.Unsafe is internal proprietary API and may be removed in a future release
[WARNING] /app/src/test/java/kex-tests/tests/br/com/bluesoft/usuario/web/controller/ReflectionUtils.java:[9,16] sun.misc.Unsafe is internal proprietary API and may be removed in a future release
[WARNING] /app/src/test/java/kex-tests/tests/br/com/bluesoft/usuario/domain/ReflectionUtils.java:[9,16] sun.misc.Unsafe is internal proprietary API and may be removed in a future release
[WARNING] /app/src/test/java/kex-tests/tests/br/com/bluesoft/usuario/web/form/ReflectionUtils.java:[9,16] sun.misc.Unsafe is internal proprietary API and may be removed in a future release
[WARNING] /app/src/test/java/kex-tests/tests/br/com/bluesoft/usuario/web/view/ReflectionUtils.java:[9,16] sun.misc.Unsafe is internal proprietary API and may be removed in a future release
[WARNING] /app/src/test/java/kex-tests/tests/br/com/bluesoft/ReflectionUtils.java:[9,16] sun.misc.Unsafe is internal proprietary API and may be removed in a future release
[WARNING] /app/src/test/java/kex-tests/tests/br/com/bluesoft/usuario/web/controller/ReflectionUtils.java:[9,16] sun.misc.Unsafe is internal proprietary API and may be removed in a future release
[WARNING] /app/src/test/java/kex-tests/tests/br/com/bluesoft/usuario/domain/ReflectionUtils.java:[9,16] sun.misc.Unsafe is internal proprietary API and may be removed in a future release
[WARNING] /app/src/test/java/kex-tests/tests/br/com/bluesoft/usuario/web/form/ReflectionUtils.java:[9,16] sun.misc.Unsafe is internal proprietary API and may be removed in a future release
[WARNING] /app/src/test/java/kex-tests/tests/br/com/bluesoft/usuario/web/view/ReflectionUtils.java:[9,16] sun.misc.Unsafe is internal proprietary API and may be removed in a future release
[WARNING] /app/src/test/java/kex-tests/tests/br/com/bluesoft/ReflectionUtils.java:[9,16] sun.misc.Unsafe is internal proprietary API and may be removed in a future release
[WARNING] /app/src/test/java/kex-tests/tests/br/com/bluesoft/usuario/web/controller/ReflectionUtils.java:[9,16] sun.misc.Unsafe is internal proprietary API and may be removed in a future release
[WARNING] /app/src/test/java/kex-tests/tests/br/com/bluesoft/usuario/domain/ReflectionUtils.java:[13,25] sun.misc.Unsafe is internal proprietary API and may be removed in a future release
[WARNING] /app/src/test/java/kex-tests/tests/br/com/bluesoft/usuario/domain/ReflectionUtils.java:[13,25] sun.misc.Unsafe is internal proprietary API and may be removed in a future release
[WARNING] /app/src/test/java/kex-tests/tests/br/com/bluesoft/usuario/domain/ReflectionUtils.java:[13,25] sun.misc.Unsafe is internal proprietary API and may be removed in a future release
[WARNING] /app/src/test/java/kex-tests/tests/br/com/bluesoft/usuario/domain/ReflectionUtils.java:[13,25] sun.misc.Unsafe is internal proprietary API and may be removed in a future release
[WARNING] /app/src/test/java/kex-tests/tests/br/com/bluesoft/usuario/domain/ReflectionUtils.java:[13,25] sun.misc.Unsafe is internal proprietary API and may be removed in a future release
[WARNING] /app/src/test/java/kex-tests/tests/br/com/bluesoft/usuario/domain/ReflectionUtils.java:[17,31] sun.misc.Unsafe is internal proprietary API and may be removed in a future release
[WARNING] /app/src/test/java/kex-tests/tests/br/com/bluesoft/usuario/domain/ReflectionUtils.java:[19,23] sun.misc.Unsafe is internal proprietary API and may be removed in a future release
[WARNING] /app/src/test/java/kex-tests/tests/br/com/bluesoft/usuario/web/form/ReflectionUtils.java:[13,25] sun.misc.Unsafe is internal proprietary API and may be removed in a future release
[WARNING] /app/src/test/java/kex-tests/tests/br/com/bluesoft/usuario/web/form/ReflectionUtils.java:[13,25] sun.misc.Unsafe is internal proprietary API and may be removed in a future release
[WARNING] /app/src/test/java/kex-tests/tests/br/com/bluesoft/usuario/web/form/ReflectionUtils.java:[13,25] sun.misc.Unsafe is internal proprietary API and may be removed in a future release
[WARNING] /app/src/test/java/kex-tests/tests/br/com/bluesoft/usuario/web/form/ReflectionUtils.java:[13,25] sun.misc.Unsafe is internal proprietary API and may be removed in a future release
[WARNING] /app/src/test/java/kex-tests/tests/br/com/bluesoft/usuario/web/form/ReflectionUtils.java:[13,25] sun.misc.Unsafe is internal proprietary API and may be removed in a future release
[WARNING] /app/src/test/java/kex-tests/tests/br/com/bluesoft/usuario/web/form/ReflectionUtils.java:[17,31] sun.misc.Unsafe is internal proprietary API and may be removed in a future release
[WARNING] /app/src/test/java/kex-tests/tests/br/com/bluesoft/usuario/web/form/ReflectionUtils.java:[19,23] sun.misc.Unsafe is internal proprietary API and may be removed in a future release
[WARNING] /app/src/test/java/kex-tests/tests/br/com/bluesoft/usuario/web/view/ReflectionUtils.java:[13,25] sun.misc.Unsafe is internal proprietary API and may be removed in a future release
[WARNING] /app/src/test/java/kex-tests/tests/br/com/bluesoft/usuario/web/view/ReflectionUtils.java:[13,25] sun.misc.Unsafe is internal proprietary API and may be removed in a future release
[WARNING] /app/src/test/java/kex-tests/tests/br/com/bluesoft/usuario/web/view/ReflectionUtils.java:[13,25] sun.misc.Unsafe is internal proprietary API and may be removed in a future release
[WARNING] /app/src/test/java/kex-tests/tests/br/com/bluesoft/usuario/web/view/ReflectionUtils.java:[13,25] sun.misc.Unsafe is internal proprietary API and may be removed in a future release
[WARNING] /app/src/test/java/kex-tests/tests/br/com/bluesoft/usuario/web/view/ReflectionUtils.java:[13,25] sun.misc.Unsafe is internal proprietary API and may be removed in a future release
[WARNING] /app/src/test/java/kex-tests/tests/br/com/bluesoft/usuario/web/view/ReflectionUtils.java:[17,31] sun.misc.Unsafe is internal proprietary API and may be removed in a future release
[WARNING] /app/src/test/java/kex-tests/tests/br/com/bluesoft/usuario/web/view/ReflectionUtils.java:[19,23] sun.misc.Unsafe is internal proprietary API and may be removed in a future release
[WARNING] /app/src/test/java/kex-tests/tests/br/com/bluesoft/ReflectionUtils.java:[13,25] sun.misc.Unsafe is internal proprietary API and may be removed in a future release
[WARNING] /app/src/test/java/kex-tests/tests/br/com/bluesoft/ReflectionUtils.java:[13,25] sun.misc.Unsafe is internal proprietary API and may be removed in a future release
[WARNING] /app/src/test/java/kex-tests/tests/br/com/bluesoft/ReflectionUtils.java:[13,25] sun.misc.Unsafe is internal proprietary API and may be removed in a future release
[WARNING] /app/src/test/java/kex-tests/tests/br/com/bluesoft/ReflectionUtils.java:[13,25] sun.misc.Unsafe is internal proprietary API and may be removed in a future release
[WARNING] /app/src/test/java/kex-tests/tests/br/com/bluesoft/ReflectionUtils.java:[13,25] sun.misc.Unsafe is internal proprietary API and may be removed in a future release
[WARNING] /app/src/test/java/kex-tests/tests/br/com/bluesoft/ReflectionUtils.java:[17,31] sun.misc.Unsafe is internal proprietary API and may be removed in a future release
[WARNING] /app/src/test/java/kex-tests/tests/br/com/bluesoft/ReflectionUtils.java:[19,23] sun.misc.Unsafe is internal proprietary API and may be removed in a future release
[WARNING] /app/src/test/java/kex-tests/tests/br/com/bluesoft/usuario/web/controller/ReflectionUtils.java:[13,25] sun.misc.Unsafe is internal proprietary API and may be removed in a future release
[WARNING] /app/src/test/java/kex-tests/tests/br/com/bluesoft/usuario/web/controller/ReflectionUtils.java:[13,25] sun.misc.Unsafe is internal proprietary API and may be removed in a future release
[WARNING] /app/src/test/java/kex-tests/tests/br/com/bluesoft/usuario/web/controller/ReflectionUtils.java:[13,25] sun.misc.Unsafe is internal proprietary API and may be removed in a future release
[WARNING] /app/src/test/java/kex-tests/tests/br/com/bluesoft/usuario/web/controller/ReflectionUtils.java:[13,25] sun.misc.Unsafe is internal proprietary API and may be removed in a future release
[WARNING] /app/src/test/java/kex-tests/tests/br/com/bluesoft/usuario/web/controller/ReflectionUtils.java:[13,25] sun.misc.Unsafe is internal proprietary API and may be removed in a future release
[WARNING] /app/src/test/java/kex-tests/tests/br/com/bluesoft/usuario/web/controller/ReflectionUtils.java:[17,31] sun.misc.Unsafe is internal proprietary API and may be removed in a future release
[WARNING] /app/src/test/java/kex-tests/tests/br/com/bluesoft/usuario/web/controller/ReflectionUtils.java:[19,23] sun.misc.Unsafe is internal proprietary API and may be removed in a future release
[INFO] /app/src/test/java/kex-tests/tests/br/com/bluesoft/usuario/domain/Usuario_setId_8159668646.java: Some input files use or override a deprecated API.
[INFO] /app/src/test/java/kex-tests/tests/br/com/bluesoft/usuario/domain/Usuario_setId_8159668646.java: Recompile with -Xlint:deprecation for details.
[INFO] /app/src/test/java/kex-tests/tests/br/com/bluesoft/usuario/web/view/UsuarioView_toView_12157649941.java: /app/src/test/java/kex-tests/tests/br/com/bluesoft/usuario/web/view/UsuarioView_toView_12157649941.java uses unchecked or unsafe operations.
[INFO] /app/src/test/java/kex-tests/tests/br/com/bluesoft/usuario/web/view/UsuarioView_toView_12157649941.java: Recompile with -Xlint:unchecked for details.
[INFO] 
[INFO] --- maven-surefire-plugin:2.22.2:test (default-test) @ teste-qa ---
[INFO] 
[INFO] -------------------------------------------------------
[INFO]  T E S T S
[INFO] -------------------------------------------------------
[INFO] Running br.com.bluesoft.TesteQaApplication_init_12642641982
[INFO] Tests run: 1, Failures: 0, Errors: 0, Skipped: 0, Time elapsed: 0.012 s - in br.com.bluesoft.TesteQaApplication_init_12642641982
[INFO] Running br.com.bluesoft.TesteQaApplication_main_16408272023
[ERROR] Tests run: 1, Failures: 0, Errors: 1, Skipped: 0, Time elapsed: 0.394 s <<< FAILURE! - in br.com.bluesoft.TesteQaApplication_main_16408272023
[ERROR] test  Time elapsed: 0.393 s  <<< ERROR!
java.lang.IllegalArgumentException: Args must not be null
	at br.com.bluesoft.TesteQaApplication_main_16408272023.test(TesteQaApplication_main_16408272023.java:44)

[INFO] Running br.com.bluesoft.TesteQaApplication_main_16408272021

  .   ____          _            __ _ _
 /\\ / ___'_ __ _ _(_)_ __  __ _ \ \ \ \
( ( )\___ | '_ | '_| | '_ \/ _` | \ \ \ \
 \\/  ___)| |_)| | | | | || (_| |  ) ) ) )
  '  |____| .__|_| |_|_| |_\__, | / / / /
 =========|_|==============|___/=/_/_/_/
 :: Spring Boot ::                (v2.6.6)

2026-04-08 01:43:40.442  INFO 71 --- [me-limited test] br.com.bluesoft.TesteQaApplication       : Starting TesteQaApplication using Java 11.0.16 on 556ea9116ae7 with PID 71 (started by root in /app)
2026-04-08 01:43:40.450  INFO 71 --- [me-limited test] br.com.bluesoft.TesteQaApplication       : No active profile set, falling back to 1 default profile: "default"
2026-04-08 01:43:41.362  INFO 71 --- [me-limited test] .s.d.r.c.RepositoryConfigurationDelegate : Bootstrapping Spring Data JPA repositories in DEFAULT mode.
2026-04-08 01:43:41.418  INFO 71 --- [me-limited test] .s.d.r.c.RepositoryConfigurationDelegate : Finished Spring Data repository scanning in 45 ms. Found 1 JPA repository interfaces.
2026-04-08 01:43:42.057  INFO 71 --- [me-limited test] o.s.b.w.embedded.tomcat.TomcatWebServer  : Tomcat initialized with port(s): 8080 (http)
2026-04-08 01:43:42.072  INFO 71 --- [me-limited test] o.apache.catalina.core.StandardService   : Starting service [Tomcat]
2026-04-08 01:43:42.073  INFO 71 --- [me-limited test] org.apache.catalina.core.StandardEngine  : Starting Servlet engine: [Apache Tomcat/9.0.60]
2026-04-08 01:43:42.252  INFO 71 --- [me-limited test] o.a.c.c.C.[Tomcat].[localhost].[/]       : Initializing Spring embedded WebApplicationContext
2026-04-08 01:43:42.253  INFO 71 --- [me-limited test] w.s.c.ServletWebServerApplicationContext : Root WebApplicationContext: initialization completed in 1739 ms
2026-04-08 01:43:42.505  INFO 71 --- [me-limited test] com.zaxxer.hikari.HikariDataSource       : HikariPool-1 - Starting...
2026-04-08 01:43:42.795  INFO 71 --- [me-limited test] com.zaxxer.hikari.HikariDataSource       : HikariPool-1 - Start completed.
2026-04-08 01:43:42.934  INFO 71 --- [me-limited test] o.hibernate.jpa.internal.util.LogHelper  : HHH000204: Processing PersistenceUnitInfo [name: default]
2026-04-08 01:43:43.012  INFO 71 --- [me-limited test] org.hibernate.Version                    : HHH000412: Hibernate ORM core version 5.6.7.Final
2026-04-08 01:43:43.482  INFO 71 --- [me-limited test] o.hibernate.annotations.common.Version   : HCANN000001: Hibernate Commons Annotations {5.1.2.Final}
2026-04-08 01:43:43.699  INFO 71 --- [me-limited test] org.hibernate.dialect.Dialect            : HHH000400: Using dialect: org.hibernate.dialect.H2Dialect
2026-04-08 01:43:44.825  INFO 71 --- [me-limited test] o.h.e.t.j.p.i.JtaPlatformInitiator       : HHH000490: Using JtaPlatform implementation: [org.hibernate.engine.transaction.jta.platform.internal.NoJtaPlatform]
2026-04-08 01:43:44.836  INFO 71 --- [me-limited test] j.LocalContainerEntityManagerFactoryBean : Initialized JPA EntityManagerFactory for persistence unit 'default'
2026-04-08 01:43:45.299  WARN 71 --- [me-limited test] JpaBaseConfiguration$JpaWebConfiguration : spring.jpa.open-in-view is enabled by default. Therefore, database queries may be performed during view rendering. Explicitly configure spring.jpa.open-in-view to disable this warning
2026-04-08 01:43:45.568  INFO 71 --- [me-limited test] o.s.b.a.w.s.WelcomePageHandlerMapping    : Adding welcome page: class path resource [static/index.html]
2026-04-08 01:43:45.732  INFO 71 --- [me-limited test] o.s.b.w.embedded.tomcat.TomcatWebServer  : Tomcat started on port(s): 8080 (http) with context path ''
2026-04-08 01:43:45.747  INFO 71 --- [me-limited test] br.com.bluesoft.TesteQaApplication       : Started TesteQaApplication in 5.927 seconds (JVM running for 8.29)
[INFO] Tests run: 1, Failures: 0, Errors: 0, Skipped: 0, Time elapsed: 5.924 s - in br.com.bluesoft.TesteQaApplication_main_16408272021
[INFO] Running br.com.bluesoft.usuario.domain.Usuario_setNome_17835860897
[INFO] Tests run: 1, Failures: 0, Errors: 0, Skipped: 0, Time elapsed: 0 s - in br.com.bluesoft.usuario.domain.Usuario_setNome_17835860897
[INFO] Running br.com.bluesoft.usuario.domain.Usuario_setCelular_48583343824
[INFO] Tests run: 1, Failures: 0, Errors: 0, Skipped: 0, Time elapsed: 0.001 s - in br.com.bluesoft.usuario.domain.Usuario_setCelular_48583343824
[INFO] Running br.com.bluesoft.usuario.domain.Usuario_canEqual_134882033612
[INFO] Tests run: 1, Failures: 0, Errors: 0, Skipped: 0, Time elapsed: 0 s - in br.com.bluesoft.usuario.domain.Usuario_canEqual_134882033612
[INFO] Running br.com.bluesoft.usuario.domain.Usuario_setCpf_156329743523
[INFO] Tests run: 1, Failures: 0, Errors: 0, Skipped: 0, Time elapsed: 0.001 s - in br.com.bluesoft.usuario.domain.Usuario_setCpf_156329743523
[INFO] Running br.com.bluesoft.usuario.domain.Usuario_setCpf_15632974358
[INFO] Tests run: 1, Failures: 0, Errors: 0, Skipped: 0, Time elapsed: 0 s - in br.com.bluesoft.usuario.domain.Usuario_setCpf_15632974358
[INFO] Running br.com.bluesoft.usuario.domain.Usuario_init_63708211515
[INFO] Tests run: 1, Failures: 0, Errors: 0, Skipped: 0, Time elapsed: 0 s - in br.com.bluesoft.usuario.domain.Usuario_init_63708211515
[INFO] Running br.com.bluesoft.usuario.domain.Usuario_equals_214198433126
[INFO] Tests run: 1, Failures: 0, Errors: 0, Skipped: 0, Time elapsed: 0 s - in br.com.bluesoft.usuario.domain.Usuario_equals_214198433126
[INFO] Running br.com.bluesoft.usuario.domain.Usuario_setDataNascimento_148277570610
[INFO] Tests run: 1, Failures: 0, Errors: 0, Skipped: 0, Time elapsed: 0 s - in br.com.bluesoft.usuario.domain.Usuario_setDataNascimento_148277570610
[INFO] Running br.com.bluesoft.usuario.domain.Usuario_toString_118253796614
[INFO] Tests run: 1, Failures: 0, Errors: 0, Skipped: 0, Time elapsed: 0.002 s - in br.com.bluesoft.usuario.domain.Usuario_toString_118253796614
[INFO] Running br.com.bluesoft.usuario.domain.Usuario_getCelular_12973144624
[INFO] Tests run: 1, Failures: 0, Errors: 0, Skipped: 0, Time elapsed: 0.002 s - in br.com.bluesoft.usuario.domain.Usuario_getCelular_12973144624
[INFO] Running br.com.bluesoft.usuario.domain.Usuario_setNome_178358608922
[INFO] Tests run: 1, Failures: 0, Errors: 0, Skipped: 0, Time elapsed: 0 s - in br.com.bluesoft.usuario.domain.Usuario_setNome_178358608922
[INFO] Running br.com.bluesoft.usuario.domain.Usuario_hashCode_169329765628
[INFO] Tests run: 1, Failures: 0, Errors: 0, Skipped: 0, Time elapsed: 0.003 s - in br.com.bluesoft.usuario.domain.Usuario_hashCode_169329765628
[INFO] Running br.com.bluesoft.usuario.domain.Usuario_hashCode_169329765613
[INFO] Tests run: 1, Failures: 0, Errors: 0, Skipped: 0, Time elapsed: 0 s - in br.com.bluesoft.usuario.domain.Usuario_hashCode_169329765613
[INFO] Running br.com.bluesoft.usuario.domain.Usuario_getId_14152635981
[INFO] Tests run: 1, Failures: 0, Errors: 0, Skipped: 0, Time elapsed: 0 s - in br.com.bluesoft.usuario.domain.Usuario_getId_14152635981
[INFO] Running br.com.bluesoft.usuario.domain.Usuario_getDataNascimento_187828290020
[INFO] Tests run: 1, Failures: 0, Errors: 0, Skipped: 0, Time elapsed: 0.001 s - in br.com.bluesoft.usuario.domain.Usuario_getDataNascimento_187828290020
[INFO] Running br.com.bluesoft.usuario.domain.Usuario_equals_214198433111
[INFO] Tests run: 1, Failures: 0, Errors: 0, Skipped: 0, Time elapsed: 0 s - in br.com.bluesoft.usuario.domain.Usuario_equals_214198433111
[INFO] Running br.com.bluesoft.usuario.domain.Usuario_setCelular_4858334389
[INFO] Tests run: 1, Failures: 0, Errors: 0, Skipped: 0, Time elapsed: 0 s - in br.com.bluesoft.usuario.domain.Usuario_setCelular_4858334389
[INFO] Running br.com.bluesoft.usuario.domain.Usuario_init_6370821150
[INFO] Tests run: 1, Failures: 0, Errors: 0, Skipped: 0, Time elapsed: 0.001 s - in br.com.bluesoft.usuario.domain.Usuario_init_6370821150
[INFO] Running br.com.bluesoft.usuario.domain.Usuario_toString_118253796629
[INFO] Tests run: 1, Failures: 0, Errors: 0, Skipped: 0, Time elapsed: 0.001 s - in br.com.bluesoft.usuario.domain.Usuario_toString_118253796629
[INFO] Running br.com.bluesoft.usuario.domain.Usuario_getCpf_135828867718
[INFO] Tests run: 1, Failures: 0, Errors: 0, Skipped: 0, Time elapsed: 0 s - in br.com.bluesoft.usuario.domain.Usuario_getCpf_135828867718
[INFO] Running br.com.bluesoft.usuario.domain.Usuario_setId_8159668646
[INFO] Tests run: 1, Failures: 0, Errors: 0, Skipped: 0, Time elapsed: 0 s - in br.com.bluesoft.usuario.domain.Usuario_setId_8159668646
[INFO] Running br.com.bluesoft.usuario.domain.Usuario_setId_81596686421
[INFO] Tests run: 1, Failures: 0, Errors: 0, Skipped: 0, Time elapsed: 0 s - in br.com.bluesoft.usuario.domain.Usuario_setId_81596686421
[INFO] Running br.com.bluesoft.usuario.domain.Usuario_getId_141526359816
[INFO] Tests run: 1, Failures: 0, Errors: 0, Skipped: 0, Time elapsed: 0.001 s - in br.com.bluesoft.usuario.domain.Usuario_getId_141526359816
[INFO] Running br.com.bluesoft.usuario.domain.Usuario_getNome_6370952117
[INFO] Tests run: 1, Failures: 0, Errors: 0, Skipped: 0, Time elapsed: 0 s - in br.com.bluesoft.usuario.domain.Usuario_getNome_6370952117
[INFO] Running br.com.bluesoft.usuario.domain.Usuario_getNome_637095212
[INFO] Tests run: 1, Failures: 0, Errors: 0, Skipped: 0, Time elapsed: 0 s - in br.com.bluesoft.usuario.domain.Usuario_getNome_637095212
[INFO] Running br.com.bluesoft.usuario.domain.Usuario_getCelular_129731446219
[INFO] Tests run: 1, Failures: 0, Errors: 0, Skipped: 0, Time elapsed: 0 s - in br.com.bluesoft.usuario.domain.Usuario_getCelular_129731446219
[INFO] Running br.com.bluesoft.usuario.domain.Usuario_canEqual_134882033627
[INFO] Tests run: 1, Failures: 0, Errors: 0, Skipped: 0, Time elapsed: 0.001 s - in br.com.bluesoft.usuario.domain.Usuario_canEqual_134882033627
[INFO] Running br.com.bluesoft.usuario.domain.Usuario_setDataNascimento_148277570625
[INFO] Tests run: 1, Failures: 0, Errors: 0, Skipped: 0, Time elapsed: 0 s - in br.com.bluesoft.usuario.domain.Usuario_setDataNascimento_148277570625
[INFO] Running br.com.bluesoft.usuario.domain.Usuario_getDataNascimento_18782829005
[INFO] Tests run: 1, Failures: 0, Errors: 0, Skipped: 0, Time elapsed: 0 s - in br.com.bluesoft.usuario.domain.Usuario_getDataNascimento_18782829005
[INFO] Running br.com.bluesoft.usuario.domain.Usuario_getCpf_13582886773
[INFO] Tests run: 1, Failures: 0, Errors: 0, Skipped: 0, Time elapsed: 0 s - in br.com.bluesoft.usuario.domain.Usuario_getCpf_13582886773
[INFO] Running br.com.bluesoft.usuario.web.controller.UsuarioController_excluirUsuarios_10333593372
[ERROR] Tests run: 1, Failures: 0, Errors: 1, Skipped: 0, Time elapsed: 0 s <<< FAILURE! - in br.com.bluesoft.usuario.web.controller.UsuarioController_excluirUsuarios_10333593372
[ERROR] test  Time elapsed: 0 s  <<< ERROR!
java.lang.NullPointerException
	at br.com.bluesoft.usuario.web.controller.UsuarioController_excluirUsuarios_10333593372.test(UsuarioController_excluirUsuarios_10333593372.java:40)

[INFO] Running br.com.bluesoft.usuario.web.controller.UsuarioController_criarUsuario_10716429230
[ERROR] Tests run: 1, Failures: 0, Errors: 1, Skipped: 0, Time elapsed: 0 s <<< FAILURE! - in br.com.bluesoft.usuario.web.controller.UsuarioController_criarUsuario_10716429230
[ERROR] test  Time elapsed: 0 s  <<< ERROR!
java.lang.NullPointerException
	at br.com.bluesoft.usuario.web.controller.UsuarioController_criarUsuario_10716429230.test(UsuarioController_criarUsuario_10716429230.java:53)

[INFO] Running br.com.bluesoft.usuario.web.controller.UsuarioController_listarUsuarios_4889638111
[ERROR] Tests run: 1, Failures: 0, Errors: 1, Skipped: 0, Time elapsed: 0 s <<< FAILURE! - in br.com.bluesoft.usuario.web.controller.UsuarioController_listarUsuarios_4889638111
[ERROR] test  Time elapsed: 0 s  <<< ERROR!
java.lang.NullPointerException
	at br.com.bluesoft.usuario.web.controller.UsuarioController_listarUsuarios_4889638111.test(UsuarioController_listarUsuarios_4889638111.java:42)

[INFO] Running br.com.bluesoft.usuario.web.view.UsuarioView_getNome_10835758883
[INFO] Tests run: 1, Failures: 0, Errors: 0, Skipped: 0, Time elapsed: 0 s - in br.com.bluesoft.usuario.web.view.UsuarioView_getNome_10835758883
[INFO] Running br.com.bluesoft.usuario.web.view.UsuarioView_getCpf_21100326811
[INFO] Tests run: 1, Failures: 0, Errors: 0, Skipped: 0, Time elapsed: 0 s - in br.com.bluesoft.usuario.web.view.UsuarioView_getCpf_21100326811
[INFO] Running br.com.bluesoft.usuario.web.view.UsuarioView_getCelular_15002905312
[INFO] Tests run: 1, Failures: 0, Errors: 0, Skipped: 0, Time elapsed: 0.001 s - in br.com.bluesoft.usuario.web.view.UsuarioView_getCelular_15002905312
[INFO] Running br.com.bluesoft.usuario.web.view.UsuarioView_toView_12157649941
[ERROR] Tests run: 1, Failures: 0, Errors: 1, Skipped: 0, Time elapsed: 0 s <<< FAILURE! - in br.com.bluesoft.usuario.web.view.UsuarioView_toView_12157649941
[ERROR] test  Time elapsed: 0 s  <<< ERROR!
java.lang.NullPointerException
	at br.com.bluesoft.usuario.web.view.UsuarioView_toView_12157649941.test(UsuarioView_toView_12157649941.java:77)

[INFO] Running br.com.bluesoft.usuario.web.view.UsuarioView_getDataNascimento_8782427086
[INFO] Tests run: 1, Failures: 0, Errors: 0, Skipped: 0, Time elapsed: 0 s - in br.com.bluesoft.usuario.web.view.UsuarioView_getDataNascimento_8782427086
[INFO] Running br.com.bluesoft.usuario.web.view.UsuarioView_getNome_108357588810
[INFO] Tests run: 1, Failures: 0, Errors: 0, Skipped: 0, Time elapsed: 0.002 s - in br.com.bluesoft.usuario.web.view.UsuarioView_getNome_108357588810
[INFO] Running br.com.bluesoft.usuario.web.view.UsuarioView_getCelular_1500290535
[INFO] Tests run: 1, Failures: 0, Errors: 0, Skipped: 0, Time elapsed: 0.001 s - in br.com.bluesoft.usuario.web.view.UsuarioView_getCelular_1500290535
[INFO] Running br.com.bluesoft.usuario.web.view.UsuarioView_getDataNascimento_87824270813
[INFO] Tests run: 1, Failures: 0, Errors: 0, Skipped: 0, Time elapsed: 0.001 s - in br.com.bluesoft.usuario.web.view.UsuarioView_getDataNascimento_87824270813
[INFO] Running br.com.bluesoft.usuario.web.view.UsuarioView_toView_12157649948
[ERROR] Tests run: 1, Failures: 0, Errors: 1, Skipped: 0, Time elapsed: 0 s <<< FAILURE! - in br.com.bluesoft.usuario.web.view.UsuarioView_toView_12157649948
[ERROR] test  Time elapsed: 0 s  <<< ERROR!
java.lang.NullPointerException
	at br.com.bluesoft.usuario.web.view.UsuarioView_toView_12157649948.test(UsuarioView_toView_12157649948.java:49)

[INFO] Running br.com.bluesoft.usuario.web.view.UsuarioView_init_9805190100
[INFO] Tests run: 1, Failures: 0, Errors: 0, Skipped: 0, Time elapsed: 0 s - in br.com.bluesoft.usuario.web.view.UsuarioView_init_9805190100
[INFO] Running br.com.bluesoft.usuario.web.view.UsuarioView_getId_2679781892
[INFO] Tests run: 1, Failures: 0, Errors: 0, Skipped: 0, Time elapsed: 0 s - in br.com.bluesoft.usuario.web.view.UsuarioView_getId_2679781892
[INFO] Running br.com.bluesoft.usuario.web.view.UsuarioView_init_9805190107
[ERROR] Tests run: 1, Failures: 0, Errors: 1, Skipped: 0, Time elapsed: 0.001 s <<< FAILURE! - in br.com.bluesoft.usuario.web.view.UsuarioView_init_9805190107
[ERROR] test  Time elapsed: 0 s  <<< ERROR!
java.lang.reflect.InvocationTargetException
	at br.com.bluesoft.usuario.web.view.UsuarioView_init_9805190107.test(UsuarioView_init_9805190107.java:42)
Caused by: java.lang.NullPointerException
	at br.com.bluesoft.usuario.web.view.UsuarioView_init_9805190107.test(UsuarioView_init_9805190107.java:42)

[INFO] Running br.com.bluesoft.usuario.web.view.UsuarioView_getId_2679781899
[INFO] Tests run: 1, Failures: 0, Errors: 0, Skipped: 0, Time elapsed: 0.001 s - in br.com.bluesoft.usuario.web.view.UsuarioView_getId_2679781899
[INFO] Running br.com.bluesoft.usuario.web.view.UsuarioView_getCpf_2110032684
[INFO] Tests run: 1, Failures: 0, Errors: 0, Skipped: 0, Time elapsed: 0 s - in br.com.bluesoft.usuario.web.view.UsuarioView_getCpf_2110032684
[INFO] Running br.com.bluesoft.usuario.web.form.UsuarioForm_getDataNascimento_11924131335
[INFO] Tests run: 1, Failures: 0, Errors: 0, Skipped: 0, Time elapsed: 0 s - in br.com.bluesoft.usuario.web.form.UsuarioForm_getDataNascimento_11924131335
[INFO] Running br.com.bluesoft.usuario.web.form.UsuarioForm_canEqual_172187569725
[INFO] Tests run: 1, Failures: 0, Errors: 0, Skipped: 0, Time elapsed: 0 s - in br.com.bluesoft.usuario.web.form.UsuarioForm_canEqual_172187569725
[INFO] Running br.com.bluesoft.usuario.web.form.UsuarioForm_hashCode_46902639312
[INFO] Tests run: 1, Failures: 0, Errors: 0, Skipped: 0, Time elapsed: 0 s - in br.com.bluesoft.usuario.web.form.UsuarioForm_hashCode_46902639312
[INFO] Running br.com.bluesoft.usuario.web.form.UsuarioForm_init_5871891481
[INFO] Tests run: 1, Failures: 0, Errors: 0, Skipped: 0, Time elapsed: 0 s - in br.com.bluesoft.usuario.web.form.UsuarioForm_init_5871891481
[INFO] Running br.com.bluesoft.usuario.web.form.UsuarioForm_setCelular_7384378258
[INFO] Tests run: 1, Failures: 0, Errors: 0, Skipped: 0, Time elapsed: 0 s - in br.com.bluesoft.usuario.web.form.UsuarioForm_setCelular_7384378258
[INFO] Running br.com.bluesoft.usuario.web.form.UsuarioForm_setCelular_73843782522
[INFO] Tests run: 1, Failures: 0, Errors: 0, Skipped: 0, Time elapsed: 0.001 s - in br.com.bluesoft.usuario.web.form.UsuarioForm_setCelular_73843782522
[INFO] Running br.com.bluesoft.usuario.web.form.UsuarioForm_equals_91771306810
[INFO] Tests run: 1, Failures: 0, Errors: 0, Skipped: 0, Time elapsed: 0 s - in br.com.bluesoft.usuario.web.form.UsuarioForm_equals_91771306810
[INFO] Running br.com.bluesoft.usuario.web.form.UsuarioForm_setDataNascimento_158792032723
[INFO] Tests run: 1, Failures: 0, Errors: 0, Skipped: 0, Time elapsed: 0.004 s - in br.com.bluesoft.usuario.web.form.UsuarioForm_setDataNascimento_158792032723
[INFO] Running br.com.bluesoft.usuario.web.form.UsuarioForm_init_58718914815
[INFO] Tests run: 1, Failures: 0, Errors: 0, Skipped: 0, Time elapsed: 0 s - in br.com.bluesoft.usuario.web.form.UsuarioForm_init_58718914815
[INFO] Running br.com.bluesoft.usuario.web.form.UsuarioForm_getNome_116056174216
[INFO] Tests run: 1, Failures: 0, Errors: 0, Skipped: 0, Time elapsed: 0 s - in br.com.bluesoft.usuario.web.form.UsuarioForm_getNome_116056174216
[INFO] Running br.com.bluesoft.usuario.web.form.UsuarioForm_toEntity_20847274260
[INFO] Tests run: 1, Failures: 0, Errors: 0, Skipped: 0, Time elapsed: 0.001 s - in br.com.bluesoft.usuario.web.form.UsuarioForm_toEntity_20847274260
[INFO] Running br.com.bluesoft.usuario.web.form.UsuarioForm_toString_4173329727
[INFO] Tests run: 1, Failures: 0, Errors: 0, Skipped: 0, Time elapsed: 0 s - in br.com.bluesoft.usuario.web.form.UsuarioForm_toString_4173329727
[INFO] Running br.com.bluesoft.usuario.web.form.UsuarioForm_setCpf_15073985987
[INFO] Tests run: 1, Failures: 0, Errors: 0, Skipped: 0, Time elapsed: 0 s - in br.com.bluesoft.usuario.web.form.UsuarioForm_setCpf_15073985987
[INFO] Running br.com.bluesoft.usuario.web.form.UsuarioForm_getDataNascimento_119241313319
[INFO] Tests run: 1, Failures: 0, Errors: 0, Skipped: 0, Time elapsed: 0 s - in br.com.bluesoft.usuario.web.form.UsuarioForm_getDataNascimento_119241313319
[INFO] Running br.com.bluesoft.usuario.web.form.UsuarioForm_setDataNascimento_15879203279
[INFO] Tests run: 1, Failures: 0, Errors: 0, Skipped: 0, Time elapsed: 0 s - in br.com.bluesoft.usuario.web.form.UsuarioForm_setDataNascimento_15879203279
[INFO] Running br.com.bluesoft.usuario.web.form.UsuarioForm_getCelular_730431994
[INFO] Tests run: 1, Failures: 0, Errors: 0, Skipped: 0, Time elapsed: 0 s - in br.com.bluesoft.usuario.web.form.UsuarioForm_getCelular_730431994
[INFO] Running br.com.bluesoft.usuario.web.form.UsuarioForm_canEqual_172187569711
[INFO] Tests run: 1, Failures: 0, Errors: 0, Skipped: 0, Time elapsed: 0 s - in br.com.bluesoft.usuario.web.form.UsuarioForm_canEqual_172187569711
[INFO] Running br.com.bluesoft.usuario.web.form.UsuarioForm_equals_91771306824
[INFO] Tests run: 1, Failures: 0, Errors: 0, Skipped: 0, Time elapsed: 0 s - in br.com.bluesoft.usuario.web.form.UsuarioForm_equals_91771306824
[INFO] Running br.com.bluesoft.usuario.web.form.UsuarioForm_setNome_5593148266
[INFO] Tests run: 1, Failures: 0, Errors: 0, Skipped: 0, Time elapsed: 0 s - in br.com.bluesoft.usuario.web.form.UsuarioForm_setNome_5593148266
[INFO] Running br.com.bluesoft.usuario.web.form.UsuarioForm_toEntity_208472742614
[INFO] Tests run: 1, Failures: 0, Errors: 0, Skipped: 0, Time elapsed: 0 s - in br.com.bluesoft.usuario.web.form.UsuarioForm_toEntity_208472742614
[INFO] Running br.com.bluesoft.usuario.web.form.UsuarioForm_getCelular_7304319918
[INFO] Tests run: 1, Failures: 0, Errors: 0, Skipped: 0, Time elapsed: 0.001 s - in br.com.bluesoft.usuario.web.form.UsuarioForm_getCelular_7304319918
[INFO] Running br.com.bluesoft.usuario.web.form.UsuarioForm_getNome_11605617422
[INFO] Tests run: 1, Failures: 0, Errors: 0, Skipped: 0, Time elapsed: 0 s - in br.com.bluesoft.usuario.web.form.UsuarioForm_getNome_11605617422
[INFO] Running br.com.bluesoft.usuario.web.form.UsuarioForm_toString_4173329713
[INFO] Tests run: 1, Failures: 0, Errors: 0, Skipped: 0, Time elapsed: 0 s - in br.com.bluesoft.usuario.web.form.UsuarioForm_toString_4173329713
[INFO] Running br.com.bluesoft.usuario.web.form.UsuarioForm_setCpf_150739859821
[INFO] Tests run: 1, Failures: 0, Errors: 0, Skipped: 0, Time elapsed: 0 s - in br.com.bluesoft.usuario.web.form.UsuarioForm_setCpf_150739859821
[INFO] Running br.com.bluesoft.usuario.web.form.UsuarioForm_getCpf_1340174143
[INFO] Tests run: 1, Failures: 0, Errors: 0, Skipped: 0, Time elapsed: 0 s - in br.com.bluesoft.usuario.web.form.UsuarioForm_getCpf_1340174143
[INFO] Running br.com.bluesoft.usuario.web.form.UsuarioForm_setNome_55931482620
[INFO] Tests run: 1, Failures: 0, Errors: 0, Skipped: 0, Time elapsed: 0 s - in br.com.bluesoft.usuario.web.form.UsuarioForm_setNome_55931482620
[INFO] Running br.com.bluesoft.usuario.web.form.UsuarioForm_hashCode_46902639326
[INFO] Tests run: 1, Failures: 0, Errors: 0, Skipped: 0, Time elapsed: 0 s - in br.com.bluesoft.usuario.web.form.UsuarioForm_hashCode_46902639326
[INFO] Running br.com.bluesoft.usuario.web.form.UsuarioForm_getCpf_13401741417
[INFO] Tests run: 1, Failures: 0, Errors: 0, Skipped: 0, Time elapsed: 0 s - in br.com.bluesoft.usuario.web.form.UsuarioForm_getCpf_13401741417
[INFO] Running br.com.bluesoft.TesteQaApplication_init_12642641980
[INFO] Tests run: 1, Failures: 0, Errors: 0, Skipped: 0, Time elapsed: 0 s - in br.com.bluesoft.TesteQaApplication_init_12642641980
[INFO] Running br.com.bluesoft.TesteQaApplicationTests
2026-04-08 01:43:46.094  INFO 71 --- [           main] .b.t.c.SpringBootTestContextBootstrapper : Neither @ContextConfiguration nor @ContextHierarchy found for test class [br.com.bluesoft.TesteQaApplicationTests], using SpringBootContextLoader
2026-04-08 01:43:46.096  INFO 71 --- [           main] o.s.t.c.support.AbstractContextLoader    : Could not detect default resource locations for test class [br.com.bluesoft.TesteQaApplicationTests]: no resource found for suffixes {-context.xml, Context.groovy}.
2026-04-08 01:43:46.096  INFO 71 --- [           main] t.c.s.AnnotationConfigContextLoaderUtils : Could not detect default configuration classes for test class [br.com.bluesoft.TesteQaApplicationTests]: TesteQaApplicationTests does not declare any static, non-private, non-final, nested classes annotated with @Configuration.
2026-04-08 01:43:46.139  INFO 71 --- [           main] .b.t.c.SpringBootTestContextBootstrapper : Found @SpringBootConfiguration br.com.bluesoft.TesteQaApplication for test class br.com.bluesoft.TesteQaApplicationTests
2026-04-08 01:43:46.146  INFO 71 --- [           main] .b.t.c.SpringBootTestContextBootstrapper : Loaded default TestExecutionListener class names from location [META-INF/spring.factories]: [org.springframework.boot.test.mock.mockito.MockitoTestExecutionListener, org.springframework.boot.test.mock.mockito.ResetMocksTestExecutionListener, org.springframework.boot.test.autoconfigure.restdocs.RestDocsTestExecutionListener, org.springframework.boot.test.autoconfigure.web.client.MockRestServiceServerResetTestExecutionListener, org.springframework.boot.test.autoconfigure.web.servlet.MockMvcPrintOnlyOnFailureTestExecutionListener, org.springframework.boot.test.autoconfigure.web.servlet.WebDriverTestExecutionListener, org.springframework.boot.test.autoconfigure.webservices.client.MockWebServiceServerTestExecutionListener, org.springframework.test.context.web.ServletTestExecutionListener, org.springframework.test.context.support.DirtiesContextBeforeModesTestExecutionListener, org.springframework.test.context.event.ApplicationEventsTestExecutionListener, org.springframework.test.context.support.DependencyInjectionTestExecutionListener, org.springframework.test.context.support.DirtiesContextTestExecutionListener, org.springframework.test.context.transaction.TransactionalTestExecutionListener, org.springframework.test.context.jdbc.SqlScriptsTestExecutionListener, org.springframework.test.context.event.EventPublishingTestExecutionListener]
2026-04-08 01:43:46.157  INFO 71 --- [           main] .b.t.c.SpringBootTestContextBootstrapper : Using TestExecutionListeners: [org.springframework.test.context.web.ServletTestExecutionListener@6cd98a05, org.springframework.test.context.support.DirtiesContextBeforeModesTestExecutionListener@3b8ec001, org.springframework.test.context.event.ApplicationEventsTestExecutionListener@1e95b653, org.springframework.boot.test.mock.mockito.MockitoTestExecutionListener@6f6c6077, org.springframework.boot.test.autoconfigure.SpringBootDependencyInjectionTestExecutionListener@4fc5563d, org.springframework.test.context.support.DirtiesContextTestExecutionListener@286090c, org.springframework.test.context.transaction.TransactionalTestExecutionListener@31120021, org.springframework.test.context.jdbc.SqlScriptsTestExecutionListener@3df1a1ac, org.springframework.test.context.event.EventPublishingTestExecutionListener@58606c91, org.springframework.boot.test.mock.mockito.ResetMocksTestExecutionListener@6a9cd0f8, org.springframework.boot.test.autoconfigure.restdocs.RestDocsTestExecutionListener@4baed682, org.springframework.boot.test.autoconfigure.web.client.MockRestServiceServerResetTestExecutionListener@7be2f29a, org.springframework.boot.test.autoconfigure.web.servlet.MockMvcPrintOnlyOnFailureTestExecutionListener@203d1d93, org.springframework.boot.test.autoconfigure.web.servlet.WebDriverTestExecutionListener@2c2a027c, org.springframework.boot.test.autoconfigure.webservices.client.MockWebServiceServerTestExecutionListener@118dcbbd]

  .   ____          _            __ _ _
 /\\ / ___'_ __ _ _(_)_ __  __ _ \ \ \ \
( ( )\___ | '_ | '_| | '_ \/ _` | \ \ \ \
 \\/  ___)| |_)| | | | | || (_| |  ) ) ) )
  '  |____| .__|_| |_|_| |_\__, | / / / /
 =========|_|==============|___/=/_/_/_/
 :: Spring Boot ::                (v2.6.6)

2026-04-08 01:43:46.203  INFO 71 --- [           main] br.com.bluesoft.TesteQaApplicationTests  : Starting TesteQaApplicationTests using Java 11.0.16 on 556ea9116ae7 with PID 71 (started by root in /app)
2026-04-08 01:43:46.203  INFO 71 --- [           main] br.com.bluesoft.TesteQaApplicationTests  : No active profile set, falling back to 1 default profile: "default"
2026-04-08 01:43:46.391  INFO 71 --- [           main] .s.d.r.c.RepositoryConfigurationDelegate : Bootstrapping Spring Data JPA repositories in DEFAULT mode.
2026-04-08 01:43:46.401  INFO 71 --- [           main] .s.d.r.c.RepositoryConfigurationDelegate : Finished Spring Data repository scanning in 10 ms. Found 1 JPA repository interfaces.
2026-04-08 01:43:46.535  INFO 71 --- [           main] com.zaxxer.hikari.HikariDataSource       : HikariPool-2 - Starting...
2026-04-08 01:43:46.538  INFO 71 --- [           main] com.zaxxer.hikari.HikariDataSource       : HikariPool-2 - Start completed.
2026-04-08 01:43:46.560  INFO 71 --- [           main] o.hibernate.jpa.internal.util.LogHelper  : HHH000204: Processing PersistenceUnitInfo [name: default]
2026-04-08 01:43:46.566  INFO 71 --- [           main] org.hibernate.dialect.Dialect            : HHH000400: Using dialect: org.hibernate.dialect.H2Dialect
2026-04-08 01:43:46.601  INFO 71 --- [           main] o.h.e.t.j.p.i.JtaPlatformInitiator       : HHH000490: Using JtaPlatform implementation: [org.hibernate.engine.transaction.jta.platform.internal.NoJtaPlatform]
2026-04-08 01:43:46.602  INFO 71 --- [           main] j.LocalContainerEntityManagerFactoryBean : Initialized JPA EntityManagerFactory for persistence unit 'default'
2026-04-08 01:43:46.795  WARN 71 --- [           main] JpaBaseConfiguration$JpaWebConfiguration : spring.jpa.open-in-view is enabled by default. Therefore, database queries may be performed during view rendering. Explicitly configure spring.jpa.open-in-view to disable this warning
2026-04-08 01:43:46.904  INFO 71 --- [           main] o.s.b.a.w.s.WelcomePageHandlerMapping    : Adding welcome page: class path resource [static/index.html]
2026-04-08 01:43:47.036  INFO 71 --- [           main] br.com.bluesoft.TesteQaApplicationTests  : Started TesteQaApplicationTests in 0.865 seconds (JVM running for 9.579)
[INFO] Tests run: 1, Failures: 0, Errors: 0, Skipped: 0, Time elapsed: 1.091 s - in br.com.bluesoft.TesteQaApplicationTests
2026-04-08 01:43:47.328  INFO 71 --- [ionShutdownHook] j.LocalContainerEntityManagerFactoryBean : Closing JPA EntityManagerFactory for persistence unit 'default'
2026-04-08 01:43:47.329  INFO 71 --- [ionShutdownHook] .SchemaDropperImpl$DelayedDropActionImpl : HHH000477: Starting delayed evictData of schema as part of SessionFactory shut-down'
2026-04-08 01:43:47.338  INFO 71 --- [ionShutdownHook] com.zaxxer.hikari.HikariDataSource       : HikariPool-1 - Shutdown initiated...
2026-04-08 01:43:47.347  INFO 71 --- [ionShutdownHook] com.zaxxer.hikari.HikariDataSource       : HikariPool-1 - Shutdown completed.
2026-04-08 01:43:47.349  INFO 71 --- [ionShutdownHook] j.LocalContainerEntityManagerFactoryBean : Closing JPA EntityManagerFactory for persistence unit 'default'
2026-04-08 01:43:47.350  INFO 71 --- [ionShutdownHook] .SchemaDropperImpl$DelayedDropActionImpl : HHH000477: Starting delayed evictData of schema as part of SessionFactory shut-down'
2026-04-08 01:43:47.353  INFO 71 --- [ionShutdownHook] com.zaxxer.hikari.HikariDataSource       : HikariPool-2 - Shutdown initiated...
2026-04-08 01:43:47.355  INFO 71 --- [ionShutdownHook] com.zaxxer.hikari.HikariDataSource       : HikariPool-2 - Shutdown completed.
[INFO] 
[INFO] Results:
[INFO] 
[ERROR] Errors: 
[ERROR]   TesteQaApplication_main_16408272023.test:44 » IllegalArgument Args must not be...
[ERROR]   UsuarioController_criarUsuario_10716429230.test:53 » NullPointer
[ERROR]   UsuarioController_excluirUsuarios_10333593372.test:40 » NullPointer
[ERROR]   UsuarioController_listarUsuarios_4889638111.test:42 » NullPointer
[ERROR]   UsuarioView_init_9805190107.test:42 » InvocationTarget
[ERROR]   UsuarioView_toView_12157649941.test:77 » NullPointer
[ERROR]   UsuarioView_toView_12157649948.test:49 » NullPointer
[INFO] 
[ERROR] Tests run: 80, Failures: 0, Errors: 7, Skipped: 0
[INFO] 
[ERROR] There are test failures.

Please refer to /app/target/surefire-reports for the individual test results.
Please refer to dump files (if any exist) [date].dump, [date]-jvmRun[N].dump and [date].dumpstream.
[INFO] 
[INFO] --- jacoco-maven-plugin:0.8.11:report (report) @ teste-qa ---
[INFO] Loading execution data file /app/target/jacoco.exec
[INFO] Analyzed bundle 'teste-qa' with 5 classes
[INFO] 
[INFO] --- jacoco-maven-plugin:0.8.11:report (default-cli) @ teste-qa ---
[INFO] Loading execution data file /app/target/jacoco.exec
[INFO] Analyzed bundle 'teste-qa' with 5 classes
[INFO] ------------------------------------------------------------------------
[INFO] BUILD SUCCESS
[INFO] ------------------------------------------------------------------------
[INFO] Total time:  14.865 s
[INFO] Finished at: 2026-04-08T01:43:47Z
[INFO] ------------------------------------------------------------------------
