[INFO] Scanning for projects...
[INFO] 
[INFO] ----------------------< br.com.bluesoft:teste-qa >----------------------
[INFO] Building teste-qa 0.0.1-SNAPSHOT
[INFO] --------------------------------[ jar ]---------------------------------
[INFO] 
[INFO] --- maven-clean-plugin:3.1.0:clean (default-clean) @ teste-qa ---
[INFO] Deleting /app/target
[INFO] 
[INFO] --- jacoco-maven-plugin:0.8.11:prepare-agent (default) @ teste-qa ---
[INFO] argLine set to -javaagent:/root/.m2/repository/org/jacoco/org.jacoco.agent/0.8.11/org.jacoco.agent-0.8.11-runtime.jar=destfile=/app/target/jacoco.exec
[INFO] 
[INFO] --- maven-resources-plugin:3.2.0:resources (default-resources) @ teste-qa ---
[INFO] Using 'UTF-8' encoding to copy filtered resources.
[INFO] Using 'UTF-8' encoding to copy filtered properties files.
[INFO] Copying 1 resource
[INFO] Copying 2 resources
[INFO] 
[INFO] --- maven-compiler-plugin:3.8.1:compile (default-compile) @ teste-qa ---
[INFO] Changes detected - recompiling the module!
[INFO] Compiling 6 source files to /app/target/classes
[INFO] 
[INFO] --- build-helper-maven-plugin:3.3.0:add-test-source (add-kex-test-source) @ teste-qa ---
[INFO] Test Source directory: /app/src/test/java/kex-tests added.
[INFO] 
[INFO] --- maven-resources-plugin:3.2.0:testResources (default-testResources) @ teste-qa ---
[INFO] Using 'UTF-8' encoding to copy filtered resources.
[INFO] Using 'UTF-8' encoding to copy filtered properties files.
[INFO] skip non existing resourceDirectory /app/src/test/resources
[INFO] 
[INFO] --- maven-compiler-plugin:3.8.1:testCompile (default-testCompile) @ teste-qa ---
[INFO] Changes detected - recompiling the module!
[INFO] Compiling 89 source files to /app/target/test-classes
[WARNING] /app/src/test/java/kex-tests/tests/br/com/bluesoft/usuario/domain/ReflectionUtils.java:[9,16] sun.misc.Unsafe is internal proprietary API and may be removed in a future release
[WARNING] /app/src/test/java/kex-tests/tests/br/com/bluesoft/usuario/web/form/ReflectionUtils.java:[9,16] sun.misc.Unsafe is internal proprietary API and may be removed in a future release
[WARNING] /app/src/test/java/kex-tests/tests/br/com/bluesoft/usuario/web/view/ReflectionUtils.java:[9,16] sun.misc.Unsafe is internal proprietary API and may be removed in a future release
[WARNING] /app/src/test/java/kex-tests/tests/br/com/bluesoft/ReflectionUtils.java:[9,16] sun.misc.Unsafe is internal proprietary API and may be removed in a future release
[WARNING] /app/src/test/java/kex-tests/tests/br/com/bluesoft/usuario/web/controller/ReflectionUtils.java:[9,16] sun.misc.Unsafe is internal proprietary API and may be removed in a future release
[WARNING] /app/src/test/java/kex-tests/tests/br/com/bluesoft/usuario/domain/ReflectionUtils.java:[9,16] sun.misc.Unsafe is internal proprietary API and may be removed in a future release
[WARNING] /app/src/test/java/kex-tests/tests/br/com/bluesoft/usuario/web/form/ReflectionUtils.java:[9,16] sun.misc.Unsafe is internal proprietary API and may be removed in a future release
[WARNING] /app/src/test/java/kex-tests/tests/br/com/bluesoft/usuario/web/view/ReflectionUtils.java:[9,16] sun.misc.Unsafe is internal proprietary API and may be removed in a future release
[WARNING] /app/src/test/java/kex-tests/tests/br/com/bluesoft/ReflectionUtils.java:[9,16] sun.misc.Unsafe is internal proprietary API and may be removed in a future release
[WARNING] /app/src/test/java/kex-tests/tests/br/com/bluesoft/usuario/web/controller/ReflectionUtils.java:[9,16] sun.misc.Unsafe is internal proprietary API and may be removed in a future release
[WARNING] /app/src/test/java/kex-tests/tests/br/com/bluesoft/usuario/domain/ReflectionUtils.java:[9,16] sun.misc.Unsafe is internal proprietary API and may be removed in a future release
[WARNING] /app/src/test/java/kex-tests/tests/br/com/bluesoft/usuario/web/form/ReflectionUtils.java:[9,16] sun.misc.Unsafe is internal proprietary API and may be removed in a future release
[WARNING] /app/src/test/java/kex-tests/tests/br/com/bluesoft/usuario/web/view/ReflectionUtils.java:[9,16] sun.misc.Unsafe is internal proprietary API and may be removed in a future release
[WARNING] /app/src/test/java/kex-tests/tests/br/com/bluesoft/ReflectionUtils.java:[9,16] sun.misc.Unsafe is internal proprietary API and may be removed in a future release
[WARNING] /app/src/test/java/kex-tests/tests/br/com/bluesoft/usuario/web/controller/ReflectionUtils.java:[9,16] sun.misc.Unsafe is internal proprietary API and may be removed in a future release
[WARNING] /app/src/test/java/kex-tests/tests/br/com/bluesoft/usuario/domain/ReflectionUtils.java:[9,16] sun.misc.Unsafe is internal proprietary API and may be removed in a future release
[WARNING] /app/src/test/java/kex-tests/tests/br/com/bluesoft/usuario/web/form/ReflectionUtils.java:[9,16] sun.misc.Unsafe is internal proprietary API and may be removed in a future release
[WARNING] /app/src/test/java/kex-tests/tests/br/com/bluesoft/usuario/web/view/ReflectionUtils.java:[9,16] sun.misc.Unsafe is internal proprietary API and may be removed in a future release
[WARNING] /app/src/test/java/kex-tests/tests/br/com/bluesoft/ReflectionUtils.java:[9,16] sun.misc.Unsafe is internal proprietary API and may be removed in a future release
[WARNING] /app/src/test/java/kex-tests/tests/br/com/bluesoft/usuario/web/controller/ReflectionUtils.java:[9,16] sun.misc.Unsafe is internal proprietary API and may be removed in a future release
[WARNING] /app/src/test/java/kex-tests/tests/br/com/bluesoft/usuario/domain/ReflectionUtils.java:[9,16] sun.misc.Unsafe is internal proprietary API and may be removed in a future release
[WARNING] /app/src/test/java/kex-tests/tests/br/com/bluesoft/usuario/web/form/ReflectionUtils.java:[9,16] sun.misc.Unsafe is internal proprietary API and may be removed in a future release
[WARNING] /app/src/test/java/kex-tests/tests/br/com/bluesoft/usuario/web/view/ReflectionUtils.java:[9,16] sun.misc.Unsafe is internal proprietary API and may be removed in a future release
[WARNING] /app/src/test/java/kex-tests/tests/br/com/bluesoft/ReflectionUtils.java:[9,16] sun.misc.Unsafe is internal proprietary API and may be removed in a future release
[WARNING] /app/src/test/java/kex-tests/tests/br/com/bluesoft/usuario/web/controller/ReflectionUtils.java:[9,16] sun.misc.Unsafe is internal proprietary API and may be removed in a future release
[WARNING] /app/src/test/java/kex-tests/tests/br/com/bluesoft/usuario/domain/ReflectionUtils.java:[13,25] sun.misc.Unsafe is internal proprietary API and may be removed in a future release
[WARNING] /app/src/test/java/kex-tests/tests/br/com/bluesoft/usuario/domain/ReflectionUtils.java:[13,25] sun.misc.Unsafe is internal proprietary API and may be removed in a future release
[WARNING] /app/src/test/java/kex-tests/tests/br/com/bluesoft/usuario/domain/ReflectionUtils.java:[13,25] sun.misc.Unsafe is internal proprietary API and may be removed in a future release
[WARNING] /app/src/test/java/kex-tests/tests/br/com/bluesoft/usuario/domain/ReflectionUtils.java:[13,25] sun.misc.Unsafe is internal proprietary API and may be removed in a future release
[WARNING] /app/src/test/java/kex-tests/tests/br/com/bluesoft/usuario/domain/ReflectionUtils.java:[13,25] sun.misc.Unsafe is internal proprietary API and may be removed in a future release
[WARNING] /app/src/test/java/kex-tests/tests/br/com/bluesoft/usuario/domain/ReflectionUtils.java:[17,31] sun.misc.Unsafe is internal proprietary API and may be removed in a future release
[WARNING] /app/src/test/java/kex-tests/tests/br/com/bluesoft/usuario/domain/ReflectionUtils.java:[19,23] sun.misc.Unsafe is internal proprietary API and may be removed in a future release
[WARNING] /app/src/test/java/kex-tests/tests/br/com/bluesoft/usuario/web/form/ReflectionUtils.java:[13,25] sun.misc.Unsafe is internal proprietary API and may be removed in a future release
[WARNING] /app/src/test/java/kex-tests/tests/br/com/bluesoft/usuario/web/form/ReflectionUtils.java:[13,25] sun.misc.Unsafe is internal proprietary API and may be removed in a future release
[WARNING] /app/src/test/java/kex-tests/tests/br/com/bluesoft/usuario/web/form/ReflectionUtils.java:[13,25] sun.misc.Unsafe is internal proprietary API and may be removed in a future release
[WARNING] /app/src/test/java/kex-tests/tests/br/com/bluesoft/usuario/web/form/ReflectionUtils.java:[13,25] sun.misc.Unsafe is internal proprietary API and may be removed in a future release
[WARNING] /app/src/test/java/kex-tests/tests/br/com/bluesoft/usuario/web/form/ReflectionUtils.java:[13,25] sun.misc.Unsafe is internal proprietary API and may be removed in a future release
[WARNING] /app/src/test/java/kex-tests/tests/br/com/bluesoft/usuario/web/form/ReflectionUtils.java:[17,31] sun.misc.Unsafe is internal proprietary API and may be removed in a future release
[WARNING] /app/src/test/java/kex-tests/tests/br/com/bluesoft/usuario/web/form/ReflectionUtils.java:[19,23] sun.misc.Unsafe is internal proprietary API and may be removed in a future release
[WARNING] /app/src/test/java/kex-tests/tests/br/com/bluesoft/usuario/web/view/ReflectionUtils.java:[13,25] sun.misc.Unsafe is internal proprietary API and may be removed in a future release
[WARNING] /app/src/test/java/kex-tests/tests/br/com/bluesoft/usuario/web/view/ReflectionUtils.java:[13,25] sun.misc.Unsafe is internal proprietary API and may be removed in a future release
[WARNING] /app/src/test/java/kex-tests/tests/br/com/bluesoft/usuario/web/view/ReflectionUtils.java:[13,25] sun.misc.Unsafe is internal proprietary API and may be removed in a future release
[WARNING] /app/src/test/java/kex-tests/tests/br/com/bluesoft/usuario/web/view/ReflectionUtils.java:[13,25] sun.misc.Unsafe is internal proprietary API and may be removed in a future release
[WARNING] /app/src/test/java/kex-tests/tests/br/com/bluesoft/usuario/web/view/ReflectionUtils.java:[13,25] sun.misc.Unsafe is internal proprietary API and may be removed in a future release
[WARNING] /app/src/test/java/kex-tests/tests/br/com/bluesoft/usuario/web/view/ReflectionUtils.java:[17,31] sun.misc.Unsafe is internal proprietary API and may be removed in a future release
[WARNING] /app/src/test/java/kex-tests/tests/br/com/bluesoft/usuario/web/view/ReflectionUtils.java:[19,23] sun.misc.Unsafe is internal proprietary API and may be removed in a future release
[WARNING] /app/src/test/java/kex-tests/tests/br/com/bluesoft/ReflectionUtils.java:[13,25] sun.misc.Unsafe is internal proprietary API and may be removed in a future release
[WARNING] /app/src/test/java/kex-tests/tests/br/com/bluesoft/ReflectionUtils.java:[13,25] sun.misc.Unsafe is internal proprietary API and may be removed in a future release
[WARNING] /app/src/test/java/kex-tests/tests/br/com/bluesoft/ReflectionUtils.java:[13,25] sun.misc.Unsafe is internal proprietary API and may be removed in a future release
[WARNING] /app/src/test/java/kex-tests/tests/br/com/bluesoft/ReflectionUtils.java:[13,25] sun.misc.Unsafe is internal proprietary API and may be removed in a future release
[WARNING] /app/src/test/java/kex-tests/tests/br/com/bluesoft/ReflectionUtils.java:[13,25] sun.misc.Unsafe is internal proprietary API and may be removed in a future release
[WARNING] /app/src/test/java/kex-tests/tests/br/com/bluesoft/ReflectionUtils.java:[17,31] sun.misc.Unsafe is internal proprietary API and may be removed in a future release
[WARNING] /app/src/test/java/kex-tests/tests/br/com/bluesoft/ReflectionUtils.java:[19,23] sun.misc.Unsafe is internal proprietary API and may be removed in a future release
[WARNING] /app/src/test/java/kex-tests/tests/br/com/bluesoft/usuario/web/controller/ReflectionUtils.java:[13,25] sun.misc.Unsafe is internal proprietary API and may be removed in a future release
[WARNING] /app/src/test/java/kex-tests/tests/br/com/bluesoft/usuario/web/controller/ReflectionUtils.java:[13,25] sun.misc.Unsafe is internal proprietary API and may be removed in a future release
[WARNING] /app/src/test/java/kex-tests/tests/br/com/bluesoft/usuario/web/controller/ReflectionUtils.java:[13,25] sun.misc.Unsafe is internal proprietary API and may be removed in a future release
[WARNING] /app/src/test/java/kex-tests/tests/br/com/bluesoft/usuario/web/controller/ReflectionUtils.java:[13,25] sun.misc.Unsafe is internal proprietary API and may be removed in a future release
[WARNING] /app/src/test/java/kex-tests/tests/br/com/bluesoft/usuario/web/controller/ReflectionUtils.java:[13,25] sun.misc.Unsafe is internal proprietary API and may be removed in a future release
[WARNING] /app/src/test/java/kex-tests/tests/br/com/bluesoft/usuario/web/controller/ReflectionUtils.java:[17,31] sun.misc.Unsafe is internal proprietary API and may be removed in a future release
[WARNING] /app/src/test/java/kex-tests/tests/br/com/bluesoft/usuario/web/controller/ReflectionUtils.java:[19,23] sun.misc.Unsafe is internal proprietary API and may be removed in a future release
[INFO] /app/src/test/java/kex-tests/tests/br/com/bluesoft/usuario/domain/Usuario_setId_8159668646.java: Some input files use or override a deprecated API.
[INFO] /app/src/test/java/kex-tests/tests/br/com/bluesoft/usuario/domain/Usuario_setId_8159668646.java: Recompile with -Xlint:deprecation for details.
[INFO] /app/src/test/java/kex-tests/tests/br/com/bluesoft/usuario/web/view/UsuarioView_toView_12157649941.java: /app/src/test/java/kex-tests/tests/br/com/bluesoft/usuario/web/view/UsuarioView_toView_12157649941.java uses unchecked or unsafe operations.
[INFO] /app/src/test/java/kex-tests/tests/br/com/bluesoft/usuario/web/view/UsuarioView_toView_12157649941.java: Recompile with -Xlint:unchecked for details.
[INFO] 
[INFO] --- maven-surefire-plugin:2.22.2:test (default-test) @ teste-qa ---
[INFO] 
[INFO] -------------------------------------------------------
[INFO]  T E S T S
[INFO] -------------------------------------------------------
[INFO] Running br.com.bluesoft.TesteQaApplication_init_12642641982
[INFO] Tests run: 1, Failures: 0, Errors: 0, Skipped: 0, Time elapsed: 0.024 s - in br.com.bluesoft.TesteQaApplication_init_12642641982
[INFO] Running br.com.bluesoft.TesteQaApplication_main_16408272023
[ERROR] Tests run: 1, Failures: 0, Errors: 1, Skipped: 0, Time elapsed: 0.508 s <<< FAILURE! - in br.com.bluesoft.TesteQaApplication_main_16408272023
[ERROR] test  Time elapsed: 0.507 s  <<< ERROR!
java.lang.IllegalArgumentException: Args must not be null
	at br.com.bluesoft.TesteQaApplication_main_16408272023.test(TesteQaApplication_main_16408272023.java:44)

[INFO] Running br.com.bluesoft.TesteQaApplication_main_16408272021

  .   ____          _            __ _ _
 /\\ / ___'_ __ _ _(_)_ __  __ _ \ \ \ \
( ( )\___ | '_ | '_| | '_ \/ _` | \ \ \ \
 \\/  ___)| |_)| | | | | || (_| |  ) ) ) )
  '  |____| .__|_| |_|_| |_\__, | / / / /
 =========|_|==============|___/=/_/_/_/
 :: Spring Boot ::                (v2.6.6)

2026-04-09 13:30:54.541  INFO 71 --- [me-limited test] br.com.bluesoft.TesteQaApplication       : Starting TesteQaApplication using Java 11.0.16 on 096b47b4bc55 with PID 71 (started by root in /app)
2026-04-09 13:30:54.562  INFO 71 --- [me-limited test] br.com.bluesoft.TesteQaApplication       : No active profile set, falling back to 1 default profile: "default"
2026-04-09 13:30:56.649  INFO 71 --- [me-limited test] .s.d.r.c.RepositoryConfigurationDelegate : Bootstrapping Spring Data JPA repositories in DEFAULT mode.
2026-04-09 13:30:56.852  INFO 71 --- [me-limited test] .s.d.r.c.RepositoryConfigurationDelegate : Finished Spring Data repository scanning in 165 ms. Found 1 JPA repository interfaces.
2026-04-09 13:30:58.573  INFO 71 --- [me-limited test] o.s.b.w.embedded.tomcat.TomcatWebServer  : Tomcat initialized with port(s): 8080 (http)
2026-04-09 13:30:58.589  INFO 71 --- [me-limited test] o.apache.catalina.core.StandardService   : Starting service [Tomcat]
2026-04-09 13:30:58.589  INFO 71 --- [me-limited test] org.apache.catalina.core.StandardEngine  : Starting Servlet engine: [Apache Tomcat/9.0.60]
2026-04-09 13:30:58.908  INFO 71 --- [me-limited test] o.a.c.c.C.[Tomcat].[localhost].[/]       : Initializing Spring embedded WebApplicationContext
2026-04-09 13:30:58.909  INFO 71 --- [me-limited test] w.s.c.ServletWebServerApplicationContext : Root WebApplicationContext: initialization completed in 3943 ms
2026-04-09 13:30:59.371  INFO 71 --- [me-limited test] com.zaxxer.hikari.HikariDataSource       : HikariPool-1 - Starting...
2026-04-09 13:30:59.997  INFO 71 --- [me-limited test] com.zaxxer.hikari.HikariDataSource       : HikariPool-1 - Start completed.
2026-04-09 13:31:00.371  INFO 71 --- [me-limited test] o.hibernate.jpa.internal.util.LogHelper  : HHH000204: Processing PersistenceUnitInfo [name: default]
2026-04-09 13:31:00.554  INFO 71 --- [me-limited test] org.hibernate.Version                    : HHH000412: Hibernate ORM core version 5.6.7.Final
2026-04-09 13:31:01.050  INFO 71 --- [me-limited test] o.hibernate.annotations.common.Version   : HCANN000001: Hibernate Commons Annotations {5.1.2.Final}
2026-04-09 13:31:01.375  INFO 71 --- [me-limited test] org.hibernate.dialect.Dialect            : HHH000400: Using dialect: org.hibernate.dialect.H2Dialect
2026-04-09 13:31:02.610  INFO 71 --- [me-limited test] o.h.e.t.j.p.i.JtaPlatformInitiator       : HHH000490: Using JtaPlatform implementation: [org.hibernate.engine.transaction.jta.platform.internal.NoJtaPlatform]
2026-04-09 13:31:02.621  INFO 71 --- [me-limited test] j.LocalContainerEntityManagerFactoryBean : Initialized JPA EntityManagerFactory for persistence unit 'default'
[ERROR] Tests run: 1, Failures: 0, Errors: 1, Skipped: 0, Time elapsed: 9.998 s <<< FAILURE! - in br.com.bluesoft.TesteQaApplication_main_16408272021
[ERROR] test  Time elapsed: 9.998 s  <<< ERROR!
org.junit.runners.model.TestTimedOutException: test timed out after 10 seconds
	at app//br.com.bluesoft.TesteQaApplication_main_16408272021.test(TesteQaApplication_main_16408272021.java:50)

[INFO] Running br.com.bluesoft.usuario.domain.Usuario_setNome_17835860897
[INFO] Tests run: 1, Failures: 0, Errors: 0, Skipped: 0, Time elapsed: 0 s - in br.com.bluesoft.usuario.domain.Usuario_setNome_17835860897
[INFO] Running br.com.bluesoft.usuario.domain.Usuario_setCelular_48583343824
[INFO] Tests run: 1, Failures: 0, Errors: 0, Skipped: 0, Time elapsed: 0.001 s - in br.com.bluesoft.usuario.domain.Usuario_setCelular_48583343824
[INFO] Running br.com.bluesoft.usuario.domain.Usuario_canEqual_134882033612
[INFO] Tests run: 1, Failures: 0, Errors: 0, Skipped: 0, Time elapsed: 0.001 s - in br.com.bluesoft.usuario.domain.Usuario_canEqual_134882033612
[INFO] Running br.com.bluesoft.usuario.domain.Usuario_setCpf_156329743523
[INFO] Tests run: 1, Failures: 0, Errors: 0, Skipped: 0, Time elapsed: 0.002 s - in br.com.bluesoft.usuario.domain.Usuario_setCpf_156329743523
[INFO] Running br.com.bluesoft.usuario.domain.Usuario_setCpf_15632974358
[INFO] Tests run: 1, Failures: 0, Errors: 0, Skipped: 0, Time elapsed: 0.001 s - in br.com.bluesoft.usuario.domain.Usuario_setCpf_15632974358
[INFO] Running br.com.bluesoft.usuario.domain.Usuario_init_63708211515
[INFO] Tests run: 1, Failures: 0, Errors: 0, Skipped: 0, Time elapsed: 0.001 s - in br.com.bluesoft.usuario.domain.Usuario_init_63708211515
[INFO] Running br.com.bluesoft.usuario.domain.Usuario_equals_214198433126
[INFO] Tests run: 1, Failures: 0, Errors: 0, Skipped: 0, Time elapsed: 0 s - in br.com.bluesoft.usuario.domain.Usuario_equals_214198433126
[INFO] Running br.com.bluesoft.usuario.domain.Usuario_setDataNascimento_148277570610
[INFO] Tests run: 1, Failures: 0, Errors: 0, Skipped: 0, Time elapsed: 0.001 s - in br.com.bluesoft.usuario.domain.Usuario_setDataNascimento_148277570610
[INFO] Running br.com.bluesoft.usuario.domain.Usuario_toString_118253796614
[INFO] Tests run: 1, Failures: 0, Errors: 0, Skipped: 0, Time elapsed: 0.02 s - in br.com.bluesoft.usuario.domain.Usuario_toString_118253796614
[INFO] Running br.com.bluesoft.usuario.domain.Usuario_getCelular_12973144624
[INFO] Tests run: 1, Failures: 0, Errors: 0, Skipped: 0, Time elapsed: 0 s - in br.com.bluesoft.usuario.domain.Usuario_getCelular_12973144624
[INFO] Running br.com.bluesoft.usuario.domain.Usuario_setNome_178358608922
[INFO] Tests run: 1, Failures: 0, Errors: 0, Skipped: 0, Time elapsed: 0 s - in br.com.bluesoft.usuario.domain.Usuario_setNome_178358608922
[INFO] Running br.com.bluesoft.usuario.domain.Usuario_hashCode_169329765628
[INFO] Tests run: 1, Failures: 0, Errors: 0, Skipped: 0, Time elapsed: 0 s - in br.com.bluesoft.usuario.domain.Usuario_hashCode_169329765628
[INFO] Running br.com.bluesoft.usuario.domain.Usuario_hashCode_169329765613
[INFO] Tests run: 1, Failures: 0, Errors: 0, Skipped: 0, Time elapsed: 0 s - in br.com.bluesoft.usuario.domain.Usuario_hashCode_169329765613
[INFO] Running br.com.bluesoft.usuario.domain.Usuario_getId_14152635981
[INFO] Tests run: 1, Failures: 0, Errors: 0, Skipped: 0, Time elapsed: 0 s - in br.com.bluesoft.usuario.domain.Usuario_getId_14152635981
[INFO] Running br.com.bluesoft.usuario.domain.Usuario_getDataNascimento_187828290020
[INFO] Tests run: 1, Failures: 0, Errors: 0, Skipped: 0, Time elapsed: 0 s - in br.com.bluesoft.usuario.domain.Usuario_getDataNascimento_187828290020
[INFO] Running br.com.bluesoft.usuario.domain.Usuario_equals_214198433111
[INFO] Tests run: 1, Failures: 0, Errors: 0, Skipped: 0, Time elapsed: 0 s - in br.com.bluesoft.usuario.domain.Usuario_equals_214198433111
[INFO] Running br.com.bluesoft.usuario.domain.Usuario_setCelular_4858334389
[INFO] Tests run: 1, Failures: 0, Errors: 0, Skipped: 0, Time elapsed: 0 s - in br.com.bluesoft.usuario.domain.Usuario_setCelular_4858334389
[INFO] Running br.com.bluesoft.usuario.domain.Usuario_init_6370821150
[INFO] Tests run: 1, Failures: 0, Errors: 0, Skipped: 0, Time elapsed: 0 s - in br.com.bluesoft.usuario.domain.Usuario_init_6370821150
[INFO] Running br.com.bluesoft.usuario.domain.Usuario_toString_118253796629
[INFO] Tests run: 1, Failures: 0, Errors: 0, Skipped: 0, Time elapsed: 0.001 s - in br.com.bluesoft.usuario.domain.Usuario_toString_118253796629
[INFO] Running br.com.bluesoft.usuario.domain.Usuario_getCpf_135828867718
[INFO] Tests run: 1, Failures: 0, Errors: 0, Skipped: 0, Time elapsed: 0 s - in br.com.bluesoft.usuario.domain.Usuario_getCpf_135828867718
[INFO] Running br.com.bluesoft.usuario.domain.Usuario_setId_8159668646
[INFO] Tests run: 1, Failures: 0, Errors: 0, Skipped: 0, Time elapsed: 0 s - in br.com.bluesoft.usuario.domain.Usuario_setId_8159668646
[INFO] Running br.com.bluesoft.usuario.domain.Usuario_setId_81596686421
[INFO] Tests run: 1, Failures: 0, Errors: 0, Skipped: 0, Time elapsed: 0 s - in br.com.bluesoft.usuario.domain.Usuario_setId_81596686421
[INFO] Running br.com.bluesoft.usuario.domain.Usuario_getId_141526359816
[INFO] Tests run: 1, Failures: 0, Errors: 0, Skipped: 0, Time elapsed: 0 s - in br.com.bluesoft.usuario.domain.Usuario_getId_141526359816
[INFO] Running br.com.bluesoft.usuario.domain.Usuario_getNome_6370952117
[INFO] Tests run: 1, Failures: 0, Errors: 0, Skipped: 0, Time elapsed: 0 s - in br.com.bluesoft.usuario.domain.Usuario_getNome_6370952117
[INFO] Running br.com.bluesoft.usuario.domain.Usuario_getNome_637095212
[INFO] Tests run: 1, Failures: 0, Errors: 0, Skipped: 0, Time elapsed: 0.001 s - in br.com.bluesoft.usuario.domain.Usuario_getNome_637095212
[INFO] Running br.com.bluesoft.usuario.domain.Usuario_getCelular_129731446219
[INFO] Tests run: 1, Failures: 0, Errors: 0, Skipped: 0, Time elapsed: 0 s - in br.com.bluesoft.usuario.domain.Usuario_getCelular_129731446219
[INFO] Running br.com.bluesoft.usuario.domain.Usuario_canEqual_134882033627
[INFO] Tests run: 1, Failures: 0, Errors: 0, Skipped: 0, Time elapsed: 0 s - in br.com.bluesoft.usuario.domain.Usuario_canEqual_134882033627
[INFO] Running br.com.bluesoft.usuario.domain.Usuario_setDataNascimento_148277570625
[INFO] Tests run: 1, Failures: 0, Errors: 0, Skipped: 0, Time elapsed: 0 s - in br.com.bluesoft.usuario.domain.Usuario_setDataNascimento_148277570625
[INFO] Running br.com.bluesoft.usuario.domain.Usuario_getDataNascimento_18782829005
[INFO] Tests run: 1, Failures: 0, Errors: 0, Skipped: 0, Time elapsed: 0 s - in br.com.bluesoft.usuario.domain.Usuario_getDataNascimento_18782829005
[INFO] Running br.com.bluesoft.usuario.domain.Usuario_getCpf_13582886773
[INFO] Tests run: 1, Failures: 0, Errors: 0, Skipped: 0, Time elapsed: 0.001 s - in br.com.bluesoft.usuario.domain.Usuario_getCpf_13582886773
[INFO] Running br.com.bluesoft.usuario.web.controller.UsuarioController_excluirUsuarios_10333593372
[ERROR] Tests run: 1, Failures: 0, Errors: 1, Skipped: 0, Time elapsed: 0.001 s <<< FAILURE! - in br.com.bluesoft.usuario.web.controller.UsuarioController_excluirUsuarios_10333593372
[ERROR] test  Time elapsed: 0 s  <<< ERROR!
java.lang.NullPointerException
	at br.com.bluesoft.usuario.web.controller.UsuarioController_excluirUsuarios_10333593372.test(UsuarioController_excluirUsuarios_10333593372.java:40)

[INFO] Running br.com.bluesoft.usuario.web.controller.UsuarioController_criarUsuario_10716429230
[ERROR] Tests run: 1, Failures: 0, Errors: 1, Skipped: 0, Time elapsed: 0 s <<< FAILURE! - in br.com.bluesoft.usuario.web.controller.UsuarioController_criarUsuario_10716429230
[ERROR] test  Time elapsed: 0 s  <<< ERROR!
java.lang.NullPointerException
	at br.com.bluesoft.usuario.web.controller.UsuarioController_criarUsuario_10716429230.test(UsuarioController_criarUsuario_10716429230.java:53)

[INFO] Running br.com.bluesoft.usuario.web.controller.UsuarioController_listarUsuarios_4889638111
[ERROR] Tests run: 1, Failures: 0, Errors: 1, Skipped: 0, Time elapsed: 0 s <<< FAILURE! - in br.com.bluesoft.usuario.web.controller.UsuarioController_listarUsuarios_4889638111
[ERROR] test  Time elapsed: 0 s  <<< ERROR!
java.lang.NullPointerException
	at br.com.bluesoft.usuario.web.controller.UsuarioController_listarUsuarios_4889638111.test(UsuarioController_listarUsuarios_4889638111.java:42)

[INFO] Running br.com.bluesoft.usuario.web.view.UsuarioView_getNome_10835758883
[INFO] Tests run: 1, Failures: 0, Errors: 0, Skipped: 0, Time elapsed: 0 s - in br.com.bluesoft.usuario.web.view.UsuarioView_getNome_10835758883
[INFO] Running br.com.bluesoft.usuario.web.view.UsuarioView_getCpf_21100326811
[INFO] Tests run: 1, Failures: 0, Errors: 0, Skipped: 0, Time elapsed: 0 s - in br.com.bluesoft.usuario.web.view.UsuarioView_getCpf_21100326811
[INFO] Running br.com.bluesoft.usuario.web.view.UsuarioView_getCelular_15002905312
[INFO] Tests run: 1, Failures: 0, Errors: 0, Skipped: 0, Time elapsed: 0.001 s - in br.com.bluesoft.usuario.web.view.UsuarioView_getCelular_15002905312
[INFO] Running br.com.bluesoft.usuario.web.view.UsuarioView_toView_12157649941
[ERROR] Tests run: 1, Failures: 0, Errors: 1, Skipped: 0, Time elapsed: 0.001 s <<< FAILURE! - in br.com.bluesoft.usuario.web.view.UsuarioView_toView_12157649941
[ERROR] test  Time elapsed: 0.001 s  <<< ERROR!
java.lang.NullPointerException
	at br.com.bluesoft.usuario.web.view.UsuarioView_toView_12157649941.test(UsuarioView_toView_12157649941.java:77)

[INFO] Running br.com.bluesoft.usuario.web.view.UsuarioView_getDataNascimento_8782427086
[INFO] Tests run: 1, Failures: 0, Errors: 0, Skipped: 0, Time elapsed: 0 s - in br.com.bluesoft.usuario.web.view.UsuarioView_getDataNascimento_8782427086
[INFO] Running br.com.bluesoft.usuario.web.view.UsuarioView_getNome_108357588810
[INFO] Tests run: 1, Failures: 0, Errors: 0, Skipped: 0, Time elapsed: 0 s - in br.com.bluesoft.usuario.web.view.UsuarioView_getNome_108357588810
[INFO] Running br.com.bluesoft.usuario.web.view.UsuarioView_getCelular_1500290535
[INFO] Tests run: 1, Failures: 0, Errors: 0, Skipped: 0, Time elapsed: 0 s - in br.com.bluesoft.usuario.web.view.UsuarioView_getCelular_1500290535
[INFO] Running br.com.bluesoft.usuario.web.view.UsuarioView_getDataNascimento_87824270813
[INFO] Tests run: 1, Failures: 0, Errors: 0, Skipped: 0, Time elapsed: 0 s - in br.com.bluesoft.usuario.web.view.UsuarioView_getDataNascimento_87824270813
[INFO] Running br.com.bluesoft.usuario.web.view.UsuarioView_toView_12157649948
[ERROR] Tests run: 1, Failures: 0, Errors: 1, Skipped: 0, Time elapsed: 0 s <<< FAILURE! - in br.com.bluesoft.usuario.web.view.UsuarioView_toView_12157649948
[ERROR] test  Time elapsed: 0 s  <<< ERROR!
java.lang.NullPointerException
	at br.com.bluesoft.usuario.web.view.UsuarioView_toView_12157649948.test(UsuarioView_toView_12157649948.java:49)

[INFO] Running br.com.bluesoft.usuario.web.view.UsuarioView_init_9805190100
[INFO] Tests run: 1, Failures: 0, Errors: 0, Skipped: 0, Time elapsed: 0 s - in br.com.bluesoft.usuario.web.view.UsuarioView_init_9805190100
[INFO] Running br.com.bluesoft.usuario.web.view.UsuarioView_getId_2679781892
[INFO] Tests run: 1, Failures: 0, Errors: 0, Skipped: 0, Time elapsed: 0 s - in br.com.bluesoft.usuario.web.view.UsuarioView_getId_2679781892
[INFO] Running br.com.bluesoft.usuario.web.view.UsuarioView_init_9805190107
[ERROR] Tests run: 1, Failures: 0, Errors: 1, Skipped: 0, Time elapsed: 0 s <<< FAILURE! - in br.com.bluesoft.usuario.web.view.UsuarioView_init_9805190107
[ERROR] test  Time elapsed: 0 s  <<< ERROR!
java.lang.reflect.InvocationTargetException
	at br.com.bluesoft.usuario.web.view.UsuarioView_init_9805190107.test(UsuarioView_init_9805190107.java:42)
Caused by: java.lang.NullPointerException
	at br.com.bluesoft.usuario.web.view.UsuarioView_init_9805190107.test(UsuarioView_init_9805190107.java:42)

[INFO] Running br.com.bluesoft.usuario.web.view.UsuarioView_getId_2679781899
[INFO] Tests run: 1, Failures: 0, Errors: 0, Skipped: 0, Time elapsed: 0.001 s - in br.com.bluesoft.usuario.web.view.UsuarioView_getId_2679781899
[INFO] Running br.com.bluesoft.usuario.web.view.UsuarioView_getCpf_2110032684
[INFO] Tests run: 1, Failures: 0, Errors: 0, Skipped: 0, Time elapsed: 0 s - in br.com.bluesoft.usuario.web.view.UsuarioView_getCpf_2110032684
[INFO] Running br.com.bluesoft.usuario.web.form.UsuarioForm_getDataNascimento_11924131335
[INFO] Tests run: 1, Failures: 0, Errors: 0, Skipped: 0, Time elapsed: 0 s - in br.com.bluesoft.usuario.web.form.UsuarioForm_getDataNascimento_11924131335
[INFO] Running br.com.bluesoft.usuario.web.form.UsuarioForm_canEqual_172187569725
[INFO] Tests run: 1, Failures: 0, Errors: 0, Skipped: 0, Time elapsed: 0.001 s - in br.com.bluesoft.usuario.web.form.UsuarioForm_canEqual_172187569725
[INFO] Running br.com.bluesoft.usuario.web.form.UsuarioForm_hashCode_46902639312
[INFO] Tests run: 1, Failures: 0, Errors: 0, Skipped: 0, Time elapsed: 0 s - in br.com.bluesoft.usuario.web.form.UsuarioForm_hashCode_46902639312
[INFO] Running br.com.bluesoft.usuario.web.form.UsuarioForm_init_5871891481
[INFO] Tests run: 1, Failures: 0, Errors: 0, Skipped: 0, Time elapsed: 0.001 s - in br.com.bluesoft.usuario.web.form.UsuarioForm_init_5871891481
[INFO] Running br.com.bluesoft.usuario.web.form.UsuarioForm_setCelular_7384378258
[INFO] Tests run: 1, Failures: 0, Errors: 0, Skipped: 0, Time elapsed: 0 s - in br.com.bluesoft.usuario.web.form.UsuarioForm_setCelular_7384378258
[INFO] Running br.com.bluesoft.usuario.web.form.UsuarioForm_setCelular_73843782522
[INFO] Tests run: 1, Failures: 0, Errors: 0, Skipped: 0, Time elapsed: 0 s - in br.com.bluesoft.usuario.web.form.UsuarioForm_setCelular_73843782522
[INFO] Running br.com.bluesoft.usuario.web.form.UsuarioForm_equals_91771306810
[INFO] Tests run: 1, Failures: 0, Errors: 0, Skipped: 0, Time elapsed: 0 s - in br.com.bluesoft.usuario.web.form.UsuarioForm_equals_91771306810
[INFO] Running br.com.bluesoft.usuario.web.form.UsuarioForm_setDataNascimento_158792032723
[INFO] Tests run: 1, Failures: 0, Errors: 0, Skipped: 0, Time elapsed: 0 s - in br.com.bluesoft.usuario.web.form.UsuarioForm_setDataNascimento_158792032723
[INFO] Running br.com.bluesoft.usuario.web.form.UsuarioForm_init_58718914815
[INFO] Tests run: 1, Failures: 0, Errors: 0, Skipped: 0, Time elapsed: 0 s - in br.com.bluesoft.usuario.web.form.UsuarioForm_init_58718914815
[INFO] Running br.com.bluesoft.usuario.web.form.UsuarioForm_getNome_116056174216
[INFO] Tests run: 1, Failures: 0, Errors: 0, Skipped: 0, Time elapsed: 0 s - in br.com.bluesoft.usuario.web.form.UsuarioForm_getNome_116056174216
[INFO] Running br.com.bluesoft.usuario.web.form.UsuarioForm_toEntity_20847274260
[INFO] Tests run: 1, Failures: 0, Errors: 0, Skipped: 0, Time elapsed: 0 s - in br.com.bluesoft.usuario.web.form.UsuarioForm_toEntity_20847274260
[INFO] Running br.com.bluesoft.usuario.web.form.UsuarioForm_toString_4173329727
[INFO] Tests run: 1, Failures: 0, Errors: 0, Skipped: 0, Time elapsed: 0.002 s - in br.com.bluesoft.usuario.web.form.UsuarioForm_toString_4173329727
[INFO] Running br.com.bluesoft.usuario.web.form.UsuarioForm_setCpf_15073985987
[INFO] Tests run: 1, Failures: 0, Errors: 0, Skipped: 0, Time elapsed: 0.003 s - in br.com.bluesoft.usuario.web.form.UsuarioForm_setCpf_15073985987
[INFO] Running br.com.bluesoft.usuario.web.form.UsuarioForm_getDataNascimento_119241313319
[INFO] Tests run: 1, Failures: 0, Errors: 0, Skipped: 0, Time elapsed: 0 s - in br.com.bluesoft.usuario.web.form.UsuarioForm_getDataNascimento_119241313319
[INFO] Running br.com.bluesoft.usuario.web.form.UsuarioForm_setDataNascimento_15879203279
[INFO] Tests run: 1, Failures: 0, Errors: 0, Skipped: 0, Time elapsed: 0 s - in br.com.bluesoft.usuario.web.form.UsuarioForm_setDataNascimento_15879203279
[INFO] Running br.com.bluesoft.usuario.web.form.UsuarioForm_getCelular_730431994
[INFO] Tests run: 1, Failures: 0, Errors: 0, Skipped: 0, Time elapsed: 0 s - in br.com.bluesoft.usuario.web.form.UsuarioForm_getCelular_730431994
[INFO] Running br.com.bluesoft.usuario.web.form.UsuarioForm_canEqual_172187569711
[INFO] Tests run: 1, Failures: 0, Errors: 0, Skipped: 0, Time elapsed: 0 s - in br.com.bluesoft.usuario.web.form.UsuarioForm_canEqual_172187569711
[INFO] Running br.com.bluesoft.usuario.web.form.UsuarioForm_equals_91771306824
[INFO] Tests run: 1, Failures: 0, Errors: 0, Skipped: 0, Time elapsed: 0 s - in br.com.bluesoft.usuario.web.form.UsuarioForm_equals_91771306824
[INFO] Running br.com.bluesoft.usuario.web.form.UsuarioForm_setNome_5593148266
[INFO] Tests run: 1, Failures: 0, Errors: 0, Skipped: 0, Time elapsed: 0 s - in br.com.bluesoft.usuario.web.form.UsuarioForm_setNome_5593148266
[INFO] Running br.com.bluesoft.usuario.web.form.UsuarioForm_toEntity_208472742614
[INFO] Tests run: 1, Failures: 0, Errors: 0, Skipped: 0, Time elapsed: 0 s - in br.com.bluesoft.usuario.web.form.UsuarioForm_toEntity_208472742614
[INFO] Running br.com.bluesoft.usuario.web.form.UsuarioForm_getCelular_7304319918
[INFO] Tests run: 1, Failures: 0, Errors: 0, Skipped: 0, Time elapsed: 0 s - in br.com.bluesoft.usuario.web.form.UsuarioForm_getCelular_7304319918
[INFO] Running br.com.bluesoft.usuario.web.form.UsuarioForm_getNome_11605617422
[INFO] Tests run: 1, Failures: 0, Errors: 0, Skipped: 0, Time elapsed: 0 s - in br.com.bluesoft.usuario.web.form.UsuarioForm_getNome_11605617422
[INFO] Running br.com.bluesoft.usuario.web.form.UsuarioForm_toString_4173329713
[INFO] Tests run: 1, Failures: 0, Errors: 0, Skipped: 0, Time elapsed: 0.011 s - in br.com.bluesoft.usuario.web.form.UsuarioForm_toString_4173329713
[INFO] Running br.com.bluesoft.usuario.web.form.UsuarioForm_setCpf_150739859821
[INFO] Tests run: 1, Failures: 0, Errors: 0, Skipped: 0, Time elapsed: 0.005 s - in br.com.bluesoft.usuario.web.form.UsuarioForm_setCpf_150739859821
[INFO] Running br.com.bluesoft.usuario.web.form.UsuarioForm_getCpf_1340174143
[INFO] Tests run: 1, Failures: 0, Errors: 0, Skipped: 0, Time elapsed: 0.002 s - in br.com.bluesoft.usuario.web.form.UsuarioForm_getCpf_1340174143
[INFO] Running br.com.bluesoft.usuario.web.form.UsuarioForm_setNome_55931482620
[INFO] Tests run: 1, Failures: 0, Errors: 0, Skipped: 0, Time elapsed: 0 s - in br.com.bluesoft.usuario.web.form.UsuarioForm_setNome_55931482620
[INFO] Running br.com.bluesoft.usuario.web.form.UsuarioForm_hashCode_46902639326
[INFO] Tests run: 1, Failures: 0, Errors: 0, Skipped: 0, Time elapsed: 0 s - in br.com.bluesoft.usuario.web.form.UsuarioForm_hashCode_46902639326
[INFO] Running br.com.bluesoft.usuario.web.form.UsuarioForm_getCpf_13401741417
[INFO] Tests run: 1, Failures: 0, Errors: 0, Skipped: 0, Time elapsed: 0 s - in br.com.bluesoft.usuario.web.form.UsuarioForm_getCpf_13401741417
[INFO] Running br.com.bluesoft.TesteQaApplication_init_12642641980
[INFO] Tests run: 1, Failures: 0, Errors: 0, Skipped: 0, Time elapsed: 0 s - in br.com.bluesoft.TesteQaApplication_init_12642641980
2026-04-09 13:31:04.010  WARN 71 --- [me-limited test] JpaBaseConfiguration$JpaWebConfiguration : spring.jpa.open-in-view is enabled by default. Therefore, database queries may be performed during view rendering. Explicitly configure spring.jpa.open-in-view to disable this warning
2026-04-09 13:31:04.462  INFO 71 --- [me-limited test] o.s.b.a.w.s.WelcomePageHandlerMapping    : Adding welcome page: class path resource [static/index.html]
2026-04-09 13:31:04.940  INFO 71 --- [me-limited test] o.s.b.w.embedded.tomcat.TomcatWebServer  : Tomcat started on port(s): 8080 (http) with context path ''
2026-04-09 13:31:04.953  INFO 71 --- [me-limited test] br.com.bluesoft.TesteQaApplication       : Started TesteQaApplication in 11.891 seconds (JVM running for 14.991)
2026-04-09 13:31:05.042  INFO 71 --- [ionShutdownHook] j.LocalContainerEntityManagerFactoryBean : Closing JPA EntityManagerFactory for persistence unit 'default'
2026-04-09 13:31:05.054  INFO 71 --- [ionShutdownHook] .SchemaDropperImpl$DelayedDropActionImpl : HHH000477: Starting delayed evictData of schema as part of SessionFactory shut-down'
2026-04-09 13:31:05.072  INFO 71 --- [ionShutdownHook] com.zaxxer.hikari.HikariDataSource       : HikariPool-1 - Shutdown initiated...
2026-04-09 13:31:05.082  INFO 71 --- [ionShutdownHook] com.zaxxer.hikari.HikariDataSource       : HikariPool-1 - Shutdown completed.
[INFO] 
[INFO] Results:
[INFO] 
[ERROR] Errors: 
[ERROR]   TesteQaApplication_main_16408272021.test:50 » TestTimedOut test timed out afte...
[ERROR]   TesteQaApplication_main_16408272023.test:44 » IllegalArgument Args must not be...
[ERROR]   UsuarioController_criarUsuario_10716429230.test:53 » NullPointer
[ERROR]   UsuarioController_excluirUsuarios_10333593372.test:40 » NullPointer
[ERROR]   UsuarioController_listarUsuarios_4889638111.test:42 » NullPointer
[ERROR]   UsuarioView_init_9805190107.test:42 » InvocationTarget
[ERROR]   UsuarioView_toView_12157649941.test:77 » NullPointer
[ERROR]   UsuarioView_toView_12157649948.test:49 » NullPointer
[INFO] 
[ERROR] Tests run: 79, Failures: 0, Errors: 8, Skipped: 0
[INFO] 
[ERROR] There are test failures.

Please refer to /app/target/surefire-reports for the individual test results.
Please refer to dump files (if any exist) [date].dump, [date]-jvmRun[N].dump and [date].dumpstream.
[INFO] 
[INFO] --- jacoco-maven-plugin:0.8.11:report (report) @ teste-qa ---
[INFO] Loading execution data file /app/target/jacoco.exec
[INFO] Analyzed bundle 'teste-qa' with 5 classes
[INFO] 
[INFO] --- jacoco-maven-plugin:0.8.11:report (default-cli) @ teste-qa ---
[INFO] Loading execution data file /app/target/jacoco.exec
[INFO] Analyzed bundle 'teste-qa' with 5 classes
[INFO] ------------------------------------------------------------------------
[INFO] BUILD SUCCESS
[INFO] ------------------------------------------------------------------------
[INFO] Total time:  26.168 s
[INFO] Finished at: 2026-04-09T13:31:06Z
[INFO] ------------------------------------------------------------------------
