[INFO] Scanning for projects...
[INFO] 
[INFO] ----------------------< com.example:pdfgenerator >----------------------
[INFO] Building pdfgenerator 0.0.1-SNAPSHOT
[INFO] --------------------------------[ jar ]---------------------------------
[INFO] 
[INFO] --- maven-clean-plugin:3.1.0:clean (default-clean) @ pdfgenerator ---
[INFO] Deleting /app/target
[INFO] 
[INFO] --- jacoco-maven-plugin:0.8.11:prepare-agent (default) @ pdfgenerator ---
[INFO] argLine set to -javaagent:/root/.m2/repository/org/jacoco/org.jacoco.agent/0.8.11/org.jacoco.agent-0.8.11-runtime.jar=destfile=/app/target/jacoco.exec
[INFO] 
[INFO] --- maven-resources-plugin:3.2.0:resources (default-resources) @ pdfgenerator ---
[INFO] Using 'UTF-8' encoding to copy filtered resources.
[INFO] Using 'UTF-8' encoding to copy filtered properties files.
[INFO] Copying 1 resource
[INFO] Copying 0 resource
[INFO] 
[INFO] --- maven-compiler-plugin:3.8.1:compile (default-compile) @ pdfgenerator ---
[INFO] Changes detected - recompiling the module!
[INFO] Compiling 3 source files to /app/target/classes
[INFO] 
[INFO] --- build-helper-maven-plugin:3.3.0:add-test-source (add-kex-test-source) @ pdfgenerator ---
[INFO] Test Source directory: /app/src/test/java/kex-tests added.
[INFO] 
[INFO] --- maven-resources-plugin:3.2.0:testResources (default-testResources) @ pdfgenerator ---
[INFO] Using 'UTF-8' encoding to copy filtered resources.
[INFO] Using 'UTF-8' encoding to copy filtered properties files.
[INFO] skip non existing resourceDirectory /app/src/test/resources
[INFO] 
[INFO] --- maven-compiler-plugin:3.8.1:testCompile (default-testCompile) @ pdfgenerator ---
[INFO] Changes detected - recompiling the module!
[INFO] Compiling 11 source files to /app/target/test-classes
[WARNING] /app/src/test/java/kex-tests/tests/com/example/pdfgenerator/ReflectionUtils.java:[9,16] sun.misc.Unsafe is internal proprietary API and may be removed in a future release
[WARNING] /app/src/test/java/kex-tests/tests/com/example/pdfgenerator/controller/ReflectionUtils.java:[9,16] sun.misc.Unsafe is internal proprietary API and may be removed in a future release
[WARNING] /app/src/test/java/kex-tests/tests/com/example/pdfgenerator/ReflectionUtils.java:[13,25] sun.misc.Unsafe is internal proprietary API and may be removed in a future release
[WARNING] /app/src/test/java/kex-tests/tests/com/example/pdfgenerator/ReflectionUtils.java:[17,31] sun.misc.Unsafe is internal proprietary API and may be removed in a future release
[WARNING] /app/src/test/java/kex-tests/tests/com/example/pdfgenerator/ReflectionUtils.java:[19,23] sun.misc.Unsafe is internal proprietary API and may be removed in a future release
[WARNING] /app/src/test/java/kex-tests/tests/com/example/pdfgenerator/controller/ReflectionUtils.java:[13,25] sun.misc.Unsafe is internal proprietary API and may be removed in a future release
[WARNING] /app/src/test/java/kex-tests/tests/com/example/pdfgenerator/controller/ReflectionUtils.java:[17,31] sun.misc.Unsafe is internal proprietary API and may be removed in a future release
[WARNING] /app/src/test/java/kex-tests/tests/com/example/pdfgenerator/controller/ReflectionUtils.java:[19,23] sun.misc.Unsafe is internal proprietary API and may be removed in a future release
[INFO] 
[INFO] --- maven-surefire-plugin:2.22.2:test (default-test) @ pdfgenerator ---
[INFO] 
[INFO] -------------------------------------------------------
[INFO]  T E S T S
[INFO] -------------------------------------------------------
[INFO] Running com.example.pdfgenerator.PdfgeneratorApplication_init_7556279190
[INFO] Tests run: 1, Failures: 0, Errors: 0, Skipped: 0, Time elapsed: 0.013 s - in com.example.pdfgenerator.PdfgeneratorApplication_init_7556279190
[INFO] Running com.example.pdfgenerator.PdfgeneratorApplication_main_11321909233
15:11:09.753 [Time-limited test] ERROR org.springframework.boot.SpringApplication - Application run failed
java.lang.IllegalArgumentException: Args must not be null
	at org.springframework.util.Assert.notNull(Assert.java:201)
	at org.springframework.boot.DefaultApplicationArguments.<init>(DefaultApplicationArguments.java:41)
	at org.springframework.boot.SpringApplication.run(SpringApplication.java:319)
	at org.springframework.boot.SpringApplication.run(SpringApplication.java:1313)
	at org.springframework.boot.SpringApplication.run(SpringApplication.java:1302)
	at com.example.pdfgenerator.PdfgeneratorApplication.main(PdfgeneratorApplication.java:10)
	at java.base/jdk.internal.reflect.NativeMethodAccessorImpl.invoke0(Native Method)
	at java.base/jdk.internal.reflect.NativeMethodAccessorImpl.invoke(NativeMethodAccessorImpl.java:62)
	at java.base/jdk.internal.reflect.DelegatingMethodAccessorImpl.invoke(DelegatingMethodAccessorImpl.java:43)
	at java.base/java.lang.reflect.Method.invoke(Method.java:566)
	at com.example.pdfgenerator.ReflectionUtils.callMethod(ReflectionUtils.java:328)
	at com.example.pdfgenerator.PdfgeneratorApplication_main_11321909233.test(PdfgeneratorApplication_main_11321909233.java:44)
	at java.base/jdk.internal.reflect.NativeMethodAccessorImpl.invoke0(Native Method)
	at java.base/jdk.internal.reflect.NativeMethodAccessorImpl.invoke(NativeMethodAccessorImpl.java:62)
	at java.base/jdk.internal.reflect.DelegatingMethodAccessorImpl.invoke(DelegatingMethodAccessorImpl.java:43)
	at java.base/java.lang.reflect.Method.invoke(Method.java:566)
	at org.junit.runners.model.FrameworkMethod$1.runReflectiveCall(FrameworkMethod.java:59)
	at org.junit.internal.runners.model.ReflectiveCallable.run(ReflectiveCallable.java:12)
	at org.junit.runners.model.FrameworkMethod.invokeExplosively(FrameworkMethod.java:56)
	at org.junit.internal.runners.statements.InvokeMethod.evaluate(InvokeMethod.java:17)
	at org.junit.internal.runners.statements.RunBefores.evaluate(RunBefores.java:26)
	at org.junit.internal.runners.statements.FailOnTimeout$CallableStatement.call(FailOnTimeout.java:299)
	at org.junit.internal.runners.statements.FailOnTimeout$CallableStatement.call(FailOnTimeout.java:293)
	at java.base/java.util.concurrent.FutureTask.run(FutureTask.java:264)
	at java.base/java.lang.Thread.run(Thread.java:829)
[ERROR] Tests run: 1, Failures: 0, Errors: 1, Skipped: 0, Time elapsed: 0.278 s <<< FAILURE! - in com.example.pdfgenerator.PdfgeneratorApplication_main_11321909233
[ERROR] test  Time elapsed: 0.276 s  <<< ERROR!
java.lang.IllegalArgumentException: Args must not be null
	at com.example.pdfgenerator.PdfgeneratorApplication_main_11321909233.test(PdfgeneratorApplication_main_11321909233.java:44)

[INFO] Running com.example.pdfgenerator.controller.PDFExportController_init_17913387220
[INFO] Tests run: 1, Failures: 0, Errors: 0, Skipped: 0, Time elapsed: 0.001 s - in com.example.pdfgenerator.controller.PDFExportController_init_17913387220
[INFO] Running com.example.pdfgenerator.controller.PDFExportController_init_17913387221
[INFO] Tests run: 1, Failures: 0, Errors: 0, Skipped: 0, Time elapsed: 0.001 s - in com.example.pdfgenerator.controller.PDFExportController_init_17913387221
[INFO] Running com.example.pdfgenerator.PdfgeneratorApplication_init_7556279192
[INFO] Tests run: 1, Failures: 0, Errors: 0, Skipped: 0, Time elapsed: 0 s - in com.example.pdfgenerator.PdfgeneratorApplication_init_7556279192
[INFO] Running com.example.pdfgenerator.PdfgeneratorApplication_main_11321909231

  .   ____          _            __ _ _
 /\\ / ___'_ __ _ _(_)_ __  __ _ \ \ \ \
( ( )\___ | '_ | '_| | '_ \/ _` | \ \ \ \
 \\/  ___)| |_)| | | | | || (_| |  ) ) ) )
  '  |____| .__|_| |_|_| |_\__, | / / / /
 =========|_|==============|___/=/_/_/_/
 :: Spring Boot ::                (v2.4.4)

2026-04-09 15:11:10.151  INFO 69 --- [me-limited test] c.e.p.PdfgeneratorApplication            : Starting PdfgeneratorApplication using Java 11.0.16 on 1f4f3fe96247 with PID 69 (started by root in /app)
2026-04-09 15:11:10.152  INFO 69 --- [me-limited test] c.e.p.PdfgeneratorApplication            : No active profile set, falling back to default profiles: default
2026-04-09 15:11:10.920  INFO 69 --- [me-limited test] o.s.b.w.embedded.tomcat.TomcatWebServer  : Tomcat initialized with port(s): 8080 (http)
2026-04-09 15:11:10.932  INFO 69 --- [me-limited test] o.apache.catalina.core.StandardService   : Starting service [Tomcat]
2026-04-09 15:11:10.932  INFO 69 --- [me-limited test] org.apache.catalina.core.StandardEngine  : Starting Servlet engine: [Apache Tomcat/9.0.44]
2026-04-09 15:11:10.994  INFO 69 --- [me-limited test] o.a.c.c.C.[Tomcat].[localhost].[/]       : Initializing Spring embedded WebApplicationContext
2026-04-09 15:11:10.994  INFO 69 --- [me-limited test] w.s.c.ServletWebServerApplicationContext : Root WebApplicationContext: initialization completed in 802 ms
2026-04-09 15:11:11.140  INFO 69 --- [me-limited test] o.s.s.concurrent.ThreadPoolTaskExecutor  : Initializing ExecutorService 'applicationTaskExecutor'
2026-04-09 15:11:11.308  INFO 69 --- [me-limited test] o.s.b.w.embedded.tomcat.TomcatWebServer  : Tomcat started on port(s): 8080 (http) with context path ''
2026-04-09 15:11:11.317  INFO 69 --- [me-limited test] c.e.p.PdfgeneratorApplication            : Started PdfgeneratorApplication in 1.536 seconds (JVM running for 2.463)
[INFO] Tests run: 1, Failures: 0, Errors: 0, Skipped: 0, Time elapsed: 1.537 s - in com.example.pdfgenerator.PdfgeneratorApplication_main_11321909231
[INFO] Running com.example.pdfgenerator.PdfgeneratorApplicationTests
2026-04-09 15:11:11.366  INFO 69 --- [           main] .b.t.c.SpringBootTestContextBootstrapper : Neither @ContextConfiguration nor @ContextHierarchy found for test class [com.example.pdfgenerator.PdfgeneratorApplicationTests], using SpringBootContextLoader
2026-04-09 15:11:11.367  INFO 69 --- [           main] o.s.t.c.support.AbstractContextLoader    : Could not detect default resource locations for test class [com.example.pdfgenerator.PdfgeneratorApplicationTests]: no resource found for suffixes {-context.xml, Context.groovy}.
2026-04-09 15:11:11.367  INFO 69 --- [           main] t.c.s.AnnotationConfigContextLoaderUtils : Could not detect default configuration classes for test class [com.example.pdfgenerator.PdfgeneratorApplicationTests]: PdfgeneratorApplicationTests does not declare any static, non-private, non-final, nested classes annotated with @Configuration.
2026-04-09 15:11:11.385  INFO 69 --- [           main] .b.t.c.SpringBootTestContextBootstrapper : Found @SpringBootConfiguration com.example.pdfgenerator.PdfgeneratorApplication for test class com.example.pdfgenerator.PdfgeneratorApplicationTests
2026-04-09 15:11:11.390  INFO 69 --- [           main] .b.t.c.SpringBootTestContextBootstrapper : Loaded default TestExecutionListener class names from location [META-INF/spring.factories]: [org.springframework.boot.test.mock.mockito.MockitoTestExecutionListener, org.springframework.boot.test.mock.mockito.ResetMocksTestExecutionListener, org.springframework.boot.test.autoconfigure.restdocs.RestDocsTestExecutionListener, org.springframework.boot.test.autoconfigure.web.client.MockRestServiceServerResetTestExecutionListener, org.springframework.boot.test.autoconfigure.web.servlet.MockMvcPrintOnlyOnFailureTestExecutionListener, org.springframework.boot.test.autoconfigure.web.servlet.WebDriverTestExecutionListener, org.springframework.boot.test.autoconfigure.webservices.client.MockWebServiceServerTestExecutionListener, org.springframework.test.context.web.ServletTestExecutionListener, org.springframework.test.context.support.DirtiesContextBeforeModesTestExecutionListener, org.springframework.test.context.event.ApplicationEventsTestExecutionListener, org.springframework.test.context.support.DependencyInjectionTestExecutionListener, org.springframework.test.context.support.DirtiesContextTestExecutionListener, org.springframework.test.context.transaction.TransactionalTestExecutionListener, org.springframework.test.context.jdbc.SqlScriptsTestExecutionListener, org.springframework.test.context.event.EventPublishingTestExecutionListener]
2026-04-09 15:11:11.401  INFO 69 --- [           main] .b.t.c.SpringBootTestContextBootstrapper : Using TestExecutionListeners: [org.springframework.test.context.web.ServletTestExecutionListener@2b6fcb9f, org.springframework.test.context.support.DirtiesContextBeforeModesTestExecutionListener@75de6341, org.springframework.test.context.event.ApplicationEventsTestExecutionListener@74170687, org.springframework.boot.test.mock.mockito.MockitoTestExecutionListener@68f0f72c, org.springframework.boot.test.autoconfigure.SpringBootDependencyInjectionTestExecutionListener@3d96fa9e, org.springframework.test.context.support.DirtiesContextTestExecutionListener@3b545206, org.springframework.test.context.event.EventPublishingTestExecutionListener@77bb48d5, org.springframework.boot.test.mock.mockito.ResetMocksTestExecutionListener@181d8899, org.springframework.boot.test.autoconfigure.restdocs.RestDocsTestExecutionListener@12d5c30e, org.springframework.boot.test.autoconfigure.web.client.MockRestServiceServerResetTestExecutionListener@b887730, org.springframework.boot.test.autoconfigure.web.servlet.MockMvcPrintOnlyOnFailureTestExecutionListener@26586b74, org.springframework.boot.test.autoconfigure.web.servlet.WebDriverTestExecutionListener@52f57666, org.springframework.boot.test.autoconfigure.webservices.client.MockWebServiceServerTestExecutionListener@6e041285]

  .   ____          _            __ _ _
 /\\ / ___'_ __ _ _(_)_ __  __ _ \ \ \ \
( ( )\___ | '_ | '_| | '_ \/ _` | \ \ \ \
 \\/  ___)| |_)| | | | | || (_| |  ) ) ) )
  '  |____| .__|_| |_|_| |_\__, | / / / /
 =========|_|==============|___/=/_/_/_/
 :: Spring Boot ::                (v2.4.4)

2026-04-09 15:11:11.431  INFO 69 --- [           main] c.e.p.PdfgeneratorApplicationTests       : Starting PdfgeneratorApplicationTests using Java 11.0.16 on 1f4f3fe96247 with PID 69 (started by root in /app)
2026-04-09 15:11:11.432  INFO 69 --- [           main] c.e.p.PdfgeneratorApplicationTests       : No active profile set, falling back to default profiles: default
2026-04-09 15:11:11.666  INFO 69 --- [           main] o.s.s.concurrent.ThreadPoolTaskExecutor  : Initializing ExecutorService 'applicationTaskExecutor'
2026-04-09 15:11:11.750  INFO 69 --- [           main] c.e.p.PdfgeneratorApplicationTests       : Started PdfgeneratorApplicationTests in 0.337 seconds (JVM running for 2.896)
[INFO] Tests run: 1, Failures: 0, Errors: 0, Skipped: 0, Time elapsed: 0.631 s - in com.example.pdfgenerator.PdfgeneratorApplicationTests
2026-04-09 15:11:11.986  INFO 69 --- [extShutdownHook] o.s.s.concurrent.ThreadPoolTaskExecutor  : Shutting down ExecutorService 'applicationTaskExecutor'
2026-04-09 15:11:12.066  INFO 69 --- [extShutdownHook] o.s.s.concurrent.ThreadPoolTaskExecutor  : Shutting down ExecutorService 'applicationTaskExecutor'
[INFO] 
[INFO] Results:
[INFO] 
[ERROR] Errors: 
[ERROR]   PdfgeneratorApplication_main_11321909233.test:44 » IllegalArgument Args must n...
[INFO] 
[ERROR] Tests run: 7, Failures: 0, Errors: 1, Skipped: 0
[INFO] 
[ERROR] There are test failures.

Please refer to /app/target/surefire-reports for the individual test results.
Please refer to dump files (if any exist) [date].dump, [date]-jvmRun[N].dump and [date].dumpstream.
[INFO] 
[INFO] --- jacoco-maven-plugin:0.8.11:report (report) @ pdfgenerator ---
[INFO] Loading execution data file /app/target/jacoco.exec
[INFO] Analyzed bundle 'pdfgenerator' with 3 classes
[INFO] 
[INFO] --- jacoco-maven-plugin:0.8.11:report (default-cli) @ pdfgenerator ---
[INFO] Loading execution data file /app/target/jacoco.exec
[INFO] Analyzed bundle 'pdfgenerator' with 3 classes
[INFO] ------------------------------------------------------------------------
[INFO] BUILD SUCCESS
[INFO] ------------------------------------------------------------------------
[INFO] Total time:  5.444 s
[INFO] Finished at: 2026-04-09T15:11:12Z
[INFO] ------------------------------------------------------------------------
