[INFO] Scanning for projects...
[INFO] 
[INFO] ----------------------< com.example:pdfgenerator >----------------------
[INFO] Building pdfgenerator 0.0.1-SNAPSHOT
[INFO] --------------------------------[ jar ]---------------------------------
[INFO] 
[INFO] --- maven-clean-plugin:3.1.0:clean (default-clean) @ pdfgenerator ---
[INFO] Deleting /app/target
[INFO] 
[INFO] --- jacoco-maven-plugin:0.8.11:prepare-agent (default) @ pdfgenerator ---
[INFO] argLine set to -javaagent:/root/.m2/repository/org/jacoco/org.jacoco.agent/0.8.11/org.jacoco.agent-0.8.11-runtime.jar=destfile=/app/target/jacoco.exec
[INFO] 
[INFO] --- maven-resources-plugin:3.2.0:resources (default-resources) @ pdfgenerator ---
[INFO] Using 'UTF-8' encoding to copy filtered resources.
[INFO] Using 'UTF-8' encoding to copy filtered properties files.
[INFO] Copying 1 resource
[INFO] Copying 0 resource
[INFO] 
[INFO] --- maven-compiler-plugin:3.8.1:compile (default-compile) @ pdfgenerator ---
[INFO] Changes detected - recompiling the module!
[INFO] Compiling 3 source files to /app/target/classes
[INFO] 
[INFO] --- build-helper-maven-plugin:3.3.0:add-test-source (add-kex-test-source) @ pdfgenerator ---
[INFO] Test Source directory: /app/src/test/java/kex-tests added.
[INFO] 
[INFO] --- maven-resources-plugin:3.2.0:testResources (default-testResources) @ pdfgenerator ---
[INFO] Using 'UTF-8' encoding to copy filtered resources.
[INFO] Using 'UTF-8' encoding to copy filtered properties files.
[INFO] skip non existing resourceDirectory /app/src/test/resources
[INFO] 
[INFO] --- maven-compiler-plugin:3.8.1:testCompile (default-testCompile) @ pdfgenerator ---
[INFO] Changes detected - recompiling the module!
[INFO] Compiling 1 source file to /app/target/test-classes
[INFO] 
[INFO] --- maven-surefire-plugin:2.22.2:test (default-test) @ pdfgenerator ---
[INFO] 
[INFO] -------------------------------------------------------
[INFO]  T E S T S
[INFO] -------------------------------------------------------
[INFO] Running com.example.pdfgenerator.PdfgeneratorApplicationTests
02:08:39.645 [main] DEBUG org.springframework.test.context.BootstrapUtils - Instantiating CacheAwareContextLoaderDelegate from class [org.springframework.test.context.cache.DefaultCacheAwareContextLoaderDelegate]
02:08:39.662 [main] DEBUG org.springframework.test.context.BootstrapUtils - Instantiating BootstrapContext using constructor [public org.springframework.test.context.support.DefaultBootstrapContext(java.lang.Class,org.springframework.test.context.CacheAwareContextLoaderDelegate)]
02:08:39.720 [main] DEBUG org.springframework.test.context.BootstrapUtils - Instantiating TestContextBootstrapper for test class [com.example.pdfgenerator.PdfgeneratorApplicationTests] from class [org.springframework.boot.test.context.SpringBootTestContextBootstrapper]
02:08:39.735 [main] INFO org.springframework.boot.test.context.SpringBootTestContextBootstrapper - Neither @ContextConfiguration nor @ContextHierarchy found for test class [com.example.pdfgenerator.PdfgeneratorApplicationTests], using SpringBootContextLoader
02:08:39.741 [main] DEBUG org.springframework.test.context.support.AbstractContextLoader - Did not detect default resource location for test class [com.example.pdfgenerator.PdfgeneratorApplicationTests]: class path resource [com/example/pdfgenerator/PdfgeneratorApplicationTests-context.xml] does not exist
02:08:39.742 [main] DEBUG org.springframework.test.context.support.AbstractContextLoader - Did not detect default resource location for test class [com.example.pdfgenerator.PdfgeneratorApplicationTests]: class path resource [com/example/pdfgenerator/PdfgeneratorApplicationTestsContext.groovy] does not exist
02:08:39.742 [main] INFO org.springframework.test.context.support.AbstractContextLoader - Could not detect default resource locations for test class [com.example.pdfgenerator.PdfgeneratorApplicationTests]: no resource found for suffixes {-context.xml, Context.groovy}.
02:08:39.743 [main] INFO org.springframework.test.context.support.AnnotationConfigContextLoaderUtils - Could not detect default configuration classes for test class [com.example.pdfgenerator.PdfgeneratorApplicationTests]: PdfgeneratorApplicationTests does not declare any static, non-private, non-final, nested classes annotated with @Configuration.
02:08:39.793 [main] DEBUG org.springframework.test.context.support.ActiveProfilesUtils - Could not find an 'annotation declaring class' for annotation type [org.springframework.test.context.ActiveProfiles] and class [com.example.pdfgenerator.PdfgeneratorApplicationTests]
02:08:39.864 [main] DEBUG org.springframework.context.annotation.ClassPathScanningCandidateComponentProvider - Identified candidate component class: file [/app/target/classes/com/example/pdfgenerator/PdfgeneratorApplication.class]
02:08:39.865 [main] INFO org.springframework.boot.test.context.SpringBootTestContextBootstrapper - Found @SpringBootConfiguration com.example.pdfgenerator.PdfgeneratorApplication for test class com.example.pdfgenerator.PdfgeneratorApplicationTests
02:08:39.978 [main] DEBUG org.springframework.boot.test.context.SpringBootTestContextBootstrapper - @TestExecutionListeners is not present for class [com.example.pdfgenerator.PdfgeneratorApplicationTests]: using defaults.
02:08:39.978 [main] INFO org.springframework.boot.test.context.SpringBootTestContextBootstrapper - Loaded default TestExecutionListener class names from location [META-INF/spring.factories]: [org.springframework.boot.test.mock.mockito.MockitoTestExecutionListener, org.springframework.boot.test.mock.mockito.ResetMocksTestExecutionListener, org.springframework.boot.test.autoconfigure.restdocs.RestDocsTestExecutionListener, org.springframework.boot.test.autoconfigure.web.client.MockRestServiceServerResetTestExecutionListener, org.springframework.boot.test.autoconfigure.web.servlet.MockMvcPrintOnlyOnFailureTestExecutionListener, org.springframework.boot.test.autoconfigure.web.servlet.WebDriverTestExecutionListener, org.springframework.boot.test.autoconfigure.webservices.client.MockWebServiceServerTestExecutionListener, org.springframework.test.context.web.ServletTestExecutionListener, org.springframework.test.context.support.DirtiesContextBeforeModesTestExecutionListener, org.springframework.test.context.event.ApplicationEventsTestExecutionListener, org.springframework.test.context.support.DependencyInjectionTestExecutionListener, org.springframework.test.context.support.DirtiesContextTestExecutionListener, org.springframework.test.context.transaction.TransactionalTestExecutionListener, org.springframework.test.context.jdbc.SqlScriptsTestExecutionListener, org.springframework.test.context.event.EventPublishingTestExecutionListener]
02:08:39.994 [main] DEBUG org.springframework.boot.test.context.SpringBootTestContextBootstrapper - Skipping candidate TestExecutionListener [org.springframework.test.context.transaction.TransactionalTestExecutionListener] due to a missing dependency. Specify custom listener classes or make the default listener classes and their required dependencies available. Offending class: [org/springframework/transaction/interceptor/TransactionAttributeSource]
02:08:39.994 [main] DEBUG org.springframework.boot.test.context.SpringBootTestContextBootstrapper - Skipping candidate TestExecutionListener [org.springframework.test.context.jdbc.SqlScriptsTestExecutionListener] due to a missing dependency. Specify custom listener classes or make the default listener classes and their required dependencies available. Offending class: [org/springframework/transaction/interceptor/TransactionAttribute]
02:08:39.995 [main] INFO org.springframework.boot.test.context.SpringBootTestContextBootstrapper - Using TestExecutionListeners: [org.springframework.test.context.web.ServletTestExecutionListener@3d718248, org.springframework.test.context.support.DirtiesContextBeforeModesTestExecutionListener@2cdb5974, org.springframework.test.context.event.ApplicationEventsTestExecutionListener@8aa5ab4, org.springframework.boot.test.mock.mockito.MockitoTestExecutionListener@53e4a19e, org.springframework.boot.test.autoconfigure.SpringBootDependencyInjectionTestExecutionListener@62360a68, org.springframework.test.context.support.DirtiesContextTestExecutionListener@1450ffa3, org.springframework.test.context.event.EventPublishingTestExecutionListener@4e756867, org.springframework.boot.test.mock.mockito.ResetMocksTestExecutionListener@38ebc866, org.springframework.boot.test.autoconfigure.restdocs.RestDocsTestExecutionListener@6adcf059, org.springframework.boot.test.autoconfigure.web.client.MockRestServiceServerResetTestExecutionListener@7962a746, org.springframework.boot.test.autoconfigure.web.servlet.MockMvcPrintOnlyOnFailureTestExecutionListener@1c31de5d, org.springframework.boot.test.autoconfigure.web.servlet.WebDriverTestExecutionListener@7a7f9d45, org.springframework.boot.test.autoconfigure.webservices.client.MockWebServiceServerTestExecutionListener@772cf46b]
02:08:40.000 [main] DEBUG org.springframework.test.context.support.AbstractDirtiesContextTestExecutionListener - Before test class: context [DefaultTestContext@57b33c29 testClass = PdfgeneratorApplicationTests, testInstance = [null], testMethod = [null], testException = [null], mergedContextConfiguration = [WebMergedContextConfiguration@615ef20 testClass = PdfgeneratorApplicationTests, locations = '{}', classes = '{class com.example.pdfgenerator.PdfgeneratorApplication}', contextInitializerClasses = '[]', activeProfiles = '{}', propertySourceLocations = '{}', propertySourceProperties = '{org.springframework.boot.test.context.SpringBootTestContextBootstrapper=true}', contextCustomizers = set[org.springframework.boot.test.context.filter.ExcludeFilterContextCustomizer@20ead579, org.springframework.boot.test.json.DuplicateJsonObjectContextCustomizerFactory$DuplicateJsonObjectContextCustomizer@760487aa, org.springframework.boot.test.mock.mockito.MockitoContextCustomizer@0, org.springframework.boot.test.web.client.TestRestTemplateContextCustomizer@a7cf42f, org.springframework.boot.test.autoconfigure.actuate.metrics.MetricsExportContextCustomizerFactory$DisableMetricExportContextCustomizer@1de4285e, org.springframework.boot.test.autoconfigure.properties.PropertyMappingContextCustomizer@0, org.springframework.boot.test.autoconfigure.web.servlet.WebDriverContextCustomizerFactory$Customizer@2839e3c8, org.springframework.boot.test.context.SpringBootTestArgs@1, org.springframework.boot.test.context.SpringBootTestWebEnvironment@83298d7], resourceBasePath = 'src/main/webapp', contextLoader = 'org.springframework.boot.test.context.SpringBootContextLoader', parent = [null]], attributes = map['org.springframework.test.context.web.ServletTestExecutionListener.activateListener' -> true]], class annotated with @DirtiesContext [false] with mode [null].
02:08:40.037 [main] DEBUG org.springframework.test.context.support.TestPropertySourceUtils - Adding inlined properties to environment: {spring.jmx.enabled=false, org.springframework.boot.test.context.SpringBootTestContextBootstrapper=true}

  .   ____          _            __ _ _
 /\\ / ___'_ __ _ _(_)_ __  __ _ \ \ \ \
( ( )\___ | '_ | '_| | '_ \/ _` | \ \ \ \
 \\/  ___)| |_)| | | | | || (_| |  ) ) ) )
  '  |____| .__|_| |_|_| |_\__, | / / / /
 =========|_|==============|___/=/_/_/_/
 :: Spring Boot ::                (v2.4.4)

2026-04-08 02:08:40.305  INFO 69 --- [           main] c.e.p.PdfgeneratorApplicationTests       : Starting PdfgeneratorApplicationTests using Java 11.0.16 on 915bcbc947ba with PID 69 (started by root in /app)
2026-04-08 02:08:40.308  INFO 69 --- [           main] c.e.p.PdfgeneratorApplicationTests       : No active profile set, falling back to default profiles: default
2026-04-08 02:08:41.191  INFO 69 --- [           main] o.s.s.concurrent.ThreadPoolTaskExecutor  : Initializing ExecutorService 'applicationTaskExecutor'
2026-04-08 02:08:41.389  INFO 69 --- [           main] c.e.p.PdfgeneratorApplicationTests       : Started PdfgeneratorApplicationTests in 1.342 seconds (JVM running for 2.406)
[INFO] Tests run: 1, Failures: 0, Errors: 0, Skipped: 0, Time elapsed: 2.104 s - in com.example.pdfgenerator.PdfgeneratorApplicationTests
2026-04-08 02:08:41.687  INFO 69 --- [extShutdownHook] o.s.s.concurrent.ThreadPoolTaskExecutor  : Shutting down ExecutorService 'applicationTaskExecutor'
[INFO] 
[INFO] Results:
[INFO] 
[INFO] Tests run: 1, Failures: 0, Errors: 0, Skipped: 0
[INFO] 
[INFO] 
[INFO] --- jacoco-maven-plugin:0.8.11:report (report) @ pdfgenerator ---
[INFO] Loading execution data file /app/target/jacoco.exec
[INFO] Analyzed bundle 'pdfgenerator' with 3 classes
[INFO] 
[INFO] --- jacoco-maven-plugin:0.8.11:report (default-cli) @ pdfgenerator ---
[INFO] Loading execution data file /app/target/jacoco.exec
[INFO] Analyzed bundle 'pdfgenerator' with 3 classes
[INFO] ------------------------------------------------------------------------
[INFO] BUILD SUCCESS
[INFO] ------------------------------------------------------------------------
[INFO] Total time:  4.736 s
[INFO] Finished at: 2026-04-08T02:08:42Z
[INFO] ------------------------------------------------------------------------
