[INFO] Scanning for projects...
[INFO] 
[INFO] ----------------------< com.example:pdfgenerator >----------------------
[INFO] Building pdfgenerator 0.0.1-SNAPSHOT
[INFO] --------------------------------[ jar ]---------------------------------
[INFO] 
[INFO] --- maven-clean-plugin:3.1.0:clean (default-clean) @ pdfgenerator ---
[INFO] Deleting /app/target
[INFO] 
[INFO] --- jacoco-maven-plugin:0.8.11:prepare-agent (default) @ pdfgenerator ---
[INFO] argLine set to -javaagent:/root/.m2/repository/org/jacoco/org.jacoco.agent/0.8.11/org.jacoco.agent-0.8.11-runtime.jar=destfile=/app/target/jacoco.exec
[INFO] 
[INFO] --- maven-resources-plugin:3.2.0:resources (default-resources) @ pdfgenerator ---
[INFO] Using 'UTF-8' encoding to copy filtered resources.
[INFO] Using 'UTF-8' encoding to copy filtered properties files.
[INFO] Copying 1 resource
[INFO] Copying 0 resource
[INFO] 
[INFO] --- maven-compiler-plugin:3.8.1:compile (default-compile) @ pdfgenerator ---
[INFO] Changes detected - recompiling the module!
[INFO] Compiling 3 source files to /app/target/classes
[INFO] 
[INFO] --- build-helper-maven-plugin:3.3.0:add-test-source (add-kex-test-source) @ pdfgenerator ---
[INFO] Test Source directory: /app/src/test/java/kex-tests added.
[INFO] 
[INFO] --- maven-resources-plugin:3.2.0:testResources (default-testResources) @ pdfgenerator ---
[INFO] Using 'UTF-8' encoding to copy filtered resources.
[INFO] Using 'UTF-8' encoding to copy filtered properties files.
[INFO] skip non existing resourceDirectory /app/src/test/resources
[INFO] 
[INFO] --- maven-compiler-plugin:3.8.1:testCompile (default-testCompile) @ pdfgenerator ---
[INFO] Changes detected - recompiling the module!
[INFO] Compiling 10 source files to /app/target/test-classes
[WARNING] /app/src/test/java/kex-tests/tests/com/example/pdfgenerator/ReflectionUtils.java:[9,16] sun.misc.Unsafe is internal proprietary API and may be removed in a future release
[WARNING] /app/src/test/java/kex-tests/tests/com/example/pdfgenerator/controller/ReflectionUtils.java:[9,16] sun.misc.Unsafe is internal proprietary API and may be removed in a future release
[WARNING] /app/src/test/java/kex-tests/tests/com/example/pdfgenerator/ReflectionUtils.java:[13,25] sun.misc.Unsafe is internal proprietary API and may be removed in a future release
[WARNING] /app/src/test/java/kex-tests/tests/com/example/pdfgenerator/ReflectionUtils.java:[17,31] sun.misc.Unsafe is internal proprietary API and may be removed in a future release
[WARNING] /app/src/test/java/kex-tests/tests/com/example/pdfgenerator/ReflectionUtils.java:[19,23] sun.misc.Unsafe is internal proprietary API and may be removed in a future release
[WARNING] /app/src/test/java/kex-tests/tests/com/example/pdfgenerator/controller/ReflectionUtils.java:[13,25] sun.misc.Unsafe is internal proprietary API and may be removed in a future release
[WARNING] /app/src/test/java/kex-tests/tests/com/example/pdfgenerator/controller/ReflectionUtils.java:[17,31] sun.misc.Unsafe is internal proprietary API and may be removed in a future release
[WARNING] /app/src/test/java/kex-tests/tests/com/example/pdfgenerator/controller/ReflectionUtils.java:[19,23] sun.misc.Unsafe is internal proprietary API and may be removed in a future release
[INFO] 
[INFO] --- maven-surefire-plugin:2.22.2:test (default-test) @ pdfgenerator ---
[INFO] 
[INFO] -------------------------------------------------------
[INFO]  T E S T S
[INFO] -------------------------------------------------------
[INFO] Running com.example.pdfgenerator.PdfgeneratorApplication_init_7556279190
[INFO] Tests run: 1, Failures: 0, Errors: 0, Skipped: 0, Time elapsed: 0.01 s - in com.example.pdfgenerator.PdfgeneratorApplication_init_7556279190
[INFO] Running com.example.pdfgenerator.PdfgeneratorApplication_main_11321909233
06:13:18.013 [Time-limited test] ERROR org.springframework.boot.SpringApplication - Application run failed
java.lang.IllegalArgumentException: Args must not be null
	at org.springframework.util.Assert.notNull(Assert.java:201)
	at org.springframework.boot.DefaultApplicationArguments.<init>(DefaultApplicationArguments.java:41)
	at org.springframework.boot.SpringApplication.run(SpringApplication.java:319)
	at org.springframework.boot.SpringApplication.run(SpringApplication.java:1313)
	at org.springframework.boot.SpringApplication.run(SpringApplication.java:1302)
	at com.example.pdfgenerator.PdfgeneratorApplication.main(PdfgeneratorApplication.java:10)
	at java.base/jdk.internal.reflect.NativeMethodAccessorImpl.invoke0(Native Method)
	at java.base/jdk.internal.reflect.NativeMethodAccessorImpl.invoke(NativeMethodAccessorImpl.java:62)
	at java.base/jdk.internal.reflect.DelegatingMethodAccessorImpl.invoke(DelegatingMethodAccessorImpl.java:43)
	at java.base/java.lang.reflect.Method.invoke(Method.java:566)
	at com.example.pdfgenerator.ReflectionUtils.callMethod(ReflectionUtils.java:328)
	at com.example.pdfgenerator.PdfgeneratorApplication_main_11321909233.test(PdfgeneratorApplication_main_11321909233.java:44)
	at java.base/jdk.internal.reflect.NativeMethodAccessorImpl.invoke0(Native Method)
	at java.base/jdk.internal.reflect.NativeMethodAccessorImpl.invoke(NativeMethodAccessorImpl.java:62)
	at java.base/jdk.internal.reflect.DelegatingMethodAccessorImpl.invoke(DelegatingMethodAccessorImpl.java:43)
	at java.base/java.lang.reflect.Method.invoke(Method.java:566)
	at org.junit.runners.model.FrameworkMethod$1.runReflectiveCall(FrameworkMethod.java:59)
	at org.junit.internal.runners.model.ReflectiveCallable.run(ReflectiveCallable.java:12)
	at org.junit.runners.model.FrameworkMethod.invokeExplosively(FrameworkMethod.java:56)
	at org.junit.internal.runners.statements.InvokeMethod.evaluate(InvokeMethod.java:17)
	at org.junit.internal.runners.statements.RunBefores.evaluate(RunBefores.java:26)
	at org.junit.internal.runners.statements.FailOnTimeout$CallableStatement.call(FailOnTimeout.java:299)
	at org.junit.internal.runners.statements.FailOnTimeout$CallableStatement.call(FailOnTimeout.java:293)
	at java.base/java.util.concurrent.FutureTask.run(FutureTask.java:264)
	at java.base/java.lang.Thread.run(Thread.java:829)
[ERROR] Tests run: 1, Failures: 0, Errors: 1, Skipped: 0, Time elapsed: 0.276 s <<< FAILURE! - in com.example.pdfgenerator.PdfgeneratorApplication_main_11321909233
[ERROR] test  Time elapsed: 0.276 s  <<< ERROR!
java.lang.IllegalArgumentException: Args must not be null
	at com.example.pdfgenerator.PdfgeneratorApplication_main_11321909233.test(PdfgeneratorApplication_main_11321909233.java:44)

[INFO] Running com.example.pdfgenerator.controller.PDFExportController_init_17913387220
[INFO] Tests run: 1, Failures: 0, Errors: 0, Skipped: 0, Time elapsed: 0.001 s - in com.example.pdfgenerator.controller.PDFExportController_init_17913387220
[INFO] Running com.example.pdfgenerator.controller.PDFExportController_init_17913387221
[INFO] Tests run: 1, Failures: 0, Errors: 0, Skipped: 0, Time elapsed: 0 s - in com.example.pdfgenerator.controller.PDFExportController_init_17913387221
[INFO] Running com.example.pdfgenerator.PdfgeneratorApplication_init_7556279192
[INFO] Tests run: 1, Failures: 0, Errors: 0, Skipped: 0, Time elapsed: 0 s - in com.example.pdfgenerator.PdfgeneratorApplication_init_7556279192
[INFO] Running com.example.pdfgenerator.PdfgeneratorApplication_main_11321909231

  .   ____          _            __ _ _
 /\\ / ___'_ __ _ _(_)_ __  __ _ \ \ \ \
( ( )\___ | '_ | '_| | '_ \/ _` | \ \ \ \
 \\/  ___)| |_)| | | | | || (_| |  ) ) ) )
  '  |____| .__|_| |_|_| |_\__, | / / / /
 =========|_|==============|___/=/_/_/_/
 :: Spring Boot ::                (v2.4.4)

2026-04-08 06:13:18.399  INFO 69 --- [me-limited test] c.e.p.PdfgeneratorApplication            : Starting PdfgeneratorApplication using Java 11.0.16 on 241b20c448d2 with PID 69 (started by root in /app)
2026-04-08 06:13:18.400  INFO 69 --- [me-limited test] c.e.p.PdfgeneratorApplication            : No active profile set, falling back to default profiles: default
2026-04-08 06:13:19.207  INFO 69 --- [me-limited test] o.s.b.w.embedded.tomcat.TomcatWebServer  : Tomcat initialized with port(s): 8080 (http)
2026-04-08 06:13:19.221  INFO 69 --- [me-limited test] o.apache.catalina.core.StandardService   : Starting service [Tomcat]
2026-04-08 06:13:19.221  INFO 69 --- [me-limited test] org.apache.catalina.core.StandardEngine  : Starting Servlet engine: [Apache Tomcat/9.0.44]
2026-04-08 06:13:19.292  INFO 69 --- [me-limited test] o.a.c.c.C.[Tomcat].[localhost].[/]       : Initializing Spring embedded WebApplicationContext
2026-04-08 06:13:19.292  INFO 69 --- [me-limited test] w.s.c.ServletWebServerApplicationContext : Root WebApplicationContext: initialization completed in 852 ms
2026-04-08 06:13:19.452  INFO 69 --- [me-limited test] o.s.s.concurrent.ThreadPoolTaskExecutor  : Initializing ExecutorService 'applicationTaskExecutor'
2026-04-08 06:13:19.613  INFO 69 --- [me-limited test] o.s.b.w.embedded.tomcat.TomcatWebServer  : Tomcat started on port(s): 8080 (http) with context path ''
2026-04-08 06:13:19.623  INFO 69 --- [me-limited test] c.e.p.PdfgeneratorApplication            : Started PdfgeneratorApplication in 1.588 seconds (JVM running for 2.459)
[INFO] Tests run: 1, Failures: 0, Errors: 0, Skipped: 0, Time elapsed: 1.584 s - in com.example.pdfgenerator.PdfgeneratorApplication_main_11321909231
2026-04-08 06:13:19.727  INFO 69 --- [extShutdownHook] o.s.s.concurrent.ThreadPoolTaskExecutor  : Shutting down ExecutorService 'applicationTaskExecutor'
[INFO] 
[INFO] Results:
[INFO] 
[ERROR] Errors: 
[ERROR]   PdfgeneratorApplication_main_11321909233.test:44 » IllegalArgument Args must n...
[INFO] 
[ERROR] Tests run: 6, Failures: 0, Errors: 1, Skipped: 0
[INFO] 
[ERROR] There are test failures.

Please refer to /app/target/surefire-reports for the individual test results.
Please refer to dump files (if any exist) [date].dump, [date]-jvmRun[N].dump and [date].dumpstream.
[INFO] 
[INFO] --- jacoco-maven-plugin:0.8.11:report (report) @ pdfgenerator ---
[INFO] Loading execution data file /app/target/jacoco.exec
[INFO] Analyzed bundle 'pdfgenerator' with 3 classes
[INFO] 
[INFO] --- jacoco-maven-plugin:0.8.11:report (default-cli) @ pdfgenerator ---
[INFO] Loading execution data file /app/target/jacoco.exec
[INFO] Analyzed bundle 'pdfgenerator' with 3 classes
[INFO] ------------------------------------------------------------------------
[INFO] BUILD SUCCESS
[INFO] ------------------------------------------------------------------------
[INFO] Total time:  4.795 s
[INFO] Finished at: 2026-04-08T06:13:20Z
[INFO] ------------------------------------------------------------------------
