[INFO] Scanning for projects...
[INFO] 
[INFO] ----------------< io.pivotal.workshop:spring-boot-tdd >-----------------
[INFO] Building spring-boot-tdd 0.0.1-SNAPSHOT
[INFO] --------------------------------[ jar ]---------------------------------
[INFO] 
[INFO] --- maven-clean-plugin:3.1.0:clean (default-clean) @ spring-boot-tdd ---
[INFO] Deleting /app/target
[INFO] 
[INFO] --- jacoco-maven-plugin:0.8.11:prepare-agent (default) @ spring-boot-tdd ---
[INFO] argLine set to -javaagent:/root/.m2/repository/org/jacoco/org.jacoco.agent/0.8.11/org.jacoco.agent-0.8.11-runtime.jar=destfile=/app/target/jacoco.exec
[INFO] 
[INFO] --- maven-resources-plugin:3.1.0:resources (default-resources) @ spring-boot-tdd ---
[INFO] Using 'UTF-8' encoding to copy filtered resources.
[INFO] Copying 1 resource
[INFO] Copying 0 resource
[INFO] 
[INFO] --- maven-compiler-plugin:3.8.1:compile (default-compile) @ spring-boot-tdd ---
[INFO] Changes detected - recompiling the module!
[INFO] Compiling 7 source files to /app/target/classes
[INFO] 
[INFO] --- build-helper-maven-plugin:3.3.0:add-test-source (add-kex-test-source) @ spring-boot-tdd ---
[INFO] Test Source directory: /app/src/test/java/kex-tests added.
[INFO] 
[INFO] --- maven-resources-plugin:3.1.0:testResources (default-testResources) @ spring-boot-tdd ---
[INFO] Using 'UTF-8' encoding to copy filtered resources.
[INFO] skip non existing resourceDirectory /app/src/test/resources
[INFO] 
[INFO] --- maven-compiler-plugin:3.8.1:testCompile (default-testCompile) @ spring-boot-tdd ---
[INFO] Changes detected - recompiling the module!
[INFO] Compiling 38 source files to /app/target/test-classes
[WARNING] /app/src/test/java/kex-tests/tests/io/pivotal/workshop/ReflectionUtils.java:[9,16] sun.misc.Unsafe is internal proprietary API and may be removed in a future release
[WARNING] /app/src/test/java/kex-tests/tests/io/pivotal/workshop/ReflectionUtils.java:[13,25] sun.misc.Unsafe is internal proprietary API and may be removed in a future release
[WARNING] /app/src/test/java/kex-tests/tests/io/pivotal/workshop/ReflectionUtils.java:[17,31] sun.misc.Unsafe is internal proprietary API and may be removed in a future release
[WARNING] /app/src/test/java/kex-tests/tests/io/pivotal/workshop/ReflectionUtils.java:[19,23] sun.misc.Unsafe is internal proprietary API and may be removed in a future release
[INFO] /app/src/test/java/kex-tests/tests/io/pivotal/workshop/Car_equals_18870536867.java: Some input files use or override a deprecated API.
[INFO] /app/src/test/java/kex-tests/tests/io/pivotal/workshop/Car_equals_18870536867.java: Recompile with -Xlint:deprecation for details.
[INFO] 
[INFO] --- maven-surefire-plugin:2.22.2:test (default-test) @ spring-boot-tdd ---
[INFO] 
[INFO] -------------------------------------------------------
[INFO]  T E S T S
[INFO] -------------------------------------------------------
[INFO] Running io.pivotal.workshop.Car_init_19498117010
[INFO] Tests run: 1, Failures: 0, Errors: 0, Skipped: 0, Time elapsed: 0.028 s - in io.pivotal.workshop.Car_init_19498117010
[INFO] Running io.pivotal.workshop.CarNotFoundException_init_4702651561
[INFO] Tests run: 1, Failures: 0, Errors: 0, Skipped: 0, Time elapsed: 0 s - in io.pivotal.workshop.CarNotFoundException_init_4702651561
[INFO] Running io.pivotal.workshop.SpringBootTddApplication_init_13737802370
[INFO] Tests run: 1, Failures: 0, Errors: 0, Skipped: 0, Time elapsed: 0 s - in io.pivotal.workshop.SpringBootTddApplication_init_13737802370
[INFO] Running io.pivotal.workshop.Car_setName_15157261505
[INFO] Tests run: 1, Failures: 0, Errors: 0, Skipped: 0, Time elapsed: 0 s - in io.pivotal.workshop.Car_setName_15157261505
[INFO] Running io.pivotal.workshop.Car_init_18840590082
[INFO] Tests run: 1, Failures: 0, Errors: 0, Skipped: 0, Time elapsed: 0.001 s - in io.pivotal.workshop.Car_init_18840590082
[INFO] Running io.pivotal.workshop.CarNotFoundException_init_4702651560
[INFO] Tests run: 1, Failures: 0, Errors: 0, Skipped: 0, Time elapsed: 0 s - in io.pivotal.workshop.CarNotFoundException_init_4702651560
[INFO] Running io.pivotal.workshop.Car_init_3821514700
[INFO] Tests run: 1, Failures: 0, Errors: 0, Skipped: 0, Time elapsed: 0 s - in io.pivotal.workshop.Car_init_3821514700
[INFO] Running io.pivotal.workshop.Car_getType_1012163513
[INFO] Tests run: 1, Failures: 0, Errors: 0, Skipped: 0, Time elapsed: 0.002 s - in io.pivotal.workshop.Car_getType_1012163513
[INFO] Running io.pivotal.workshop.Car_getType_101216354
[INFO] Tests run: 1, Failures: 0, Errors: 0, Skipped: 0, Time elapsed: 0 s - in io.pivotal.workshop.Car_getType_101216354
[INFO] Running io.pivotal.workshop.Car_setType_170975493315
[INFO] Tests run: 1, Failures: 0, Errors: 0, Skipped: 0, Time elapsed: 0 s - in io.pivotal.workshop.Car_setType_170975493315
[INFO] Running io.pivotal.workshop.Car_hashCode_143836701117
[INFO] Tests run: 1, Failures: 0, Errors: 0, Skipped: 0, Time elapsed: 0.001 s - in io.pivotal.workshop.Car_hashCode_143836701117
[INFO] Running io.pivotal.workshop.SpringBootTddApplication_main_9972172331

  .   ____          _            __ _ _
 /\\ / ___'_ __ _ _(_)_ __  __ _ \ \ \ \
( ( )\___ | '_ | '_| | '_ \/ _` | \ \ \ \
 \\/  ___)| |_)| | | | | || (_| |  ) ) ) )
  '  |____| .__|_| |_|_| |_\__, | / / / /
 =========|_|==============|___/=/_/_/_/
 :: Spring Boot ::        (v2.3.1.RELEASE)

2026-04-08 01:49:03.466  INFO 70 --- [me-limited test] i.p.workshop.SpringBootTddApplication    : Starting SpringBootTddApplication on 097145e691ff with PID 70 (started by root in /app)
2026-04-08 01:49:03.472  INFO 70 --- [me-limited test] i.p.workshop.SpringBootTddApplication    : No active profile set, falling back to default profiles: default
2026-04-08 01:49:05.109  INFO 70 --- [me-limited test] .s.d.r.c.RepositoryConfigurationDelegate : Bootstrapping Spring Data JPA repositories in DEFERRED mode.
2026-04-08 01:49:05.221  INFO 70 --- [me-limited test] .s.d.r.c.RepositoryConfigurationDelegate : Finished Spring Data repository scanning in 88ms. Found 1 JPA repository interfaces.
2026-04-08 01:49:06.095  INFO 70 --- [me-limited test] o.s.b.w.embedded.tomcat.TomcatWebServer  : Tomcat initialized with port(s): 8080 (http)
2026-04-08 01:49:06.107  INFO 70 --- [me-limited test] o.apache.catalina.core.StandardService   : Starting service [Tomcat]
2026-04-08 01:49:06.108  INFO 70 --- [me-limited test] org.apache.catalina.core.StandardEngine  : Starting Servlet engine: [Apache Tomcat/9.0.36]
2026-04-08 01:49:06.209  INFO 70 --- [me-limited test] o.a.c.c.C.[Tomcat].[localhost].[/]       : Initializing Spring embedded WebApplicationContext
2026-04-08 01:49:06.209  INFO 70 --- [me-limited test] w.s.c.ServletWebServerApplicationContext : Root WebApplicationContext: initialization completed in 2598 ms
2026-04-08 01:49:06.570  INFO 70 --- [me-limited test] o.s.s.concurrent.ThreadPoolTaskExecutor  : Initializing ExecutorService 'applicationTaskExecutor'
2026-04-08 01:49:06.583  INFO 70 --- [me-limited test] com.zaxxer.hikari.HikariDataSource       : HikariPool-1 - Starting...
2026-04-08 01:49:06.882  INFO 70 --- [me-limited test] com.zaxxer.hikari.HikariDataSource       : HikariPool-1 - Start completed.
2026-04-08 01:49:07.027  INFO 70 --- [         task-1] o.hibernate.jpa.internal.util.LogHelper  : HHH000204: Processing PersistenceUnitInfo [name: default]
2026-04-08 01:49:07.161  WARN 70 --- [me-limited test] JpaBaseConfiguration$JpaWebConfiguration : spring.jpa.open-in-view is enabled by default. Therefore, database queries may be performed during view rendering. Explicitly configure spring.jpa.open-in-view to disable this warning
2026-04-08 01:49:07.205  INFO 70 --- [         task-1] org.hibernate.Version                    : HHH000412: Hibernate ORM core version 5.4.17.Final
2026-04-08 01:49:07.430  INFO 70 --- [         task-1] o.hibernate.annotations.common.Version   : HCANN000001: Hibernate Commons Annotations {5.1.0.Final}
2026-04-08 01:49:07.666  INFO 70 --- [         task-1] org.hibernate.dialect.Dialect            : HHH000400: Using dialect: org.hibernate.dialect.H2Dialect
2026-04-08 01:49:09.127  INFO 70 --- [         task-1] o.h.e.t.j.p.i.JtaPlatformInitiator       : HHH000490: Using JtaPlatform implementation: [org.hibernate.engine.transaction.jta.platform.internal.NoJtaPlatform]
2026-04-08 01:49:09.144  INFO 70 --- [         task-1] j.LocalContainerEntityManagerFactoryBean : Initialized JPA EntityManagerFactory for persistence unit 'default'
2026-04-08 01:49:09.326  INFO 70 --- [me-limited test] o.s.b.a.e.web.EndpointLinksResolver      : Exposing 2 endpoint(s) beneath base path '/actuator'
2026-04-08 01:49:09.458  INFO 70 --- [me-limited test] o.s.b.w.embedded.tomcat.TomcatWebServer  : Tomcat started on port(s): 8080 (http) with context path ''
2026-04-08 01:49:09.463  INFO 70 --- [me-limited test] DeferredRepositoryInitializationListener : Triggering deferred initialization of Spring Data repositories…
2026-04-08 01:49:10.747  INFO 70 --- [me-limited test] DeferredRepositoryInitializationListener : Spring Data repositories initialized!
2026-04-08 01:49:10.762  INFO 70 --- [me-limited test] i.p.workshop.SpringBootTddApplication    : Started SpringBootTddApplication in 8.226 seconds (JVM running for 11.705)
[INFO] Tests run: 1, Failures: 0, Errors: 0, Skipped: 0, Time elapsed: 8.634 s - in io.pivotal.workshop.SpringBootTddApplication_main_9972172331
[INFO] Running io.pivotal.workshop.CarController_init_2069474021
[INFO] Tests run: 1, Failures: 0, Errors: 0, Skipped: 0, Time elapsed: 0 s - in io.pivotal.workshop.CarController_init_2069474021
[INFO] Running io.pivotal.workshop.SpringBootTddApplication_init_13737802372
[INFO] Tests run: 1, Failures: 0, Errors: 0, Skipped: 0, Time elapsed: 0 s - in io.pivotal.workshop.SpringBootTddApplication_init_13737802372
[INFO] Running io.pivotal.workshop.Car_getName_20415041812
[INFO] Tests run: 1, Failures: 0, Errors: 0, Skipped: 0, Time elapsed: 0 s - in io.pivotal.workshop.Car_getName_20415041812
[INFO] Running io.pivotal.workshop.CarServiceCache_addCarDetails_11034685241
[ERROR] Tests run: 1, Failures: 0, Errors: 1, Skipped: 0, Time elapsed: 0 s <<< FAILURE! - in io.pivotal.workshop.CarServiceCache_addCarDetails_11034685241
[ERROR] test  Time elapsed: 0 s  <<< ERROR!
java.lang.NullPointerException
	at io.pivotal.workshop.CarServiceCache_addCarDetails_11034685241.test(CarServiceCache_addCarDetails_11034685241.java:49)

[INFO] Running io.pivotal.workshop.Car_setType_17097549336
[INFO] Tests run: 1, Failures: 0, Errors: 0, Skipped: 0, Time elapsed: 0 s - in io.pivotal.workshop.Car_setType_17097549336
[INFO] Running io.pivotal.workshop.Car_setName_151572615014
[INFO] Tests run: 1, Failures: 0, Errors: 0, Skipped: 0, Time elapsed: 0 s - in io.pivotal.workshop.Car_setName_151572615014
[INFO] Running io.pivotal.workshop.CarServiceCache_getCarDetails_7342394370
[ERROR] Tests run: 1, Failures: 0, Errors: 1, Skipped: 0, Time elapsed: 0.001 s <<< FAILURE! - in io.pivotal.workshop.CarServiceCache_getCarDetails_7342394370
[ERROR] test  Time elapsed: 0.001 s  <<< ERROR!
java.lang.NullPointerException
	at io.pivotal.workshop.CarServiceCache_getCarDetails_7342394370.test(CarServiceCache_getCarDetails_7342394370.java:42)

[INFO] Running io.pivotal.workshop.Car_init_1949811701
[INFO] Tests run: 1, Failures: 0, Errors: 0, Skipped: 0, Time elapsed: 0.001 s - in io.pivotal.workshop.Car_init_1949811701
[INFO] Running io.pivotal.workshop.SpringBootTddApplication_main_9972172333
2026-04-08 01:49:10.849 ERROR 70 --- [me-limited test] o.s.boot.SpringApplication               : Application run failed

java.lang.IllegalArgumentException: Args must not be null
	at org.springframework.util.Assert.notNull(Assert.java:198) ~[spring-core-5.2.7.RELEASE.jar:5.2.7.RELEASE]
	at org.springframework.boot.DefaultApplicationArguments.<init>(DefaultApplicationArguments.java:41) ~[spring-boot-2.3.1.RELEASE.jar:2.3.1.RELEASE]
	at org.springframework.boot.SpringApplication.run(SpringApplication.java:307) ~[spring-boot-2.3.1.RELEASE.jar:2.3.1.RELEASE]
	at org.springframework.boot.SpringApplication.run(SpringApplication.java:1237) ~[spring-boot-2.3.1.RELEASE.jar:2.3.1.RELEASE]
	at org.springframework.boot.SpringApplication.run(SpringApplication.java:1226) ~[spring-boot-2.3.1.RELEASE.jar:2.3.1.RELEASE]
	at io.pivotal.workshop.SpringBootTddApplication.main(SpringBootTddApplication.java:11) ~[classes/:na]
	at java.base/jdk.internal.reflect.NativeMethodAccessorImpl.invoke0(Native Method) ~[na:na]
	at java.base/jdk.internal.reflect.NativeMethodAccessorImpl.invoke(NativeMethodAccessorImpl.java:62) ~[na:na]
	at java.base/jdk.internal.reflect.DelegatingMethodAccessorImpl.invoke(DelegatingMethodAccessorImpl.java:43) ~[na:na]
	at java.base/java.lang.reflect.Method.invoke(Method.java:566) ~[na:na]
	at io.pivotal.workshop.ReflectionUtils.callMethod(ReflectionUtils.java:328) ~[test-classes/:na]
	at io.pivotal.workshop.SpringBootTddApplication_main_9972172333.test(SpringBootTddApplication_main_9972172333.java:44) ~[test-classes/:na]
	at java.base/jdk.internal.reflect.NativeMethodAccessorImpl.invoke0(Native Method) ~[na:na]
	at java.base/jdk.internal.reflect.NativeMethodAccessorImpl.invoke(NativeMethodAccessorImpl.java:62) ~[na:na]
	at java.base/jdk.internal.reflect.DelegatingMethodAccessorImpl.invoke(DelegatingMethodAccessorImpl.java:43) ~[na:na]
	at java.base/java.lang.reflect.Method.invoke(Method.java:566) ~[na:na]
	at org.junit.runners.model.FrameworkMethod$1.runReflectiveCall(FrameworkMethod.java:59) ~[junit-4.13.2.jar:4.13.2]
	at org.junit.internal.runners.model.ReflectiveCallable.run(ReflectiveCallable.java:12) ~[junit-4.13.2.jar:4.13.2]
	at org.junit.runners.model.FrameworkMethod.invokeExplosively(FrameworkMethod.java:56) ~[junit-4.13.2.jar:4.13.2]
	at org.junit.internal.runners.statements.InvokeMethod.evaluate(InvokeMethod.java:17) ~[junit-4.13.2.jar:4.13.2]
	at org.junit.internal.runners.statements.RunBefores.evaluate(RunBefores.java:26) ~[junit-4.13.2.jar:4.13.2]
	at org.junit.internal.runners.statements.FailOnTimeout$CallableStatement.call(FailOnTimeout.java:299) ~[junit-4.13.2.jar:4.13.2]
	at org.junit.internal.runners.statements.FailOnTimeout$CallableStatement.call(FailOnTimeout.java:293) ~[junit-4.13.2.jar:4.13.2]
	at java.base/java.util.concurrent.FutureTask.run(FutureTask.java:264) ~[na:na]
	at java.base/java.lang.Thread.run(Thread.java:829) ~[na:na]

[ERROR] Tests run: 1, Failures: 0, Errors: 1, Skipped: 0, Time elapsed: 0.016 s <<< FAILURE! - in io.pivotal.workshop.SpringBootTddApplication_main_9972172333
[ERROR] test  Time elapsed: 0.016 s  <<< ERROR!
java.lang.IllegalArgumentException: Args must not be null
	at io.pivotal.workshop.SpringBootTddApplication_main_9972172333.test(SpringBootTddApplication_main_9972172333.java:44)

[INFO] Running io.pivotal.workshop.CarService_addCarDetails_7644225101
[ERROR] Tests run: 1, Failures: 0, Errors: 1, Skipped: 0, Time elapsed: 0.001 s <<< FAILURE! - in io.pivotal.workshop.CarService_addCarDetails_7644225101
[ERROR] test  Time elapsed: 0 s  <<< ERROR!
java.lang.NullPointerException
	at io.pivotal.workshop.CarService_addCarDetails_7644225101.test(CarService_addCarDetails_7644225101.java:49)

[INFO] Running io.pivotal.workshop.CarService_getCarDetails_16928368250
[ERROR] Tests run: 1, Failures: 0, Errors: 1, Skipped: 0, Time elapsed: 0 s <<< FAILURE! - in io.pivotal.workshop.CarService_getCarDetails_16928368250
[ERROR] test  Time elapsed: 0 s  <<< ERROR!
java.lang.NullPointerException
	at io.pivotal.workshop.CarService_getCarDetails_16928368250.test(CarService_getCarDetails_16928368250.java:42)

[INFO] Running io.pivotal.workshop.Car_init_3821514709
[INFO] Tests run: 1, Failures: 0, Errors: 0, Skipped: 0, Time elapsed: 0 s - in io.pivotal.workshop.Car_init_3821514709
[INFO] Running io.pivotal.workshop.Car_hashCode_14383670118
[INFO] Tests run: 1, Failures: 0, Errors: 0, Skipped: 0, Time elapsed: 0 s - in io.pivotal.workshop.Car_hashCode_14383670118
[INFO] Running io.pivotal.workshop.Car_getName_2041504183
[INFO] Tests run: 1, Failures: 0, Errors: 0, Skipped: 0, Time elapsed: 0 s - in io.pivotal.workshop.Car_getName_2041504183
[INFO] Running io.pivotal.workshop.Car_init_188405900811
[INFO] Tests run: 1, Failures: 0, Errors: 0, Skipped: 0, Time elapsed: 0.001 s - in io.pivotal.workshop.Car_init_188405900811
[INFO] Running io.pivotal.workshop.CarController_init_2069474020
[INFO] Tests run: 1, Failures: 0, Errors: 0, Skipped: 0, Time elapsed: 0.001 s - in io.pivotal.workshop.CarController_init_2069474020
[INFO] Running io.pivotal.workshop.Car_equals_18870536867
[INFO] Tests run: 1, Failures: 0, Errors: 0, Skipped: 0, Time elapsed: 0 s - in io.pivotal.workshop.Car_equals_18870536867
[INFO] Running io.pivotal.workshop.Car_equals_188705368616
[INFO] Tests run: 1, Failures: 0, Errors: 0, Skipped: 0, Time elapsed: 0.001 s - in io.pivotal.workshop.Car_equals_188705368616
[INFO] Running io.pivotal.workshop.CarServiceCachingSliceTests
2026-04-08 01:49:11.050  INFO 70 --- [           main] o.s.t.c.s.DefaultTestContextBootstrapper : Loaded default TestExecutionListener class names from location [META-INF/spring.factories]: [org.springframework.boot.test.mock.mockito.MockitoTestExecutionListener, org.springframework.boot.test.mock.mockito.ResetMocksTestExecutionListener, org.springframework.boot.test.autoconfigure.restdocs.RestDocsTestExecutionListener, org.springframework.boot.test.autoconfigure.web.client.MockRestServiceServerResetTestExecutionListener, org.springframework.boot.test.autoconfigure.web.servlet.MockMvcPrintOnlyOnFailureTestExecutionListener, org.springframework.boot.test.autoconfigure.web.servlet.WebDriverTestExecutionListener, org.springframework.boot.test.autoconfigure.webservices.client.MockWebServiceServerTestExecutionListener, org.springframework.test.context.web.ServletTestExecutionListener, org.springframework.test.context.support.DirtiesContextBeforeModesTestExecutionListener, org.springframework.test.context.support.DependencyInjectionTestExecutionListener, org.springframework.test.context.support.DirtiesContextTestExecutionListener, org.springframework.test.context.transaction.TransactionalTestExecutionListener, org.springframework.test.context.jdbc.SqlScriptsTestExecutionListener, org.springframework.test.context.event.EventPublishingTestExecutionListener]
2026-04-08 01:49:11.065  INFO 70 --- [           main] o.s.t.c.s.DefaultTestContextBootstrapper : Using TestExecutionListeners: [org.springframework.test.context.web.ServletTestExecutionListener@532e27ab, org.springframework.test.context.support.DirtiesContextBeforeModesTestExecutionListener@1cdc1bbc, org.springframework.boot.test.mock.mockito.MockitoTestExecutionListener@5f95f1e1, org.springframework.test.context.support.DependencyInjectionTestExecutionListener@672a1c62, org.springframework.test.context.support.DirtiesContextTestExecutionListener@459b6c53, org.springframework.test.context.transaction.TransactionalTestExecutionListener@39e69ea7, org.springframework.test.context.jdbc.SqlScriptsTestExecutionListener@490c7a83, org.springframework.test.context.event.EventPublishingTestExecutionListener@7e72a6cc, org.springframework.boot.test.mock.mockito.ResetMocksTestExecutionListener@6015a4a5, org.springframework.boot.test.autoconfigure.restdocs.RestDocsTestExecutionListener@6d0b0da6, org.springframework.boot.test.autoconfigure.web.client.MockRestServiceServerResetTestExecutionListener@4779aae6, org.springframework.boot.test.autoconfigure.web.servlet.MockMvcPrintOnlyOnFailureTestExecutionListener@2cd62003, org.springframework.boot.test.autoconfigure.web.servlet.WebDriverTestExecutionListener@61ab89b0, org.springframework.boot.test.autoconfigure.webservices.client.MockWebServiceServerTestExecutionListener@5478ce1e]
2026-04-08 01:49:11.739  INFO 70 --- [           main] .s.d.r.c.RepositoryConfigurationDelegate : Bootstrapping Spring Data JPA repositories in DEFERRED mode.
2026-04-08 01:49:11.760  INFO 70 --- [           main] .s.d.r.c.RepositoryConfigurationDelegate : Finished Spring Data repository scanning in 17ms. Found 1 JPA repository interfaces.
2026-04-08 01:49:12.255  INFO 70 --- [           main] o.s.s.concurrent.ThreadPoolTaskExecutor  : Initializing ExecutorService 'applicationTaskExecutor'
2026-04-08 01:49:12.259  INFO 70 --- [           main] com.zaxxer.hikari.HikariDataSource       : HikariPool-2 - Starting...
2026-04-08 01:49:12.262  INFO 70 --- [           main] com.zaxxer.hikari.HikariDataSource       : HikariPool-2 - Start completed.
2026-04-08 01:49:12.282  INFO 70 --- [         task-1] o.hibernate.jpa.internal.util.LogHelper  : HHH000204: Processing PersistenceUnitInfo [name: default]
2026-04-08 01:49:12.292  INFO 70 --- [         task-1] org.hibernate.dialect.Dialect            : HHH000400: Using dialect: org.hibernate.dialect.H2Dialect
2026-04-08 01:49:12.339  INFO 70 --- [         task-1] o.h.e.t.j.p.i.JtaPlatformInitiator       : HHH000490: Using JtaPlatform implementation: [org.hibernate.engine.transaction.jta.platform.internal.NoJtaPlatform]
2026-04-08 01:49:12.340  INFO 70 --- [         task-1] j.LocalContainerEntityManagerFactoryBean : Initialized JPA EntityManagerFactory for persistence unit 'default'
2026-04-08 01:49:12.576  INFO 70 --- [           main] DeferredRepositoryInitializationListener : Triggering deferred initialization of Spring Data repositories…
2026-04-08 01:49:12.577  INFO 70 --- [           main] DeferredRepositoryInitializationListener : Spring Data repositories initialized!
[INFO] Tests run: 1, Failures: 0, Errors: 0, Skipped: 0, Time elapsed: 1.651 s - in io.pivotal.workshop.CarServiceCachingSliceTests
[INFO] Running io.pivotal.workshop.SpringBootTddApplicationTests
2026-04-08 01:49:12.658  INFO 70 --- [           main] .b.t.c.SpringBootTestContextBootstrapper : Neither @ContextConfiguration nor @ContextHierarchy found for test class [io.pivotal.workshop.SpringBootTddApplicationTests], using SpringBootContextLoader
2026-04-08 01:49:12.660  INFO 70 --- [           main] o.s.t.c.support.AbstractContextLoader    : Could not detect default resource locations for test class [io.pivotal.workshop.SpringBootTddApplicationTests]: no resource found for suffixes {-context.xml, Context.groovy}.
2026-04-08 01:49:12.661  INFO 70 --- [           main] t.c.s.AnnotationConfigContextLoaderUtils : Could not detect default configuration classes for test class [io.pivotal.workshop.SpringBootTddApplicationTests]: SpringBootTddApplicationTests does not declare any static, non-private, non-final, nested classes annotated with @Configuration.
2026-04-08 01:49:12.674  INFO 70 --- [           main] .b.t.c.SpringBootTestContextBootstrapper : Found @SpringBootConfiguration io.pivotal.workshop.SpringBootTddApplication for test class io.pivotal.workshop.SpringBootTddApplicationTests
2026-04-08 01:49:12.677  INFO 70 --- [           main] .b.t.c.SpringBootTestContextBootstrapper : Loaded default TestExecutionListener class names from location [META-INF/spring.factories]: [org.springframework.boot.test.mock.mockito.MockitoTestExecutionListener, org.springframework.boot.test.mock.mockito.ResetMocksTestExecutionListener, org.springframework.boot.test.autoconfigure.restdocs.RestDocsTestExecutionListener, org.springframework.boot.test.autoconfigure.web.client.MockRestServiceServerResetTestExecutionListener, org.springframework.boot.test.autoconfigure.web.servlet.MockMvcPrintOnlyOnFailureTestExecutionListener, org.springframework.boot.test.autoconfigure.web.servlet.WebDriverTestExecutionListener, org.springframework.boot.test.autoconfigure.webservices.client.MockWebServiceServerTestExecutionListener, org.springframework.test.context.web.ServletTestExecutionListener, org.springframework.test.context.support.DirtiesContextBeforeModesTestExecutionListener, org.springframework.test.context.support.DependencyInjectionTestExecutionListener, org.springframework.test.context.support.DirtiesContextTestExecutionListener, org.springframework.test.context.transaction.TransactionalTestExecutionListener, org.springframework.test.context.jdbc.SqlScriptsTestExecutionListener, org.springframework.test.context.event.EventPublishingTestExecutionListener]
2026-04-08 01:49:12.679  INFO 70 --- [           main] .b.t.c.SpringBootTestContextBootstrapper : Using TestExecutionListeners: [org.springframework.test.context.web.ServletTestExecutionListener@3a3ad8e7, org.springframework.test.context.support.DirtiesContextBeforeModesTestExecutionListener@6a6d1ff3, org.springframework.boot.test.mock.mockito.MockitoTestExecutionListener@64b73e0a, org.springframework.boot.test.autoconfigure.SpringBootDependencyInjectionTestExecutionListener@57c6feea, org.springframework.test.context.support.DirtiesContextTestExecutionListener@3b57f915, org.springframework.test.context.transaction.TransactionalTestExecutionListener@39c7fb0b, org.springframework.test.context.jdbc.SqlScriptsTestExecutionListener@645dc557, org.springframework.test.context.event.EventPublishingTestExecutionListener@48c5698, org.springframework.boot.test.mock.mockito.ResetMocksTestExecutionListener@17884d, org.springframework.boot.test.autoconfigure.restdocs.RestDocsTestExecutionListener@68e24e7, org.springframework.boot.test.autoconfigure.web.client.MockRestServiceServerResetTestExecutionListener@c732e1c, org.springframework.boot.test.autoconfigure.web.servlet.MockMvcPrintOnlyOnFailureTestExecutionListener@6aad919c, org.springframework.boot.test.autoconfigure.web.servlet.WebDriverTestExecutionListener@56c42964, org.springframework.boot.test.autoconfigure.webservices.client.MockWebServiceServerTestExecutionListener@211a9647]

  .   ____          _            __ _ _
 /\\ / ___'_ __ _ _(_)_ __  __ _ \ \ \ \
( ( )\___ | '_ | '_| | '_ \/ _` | \ \ \ \
 \\/  ___)| |_)| | | | | || (_| |  ) ) ) )
  '  |____| .__|_| |_|_| |_\__, | / / / /
 =========|_|==============|___/=/_/_/_/
 :: Spring Boot ::        (v2.3.1.RELEASE)

2026-04-08 01:49:12.713  INFO 70 --- [           main] i.p.w.SpringBootTddApplicationTests      : Starting SpringBootTddApplicationTests on 097145e691ff with PID 70 (started by root in /app)
2026-04-08 01:49:12.714  INFO 70 --- [           main] i.p.w.SpringBootTddApplicationTests      : No active profile set, falling back to default profiles: default
2026-04-08 01:49:13.177  INFO 70 --- [           main] .s.d.r.c.RepositoryConfigurationDelegate : Bootstrapping Spring Data JPA repositories in DEFERRED mode.
2026-04-08 01:49:13.182  INFO 70 --- [           main] .s.d.r.c.RepositoryConfigurationDelegate : Finished Spring Data repository scanning in 4ms. Found 1 JPA repository interfaces.
2026-04-08 01:49:13.339  INFO 70 --- [           main] o.s.b.w.embedded.tomcat.TomcatWebServer  : Tomcat initialized with port(s): 0 (http)
2026-04-08 01:49:13.341  INFO 70 --- [           main] o.apache.catalina.core.StandardService   : Starting service [Tomcat]
2026-04-08 01:49:13.342  INFO 70 --- [           main] org.apache.catalina.core.StandardEngine  : Starting Servlet engine: [Apache Tomcat/9.0.36]
2026-04-08 01:49:13.355  INFO 70 --- [           main] o.a.c.c.C.[Tomcat-1].[localhost].[/]     : Initializing Spring embedded WebApplicationContext
2026-04-08 01:49:13.355  INFO 70 --- [           main] w.s.c.ServletWebServerApplicationContext : Root WebApplicationContext: initialization completed in 638 ms
2026-04-08 01:49:13.511  INFO 70 --- [           main] o.s.s.concurrent.ThreadPoolTaskExecutor  : Initializing ExecutorService 'applicationTaskExecutor'
2026-04-08 01:49:13.514  INFO 70 --- [           main] com.zaxxer.hikari.HikariDataSource       : HikariPool-3 - Starting...
2026-04-08 01:49:13.516  INFO 70 --- [           main] com.zaxxer.hikari.HikariDataSource       : HikariPool-3 - Start completed.
2026-04-08 01:49:13.530  INFO 70 --- [         task-1] o.hibernate.jpa.internal.util.LogHelper  : HHH000204: Processing PersistenceUnitInfo [name: default]
2026-04-08 01:49:13.539  INFO 70 --- [         task-1] org.hibernate.dialect.Dialect            : HHH000400: Using dialect: org.hibernate.dialect.H2Dialect
2026-04-08 01:49:13.574  WARN 70 --- [           main] JpaBaseConfiguration$JpaWebConfiguration : spring.jpa.open-in-view is enabled by default. Therefore, database queries may be performed during view rendering. Explicitly configure spring.jpa.open-in-view to disable this warning
2026-04-08 01:49:13.595  INFO 70 --- [         task-1] o.h.e.t.j.p.i.JtaPlatformInitiator       : HHH000490: Using JtaPlatform implementation: [org.hibernate.engine.transaction.jta.platform.internal.NoJtaPlatform]
2026-04-08 01:49:13.597  INFO 70 --- [         task-1] j.LocalContainerEntityManagerFactoryBean : Initialized JPA EntityManagerFactory for persistence unit 'default'
2026-04-08 01:49:13.895  INFO 70 --- [           main] o.s.b.a.e.web.EndpointLinksResolver      : Exposing 2 endpoint(s) beneath base path '/actuator'
2026-04-08 01:49:13.950  INFO 70 --- [           main] o.s.b.w.embedded.tomcat.TomcatWebServer  : Tomcat started on port(s): 45799 (http) with context path ''
2026-04-08 01:49:13.951  INFO 70 --- [           main] DeferredRepositoryInitializationListener : Triggering deferred initialization of Spring Data repositories…
2026-04-08 01:49:13.999  INFO 70 --- [           main] DeferredRepositoryInitializationListener : Spring Data repositories initialized!
2026-04-08 01:49:14.004  INFO 70 --- [           main] i.p.w.SpringBootTddApplicationTests      : Started SpringBootTddApplicationTests in 1.321 seconds (JVM running for 14.948)
2026-04-08 01:49:14.183  INFO 70 --- [o-auto-1-exec-1] o.a.c.c.C.[Tomcat-1].[localhost].[/]     : Initializing Spring DispatcherServlet 'dispatcherServlet'
2026-04-08 01:49:14.183  INFO 70 --- [o-auto-1-exec-1] o.s.web.servlet.DispatcherServlet        : Initializing Servlet 'dispatcherServlet'
2026-04-08 01:49:14.203  INFO 70 --- [o-auto-1-exec-1] o.s.web.servlet.DispatcherServlet        : Completed initialization in 20 ms
[INFO] Tests run: 3, Failures: 0, Errors: 0, Skipped: 0, Time elapsed: 2.026 s - in io.pivotal.workshop.SpringBootTddApplicationTests
[INFO] Running io.pivotal.workshop.CarServiceUnitTests
[INFO] Tests run: 3, Failures: 0, Errors: 0, Skipped: 0, Time elapsed: 0.024 s - in io.pivotal.workshop.CarServiceUnitTests
[INFO] Running io.pivotal.workshop.CarRepositorySliceTests
2026-04-08 01:49:14.707  INFO 70 --- [           main] b.t.a.o.j.DataJpaTestContextBootstrapper : Neither @ContextConfiguration nor @ContextHierarchy found for test class [io.pivotal.workshop.CarRepositorySliceTests], using SpringBootContextLoader
2026-04-08 01:49:14.708  INFO 70 --- [           main] o.s.t.c.support.AbstractContextLoader    : Could not detect default resource locations for test class [io.pivotal.workshop.CarRepositorySliceTests]: no resource found for suffixes {-context.xml, Context.groovy}.
2026-04-08 01:49:14.708  INFO 70 --- [           main] t.c.s.AnnotationConfigContextLoaderUtils : Could not detect default configuration classes for test class [io.pivotal.workshop.CarRepositorySliceTests]: CarRepositorySliceTests does not declare any static, non-private, non-final, nested classes annotated with @Configuration.
2026-04-08 01:49:14.716  INFO 70 --- [           main] .b.t.c.SpringBootTestContextBootstrapper : Found @SpringBootConfiguration io.pivotal.workshop.SpringBootTddApplication for test class io.pivotal.workshop.CarRepositorySliceTests
2026-04-08 01:49:14.717  INFO 70 --- [           main] b.t.a.o.j.DataJpaTestContextBootstrapper : Loaded default TestExecutionListener class names from location [META-INF/spring.factories]: [org.springframework.boot.test.mock.mockito.MockitoTestExecutionListener, org.springframework.boot.test.mock.mockito.ResetMocksTestExecutionListener, org.springframework.boot.test.autoconfigure.restdocs.RestDocsTestExecutionListener, org.springframework.boot.test.autoconfigure.web.client.MockRestServiceServerResetTestExecutionListener, org.springframework.boot.test.autoconfigure.web.servlet.MockMvcPrintOnlyOnFailureTestExecutionListener, org.springframework.boot.test.autoconfigure.web.servlet.WebDriverTestExecutionListener, org.springframework.boot.test.autoconfigure.webservices.client.MockWebServiceServerTestExecutionListener, org.springframework.test.context.web.ServletTestExecutionListener, org.springframework.test.context.support.DirtiesContextBeforeModesTestExecutionListener, org.springframework.test.context.support.DependencyInjectionTestExecutionListener, org.springframework.test.context.support.DirtiesContextTestExecutionListener, org.springframework.test.context.transaction.TransactionalTestExecutionListener, org.springframework.test.context.jdbc.SqlScriptsTestExecutionListener, org.springframework.test.context.event.EventPublishingTestExecutionListener]
2026-04-08 01:49:14.718  INFO 70 --- [           main] b.t.a.o.j.DataJpaTestContextBootstrapper : Using TestExecutionListeners: [org.springframework.test.context.web.ServletTestExecutionListener@73dd3a46, org.springframework.test.context.support.DirtiesContextBeforeModesTestExecutionListener@bae5e58, org.springframework.boot.test.mock.mockito.MockitoTestExecutionListener@71e89a26, org.springframework.boot.test.autoconfigure.SpringBootDependencyInjectionTestExecutionListener@257708e, org.springframework.test.context.support.DirtiesContextTestExecutionListener@18c26588, org.springframework.test.context.transaction.TransactionalTestExecutionListener@6167a456, org.springframework.test.context.jdbc.SqlScriptsTestExecutionListener@54eb2bf6, org.springframework.test.context.event.EventPublishingTestExecutionListener@6d01f2e5, org.springframework.boot.test.mock.mockito.ResetMocksTestExecutionListener@66e434e8, org.springframework.boot.test.autoconfigure.restdocs.RestDocsTestExecutionListener@3a7d6976, org.springframework.boot.test.autoconfigure.web.client.MockRestServiceServerResetTestExecutionListener@37c45154, org.springframework.boot.test.autoconfigure.web.servlet.MockMvcPrintOnlyOnFailureTestExecutionListener@55300b93, org.springframework.boot.test.autoconfigure.web.servlet.WebDriverTestExecutionListener@123426a9, org.springframework.boot.test.autoconfigure.webservices.client.MockWebServiceServerTestExecutionListener@4353db40]

  .   ____          _            __ _ _
 /\\ / ___'_ __ _ _(_)_ __  __ _ \ \ \ \
( ( )\___ | '_ | '_| | '_ \/ _` | \ \ \ \
 \\/  ___)| |_)| | | | | || (_| |  ) ) ) )
  '  |____| .__|_| |_|_| |_\__, | / / / /
 =========|_|==============|___/=/_/_/_/
 :: Spring Boot ::        (v2.3.1.RELEASE)

2026-04-08 01:49:14.737  INFO 70 --- [           main] i.p.workshop.CarRepositorySliceTests     : Starting CarRepositorySliceTests on 097145e691ff with PID 70 (started by root in /app)
2026-04-08 01:49:14.738  INFO 70 --- [           main] i.p.workshop.CarRepositorySliceTests     : No active profile set, falling back to default profiles: default
2026-04-08 01:49:14.830  INFO 70 --- [           main] .s.d.r.c.RepositoryConfigurationDelegate : Bootstrapping Spring Data JPA repositories in LAZY mode.
2026-04-08 01:49:14.837  INFO 70 --- [           main] .s.d.r.c.RepositoryConfigurationDelegate : Finished Spring Data repository scanning in 6ms. Found 1 JPA repository interfaces.
2026-04-08 01:49:14.848  INFO 70 --- [           main] beddedDataSourceBeanFactoryPostProcessor : Replacing 'dataSource' DataSource bean with embedded version
2026-04-08 01:49:14.870  INFO 70 --- [           main] o.s.j.d.e.EmbeddedDatabaseFactory        : Starting embedded database: url='jdbc:h2:mem:56870a8a-88a0-4569-9bc3-24f77e8d868d;DB_CLOSE_DELAY=-1;DB_CLOSE_ON_EXIT=false', username='sa'
2026-04-08 01:49:14.917  INFO 70 --- [           main] o.hibernate.jpa.internal.util.LogHelper  : HHH000204: Processing PersistenceUnitInfo [name: default]
2026-04-08 01:49:14.921  INFO 70 --- [           main] org.hibernate.dialect.Dialect            : HHH000400: Using dialect: org.hibernate.dialect.H2Dialect
Hibernate: drop table if exists car CASCADE 
Hibernate: drop sequence if exists hibernate_sequence
Hibernate: create sequence hibernate_sequence start with 1 increment by 1
Hibernate: create table car (id bigint not null, name varchar(255), type varchar(255), primary key (id))
2026-04-08 01:49:14.948  INFO 70 --- [           main] o.h.e.t.j.p.i.JtaPlatformInitiator       : HHH000490: Using JtaPlatform implementation: [org.hibernate.engine.transaction.jta.platform.internal.NoJtaPlatform]
2026-04-08 01:49:14.948  INFO 70 --- [           main] j.LocalContainerEntityManagerFactoryBean : Initialized JPA EntityManagerFactory for persistence unit 'default'
2026-04-08 01:49:14.976  INFO 70 --- [           main] i.p.workshop.CarRepositorySliceTests     : Started CarRepositorySliceTests in 0.255 seconds (JVM running for 15.919)
2026-04-08 01:49:14.986  INFO 70 --- [           main] o.s.t.c.transaction.TransactionContext   : Began transaction (1) for test context [DefaultTestContext@54f62ac6 testClass = CarRepositorySliceTests, testInstance = io.pivotal.workshop.CarRepositorySliceTests@7be86438, testMethod = findByName_should_return_car_from_database@CarRepositorySliceTests, testException = [null], mergedContextConfiguration = [MergedContextConfiguration@5fe4848 testClass = CarRepositorySliceTests, locations = '{}', classes = '{class io.pivotal.workshop.SpringBootTddApplication}', contextInitializerClasses = '[]', activeProfiles = '{}', propertySourceLocations = '{}', propertySourceProperties = '{org.springframework.boot.test.autoconfigure.orm.jpa.DataJpaTestContextBootstrapper=true}', contextCustomizers = set[[ImportsContextCustomizer@6a906078 key = [org.springframework.boot.autoconfigure.cache.CacheAutoConfiguration, org.springframework.boot.autoconfigure.data.jpa.JpaRepositoriesAutoConfiguration, org.springframework.boot.autoconfigure.flyway.FlywayAutoConfiguration, org.springframework.boot.autoconfigure.jdbc.DataSourceAutoConfiguration, org.springframework.boot.autoconfigure.jdbc.DataSourceTransactionManagerAutoConfiguration, org.springframework.boot.autoconfigure.jdbc.JdbcTemplateAutoConfiguration, org.springframework.boot.autoconfigure.liquibase.LiquibaseAutoConfiguration, org.springframework.boot.autoconfigure.orm.jpa.HibernateJpaAutoConfiguration, org.springframework.boot.autoconfigure.transaction.TransactionAutoConfiguration, org.springframework.boot.test.autoconfigure.jdbc.TestDatabaseAutoConfiguration, org.springframework.boot.test.autoconfigure.orm.jpa.TestEntityManagerAutoConfiguration]], org.springframework.boot.test.context.filter.ExcludeFilterContextCustomizer@7fb29ca9, org.springframework.boot.test.json.DuplicateJsonObjectContextCustomizerFactory$DuplicateJsonObjectContextCustomizer@237f7970, org.springframework.boot.test.mock.mockito.MockitoContextCustomizer@0, org.springframework.boot.test.autoconfigure.OverrideAutoConfigurationContextCustomizerFactory$DisableAutoConfigurationContextCustomizer@576323ff, org.springframework.boot.test.autoconfigure.filter.TypeExcludeFiltersContextCustomizer@351584c0, org.springframework.boot.test.autoconfigure.properties.PropertyMappingContextCustomizer@d3994a5, org.springframework.boot.test.autoconfigure.web.servlet.WebDriverContextCustomizerFactory$Customizer@378f002a, org.springframework.boot.test.context.SpringBootTestArgs@1], contextLoader = 'org.springframework.boot.test.context.SpringBootContextLoader', parent = [null]], attributes = map[[empty]]]; transaction manager [org.springframework.orm.jpa.JpaTransactionManager@36696821]; rollback [true]
Hibernate: call next value for hibernate_sequence
Hibernate: insert into car (name, type, id) values (?, ?, ?)
Hibernate: select car0_.id as id1_0_, car0_.name as name2_0_, car0_.type as type3_0_ from car car0_ where car0_.name=?
2026-04-08 01:49:15.030  INFO 70 --- [           main] o.s.t.c.transaction.TransactionContext   : Rolled back transaction for test: [DefaultTestContext@54f62ac6 testClass = CarRepositorySliceTests, testInstance = io.pivotal.workshop.CarRepositorySliceTests@7be86438, testMethod = findByName_should_return_car_from_database@CarRepositorySliceTests, testException = [null], mergedContextConfiguration = [MergedContextConfiguration@5fe4848 testClass = CarRepositorySliceTests, locations = '{}', classes = '{class io.pivotal.workshop.SpringBootTddApplication}', contextInitializerClasses = '[]', activeProfiles = '{}', propertySourceLocations = '{}', propertySourceProperties = '{org.springframework.boot.test.autoconfigure.orm.jpa.DataJpaTestContextBootstrapper=true}', contextCustomizers = set[[ImportsContextCustomizer@6a906078 key = [org.springframework.boot.autoconfigure.cache.CacheAutoConfiguration, org.springframework.boot.autoconfigure.data.jpa.JpaRepositoriesAutoConfiguration, org.springframework.boot.autoconfigure.flyway.FlywayAutoConfiguration, org.springframework.boot.autoconfigure.jdbc.DataSourceAutoConfiguration, org.springframework.boot.autoconfigure.jdbc.DataSourceTransactionManagerAutoConfiguration, org.springframework.boot.autoconfigure.jdbc.JdbcTemplateAutoConfiguration, org.springframework.boot.autoconfigure.liquibase.LiquibaseAutoConfiguration, org.springframework.boot.autoconfigure.orm.jpa.HibernateJpaAutoConfiguration, org.springframework.boot.autoconfigure.transaction.TransactionAutoConfiguration, org.springframework.boot.test.autoconfigure.jdbc.TestDatabaseAutoConfiguration, org.springframework.boot.test.autoconfigure.orm.jpa.TestEntityManagerAutoConfiguration]], org.springframework.boot.test.context.filter.ExcludeFilterContextCustomizer@7fb29ca9, org.springframework.boot.test.json.DuplicateJsonObjectContextCustomizerFactory$DuplicateJsonObjectContextCustomizer@237f7970, org.springframework.boot.test.mock.mockito.MockitoContextCustomizer@0, org.springframework.boot.test.autoconfigure.OverrideAutoConfigurationContextCustomizerFactory$DisableAutoConfigurationContextCustomizer@576323ff, org.springframework.boot.test.autoconfigure.filter.TypeExcludeFiltersContextCustomizer@351584c0, org.springframework.boot.test.autoconfigure.properties.PropertyMappingContextCustomizer@d3994a5, org.springframework.boot.test.autoconfigure.web.servlet.WebDriverContextCustomizerFactory$Customizer@378f002a, org.springframework.boot.test.context.SpringBootTestArgs@1], contextLoader = 'org.springframework.boot.test.context.SpringBootContextLoader', parent = [null]], attributes = map[[empty]]]
2026-04-08 01:49:15.033  INFO 70 --- [           main] o.s.t.c.transaction.TransactionContext   : Began transaction (1) for test context [DefaultTestContext@54f62ac6 testClass = CarRepositorySliceTests, testInstance = io.pivotal.workshop.CarRepositorySliceTests@309d54ac, testMethod = findByName_should_return_null_when_database_does_not_have_it@CarRepositorySliceTests, testException = [null], mergedContextConfiguration = [MergedContextConfiguration@5fe4848 testClass = CarRepositorySliceTests, locations = '{}', classes = '{class io.pivotal.workshop.SpringBootTddApplication}', contextInitializerClasses = '[]', activeProfiles = '{}', propertySourceLocations = '{}', propertySourceProperties = '{org.springframework.boot.test.autoconfigure.orm.jpa.DataJpaTestContextBootstrapper=true}', contextCustomizers = set[[ImportsContextCustomizer@6a906078 key = [org.springframework.boot.autoconfigure.cache.CacheAutoConfiguration, org.springframework.boot.autoconfigure.data.jpa.JpaRepositoriesAutoConfiguration, org.springframework.boot.autoconfigure.flyway.FlywayAutoConfiguration, org.springframework.boot.autoconfigure.jdbc.DataSourceAutoConfiguration, org.springframework.boot.autoconfigure.jdbc.DataSourceTransactionManagerAutoConfiguration, org.springframework.boot.autoconfigure.jdbc.JdbcTemplateAutoConfiguration, org.springframework.boot.autoconfigure.liquibase.LiquibaseAutoConfiguration, org.springframework.boot.autoconfigure.orm.jpa.HibernateJpaAutoConfiguration, org.springframework.boot.autoconfigure.transaction.TransactionAutoConfiguration, org.springframework.boot.test.autoconfigure.jdbc.TestDatabaseAutoConfiguration, org.springframework.boot.test.autoconfigure.orm.jpa.TestEntityManagerAutoConfiguration]], org.springframework.boot.test.context.filter.ExcludeFilterContextCustomizer@7fb29ca9, org.springframework.boot.test.json.DuplicateJsonObjectContextCustomizerFactory$DuplicateJsonObjectContextCustomizer@237f7970, org.springframework.boot.test.mock.mockito.MockitoContextCustomizer@0, org.springframework.boot.test.autoconfigure.OverrideAutoConfigurationContextCustomizerFactory$DisableAutoConfigurationContextCustomizer@576323ff, org.springframework.boot.test.autoconfigure.filter.TypeExcludeFiltersContextCustomizer@351584c0, org.springframework.boot.test.autoconfigure.properties.PropertyMappingContextCustomizer@d3994a5, org.springframework.boot.test.autoconfigure.web.servlet.WebDriverContextCustomizerFactory$Customizer@378f002a, org.springframework.boot.test.context.SpringBootTestArgs@1], contextLoader = 'org.springframework.boot.test.context.SpringBootContextLoader', parent = [null]], attributes = map[[empty]]]; transaction manager [org.springframework.orm.jpa.JpaTransactionManager@36696821]; rollback [true]
Hibernate: select car0_.id as id1_0_, car0_.name as name2_0_, car0_.type as type3_0_ from car car0_ where car0_.name=?
2026-04-08 01:49:15.038  INFO 70 --- [           main] o.s.t.c.transaction.TransactionContext   : Rolled back transaction for test: [DefaultTestContext@54f62ac6 testClass = CarRepositorySliceTests, testInstance = io.pivotal.workshop.CarRepositorySliceTests@309d54ac, testMethod = findByName_should_return_null_when_database_does_not_have_it@CarRepositorySliceTests, testException = [null], mergedContextConfiguration = [MergedContextConfiguration@5fe4848 testClass = CarRepositorySliceTests, locations = '{}', classes = '{class io.pivotal.workshop.SpringBootTddApplication}', contextInitializerClasses = '[]', activeProfiles = '{}', propertySourceLocations = '{}', propertySourceProperties = '{org.springframework.boot.test.autoconfigure.orm.jpa.DataJpaTestContextBootstrapper=true}', contextCustomizers = set[[ImportsContextCustomizer@6a906078 key = [org.springframework.boot.autoconfigure.cache.CacheAutoConfiguration, org.springframework.boot.autoconfigure.data.jpa.JpaRepositoriesAutoConfiguration, org.springframework.boot.autoconfigure.flyway.FlywayAutoConfiguration, org.springframework.boot.autoconfigure.jdbc.DataSourceAutoConfiguration, org.springframework.boot.autoconfigure.jdbc.DataSourceTransactionManagerAutoConfiguration, org.springframework.boot.autoconfigure.jdbc.JdbcTemplateAutoConfiguration, org.springframework.boot.autoconfigure.liquibase.LiquibaseAutoConfiguration, org.springframework.boot.autoconfigure.orm.jpa.HibernateJpaAutoConfiguration, org.springframework.boot.autoconfigure.transaction.TransactionAutoConfiguration, org.springframework.boot.test.autoconfigure.jdbc.TestDatabaseAutoConfiguration, org.springframework.boot.test.autoconfigure.orm.jpa.TestEntityManagerAutoConfiguration]], org.springframework.boot.test.context.filter.ExcludeFilterContextCustomizer@7fb29ca9, org.springframework.boot.test.json.DuplicateJsonObjectContextCustomizerFactory$DuplicateJsonObjectContextCustomizer@237f7970, org.springframework.boot.test.mock.mockito.MockitoContextCustomizer@0, org.springframework.boot.test.autoconfigure.OverrideAutoConfigurationContextCustomizerFactory$DisableAutoConfigurationContextCustomizer@576323ff, org.springframework.boot.test.autoconfigure.filter.TypeExcludeFiltersContextCustomizer@351584c0, org.springframework.boot.test.autoconfigure.properties.PropertyMappingContextCustomizer@d3994a5, org.springframework.boot.test.autoconfigure.web.servlet.WebDriverContextCustomizerFactory$Customizer@378f002a, org.springframework.boot.test.context.SpringBootTestArgs@1], contextLoader = 'org.springframework.boot.test.context.SpringBootContextLoader', parent = [null]], attributes = map[[empty]]]
[INFO] Tests run: 2, Failures: 0, Errors: 0, Skipped: 0, Time elapsed: 0.327 s - in io.pivotal.workshop.CarRepositorySliceTests
[INFO] Running io.pivotal.workshop.CarServiceUsingSpringContextTests
[INFO] Tests run: 2, Failures: 0, Errors: 0, Skipped: 0, Time elapsed: 0.003 s - in io.pivotal.workshop.CarServiceUsingSpringContextTests
[INFO] Running io.pivotal.workshop.CarControllerSliceTests
2026-04-08 01:49:15.050  INFO 70 --- [           main] .b.t.a.w.s.WebMvcTestContextBootstrapper : Neither @ContextConfiguration nor @ContextHierarchy found for test class [io.pivotal.workshop.CarControllerSliceTests], using SpringBootContextLoader
2026-04-08 01:49:15.051  INFO 70 --- [           main] o.s.t.c.support.AbstractContextLoader    : Could not detect default resource locations for test class [io.pivotal.workshop.CarControllerSliceTests]: no resource found for suffixes {-context.xml, Context.groovy}.
2026-04-08 01:49:15.051  INFO 70 --- [           main] t.c.s.AnnotationConfigContextLoaderUtils : Could not detect default configuration classes for test class [io.pivotal.workshop.CarControllerSliceTests]: CarControllerSliceTests does not declare any static, non-private, non-final, nested classes annotated with @Configuration.
2026-04-08 01:49:15.054  INFO 70 --- [           main] .b.t.c.SpringBootTestContextBootstrapper : Found @SpringBootConfiguration io.pivotal.workshop.SpringBootTddApplication for test class io.pivotal.workshop.CarControllerSliceTests
2026-04-08 01:49:15.054  INFO 70 --- [           main] .b.t.a.w.s.WebMvcTestContextBootstrapper : Loaded default TestExecutionListener class names from location [META-INF/spring.factories]: [org.springframework.boot.test.mock.mockito.MockitoTestExecutionListener, org.springframework.boot.test.mock.mockito.ResetMocksTestExecutionListener, org.springframework.boot.test.autoconfigure.restdocs.RestDocsTestExecutionListener, org.springframework.boot.test.autoconfigure.web.client.MockRestServiceServerResetTestExecutionListener, org.springframework.boot.test.autoconfigure.web.servlet.MockMvcPrintOnlyOnFailureTestExecutionListener, org.springframework.boot.test.autoconfigure.web.servlet.WebDriverTestExecutionListener, org.springframework.boot.test.autoconfigure.webservices.client.MockWebServiceServerTestExecutionListener, org.springframework.test.context.web.ServletTestExecutionListener, org.springframework.test.context.support.DirtiesContextBeforeModesTestExecutionListener, org.springframework.test.context.support.DependencyInjectionTestExecutionListener, org.springframework.test.context.support.DirtiesContextTestExecutionListener, org.springframework.test.context.transaction.TransactionalTestExecutionListener, org.springframework.test.context.jdbc.SqlScriptsTestExecutionListener, org.springframework.test.context.event.EventPublishingTestExecutionListener]
2026-04-08 01:49:15.055  INFO 70 --- [           main] .b.t.a.w.s.WebMvcTestContextBootstrapper : Using TestExecutionListeners: [org.springframework.test.context.web.ServletTestExecutionListener@5e8a678a, org.springframework.test.context.support.DirtiesContextBeforeModesTestExecutionListener@6fe91918, org.springframework.boot.test.mock.mockito.MockitoTestExecutionListener@4d3bde85, org.springframework.boot.test.autoconfigure.SpringBootDependencyInjectionTestExecutionListener@f5b4ca6, org.springframework.test.context.support.DirtiesContextTestExecutionListener@260ccf0, org.springframework.test.context.transaction.TransactionalTestExecutionListener@2566247d, org.springframework.test.context.jdbc.SqlScriptsTestExecutionListener@363a09a2, org.springframework.test.context.event.EventPublishingTestExecutionListener@63d14dbf, org.springframework.boot.test.mock.mockito.ResetMocksTestExecutionListener@67521a79, org.springframework.boot.test.autoconfigure.restdocs.RestDocsTestExecutionListener@73839f22, org.springframework.boot.test.autoconfigure.web.client.MockRestServiceServerResetTestExecutionListener@1512efe9, org.springframework.boot.test.autoconfigure.web.servlet.MockMvcPrintOnlyOnFailureTestExecutionListener@7cc7e441, org.springframework.boot.test.autoconfigure.web.servlet.WebDriverTestExecutionListener@bb1b872, org.springframework.boot.test.autoconfigure.webservices.client.MockWebServiceServerTestExecutionListener@64245ca9]

  .   ____          _            __ _ _
 /\\ / ___'_ __ _ _(_)_ __  __ _ \ \ \ \
( ( )\___ | '_ | '_| | '_ \/ _` | \ \ \ \
 \\/  ___)| |_)| | | | | || (_| |  ) ) ) )
  '  |____| .__|_| |_|_| |_\__, | / / / /
 =========|_|==============|___/=/_/_/_/
 :: Spring Boot ::        (v2.3.1.RELEASE)

2026-04-08 01:49:15.076  INFO 70 --- [           main] i.p.workshop.CarControllerSliceTests     : Starting CarControllerSliceTests on 097145e691ff with PID 70 (started by root in /app)
2026-04-08 01:49:15.077  INFO 70 --- [           main] i.p.workshop.CarControllerSliceTests     : No active profile set, falling back to default profiles: default
2026-04-08 01:49:15.311  INFO 70 --- [           main] o.s.s.concurrent.ThreadPoolTaskExecutor  : Initializing ExecutorService 'applicationTaskExecutor'
2026-04-08 01:49:15.381  INFO 70 --- [           main] o.s.b.t.m.w.SpringBootMockServletContext : Initializing Spring TestDispatcherServlet ''
2026-04-08 01:49:15.381  INFO 70 --- [           main] o.s.t.web.servlet.TestDispatcherServlet  : Initializing Servlet ''
2026-04-08 01:49:15.385  INFO 70 --- [           main] o.s.t.web.servlet.TestDispatcherServlet  : Completed initialization in 4 ms
2026-04-08 01:49:15.398  INFO 70 --- [           main] i.p.workshop.CarControllerSliceTests     : Started CarControllerSliceTests in 0.335 seconds (JVM running for 16.341)
{"name":"test","type":"test"}
[INFO] Tests run: 3, Failures: 0, Errors: 0, Skipped: 0, Time elapsed: 0.415 s - in io.pivotal.workshop.CarControllerSliceTests
2026-04-08 01:49:15.480  INFO 70 --- [extShutdownHook] o.s.s.concurrent.ThreadPoolTaskExecutor  : Shutting down ExecutorService 'applicationTaskExecutor'
2026-04-08 01:49:15.480  INFO 70 --- [extShutdownHook] j.LocalContainerEntityManagerFactoryBean : Closing JPA EntityManagerFactory for persistence unit 'default'
2026-04-08 01:49:15.481  INFO 70 --- [extShutdownHook] .SchemaDropperImpl$DelayedDropActionImpl : HHH000477: Starting delayed evictData of schema as part of SessionFactory shut-down'
2026-04-08 01:49:15.483  INFO 70 --- [extShutdownHook] j.LocalContainerEntityManagerFactoryBean : Closing JPA EntityManagerFactory for persistence unit 'default'
2026-04-08 01:49:15.483  INFO 70 --- [extShutdownHook] .SchemaDropperImpl$DelayedDropActionImpl : HHH000477: Starting delayed evictData of schema as part of SessionFactory shut-down'
Hibernate: drop table if exists car CASCADE 
Hibernate: drop sequence if exists hibernate_sequence
2026-04-08 01:49:15.641  INFO 70 --- [extShutdownHook] o.s.s.concurrent.ThreadPoolTaskExecutor  : Shutting down ExecutorService 'applicationTaskExecutor'
2026-04-08 01:49:15.643  INFO 70 --- [extShutdownHook] com.zaxxer.hikari.HikariDataSource       : HikariPool-2 - Shutdown initiated...
2026-04-08 01:49:15.651  INFO 70 --- [extShutdownHook] com.zaxxer.hikari.HikariDataSource       : HikariPool-2 - Shutdown completed.
2026-04-08 01:49:15.661  INFO 70 --- [extShutdownHook] j.LocalContainerEntityManagerFactoryBean : Closing JPA EntityManagerFactory for persistence unit 'default'
2026-04-08 01:49:15.661  INFO 70 --- [extShutdownHook] .SchemaDropperImpl$DelayedDropActionImpl : HHH000477: Starting delayed evictData of schema as part of SessionFactory shut-down'
2026-04-08 01:49:15.662  INFO 70 --- [extShutdownHook] j.LocalContainerEntityManagerFactoryBean : Closing JPA EntityManagerFactory for persistence unit 'default'
2026-04-08 01:49:15.662  INFO 70 --- [extShutdownHook] .SchemaDropperImpl$DelayedDropActionImpl : HHH000477: Starting delayed evictData of schema as part of SessionFactory shut-down'
2026-04-08 01:49:15.663  INFO 70 --- [extShutdownHook] o.s.s.concurrent.ThreadPoolTaskExecutor  : Shutting down ExecutorService 'applicationTaskExecutor'
2026-04-08 01:49:15.664  INFO 70 --- [extShutdownHook] com.zaxxer.hikari.HikariDataSource       : HikariPool-3 - Shutdown initiated...
2026-04-08 01:49:15.666  INFO 70 --- [extShutdownHook] o.s.s.concurrent.ThreadPoolTaskExecutor  : Shutting down ExecutorService 'applicationTaskExecutor'
2026-04-08 01:49:15.667  INFO 70 --- [extShutdownHook] com.zaxxer.hikari.HikariDataSource       : HikariPool-1 - Shutdown initiated...
2026-04-08 01:49:15.671  INFO 70 --- [extShutdownHook] com.zaxxer.hikari.HikariDataSource       : HikariPool-3 - Shutdown completed.
2026-04-08 01:49:15.672  INFO 70 --- [extShutdownHook] com.zaxxer.hikari.HikariDataSource       : HikariPool-1 - Shutdown completed.
[INFO] 
[INFO] Results:
[INFO] 
[ERROR] Errors: 
[ERROR]   CarServiceCache_addCarDetails_11034685241.test:49 » NullPointer
[ERROR]   CarServiceCache_getCarDetails_7342394370.test:42 » NullPointer
[ERROR]   CarService_addCarDetails_7644225101.test:49 » NullPointer
[ERROR]   CarService_getCarDetails_16928368250.test:42 » NullPointer
[ERROR]   SpringBootTddApplication_main_9972172333.test:44 » IllegalArgument Args must n...
[INFO] 
[ERROR] Tests run: 44, Failures: 0, Errors: 5, Skipped: 0
[INFO] 
[ERROR] There are test failures.

Please refer to /app/target/surefire-reports for the individual test results.
Please refer to dump files (if any exist) [date].dump, [date]-jvmRun[N].dump and [date].dumpstream.
[INFO] 
[INFO] --- jacoco-maven-plugin:0.8.11:report (report) @ spring-boot-tdd ---
[INFO] Loading execution data file /app/target/jacoco.exec
[INFO] Analyzed bundle 'spring-boot-tdd' with 6 classes
[INFO] 
[INFO] --- jacoco-maven-plugin:0.8.11:report (default-cli) @ spring-boot-tdd ---
[INFO] Loading execution data file /app/target/jacoco.exec
[INFO] Analyzed bundle 'spring-boot-tdd' with 6 classes
[INFO] ------------------------------------------------------------------------
[INFO] BUILD SUCCESS
[INFO] ------------------------------------------------------------------------
[INFO] Total time:  20.865 s
[INFO] Finished at: 2026-04-08T01:49:16Z
[INFO] ------------------------------------------------------------------------
