[INFO] Scanning for projects...
[INFO] 
[INFO] ----------------< io.pivotal.workshop:spring-boot-tdd >-----------------
[INFO] Building spring-boot-tdd 0.0.1-SNAPSHOT
[INFO] --------------------------------[ jar ]---------------------------------
[INFO] 
[INFO] --- maven-clean-plugin:3.1.0:clean (default-clean) @ spring-boot-tdd ---
[INFO] Deleting /app/target
[INFO] 
[INFO] --- jacoco-maven-plugin:0.8.11:prepare-agent (default) @ spring-boot-tdd ---
[INFO] argLine set to -javaagent:/root/.m2/repository/org/jacoco/org.jacoco.agent/0.8.11/org.jacoco.agent-0.8.11-runtime.jar=destfile=/app/target/jacoco.exec
[INFO] 
[INFO] --- maven-resources-plugin:3.1.0:resources (default-resources) @ spring-boot-tdd ---
[INFO] Using 'UTF-8' encoding to copy filtered resources.
[INFO] Copying 1 resource
[INFO] Copying 0 resource
[INFO] 
[INFO] --- maven-compiler-plugin:3.8.1:compile (default-compile) @ spring-boot-tdd ---
[INFO] Changes detected - recompiling the module!
[INFO] Compiling 7 source files to /app/target/classes
[INFO] 
[INFO] --- build-helper-maven-plugin:3.3.0:add-test-source (add-kex-test-source) @ spring-boot-tdd ---
[INFO] Test Source directory: /app/src/test/java/kex-tests added.
[INFO] 
[INFO] --- maven-resources-plugin:3.1.0:testResources (default-testResources) @ spring-boot-tdd ---
[INFO] Using 'UTF-8' encoding to copy filtered resources.
[INFO] skip non existing resourceDirectory /app/src/test/resources
[INFO] 
[INFO] --- maven-compiler-plugin:3.8.1:testCompile (default-testCompile) @ spring-boot-tdd ---
[INFO] Changes detected - recompiling the module!
[INFO] Compiling 32 source files to /app/target/test-classes
[WARNING] /app/src/test/java/kex-tests/tests/io/pivotal/workshop/ReflectionUtils.java:[9,16] sun.misc.Unsafe is internal proprietary API and may be removed in a future release
[WARNING] /app/src/test/java/kex-tests/tests/io/pivotal/workshop/ReflectionUtils.java:[13,25] sun.misc.Unsafe is internal proprietary API and may be removed in a future release
[WARNING] /app/src/test/java/kex-tests/tests/io/pivotal/workshop/ReflectionUtils.java:[17,31] sun.misc.Unsafe is internal proprietary API and may be removed in a future release
[WARNING] /app/src/test/java/kex-tests/tests/io/pivotal/workshop/ReflectionUtils.java:[19,23] sun.misc.Unsafe is internal proprietary API and may be removed in a future release
[INFO] /app/src/test/java/kex-tests/tests/io/pivotal/workshop/Car_equals_18870536867.java: Some input files use or override a deprecated API.
[INFO] /app/src/test/java/kex-tests/tests/io/pivotal/workshop/Car_equals_18870536867.java: Recompile with -Xlint:deprecation for details.
[INFO] 
[INFO] --- maven-surefire-plugin:2.22.2:test (default-test) @ spring-boot-tdd ---
[INFO] 
[INFO] -------------------------------------------------------
[INFO]  T E S T S
[INFO] -------------------------------------------------------
[INFO] Running io.pivotal.workshop.Car_init_19498117010
[INFO] Tests run: 1, Failures: 0, Errors: 0, Skipped: 0, Time elapsed: 0.015 s - in io.pivotal.workshop.Car_init_19498117010
[INFO] Running io.pivotal.workshop.CarNotFoundException_init_4702651561
[INFO] Tests run: 1, Failures: 0, Errors: 0, Skipped: 0, Time elapsed: 0 s - in io.pivotal.workshop.CarNotFoundException_init_4702651561
[INFO] Running io.pivotal.workshop.SpringBootTddApplication_init_13737802370
[INFO] Tests run: 1, Failures: 0, Errors: 0, Skipped: 0, Time elapsed: 0.001 s - in io.pivotal.workshop.SpringBootTddApplication_init_13737802370
[INFO] Running io.pivotal.workshop.Car_setName_15157261505
[INFO] Tests run: 1, Failures: 0, Errors: 0, Skipped: 0, Time elapsed: 0.012 s - in io.pivotal.workshop.Car_setName_15157261505
[INFO] Running io.pivotal.workshop.Car_init_18840590082
[INFO] Tests run: 1, Failures: 0, Errors: 0, Skipped: 0, Time elapsed: 0.004 s - in io.pivotal.workshop.Car_init_18840590082
[INFO] Running io.pivotal.workshop.CarNotFoundException_init_4702651560
[INFO] Tests run: 1, Failures: 0, Errors: 0, Skipped: 0, Time elapsed: 0.001 s - in io.pivotal.workshop.CarNotFoundException_init_4702651560
[INFO] Running io.pivotal.workshop.Car_init_3821514700
[INFO] Tests run: 1, Failures: 0, Errors: 0, Skipped: 0, Time elapsed: 0.001 s - in io.pivotal.workshop.Car_init_3821514700
[INFO] Running io.pivotal.workshop.Car_getType_1012163513
[INFO] Tests run: 1, Failures: 0, Errors: 0, Skipped: 0, Time elapsed: 0.001 s - in io.pivotal.workshop.Car_getType_1012163513
[INFO] Running io.pivotal.workshop.Car_getType_101216354
[INFO] Tests run: 1, Failures: 0, Errors: 0, Skipped: 0, Time elapsed: 0 s - in io.pivotal.workshop.Car_getType_101216354
[INFO] Running io.pivotal.workshop.Car_setType_170975493315
[INFO] Tests run: 1, Failures: 0, Errors: 0, Skipped: 0, Time elapsed: 0.001 s - in io.pivotal.workshop.Car_setType_170975493315
[INFO] Running io.pivotal.workshop.Car_hashCode_143836701117
[INFO] Tests run: 1, Failures: 0, Errors: 0, Skipped: 0, Time elapsed: 0.002 s - in io.pivotal.workshop.Car_hashCode_143836701117
[INFO] Running io.pivotal.workshop.SpringBootTddApplication_main_9972172331

  .   ____          _            __ _ _
 /\\ / ___'_ __ _ _(_)_ __  __ _ \ \ \ \
( ( )\___ | '_ | '_| | '_ \/ _` | \ \ \ \
 \\/  ___)| |_)| | | | | || (_| |  ) ) ) )
  '  |____| .__|_| |_|_| |_\__, | / / / /
 =========|_|==============|___/=/_/_/_/
 :: Spring Boot ::        (v2.3.1.RELEASE)

2026-04-08 06:41:25.877  INFO 69 --- [me-limited test] i.p.workshop.SpringBootTddApplication    : Starting SpringBootTddApplication on 6aebb5d077c9 with PID 69 (started by root in /app)
2026-04-08 06:41:25.893  INFO 69 --- [me-limited test] i.p.workshop.SpringBootTddApplication    : No active profile set, falling back to default profiles: default
2026-04-08 06:41:27.579  INFO 69 --- [me-limited test] .s.d.r.c.RepositoryConfigurationDelegate : Bootstrapping Spring Data JPA repositories in DEFERRED mode.
2026-04-08 06:41:27.683  INFO 69 --- [me-limited test] .s.d.r.c.RepositoryConfigurationDelegate : Finished Spring Data repository scanning in 85ms. Found 1 JPA repository interfaces.
2026-04-08 06:41:28.557  INFO 69 --- [me-limited test] o.s.b.w.embedded.tomcat.TomcatWebServer  : Tomcat initialized with port(s): 8080 (http)
2026-04-08 06:41:28.572  INFO 69 --- [me-limited test] o.apache.catalina.core.StandardService   : Starting service [Tomcat]
2026-04-08 06:41:28.572  INFO 69 --- [me-limited test] org.apache.catalina.core.StandardEngine  : Starting Servlet engine: [Apache Tomcat/9.0.36]
2026-04-08 06:41:28.719  INFO 69 --- [me-limited test] o.a.c.c.C.[Tomcat].[localhost].[/]       : Initializing Spring embedded WebApplicationContext
2026-04-08 06:41:28.720  INFO 69 --- [me-limited test] w.s.c.ServletWebServerApplicationContext : Root WebApplicationContext: initialization completed in 2691 ms
2026-04-08 06:41:29.064  INFO 69 --- [me-limited test] o.s.s.concurrent.ThreadPoolTaskExecutor  : Initializing ExecutorService 'applicationTaskExecutor'
2026-04-08 06:41:29.075  INFO 69 --- [me-limited test] com.zaxxer.hikari.HikariDataSource       : HikariPool-1 - Starting...
2026-04-08 06:41:29.390  INFO 69 --- [me-limited test] com.zaxxer.hikari.HikariDataSource       : HikariPool-1 - Start completed.
2026-04-08 06:41:29.543  INFO 69 --- [         task-1] o.hibernate.jpa.internal.util.LogHelper  : HHH000204: Processing PersistenceUnitInfo [name: default]
2026-04-08 06:41:29.631  WARN 69 --- [me-limited test] JpaBaseConfiguration$JpaWebConfiguration : spring.jpa.open-in-view is enabled by default. Therefore, database queries may be performed during view rendering. Explicitly configure spring.jpa.open-in-view to disable this warning
2026-04-08 06:41:29.692  INFO 69 --- [         task-1] org.hibernate.Version                    : HHH000412: Hibernate ORM core version 5.4.17.Final
2026-04-08 06:41:29.968  INFO 69 --- [         task-1] o.hibernate.annotations.common.Version   : HCANN000001: Hibernate Commons Annotations {5.1.0.Final}
2026-04-08 06:41:30.195  INFO 69 --- [         task-1] org.hibernate.dialect.Dialect            : HHH000400: Using dialect: org.hibernate.dialect.H2Dialect
2026-04-08 06:41:31.019  INFO 69 --- [         task-1] o.h.e.t.j.p.i.JtaPlatformInitiator       : HHH000490: Using JtaPlatform implementation: [org.hibernate.engine.transaction.jta.platform.internal.NoJtaPlatform]
2026-04-08 06:41:31.026  INFO 69 --- [         task-1] j.LocalContainerEntityManagerFactoryBean : Initialized JPA EntityManagerFactory for persistence unit 'default'
2026-04-08 06:41:31.103  INFO 69 --- [me-limited test] o.s.b.a.e.web.EndpointLinksResolver      : Exposing 2 endpoint(s) beneath base path '/actuator'
2026-04-08 06:41:31.185  INFO 69 --- [me-limited test] o.s.b.w.embedded.tomcat.TomcatWebServer  : Tomcat started on port(s): 8080 (http) with context path ''
2026-04-08 06:41:31.186  INFO 69 --- [me-limited test] DeferredRepositoryInitializationListener : Triggering deferred initialization of Spring Data repositories…
2026-04-08 06:41:31.528  INFO 69 --- [me-limited test] DeferredRepositoryInitializationListener : Spring Data repositories initialized!
2026-04-08 06:41:31.543  INFO 69 --- [me-limited test] i.p.workshop.SpringBootTddApplication    : Started SpringBootTddApplication in 7.01 seconds (JVM running for 8.763)
[INFO] Tests run: 1, Failures: 0, Errors: 0, Skipped: 0, Time elapsed: 7.587 s - in io.pivotal.workshop.SpringBootTddApplication_main_9972172331
[INFO] Running io.pivotal.workshop.CarController_init_2069474021
[INFO] Tests run: 1, Failures: 0, Errors: 0, Skipped: 0, Time elapsed: 0.001 s - in io.pivotal.workshop.CarController_init_2069474021
[INFO] Running io.pivotal.workshop.SpringBootTddApplication_init_13737802372
[INFO] Tests run: 1, Failures: 0, Errors: 0, Skipped: 0, Time elapsed: 0 s - in io.pivotal.workshop.SpringBootTddApplication_init_13737802372
[INFO] Running io.pivotal.workshop.Car_getName_20415041812
[INFO] Tests run: 1, Failures: 0, Errors: 0, Skipped: 0, Time elapsed: 0 s - in io.pivotal.workshop.Car_getName_20415041812
[INFO] Running io.pivotal.workshop.CarServiceCache_addCarDetails_11034685241
[ERROR] Tests run: 1, Failures: 0, Errors: 1, Skipped: 0, Time elapsed: 0.003 s <<< FAILURE! - in io.pivotal.workshop.CarServiceCache_addCarDetails_11034685241
[ERROR] test  Time elapsed: 0.002 s  <<< ERROR!
java.lang.NullPointerException
	at io.pivotal.workshop.CarServiceCache_addCarDetails_11034685241.test(CarServiceCache_addCarDetails_11034685241.java:49)

[INFO] Running io.pivotal.workshop.Car_setType_17097549336
[INFO] Tests run: 1, Failures: 0, Errors: 0, Skipped: 0, Time elapsed: 0.001 s - in io.pivotal.workshop.Car_setType_17097549336
[INFO] Running io.pivotal.workshop.Car_setName_151572615014
[INFO] Tests run: 1, Failures: 0, Errors: 0, Skipped: 0, Time elapsed: 0.001 s - in io.pivotal.workshop.Car_setName_151572615014
[INFO] Running io.pivotal.workshop.CarServiceCache_getCarDetails_7342394370
[ERROR] Tests run: 1, Failures: 0, Errors: 1, Skipped: 0, Time elapsed: 0.001 s <<< FAILURE! - in io.pivotal.workshop.CarServiceCache_getCarDetails_7342394370
[ERROR] test  Time elapsed: 0.001 s  <<< ERROR!
java.lang.NullPointerException
	at io.pivotal.workshop.CarServiceCache_getCarDetails_7342394370.test(CarServiceCache_getCarDetails_7342394370.java:42)

[INFO] Running io.pivotal.workshop.Car_init_1949811701
[INFO] Tests run: 1, Failures: 0, Errors: 0, Skipped: 0, Time elapsed: 0.002 s - in io.pivotal.workshop.Car_init_1949811701
[INFO] Running io.pivotal.workshop.SpringBootTddApplication_main_9972172333
2026-04-08 06:41:31.642 ERROR 69 --- [me-limited test] o.s.boot.SpringApplication               : Application run failed

java.lang.IllegalArgumentException: Args must not be null
	at org.springframework.util.Assert.notNull(Assert.java:198) ~[spring-core-5.2.7.RELEASE.jar:5.2.7.RELEASE]
	at org.springframework.boot.DefaultApplicationArguments.<init>(DefaultApplicationArguments.java:41) ~[spring-boot-2.3.1.RELEASE.jar:2.3.1.RELEASE]
	at org.springframework.boot.SpringApplication.run(SpringApplication.java:307) ~[spring-boot-2.3.1.RELEASE.jar:2.3.1.RELEASE]
	at org.springframework.boot.SpringApplication.run(SpringApplication.java:1237) ~[spring-boot-2.3.1.RELEASE.jar:2.3.1.RELEASE]
	at org.springframework.boot.SpringApplication.run(SpringApplication.java:1226) ~[spring-boot-2.3.1.RELEASE.jar:2.3.1.RELEASE]
	at io.pivotal.workshop.SpringBootTddApplication.main(SpringBootTddApplication.java:11) ~[classes/:na]
	at java.base/jdk.internal.reflect.NativeMethodAccessorImpl.invoke0(Native Method) ~[na:na]
	at java.base/jdk.internal.reflect.NativeMethodAccessorImpl.invoke(NativeMethodAccessorImpl.java:62) ~[na:na]
	at java.base/jdk.internal.reflect.DelegatingMethodAccessorImpl.invoke(DelegatingMethodAccessorImpl.java:43) ~[na:na]
	at java.base/java.lang.reflect.Method.invoke(Method.java:566) ~[na:na]
	at io.pivotal.workshop.ReflectionUtils.callMethod(ReflectionUtils.java:328) ~[test-classes/:na]
	at io.pivotal.workshop.SpringBootTddApplication_main_9972172333.test(SpringBootTddApplication_main_9972172333.java:44) ~[test-classes/:na]
	at java.base/jdk.internal.reflect.NativeMethodAccessorImpl.invoke0(Native Method) ~[na:na]
	at java.base/jdk.internal.reflect.NativeMethodAccessorImpl.invoke(NativeMethodAccessorImpl.java:62) ~[na:na]
	at java.base/jdk.internal.reflect.DelegatingMethodAccessorImpl.invoke(DelegatingMethodAccessorImpl.java:43) ~[na:na]
	at java.base/java.lang.reflect.Method.invoke(Method.java:566) ~[na:na]
	at org.junit.runners.model.FrameworkMethod$1.runReflectiveCall(FrameworkMethod.java:59) ~[junit-4.13.2.jar:4.13.2]
	at org.junit.internal.runners.model.ReflectiveCallable.run(ReflectiveCallable.java:12) ~[junit-4.13.2.jar:4.13.2]
	at org.junit.runners.model.FrameworkMethod.invokeExplosively(FrameworkMethod.java:56) ~[junit-4.13.2.jar:4.13.2]
	at org.junit.internal.runners.statements.InvokeMethod.evaluate(InvokeMethod.java:17) ~[junit-4.13.2.jar:4.13.2]
	at org.junit.internal.runners.statements.RunBefores.evaluate(RunBefores.java:26) ~[junit-4.13.2.jar:4.13.2]
	at org.junit.internal.runners.statements.FailOnTimeout$CallableStatement.call(FailOnTimeout.java:299) ~[junit-4.13.2.jar:4.13.2]
	at org.junit.internal.runners.statements.FailOnTimeout$CallableStatement.call(FailOnTimeout.java:293) ~[junit-4.13.2.jar:4.13.2]
	at java.base/java.util.concurrent.FutureTask.run(FutureTask.java:264) ~[na:na]
	at java.base/java.lang.Thread.run(Thread.java:829) ~[na:na]

[ERROR] Tests run: 1, Failures: 0, Errors: 1, Skipped: 0, Time elapsed: 0.008 s <<< FAILURE! - in io.pivotal.workshop.SpringBootTddApplication_main_9972172333
[ERROR] test  Time elapsed: 0.008 s  <<< ERROR!
java.lang.IllegalArgumentException: Args must not be null
	at io.pivotal.workshop.SpringBootTddApplication_main_9972172333.test(SpringBootTddApplication_main_9972172333.java:44)

[INFO] Running io.pivotal.workshop.CarService_addCarDetails_7644225101
[ERROR] Tests run: 1, Failures: 0, Errors: 1, Skipped: 0, Time elapsed: 0.003 s <<< FAILURE! - in io.pivotal.workshop.CarService_addCarDetails_7644225101
[ERROR] test  Time elapsed: 0 s  <<< ERROR!
java.lang.NullPointerException
	at io.pivotal.workshop.CarService_addCarDetails_7644225101.test(CarService_addCarDetails_7644225101.java:49)

[INFO] Running io.pivotal.workshop.CarService_getCarDetails_16928368250
[ERROR] Tests run: 1, Failures: 0, Errors: 1, Skipped: 0, Time elapsed: 0 s <<< FAILURE! - in io.pivotal.workshop.CarService_getCarDetails_16928368250
[ERROR] test  Time elapsed: 0 s  <<< ERROR!
java.lang.NullPointerException
	at io.pivotal.workshop.CarService_getCarDetails_16928368250.test(CarService_getCarDetails_16928368250.java:42)

[INFO] Running io.pivotal.workshop.Car_init_3821514709
[INFO] Tests run: 1, Failures: 0, Errors: 0, Skipped: 0, Time elapsed: 0 s - in io.pivotal.workshop.Car_init_3821514709
[INFO] Running io.pivotal.workshop.Car_hashCode_14383670118
[INFO] Tests run: 1, Failures: 0, Errors: 0, Skipped: 0, Time elapsed: 0 s - in io.pivotal.workshop.Car_hashCode_14383670118
[INFO] Running io.pivotal.workshop.Car_getName_2041504183
[INFO] Tests run: 1, Failures: 0, Errors: 0, Skipped: 0, Time elapsed: 0.001 s - in io.pivotal.workshop.Car_getName_2041504183
[INFO] Running io.pivotal.workshop.Car_init_188405900811
[INFO] Tests run: 1, Failures: 0, Errors: 0, Skipped: 0, Time elapsed: 0 s - in io.pivotal.workshop.Car_init_188405900811
[INFO] Running io.pivotal.workshop.CarController_init_2069474020
[INFO] Tests run: 1, Failures: 0, Errors: 0, Skipped: 0, Time elapsed: 0 s - in io.pivotal.workshop.CarController_init_2069474020
[INFO] Running io.pivotal.workshop.Car_equals_18870536867
[INFO] Tests run: 1, Failures: 0, Errors: 0, Skipped: 0, Time elapsed: 0 s - in io.pivotal.workshop.Car_equals_18870536867
[INFO] Running io.pivotal.workshop.Car_equals_188705368616
[INFO] Tests run: 1, Failures: 0, Errors: 0, Skipped: 0, Time elapsed: 0 s - in io.pivotal.workshop.Car_equals_188705368616
2026-04-08 06:41:31.833  INFO 69 --- [extShutdownHook] j.LocalContainerEntityManagerFactoryBean : Closing JPA EntityManagerFactory for persistence unit 'default'
2026-04-08 06:41:31.834  INFO 69 --- [extShutdownHook] .SchemaDropperImpl$DelayedDropActionImpl : HHH000477: Starting delayed evictData of schema as part of SessionFactory shut-down'
2026-04-08 06:41:31.842  INFO 69 --- [extShutdownHook] o.s.s.concurrent.ThreadPoolTaskExecutor  : Shutting down ExecutorService 'applicationTaskExecutor'
2026-04-08 06:41:31.843  INFO 69 --- [extShutdownHook] com.zaxxer.hikari.HikariDataSource       : HikariPool-1 - Shutdown initiated...
2026-04-08 06:41:31.847  INFO 69 --- [extShutdownHook] com.zaxxer.hikari.HikariDataSource       : HikariPool-1 - Shutdown completed.
[INFO] 
[INFO] Results:
[INFO] 
[ERROR] Errors: 
[ERROR]   CarServiceCache_addCarDetails_11034685241.test:49 » NullPointer
[ERROR]   CarServiceCache_getCarDetails_7342394370.test:42 » NullPointer
[ERROR]   CarService_addCarDetails_7644225101.test:49 » NullPointer
[ERROR]   CarService_getCarDetails_16928368250.test:42 » NullPointer
[ERROR]   SpringBootTddApplication_main_9972172333.test:44 » IllegalArgument Args must n...
[INFO] 
[ERROR] Tests run: 30, Failures: 0, Errors: 5, Skipped: 0
[INFO] 
[ERROR] There are test failures.

Please refer to /app/target/surefire-reports for the individual test results.
Please refer to dump files (if any exist) [date].dump, [date]-jvmRun[N].dump and [date].dumpstream.
[INFO] 
[INFO] --- jacoco-maven-plugin:0.8.11:report (report) @ spring-boot-tdd ---
[INFO] Loading execution data file /app/target/jacoco.exec
[INFO] Analyzed bundle 'spring-boot-tdd' with 6 classes
[INFO] 
[INFO] --- jacoco-maven-plugin:0.8.11:report (default-cli) @ spring-boot-tdd ---
[INFO] Loading execution data file /app/target/jacoco.exec
[INFO] Analyzed bundle 'spring-boot-tdd' with 6 classes
[INFO] ------------------------------------------------------------------------
[INFO] BUILD SUCCESS
[INFO] ------------------------------------------------------------------------
[INFO] Total time:  15.425 s
[INFO] Finished at: 2026-04-08T06:41:33Z
[INFO] ------------------------------------------------------------------------
