[INFO] Scanning for projects...
[INFO] 
[INFO] -------< com.selimhorri:embedded-mongo-playing-with-spring-boot >-------
[INFO] Building embedded-mongo-playing-with-spring-boot 0.0.1-SNAPSHOT
[INFO] --------------------------------[ jar ]---------------------------------
[INFO] 
[INFO] --- maven-clean-plugin:3.1.0:clean (default-clean) @ embedded-mongo-playing-with-spring-boot ---
[INFO] Deleting /app/target
[INFO] 
[INFO] --- jacoco-maven-plugin:0.8.11:prepare-agent (default) @ embedded-mongo-playing-with-spring-boot ---
[INFO] argLine set to -javaagent:/root/.m2/repository/org/jacoco/org.jacoco.agent/0.8.11/org.jacoco.agent-0.8.11-runtime.jar=destfile=/app/target/jacoco.exec
[INFO] 
[INFO] --- maven-resources-plugin:3.2.0:resources (default-resources) @ embedded-mongo-playing-with-spring-boot ---
[INFO] Using 'UTF-8' encoding to copy filtered resources.
[INFO] Using 'UTF-8' encoding to copy filtered properties files.
[INFO] Copying 3 resources
[INFO] Copying 0 resource
[INFO] 
[INFO] --- maven-compiler-plugin:3.8.1:compile (default-compile) @ embedded-mongo-playing-with-spring-boot ---
[INFO] Changes detected - recompiling the module!
[INFO] Compiling 7 source files to /app/target/classes
[INFO] 
[INFO] --- build-helper-maven-plugin:3.3.0:add-test-source (add-kex-test-source) @ embedded-mongo-playing-with-spring-boot ---
[INFO] Test Source directory: /app/src/test/java/kex-tests added.
[INFO] 
[INFO] --- maven-resources-plugin:3.2.0:testResources (default-testResources) @ embedded-mongo-playing-with-spring-boot ---
[INFO] Using 'UTF-8' encoding to copy filtered resources.
[INFO] Using 'UTF-8' encoding to copy filtered properties files.
[INFO] skip non existing resourceDirectory /app/src/test/resources
[INFO] 
[INFO] --- maven-compiler-plugin:3.8.1:testCompile (default-testCompile) @ embedded-mongo-playing-with-spring-boot ---
[INFO] Changes detected - recompiling the module!
[INFO] Compiling 84 source files to /app/target/test-classes
[WARNING] /app/src/test/java/kex-tests/tests/com/selimhorri/pack/model/ReflectionUtils.java:[9,16] sun.misc.Unsafe is internal proprietary API and may be removed in a future release
[WARNING] /app/src/test/java/kex-tests/tests/com/selimhorri/pack/model/ReflectionUtils.java:[9,16] sun.misc.Unsafe is internal proprietary API and may be removed in a future release
[WARNING] /app/src/test/java/kex-tests/tests/com/selimhorri/pack/model/ReflectionUtils.java:[9,16] sun.misc.Unsafe is internal proprietary API and may be removed in a future release
[WARNING] /app/src/test/java/kex-tests/tests/com/selimhorri/pack/model/ReflectionUtils.java:[9,16] sun.misc.Unsafe is internal proprietary API and may be removed in a future release
[WARNING] /app/src/test/java/kex-tests/tests/com/selimhorri/pack/model/ReflectionUtils.java:[9,16] sun.misc.Unsafe is internal proprietary API and may be removed in a future release
[WARNING] /app/src/test/java/kex-tests/tests/com/selimhorri/pack/model/ReflectionUtils.java:[13,25] sun.misc.Unsafe is internal proprietary API and may be removed in a future release
[WARNING] /app/src/test/java/kex-tests/tests/com/selimhorri/pack/model/ReflectionUtils.java:[13,25] sun.misc.Unsafe is internal proprietary API and may be removed in a future release
[WARNING] /app/src/test/java/kex-tests/tests/com/selimhorri/pack/model/ReflectionUtils.java:[13,25] sun.misc.Unsafe is internal proprietary API and may be removed in a future release
[WARNING] /app/src/test/java/kex-tests/tests/com/selimhorri/pack/model/ReflectionUtils.java:[13,25] sun.misc.Unsafe is internal proprietary API and may be removed in a future release
[WARNING] /app/src/test/java/kex-tests/tests/com/selimhorri/pack/model/ReflectionUtils.java:[13,25] sun.misc.Unsafe is internal proprietary API and may be removed in a future release
[WARNING] /app/src/test/java/kex-tests/tests/com/selimhorri/pack/model/ReflectionUtils.java:[17,31] sun.misc.Unsafe is internal proprietary API and may be removed in a future release
[WARNING] /app/src/test/java/kex-tests/tests/com/selimhorri/pack/model/ReflectionUtils.java:[19,23] sun.misc.Unsafe is internal proprietary API and may be removed in a future release
[INFO] /app/src/test/java/kex-tests/tests/com/selimhorri/pack/model/Employee_EmployeeBuilder_toString_16719364866.java: Some input files use unchecked or unsafe operations.
[INFO] /app/src/test/java/kex-tests/tests/com/selimhorri/pack/model/Employee_EmployeeBuilder_toString_16719364866.java: Recompile with -Xlint:unchecked for details.
[INFO] 
[INFO] --- maven-surefire-plugin:2.22.2:test (default-test) @ embedded-mongo-playing-with-spring-boot ---
[INFO] 
[INFO] -------------------------------------------------------
[INFO]  T E S T S
[INFO] -------------------------------------------------------
[INFO] Running com.selimhorri.pack.model.Employee_canEqual_70960105110
[INFO] Tests run: 1, Failures: 0, Errors: 0, Skipped: 0, Time elapsed: 0.02 s - in com.selimhorri.pack.model.Employee_canEqual_70960105110
[INFO] Running com.selimhorri.pack.model.Department_toString_177026735910
[INFO] Tests run: 1, Failures: 0, Errors: 0, Skipped: 0, Time elapsed: 0.003 s - in com.selimhorri.pack.model.Department_toString_177026735910
[INFO] Running com.selimhorri.pack.model.Department_getEmployees_8384810253
[INFO] Tests run: 1, Failures: 0, Errors: 0, Skipped: 0, Time elapsed: 0 s - in com.selimhorri.pack.model.Department_getEmployees_8384810253
[INFO] Running com.selimhorri.pack.model.Employee_EmployeeBuilder_fname_14504868359
[INFO] Tests run: 1, Failures: 0, Errors: 0, Skipped: 0, Time elapsed: 0 s - in com.selimhorri.pack.model.Employee_EmployeeBuilder_fname_14504868359
[INFO] Running com.selimhorri.pack.model.Employee_setDepartment_15154909878
[INFO] Tests run: 1, Failures: 0, Errors: 0, Skipped: 0, Time elapsed: 0.001 s - in com.selimhorri.pack.model.Employee_setDepartment_15154909878
[INFO] Running com.selimhorri.pack.model.Department_init_122481150811
[INFO] Tests run: 1, Failures: 0, Errors: 0, Skipped: 0, Time elapsed: 0 s - in com.selimhorri.pack.model.Department_init_122481150811
[INFO] Running com.selimhorri.pack.model.Employee_hashCode_196245035511
[INFO] Tests run: 1, Failures: 0, Errors: 0, Skipped: 0, Time elapsed: 0 s - in com.selimhorri.pack.model.Employee_hashCode_196245035511
[INFO] Running com.selimhorri.pack.model.Department_setDepartmentName_2148714225
[INFO] Tests run: 1, Failures: 0, Errors: 0, Skipped: 0, Time elapsed: 0 s - in com.selimhorri.pack.model.Department_setDepartmentName_2148714225
[INFO] Running com.selimhorri.pack.model.Department_setDepartmentName_21487142218
[INFO] Tests run: 1, Failures: 0, Errors: 0, Skipped: 0, Time elapsed: 0 s - in com.selimhorri.pack.model.Department_setDepartmentName_21487142218
[INFO] Running com.selimhorri.pack.model.Employee_getId_2863855216
[INFO] Tests run: 1, Failures: 0, Errors: 0, Skipped: 0, Time elapsed: 0.001 s - in com.selimhorri.pack.model.Employee_getId_2863855216
[INFO] Running com.selimhorri.pack.model.Employee_EmployeeBuilder_lname_42043204510
[INFO] Tests run: 1, Failures: 0, Errors: 0, Skipped: 0, Time elapsed: 0 s - in com.selimhorri.pack.model.Employee_EmployeeBuilder_lname_42043204510
[INFO] Running com.selimhorri.pack.model.Department_DepartmentBuilder_toString_9555144705
[INFO] Tests run: 1, Failures: 0, Errors: 0, Skipped: 0, Time elapsed: 0 s - in com.selimhorri.pack.model.Department_DepartmentBuilder_toString_9555144705
[INFO] Running com.selimhorri.pack.model.Employee_canEqual_70960105125
[INFO] Tests run: 1, Failures: 0, Errors: 0, Skipped: 0, Time elapsed: 0 s - in com.selimhorri.pack.model.Employee_canEqual_70960105125
[INFO] Running com.selimhorri.pack.model.Department_builder_190402073513
[INFO] Tests run: 1, Failures: 0, Errors: 0, Skipped: 0, Time elapsed: 0 s - in com.selimhorri.pack.model.Department_builder_190402073513
[INFO] Running com.selimhorri.pack.model.Department_DepartmentBuilder_init_15009703210
[INFO] Tests run: 1, Failures: 0, Errors: 0, Skipped: 0, Time elapsed: 0 s - in com.selimhorri.pack.model.Department_DepartmentBuilder_init_15009703210
[INFO] Running com.selimhorri.pack.model.Employee_EmployeeBuilder_build_87555878812
[INFO] Tests run: 1, Failures: 0, Errors: 0, Skipped: 0, Time elapsed: 0 s - in com.selimhorri.pack.model.Employee_EmployeeBuilder_build_87555878812
[INFO] Running com.selimhorri.pack.model.Department_DepartmentBuilder_build_18674145044
[INFO] Tests run: 1, Failures: 0, Errors: 0, Skipped: 0, Time elapsed: 0 s - in com.selimhorri.pack.model.Department_DepartmentBuilder_build_18674145044
[INFO] Running com.selimhorri.pack.model.Department_DepartmentBuilder_init_15009703216
[INFO] Tests run: 1, Failures: 0, Errors: 0, Skipped: 0, Time elapsed: 0 s - in com.selimhorri.pack.model.Department_DepartmentBuilder_init_15009703216
[INFO] Running com.selimhorri.pack.model.Employee_EmployeeBuilder_id_7254900571
[INFO] Tests run: 1, Failures: 0, Errors: 0, Skipped: 0, Time elapsed: 0 s - in com.selimhorri.pack.model.Employee_EmployeeBuilder_id_7254900571
[INFO] Running com.selimhorri.pack.model.Department_init_38400568412
[INFO] Tests run: 1, Failures: 0, Errors: 0, Skipped: 0, Time elapsed: 0 s - in com.selimhorri.pack.model.Department_init_38400568412
[INFO] Running com.selimhorri.pack.model.Employee_setDepartment_151549098723
[INFO] Tests run: 1, Failures: 0, Errors: 0, Skipped: 0, Time elapsed: 0 s - in com.selimhorri.pack.model.Employee_setDepartment_151549098723
[INFO] Running com.selimhorri.pack.model.Department_DepartmentBuilder_id_4296843437
[INFO] Tests run: 1, Failures: 0, Errors: 0, Skipped: 0, Time elapsed: 0 s - in com.selimhorri.pack.model.Department_DepartmentBuilder_id_4296843437
[INFO] Running com.selimhorri.pack.model.Employee_EmployeeBuilder_lname_4204320453
[INFO] Tests run: 1, Failures: 0, Errors: 0, Skipped: 0, Time elapsed: 0 s - in com.selimhorri.pack.model.Employee_EmployeeBuilder_lname_4204320453
[INFO] Running com.selimhorri.pack.model.Employee_getLname_139196181618
[INFO] Tests run: 1, Failures: 0, Errors: 0, Skipped: 0, Time elapsed: 0 s - in com.selimhorri.pack.model.Employee_getLname_139196181618
[INFO] Running com.selimhorri.pack.model.Department_setId_38049251617
[INFO] Tests run: 1, Failures: 0, Errors: 0, Skipped: 0, Time elapsed: 0 s - in com.selimhorri.pack.model.Department_setId_38049251617
[INFO] Running com.selimhorri.pack.model.Department_DepartmentBuilder_build_186741450410
[INFO] Tests run: 1, Failures: 0, Errors: 0, Skipped: 0, Time elapsed: 0 s - in com.selimhorri.pack.model.Department_DepartmentBuilder_build_186741450410
[INFO] Running com.selimhorri.pack.model.Department_setEmployees_45461309319
[INFO] Tests run: 1, Failures: 0, Errors: 0, Skipped: 0, Time elapsed: 0 s - in com.selimhorri.pack.model.Department_setEmployees_45461309319
[INFO] Running com.selimhorri.pack.model.Employee_setFname_617613906
[INFO] Tests run: 1, Failures: 0, Errors: 0, Skipped: 0, Time elapsed: 0 s - in com.selimhorri.pack.model.Employee_setFname_617613906
[INFO] Running com.selimhorri.pack.model.Department_canEqual_7610909438
[INFO] Tests run: 1, Failures: 0, Errors: 0, Skipped: 0, Time elapsed: 0 s - in com.selimhorri.pack.model.Department_canEqual_7610909438
[INFO] Running com.selimhorri.pack.model.Employee_toString_182175725112
[INFO] Tests run: 1, Failures: 0, Errors: 0, Skipped: 0, Time elapsed: 0.001 s - in com.selimhorri.pack.model.Employee_toString_182175725112
[INFO] Running com.selimhorri.pack.model.Employee_EmployeeBuilder_toString_167193648613
[INFO] Tests run: 1, Failures: 0, Errors: 0, Skipped: 0, Time elapsed: 0.001 s - in com.selimhorri.pack.model.Employee_EmployeeBuilder_toString_167193648613
[INFO] Running com.selimhorri.pack.model.Employee_getDepartment_80646551519
[INFO] Tests run: 1, Failures: 0, Errors: 0, Skipped: 0, Time elapsed: 0.001 s - in com.selimhorri.pack.model.Employee_getDepartment_80646551519
[INFO] Running com.selimhorri.pack.model.Employee_getDepartment_8064655154
[INFO] Tests run: 1, Failures: 0, Errors: 0, Skipped: 0, Time elapsed: 0 s - in com.selimhorri.pack.model.Employee_getDepartment_8064655154
[INFO] Running com.selimhorri.pack.model.Employee_builder_15167582430
[INFO] Tests run: 1, Failures: 0, Errors: 0, Skipped: 0, Time elapsed: 0 s - in com.selimhorri.pack.model.Employee_builder_15167582430
[INFO] Running com.selimhorri.pack.model.Department_getDepartmentName_1758943622
[INFO] Tests run: 1, Failures: 0, Errors: 0, Skipped: 0, Time elapsed: 0 s - in com.selimhorri.pack.model.Department_getDepartmentName_1758943622
[INFO] Running com.selimhorri.pack.model.Employee_hashCode_196245035526
[INFO] Tests run: 1, Failures: 0, Errors: 0, Skipped: 0, Time elapsed: 0 s - in com.selimhorri.pack.model.Employee_hashCode_196245035526
[INFO] Running com.selimhorri.pack.model.Employee_setLname_96829340022
[INFO] Tests run: 1, Failures: 0, Errors: 0, Skipped: 0, Time elapsed: 0 s - in com.selimhorri.pack.model.Employee_setLname_96829340022
[INFO] Running com.selimhorri.pack.model.Department_equals_156525357220
[INFO] Tests run: 1, Failures: 0, Errors: 0, Skipped: 0, Time elapsed: 0 s - in com.selimhorri.pack.model.Department_equals_156525357220
[INFO] Running com.selimhorri.pack.model.Employee_builder_151675824315
[INFO] Tests run: 1, Failures: 0, Errors: 0, Skipped: 0, Time elapsed: 0 s - in com.selimhorri.pack.model.Employee_builder_151675824315
[INFO] Running com.selimhorri.pack.model.Department_builder_19040207350
[INFO] Tests run: 1, Failures: 0, Errors: 0, Skipped: 0, Time elapsed: 0 s - in com.selimhorri.pack.model.Department_builder_19040207350
[INFO] Running com.selimhorri.pack.model.Department_DepartmentBuilder_departmentName_17342263938
[INFO] Tests run: 1, Failures: 0, Errors: 0, Skipped: 0, Time elapsed: 0.001 s - in com.selimhorri.pack.model.Department_DepartmentBuilder_departmentName_17342263938
[INFO] Running com.selimhorri.pack.model.Employee_getFname_3619070262
[INFO] Tests run: 1, Failures: 0, Errors: 0, Skipped: 0, Time elapsed: 0 s - in com.selimhorri.pack.model.Employee_getFname_3619070262
[INFO] Running com.selimhorri.pack.model.Department_setEmployees_4546130936
[INFO] Tests run: 1, Failures: 0, Errors: 0, Skipped: 0, Time elapsed: 0 s - in com.selimhorri.pack.model.Department_setEmployees_4546130936
[INFO] Running com.selimhorri.pack.model.Employee_init_127630140013
[INFO] Tests run: 1, Failures: 0, Errors: 0, Skipped: 0, Time elapsed: 0 s - in com.selimhorri.pack.model.Employee_init_127630140013
[INFO] Running com.selimhorri.pack.model.Employee_EmployeeBuilder_init_20775749597
[INFO] Tests run: 1, Failures: 0, Errors: 0, Skipped: 0, Time elapsed: 0 s - in com.selimhorri.pack.model.Employee_EmployeeBuilder_init_20775749597
[INFO] Running com.selimhorri.pack.model.Employee_setId_32900262420
[INFO] Tests run: 1, Failures: 0, Errors: 0, Skipped: 0, Time elapsed: 0.001 s - in com.selimhorri.pack.model.Employee_setId_32900262420
[INFO] Running com.selimhorri.pack.model.Department_getId_801284441
[INFO] Tests run: 1, Failures: 0, Errors: 0, Skipped: 0, Time elapsed: 0 s - in com.selimhorri.pack.model.Department_getId_801284441
[INFO] Running com.selimhorri.pack.model.Employee_init_127630140028
[INFO] Tests run: 1, Failures: 0, Errors: 0, Skipped: 0, Time elapsed: 0 s - in com.selimhorri.pack.model.Employee_init_127630140028
[INFO] Running com.selimhorri.pack.model.Department_DepartmentBuilder_employees_13632550449
[INFO] Tests run: 1, Failures: 0, Errors: 0, Skipped: 0, Time elapsed: 0 s - in com.selimhorri.pack.model.Department_DepartmentBuilder_employees_13632550449
[INFO] Running com.selimhorri.pack.model.Department_hashCode_201394024722
[INFO] Tests run: 1, Failures: 0, Errors: 0, Skipped: 0, Time elapsed: 0 s - in com.selimhorri.pack.model.Department_hashCode_201394024722
[INFO] Running com.selimhorri.pack.model.Employee_setId_3290026245
[INFO] Tests run: 1, Failures: 0, Errors: 0, Skipped: 0, Time elapsed: 0 s - in com.selimhorri.pack.model.Employee_setId_3290026245
[INFO] Running com.selimhorri.pack.model.Department_DepartmentBuilder_departmentName_17342263932
[INFO] Tests run: 1, Failures: 0, Errors: 0, Skipped: 0, Time elapsed: 0 s - in com.selimhorri.pack.model.Department_DepartmentBuilder_departmentName_17342263932
[INFO] Running com.selimhorri.pack.model.Employee_setFname_6176139021
[INFO] Tests run: 1, Failures: 0, Errors: 0, Skipped: 0, Time elapsed: 0 s - in com.selimhorri.pack.model.Employee_setFname_6176139021
[INFO] Running com.selimhorri.pack.model.Department_init_122481150824
[INFO] Tests run: 1, Failures: 0, Errors: 0, Skipped: 0, Time elapsed: 0 s - in com.selimhorri.pack.model.Department_init_122481150824
[INFO] Running com.selimhorri.pack.model.Department_DepartmentBuilder_id_4296843431
[INFO] Tests run: 1, Failures: 0, Errors: 0, Skipped: 0, Time elapsed: 0 s - in com.selimhorri.pack.model.Department_DepartmentBuilder_id_4296843431
[INFO] Running com.selimhorri.pack.model.Department_setId_3804925164
[INFO] Tests run: 1, Failures: 0, Errors: 0, Skipped: 0, Time elapsed: 0 s - in com.selimhorri.pack.model.Department_setId_3804925164
[INFO] Running com.selimhorri.pack.model.Employee_toString_182175725127
[INFO] Tests run: 1, Failures: 0, Errors: 0, Skipped: 0, Time elapsed: 0 s - in com.selimhorri.pack.model.Employee_toString_182175725127
[INFO] Running com.selimhorri.pack.model.Department_equals_15652535727
[INFO] Tests run: 1, Failures: 0, Errors: 0, Skipped: 0, Time elapsed: 0.001 s - in com.selimhorri.pack.model.Department_equals_15652535727
[INFO] Running com.selimhorri.pack.model.Department_hashCode_20139402479
[INFO] Tests run: 1, Failures: 0, Errors: 0, Skipped: 0, Time elapsed: 0 s - in com.selimhorri.pack.model.Department_hashCode_20139402479
[INFO] Running com.selimhorri.pack.model.Department_getId_8012844414
[INFO] Tests run: 1, Failures: 0, Errors: 0, Skipped: 0, Time elapsed: 0 s - in com.selimhorri.pack.model.Department_getId_8012844414
[INFO] Running com.selimhorri.pack.model.Employee_EmployeeBuilder_department_56316867411
[INFO] Tests run: 1, Failures: 0, Errors: 0, Skipped: 0, Time elapsed: 0.001 s - in com.selimhorri.pack.model.Employee_EmployeeBuilder_department_56316867411
[INFO] Running com.selimhorri.pack.model.Department_getEmployees_83848102516
[INFO] Tests run: 1, Failures: 0, Errors: 0, Skipped: 0, Time elapsed: 0 s - in com.selimhorri.pack.model.Department_getEmployees_83848102516
[INFO] Running com.selimhorri.pack.model.Employee_init_193877957229
[INFO] Tests run: 1, Failures: 0, Errors: 0, Skipped: 0, Time elapsed: 0 s - in com.selimhorri.pack.model.Employee_init_193877957229
[INFO] Running com.selimhorri.pack.model.Employee_EmployeeBuilder_fname_14504868352
[INFO] Tests run: 1, Failures: 0, Errors: 0, Skipped: 0, Time elapsed: 0 s - in com.selimhorri.pack.model.Employee_EmployeeBuilder_fname_14504868352
[INFO] Running com.selimhorri.pack.model.Employee_EmployeeBuilder_toString_16719364866
[INFO] Tests run: 1, Failures: 0, Errors: 0, Skipped: 0, Time elapsed: 0.001 s - in com.selimhorri.pack.model.Employee_EmployeeBuilder_toString_16719364866
[INFO] Running com.selimhorri.pack.model.Employee_EmployeeBuilder_id_7254900578
[INFO] Tests run: 1, Failures: 0, Errors: 0, Skipped: 0, Time elapsed: 0 s - in com.selimhorri.pack.model.Employee_EmployeeBuilder_id_7254900578
[INFO] Running com.selimhorri.pack.model.Employee_equals_151376368024
[INFO] Tests run: 1, Failures: 0, Errors: 0, Skipped: 0, Time elapsed: 0 s - in com.selimhorri.pack.model.Employee_equals_151376368024
[INFO] Running com.selimhorri.pack.model.Employee_EmployeeBuilder_init_20775749590
[INFO] Tests run: 1, Failures: 0, Errors: 0, Skipped: 0, Time elapsed: 0 s - in com.selimhorri.pack.model.Employee_EmployeeBuilder_init_20775749590
[INFO] Running com.selimhorri.pack.model.Department_getDepartmentName_17589436215
[INFO] Tests run: 1, Failures: 0, Errors: 0, Skipped: 0, Time elapsed: 0.001 s - in com.selimhorri.pack.model.Department_getDepartmentName_17589436215
[INFO] Running com.selimhorri.pack.model.Employee_getId_286385521
[INFO] Tests run: 1, Failures: 0, Errors: 0, Skipped: 0, Time elapsed: 0.001 s - in com.selimhorri.pack.model.Employee_getId_286385521
[INFO] Running com.selimhorri.pack.model.Department_canEqual_76109094321
[INFO] Tests run: 1, Failures: 0, Errors: 0, Skipped: 0, Time elapsed: 0.001 s - in com.selimhorri.pack.model.Department_canEqual_76109094321
[INFO] Running com.selimhorri.pack.model.Department_init_38400568425
[INFO] Tests run: 1, Failures: 0, Errors: 0, Skipped: 0, Time elapsed: 0.008 s - in com.selimhorri.pack.model.Department_init_38400568425
[INFO] Running com.selimhorri.pack.model.Employee_getLname_13919618163
[INFO] Tests run: 1, Failures: 0, Errors: 0, Skipped: 0, Time elapsed: 0.001 s - in com.selimhorri.pack.model.Employee_getLname_13919618163
[INFO] Running com.selimhorri.pack.model.Employee_init_193877957214
[INFO] Tests run: 1, Failures: 0, Errors: 0, Skipped: 0, Time elapsed: 0.001 s - in com.selimhorri.pack.model.Employee_init_193877957214
[INFO] Running com.selimhorri.pack.model.Employee_equals_15137636809
[INFO] Tests run: 1, Failures: 0, Errors: 0, Skipped: 0, Time elapsed: 0.001 s - in com.selimhorri.pack.model.Employee_equals_15137636809
[INFO] Running com.selimhorri.pack.model.Department_DepartmentBuilder_employees_13632550443
[INFO] Tests run: 1, Failures: 0, Errors: 0, Skipped: 0, Time elapsed: 0 s - in com.selimhorri.pack.model.Department_DepartmentBuilder_employees_13632550443
[INFO] Running com.selimhorri.pack.model.Employee_EmployeeBuilder_build_8755587885
[INFO] Tests run: 1, Failures: 0, Errors: 0, Skipped: 0, Time elapsed: 0.001 s - in com.selimhorri.pack.model.Employee_EmployeeBuilder_build_8755587885
[INFO] Running com.selimhorri.pack.model.Employee_getFname_36190702617
[INFO] Tests run: 1, Failures: 0, Errors: 0, Skipped: 0, Time elapsed: 0.002 s - in com.selimhorri.pack.model.Employee_getFname_36190702617
[INFO] Running com.selimhorri.pack.model.Department_toString_177026735923
[INFO] Tests run: 1, Failures: 0, Errors: 0, Skipped: 0, Time elapsed: 0.004 s - in com.selimhorri.pack.model.Department_toString_177026735923
[INFO] Running com.selimhorri.pack.model.Employee_setLname_9682934007
[INFO] Tests run: 1, Failures: 0, Errors: 0, Skipped: 0, Time elapsed: 0.001 s - in com.selimhorri.pack.model.Employee_setLname_9682934007
[INFO] Running com.selimhorri.pack.model.Employee_EmployeeBuilder_department_5631686744
[INFO] Tests run: 1, Failures: 0, Errors: 0, Skipped: 0, Time elapsed: 0 s - in com.selimhorri.pack.model.Employee_EmployeeBuilder_department_5631686744
[INFO] Running com.selimhorri.pack.model.Department_DepartmentBuilder_toString_95551447011
[INFO] Tests run: 1, Failures: 0, Errors: 0, Skipped: 0, Time elapsed: 0.001 s - in com.selimhorri.pack.model.Department_DepartmentBuilder_toString_95551447011
[INFO] 
[INFO] Results:
[INFO] 
[INFO] Tests run: 82, Failures: 0, Errors: 0, Skipped: 0
[INFO] 
[INFO] 
[INFO] --- jacoco-maven-plugin:0.8.11:report (report) @ embedded-mongo-playing-with-spring-boot ---
[INFO] Loading execution data file /app/target/jacoco.exec
[INFO] Analyzed bundle 'embedded-mongo-playing-with-spring-boot' with 7 classes
[INFO] 
[INFO] --- jacoco-maven-plugin:0.8.11:report (default-cli) @ embedded-mongo-playing-with-spring-boot ---
[INFO] Loading execution data file /app/target/jacoco.exec
[INFO] Analyzed bundle 'embedded-mongo-playing-with-spring-boot' with 7 classes
[INFO] ------------------------------------------------------------------------
[INFO] BUILD SUCCESS
[INFO] ------------------------------------------------------------------------
[INFO] Total time:  8.850 s
[INFO] Finished at: 2026-04-09T13:34:11Z
[INFO] ------------------------------------------------------------------------
