[INFO] Scanning for projects...
[INFO] 
[INFO] -------< com.selimhorri:embedded-mongo-playing-with-spring-boot >-------
[INFO] Building embedded-mongo-playing-with-spring-boot 0.0.1-SNAPSHOT
[INFO] --------------------------------[ jar ]---------------------------------
[INFO] 
[INFO] --- maven-clean-plugin:3.1.0:clean (default-clean) @ embedded-mongo-playing-with-spring-boot ---
[INFO] Deleting /app/target
[INFO] 
[INFO] --- jacoco-maven-plugin:0.8.11:prepare-agent (default) @ embedded-mongo-playing-with-spring-boot ---
[INFO] argLine set to -javaagent:/root/.m2/repository/org/jacoco/org.jacoco.agent/0.8.11/org.jacoco.agent-0.8.11-runtime.jar=destfile=/app/target/jacoco.exec
[INFO] 
[INFO] --- maven-resources-plugin:3.2.0:resources (default-resources) @ embedded-mongo-playing-with-spring-boot ---
[INFO] Using 'UTF-8' encoding to copy filtered resources.
[INFO] Using 'UTF-8' encoding to copy filtered properties files.
[INFO] Copying 3 resources
[INFO] Copying 0 resource
[INFO] 
[INFO] --- maven-compiler-plugin:3.8.1:compile (default-compile) @ embedded-mongo-playing-with-spring-boot ---
[INFO] Changes detected - recompiling the module!
[INFO] Compiling 7 source files to /app/target/classes
[INFO] 
[INFO] --- build-helper-maven-plugin:3.3.0:add-test-source (add-kex-test-source) @ embedded-mongo-playing-with-spring-boot ---
[INFO] Test Source directory: /app/src/test/java/kex-tests added.
[INFO] 
[INFO] --- maven-resources-plugin:3.2.0:testResources (default-testResources) @ embedded-mongo-playing-with-spring-boot ---
[INFO] Using 'UTF-8' encoding to copy filtered resources.
[INFO] Using 'UTF-8' encoding to copy filtered properties files.
[INFO] skip non existing resourceDirectory /app/src/test/resources
[INFO] 
[INFO] --- maven-compiler-plugin:3.8.1:testCompile (default-testCompile) @ embedded-mongo-playing-with-spring-boot ---
[INFO] Changes detected - recompiling the module!
[INFO] Compiling 85 source files to /app/target/test-classes
[WARNING] /app/src/test/java/kex-tests/tests/com/selimhorri/pack/model/ReflectionUtils.java:[9,16] sun.misc.Unsafe is internal proprietary API and may be removed in a future release
[WARNING] /app/src/test/java/kex-tests/tests/com/selimhorri/pack/model/ReflectionUtils.java:[9,16] sun.misc.Unsafe is internal proprietary API and may be removed in a future release
[WARNING] /app/src/test/java/kex-tests/tests/com/selimhorri/pack/model/ReflectionUtils.java:[9,16] sun.misc.Unsafe is internal proprietary API and may be removed in a future release
[WARNING] /app/src/test/java/kex-tests/tests/com/selimhorri/pack/model/ReflectionUtils.java:[9,16] sun.misc.Unsafe is internal proprietary API and may be removed in a future release
[WARNING] /app/src/test/java/kex-tests/tests/com/selimhorri/pack/model/ReflectionUtils.java:[9,16] sun.misc.Unsafe is internal proprietary API and may be removed in a future release
[WARNING] /app/src/test/java/kex-tests/tests/com/selimhorri/pack/model/ReflectionUtils.java:[13,25] sun.misc.Unsafe is internal proprietary API and may be removed in a future release
[WARNING] /app/src/test/java/kex-tests/tests/com/selimhorri/pack/model/ReflectionUtils.java:[13,25] sun.misc.Unsafe is internal proprietary API and may be removed in a future release
[WARNING] /app/src/test/java/kex-tests/tests/com/selimhorri/pack/model/ReflectionUtils.java:[13,25] sun.misc.Unsafe is internal proprietary API and may be removed in a future release
[WARNING] /app/src/test/java/kex-tests/tests/com/selimhorri/pack/model/ReflectionUtils.java:[13,25] sun.misc.Unsafe is internal proprietary API and may be removed in a future release
[WARNING] /app/src/test/java/kex-tests/tests/com/selimhorri/pack/model/ReflectionUtils.java:[13,25] sun.misc.Unsafe is internal proprietary API and may be removed in a future release
[WARNING] /app/src/test/java/kex-tests/tests/com/selimhorri/pack/model/ReflectionUtils.java:[17,31] sun.misc.Unsafe is internal proprietary API and may be removed in a future release
[WARNING] /app/src/test/java/kex-tests/tests/com/selimhorri/pack/model/ReflectionUtils.java:[19,23] sun.misc.Unsafe is internal proprietary API and may be removed in a future release
[INFO] /app/src/test/java/kex-tests/tests/com/selimhorri/pack/model/Employee_EmployeeBuilder_toString_16719364866.java: Some input files use unchecked or unsafe operations.
[INFO] /app/src/test/java/kex-tests/tests/com/selimhorri/pack/model/Employee_EmployeeBuilder_toString_16719364866.java: Recompile with -Xlint:unchecked for details.
[INFO] 
[INFO] --- maven-surefire-plugin:2.22.2:test (default-test) @ embedded-mongo-playing-with-spring-boot ---
[INFO] 
[INFO] -------------------------------------------------------
[INFO]  T E S T S
[INFO] -------------------------------------------------------
[INFO] Running com.selimhorri.pack.model.Employee_canEqual_70960105110
[INFO] Tests run: 1, Failures: 0, Errors: 0, Skipped: 0, Time elapsed: 0.032 s - in com.selimhorri.pack.model.Employee_canEqual_70960105110
[INFO] Running com.selimhorri.pack.model.Department_toString_177026735910
[INFO] Tests run: 1, Failures: 0, Errors: 0, Skipped: 0, Time elapsed: 0.015 s - in com.selimhorri.pack.model.Department_toString_177026735910
[INFO] Running com.selimhorri.pack.model.Department_getEmployees_8384810253
[INFO] Tests run: 1, Failures: 0, Errors: 0, Skipped: 0, Time elapsed: 0.001 s - in com.selimhorri.pack.model.Department_getEmployees_8384810253
[INFO] Running com.selimhorri.pack.model.Employee_EmployeeBuilder_fname_14504868359
[INFO] Tests run: 1, Failures: 0, Errors: 0, Skipped: 0, Time elapsed: 0 s - in com.selimhorri.pack.model.Employee_EmployeeBuilder_fname_14504868359
[INFO] Running com.selimhorri.pack.model.Employee_setDepartment_15154909878
[INFO] Tests run: 1, Failures: 0, Errors: 0, Skipped: 0, Time elapsed: 0 s - in com.selimhorri.pack.model.Employee_setDepartment_15154909878
[INFO] Running com.selimhorri.pack.model.Department_init_122481150811
[INFO] Tests run: 1, Failures: 0, Errors: 0, Skipped: 0, Time elapsed: 0 s - in com.selimhorri.pack.model.Department_init_122481150811
[INFO] Running com.selimhorri.pack.model.Employee_hashCode_196245035511
[INFO] Tests run: 1, Failures: 0, Errors: 0, Skipped: 0, Time elapsed: 0.001 s - in com.selimhorri.pack.model.Employee_hashCode_196245035511
[INFO] Running com.selimhorri.pack.model.Department_setDepartmentName_2148714225
[INFO] Tests run: 1, Failures: 0, Errors: 0, Skipped: 0, Time elapsed: 0 s - in com.selimhorri.pack.model.Department_setDepartmentName_2148714225
[INFO] Running com.selimhorri.pack.model.Department_setDepartmentName_21487142218
[INFO] Tests run: 1, Failures: 0, Errors: 0, Skipped: 0, Time elapsed: 0 s - in com.selimhorri.pack.model.Department_setDepartmentName_21487142218
[INFO] Running com.selimhorri.pack.model.Employee_getId_2863855216
[INFO] Tests run: 1, Failures: 0, Errors: 0, Skipped: 0, Time elapsed: 0 s - in com.selimhorri.pack.model.Employee_getId_2863855216
[INFO] Running com.selimhorri.pack.model.Employee_EmployeeBuilder_lname_42043204510
[INFO] Tests run: 1, Failures: 0, Errors: 0, Skipped: 0, Time elapsed: 0 s - in com.selimhorri.pack.model.Employee_EmployeeBuilder_lname_42043204510
[INFO] Running com.selimhorri.pack.model.Department_DepartmentBuilder_toString_9555144705
[INFO] Tests run: 1, Failures: 0, Errors: 0, Skipped: 0, Time elapsed: 0 s - in com.selimhorri.pack.model.Department_DepartmentBuilder_toString_9555144705
[INFO] Running com.selimhorri.pack.model.Employee_canEqual_70960105125
[INFO] Tests run: 1, Failures: 0, Errors: 0, Skipped: 0, Time elapsed: 0 s - in com.selimhorri.pack.model.Employee_canEqual_70960105125
[INFO] Running com.selimhorri.pack.model.Department_builder_190402073513
[INFO] Tests run: 1, Failures: 0, Errors: 0, Skipped: 0, Time elapsed: 0.001 s - in com.selimhorri.pack.model.Department_builder_190402073513
[INFO] Running com.selimhorri.pack.model.Department_DepartmentBuilder_init_15009703210
[INFO] Tests run: 1, Failures: 0, Errors: 0, Skipped: 0, Time elapsed: 0 s - in com.selimhorri.pack.model.Department_DepartmentBuilder_init_15009703210
[INFO] Running com.selimhorri.pack.model.Employee_EmployeeBuilder_build_87555878812
[INFO] Tests run: 1, Failures: 0, Errors: 0, Skipped: 0, Time elapsed: 0 s - in com.selimhorri.pack.model.Employee_EmployeeBuilder_build_87555878812
[INFO] Running com.selimhorri.pack.model.Department_DepartmentBuilder_build_18674145044
[INFO] Tests run: 1, Failures: 0, Errors: 0, Skipped: 0, Time elapsed: 0 s - in com.selimhorri.pack.model.Department_DepartmentBuilder_build_18674145044
[INFO] Running com.selimhorri.pack.model.Department_DepartmentBuilder_init_15009703216
[INFO] Tests run: 1, Failures: 0, Errors: 0, Skipped: 0, Time elapsed: 0.001 s - in com.selimhorri.pack.model.Department_DepartmentBuilder_init_15009703216
[INFO] Running com.selimhorri.pack.model.Employee_EmployeeBuilder_id_7254900571
[INFO] Tests run: 1, Failures: 0, Errors: 0, Skipped: 0, Time elapsed: 0.001 s - in com.selimhorri.pack.model.Employee_EmployeeBuilder_id_7254900571
[INFO] Running com.selimhorri.pack.model.Department_init_38400568412
[INFO] Tests run: 1, Failures: 0, Errors: 0, Skipped: 0, Time elapsed: 0 s - in com.selimhorri.pack.model.Department_init_38400568412
[INFO] Running com.selimhorri.pack.model.Employee_setDepartment_151549098723
[INFO] Tests run: 1, Failures: 0, Errors: 0, Skipped: 0, Time elapsed: 0.001 s - in com.selimhorri.pack.model.Employee_setDepartment_151549098723
[INFO] Running com.selimhorri.pack.model.Department_DepartmentBuilder_id_4296843437
[INFO] Tests run: 1, Failures: 0, Errors: 0, Skipped: 0, Time elapsed: 0 s - in com.selimhorri.pack.model.Department_DepartmentBuilder_id_4296843437
[INFO] Running com.selimhorri.pack.model.Employee_EmployeeBuilder_lname_4204320453
[INFO] Tests run: 1, Failures: 0, Errors: 0, Skipped: 0, Time elapsed: 0.001 s - in com.selimhorri.pack.model.Employee_EmployeeBuilder_lname_4204320453
[INFO] Running com.selimhorri.pack.model.Employee_getLname_139196181618
[INFO] Tests run: 1, Failures: 0, Errors: 0, Skipped: 0, Time elapsed: 0 s - in com.selimhorri.pack.model.Employee_getLname_139196181618
[INFO] Running com.selimhorri.pack.model.Department_setId_38049251617
[INFO] Tests run: 1, Failures: 0, Errors: 0, Skipped: 0, Time elapsed: 0 s - in com.selimhorri.pack.model.Department_setId_38049251617
[INFO] Running com.selimhorri.pack.model.Department_DepartmentBuilder_build_186741450410
[INFO] Tests run: 1, Failures: 0, Errors: 0, Skipped: 0, Time elapsed: 0 s - in com.selimhorri.pack.model.Department_DepartmentBuilder_build_186741450410
[INFO] Running com.selimhorri.pack.model.Department_setEmployees_45461309319
[INFO] Tests run: 1, Failures: 0, Errors: 0, Skipped: 0, Time elapsed: 0 s - in com.selimhorri.pack.model.Department_setEmployees_45461309319
[INFO] Running com.selimhorri.pack.model.Employee_setFname_617613906
[INFO] Tests run: 1, Failures: 0, Errors: 0, Skipped: 0, Time elapsed: 0 s - in com.selimhorri.pack.model.Employee_setFname_617613906
[INFO] Running com.selimhorri.pack.model.Department_canEqual_7610909438
[INFO] Tests run: 1, Failures: 0, Errors: 0, Skipped: 0, Time elapsed: 0 s - in com.selimhorri.pack.model.Department_canEqual_7610909438
[INFO] Running com.selimhorri.pack.model.Employee_toString_182175725112
[INFO] Tests run: 1, Failures: 0, Errors: 0, Skipped: 0, Time elapsed: 0 s - in com.selimhorri.pack.model.Employee_toString_182175725112
[INFO] Running com.selimhorri.pack.model.Employee_EmployeeBuilder_toString_167193648613
[INFO] Tests run: 1, Failures: 0, Errors: 0, Skipped: 0, Time elapsed: 0.001 s - in com.selimhorri.pack.model.Employee_EmployeeBuilder_toString_167193648613
[INFO] Running com.selimhorri.pack.model.Employee_getDepartment_80646551519
[INFO] Tests run: 1, Failures: 0, Errors: 0, Skipped: 0, Time elapsed: 0 s - in com.selimhorri.pack.model.Employee_getDepartment_80646551519
[INFO] Running com.selimhorri.pack.model.Employee_getDepartment_8064655154
[INFO] Tests run: 1, Failures: 0, Errors: 0, Skipped: 0, Time elapsed: 0 s - in com.selimhorri.pack.model.Employee_getDepartment_8064655154
[INFO] Running com.selimhorri.pack.model.Employee_builder_15167582430
[INFO] Tests run: 1, Failures: 0, Errors: 0, Skipped: 0, Time elapsed: 0 s - in com.selimhorri.pack.model.Employee_builder_15167582430
[INFO] Running com.selimhorri.pack.model.Department_getDepartmentName_1758943622
[INFO] Tests run: 1, Failures: 0, Errors: 0, Skipped: 0, Time elapsed: 0 s - in com.selimhorri.pack.model.Department_getDepartmentName_1758943622
[INFO] Running com.selimhorri.pack.model.Employee_hashCode_196245035526
[INFO] Tests run: 1, Failures: 0, Errors: 0, Skipped: 0, Time elapsed: 0 s - in com.selimhorri.pack.model.Employee_hashCode_196245035526
[INFO] Running com.selimhorri.pack.model.Employee_setLname_96829340022
[INFO] Tests run: 1, Failures: 0, Errors: 0, Skipped: 0, Time elapsed: 0 s - in com.selimhorri.pack.model.Employee_setLname_96829340022
[INFO] Running com.selimhorri.pack.model.Department_equals_156525357220
[INFO] Tests run: 1, Failures: 0, Errors: 0, Skipped: 0, Time elapsed: 0 s - in com.selimhorri.pack.model.Department_equals_156525357220
[INFO] Running com.selimhorri.pack.model.Employee_builder_151675824315
[INFO] Tests run: 1, Failures: 0, Errors: 0, Skipped: 0, Time elapsed: 0.001 s - in com.selimhorri.pack.model.Employee_builder_151675824315
[INFO] Running com.selimhorri.pack.model.Department_builder_19040207350
[INFO] Tests run: 1, Failures: 0, Errors: 0, Skipped: 0, Time elapsed: 0 s - in com.selimhorri.pack.model.Department_builder_19040207350
[INFO] Running com.selimhorri.pack.model.Department_DepartmentBuilder_departmentName_17342263938
[INFO] Tests run: 1, Failures: 0, Errors: 0, Skipped: 0, Time elapsed: 0.001 s - in com.selimhorri.pack.model.Department_DepartmentBuilder_departmentName_17342263938
[INFO] Running com.selimhorri.pack.model.Employee_getFname_3619070262
[INFO] Tests run: 1, Failures: 0, Errors: 0, Skipped: 0, Time elapsed: 0 s - in com.selimhorri.pack.model.Employee_getFname_3619070262
[INFO] Running com.selimhorri.pack.model.Department_setEmployees_4546130936
[INFO] Tests run: 1, Failures: 0, Errors: 0, Skipped: 0, Time elapsed: 0 s - in com.selimhorri.pack.model.Department_setEmployees_4546130936
[INFO] Running com.selimhorri.pack.model.Employee_init_127630140013
[INFO] Tests run: 1, Failures: 0, Errors: 0, Skipped: 0, Time elapsed: 0 s - in com.selimhorri.pack.model.Employee_init_127630140013
[INFO] Running com.selimhorri.pack.model.Employee_EmployeeBuilder_init_20775749597
[INFO] Tests run: 1, Failures: 0, Errors: 0, Skipped: 0, Time elapsed: 0.001 s - in com.selimhorri.pack.model.Employee_EmployeeBuilder_init_20775749597
[INFO] Running com.selimhorri.pack.model.Employee_setId_32900262420
[INFO] Tests run: 1, Failures: 0, Errors: 0, Skipped: 0, Time elapsed: 0 s - in com.selimhorri.pack.model.Employee_setId_32900262420
[INFO] Running com.selimhorri.pack.model.Department_getId_801284441
[INFO] Tests run: 1, Failures: 0, Errors: 0, Skipped: 0, Time elapsed: 0 s - in com.selimhorri.pack.model.Department_getId_801284441
[INFO] Running com.selimhorri.pack.model.Employee_init_127630140028
[INFO] Tests run: 1, Failures: 0, Errors: 0, Skipped: 0, Time elapsed: 0 s - in com.selimhorri.pack.model.Employee_init_127630140028
[INFO] Running com.selimhorri.pack.model.Department_DepartmentBuilder_employees_13632550449
[INFO] Tests run: 1, Failures: 0, Errors: 0, Skipped: 0, Time elapsed: 0 s - in com.selimhorri.pack.model.Department_DepartmentBuilder_employees_13632550449
[INFO] Running com.selimhorri.pack.model.Department_hashCode_201394024722
[INFO] Tests run: 1, Failures: 0, Errors: 0, Skipped: 0, Time elapsed: 0 s - in com.selimhorri.pack.model.Department_hashCode_201394024722
[INFO] Running com.selimhorri.pack.model.Employee_setId_3290026245
[INFO] Tests run: 1, Failures: 0, Errors: 0, Skipped: 0, Time elapsed: 0 s - in com.selimhorri.pack.model.Employee_setId_3290026245
[INFO] Running com.selimhorri.pack.model.Department_DepartmentBuilder_departmentName_17342263932
[INFO] Tests run: 1, Failures: 0, Errors: 0, Skipped: 0, Time elapsed: 0 s - in com.selimhorri.pack.model.Department_DepartmentBuilder_departmentName_17342263932
[INFO] Running com.selimhorri.pack.model.Employee_setFname_6176139021
[INFO] Tests run: 1, Failures: 0, Errors: 0, Skipped: 0, Time elapsed: 0 s - in com.selimhorri.pack.model.Employee_setFname_6176139021
[INFO] Running com.selimhorri.pack.model.Department_init_122481150824
[INFO] Tests run: 1, Failures: 0, Errors: 0, Skipped: 0, Time elapsed: 0 s - in com.selimhorri.pack.model.Department_init_122481150824
[INFO] Running com.selimhorri.pack.model.Department_DepartmentBuilder_id_4296843431
[INFO] Tests run: 1, Failures: 0, Errors: 0, Skipped: 0, Time elapsed: 0 s - in com.selimhorri.pack.model.Department_DepartmentBuilder_id_4296843431
[INFO] Running com.selimhorri.pack.model.Department_setId_3804925164
[INFO] Tests run: 1, Failures: 0, Errors: 0, Skipped: 0, Time elapsed: 0.001 s - in com.selimhorri.pack.model.Department_setId_3804925164
[INFO] Running com.selimhorri.pack.model.Employee_toString_182175725127
[INFO] Tests run: 1, Failures: 0, Errors: 0, Skipped: 0, Time elapsed: 0 s - in com.selimhorri.pack.model.Employee_toString_182175725127
[INFO] Running com.selimhorri.pack.model.Department_equals_15652535727
[INFO] Tests run: 1, Failures: 0, Errors: 0, Skipped: 0, Time elapsed: 0 s - in com.selimhorri.pack.model.Department_equals_15652535727
[INFO] Running com.selimhorri.pack.model.Department_hashCode_20139402479
[INFO] Tests run: 1, Failures: 0, Errors: 0, Skipped: 0, Time elapsed: 0 s - in com.selimhorri.pack.model.Department_hashCode_20139402479
[INFO] Running com.selimhorri.pack.model.Department_getId_8012844414
[INFO] Tests run: 1, Failures: 0, Errors: 0, Skipped: 0, Time elapsed: 0 s - in com.selimhorri.pack.model.Department_getId_8012844414
[INFO] Running com.selimhorri.pack.model.Employee_EmployeeBuilder_department_56316867411
[INFO] Tests run: 1, Failures: 0, Errors: 0, Skipped: 0, Time elapsed: 0 s - in com.selimhorri.pack.model.Employee_EmployeeBuilder_department_56316867411
[INFO] Running com.selimhorri.pack.model.Department_getEmployees_83848102516
[INFO] Tests run: 1, Failures: 0, Errors: 0, Skipped: 0, Time elapsed: 0 s - in com.selimhorri.pack.model.Department_getEmployees_83848102516
[INFO] Running com.selimhorri.pack.model.Employee_init_193877957229
[INFO] Tests run: 1, Failures: 0, Errors: 0, Skipped: 0, Time elapsed: 0 s - in com.selimhorri.pack.model.Employee_init_193877957229
[INFO] Running com.selimhorri.pack.model.Employee_EmployeeBuilder_fname_14504868352
[INFO] Tests run: 1, Failures: 0, Errors: 0, Skipped: 0, Time elapsed: 0 s - in com.selimhorri.pack.model.Employee_EmployeeBuilder_fname_14504868352
[INFO] Running com.selimhorri.pack.model.Employee_EmployeeBuilder_toString_16719364866
[INFO] Tests run: 1, Failures: 0, Errors: 0, Skipped: 0, Time elapsed: 0 s - in com.selimhorri.pack.model.Employee_EmployeeBuilder_toString_16719364866
[INFO] Running com.selimhorri.pack.model.Employee_EmployeeBuilder_id_7254900578
[INFO] Tests run: 1, Failures: 0, Errors: 0, Skipped: 0, Time elapsed: 0 s - in com.selimhorri.pack.model.Employee_EmployeeBuilder_id_7254900578
[INFO] Running com.selimhorri.pack.model.Employee_equals_151376368024
[INFO] Tests run: 1, Failures: 0, Errors: 0, Skipped: 0, Time elapsed: 0 s - in com.selimhorri.pack.model.Employee_equals_151376368024
[INFO] Running com.selimhorri.pack.model.Employee_EmployeeBuilder_init_20775749590
[INFO] Tests run: 1, Failures: 0, Errors: 0, Skipped: 0, Time elapsed: 0 s - in com.selimhorri.pack.model.Employee_EmployeeBuilder_init_20775749590
[INFO] Running com.selimhorri.pack.model.Department_getDepartmentName_17589436215
[INFO] Tests run: 1, Failures: 0, Errors: 0, Skipped: 0, Time elapsed: 0 s - in com.selimhorri.pack.model.Department_getDepartmentName_17589436215
[INFO] Running com.selimhorri.pack.model.Employee_getId_286385521
[INFO] Tests run: 1, Failures: 0, Errors: 0, Skipped: 0, Time elapsed: 0 s - in com.selimhorri.pack.model.Employee_getId_286385521
[INFO] Running com.selimhorri.pack.model.Department_canEqual_76109094321
[INFO] Tests run: 1, Failures: 0, Errors: 0, Skipped: 0, Time elapsed: 0 s - in com.selimhorri.pack.model.Department_canEqual_76109094321
[INFO] Running com.selimhorri.pack.model.Department_init_38400568425
[INFO] Tests run: 1, Failures: 0, Errors: 0, Skipped: 0, Time elapsed: 0.001 s - in com.selimhorri.pack.model.Department_init_38400568425
[INFO] Running com.selimhorri.pack.model.Employee_getLname_13919618163
[INFO] Tests run: 1, Failures: 0, Errors: 0, Skipped: 0, Time elapsed: 0 s - in com.selimhorri.pack.model.Employee_getLname_13919618163
[INFO] Running com.selimhorri.pack.model.Employee_init_193877957214
[INFO] Tests run: 1, Failures: 0, Errors: 0, Skipped: 0, Time elapsed: 0 s - in com.selimhorri.pack.model.Employee_init_193877957214
[INFO] Running com.selimhorri.pack.model.Employee_equals_15137636809
[INFO] Tests run: 1, Failures: 0, Errors: 0, Skipped: 0, Time elapsed: 0 s - in com.selimhorri.pack.model.Employee_equals_15137636809
[INFO] Running com.selimhorri.pack.model.Department_DepartmentBuilder_employees_13632550443
[INFO] Tests run: 1, Failures: 0, Errors: 0, Skipped: 0, Time elapsed: 0 s - in com.selimhorri.pack.model.Department_DepartmentBuilder_employees_13632550443
[INFO] Running com.selimhorri.pack.model.Employee_EmployeeBuilder_build_8755587885
[INFO] Tests run: 1, Failures: 0, Errors: 0, Skipped: 0, Time elapsed: 0 s - in com.selimhorri.pack.model.Employee_EmployeeBuilder_build_8755587885
[INFO] Running com.selimhorri.pack.model.Employee_getFname_36190702617
[INFO] Tests run: 1, Failures: 0, Errors: 0, Skipped: 0, Time elapsed: 0 s - in com.selimhorri.pack.model.Employee_getFname_36190702617
[INFO] Running com.selimhorri.pack.model.Department_toString_177026735923
[INFO] Tests run: 1, Failures: 0, Errors: 0, Skipped: 0, Time elapsed: 0 s - in com.selimhorri.pack.model.Department_toString_177026735923
[INFO] Running com.selimhorri.pack.model.Employee_setLname_9682934007
[INFO] Tests run: 1, Failures: 0, Errors: 0, Skipped: 0, Time elapsed: 0 s - in com.selimhorri.pack.model.Employee_setLname_9682934007
[INFO] Running com.selimhorri.pack.model.Employee_EmployeeBuilder_department_5631686744
[INFO] Tests run: 1, Failures: 0, Errors: 0, Skipped: 0, Time elapsed: 0 s - in com.selimhorri.pack.model.Employee_EmployeeBuilder_department_5631686744
[INFO] Running com.selimhorri.pack.model.Department_DepartmentBuilder_toString_95551447011
[INFO] Tests run: 1, Failures: 0, Errors: 0, Skipped: 0, Time elapsed: 0 s - in com.selimhorri.pack.model.Department_DepartmentBuilder_toString_95551447011
[INFO] Running com.selimhorri.pack.EmbeddedMongoPlayingWithSpringBootApplicationTests
01:50:07.003 [main] DEBUG org.springframework.test.context.BootstrapUtils - Instantiating CacheAwareContextLoaderDelegate from class [org.springframework.test.context.cache.DefaultCacheAwareContextLoaderDelegate]
01:50:07.145 [main] DEBUG org.springframework.test.context.BootstrapUtils - Instantiating BootstrapContext using constructor [public org.springframework.test.context.support.DefaultBootstrapContext(java.lang.Class,org.springframework.test.context.CacheAwareContextLoaderDelegate)]
01:50:07.375 [main] DEBUG org.springframework.test.context.BootstrapUtils - Instantiating TestContextBootstrapper for test class [com.selimhorri.pack.EmbeddedMongoPlayingWithSpringBootApplicationTests] from class [org.springframework.boot.test.context.SpringBootTestContextBootstrapper]
01:50:07.484 [main] INFO org.springframework.boot.test.context.SpringBootTestContextBootstrapper - Neither @ContextConfiguration nor @ContextHierarchy found for test class [com.selimhorri.pack.EmbeddedMongoPlayingWithSpringBootApplicationTests], using SpringBootContextLoader
01:50:07.575 [main] DEBUG org.springframework.test.context.support.AbstractContextLoader - Did not detect default resource location for test class [com.selimhorri.pack.EmbeddedMongoPlayingWithSpringBootApplicationTests]: class path resource [com/selimhorri/pack/EmbeddedMongoPlayingWithSpringBootApplicationTests-context.xml] does not exist
01:50:07.583 [main] DEBUG org.springframework.test.context.support.AbstractContextLoader - Did not detect default resource location for test class [com.selimhorri.pack.EmbeddedMongoPlayingWithSpringBootApplicationTests]: class path resource [com/selimhorri/pack/EmbeddedMongoPlayingWithSpringBootApplicationTestsContext.groovy] does not exist
01:50:07.587 [main] INFO org.springframework.test.context.support.AbstractContextLoader - Could not detect default resource locations for test class [com.selimhorri.pack.EmbeddedMongoPlayingWithSpringBootApplicationTests]: no resource found for suffixes {-context.xml, Context.groovy}.
01:50:07.590 [main] INFO org.springframework.test.context.support.AnnotationConfigContextLoaderUtils - Could not detect default configuration classes for test class [com.selimhorri.pack.EmbeddedMongoPlayingWithSpringBootApplicationTests]: EmbeddedMongoPlayingWithSpringBootApplicationTests does not declare any static, non-private, non-final, nested classes annotated with @Configuration.
01:50:07.745 [main] DEBUG org.springframework.test.context.support.ActiveProfilesUtils - Could not find an 'annotation declaring class' for annotation type [org.springframework.test.context.ActiveProfiles] and class [com.selimhorri.pack.EmbeddedMongoPlayingWithSpringBootApplicationTests]
01:50:07.959 [main] DEBUG org.springframework.context.annotation.ClassPathScanningCandidateComponentProvider - Identified candidate component class: file [/app/target/classes/com/selimhorri/pack/EmbeddedMongoPlayingWithSpringBootApplication.class]
01:50:07.961 [main] INFO org.springframework.boot.test.context.SpringBootTestContextBootstrapper - Found @SpringBootConfiguration com.selimhorri.pack.EmbeddedMongoPlayingWithSpringBootApplication for test class com.selimhorri.pack.EmbeddedMongoPlayingWithSpringBootApplicationTests
01:50:08.302 [main] DEBUG org.springframework.boot.test.context.SpringBootTestContextBootstrapper - @TestExecutionListeners is not present for class [com.selimhorri.pack.EmbeddedMongoPlayingWithSpringBootApplicationTests]: using defaults.
01:50:08.308 [main] INFO org.springframework.boot.test.context.SpringBootTestContextBootstrapper - Loaded default TestExecutionListener class names from location [META-INF/spring.factories]: [org.springframework.boot.test.mock.mockito.MockitoTestExecutionListener, org.springframework.boot.test.mock.mockito.ResetMocksTestExecutionListener, org.springframework.boot.test.autoconfigure.restdocs.RestDocsTestExecutionListener, org.springframework.boot.test.autoconfigure.web.client.MockRestServiceServerResetTestExecutionListener, org.springframework.boot.test.autoconfigure.web.servlet.MockMvcPrintOnlyOnFailureTestExecutionListener, org.springframework.boot.test.autoconfigure.web.servlet.WebDriverTestExecutionListener, org.springframework.boot.test.autoconfigure.webservices.client.MockWebServiceServerTestExecutionListener, org.springframework.test.context.web.ServletTestExecutionListener, org.springframework.test.context.support.DirtiesContextBeforeModesTestExecutionListener, org.springframework.test.context.event.ApplicationEventsTestExecutionListener, org.springframework.test.context.support.DependencyInjectionTestExecutionListener, org.springframework.test.context.support.DirtiesContextTestExecutionListener, org.springframework.test.context.transaction.TransactionalTestExecutionListener, org.springframework.test.context.jdbc.SqlScriptsTestExecutionListener, org.springframework.test.context.event.EventPublishingTestExecutionListener]
01:50:08.364 [main] INFO org.springframework.boot.test.context.SpringBootTestContextBootstrapper - Using TestExecutionListeners: [org.springframework.test.context.web.ServletTestExecutionListener@6b278b17, org.springframework.test.context.support.DirtiesContextBeforeModesTestExecutionListener@2ae5580, org.springframework.test.context.event.ApplicationEventsTestExecutionListener@4203529f, org.springframework.boot.test.mock.mockito.MockitoTestExecutionListener@7d82ca56, org.springframework.boot.test.autoconfigure.SpringBootDependencyInjectionTestExecutionListener@2aaa89c2, org.springframework.test.context.support.DirtiesContextTestExecutionListener@5a58db42, org.springframework.test.context.transaction.TransactionalTestExecutionListener@217fd3c, org.springframework.test.context.jdbc.SqlScriptsTestExecutionListener@69ac5752, org.springframework.test.context.event.EventPublishingTestExecutionListener@1736273c, org.springframework.boot.test.mock.mockito.ResetMocksTestExecutionListener@ba86c53, org.springframework.boot.test.autoconfigure.restdocs.RestDocsTestExecutionListener@36eb8e07, org.springframework.boot.test.autoconfigure.web.client.MockRestServiceServerResetTestExecutionListener@3df6494f, org.springframework.boot.test.autoconfigure.web.servlet.MockMvcPrintOnlyOnFailureTestExecutionListener@1b5f960a, org.springframework.boot.test.autoconfigure.web.servlet.WebDriverTestExecutionListener@53ddabc6, org.springframework.boot.test.autoconfigure.webservices.client.MockWebServiceServerTestExecutionListener@39ac8c0c]
01:50:08.380 [main] DEBUG org.springframework.test.context.support.AbstractDirtiesContextTestExecutionListener - Before test class: context [DefaultTestContext@9746157 testClass = EmbeddedMongoPlayingWithSpringBootApplicationTests, testInstance = [null], testMethod = [null], testException = [null], mergedContextConfiguration = [WebMergedContextConfiguration@10ad95cd testClass = EmbeddedMongoPlayingWithSpringBootApplicationTests, locations = '{}', classes = '{class com.selimhorri.pack.EmbeddedMongoPlayingWithSpringBootApplication}', contextInitializerClasses = '[]', activeProfiles = '{}', propertySourceLocations = '{}', propertySourceProperties = '{org.springframework.boot.test.context.SpringBootTestContextBootstrapper=true}', contextCustomizers = set[org.springframework.boot.test.context.filter.ExcludeFilterContextCustomizer@5b02a984, org.springframework.boot.test.json.DuplicateJsonObjectContextCustomizerFactory$DuplicateJsonObjectContextCustomizer@38732364, org.springframework.boot.test.mock.mockito.MockitoContextCustomizer@0, org.springframework.boot.test.web.client.TestRestTemplateContextCustomizer@4ffced4e, org.springframework.boot.test.autoconfigure.actuate.metrics.MetricsExportContextCustomizerFactory$DisableMetricExportContextCustomizer@45554613, org.springframework.boot.test.autoconfigure.properties.PropertyMappingContextCustomizer@0, org.springframework.boot.test.autoconfigure.web.servlet.WebDriverContextCustomizerFactory$Customizer@72c9ebfa, org.springframework.boot.test.context.SpringBootTestArgs@1, org.springframework.boot.test.context.SpringBootTestWebEnvironment@2a037324], resourceBasePath = 'src/main/webapp', contextLoader = 'org.springframework.boot.test.context.SpringBootContextLoader', parent = [null]], attributes = map['org.springframework.test.context.web.ServletTestExecutionListener.activateListener' -> true]], class annotated with @DirtiesContext [false] with mode [null].
01:50:08.487 [main] DEBUG org.springframework.test.context.support.TestPropertySourceUtils - Adding inlined properties to environment: {spring.jmx.enabled=false, org.springframework.boot.test.context.SpringBootTestContextBootstrapper=true}

  .   ____          _            __ _ _
 /\\ / ___'_ __ _ _(_)_ __  __ _ \ \ \ \
( ( )\___ | '_ | '_| | '_ \/ _` | \ \ \ \
 \\/  ___)| |_)| | | | | || (_| |  ) ) ) )
  '  |____| .__|_| |_|_| |_\__, | / / / /
 =========|_|==============|___/=/_/_/_/
 :: Spring Boot ::                (v2.4.8)

2026-04-08 01:50:09.769  INFO 71 --- [           main] ngoPlayingWithSpringBootApplicationTests : Starting EmbeddedMongoPlayingWithSpringBootApplicationTests using Java 11.0.16 on f171dc922a88 with PID 71 (started by root in /app)
2026-04-08 01:50:09.770  INFO 71 --- [           main] ngoPlayingWithSpringBootApplicationTests : The following profiles are active: dev
2026-04-08 01:50:10.663  INFO 71 --- [           main] .s.d.r.c.RepositoryConfigurationDelegate : Bootstrapping Spring Data MongoDB repositories in DEFAULT mode.
2026-04-08 01:50:10.712  INFO 71 --- [           main] .s.d.r.c.RepositoryConfigurationDelegate : Finished Spring Data repository scanning in 45 ms. Found 2 MongoDB repository interfaces.
2026-04-08 01:50:11.137  INFO 71 --- [           main] o.s.b.a.mongo.embedded.EmbeddedMongo     : Download Version{3.5.5}:Linux:B64 : starting...
2026-04-08 01:50:12.006  INFO 71 --- [           main] o.s.b.a.mongo.embedded.EmbeddedMongo     : Download Version{3.5.5}:Linux:B64 : DownloadSize: 87554471
2026-04-08 01:50:12.014  INFO 71 --- [           main] o.s.b.a.mongo.embedded.EmbeddedMongo     : Download Version{3.5.5}:Linux:B64 : 0 %
2026-04-08 01:50:12.888  INFO 71 --- [           main] o.s.b.a.mongo.embedded.EmbeddedMongo     : Download Version{3.5.5}:Linux:B64 : 10 %
2026-04-08 01:50:13.513  INFO 71 --- [           main] o.s.b.a.mongo.embedded.EmbeddedMongo     : Download Version{3.5.5}:Linux:B64 : 20 %
2026-04-08 01:50:14.297  INFO 71 --- [           main] o.s.b.a.mongo.embedded.EmbeddedMongo     : Download Version{3.5.5}:Linux:B64 : 30 %
2026-04-08 01:50:15.008  INFO 71 --- [           main] o.s.b.a.mongo.embedded.EmbeddedMongo     : Download Version{3.5.5}:Linux:B64 : 40 %
2026-04-08 01:50:15.752  INFO 71 --- [           main] o.s.b.a.mongo.embedded.EmbeddedMongo     : Download Version{3.5.5}:Linux:B64 : 50 %
2026-04-08 01:50:16.499  INFO 71 --- [           main] o.s.b.a.mongo.embedded.EmbeddedMongo     : Download Version{3.5.5}:Linux:B64 : 60 %
2026-04-08 01:50:17.290  INFO 71 --- [           main] o.s.b.a.mongo.embedded.EmbeddedMongo     : Download Version{3.5.5}:Linux:B64 : 70 %
2026-04-08 01:50:17.996  INFO 71 --- [           main] o.s.b.a.mongo.embedded.EmbeddedMongo     : Download Version{3.5.5}:Linux:B64 : 80 %
2026-04-08 01:50:18.753  INFO 71 --- [           main] o.s.b.a.mongo.embedded.EmbeddedMongo     : Download Version{3.5.5}:Linux:B64 : 90 %
2026-04-08 01:50:19.494  INFO 71 --- [           main] o.s.b.a.mongo.embedded.EmbeddedMongo     : Download Version{3.5.5}:Linux:B64 : 100 %
2026-04-08 01:50:19.495  INFO 71 --- [           main] o.s.b.a.mongo.embedded.EmbeddedMongo     : Download Version{3.5.5}:Linux:B64 : downloaded with 12214kb/s
2026-04-08 01:50:19.569  INFO 71 --- [           main] o.s.b.a.mongo.embedded.EmbeddedMongo     : Download Version{3.5.5}:Linux:B64 : finished
2026-04-08 01:50:19.583  INFO 71 --- [           main] o.s.b.a.mongo.embedded.EmbeddedMongo     : Extract /root/.embedmongo/linux/mongodb-linux-x86_64-3.5.5.tgz : starting...
2026-04-08 01:50:20.318  INFO 71 --- [           main] o.s.b.a.mongo.embedded.EmbeddedMongo     : Extract /root/.embedmongo/linux/mongodb-linux-x86_64-3.5.5.tgz : extract mongodb-linux-x86_64-3.5.5/bin/mongod
2026-04-08 01:50:20.319  INFO 71 --- [           main] o.s.b.a.mongo.embedded.EmbeddedMongo     : Extract /root/.embedmongo/linux/mongodb-linux-x86_64-3.5.5.tgz : nothing left
2026-04-08 01:50:20.319  INFO 71 --- [           main] o.s.b.a.mongo.embedded.EmbeddedMongo     : Extract /root/.embedmongo/linux/mongodb-linux-x86_64-3.5.5.tgz : finished
2026-04-08 01:50:20.404  INFO 71 --- [       Thread-3] o.s.b.a.mongo.embedded.EmbeddedMongo     : note: noprealloc may hurt performance in many applications
2026-04-08 01:50:20.407  INFO 71 --- [       Thread-3] o.s.b.a.mongo.embedded.EmbeddedMongo     : 2026-04-08T01:50:20.407+0000 I CONTROL  [initandlisten] MongoDB starting : pid=231 port=41787 dbpath=/tmp/embedmongo-db-d71ae5e5-af90-4d02-bb67-65a254d60998 64-bit host=f171dc922a88
2026-04-08 01:50:20.408  INFO 71 --- [       Thread-3] o.s.b.a.mongo.embedded.EmbeddedMongo     : 2026-04-08T01:50:20.408+0000 I CONTROL  [initandlisten] db version v3.5.5
2026-04-08 01:50:20.408  INFO 71 --- [       Thread-3] o.s.b.a.mongo.embedded.EmbeddedMongo     : 2026-04-08T01:50:20.408+0000 I CONTROL  [initandlisten] git version: 98515c812b6fa893613f063dae568ff8319cbfbd
2026-04-08 01:50:20.409  INFO 71 --- [       Thread-3] o.s.b.a.mongo.embedded.EmbeddedMongo     : 2026-04-08T01:50:20.409+0000 I CONTROL  [initandlisten] allocator: tcmalloc
2026-04-08 01:50:20.409  INFO 71 --- [       Thread-3] o.s.b.a.mongo.embedded.EmbeddedMongo     : 2026-04-08T01:50:20.409+0000 I CONTROL  [initandlisten] modules: none
2026-04-08 01:50:20.409  INFO 71 --- [       Thread-3] o.s.b.a.mongo.embedded.EmbeddedMongo     : 2026-04-08T01:50:20.409+0000 I CONTROL  [initandlisten] build environment:
2026-04-08 01:50:20.410  INFO 71 --- [       Thread-3] o.s.b.a.mongo.embedded.EmbeddedMongo     : 2026-04-08T01:50:20.409+0000 I CONTROL  [initandlisten]     distarch: x86_64
2026-04-08 01:50:20.410  INFO 71 --- [       Thread-3] o.s.b.a.mongo.embedded.EmbeddedMongo     : 2026-04-08T01:50:20.410+0000 I CONTROL  [initandlisten]     target_arch: x86_64
2026-04-08 01:50:20.412  INFO 71 --- [       Thread-3] o.s.b.a.mongo.embedded.EmbeddedMongo     : 2026-04-08T01:50:20.410+0000 I CONTROL  [initandlisten] options: { net: { bindIp: "127.0.0.1", http: { enabled: false }, port: 41787 }, security: { authorization: "disabled" }, storage: { dbPath: "/tmp/embedmongo-db-d71ae5e5-af90-4d02-bb67-65a254d60998", journal: { enabled: false }, mmapv1: { preallocDataFiles: false, smallFiles: true }, syncPeriodSecs: 0.0 } }
2026-04-08 01:50:20.412  INFO 71 --- [       Thread-3] o.s.b.a.mongo.embedded.EmbeddedMongo     : 2026-04-08T01:50:20.411+0000 I STORAGE  [initandlisten] wiredtiger_open config: create,cache_size=15180M,session_max=20000,eviction=(threads_min=4,threads_max=4),config_base=false,statistics=(fast),log=(enabled=true,archive=true,path=journal,compressor=snappy),file_manager=(close_idle_time=100000),checkpoint=(wait=0,log_size=2GB),statistics_log=(wait=0),verbose=(recovery_progress),,log=(enabled=false),
2026-04-08 01:50:20.451  INFO 71 --- [       Thread-3] o.s.b.a.mongo.embedded.EmbeddedMongo     : 2026-04-08T01:50:20.451+0000 W STORAGE  [initandlisten] Detected configuration for non-active storage engine mmapv1 when current storage engine is wiredTiger
2026-04-08 01:50:20.452  INFO 71 --- [       Thread-3] o.s.b.a.mongo.embedded.EmbeddedMongo     : 2026-04-08T01:50:20.452+0000 I CONTROL  [initandlisten] 
2026-04-08 01:50:20.452  INFO 71 --- [       Thread-3] o.s.b.a.mongo.embedded.EmbeddedMongo     : 2026-04-08T01:50:20.452+0000 I CONTROL  [initandlisten] ** NOTE: This is a development version (3.5.5) of MongoDB.
2026-04-08 01:50:20.453  INFO 71 --- [       Thread-3] o.s.b.a.mongo.embedded.EmbeddedMongo     : 2026-04-08T01:50:20.452+0000 I CONTROL  [initandlisten] **       Not recommended for production.
2026-04-08 01:50:20.453  INFO 71 --- [       Thread-3] o.s.b.a.mongo.embedded.EmbeddedMongo     : 2026-04-08T01:50:20.452+0000 I CONTROL  [initandlisten] ** WARNING: You are running this process as the root user, which is not recommended.
2026-04-08 01:50:20.453  INFO 71 --- [       Thread-3] o.s.b.a.mongo.embedded.EmbeddedMongo     : 2026-04-08T01:50:20.452+0000 I CONTROL  [initandlisten] 
2026-04-08 01:50:20.461  INFO 71 --- [       Thread-3] o.s.b.a.mongo.embedded.EmbeddedMongo     : 2026-04-08T01:50:20.461+0000 I FTDC     [initandlisten] Initializing full-time diagnostic data capture with directory '/tmp/embedmongo-db-d71ae5e5-af90-4d02-bb67-65a254d60998/diagnostic.data'
2026-04-08 01:50:20.477  INFO 71 --- [       Thread-3] o.s.b.a.mongo.embedded.EmbeddedMongo     : 2026-04-08T01:50:20.477+0000 I INDEX    [initandlisten] build index on: admin.system.version properties: { v: 2, key: { version: 1 }, name: "incompatible_with_version_32", ns: "admin.system.version" }
2026-04-08 01:50:20.478  INFO 71 --- [       Thread-3] o.s.b.a.mongo.embedded.EmbeddedMongo     : 2026-04-08T01:50:20.477+0000 I INDEX    [initandlisten] 	 building index using bulk method; build may temporarily use up to 500 megabytes of RAM
2026-04-08 01:50:20.479  INFO 71 --- [       Thread-3] o.s.b.a.mongo.embedded.EmbeddedMongo     : 2026-04-08T01:50:20.478+0000 I INDEX    [initandlisten] build index done.  scanned 0 total records. 0 secs
2026-04-08 01:50:20.479  INFO 71 --- [       Thread-3] o.s.b.a.mongo.embedded.EmbeddedMongo     : 2026-04-08T01:50:20.478+0000 I COMMAND  [initandlisten] setting featureCompatibilityVersion to 3.4
2026-04-08 01:50:20.480  INFO 71 --- [       Thread-3] o.s.b.a.mongo.embedded.EmbeddedMongo     : 2026-04-08T01:50:20.478+0000 I NETWORK  [thread1] waiting for connections on port 41787
2026-04-08 01:50:20.480  INFO 71 --- [           main] d.f.embed.mongo.MongodExecutable         : start de.flapdoodle.embed.mongo.config.MongodConfigBuilder$ImmutableMongodConfig@1943d46b
2026-04-08 01:50:20.595  INFO 71 --- [           main] org.mongodb.driver.cluster               : Cluster created with settings {hosts=[localhost:41787], mode=SINGLE, requiredClusterType=UNKNOWN, serverSelectionTimeout='30000 ms'}
2026-04-08 01:50:20.644  INFO 71 --- [       Thread-3] o.s.b.a.mongo.embedded.EmbeddedMongo     : 2026-04-08T01:50:20.644+0000 I NETWORK  [thread1] connection accepted from 127.0.0.1:40766 #1 (1 connection now open)
2026-04-08 01:50:20.645  INFO 71 --- [       Thread-3] o.s.b.a.mongo.embedded.EmbeddedMongo     : 2026-04-08T01:50:20.644+0000 I NETWORK  [thread1] connection accepted from 127.0.0.1:40768 #2 (2 connections now open)
2026-04-08 01:50:20.658  INFO 71 --- [       Thread-3] o.s.b.a.mongo.embedded.EmbeddedMongo     : 2026-04-08T01:50:20.657+0000 I NETWORK  [conn2] received client metadata from 127.0.0.1:40768 conn2: { driver: { name: "mongo-java-driver|sync|spring-boot", version: "4.1.2" }, os: { type: "Linux", name: "Linux", architecture: "amd64", version: "6.9.3-76060903-generic" }, platform: "Java/Oracle Corporation/11.0.16+8" }
2026-04-08 01:50:20.661  INFO 71 --- [       Thread-3] o.s.b.a.mongo.embedded.EmbeddedMongo     : 2026-04-08T01:50:20.661+0000 I NETWORK  [conn1] received client metadata from 127.0.0.1:40766 conn1: { driver: { name: "mongo-java-driver|sync|spring-boot", version: "4.1.2" }, os: { type: "Linux", name: "Linux", architecture: "amd64", version: "6.9.3-76060903-generic" }, platform: "Java/Oracle Corporation/11.0.16+8" }
2026-04-08 01:50:20.704  INFO 71 --- [localhost:41787] org.mongodb.driver.connection            : Opened connection [connectionId{localValue:2, serverValue:2}] to localhost:41787
2026-04-08 01:50:20.704  INFO 71 --- [localhost:41787] org.mongodb.driver.cluster               : Monitor thread successfully connected to server with description ServerDescription{address=localhost:41787, type=STANDALONE, state=CONNECTED, ok=true, minWireVersion=0, maxWireVersion=5, maxDocumentSize=16777216, logicalSessionTimeoutMinutes=null, roundTripTimeNanos=57162421}
2026-04-08 01:50:20.705  INFO 71 --- [localhost:41787] org.mongodb.driver.connection            : Opened connection [connectionId{localValue:1, serverValue:1}] to localhost:41787
2026-04-08 01:50:21.685  INFO 71 --- [           main] ngoPlayingWithSpringBootApplicationTests : Started EmbeddedMongoPlayingWithSpringBootApplicationTests in 13.17 seconds (JVM running for 16.535)
[INFO] Tests run: 1, Failures: 0, Errors: 0, Skipped: 0, Time elapsed: 15.313 s - in com.selimhorri.pack.EmbeddedMongoPlayingWithSpringBootApplicationTests
2026-04-08 01:50:22.064  INFO 71 --- [       Thread-3] o.s.b.a.mongo.embedded.EmbeddedMongo     : 2026-04-08T01:50:22.062+0000 I -        [conn2] end connection 127.0.0.1:40768 (2 connections now open)
2026-04-08 01:50:22.065  INFO 71 --- [       Thread-3] o.s.b.a.mongo.embedded.EmbeddedMongo     : 2026-04-08T01:50:22.064+0000 I -        [conn1] end connection 127.0.0.1:40766 (1 connection now open)
2026-04-08 01:50:22.153  INFO 71 --- [       Thread-3] o.s.b.a.mongo.embedded.EmbeddedMongo     : 2026-04-08T01:50:22.153+0000 I NETWORK  [thread1] connection accepted from 127.0.0.1:54718 #3 (1 connection now open)
2026-04-08 01:50:22.154  INFO 71 --- [       Thread-3] o.s.b.a.mongo.embedded.EmbeddedMongo     : 2026-04-08T01:50:22.154+0000 I COMMAND  [conn3] terminating, shutdown command received
2026-04-08 01:50:22.154  INFO 71 --- [       Thread-3] o.s.b.a.mongo.embedded.EmbeddedMongo     : 2026-04-08T01:50:22.154+0000 I NETWORK  [conn3] shutdown: going to close listening sockets...
2026-04-08 01:50:22.154  INFO 71 --- [       Thread-3] o.s.b.a.mongo.embedded.EmbeddedMongo     : 2026-04-08T01:50:22.154+0000 I NETWORK  [conn3] closing listening socket: 7
2026-04-08 01:50:22.154  INFO 71 --- [       Thread-3] o.s.b.a.mongo.embedded.EmbeddedMongo     : 2026-04-08T01:50:22.154+0000 I NETWORK  [conn3] closing listening socket: 8
2026-04-08 01:50:22.154  INFO 71 --- [       Thread-3] o.s.b.a.mongo.embedded.EmbeddedMongo     : 2026-04-08T01:50:22.154+0000 I NETWORK  [conn3] removing socket file: /tmp/mongodb-41787.sock
2026-04-08 01:50:22.154  INFO 71 --- [       Thread-3] o.s.b.a.mongo.embedded.EmbeddedMongo     : 2026-04-08T01:50:22.154+0000 I NETWORK  [conn3] shutdown: going to flush diaglog...
2026-04-08 01:50:22.154  INFO 71 --- [       Thread-3] o.s.b.a.mongo.embedded.EmbeddedMongo     : 2026-04-08T01:50:22.154+0000 I FTDC     [conn3] Shutting down full-time diagnostic data capture
2026-04-08 01:50:22.155  INFO 71 --- [       Thread-3] o.s.b.a.mongo.embedded.EmbeddedMongo     : 2026-04-08T01:50:22.155+0000 I STORAGE  [conn3] WiredTigerKVEngine shutting down
2026-04-08 01:50:22.166  INFO 71 --- [       Thread-3] o.s.b.a.mongo.embedded.EmbeddedMongo     : 2026-04-08T01:50:22.166+0000 I STORAGE  [conn3] shutdown: removing fs lock...
2026-04-08 01:50:22.166  INFO 71 --- [       Thread-3] o.s.b.a.mongo.embedded.EmbeddedMongo     : 2026-04-08T01:50:22.166+0000 I CONTROL  [conn3] now exiting
2026-04-08 01:50:22.167  INFO 71 --- [       Thread-3] o.s.b.a.mongo.embedded.EmbeddedMongo     : 2026-04-08T01:50:22.166+0000 I CONTROL  [conn3] shutting down with code:0
[INFO] 
[INFO] Results:
[INFO] 
[INFO] Tests run: 83, Failures: 0, Errors: 0, Skipped: 0
[INFO] 
[INFO] 
[INFO] --- jacoco-maven-plugin:0.8.11:report (report) @ embedded-mongo-playing-with-spring-boot ---
[INFO] Loading execution data file /app/target/jacoco.exec
[INFO] Analyzed bundle 'embedded-mongo-playing-with-spring-boot' with 7 classes
[INFO] 
[INFO] --- jacoco-maven-plugin:0.8.11:report (default-cli) @ embedded-mongo-playing-with-spring-boot ---
[INFO] Loading execution data file /app/target/jacoco.exec
[INFO] Analyzed bundle 'embedded-mongo-playing-with-spring-boot' with 7 classes
[INFO] ------------------------------------------------------------------------
[INFO] BUILD SUCCESS
[INFO] ------------------------------------------------------------------------
[INFO] Total time:  23.965 s
[INFO] Finished at: 2026-04-08T01:50:22Z
[INFO] ------------------------------------------------------------------------
