[INFO] Scanning for projects...
[INFO] 
[INFO] -------< com.selimhorri:embedded-mongo-playing-with-spring-boot >-------
[INFO] Building embedded-mongo-playing-with-spring-boot 0.0.1-SNAPSHOT
[INFO] --------------------------------[ jar ]---------------------------------
[INFO] 
[INFO] --- maven-clean-plugin:3.1.0:clean (default-clean) @ embedded-mongo-playing-with-spring-boot ---
[INFO] Deleting /app/target
[INFO] 
[INFO] --- jacoco-maven-plugin:0.8.11:prepare-agent (default) @ embedded-mongo-playing-with-spring-boot ---
[INFO] argLine set to -javaagent:/root/.m2/repository/org/jacoco/org.jacoco.agent/0.8.11/org.jacoco.agent-0.8.11-runtime.jar=destfile=/app/target/jacoco.exec
[INFO] 
[INFO] --- maven-resources-plugin:3.2.0:resources (default-resources) @ embedded-mongo-playing-with-spring-boot ---
[INFO] Using 'UTF-8' encoding to copy filtered resources.
[INFO] Using 'UTF-8' encoding to copy filtered properties files.
[INFO] Copying 3 resources
[INFO] Copying 0 resource
[INFO] 
[INFO] --- maven-compiler-plugin:3.8.1:compile (default-compile) @ embedded-mongo-playing-with-spring-boot ---
[INFO] Changes detected - recompiling the module!
[INFO] Compiling 7 source files to /app/target/classes
[INFO] 
[INFO] --- build-helper-maven-plugin:3.3.0:add-test-source (add-kex-test-source) @ embedded-mongo-playing-with-spring-boot ---
[INFO] Test Source directory: /app/src/test/java/kex-tests added.
[INFO] 
[INFO] --- maven-resources-plugin:3.2.0:testResources (default-testResources) @ embedded-mongo-playing-with-spring-boot ---
[INFO] Using 'UTF-8' encoding to copy filtered resources.
[INFO] Using 'UTF-8' encoding to copy filtered properties files.
[INFO] skip non existing resourceDirectory /app/src/test/resources
[INFO] 
[INFO] --- maven-compiler-plugin:3.8.1:testCompile (default-testCompile) @ embedded-mongo-playing-with-spring-boot ---
[INFO] Changes detected - recompiling the module!
[INFO] Compiling 1 source file to /app/target/test-classes
[INFO] 
[INFO] --- maven-surefire-plugin:2.22.2:test (default-test) @ embedded-mongo-playing-with-spring-boot ---
[INFO] 
[INFO] -------------------------------------------------------
[INFO]  T E S T S
[INFO] -------------------------------------------------------
[INFO] Running com.selimhorri.pack.EmbeddedMongoPlayingWithSpringBootApplicationTests
02:17:48.395 [main] DEBUG org.springframework.test.context.BootstrapUtils - Instantiating CacheAwareContextLoaderDelegate from class [org.springframework.test.context.cache.DefaultCacheAwareContextLoaderDelegate]
02:17:48.411 [main] DEBUG org.springframework.test.context.BootstrapUtils - Instantiating BootstrapContext using constructor [public org.springframework.test.context.support.DefaultBootstrapContext(java.lang.Class,org.springframework.test.context.CacheAwareContextLoaderDelegate)]
02:17:48.459 [main] DEBUG org.springframework.test.context.BootstrapUtils - Instantiating TestContextBootstrapper for test class [com.selimhorri.pack.EmbeddedMongoPlayingWithSpringBootApplicationTests] from class [org.springframework.boot.test.context.SpringBootTestContextBootstrapper]
02:17:48.472 [main] INFO org.springframework.boot.test.context.SpringBootTestContextBootstrapper - Neither @ContextConfiguration nor @ContextHierarchy found for test class [com.selimhorri.pack.EmbeddedMongoPlayingWithSpringBootApplicationTests], using SpringBootContextLoader
02:17:48.479 [main] DEBUG org.springframework.test.context.support.AbstractContextLoader - Did not detect default resource location for test class [com.selimhorri.pack.EmbeddedMongoPlayingWithSpringBootApplicationTests]: class path resource [com/selimhorri/pack/EmbeddedMongoPlayingWithSpringBootApplicationTests-context.xml] does not exist
02:17:48.480 [main] DEBUG org.springframework.test.context.support.AbstractContextLoader - Did not detect default resource location for test class [com.selimhorri.pack.EmbeddedMongoPlayingWithSpringBootApplicationTests]: class path resource [com/selimhorri/pack/EmbeddedMongoPlayingWithSpringBootApplicationTestsContext.groovy] does not exist
02:17:48.480 [main] INFO org.springframework.test.context.support.AbstractContextLoader - Could not detect default resource locations for test class [com.selimhorri.pack.EmbeddedMongoPlayingWithSpringBootApplicationTests]: no resource found for suffixes {-context.xml, Context.groovy}.
02:17:48.481 [main] INFO org.springframework.test.context.support.AnnotationConfigContextLoaderUtils - Could not detect default configuration classes for test class [com.selimhorri.pack.EmbeddedMongoPlayingWithSpringBootApplicationTests]: EmbeddedMongoPlayingWithSpringBootApplicationTests does not declare any static, non-private, non-final, nested classes annotated with @Configuration.
02:17:48.528 [main] DEBUG org.springframework.test.context.support.ActiveProfilesUtils - Could not find an 'annotation declaring class' for annotation type [org.springframework.test.context.ActiveProfiles] and class [com.selimhorri.pack.EmbeddedMongoPlayingWithSpringBootApplicationTests]
02:17:48.598 [main] DEBUG org.springframework.context.annotation.ClassPathScanningCandidateComponentProvider - Identified candidate component class: file [/app/target/classes/com/selimhorri/pack/EmbeddedMongoPlayingWithSpringBootApplication.class]
02:17:48.599 [main] INFO org.springframework.boot.test.context.SpringBootTestContextBootstrapper - Found @SpringBootConfiguration com.selimhorri.pack.EmbeddedMongoPlayingWithSpringBootApplication for test class com.selimhorri.pack.EmbeddedMongoPlayingWithSpringBootApplicationTests
02:17:48.706 [main] DEBUG org.springframework.boot.test.context.SpringBootTestContextBootstrapper - @TestExecutionListeners is not present for class [com.selimhorri.pack.EmbeddedMongoPlayingWithSpringBootApplicationTests]: using defaults.
02:17:48.706 [main] INFO org.springframework.boot.test.context.SpringBootTestContextBootstrapper - Loaded default TestExecutionListener class names from location [META-INF/spring.factories]: [org.springframework.boot.test.mock.mockito.MockitoTestExecutionListener, org.springframework.boot.test.mock.mockito.ResetMocksTestExecutionListener, org.springframework.boot.test.autoconfigure.restdocs.RestDocsTestExecutionListener, org.springframework.boot.test.autoconfigure.web.client.MockRestServiceServerResetTestExecutionListener, org.springframework.boot.test.autoconfigure.web.servlet.MockMvcPrintOnlyOnFailureTestExecutionListener, org.springframework.boot.test.autoconfigure.web.servlet.WebDriverTestExecutionListener, org.springframework.boot.test.autoconfigure.webservices.client.MockWebServiceServerTestExecutionListener, org.springframework.test.context.web.ServletTestExecutionListener, org.springframework.test.context.support.DirtiesContextBeforeModesTestExecutionListener, org.springframework.test.context.event.ApplicationEventsTestExecutionListener, org.springframework.test.context.support.DependencyInjectionTestExecutionListener, org.springframework.test.context.support.DirtiesContextTestExecutionListener, org.springframework.test.context.transaction.TransactionalTestExecutionListener, org.springframework.test.context.jdbc.SqlScriptsTestExecutionListener, org.springframework.test.context.event.EventPublishingTestExecutionListener]
02:17:48.726 [main] INFO org.springframework.boot.test.context.SpringBootTestContextBootstrapper - Using TestExecutionListeners: [org.springframework.test.context.web.ServletTestExecutionListener@14af73e1, org.springframework.test.context.support.DirtiesContextBeforeModesTestExecutionListener@73da303e, org.springframework.test.context.event.ApplicationEventsTestExecutionListener@24068086, org.springframework.boot.test.mock.mockito.MockitoTestExecutionListener@32513dea, org.springframework.boot.test.autoconfigure.SpringBootDependencyInjectionTestExecutionListener@5d0e703a, org.springframework.test.context.support.DirtiesContextTestExecutionListener@7f77e065, org.springframework.test.context.transaction.TransactionalTestExecutionListener@6f655dbd, org.springframework.test.context.jdbc.SqlScriptsTestExecutionListener@546083d6, org.springframework.test.context.event.EventPublishingTestExecutionListener@7ac1b6c0, org.springframework.boot.test.mock.mockito.ResetMocksTestExecutionListener@3a751535, org.springframework.boot.test.autoconfigure.restdocs.RestDocsTestExecutionListener@7fb82f73, org.springframework.boot.test.autoconfigure.web.client.MockRestServiceServerResetTestExecutionListener@2f166d61, org.springframework.boot.test.autoconfigure.web.servlet.MockMvcPrintOnlyOnFailureTestExecutionListener@5896b9f5, org.springframework.boot.test.autoconfigure.web.servlet.WebDriverTestExecutionListener@4ad8d36f, org.springframework.boot.test.autoconfigure.webservices.client.MockWebServiceServerTestExecutionListener@74a5bef0]
02:17:48.730 [main] DEBUG org.springframework.test.context.support.AbstractDirtiesContextTestExecutionListener - Before test class: context [DefaultTestContext@25df2014 testClass = EmbeddedMongoPlayingWithSpringBootApplicationTests, testInstance = [null], testMethod = [null], testException = [null], mergedContextConfiguration = [WebMergedContextConfiguration@270b8c2a testClass = EmbeddedMongoPlayingWithSpringBootApplicationTests, locations = '{}', classes = '{class com.selimhorri.pack.EmbeddedMongoPlayingWithSpringBootApplication}', contextInitializerClasses = '[]', activeProfiles = '{}', propertySourceLocations = '{}', propertySourceProperties = '{org.springframework.boot.test.context.SpringBootTestContextBootstrapper=true}', contextCustomizers = set[org.springframework.boot.test.context.filter.ExcludeFilterContextCustomizer@2e43c38d, org.springframework.boot.test.json.DuplicateJsonObjectContextCustomizerFactory$DuplicateJsonObjectContextCustomizer@73613ae5, org.springframework.boot.test.mock.mockito.MockitoContextCustomizer@0, org.springframework.boot.test.web.client.TestRestTemplateContextCustomizer@7a8341c1, org.springframework.boot.test.autoconfigure.actuate.metrics.MetricsExportContextCustomizerFactory$DisableMetricExportContextCustomizer@a6e4897, org.springframework.boot.test.autoconfigure.properties.PropertyMappingContextCustomizer@0, org.springframework.boot.test.autoconfigure.web.servlet.WebDriverContextCustomizerFactory$Customizer@36776c32, org.springframework.boot.test.context.SpringBootTestArgs@1, org.springframework.boot.test.context.SpringBootTestWebEnvironment@64df9a61], resourceBasePath = 'src/main/webapp', contextLoader = 'org.springframework.boot.test.context.SpringBootContextLoader', parent = [null]], attributes = map['org.springframework.test.context.web.ServletTestExecutionListener.activateListener' -> true]], class annotated with @DirtiesContext [false] with mode [null].
02:17:48.766 [main] DEBUG org.springframework.test.context.support.TestPropertySourceUtils - Adding inlined properties to environment: {spring.jmx.enabled=false, org.springframework.boot.test.context.SpringBootTestContextBootstrapper=true}

  .   ____          _            __ _ _
 /\\ / ___'_ __ _ _(_)_ __  __ _ \ \ \ \
( ( )\___ | '_ | '_| | '_ \/ _` | \ \ \ \
 \\/  ___)| |_)| | | | | || (_| |  ) ) ) )
  '  |____| .__|_| |_|_| |_\__, | / / / /
 =========|_|==============|___/=/_/_/_/
 :: Spring Boot ::                (v2.4.8)

2026-04-08 02:17:49.056  INFO 69 --- [           main] ngoPlayingWithSpringBootApplicationTests : Starting EmbeddedMongoPlayingWithSpringBootApplicationTests using Java 11.0.16 on fcac52d47003 with PID 69 (started by root in /app)
2026-04-08 02:17:49.057  INFO 69 --- [           main] ngoPlayingWithSpringBootApplicationTests : The following profiles are active: dev
2026-04-08 02:17:49.533  INFO 69 --- [           main] .s.d.r.c.RepositoryConfigurationDelegate : Bootstrapping Spring Data MongoDB repositories in DEFAULT mode.
2026-04-08 02:17:49.570  INFO 69 --- [           main] .s.d.r.c.RepositoryConfigurationDelegate : Finished Spring Data repository scanning in 33 ms. Found 2 MongoDB repository interfaces.
2026-04-08 02:17:49.851  INFO 69 --- [           main] o.s.b.a.mongo.embedded.EmbeddedMongo     : Download Version{3.5.5}:Linux:B64 : starting...
2026-04-08 02:17:50.662  INFO 69 --- [           main] o.s.b.a.mongo.embedded.EmbeddedMongo     : Download Version{3.5.5}:Linux:B64 : DownloadSize: 87554471
2026-04-08 02:17:50.662  INFO 69 --- [           main] o.s.b.a.mongo.embedded.EmbeddedMongo     : Download Version{3.5.5}:Linux:B64 : 0 %
2026-04-08 02:17:51.430  INFO 69 --- [           main] o.s.b.a.mongo.embedded.EmbeddedMongo     : Download Version{3.5.5}:Linux:B64 : 10 %
2026-04-08 02:17:52.175  INFO 69 --- [           main] o.s.b.a.mongo.embedded.EmbeddedMongo     : Download Version{3.5.5}:Linux:B64 : 20 %
2026-04-08 02:17:52.926  INFO 69 --- [           main] o.s.b.a.mongo.embedded.EmbeddedMongo     : Download Version{3.5.5}:Linux:B64 : 30 %
2026-04-08 02:17:53.669  INFO 69 --- [           main] o.s.b.a.mongo.embedded.EmbeddedMongo     : Download Version{3.5.5}:Linux:B64 : 40 %
2026-04-08 02:17:54.416  INFO 69 --- [           main] o.s.b.a.mongo.embedded.EmbeddedMongo     : Download Version{3.5.5}:Linux:B64 : 50 %
2026-04-08 02:17:55.163  INFO 69 --- [           main] o.s.b.a.mongo.embedded.EmbeddedMongo     : Download Version{3.5.5}:Linux:B64 : 60 %
2026-04-08 02:17:55.909  INFO 69 --- [           main] o.s.b.a.mongo.embedded.EmbeddedMongo     : Download Version{3.5.5}:Linux:B64 : 70 %
2026-04-08 02:17:56.655  INFO 69 --- [           main] o.s.b.a.mongo.embedded.EmbeddedMongo     : Download Version{3.5.5}:Linux:B64 : 80 %
2026-04-08 02:17:57.402  INFO 69 --- [           main] o.s.b.a.mongo.embedded.EmbeddedMongo     : Download Version{3.5.5}:Linux:B64 : 90 %
2026-04-08 02:17:58.148  INFO 69 --- [           main] o.s.b.a.mongo.embedded.EmbeddedMongo     : Download Version{3.5.5}:Linux:B64 : 100 %
2026-04-08 02:17:58.149  INFO 69 --- [           main] o.s.b.a.mongo.embedded.EmbeddedMongo     : Download Version{3.5.5}:Linux:B64 : downloaded with 12214kb/s
2026-04-08 02:17:58.167  INFO 69 --- [           main] o.s.b.a.mongo.embedded.EmbeddedMongo     : Download Version{3.5.5}:Linux:B64 : finished
2026-04-08 02:17:58.172  INFO 69 --- [           main] o.s.b.a.mongo.embedded.EmbeddedMongo     : Extract /root/.embedmongo/linux/mongodb-linux-x86_64-3.5.5.tgz : starting...
2026-04-08 02:17:58.775  INFO 69 --- [           main] o.s.b.a.mongo.embedded.EmbeddedMongo     : Extract /root/.embedmongo/linux/mongodb-linux-x86_64-3.5.5.tgz : extract mongodb-linux-x86_64-3.5.5/bin/mongod
2026-04-08 02:17:58.776  INFO 69 --- [           main] o.s.b.a.mongo.embedded.EmbeddedMongo     : Extract /root/.embedmongo/linux/mongodb-linux-x86_64-3.5.5.tgz : nothing left
2026-04-08 02:17:58.776  INFO 69 --- [           main] o.s.b.a.mongo.embedded.EmbeddedMongo     : Extract /root/.embedmongo/linux/mongodb-linux-x86_64-3.5.5.tgz : finished
2026-04-08 02:17:58.846  INFO 69 --- [       Thread-3] o.s.b.a.mongo.embedded.EmbeddedMongo     : note: noprealloc may hurt performance in many applications
2026-04-08 02:17:58.848  INFO 69 --- [       Thread-3] o.s.b.a.mongo.embedded.EmbeddedMongo     : 2026-04-08T02:17:58.848+0000 I CONTROL  [initandlisten] MongoDB starting : pid=136 port=38051 dbpath=/tmp/embedmongo-db-2b31cf2a-8283-4a09-98ee-1c9225694b19 64-bit host=fcac52d47003
2026-04-08 02:17:58.848  INFO 69 --- [       Thread-3] o.s.b.a.mongo.embedded.EmbeddedMongo     : 2026-04-08T02:17:58.848+0000 I CONTROL  [initandlisten] db version v3.5.5
2026-04-08 02:17:58.848  INFO 69 --- [       Thread-3] o.s.b.a.mongo.embedded.EmbeddedMongo     : 2026-04-08T02:17:58.848+0000 I CONTROL  [initandlisten] git version: 98515c812b6fa893613f063dae568ff8319cbfbd
2026-04-08 02:17:58.848  INFO 69 --- [       Thread-3] o.s.b.a.mongo.embedded.EmbeddedMongo     : 2026-04-08T02:17:58.848+0000 I CONTROL  [initandlisten] allocator: tcmalloc
2026-04-08 02:17:58.848  INFO 69 --- [       Thread-3] o.s.b.a.mongo.embedded.EmbeddedMongo     : 2026-04-08T02:17:58.848+0000 I CONTROL  [initandlisten] modules: none
2026-04-08 02:17:58.848  INFO 69 --- [       Thread-3] o.s.b.a.mongo.embedded.EmbeddedMongo     : 2026-04-08T02:17:58.848+0000 I CONTROL  [initandlisten] build environment:
2026-04-08 02:17:58.848  INFO 69 --- [       Thread-3] o.s.b.a.mongo.embedded.EmbeddedMongo     : 2026-04-08T02:17:58.848+0000 I CONTROL  [initandlisten]     distarch: x86_64
2026-04-08 02:17:58.848  INFO 69 --- [       Thread-3] o.s.b.a.mongo.embedded.EmbeddedMongo     : 2026-04-08T02:17:58.848+0000 I CONTROL  [initandlisten]     target_arch: x86_64
2026-04-08 02:17:58.848  INFO 69 --- [       Thread-3] o.s.b.a.mongo.embedded.EmbeddedMongo     : 2026-04-08T02:17:58.848+0000 I CONTROL  [initandlisten] options: { net: { bindIp: "127.0.0.1", http: { enabled: false }, port: 38051 }, security: { authorization: "disabled" }, storage: { dbPath: "/tmp/embedmongo-db-2b31cf2a-8283-4a09-98ee-1c9225694b19", journal: { enabled: false }, mmapv1: { preallocDataFiles: false, smallFiles: true }, syncPeriodSecs: 0.0 } }
2026-04-08 02:17:58.849  INFO 69 --- [       Thread-3] o.s.b.a.mongo.embedded.EmbeddedMongo     : 2026-04-08T02:17:58.849+0000 I STORAGE  [initandlisten] wiredtiger_open config: create,cache_size=15180M,session_max=20000,eviction=(threads_min=4,threads_max=4),config_base=false,statistics=(fast),log=(enabled=true,archive=true,path=journal,compressor=snappy),file_manager=(close_idle_time=100000),checkpoint=(wait=0,log_size=2GB),statistics_log=(wait=0),verbose=(recovery_progress),,log=(enabled=false),
2026-04-08 02:17:58.880  INFO 69 --- [       Thread-3] o.s.b.a.mongo.embedded.EmbeddedMongo     : 2026-04-08T02:17:58.880+0000 W STORAGE  [initandlisten] Detected configuration for non-active storage engine mmapv1 when current storage engine is wiredTiger
2026-04-08 02:17:58.880  INFO 69 --- [       Thread-3] o.s.b.a.mongo.embedded.EmbeddedMongo     : 2026-04-08T02:17:58.880+0000 I CONTROL  [initandlisten] 
2026-04-08 02:17:58.881  INFO 69 --- [       Thread-3] o.s.b.a.mongo.embedded.EmbeddedMongo     : 2026-04-08T02:17:58.880+0000 I CONTROL  [initandlisten] ** NOTE: This is a development version (3.5.5) of MongoDB.
2026-04-08 02:17:58.881  INFO 69 --- [       Thread-3] o.s.b.a.mongo.embedded.EmbeddedMongo     : 2026-04-08T02:17:58.880+0000 I CONTROL  [initandlisten] **       Not recommended for production.
2026-04-08 02:17:58.881  INFO 69 --- [       Thread-3] o.s.b.a.mongo.embedded.EmbeddedMongo     : 2026-04-08T02:17:58.880+0000 I CONTROL  [initandlisten] ** WARNING: You are running this process as the root user, which is not recommended.
2026-04-08 02:17:58.881  INFO 69 --- [       Thread-3] o.s.b.a.mongo.embedded.EmbeddedMongo     : 2026-04-08T02:17:58.880+0000 I CONTROL  [initandlisten] 
2026-04-08 02:17:58.889  INFO 69 --- [       Thread-3] o.s.b.a.mongo.embedded.EmbeddedMongo     : 2026-04-08T02:17:58.889+0000 I FTDC     [initandlisten] Initializing full-time diagnostic data capture with directory '/tmp/embedmongo-db-2b31cf2a-8283-4a09-98ee-1c9225694b19/diagnostic.data'
2026-04-08 02:17:58.903  INFO 69 --- [       Thread-3] o.s.b.a.mongo.embedded.EmbeddedMongo     : 2026-04-08T02:17:58.903+0000 I INDEX    [initandlisten] build index on: admin.system.version properties: { v: 2, key: { version: 1 }, name: "incompatible_with_version_32", ns: "admin.system.version" }
2026-04-08 02:17:58.903  INFO 69 --- [       Thread-3] o.s.b.a.mongo.embedded.EmbeddedMongo     : 2026-04-08T02:17:58.903+0000 I INDEX    [initandlisten] 	 building index using bulk method; build may temporarily use up to 500 megabytes of RAM
2026-04-08 02:17:58.904  INFO 69 --- [       Thread-3] o.s.b.a.mongo.embedded.EmbeddedMongo     : 2026-04-08T02:17:58.903+0000 I INDEX    [initandlisten] build index done.  scanned 0 total records. 0 secs
2026-04-08 02:17:58.904  INFO 69 --- [       Thread-3] o.s.b.a.mongo.embedded.EmbeddedMongo     : 2026-04-08T02:17:58.904+0000 I COMMAND  [initandlisten] setting featureCompatibilityVersion to 3.4
2026-04-08 02:17:58.904  INFO 69 --- [       Thread-3] o.s.b.a.mongo.embedded.EmbeddedMongo     : 2026-04-08T02:17:58.904+0000 I NETWORK  [thread1] waiting for connections on port 38051
2026-04-08 02:17:58.904  INFO 69 --- [           main] d.f.embed.mongo.MongodExecutable         : start de.flapdoodle.embed.mongo.config.MongodConfigBuilder$ImmutableMongodConfig@76a7f2fa
2026-04-08 02:17:58.969  INFO 69 --- [           main] org.mongodb.driver.cluster               : Cluster created with settings {hosts=[localhost:38051], mode=SINGLE, requiredClusterType=UNKNOWN, serverSelectionTimeout='30000 ms'}
2026-04-08 02:17:59.008  INFO 69 --- [       Thread-3] o.s.b.a.mongo.embedded.EmbeddedMongo     : 2026-04-08T02:17:59.008+0000 I NETWORK  [thread1] connection accepted from 127.0.0.1:49514 #1 (1 connection now open)
2026-04-08 02:17:59.008  INFO 69 --- [       Thread-3] o.s.b.a.mongo.embedded.EmbeddedMongo     : 2026-04-08T02:17:59.008+0000 I NETWORK  [thread1] connection accepted from 127.0.0.1:49512 #2 (2 connections now open)
2026-04-08 02:17:59.015  INFO 69 --- [       Thread-3] o.s.b.a.mongo.embedded.EmbeddedMongo     : 2026-04-08T02:17:59.015+0000 I NETWORK  [conn1] received client metadata from 127.0.0.1:49514 conn1: { driver: { name: "mongo-java-driver|sync|spring-boot", version: "4.1.2" }, os: { type: "Linux", name: "Linux", architecture: "amd64", version: "6.9.3-76060903-generic" }, platform: "Java/Oracle Corporation/11.0.16+8" }
2026-04-08 02:17:59.015  INFO 69 --- [       Thread-3] o.s.b.a.mongo.embedded.EmbeddedMongo     : 2026-04-08T02:17:59.015+0000 I NETWORK  [conn2] received client metadata from 127.0.0.1:49512 conn2: { driver: { name: "mongo-java-driver|sync|spring-boot", version: "4.1.2" }, os: { type: "Linux", name: "Linux", architecture: "amd64", version: "6.9.3-76060903-generic" }, platform: "Java/Oracle Corporation/11.0.16+8" }
2026-04-08 02:17:59.027  INFO 69 --- [localhost:38051] org.mongodb.driver.connection            : Opened connection [connectionId{localValue:2, serverValue:2}] to localhost:38051
2026-04-08 02:17:59.027  INFO 69 --- [localhost:38051] org.mongodb.driver.connection            : Opened connection [connectionId{localValue:1, serverValue:1}] to localhost:38051
2026-04-08 02:17:59.028  INFO 69 --- [localhost:38051] org.mongodb.driver.cluster               : Monitor thread successfully connected to server with description ServerDescription{address=localhost:38051, type=STANDALONE, state=CONNECTED, ok=true, minWireVersion=0, maxWireVersion=5, maxDocumentSize=16777216, logicalSessionTimeoutMinutes=null, roundTripTimeNanos=17108970}
2026-04-08 02:17:59.762  INFO 69 --- [           main] ngoPlayingWithSpringBootApplicationTests : Started EmbeddedMongoPlayingWithSpringBootApplicationTests in 10.987 seconds (JVM running for 11.999)
[INFO] Tests run: 1, Failures: 0, Errors: 0, Skipped: 0, Time elapsed: 11.693 s - in com.selimhorri.pack.EmbeddedMongoPlayingWithSpringBootApplicationTests
2026-04-08 02:18:00.103  INFO 69 --- [       Thread-3] o.s.b.a.mongo.embedded.EmbeddedMongo     : 2026-04-08T02:18:00.102+0000 I -        [conn1] end connection 127.0.0.1:49514 (2 connections now open)
2026-04-08 02:18:00.103  INFO 69 --- [       Thread-3] o.s.b.a.mongo.embedded.EmbeddedMongo     : 2026-04-08T02:18:00.102+0000 I -        [conn2] end connection 127.0.0.1:49512 (2 connections now open)
2026-04-08 02:18:00.104  INFO 69 --- [       Thread-3] o.s.b.a.mongo.embedded.EmbeddedMongo     : 2026-04-08T02:18:00.103+0000 I NETWORK  [thread1] connection accepted from 127.0.0.1:49526 #3 (1 connection now open)
2026-04-08 02:18:00.104  INFO 69 --- [       Thread-3] o.s.b.a.mongo.embedded.EmbeddedMongo     : 2026-04-08T02:18:00.104+0000 I COMMAND  [conn3] terminating, shutdown command received
2026-04-08 02:18:00.104  INFO 69 --- [       Thread-3] o.s.b.a.mongo.embedded.EmbeddedMongo     : 2026-04-08T02:18:00.104+0000 I NETWORK  [conn3] shutdown: going to close listening sockets...
2026-04-08 02:18:00.104  INFO 69 --- [       Thread-3] o.s.b.a.mongo.embedded.EmbeddedMongo     : 2026-04-08T02:18:00.104+0000 I NETWORK  [conn3] closing listening socket: 7
2026-04-08 02:18:00.104  INFO 69 --- [       Thread-3] o.s.b.a.mongo.embedded.EmbeddedMongo     : 2026-04-08T02:18:00.104+0000 I NETWORK  [conn3] closing listening socket: 8
2026-04-08 02:18:00.104  INFO 69 --- [       Thread-3] o.s.b.a.mongo.embedded.EmbeddedMongo     : 2026-04-08T02:18:00.104+0000 I NETWORK  [conn3] removing socket file: /tmp/mongodb-38051.sock
2026-04-08 02:18:00.104  INFO 69 --- [       Thread-3] o.s.b.a.mongo.embedded.EmbeddedMongo     : 2026-04-08T02:18:00.104+0000 I NETWORK  [conn3] shutdown: going to flush diaglog...
2026-04-08 02:18:00.104  INFO 69 --- [       Thread-3] o.s.b.a.mongo.embedded.EmbeddedMongo     : 2026-04-08T02:18:00.104+0000 I FTDC     [conn3] Shutting down full-time diagnostic data capture
2026-04-08 02:18:00.105  INFO 69 --- [       Thread-3] o.s.b.a.mongo.embedded.EmbeddedMongo     : 2026-04-08T02:18:00.104+0000 I STORAGE  [conn3] WiredTigerKVEngine shutting down
2026-04-08 02:18:00.115  INFO 69 --- [       Thread-3] o.s.b.a.mongo.embedded.EmbeddedMongo     : 2026-04-08T02:18:00.115+0000 I STORAGE  [conn3] shutdown: removing fs lock...
2026-04-08 02:18:00.115  INFO 69 --- [       Thread-3] o.s.b.a.mongo.embedded.EmbeddedMongo     : 2026-04-08T02:18:00.115+0000 I CONTROL  [conn3] now exiting
2026-04-08 02:18:00.115  INFO 69 --- [       Thread-3] o.s.b.a.mongo.embedded.EmbeddedMongo     : 2026-04-08T02:18:00.115+0000 I CONTROL  [conn3] shutting down with code:0
[INFO] 
[INFO] Results:
[INFO] 
[INFO] Tests run: 1, Failures: 0, Errors: 0, Skipped: 0
[INFO] 
[INFO] 
[INFO] --- jacoco-maven-plugin:0.8.11:report (report) @ embedded-mongo-playing-with-spring-boot ---
[INFO] Loading execution data file /app/target/jacoco.exec
[INFO] Analyzed bundle 'embedded-mongo-playing-with-spring-boot' with 7 classes
[INFO] 
[INFO] --- jacoco-maven-plugin:0.8.11:report (default-cli) @ embedded-mongo-playing-with-spring-boot ---
[INFO] Loading execution data file /app/target/jacoco.exec
[INFO] Analyzed bundle 'embedded-mongo-playing-with-spring-boot' with 7 classes
[INFO] ------------------------------------------------------------------------
[INFO] BUILD SUCCESS
[INFO] ------------------------------------------------------------------------
[INFO] Total time:  15.020 s
[INFO] Finished at: 2026-04-08T02:18:00Z
[INFO] ------------------------------------------------------------------------
