[INFO] Scanning for projects...
[WARNING] 
[WARNING] Some problems were encountered while building the effective model for com.elltor:mdkiller:jar:1.0-SNAPSHOT
[WARNING] The expression ${artifactId} is deprecated. Please use ${project.artifactId} instead.
[WARNING] 
[WARNING] It is highly recommended to fix these problems because they threaten the stability of your build.
[WARNING] 
[WARNING] For this reason, future Maven versions might no longer support building such malformed projects.
[WARNING] 
[INFO] 
[INFO] ------------------------< com.elltor:mdkiller >-------------------------
[INFO] Building mdkiller 1.0-SNAPSHOT
[INFO] --------------------------------[ jar ]---------------------------------
[INFO] 
[INFO] --- maven-clean-plugin:3.1.0:clean (default-clean) @ mdkiller ---
[INFO] Deleting /app/target
[INFO] 
[INFO] --- jacoco-maven-plugin:0.8.11:prepare-agent (default) @ mdkiller ---
[INFO] argLine set to -javaagent:/root/.m2/repository/org/jacoco/org.jacoco.agent/0.8.11/org.jacoco.agent-0.8.11-runtime.jar=destfile=/app/target/jacoco.exec
[INFO] 
[INFO] --- maven-resources-plugin:3.1.0:resources (default-resources) @ mdkiller ---
[INFO] Using 'UTF-8' encoding to copy filtered resources.
[INFO] Copying 1 resource
[INFO] Copying 0 resource
[INFO] 
[INFO] --- maven-compiler-plugin:3.8.1:compile (default-compile) @ mdkiller ---
[INFO] Changes detected - recompiling the module!
[INFO] Compiling 2 source files to /app/target/classes
[INFO] 
[INFO] --- build-helper-maven-plugin:3.3.0:add-test-source (add-kex-test-source) @ mdkiller ---
[INFO] Test Source directory: /app/src/test/java/kex-tests added.
[INFO] 
[INFO] --- maven-resources-plugin:3.1.0:testResources (default-testResources) @ mdkiller ---
[INFO] Using 'UTF-8' encoding to copy filtered resources.
[INFO] skip non existing resourceDirectory /app/src/test/resources
[INFO] 
[INFO] --- maven-compiler-plugin:3.8.1:testCompile (default-testCompile) @ mdkiller ---
[INFO] Changes detected - recompiling the module!
[INFO] Compiling 8 source files to /app/target/test-classes
[INFO] 
[INFO] --- maven-surefire-plugin:2.22.2:test (default-test) @ mdkiller ---
[INFO] 
[INFO] -------------------------------------------------------
[INFO]  T E S T S
[INFO] -------------------------------------------------------
[INFO] Running com.elltor.md.RefTest
### 引用格式嵌套
> <font color='blue'>第一层</font>
> > <font color='gold'>第二层</font>
> > > <font color='red'>第三层</font>
> > > > <font color='green'>无限套娃 :-) </font>
[INFO] Tests run: 1, Failures: 0, Errors: 0, Skipped: 0, Time elapsed: 0.071 s - in com.elltor.md.RefTest
[INFO] Running com.elltor.md.TitleTest
### title
### <font color='red'>title</font>
### title：P1 | <font color='green'>P2</font> | P3
### <font color='gold'>title</font>：<font color='red'>RED</font> | <font color='blue'>BLUE</font>
#### Sub Title
## Big Title
[INFO] Tests run: 3, Failures: 0, Errors: 0, Skipped: 0, Time elapsed: 0 s - in com.elltor.md.TitleTest
[INFO] Running com.elltor.md.CodeBlockTest
### Code Block with Ol and Ul (Embedded)
```
1. first
2. second
3. third
- first
- second
- third

> 1. first
> 2. second
> 3. third
> - first
> - second
> - third
```
### Code Block Test
```
public static void main(String[][] args) {
    System.out.println("hello world");
}
```

> Code Block with Ref
> ```
> public static void main(String[][] args) {
>     System.out.println("hello world");
> }
> ```
[INFO] Tests run: 2, Failures: 0, Errors: 0, Skipped: 0, Time elapsed: 0.001 s - in com.elltor.md.CodeBlockTest
[INFO] Running com.elltor.md.LinkTest
### single param
[https://elltor.com▸](https://elltor.com)
### double params
[https://elltor.com▸](https://elltor.com)
[link▸](https://elltor.com)
### multi links
[link1▸](https://elltor.com) | [link2▸](https://elltor.com)
### naming multi links
links：[link1▸](https://elltor.com) | [link2▸](https://elltor.com)
[INFO] Tests run: 4, Failures: 0, Errors: 0, Skipped: 0, Time elapsed: 0.002 s - in com.elltor.md.LinkTest
[INFO] Running com.elltor.md.TableTest
### 表格
<font color='red'>月老的记事本：</font>

姓名 | 姓别 | 芳龄 | 身高
- | - | - | -
不知火舞 |  | 18 | 173
孙策 | 男 | 23 | 181
李白 | 男 |  | 179

#### 嵌套表格
> <font color='gold'>月老的记事本：</font>
> 
> 姓名 | 姓别 | 芳龄 | 身高
> - | - | - | -
> 不知火舞 |  | 18 | 173
> 孙策 | 男 | 23 | 181
> 李白 | 男 |  | 179
### test table 2

 | 2 | 3
- | - | -
1 |  | 3
1 | 2 | 3
1 | 2 | 3
1 |  | 3
### test table 3

### test table 3

1 |  | 3
- | - | -
1 | 2 | 3
1 | 2 | 3
1 |  | 3
### test table 3
### test table 4
### test table 1

1 | 2 | 3 | 4
- | - | - | -
1 | 2 | 3 | 4
1 | 2 | 3 | 4
1 | 2 | 3 | 4
1 | 2 | 3 | 4
### test table 2

1 | 2 | 3
- | - | -
1 | 2 | 3
1 | 2 | 3
1 | 2 | 3
1 | 2 | 3

### test table 2

1 | 2 | 3
- | - | -
1 | 2 | 3
1 | 2 | 3
1 | 2 | 3
1 | 2 | 3
[INFO] Tests run: 7, Failures: 0, Errors: 0, Skipped: 0, Time elapsed: 0.005 s - in com.elltor.md.TableTest
[INFO] Running com.elltor.md.SimpleTest
## 大标题
### 常规标题
### <font color='blue'>指定颜色常规标题</font>
### 带标签常规标题：<font color='red'>[P0]</font> | <font color='green'>[P2]</font>
#### 子标题
普通段落、普通文本。普通段落、普通文本。普通段落、普通文本。普通段落、普通文本。普通段落、普通文本。普通段落、普通文本。
#### 引用
> 引用一段文子，或者把引用当作一种排版。引用一段文子，或者把引用当作一种排版。<br>
> [https://elltor.com▸](https://elltor.com)

#### 代码块
```
一个代码块
一个代码块
一个代码块
```

#### 无序列表
- 无序列表 - 默认
- <font color='green'>无序列表 - 绿</font>
- <font color='gold'>无序列表 - 黄</font>
- <font color='blue'>无序列表 - 蓝</font>

#### 有序列表
1. **有序列表 - 粗体**
2. *有序列表 - 斜体*
3. **<font color='red'>有序列表 - 加粗、红色字体</font>**

#### 链接
[Blog▸](https://elltor.com/)
[TEAM▸](https://elltor.com) | [TEAM-Gray▸](https://elltor.com) | [TEAM-ST▸](https://elltor.com)
### 一个标题
文本
> 文本1
> 文本2
> - 文本3
> - 文本4

[链接▸](https://elltor.com)
[INFO] Tests run: 2, Failures: 0, Errors: 0, Skipped: 0, Time elapsed: 0.008 s - in com.elltor.md.SimpleTest
[INFO] Running com.elltor.md.ListTest
### 嵌套代码块
```
这是一个代码块
这是一个代码块
这是一个代码块
```

> ```
> 这是一个代码块
> 这是一个代码块
> 这是一个代码块
> ```
### 嵌套列表-初级 :)
> 1. 简单的有序列表
> 2. 简单的有序列表

> - 简单的无序列表
> - 简单的无序列表
### 嵌套列表-同类型嵌套-中级 :-)
> 1. 一级
> 2. 一级
>     1. 二级
>     2. 二级
>         1. 三级
>     3. 二级
> 3. 一级

> - 一级
> - 一级
>     - 二级
>     - 二级
>         - 三级
>     - 二级
> - 一级
### 嵌套列表-不同类型交叉嵌套-高级 :O 
> 1. 第一类
>     - class 1
>     - class 2
>     - class 3
>         1. type 1
>         2. type 2
>         3. type 3
> 2. 第二类
>     1. first
>     2. second
>     3. third
>         - 第 3.1
>         - 第 3.2
>         - 第 3.3
>     4. forth
> 3. 第三类
[INFO] Tests run: 4, Failures: 0, Errors: 0, Skipped: 0, Time elapsed: 0.002 s - in com.elltor.md.ListTest
[INFO] 
[INFO] Results:
[INFO] 
[INFO] Tests run: 23, Failures: 0, Errors: 0, Skipped: 0
[INFO] 
[INFO] 
[INFO] --- jacoco-maven-plugin:0.8.11:report (report) @ mdkiller ---
[INFO] Loading execution data file /app/target/jacoco.exec
[INFO] Analyzed bundle 'mdkiller' with 11 classes
[INFO] 
[INFO] --- jacoco-maven-plugin:0.8.11:report (default-cli) @ mdkiller ---
[INFO] Loading execution data file /app/target/jacoco.exec
[INFO] Analyzed bundle 'mdkiller' with 11 classes
[INFO] ------------------------------------------------------------------------
[INFO] BUILD SUCCESS
[INFO] ------------------------------------------------------------------------
[INFO] Total time:  2.260 s
[INFO] Finished at: 2026-04-08T02:09:36Z
[INFO] ------------------------------------------------------------------------
