[INFO] Scanning for projects...
[WARNING] 
[WARNING] Some problems were encountered while building the effective model for com.elltor:mdkiller:jar:1.0-SNAPSHOT
[WARNING] The expression ${artifactId} is deprecated. Please use ${project.artifactId} instead.
[WARNING] 
[WARNING] It is highly recommended to fix these problems because they threaten the stability of your build.
[WARNING] 
[WARNING] For this reason, future Maven versions might no longer support building such malformed projects.
[WARNING] 
[INFO] 
[INFO] ------------------------< com.elltor:mdkiller >-------------------------
[INFO] Building mdkiller 1.0-SNAPSHOT
[INFO] --------------------------------[ jar ]---------------------------------
[INFO] 
[INFO] --- maven-clean-plugin:3.1.0:clean (default-clean) @ mdkiller ---
[INFO] 
[INFO] --- jacoco-maven-plugin:0.8.11:prepare-agent (default) @ mdkiller ---
[INFO] argLine set to -javaagent:/root/.m2/repository/org/jacoco/org.jacoco.agent/0.8.11/org.jacoco.agent-0.8.11-runtime.jar=destfile=/app/target/jacoco.exec
[INFO] 
[INFO] --- maven-resources-plugin:3.1.0:resources (default-resources) @ mdkiller ---
[INFO] Using 'UTF-8' encoding to copy filtered resources.
[INFO] Copying 1 resource
[INFO] Copying 0 resource
[INFO] 
[INFO] --- maven-compiler-plugin:3.8.1:compile (default-compile) @ mdkiller ---
[INFO] Changes detected - recompiling the module!
[INFO] Compiling 2 source files to /app/target/classes
[INFO] 
[INFO] --- build-helper-maven-plugin:3.3.0:add-test-source (add-kex-test-source) @ mdkiller ---
[INFO] Test Source directory: /app/src/test/java/kex-tests added.
[INFO] 
[INFO] --- maven-resources-plugin:3.1.0:testResources (default-testResources) @ mdkiller ---
[INFO] Using 'UTF-8' encoding to copy filtered resources.
[INFO] skip non existing resourceDirectory /app/src/test/resources
[INFO] 
[INFO] --- maven-compiler-plugin:3.8.1:testCompile (default-testCompile) @ mdkiller ---
[INFO] Changes detected - recompiling the module!
[INFO] Compiling 116 source files to /app/target/test-classes
[WARNING] /app/src/test/java/kex-tests/tests/com/elltor/md/util/ReflectionUtils.java:[9,16] sun.misc.Unsafe is internal proprietary API and may be removed in a future release
[WARNING] /app/src/test/java/kex-tests/tests/com/elltor/md/ReflectionUtils.java:[9,16] sun.misc.Unsafe is internal proprietary API and may be removed in a future release
[WARNING] /app/src/test/java/kex-tests/tests/com/elltor/md/util/ReflectionUtils.java:[13,25] sun.misc.Unsafe is internal proprietary API and may be removed in a future release
[WARNING] /app/src/test/java/kex-tests/tests/com/elltor/md/util/ReflectionUtils.java:[17,31] sun.misc.Unsafe is internal proprietary API and may be removed in a future release
[WARNING] /app/src/test/java/kex-tests/tests/com/elltor/md/util/ReflectionUtils.java:[19,23] sun.misc.Unsafe is internal proprietary API and may be removed in a future release
[WARNING] /app/src/test/java/kex-tests/tests/com/elltor/md/ReflectionUtils.java:[13,25] sun.misc.Unsafe is internal proprietary API and may be removed in a future release
[WARNING] /app/src/test/java/kex-tests/tests/com/elltor/md/ReflectionUtils.java:[17,31] sun.misc.Unsafe is internal proprietary API and may be removed in a future release
[WARNING] /app/src/test/java/kex-tests/tests/com/elltor/md/ReflectionUtils.java:[19,23] sun.misc.Unsafe is internal proprietary API and may be removed in a future release
[INFO] /app/src/test/java/kex-tests/tests/com/elltor/md/util/MdKiller_Section_Type_init_5352038215.java: Some input files use or override a deprecated API.
[INFO] /app/src/test/java/kex-tests/tests/com/elltor/md/util/MdKiller_Section_Type_init_5352038215.java: Recompile with -Xlint:deprecation for details.
[INFO] /app/src/test/java/kex-tests/tests/com/elltor/md/util/MdKiller_Fonts_toString_18429577824.java: Some input files use unchecked or unsafe operations.
[INFO] /app/src/test/java/kex-tests/tests/com/elltor/md/util/MdKiller_Fonts_toString_18429577824.java: Recompile with -Xlint:unchecked for details.
[INFO] 
[INFO] --- maven-surefire-plugin:2.22.2:test (default-test) @ mdkiller ---
[INFO] 
[INFO] -------------------------------------------------------
[INFO]  T E S T S
[INFO] -------------------------------------------------------
[INFO] Running com.elltor.md.Main_init_1655242852
[INFO] Tests run: 1, Failures: 0, Errors: 0, Skipped: 0, Time elapsed: 0.042 s - in com.elltor.md.Main_init_1655242852
[INFO] Running com.elltor.md.Main_init_1655242850
[INFO] Tests run: 1, Failures: 0, Errors: 0, Skipped: 0, Time elapsed: 0 s - in com.elltor.md.Main_init_1655242850
[INFO] Running com.elltor.md.Main_main_5420872891
Hello World
[INFO] Tests run: 1, Failures: 0, Errors: 0, Skipped: 0, Time elapsed: 0.018 s - in com.elltor.md.Main_main_5420872891
[INFO] Running com.elltor.md.Main_main_5420872893
Hello World
[INFO] Tests run: 1, Failures: 0, Errors: 0, Skipped: 0, Time elapsed: 0.001 s - in com.elltor.md.Main_main_5420872893
[INFO] Running com.elltor.md.Main_ESTest
SLF4J: Failed to load class "org.slf4j.impl.StaticLoggerBinder".
SLF4J: Defaulting to no-operation (NOP) logger implementation
SLF4J: See http://www.slf4j.org/codes.html#StaticLoggerBinder for further details.
Hello World
[INFO] Tests run: 2, Failures: 0, Errors: 0, Skipped: 0, Time elapsed: 0.47 s - in com.elltor.md.Main_ESTest
[INFO] Running com.elltor.md.util.MdKiller_Section_getType_113300083321
[INFO] Tests run: 1, Failures: 0, Errors: 0, Skipped: 0, Time elapsed: 0.004 s - in com.elltor.md.util.MdKiller_Section_getType_113300083321
[INFO] Running com.elltor.md.util.MdKiller_SectionBuilder_title_153631226816
[INFO] Tests run: 1, Failures: 0, Errors: 0, Skipped: 0, Time elapsed: 0.001 s - in com.elltor.md.util.MdKiller_SectionBuilder_title_153631226816
[INFO] Running com.elltor.md.util.MdKiller_init_16934760970
[INFO] Tests run: 1, Failures: 0, Errors: 0, Skipped: 0, Time elapsed: 0.001 s - in com.elltor.md.util.MdKiller_init_16934760970
[INFO] Running com.elltor.md.util.MdKiller_TableDataBuilder_endTable_1775687097
[ERROR] Tests run: 1, Failures: 0, Errors: 1, Skipped: 0, Time elapsed: 0.01 s <<< FAILURE! - in com.elltor.md.util.MdKiller_TableDataBuilder_endTable_1775687097
[ERROR] test(com.elltor.md.util.MdKiller_TableDataBuilder_endTable_1775687097)  Time elapsed: 0.01 s  <<< ERROR!
java.lang.NullPointerException
	at com.elltor.md.util.MdKiller_TableDataBuilder_endTable_1775687097.test(MdKiller_TableDataBuilder_endTable_1775687097.java:45)

[INFO] Running com.elltor.md.util.MdKiller_SectionBuilder_text_66540209610
[INFO] Tests run: 1, Failures: 0, Errors: 0, Skipped: 0, Time elapsed: 0 s - in com.elltor.md.util.MdKiller_SectionBuilder_text_66540209610
[INFO] Running com.elltor.md.util.MdKiller_SectionBuilder_endRef_163628501528
[INFO] Tests run: 1, Failures: 0, Errors: 0, Skipped: 0, Time elapsed: 0.001 s - in com.elltor.md.util.MdKiller_SectionBuilder_endRef_163628501528
[INFO] Running com.elltor.md.util.MdKiller_Style_init_18451131302
[ERROR] Tests run: 1, Failures: 0, Errors: 1, Skipped: 0, Time elapsed: 0.001 s <<< FAILURE! - in com.elltor.md.util.MdKiller_Style_init_18451131302
[ERROR] test(com.elltor.md.util.MdKiller_Style_init_18451131302)  Time elapsed: 0.001 s  <<< ERROR!
java.lang.IllegalArgumentException: Cannot reflectively create enum objects
	at com.elltor.md.util.MdKiller_Style_init_18451131302.test(MdKiller_Style_init_18451131302.java:44)

[INFO] Running com.elltor.md.util.MdKiller_MetaData_init_5956140578
[INFO] Tests run: 1, Failures: 0, Errors: 0, Skipped: 0, Time elapsed: 0.001 s - in com.elltor.md.util.MdKiller_MetaData_init_5956140578
[INFO] Running com.elltor.md.util.MdKiller_Fonts_parseStyle_45064049811
[INFO] Tests run: 1, Failures: 0, Errors: 0, Skipped: 0, Time elapsed: 0.001 s - in com.elltor.md.util.MdKiller_Fonts_parseStyle_45064049811
[INFO] Running com.elltor.md.util.MdKiller_Style_init_18451131306
[ERROR] Tests run: 1, Failures: 0, Errors: 1, Skipped: 0, Time elapsed: 0.002 s <<< FAILURE! - in com.elltor.md.util.MdKiller_Style_init_18451131306
[ERROR] test(com.elltor.md.util.MdKiller_Style_init_18451131306)  Time elapsed: 0 s  <<< ERROR!
java.lang.IllegalArgumentException: Cannot reflectively create enum objects
	at com.elltor.md.util.MdKiller_Style_init_18451131306.test(MdKiller_Style_init_18451131306.java:49)

[INFO] Running com.elltor.md.util.MdKiller_MetaData_toString_18804600994
[INFO] Tests run: 1, Failures: 0, Errors: 0, Skipped: 0, Time elapsed: 0.003 s - in com.elltor.md.util.MdKiller_MetaData_toString_18804600994
[INFO] Running com.elltor.md.util.MdKiller_Section_setType_20662757123
[INFO] Tests run: 1, Failures: 0, Errors: 0, Skipped: 0, Time elapsed: 0.001 s - in com.elltor.md.util.MdKiller_Section_setType_20662757123
[INFO] Running com.elltor.md.util.MdKiller_SectionBuilder_links_45433686338
[INFO] Tests run: 1, Failures: 0, Errors: 0, Skipped: 0, Time elapsed: 0.001 s - in com.elltor.md.util.MdKiller_SectionBuilder_links_45433686338
[INFO] Running com.elltor.md.util.MdKiller_SectionBuilder_link_175660960734
[INFO] Tests run: 1, Failures: 0, Errors: 0, Skipped: 0, Time elapsed: 0.001 s - in com.elltor.md.util.MdKiller_SectionBuilder_link_175660960734
[INFO] Running com.elltor.md.util.MdKiller_SectionBuilder_title_43786627122
[INFO] Tests run: 1, Failures: 0, Errors: 0, Skipped: 0, Time elapsed: 0.001 s - in com.elltor.md.util.MdKiller_SectionBuilder_title_43786627122
[INFO] Running com.elltor.md.util.MdKiller_of_17783563161
[INFO] Tests run: 1, Failures: 0, Errors: 0, Skipped: 0, Time elapsed: 0.001 s - in com.elltor.md.util.MdKiller_of_17783563161
[INFO] Running com.elltor.md.util.MdKiller_MdParser_doParse_21282282336
[INFO] Tests run: 1, Failures: 0, Errors: 0, Skipped: 0, Time elapsed: 0.002 s - in com.elltor.md.util.MdKiller_MdParser_doParse_21282282336
[INFO] Running com.elltor.md.util.MdKiller_SectionBuilder_text_114859888212
[INFO] Tests run: 1, Failures: 0, Errors: 0, Skipped: 0, Time elapsed: 0 s - in com.elltor.md.util.MdKiller_SectionBuilder_text_114859888212
[INFO] Running com.elltor.md.util.MdKiller_MetaData_toString_18804600999
[ERROR] Tests run: 1, Failures: 0, Errors: 1, Skipped: 0, Time elapsed: 0.002 s <<< FAILURE! - in com.elltor.md.util.MdKiller_MetaData_toString_18804600999
[ERROR] test(com.elltor.md.util.MdKiller_MetaData_toString_18804600999)  Time elapsed: 0.001 s  <<< ERROR!
java.lang.NullPointerException
	at com.elltor.md.util.MdKiller_MetaData_toString_18804600999.test(MdKiller_MetaData_toString_18804600999.java:47)

[INFO] Running com.elltor.md.util.MdKiller_SectionBuilder_title_132837133718
[INFO] Tests run: 1, Failures: 0, Errors: 0, Skipped: 0, Time elapsed: 0.001 s - in com.elltor.md.util.MdKiller_SectionBuilder_title_132837133718
[INFO] Running com.elltor.md.util.MdKiller_SectionBuilder_title_95125519020
[INFO] Tests run: 1, Failures: 0, Errors: 0, Skipped: 0, Time elapsed: 0.001 s - in com.elltor.md.util.MdKiller_SectionBuilder_title_95125519020
[INFO] Running com.elltor.md.util.MdKiller_SectionBuilder_text_24052257911
[INFO] Tests run: 1, Failures: 0, Errors: 0, Skipped: 0, Time elapsed: 0.001 s - in com.elltor.md.util.MdKiller_SectionBuilder_text_24052257911
[INFO] Running com.elltor.md.util.MdKiller_Section_Type_init_5352038215
[ERROR] Tests run: 1, Failures: 0, Errors: 1, Skipped: 0, Time elapsed: 0.001 s <<< FAILURE! - in com.elltor.md.util.MdKiller_Section_Type_init_5352038215
[ERROR] test(com.elltor.md.util.MdKiller_Section_Type_init_5352038215)  Time elapsed: 0.001 s  <<< ERROR!
java.lang.IllegalArgumentException: Cannot reflectively create enum objects
	at com.elltor.md.util.MdKiller_Section_Type_init_5352038215.test(MdKiller_Section_Type_init_5352038215.java:47)

[INFO] Running com.elltor.md.util.MdKiller_Fonts_parseStyle_4506404985
[INFO] Tests run: 1, Failures: 0, Errors: 0, Skipped: 0, Time elapsed: 0.001 s - in com.elltor.md.util.MdKiller_Fonts_parseStyle_4506404985
[INFO] Running com.elltor.md.util.MdKiller_Fonts_of_9018475011
[INFO] Tests run: 1, Failures: 0, Errors: 0, Skipped: 0, Time elapsed: 0.001 s - in com.elltor.md.util.MdKiller_Fonts_of_9018475011
[INFO] Running com.elltor.md.util.MdKiller_MetaData_init_1997691967
[INFO] Tests run: 1, Failures: 0, Errors: 0, Skipped: 0, Time elapsed: 0.001 s - in com.elltor.md.util.MdKiller_MetaData_init_1997691967
[INFO] Running com.elltor.md.util.MdKiller_Fonts_of_19628361042
[INFO] Tests run: 1, Failures: 0, Errors: 0, Skipped: 0, Time elapsed: 0 s - in com.elltor.md.util.MdKiller_Fonts_of_19628361042
[INFO] Running com.elltor.md.util.MdKiller_TableDataBuilder_data_1307737043
[INFO] Tests run: 1, Failures: 0, Errors: 0, Skipped: 0, Time elapsed: 0.001 s - in com.elltor.md.util.MdKiller_TableDataBuilder_data_1307737043
[INFO] Running com.elltor.md.util.MdKiller_SectionBuilder_text_11060844075
[INFO] Tests run: 1, Failures: 0, Errors: 0, Skipped: 0, Time elapsed: 0.001 s - in com.elltor.md.util.MdKiller_SectionBuilder_text_11060844075
[INFO] Running com.elltor.md.util.MdKiller_SectionBuilder_ol_7339693240
[ERROR] Tests run: 1, Failures: 0, Errors: 1, Skipped: 0, Time elapsed: 0.002 s <<< FAILURE! - in com.elltor.md.util.MdKiller_SectionBuilder_ol_7339693240
[ERROR] test(com.elltor.md.util.MdKiller_SectionBuilder_ol_7339693240)  Time elapsed: 0.001 s  <<< ERROR!
java.lang.NullPointerException
	at com.elltor.md.util.MdKiller_SectionBuilder_ol_7339693240.test(MdKiller_SectionBuilder_ol_7339693240.java:45)

[INFO] Running com.elltor.md.util.MdKiller_MdParser_init_20448040817
[INFO] Tests run: 1, Failures: 0, Errors: 0, Skipped: 0, Time elapsed: 0 s - in com.elltor.md.util.MdKiller_MdParser_init_20448040817
[INFO] Running com.elltor.md.util.MdKiller_Style_getName_16973679223
[INFO] Tests run: 1, Failures: 0, Errors: 0, Skipped: 0, Time elapsed: 0.001 s - in com.elltor.md.util.MdKiller_Style_getName_16973679223
[INFO] Running com.elltor.md.util.MdKiller_TableDataBuilder_init_7661267751
[INFO] Tests run: 1, Failures: 0, Errors: 0, Skipped: 0, Time elapsed: 0.001 s - in com.elltor.md.util.MdKiller_TableDataBuilder_init_7661267751
[INFO] Running com.elltor.md.util.MdKiller_Section_getDepth_142854589337
[INFO] Tests run: 1, Failures: 0, Errors: 0, Skipped: 0, Time elapsed: 0 s - in com.elltor.md.util.MdKiller_Section_getDepth_142854589337
[INFO] Running com.elltor.md.util.MdKiller_Section_Type_init_5352038212
[ERROR] Tests run: 1, Failures: 0, Errors: 1, Skipped: 0, Time elapsed: 0.002 s <<< FAILURE! - in com.elltor.md.util.MdKiller_Section_Type_init_5352038212
[ERROR] test(com.elltor.md.util.MdKiller_Section_Type_init_5352038212)  Time elapsed: 0.001 s  <<< ERROR!
java.lang.IllegalArgumentException: Cannot reflectively create enum objects
	at com.elltor.md.util.MdKiller_Section_Type_init_5352038212.test(MdKiller_Section_Type_init_5352038212.java:42)

[INFO] Running com.elltor.md.util.MdKiller_MetaData_Type_init_20179079755
[ERROR] Tests run: 1, Failures: 0, Errors: 1, Skipped: 0, Time elapsed: 0.001 s <<< FAILURE! - in com.elltor.md.util.MdKiller_MetaData_Type_init_20179079755
[ERROR] test(com.elltor.md.util.MdKiller_MetaData_Type_init_20179079755)  Time elapsed: 0.001 s  <<< ERROR!
java.lang.IllegalArgumentException: Cannot reflectively create enum objects
	at com.elltor.md.util.MdKiller_MetaData_Type_init_20179079755.test(MdKiller_MetaData_Type_init_20179079755.java:47)

[INFO] Running com.elltor.md.util.MdKiller_SectionBuilder_endOl_168420026542
[INFO] Tests run: 1, Failures: 0, Errors: 0, Skipped: 0, Time elapsed: 0 s - in com.elltor.md.util.MdKiller_SectionBuilder_endOl_168420026542
[INFO] Running com.elltor.md.util.MdKiller_MetaData_init_5956140571
[INFO] Tests run: 1, Failures: 0, Errors: 0, Skipped: 0, Time elapsed: 0.001 s - in com.elltor.md.util.MdKiller_MetaData_init_5956140571
[INFO] Running com.elltor.md.util.MdKiller_MetaData_generateString_79948864610
[ERROR] Tests run: 1, Failures: 0, Errors: 1, Skipped: 0, Time elapsed: 0.001 s <<< FAILURE! - in com.elltor.md.util.MdKiller_MetaData_generateString_79948864610
[ERROR] test(com.elltor.md.util.MdKiller_MetaData_generateString_79948864610)  Time elapsed: 0.001 s  <<< ERROR!
java.lang.NullPointerException: The delimiter must not be null
	at com.elltor.md.util.MdKiller_MetaData_generateString_79948864610.test(MdKiller_MetaData_generateString_79948864610.java:49)

[INFO] Running com.elltor.md.util.MdKiller_Section_getData_127465313125
[INFO] Tests run: 1, Failures: 0, Errors: 0, Skipped: 0, Time elapsed: 0 s - in com.elltor.md.util.MdKiller_Section_getData_127465313125
[INFO] Running com.elltor.md.util.MdKiller_MetaData_Type_valueOf_20594187884
[ERROR] Tests run: 1, Failures: 0, Errors: 1, Skipped: 0, Time elapsed: 0.001 s <<< FAILURE! - in com.elltor.md.util.MdKiller_MetaData_Type_valueOf_20594187884
[ERROR] test(com.elltor.md.util.MdKiller_MetaData_Type_valueOf_20594187884)  Time elapsed: 0.001 s  <<< ERROR!
java.lang.NullPointerException: Name is null
	at com.elltor.md.util.MdKiller_MetaData_Type_valueOf_20594187884.test(MdKiller_MetaData_Type_valueOf_20594187884.java:49)

[INFO] Running com.elltor.md.util.MdKiller_SectionBuilder_ref_3158078626
[ERROR] Tests run: 1, Failures: 0, Errors: 1, Skipped: 0, Time elapsed: 0.001 s <<< FAILURE! - in com.elltor.md.util.MdKiller_SectionBuilder_ref_3158078626
[ERROR] test(com.elltor.md.util.MdKiller_SectionBuilder_ref_3158078626)  Time elapsed: 0.001 s  <<< ERROR!
java.lang.NullPointerException
	at com.elltor.md.util.MdKiller_SectionBuilder_ref_3158078626.test(MdKiller_SectionBuilder_ref_3158078626.java:45)

[INFO] Running com.elltor.md.util.MdKiller_Style_getName_16973679227
[INFO] Tests run: 1, Failures: 0, Errors: 0, Skipped: 0, Time elapsed: 0 s - in com.elltor.md.util.MdKiller_Style_getName_16973679227
[INFO] Running com.elltor.md.util.MdKiller_Section_Type_values_14741402550
[INFO] Tests run: 1, Failures: 0, Errors: 0, Skipped: 0, Time elapsed: 0 s - in com.elltor.md.util.MdKiller_Section_Type_values_14741402550
[INFO] Running com.elltor.md.util.MdKiller_MetaData_generateLinkList_20876030166
[INFO] Tests run: 1, Failures: 0, Errors: 0, Skipped: 0, Time elapsed: 0 s - in com.elltor.md.util.MdKiller_MetaData_generateLinkList_20876030166
[INFO] Running com.elltor.md.util.MdKiller_Section_Type_valueOf_9821098524
[ERROR] Tests run: 1, Failures: 0, Errors: 1, Skipped: 0, Time elapsed: 0.001 s <<< FAILURE! - in com.elltor.md.util.MdKiller_Section_Type_valueOf_9821098524
[ERROR] test(com.elltor.md.util.MdKiller_Section_Type_valueOf_9821098524)  Time elapsed: 0.001 s  <<< ERROR!
java.lang.NullPointerException: Name is null
	at com.elltor.md.util.MdKiller_Section_Type_valueOf_9821098524.test(MdKiller_Section_Type_valueOf_9821098524.java:49)

[INFO] Running com.elltor.md.util.MdKiller_SectionBuilder_bigTitle_66153448414
[INFO] Tests run: 1, Failures: 0, Errors: 0, Skipped: 0, Time elapsed: 0.001 s - in com.elltor.md.util.MdKiller_SectionBuilder_bigTitle_66153448414
[INFO] Running com.elltor.md.util.MdKiller_MdParser_findRoot_1701508084
[ERROR] Tests run: 1, Failures: 0, Errors: 1, Skipped: 0, Time elapsed: 0.001 s <<< FAILURE! - in com.elltor.md.util.MdKiller_MdParser_findRoot_1701508084
[ERROR] test(com.elltor.md.util.MdKiller_MdParser_findRoot_1701508084)  Time elapsed: 0.001 s  <<< ERROR!
java.lang.NullPointerException
	at com.elltor.md.util.MdKiller_MdParser_findRoot_1701508084.test(MdKiller_MdParser_findRoot_1701508084.java:44)

[INFO] Running com.elltor.md.util.MdKiller_ESTest
[INFO] Tests run: 77, Failures: 0, Errors: 0, Skipped: 0, Time elapsed: 0.088 s - in com.elltor.md.util.MdKiller_ESTest
[INFO] Running com.elltor.md.util.MdKiller_MetaData_Type_values_15673883853
[INFO] Tests run: 1, Failures: 0, Errors: 0, Skipped: 0, Time elapsed: 0 s - in com.elltor.md.util.MdKiller_MetaData_Type_values_15673883853
[INFO] Running com.elltor.md.util.MdKiller_SectionBuilder_links_2945734636
[INFO] Tests run: 1, Failures: 0, Errors: 0, Skipped: 0, Time elapsed: 0 s - in com.elltor.md.util.MdKiller_SectionBuilder_links_2945734636
[INFO] Running com.elltor.md.util.MdKiller_SectionBuilder_br_7377844952
[ERROR] Tests run: 1, Failures: 0, Errors: 1, Skipped: 0, Time elapsed: 0.001 s <<< FAILURE! - in com.elltor.md.util.MdKiller_SectionBuilder_br_7377844952
[ERROR] test(com.elltor.md.util.MdKiller_SectionBuilder_br_7377844952)  Time elapsed: 0.001 s  <<< ERROR!
java.lang.NullPointerException
	at com.elltor.md.util.MdKiller_SectionBuilder_br_7377844952.test(MdKiller_SectionBuilder_br_7377844952.java:45)

[INFO] Running com.elltor.md.util.MdKiller_Style_valueOf_12818347801
[ERROR] Tests run: 1, Failures: 0, Errors: 1, Skipped: 0, Time elapsed: 0.002 s <<< FAILURE! - in com.elltor.md.util.MdKiller_Style_valueOf_12818347801
[ERROR] test(com.elltor.md.util.MdKiller_Style_valueOf_12818347801)  Time elapsed: 0.001 s  <<< ERROR!
java.lang.IllegalArgumentException: No enum constant com.elltor.md.util.MdKiller.Style.eqJfYWRaEL
	at com.elltor.md.util.MdKiller_Style_valueOf_12818347801.test(MdKiller_Style_valueOf_12818347801.java:42)

[INFO] Running com.elltor.md.util.MdKiller_MdParser_init_20448040810
[INFO] Tests run: 1, Failures: 0, Errors: 0, Skipped: 0, Time elapsed: 0.001 s - in com.elltor.md.util.MdKiller_MdParser_init_20448040810
[INFO] Running com.elltor.md.util.MdKiller_Fonts_isEmpty_5565893729
[INFO] Tests run: 1, Failures: 0, Errors: 0, Skipped: 0, Time elapsed: 0 s - in com.elltor.md.util.MdKiller_Fonts_isEmpty_5565893729
[INFO] Running com.elltor.md.util.MdKiller_Section_childIsEmpty_13726738555
[INFO] Tests run: 1, Failures: 0, Errors: 0, Skipped: 0, Time elapsed: 0.001 s - in com.elltor.md.util.MdKiller_Section_childIsEmpty_13726738555
[INFO] Running com.elltor.md.util.MdKiller_init_16934760972
[INFO] Tests run: 1, Failures: 0, Errors: 0, Skipped: 0, Time elapsed: 0.001 s - in com.elltor.md.util.MdKiller_init_16934760972
[INFO] Running com.elltor.md.util.MdKiller_SectionBuilder_link_133173009032
[INFO] Tests run: 1, Failures: 0, Errors: 0, Skipped: 0, Time elapsed: 0 s - in com.elltor.md.util.MdKiller_SectionBuilder_link_133173009032
[INFO] Running com.elltor.md.util.MdKiller_SectionBuilder_endUl_168402151946
[INFO] Tests run: 1, Failures: 0, Errors: 0, Skipped: 0, Time elapsed: 0 s - in com.elltor.md.util.MdKiller_SectionBuilder_endUl_168402151946
[INFO] Running com.elltor.md.util.MdKiller_Style_valueOf_12818347805
[ERROR] Tests run: 1, Failures: 0, Errors: 1, Skipped: 0, Time elapsed: 0.001 s <<< FAILURE! - in com.elltor.md.util.MdKiller_Style_valueOf_12818347805
[ERROR] test(com.elltor.md.util.MdKiller_Style_valueOf_12818347805)  Time elapsed: 0 s  <<< ERROR!
java.lang.NullPointerException: Name is null
	at com.elltor.md.util.MdKiller_Style_valueOf_12818347805.test(MdKiller_Style_valueOf_12818347805.java:49)

[INFO] Running com.elltor.md.util.MdKiller_SectionBuilder_text_17585991989
[INFO] Tests run: 1, Failures: 0, Errors: 0, Skipped: 0, Time elapsed: 0.001 s - in com.elltor.md.util.MdKiller_SectionBuilder_text_17585991989
[INFO] Running com.elltor.md.util.MdKiller_SectionBuilder_init_11514252681
[INFO] Tests run: 1, Failures: 0, Errors: 0, Skipped: 0, Time elapsed: 0.001 s - in com.elltor.md.util.MdKiller_SectionBuilder_init_11514252681
[INFO] Running com.elltor.md.util.MdKiller_MetaData_init_1997691960
[INFO] Tests run: 1, Failures: 0, Errors: 0, Skipped: 0, Time elapsed: 0.001 s - in com.elltor.md.util.MdKiller_MetaData_init_1997691960
[INFO] Running com.elltor.md.util.MdKiller_Section_getChildren_21817224533
[INFO] Tests run: 1, Failures: 0, Errors: 0, Skipped: 0, Time elapsed: 0 s - in com.elltor.md.util.MdKiller_Section_getChildren_21817224533
[INFO] Running com.elltor.md.util.MdKiller_Section_init_7558311231
[INFO] Tests run: 1, Failures: 0, Errors: 0, Skipped: 0, Time elapsed: 0.001 s - in com.elltor.md.util.MdKiller_Section_init_7558311231
[INFO] Running com.elltor.md.util.MdKiller_SectionBuilder_code_143190187648
[ERROR] Tests run: 1, Failures: 0, Errors: 1, Skipped: 0, Time elapsed: 0.001 s <<< FAILURE! - in com.elltor.md.util.MdKiller_SectionBuilder_code_143190187648
[ERROR] test(com.elltor.md.util.MdKiller_SectionBuilder_code_143190187648)  Time elapsed: 0.001 s  <<< ERROR!
java.lang.NullPointerException
	at com.elltor.md.util.MdKiller_SectionBuilder_code_143190187648.test(MdKiller_SectionBuilder_code_143190187648.java:45)

[INFO] Running com.elltor.md.util.MdKiller_SectionBuilder_table_199439709430
[INFO] Tests run: 1, Failures: 0, Errors: 0, Skipped: 0, Time elapsed: 0 s - in com.elltor.md.util.MdKiller_SectionBuilder_table_199439709430
[INFO] Running com.elltor.md.util.MdKiller_MdParser_parse_11405515862
[ERROR] Tests run: 1, Failures: 0, Errors: 1, Skipped: 0, Time elapsed: 0 s <<< FAILURE! - in com.elltor.md.util.MdKiller_MdParser_parse_11405515862
[ERROR] test(com.elltor.md.util.MdKiller_MdParser_parse_11405515862)  Time elapsed: 0 s  <<< ERROR!
java.lang.NullPointerException
	at com.elltor.md.util.MdKiller_MdParser_parse_11405515862.test(MdKiller_MdParser_parse_11405515862.java:44)

[INFO] Running com.elltor.md.util.MdKiller_MetaData_Type_valueOf_20594187881
[ERROR] Tests run: 1, Failures: 0, Errors: 1, Skipped: 0, Time elapsed: 0.001 s <<< FAILURE! - in com.elltor.md.util.MdKiller_MetaData_Type_valueOf_20594187881
[ERROR] test(com.elltor.md.util.MdKiller_MetaData_Type_valueOf_20594187881)  Time elapsed: 0.001 s  <<< ERROR!
java.lang.IllegalArgumentException: No enum constant com.elltor.md.util.MdKiller.MetaData.Type.PAEBtnZtTD
	at com.elltor.md.util.MdKiller_MetaData_Type_valueOf_20594187881.test(MdKiller_MetaData_Type_valueOf_20594187881.java:42)

[INFO] Running com.elltor.md.util.MdKiller_Style_values_17738651830
[INFO] Tests run: 1, Failures: 0, Errors: 0, Skipped: 0, Time elapsed: 0.001 s - in com.elltor.md.util.MdKiller_Style_values_17738651830
[INFO] Running com.elltor.md.util.MdKiller_TableDataBuilder_data_20348004575
[INFO] Tests run: 1, Failures: 0, Errors: 0, Skipped: 0, Time elapsed: 0.001 s - in com.elltor.md.util.MdKiller_TableDataBuilder_data_20348004575
[INFO] Running com.elltor.md.util.MdKiller_Section_Type_valueOf_9821098521
[ERROR] Tests run: 1, Failures: 0, Errors: 1, Skipped: 0, Time elapsed: 0 s <<< FAILURE! - in com.elltor.md.util.MdKiller_Section_Type_valueOf_9821098521
[ERROR] test(com.elltor.md.util.MdKiller_Section_Type_valueOf_9821098521)  Time elapsed: 0 s  <<< ERROR!
java.lang.IllegalArgumentException: No enum constant com.elltor.md.util.MdKiller.Section.Type.sjlJAEtRrb
	at com.elltor.md.util.MdKiller_Section_Type_valueOf_9821098521.test(MdKiller_Section_Type_valueOf_9821098521.java:42)

[INFO] Running com.elltor.md.util.MdKiller_Section_setParent_84229957131
[INFO] Tests run: 1, Failures: 0, Errors: 0, Skipped: 0, Time elapsed: 0.001 s - in com.elltor.md.util.MdKiller_Section_setParent_84229957131
[INFO] Running com.elltor.md.util.MdKiller_Section_setChildren_96149137735
[INFO] Tests run: 1, Failures: 0, Errors: 0, Skipped: 0, Time elapsed: 0.001 s - in com.elltor.md.util.MdKiller_Section_setChildren_96149137735
[INFO] Running com.elltor.md.util.MdKiller_Section_parseData_2285226339
[INFO] Tests run: 1, Failures: 0, Errors: 0, Skipped: 0, Time elapsed: 0 s - in com.elltor.md.util.MdKiller_Section_parseData_2285226339
[INFO] Running com.elltor.md.util.MdKiller_Section_addChild_3323192983
[INFO] Tests run: 1, Failures: 0, Errors: 0, Skipped: 0, Time elapsed: 0 s - in com.elltor.md.util.MdKiller_Section_addChild_3323192983
[INFO] Running com.elltor.md.util.MdKiller_MetaData_init_16740661762
[INFO] Tests run: 1, Failures: 0, Errors: 0, Skipped: 0, Time elapsed: 0 s - in com.elltor.md.util.MdKiller_MetaData_init_16740661762
[INFO] Running com.elltor.md.util.MdKiller_Fonts_isEmpty_5565893723
[INFO] Tests run: 1, Failures: 0, Errors: 0, Skipped: 0, Time elapsed: 0 s - in com.elltor.md.util.MdKiller_Fonts_isEmpty_5565893723
[INFO] Running com.elltor.md.util.MdKiller_SectionBuilder_subTitle_127703803624
[INFO] Tests run: 1, Failures: 0, Errors: 0, Skipped: 0, Time elapsed: 0 s - in com.elltor.md.util.MdKiller_SectionBuilder_subTitle_127703803624
[INFO] Running com.elltor.md.util.MdKiller_Fonts_init_3240168496
[INFO] Tests run: 1, Failures: 0, Errors: 0, Skipped: 0, Time elapsed: 0 s - in com.elltor.md.util.MdKiller_Fonts_init_3240168496
[INFO] Running com.elltor.md.util.MdKiller_Section_getParent_11298115129
[INFO] Tests run: 1, Failures: 0, Errors: 0, Skipped: 0, Time elapsed: 0.001 s - in com.elltor.md.util.MdKiller_Section_getParent_11298115129
[INFO] Running com.elltor.md.util.MdKiller_MetaData_generateString_7994886465
[INFO] Tests run: 1, Failures: 0, Errors: 0, Skipped: 0, Time elapsed: 0 s - in com.elltor.md.util.MdKiller_MetaData_generateString_7994886465
[INFO] Running com.elltor.md.util.MdKiller_Fonts_of_9018475017
[INFO] Tests run: 1, Failures: 0, Errors: 0, Skipped: 0, Time elapsed: 0 s - in com.elltor.md.util.MdKiller_Fonts_of_9018475017
[INFO] Running com.elltor.md.util.MdKiller_Style_values_17738651834
[INFO] Tests run: 1, Failures: 0, Errors: 0, Skipped: 0, Time elapsed: 0.001 s - in com.elltor.md.util.MdKiller_Style_values_17738651834
[INFO] Running com.elltor.md.util.MdKiller_Section_parseTableSection_76617853217
[ERROR] Tests run: 1, Failures: 0, Errors: 1, Skipped: 0, Time elapsed: 0.001 s <<< FAILURE! - in com.elltor.md.util.MdKiller_Section_parseTableSection_76617853217
[ERROR] test(com.elltor.md.util.MdKiller_Section_parseTableSection_76617853217)  Time elapsed: 0.001 s  <<< ERROR!
java.lang.NullPointerException
	at com.elltor.md.util.MdKiller_Section_parseTableSection_76617853217.test(MdKiller_Section_parseTableSection_76617853217.java:49)

[INFO] Running com.elltor.md.util.MdKiller_Section_parseOrderListSection_44653775413
[ERROR] Tests run: 1, Failures: 0, Errors: 1, Skipped: 0, Time elapsed: 0.001 s <<< FAILURE! - in com.elltor.md.util.MdKiller_Section_parseOrderListSection_44653775413
[ERROR] test(com.elltor.md.util.MdKiller_Section_parseOrderListSection_44653775413)  Time elapsed: 0.001 s  <<< ERROR!
java.lang.NullPointerException
	at com.elltor.md.util.MdKiller_Section_parseOrderListSection_44653775413.test(MdKiller_Section_parseOrderListSection_44653775413.java:49)

[INFO] Running com.elltor.md.util.MdKiller_MetaData_Type_init_20179079752
[ERROR] Tests run: 1, Failures: 0, Errors: 1, Skipped: 0, Time elapsed: 0.001 s <<< FAILURE! - in com.elltor.md.util.MdKiller_MetaData_Type_init_20179079752
[ERROR] test(com.elltor.md.util.MdKiller_MetaData_Type_init_20179079752)  Time elapsed: 0.001 s  <<< ERROR!
java.lang.IllegalArgumentException: Cannot reflectively create enum objects
	at com.elltor.md.util.MdKiller_MetaData_Type_init_20179079752.test(MdKiller_MetaData_Type_init_20179079752.java:42)

[INFO] Running com.elltor.md.util.MdKiller_Section_lazyInitChildren_210856270319
[INFO] Tests run: 1, Failures: 0, Errors: 0, Skipped: 0, Time elapsed: 0.001 s - in com.elltor.md.util.MdKiller_Section_lazyInitChildren_210856270319
[INFO] Running com.elltor.md.util.MdKiller_of_17783563163
[INFO] Tests run: 1, Failures: 0, Errors: 0, Skipped: 0, Time elapsed: 0.001 s - in com.elltor.md.util.MdKiller_of_17783563163
[INFO] Running com.elltor.md.util.MdKiller_MetaData_Type_values_15673883850
[INFO] Tests run: 1, Failures: 0, Errors: 0, Skipped: 0, Time elapsed: 0 s - in com.elltor.md.util.MdKiller_MetaData_Type_values_15673883850
[INFO] Running com.elltor.md.util.MdKiller_Fonts_toString_18429577824
[INFO] Tests run: 1, Failures: 0, Errors: 0, Skipped: 0, Time elapsed: 0 s - in com.elltor.md.util.MdKiller_Fonts_toString_18429577824
[INFO] Running com.elltor.md.util.MdKiller_SectionBuilder_build_98706317054
[ERROR] Tests run: 1, Failures: 0, Errors: 1, Skipped: 0, Time elapsed: 0.001 s <<< FAILURE! - in com.elltor.md.util.MdKiller_SectionBuilder_build_98706317054
[ERROR] test(com.elltor.md.util.MdKiller_SectionBuilder_build_98706317054)  Time elapsed: 0.001 s  <<< ERROR!
java.lang.NullPointerException
	at com.elltor.md.util.MdKiller_SectionBuilder_build_98706317054.test(MdKiller_SectionBuilder_build_98706317054.java:45)

[INFO] Running com.elltor.md.util.MdKiller_Section_parse_4366111237
[ERROR] Tests run: 1, Failures: 0, Errors: 1, Skipped: 0, Time elapsed: 0.001 s <<< FAILURE! - in com.elltor.md.util.MdKiller_Section_parse_4366111237
[ERROR] test(com.elltor.md.util.MdKiller_Section_parse_4366111237)  Time elapsed: 0.001 s  <<< ERROR!
java.lang.NullPointerException
	at com.elltor.md.util.MdKiller_Section_parse_4366111237.test(MdKiller_Section_parse_4366111237.java:49)

[INFO] Running com.elltor.md.util.MdKiller_MetaData_init_7365314093
[INFO] Tests run: 1, Failures: 0, Errors: 0, Skipped: 0, Time elapsed: 0 s - in com.elltor.md.util.MdKiller_MetaData_init_7365314093
[INFO] Running com.elltor.md.util.MdKiller_SectionBuilder_text_15309639247
[INFO] Tests run: 1, Failures: 0, Errors: 0, Skipped: 0, Time elapsed: 0 s - in com.elltor.md.util.MdKiller_SectionBuilder_text_15309639247
[INFO] Running com.elltor.md.util.MdKiller_Fonts_init_3240168490
[INFO] Tests run: 1, Failures: 0, Errors: 0, Skipped: 0, Time elapsed: 0 s - in com.elltor.md.util.MdKiller_Fonts_init_3240168490
[INFO] Running com.elltor.md.util.MdKiller_SectionBuilder_endCode_106928896750
[INFO] Tests run: 1, Failures: 0, Errors: 0, Skipped: 0, Time elapsed: 0 s - in com.elltor.md.util.MdKiller_SectionBuilder_endCode_106928896750
[INFO] Running com.elltor.md.util.MdKiller_Section_parseUnOrderListSection_128926576115
[ERROR] Tests run: 1, Failures: 0, Errors: 1, Skipped: 0, Time elapsed: 0 s <<< FAILURE! - in com.elltor.md.util.MdKiller_Section_parseUnOrderListSection_128926576115
[ERROR] test(com.elltor.md.util.MdKiller_Section_parseUnOrderListSection_128926576115)  Time elapsed: 0 s  <<< ERROR!
java.lang.NullPointerException
	at com.elltor.md.util.MdKiller_Section_parseUnOrderListSection_128926576115.test(MdKiller_Section_parseUnOrderListSection_128926576115.java:49)

[INFO] Running com.elltor.md.util.MdKiller_Section_Type_values_14741402553
[INFO] Tests run: 1, Failures: 0, Errors: 0, Skipped: 0, Time elapsed: 0 s - in com.elltor.md.util.MdKiller_Section_Type_values_14741402553
[INFO] Running com.elltor.md.util.MdKiller_Fonts_of_19628361048
[INFO] Tests run: 1, Failures: 0, Errors: 0, Skipped: 0, Time elapsed: 0 s - in com.elltor.md.util.MdKiller_Fonts_of_19628361048
[INFO] Running com.elltor.md.util.MdKiller_Fonts_toString_184295778210
[ERROR] Tests run: 1, Failures: 0, Errors: 1, Skipped: 0, Time elapsed: 0 s <<< FAILURE! - in com.elltor.md.util.MdKiller_Fonts_toString_184295778210
[ERROR] test(com.elltor.md.util.MdKiller_Fonts_toString_184295778210)  Time elapsed: 0 s  <<< ERROR!
java.lang.NullPointerException
	at com.elltor.md.util.MdKiller_Fonts_toString_184295778210.test(MdKiller_Fonts_toString_184295778210.java:44)

[INFO] Running com.elltor.md.util.MdKiller_SectionBuilder_init_16717361293
[INFO] Tests run: 1, Failures: 0, Errors: 0, Skipped: 0, Time elapsed: 0 s - in com.elltor.md.util.MdKiller_SectionBuilder_init_16717361293
[INFO] Running com.elltor.md.util.MdKiller_SectionBuilder_ul_7321818644
[ERROR] Tests run: 1, Failures: 0, Errors: 1, Skipped: 0, Time elapsed: 0.001 s <<< FAILURE! - in com.elltor.md.util.MdKiller_SectionBuilder_ul_7321818644
[ERROR] test(com.elltor.md.util.MdKiller_SectionBuilder_ul_7321818644)  Time elapsed: 0.001 s  <<< ERROR!
java.lang.NullPointerException
	at com.elltor.md.util.MdKiller_SectionBuilder_ul_7321818644.test(MdKiller_SectionBuilder_ul_7321818644.java:45)

[INFO] Running com.elltor.md.util.MdKiller_Section_parseRefSection_116171123111
[ERROR] Tests run: 1, Failures: 0, Errors: 1, Skipped: 0, Time elapsed: 0.001 s <<< FAILURE! - in com.elltor.md.util.MdKiller_Section_parseRefSection_116171123111
[ERROR] test(com.elltor.md.util.MdKiller_Section_parseRefSection_116171123111)  Time elapsed: 0.001 s  <<< ERROR!
java.lang.NullPointerException
	at com.elltor.md.util.MdKiller_Section_parseRefSection_116171123111.test(MdKiller_Section_parseRefSection_116171123111.java:49)

[INFO] Running com.elltor.md.util.MdKiller_Section_setData_94694476127
[INFO] Tests run: 1, Failures: 0, Errors: 0, Skipped: 0, Time elapsed: 0 s - in com.elltor.md.util.MdKiller_Section_setData_94694476127
[INFO] 
[INFO] Results:
[INFO] 
[ERROR] Errors: 
[ERROR]   MdKiller_Fonts_toString_184295778210.test:44 » NullPointer
[ERROR]   MdKiller_MdParser_findRoot_1701508084.test:44 » NullPointer
[ERROR]   MdKiller_MdParser_parse_11405515862.test:44 » NullPointer
[ERROR]   MdKiller_MetaData_Type_init_20179079752.test:42 » IllegalArgument Cannot refle...
[ERROR]   MdKiller_MetaData_Type_init_20179079755.test:47 » IllegalArgument Cannot refle...
[ERROR]   MdKiller_MetaData_Type_valueOf_20594187881.test:42 » IllegalArgument No enum c...
[ERROR]   MdKiller_MetaData_Type_valueOf_20594187884.test:49 » NullPointer Name is null
[ERROR]   MdKiller_MetaData_generateString_79948864610.test:49 » NullPointer The delimit...
[ERROR]   MdKiller_MetaData_toString_18804600999.test:47 » NullPointer
[ERROR]   MdKiller_SectionBuilder_br_7377844952.test:45 » NullPointer
[ERROR]   MdKiller_SectionBuilder_build_98706317054.test:45 » NullPointer
[ERROR]   MdKiller_SectionBuilder_code_143190187648.test:45 » NullPointer
[ERROR]   MdKiller_SectionBuilder_ol_7339693240.test:45 » NullPointer
[ERROR]   MdKiller_SectionBuilder_ref_3158078626.test:45 » NullPointer
[ERROR]   MdKiller_SectionBuilder_ul_7321818644.test:45 » NullPointer
[ERROR]   MdKiller_Section_Type_init_5352038212.test:42 » IllegalArgument Cannot reflect...
[ERROR]   MdKiller_Section_Type_init_5352038215.test:47 » IllegalArgument Cannot reflect...
[ERROR]   MdKiller_Section_Type_valueOf_9821098521.test:42 » IllegalArgument No enum con...
[ERROR]   MdKiller_Section_Type_valueOf_9821098524.test:49 » NullPointer Name is null
[ERROR]   MdKiller_Section_parseOrderListSection_44653775413.test:49 » NullPointer
[ERROR]   MdKiller_Section_parseRefSection_116171123111.test:49 » NullPointer
[ERROR]   MdKiller_Section_parseTableSection_76617853217.test:49 » NullPointer
[ERROR]   MdKiller_Section_parseUnOrderListSection_128926576115.test:49 » NullPointer
[ERROR]   MdKiller_Section_parse_4366111237.test:49 » NullPointer
[ERROR]   MdKiller_Style_init_18451131302.test:44 » IllegalArgument Cannot reflectively ...
[ERROR]   MdKiller_Style_init_18451131306.test:49 » IllegalArgument Cannot reflectively ...
[ERROR]   MdKiller_Style_valueOf_12818347801.test:42 » IllegalArgument No enum constant ...
[ERROR]   MdKiller_Style_valueOf_12818347805.test:49 » NullPointer Name is null
[ERROR]   MdKiller_TableDataBuilder_endTable_1775687097.test:45 » NullPointer
[INFO] 
[ERROR] Tests run: 187, Failures: 0, Errors: 29, Skipped: 0
[INFO] 
[ERROR] There are test failures.

Please refer to /app/target/surefire-reports for the individual test results.
Please refer to dump files (if any exist) [date].dump, [date]-jvmRun[N].dump and [date].dumpstream.
[INFO] 
[INFO] --- jacoco-maven-plugin:0.8.11:report (report) @ mdkiller ---
[INFO] Loading execution data file /app/target/jacoco.exec
[INFO] Analyzed bundle 'mdkiller' with 11 classes
[INFO] 
[INFO] --- jacoco-maven-plugin:0.8.11:report (default-cli) @ mdkiller ---
[INFO] Loading execution data file /app/target/jacoco.exec
[INFO] Analyzed bundle 'mdkiller' with 11 classes
[INFO] ------------------------------------------------------------------------
[INFO] BUILD SUCCESS
[INFO] ------------------------------------------------------------------------
[INFO] Total time:  3.472 s
[INFO] Finished at: 2026-04-08T05:27:40Z
[INFO] ------------------------------------------------------------------------
