[INFO] Scanning for projects...
[WARNING] 
[WARNING] Some problems were encountered while building the effective model for com.amazonaws:amazon-kinesis-kafka-connector:jar:0.0.9-SNAPSHOT
[WARNING] 'build.plugins.plugin.version' for org.apache.maven.plugins:maven-jar-plugin is missing. @ line 145, column 12
[WARNING] 
[WARNING] It is highly recommended to fix these problems because they threaten the stability of your build.
[WARNING] 
[WARNING] For this reason, future Maven versions might no longer support building such malformed projects.
[WARNING] 
[INFO] 
[INFO] ------------< com.amazonaws:amazon-kinesis-kafka-connector >------------
[INFO] Building amazon-kinesis-kafka-connector 0.0.9-SNAPSHOT
[INFO] --------------------------------[ jar ]---------------------------------
[INFO] 
[INFO] --- maven-clean-plugin:2.5:clean (default-clean) @ amazon-kinesis-kafka-connector ---
[INFO] Deleting /app/target
[INFO] 
[INFO] --- jacoco-maven-plugin:0.8.11:prepare-agent (default) @ amazon-kinesis-kafka-connector ---
[INFO] argLine set to -javaagent:/root/.m2/repository/org/jacoco/org.jacoco.agent/0.8.11/org.jacoco.agent-0.8.11-runtime.jar=destfile=/app/target/jacoco.exec
[INFO] 
[INFO] --- maven-resources-plugin:2.6:resources (default-resources) @ amazon-kinesis-kafka-connector ---
[INFO] Using 'UTF-8' encoding to copy filtered resources.
[INFO] skip non existing resourceDirectory /app/src/main/resources
[INFO] 
[INFO] --- maven-compiler-plugin:3.1:compile (default-compile) @ amazon-kinesis-kafka-connector ---
[INFO] Changes detected - recompiling the module!
[INFO] Compiling 6 source files to /app/target/classes
[INFO] 
[INFO] --- build-helper-maven-plugin:3.3.0:add-test-source (add-kex-test-source) @ amazon-kinesis-kafka-connector ---
[INFO] Test Source directory: /app/src/test/java/kex-tests added.
[INFO] 
[INFO] --- maven-resources-plugin:2.6:testResources (default-testResources) @ amazon-kinesis-kafka-connector ---
[INFO] Using 'UTF-8' encoding to copy filtered resources.
[INFO] skip non existing resourceDirectory /app/src/test/resources
[INFO] 
[INFO] --- maven-compiler-plugin:3.1:testCompile (default-testCompile) @ amazon-kinesis-kafka-connector ---
[INFO] Changes detected - recompiling the module!
[INFO] Compiling 12 source files to /app/target/test-classes
[WARNING] /app/src/test/java/evosuite-tests/com/amazon/kinesis/kafka/DataUtility_ESTest.java: /app/src/test/java/evosuite-tests/com/amazon/kinesis/kafka/DataUtility_ESTest.java uses or overrides a deprecated API.
[WARNING] /app/src/test/java/evosuite-tests/com/amazon/kinesis/kafka/DataUtility_ESTest.java: Recompile with -Xlint:deprecation for details.
[INFO] 
[INFO] --- maven-surefire-plugin:2.12.4:test (default-test) @ amazon-kinesis-kafka-connector ---
[INFO] Surefire report directory: /app/target/surefire-reports

-------------------------------------------------------
 T E S T S
-------------------------------------------------------
Running com.amazon.kinesis.kafka.FirehoseSinkConnector_ESTest
SLF4J: Failed to load class "org.slf4j.impl.StaticLoggerBinder".
SLF4J: Defaulting to no-operation (NOP) logger implementation
SLF4J: See http://www.slf4j.org/codes.html#StaticLoggerBinder for further details.
WARNING: An illegal reflective access operation has occurred
WARNING: Illegal reflective access by org.evosuite.runtime.GuiSupport (file:/root/.m2/repository/org/evosuite/evosuite-standalone-runtime/1.1.0/evosuite-standalone-runtime-1.1.0.jar) to field java.awt.GraphicsEnvironment.headless
WARNING: Please consider reporting this to the maintainers of org.evosuite.runtime.GuiSupport
WARNING: Use --illegal-access=warn to enable warnings of further illegal reflective access operations
WARNING: All illegal access operations will be denied in a future release
Tests run: 17, Failures: 0, Errors: 0, Skipped: 0, Time elapsed: 1.591 sec
Running com.amazon.kinesis.kafka.DataUtility_ESTest
Unepxected error:class org.apache.kafka.connect.data.SchemaBuilder cannot be cast to class java.lang.String (org.apache.kafka.connect.data.SchemaBuilder is in unnamed module of loader 'app'; java.lang.String is in module java.base of loader 'bootstrap')
Unepxected error:class org.apache.kafka.connect.data.ConnectSchema cannot be cast to class java.lang.String (org.apache.kafka.connect.data.ConnectSchema is in unnamed module of loader 'app'; java.lang.String is in module java.base of loader 'bootstrap')
Tests run: 24, Failures: 0, Errors: 0, Skipped: 0, Time elapsed: 0.172 sec
Running com.amazon.kinesis.kafka.AmazonKinesisSinkConnector_ESTest
Tests run: 26, Failures: 0, Errors: 0, Skipped: 0, Time elapsed: 0.111 sec
Running com.amazon.kinesis.kafka.IAMUtility_ESTest
Tests run: 3, Failures: 0, Errors: 0, Skipped: 0, Time elapsed: 1.826 sec
Running com.amazon.kinesis.kafka.FirehoseSinkTask_ESTest
Connector Exceptionnull
Unepxected error:class com.fasterxml.jackson.databind.node.LongNode cannot be cast to class java.lang.String (com.fasterxml.jackson.databind.node.LongNode is in unnamed module of loader 'app'; java.lang.String is in module java.base of loader 'bootstrap')
Tests run: 10, Failures: 0, Errors: 0, Skipped: 0, Time elapsed: 0.959 sec
Running com.amazon.kinesis.kafka.AmazonKinesisSinkTask_ESTest
Unepxected error:class com.amazon.kinesis.kafka.AmazonKinesisSinkTask cannot be cast to class java.lang.String (com.amazon.kinesis.kafka.AmazonKinesisSinkTask is in unnamed module of loader 'app'; java.lang.String is in module java.base of loader 'bootstrap')
Tests run: 12, Failures: 0, Errors: 0, Skipped: 0, Time elapsed: 0.827 sec

Results :

Tests run: 92, Failures: 0, Errors: 0, Skipped: 0

[INFO] 
[INFO] --- jacoco-maven-plugin:0.8.11:report (report) @ amazon-kinesis-kafka-connector ---
[INFO] Loading execution data file /app/target/jacoco.exec
[INFO] Analyzed bundle 'amazon-kinesis-kafka-connector' with 7 classes
[INFO] 
[INFO] --- jacoco-maven-plugin:0.8.11:report (default-cli) @ amazon-kinesis-kafka-connector ---
[INFO] Loading execution data file /app/target/jacoco.exec
[INFO] Analyzed bundle 'amazon-kinesis-kafka-connector' with 7 classes
[INFO] ------------------------------------------------------------------------
[INFO] BUILD SUCCESS
[INFO] ------------------------------------------------------------------------
[INFO] Total time:  8.645 s
[INFO] Finished at: 2026-04-09T11:48:47Z
[INFO] ------------------------------------------------------------------------
