[INFO] Scanning for projects...
[INFO] 
[INFO] --------------< com.selimhorri.app:hr_management-system >---------------
[INFO] Building HR-Management-System 0.0.1-SNAPSHOT
[INFO] --------------------------------[ jar ]---------------------------------
[INFO] 
[INFO] --- maven-clean-plugin:3.1.0:clean (default-clean) @ hr_management-system ---
[INFO] Deleting /app/target
[INFO] 
[INFO] --- jacoco-maven-plugin:0.8.11:prepare-agent (default) @ hr_management-system ---
[INFO] argLine set to -javaagent:/root/.m2/repository/org/jacoco/org.jacoco.agent/0.8.11/org.jacoco.agent-0.8.11-runtime.jar=destfile=/app/target/jacoco.exec
[INFO] 
[INFO] --- maven-resources-plugin:3.1.0:resources (default-resources) @ hr_management-system ---
[INFO] Using 'UTF-8' encoding to copy filtered resources.
[INFO] Copying 4 resources
[INFO] Copying 17 resources
[INFO] 
[INFO] --- maven-compiler-plugin:3.8.1:compile (default-compile) @ hr_management-system ---
[INFO] Changes detected - recompiling the module!
[INFO] Compiling 31 source files to /app/target/classes
[INFO] /app/src/main/java/com/selimhorri/app/pack/controllers/ErrorAppController.java: /app/src/main/java/com/selimhorri/app/pack/controllers/ErrorAppController.java uses or overrides a deprecated API.
[INFO] /app/src/main/java/com/selimhorri/app/pack/controllers/ErrorAppController.java: Recompile with -Xlint:deprecation for details.
[INFO] 
[INFO] --- build-helper-maven-plugin:3.3.0:add-test-source (add-kex-test-source) @ hr_management-system ---
[INFO] Test Source directory: /app/src/test/java/kex-tests added.
[INFO] 
[INFO] --- maven-resources-plugin:3.1.0:testResources (default-testResources) @ hr_management-system ---
[INFO] Using 'UTF-8' encoding to copy filtered resources.
[INFO] skip non existing resourceDirectory /app/src/test/resources
[INFO] 
[INFO] --- maven-compiler-plugin:3.8.1:testCompile (default-testCompile) @ hr_management-system ---
[INFO] Changes detected - recompiling the module!
[INFO] Compiling 177 source files to /app/target/test-classes
[WARNING] /app/src/test/java/kex-tests/tests/com/selimhorri/app/pack/models/dto/ReflectionUtils.java:[9,16] sun.misc.Unsafe is internal proprietary API and may be removed in a future release
[WARNING] /app/src/test/java/kex-tests/tests/com/selimhorri/app/pack/models/entities/ReflectionUtils.java:[9,16] sun.misc.Unsafe is internal proprietary API and may be removed in a future release
[WARNING] /app/src/test/java/kex-tests/tests/com/selimhorri/app/pack/ReflectionUtils.java:[9,16] sun.misc.Unsafe is internal proprietary API and may be removed in a future release
[WARNING] /app/src/test/java/kex-tests/tests/com/selimhorri/app/pack/controllers/ReflectionUtils.java:[9,16] sun.misc.Unsafe is internal proprietary API and may be removed in a future release
[WARNING] /app/src/test/java/kex-tests/tests/com/selimhorri/app/pack/controllers/api/ReflectionUtils.java:[9,16] sun.misc.Unsafe is internal proprietary API and may be removed in a future release
[WARNING] /app/src/test/java/kex-tests/tests/com/selimhorri/app/pack/services/impls/ReflectionUtils.java:[9,16] sun.misc.Unsafe is internal proprietary API and may be removed in a future release
[WARNING] /app/src/test/java/kex-tests/tests/com/selimhorri/app/pack/configs/ReflectionUtils.java:[9,16] sun.misc.Unsafe is internal proprietary API and may be removed in a future release
[WARNING] /app/src/test/java/kex-tests/tests/com/selimhorri/app/pack/configs/swagger/ReflectionUtils.java:[9,16] sun.misc.Unsafe is internal proprietary API and may be removed in a future release
[WARNING] /app/src/test/java/kex-tests/tests/com/selimhorri/app/pack/models/dto/ReflectionUtils.java:[13,25] sun.misc.Unsafe is internal proprietary API and may be removed in a future release
[WARNING] /app/src/test/java/kex-tests/tests/com/selimhorri/app/pack/models/dto/ReflectionUtils.java:[17,31] sun.misc.Unsafe is internal proprietary API and may be removed in a future release
[WARNING] /app/src/test/java/kex-tests/tests/com/selimhorri/app/pack/models/dto/ReflectionUtils.java:[19,23] sun.misc.Unsafe is internal proprietary API and may be removed in a future release
[WARNING] /app/src/test/java/kex-tests/tests/com/selimhorri/app/pack/models/entities/ReflectionUtils.java:[13,25] sun.misc.Unsafe is internal proprietary API and may be removed in a future release
[WARNING] /app/src/test/java/kex-tests/tests/com/selimhorri/app/pack/models/entities/ReflectionUtils.java:[17,31] sun.misc.Unsafe is internal proprietary API and may be removed in a future release
[WARNING] /app/src/test/java/kex-tests/tests/com/selimhorri/app/pack/models/entities/ReflectionUtils.java:[19,23] sun.misc.Unsafe is internal proprietary API and may be removed in a future release
[WARNING] /app/src/test/java/kex-tests/tests/com/selimhorri/app/pack/ReflectionUtils.java:[13,25] sun.misc.Unsafe is internal proprietary API and may be removed in a future release
[WARNING] /app/src/test/java/kex-tests/tests/com/selimhorri/app/pack/ReflectionUtils.java:[17,31] sun.misc.Unsafe is internal proprietary API and may be removed in a future release
[WARNING] /app/src/test/java/kex-tests/tests/com/selimhorri/app/pack/ReflectionUtils.java:[19,23] sun.misc.Unsafe is internal proprietary API and may be removed in a future release
[WARNING] /app/src/test/java/kex-tests/tests/com/selimhorri/app/pack/controllers/ReflectionUtils.java:[13,25] sun.misc.Unsafe is internal proprietary API and may be removed in a future release
[WARNING] /app/src/test/java/kex-tests/tests/com/selimhorri/app/pack/controllers/ReflectionUtils.java:[17,31] sun.misc.Unsafe is internal proprietary API and may be removed in a future release
[WARNING] /app/src/test/java/kex-tests/tests/com/selimhorri/app/pack/controllers/ReflectionUtils.java:[19,23] sun.misc.Unsafe is internal proprietary API and may be removed in a future release
[WARNING] /app/src/test/java/kex-tests/tests/com/selimhorri/app/pack/controllers/api/ReflectionUtils.java:[13,25] sun.misc.Unsafe is internal proprietary API and may be removed in a future release
[WARNING] /app/src/test/java/kex-tests/tests/com/selimhorri/app/pack/controllers/api/ReflectionUtils.java:[17,31] sun.misc.Unsafe is internal proprietary API and may be removed in a future release
[WARNING] /app/src/test/java/kex-tests/tests/com/selimhorri/app/pack/controllers/api/ReflectionUtils.java:[19,23] sun.misc.Unsafe is internal proprietary API and may be removed in a future release
[WARNING] /app/src/test/java/kex-tests/tests/com/selimhorri/app/pack/services/impls/ReflectionUtils.java:[13,25] sun.misc.Unsafe is internal proprietary API and may be removed in a future release
[WARNING] /app/src/test/java/kex-tests/tests/com/selimhorri/app/pack/services/impls/ReflectionUtils.java:[17,31] sun.misc.Unsafe is internal proprietary API and may be removed in a future release
[WARNING] /app/src/test/java/kex-tests/tests/com/selimhorri/app/pack/services/impls/ReflectionUtils.java:[19,23] sun.misc.Unsafe is internal proprietary API and may be removed in a future release
[WARNING] /app/src/test/java/kex-tests/tests/com/selimhorri/app/pack/configs/ReflectionUtils.java:[13,25] sun.misc.Unsafe is internal proprietary API and may be removed in a future release
[WARNING] /app/src/test/java/kex-tests/tests/com/selimhorri/app/pack/configs/ReflectionUtils.java:[17,31] sun.misc.Unsafe is internal proprietary API and may be removed in a future release
[WARNING] /app/src/test/java/kex-tests/tests/com/selimhorri/app/pack/configs/ReflectionUtils.java:[19,23] sun.misc.Unsafe is internal proprietary API and may be removed in a future release
[WARNING] /app/src/test/java/kex-tests/tests/com/selimhorri/app/pack/configs/swagger/ReflectionUtils.java:[13,25] sun.misc.Unsafe is internal proprietary API and may be removed in a future release
[WARNING] /app/src/test/java/kex-tests/tests/com/selimhorri/app/pack/configs/swagger/ReflectionUtils.java:[17,31] sun.misc.Unsafe is internal proprietary API and may be removed in a future release
[WARNING] /app/src/test/java/kex-tests/tests/com/selimhorri/app/pack/configs/swagger/ReflectionUtils.java:[19,23] sun.misc.Unsafe is internal proprietary API and may be removed in a future release
[INFO] /app/src/test/java/kex-tests/tests/com/selimhorri/app/pack/models/dto/ManagerDTO_setEname_18698755826.java: Some input files use or override a deprecated API.
[INFO] /app/src/test/java/kex-tests/tests/com/selimhorri/app/pack/models/dto/ManagerDTO_setEname_18698755826.java: Recompile with -Xlint:deprecation for details.
[INFO] /app/src/test/java/kex-tests/tests/com/selimhorri/app/pack/models/entities/Employee_setSal_149401133814.java: Some input files use unchecked or unsafe operations.
[INFO] /app/src/test/java/kex-tests/tests/com/selimhorri/app/pack/models/entities/Employee_setSal_149401133814.java: Recompile with -Xlint:unchecked for details.
[INFO] 
[INFO] --- maven-surefire-plugin:2.22.2:test (default-test) @ hr_management-system ---
[INFO] 
[INFO] -------------------------------------------------------
[INFO]  T E S T S
[INFO] -------------------------------------------------------
[INFO] Running com.selimhorri.app.pack.controllers.HomeController_init_11622404231
13:34:21.459 [Time-limited test] INFO com.selimhorri.app.pack.controllers.HomeController - ************ entering com.selimhorri.app.pack.controllers.HomeController ************
[INFO] Tests run: 1, Failures: 0, Errors: 0, Skipped: 0, Time elapsed: 0.18 s - in com.selimhorri.app.pack.controllers.HomeController_init_11622404231
[INFO] Running com.selimhorri.app.pack.controllers.DepartmentController_init_6097316731
13:34:21.476 [Time-limited test] INFO com.selimhorri.app.pack.controllers.DepartmentController - ************ entering com.selimhorri.app.pack.controllers.DepartmentController ************
[INFO] Tests run: 1, Failures: 0, Errors: 0, Skipped: 0, Time elapsed: 0.001 s - in com.selimhorri.app.pack.controllers.DepartmentController_init_6097316731
[INFO] Running com.selimhorri.app.pack.controllers.EmployeeController_init_2852115450
13:34:21.486 [Time-limited test] INFO com.selimhorri.app.pack.controllers.EmployeeController - ************ entering com.selimhorri.app.pack.controllers.EmployeeController ************
[INFO] Tests run: 1, Failures: 0, Errors: 0, Skipped: 0, Time elapsed: 0.002 s - in com.selimhorri.app.pack.controllers.EmployeeController_init_2852115450
[INFO] Running com.selimhorri.app.pack.controllers.HomeController_init_11622404230
[INFO] Tests run: 1, Failures: 0, Errors: 0, Skipped: 0, Time elapsed: 0.007 s - in com.selimhorri.app.pack.controllers.HomeController_init_11622404230
[INFO] Running com.selimhorri.app.pack.controllers.api.UserCredentialRESTController_init_3292782880
[INFO] Tests run: 1, Failures: 0, Errors: 0, Skipped: 0, Time elapsed: 0 s - in com.selimhorri.app.pack.controllers.api.UserCredentialRESTController_init_3292782880
[INFO] Running com.selimhorri.app.pack.controllers.api.UserCredentialRESTController_init_3292782881
[INFO] Tests run: 1, Failures: 0, Errors: 0, Skipped: 0, Time elapsed: 0 s - in com.selimhorri.app.pack.controllers.api.UserCredentialRESTController_init_3292782881
[INFO] Running com.selimhorri.app.pack.controllers.api.EmployeeRESTController_init_14990900001
13:34:21.508 [Time-limited test] INFO com.selimhorri.app.pack.controllers.api.EmployeeRESTController - ************ entering com.selimhorri.app.pack.controllers.api.EmployeeRESTController ************
[INFO] Tests run: 1, Failures: 0, Errors: 0, Skipped: 0, Time elapsed: 0.001 s - in com.selimhorri.app.pack.controllers.api.EmployeeRESTController_init_14990900001
[INFO] Running com.selimhorri.app.pack.controllers.api.EmployeeRESTController_init_14990900000
[INFO] Tests run: 1, Failures: 0, Errors: 0, Skipped: 0, Time elapsed: 0 s - in com.selimhorri.app.pack.controllers.api.EmployeeRESTController_init_14990900000
[INFO] Running com.selimhorri.app.pack.controllers.api.DepartmentRESTController_init_19502243040
13:34:21.519 [Time-limited test] INFO com.selimhorri.app.pack.controllers.api.DepartmentRESTController - ************ entering com.selimhorri.app.pack.controllers.api.DepartmentRESTController ************
[INFO] Tests run: 1, Failures: 0, Errors: 0, Skipped: 0, Time elapsed: 0 s - in com.selimhorri.app.pack.controllers.api.DepartmentRESTController_init_19502243040
[INFO] Running com.selimhorri.app.pack.controllers.api.DepartmentRESTController_init_19502243041
[INFO] Tests run: 1, Failures: 0, Errors: 0, Skipped: 0, Time elapsed: 0 s - in com.selimhorri.app.pack.controllers.api.DepartmentRESTController_init_19502243041
[INFO] Running com.selimhorri.app.pack.controllers.DepartmentController_init_6097316730
[INFO] Tests run: 1, Failures: 0, Errors: 0, Skipped: 0, Time elapsed: 0.001 s - in com.selimhorri.app.pack.controllers.DepartmentController_init_6097316730
[INFO] Running com.selimhorri.app.pack.controllers.EmployeeController_init_2852115451
[INFO] Tests run: 1, Failures: 0, Errors: 0, Skipped: 0, Time elapsed: 0 s - in com.selimhorri.app.pack.controllers.EmployeeController_init_2852115451
[INFO] Running com.selimhorri.app.pack.configs.MapperConfig_init_20053608890
13:34:21.548 [Time-limited test] INFO com.selimhorri.app.pack.configs.MapperConfig - ************ entering com.selimhorri.app.pack.configs.MapperConfig ************
[INFO] Tests run: 1, Failures: 0, Errors: 0, Skipped: 0, Time elapsed: 0 s - in com.selimhorri.app.pack.configs.MapperConfig_init_20053608890
[INFO] Running com.selimhorri.app.pack.configs.MapperConfig_init_20053608891
[INFO] Tests run: 1, Failures: 0, Errors: 0, Skipped: 0, Time elapsed: 0 s - in com.selimhorri.app.pack.configs.MapperConfig_init_20053608891
[INFO] Running com.selimhorri.app.pack.configs.swagger.SwaggerConfig_init_4813032710
13:34:21.558 [Time-limited test] INFO com.selimhorri.app.pack.configs.swagger.SwaggerConfig - ************ entering com.selimhorri.app.pack.configs.swagger.SwaggerConfig ************
[INFO] Tests run: 1, Failures: 0, Errors: 0, Skipped: 0, Time elapsed: 0.001 s - in com.selimhorri.app.pack.configs.swagger.SwaggerConfig_init_4813032710
[INFO] Running com.selimhorri.app.pack.configs.swagger.SwaggerConfig_init_4813032711
[INFO] Tests run: 1, Failures: 0, Errors: 0, Skipped: 0, Time elapsed: 0 s - in com.selimhorri.app.pack.configs.swagger.SwaggerConfig_init_4813032711
[INFO] Running com.selimhorri.app.pack.HrManagementSystemApplication_main_16680293443
[ERROR] Tests run: 1, Failures: 0, Errors: 1, Skipped: 0, Time elapsed: 0.567 s <<< FAILURE! - in com.selimhorri.app.pack.HrManagementSystemApplication_main_16680293443
[ERROR] test  Time elapsed: 0.567 s  <<< ERROR!
java.lang.IllegalArgumentException: Args must not be null
	at com.selimhorri.app.pack.HrManagementSystemApplication_main_16680293443.test(HrManagementSystemApplication_main_16680293443.java:44)

[INFO] Running com.selimhorri.app.pack.HrManagementSystemApplication_main_16680293441

  .   ____          _            __ _ _
 /\\ / ___'_ __ _ _(_)_ __  __ _ \ \ \ \
( ( )\___ | '_ | '_| | '_ \/ _` | \ \ \ \
 \\/  ___)| |_)| | | | | || (_| |  ) ) ) )
  '  |____| .__|_| |_|_| |_\__, | / / / /
 =========|_|==============|___/=/_/_/_/
 :: Spring Boot ::        (v2.3.4.RELEASE)

2026-04-09 13:34:23.872  INFO 71 --- [me-limited test] c.s.a.p.HrManagementSystemApplication    : Starting HrManagementSystemApplication on ce2d0b874c2d with PID 71 (started by root in /app)
2026-04-09 13:34:23.874  INFO 71 --- [me-limited test] c.s.a.p.HrManagementSystemApplication    : No active profile set, falling back to default profiles: default
2026-04-09 13:34:25.152  INFO 71 --- [me-limited test] .s.d.r.c.RepositoryConfigurationDelegate : Bootstrapping Spring Data JPA repositories in DEFERRED mode.
2026-04-09 13:34:25.169 DEBUG 71 --- [me-limited test] .s.d.r.c.RepositoryConfigurationDelegate : Scanning for JPA repositories in packages com.selimhorri.app.pack.
2026-04-09 13:34:25.187 DEBUG 71 --- [me-limited test] o.s.d.r.c.RepositoryComponentProvider    : Identified candidate component class: file [/app/target/classes/com/selimhorri/app/pack/repositories/DepartmentRepository.class]
2026-04-09 13:34:25.187 DEBUG 71 --- [me-limited test] o.s.d.r.c.RepositoryComponentProvider    : Identified candidate component class: file [/app/target/classes/com/selimhorri/app/pack/repositories/EmployeeRepository.class]
2026-04-09 13:34:25.188 DEBUG 71 --- [me-limited test] o.s.d.r.c.RepositoryComponentProvider    : Identified candidate component class: file [/app/target/classes/com/selimhorri/app/pack/repositories/UserCredentialRepository.class]
2026-04-09 13:34:25.242 DEBUG 71 --- [me-limited test] .s.d.r.c.RepositoryConfigurationDelegate : Registering deferred repository initialization listener.
2026-04-09 13:34:25.243  INFO 71 --- [me-limited test] .s.d.r.c.RepositoryConfigurationDelegate : Finished Spring Data repository scanning in 73ms. Found 3 JPA repository interfaces.
2026-04-09 13:34:25.458  INFO 71 --- [me-limited test] c.s.app.pack.configs.CorsConfig          : ************ entering com.selimhorri.app.pack.configs.CorsConfig ************
2026-04-09 13:34:26.103  INFO 71 --- [me-limited test] o.s.b.w.embedded.tomcat.TomcatWebServer  : Tomcat initialized with port(s): 8080 (http)
2026-04-09 13:34:26.122  INFO 71 --- [me-limited test] o.apache.catalina.core.StandardService   : Starting service [Tomcat]
2026-04-09 13:34:26.127  INFO 71 --- [me-limited test] org.apache.catalina.core.StandardEngine  : Starting Servlet engine: [Apache Tomcat/9.0.38]
2026-04-09 13:34:26.257  INFO 71 --- [me-limited test] o.a.c.c.C.[Tomcat].[localhost].[/]       : Initializing Spring embedded WebApplicationContext
2026-04-09 13:34:26.260  INFO 71 --- [me-limited test] w.s.c.ServletWebServerApplicationContext : Root WebApplicationContext: initialization completed in 2187 ms
2026-04-09 13:34:26.344 DEBUG 71 --- [me-limited test] o.springframework.web.filter.CorsFilter  : Filter 'corsFilter' configured for use
2026-04-09 13:34:26.564  INFO 71 --- [me-limited test] o.s.s.concurrent.ThreadPoolTaskExecutor  : Initializing ExecutorService 'applicationTaskExecutor'
2026-04-09 13:34:26.582  INFO 71 --- [me-limited test] com.zaxxer.hikari.HikariDataSource       : HikariPool-1 - Starting...
2026-04-09 13:34:27.806 ERROR 71 --- [me-limited test] com.zaxxer.hikari.pool.HikariPool        : HikariPool-1 - Exception during pool initialization.

com.mysql.cj.jdbc.exceptions.CommunicationsException: Communications link failure

The last packet sent successfully to the server was 0 milliseconds ago. The driver has not received any packets from the server.
	at com.mysql.cj.jdbc.exceptions.SQLError.createCommunicationsException(SQLError.java:174) ~[mysql-connector-java-8.0.21.jar:8.0.21]
	at com.mysql.cj.jdbc.exceptions.SQLExceptionsMapping.translateException(SQLExceptionsMapping.java:64) ~[mysql-connector-java-8.0.21.jar:8.0.21]
	at com.mysql.cj.jdbc.ConnectionImpl.createNewIO(ConnectionImpl.java:836) ~[mysql-connector-java-8.0.21.jar:8.0.21]
	at com.mysql.cj.jdbc.ConnectionImpl.<init>(ConnectionImpl.java:456) ~[mysql-connector-java-8.0.21.jar:8.0.21]
	at com.mysql.cj.jdbc.ConnectionImpl.getInstance(ConnectionImpl.java:246) ~[mysql-connector-java-8.0.21.jar:8.0.21]
	at com.mysql.cj.jdbc.NonRegisteringDriver.connect(NonRegisteringDriver.java:197) ~[mysql-connector-java-8.0.21.jar:8.0.21]
	at com.zaxxer.hikari.util.DriverDataSource.getConnection(DriverDataSource.java:138) ~[HikariCP-3.4.5.jar:na]
	at com.zaxxer.hikari.pool.PoolBase.newConnection(PoolBase.java:358) ~[HikariCP-3.4.5.jar:na]
	at com.zaxxer.hikari.pool.PoolBase.newPoolEntry(PoolBase.java:206) ~[HikariCP-3.4.5.jar:na]
	at com.zaxxer.hikari.pool.HikariPool.createPoolEntry(HikariPool.java:477) ~[HikariCP-3.4.5.jar:na]
	at com.zaxxer.hikari.pool.HikariPool.checkFailFast(HikariPool.java:560) ~[HikariCP-3.4.5.jar:na]
	at com.zaxxer.hikari.pool.HikariPool.<init>(HikariPool.java:115) ~[HikariCP-3.4.5.jar:na]
	at com.zaxxer.hikari.HikariDataSource.getConnection(HikariDataSource.java:112) ~[HikariCP-3.4.5.jar:na]
	at org.springframework.jdbc.datasource.DataSourceUtils.fetchConnection(DataSourceUtils.java:158) ~[spring-jdbc-5.2.9.RELEASE.jar:5.2.9.RELEASE]
	at org.springframework.jdbc.datasource.DataSourceUtils.doGetConnection(DataSourceUtils.java:116) ~[spring-jdbc-5.2.9.RELEASE.jar:5.2.9.RELEASE]
	at org.springframework.jdbc.datasource.DataSourceUtils.getConnection(DataSourceUtils.java:79) ~[spring-jdbc-5.2.9.RELEASE.jar:5.2.9.RELEASE]
	at org.springframework.jdbc.core.JdbcTemplate.execute(JdbcTemplate.java:324) ~[spring-jdbc-5.2.9.RELEASE.jar:5.2.9.RELEASE]
	at org.springframework.boot.jdbc.EmbeddedDatabaseConnection.isEmbedded(EmbeddedDatabaseConnection.java:133) ~[spring-boot-2.3.4.RELEASE.jar:2.3.4.RELEASE]
	at org.springframework.boot.autoconfigure.orm.jpa.HibernateDefaultDdlAutoProvider.getDefaultDdlAuto(HibernateDefaultDdlAutoProvider.java:42) ~[spring-boot-autoconfigure-2.3.4.RELEASE.jar:2.3.4.RELEASE]
	at org.springframework.boot.autoconfigure.orm.jpa.HibernateJpaConfiguration.lambda$getVendorProperties$1(HibernateJpaConfiguration.java:130) ~[spring-boot-autoconfigure-2.3.4.RELEASE.jar:2.3.4.RELEASE]
	at org.springframework.boot.autoconfigure.orm.jpa.HibernateSettings.getDdlAuto(HibernateSettings.java:41) ~[spring-boot-autoconfigure-2.3.4.RELEASE.jar:2.3.4.RELEASE]
	at org.springframework.boot.autoconfigure.orm.jpa.HibernateProperties.determineDdlAuto(HibernateProperties.java:136) ~[spring-boot-autoconfigure-2.3.4.RELEASE.jar:2.3.4.RELEASE]
	at org.springframework.boot.autoconfigure.orm.jpa.HibernateProperties.getAdditionalProperties(HibernateProperties.java:102) ~[spring-boot-autoconfigure-2.3.4.RELEASE.jar:2.3.4.RELEASE]
	at org.springframework.boot.autoconfigure.orm.jpa.HibernateProperties.determineHibernateProperties(HibernateProperties.java:94) ~[spring-boot-autoconfigure-2.3.4.RELEASE.jar:2.3.4.RELEASE]
	at org.springframework.boot.autoconfigure.orm.jpa.HibernateJpaConfiguration.getVendorProperties(HibernateJpaConfiguration.java:132) ~[spring-boot-autoconfigure-2.3.4.RELEASE.jar:2.3.4.RELEASE]
	at org.springframework.boot.autoconfigure.orm.jpa.JpaBaseConfiguration.entityManagerFactory(JpaBaseConfiguration.java:133) ~[spring-boot-autoconfigure-2.3.4.RELEASE.jar:2.3.4.RELEASE]
	at java.base/jdk.internal.reflect.NativeMethodAccessorImpl.invoke0(Native Method) ~[na:na]
	at java.base/jdk.internal.reflect.NativeMethodAccessorImpl.invoke(NativeMethodAccessorImpl.java:62) ~[na:na]
	at java.base/jdk.internal.reflect.DelegatingMethodAccessorImpl.invoke(DelegatingMethodAccessorImpl.java:43) ~[na:na]
	at java.base/java.lang.reflect.Method.invoke(Method.java:566) ~[na:na]
	at org.springframework.beans.factory.support.SimpleInstantiationStrategy.instantiate(SimpleInstantiationStrategy.java:154) ~[spring-beans-5.2.9.RELEASE.jar:5.2.9.RELEASE]
	at org.springframework.beans.factory.support.ConstructorResolver.instantiate(ConstructorResolver.java:650) ~[spring-beans-5.2.9.RELEASE.jar:5.2.9.RELEASE]
	at org.springframework.beans.factory.support.ConstructorResolver.instantiateUsingFactoryMethod(ConstructorResolver.java:635) ~[spring-beans-5.2.9.RELEASE.jar:5.2.9.RELEASE]
	at org.springframework.beans.factory.support.AbstractAutowireCapableBeanFactory.instantiateUsingFactoryMethod(AbstractAutowireCapableBeanFactory.java:1336) ~[spring-beans-5.2.9.RELEASE.jar:5.2.9.RELEASE]
	at org.springframework.beans.factory.support.AbstractAutowireCapableBeanFactory.createBeanInstance(AbstractAutowireCapableBeanFactory.java:1176) ~[spring-beans-5.2.9.RELEASE.jar:5.2.9.RELEASE]
	at org.springframework.beans.factory.support.AbstractAutowireCapableBeanFactory.doCreateBean(AbstractAutowireCapableBeanFactory.java:556) ~[spring-beans-5.2.9.RELEASE.jar:5.2.9.RELEASE]
	at org.springframework.beans.factory.support.AbstractAutowireCapableBeanFactory.createBean(AbstractAutowireCapableBeanFactory.java:516) ~[spring-beans-5.2.9.RELEASE.jar:5.2.9.RELEASE]
	at org.springframework.beans.factory.support.AbstractBeanFactory.lambda$doGetBean$0(AbstractBeanFactory.java:324) ~[spring-beans-5.2.9.RELEASE.jar:5.2.9.RELEASE]
	at org.springframework.beans.factory.support.DefaultSingletonBeanRegistry.getSingleton(DefaultSingletonBeanRegistry.java:234) ~[spring-beans-5.2.9.RELEASE.jar:5.2.9.RELEASE]
	at org.springframework.beans.factory.support.AbstractBeanFactory.doGetBean(AbstractBeanFactory.java:322) ~[spring-beans-5.2.9.RELEASE.jar:5.2.9.RELEASE]
	at org.springframework.beans.factory.support.AbstractBeanFactory.getBean(AbstractBeanFactory.java:202) ~[spring-beans-5.2.9.RELEASE.jar:5.2.9.RELEASE]
	at org.springframework.context.support.AbstractApplicationContext.getBean(AbstractApplicationContext.java:1109) ~[spring-context-5.2.9.RELEASE.jar:5.2.9.RELEASE]
	at org.springframework.context.support.AbstractApplicationContext.finishBeanFactoryInitialization(AbstractApplicationContext.java:869) ~[spring-context-5.2.9.RELEASE.jar:5.2.9.RELEASE]
	at org.springframework.context.support.AbstractApplicationContext.refresh(AbstractApplicationContext.java:551) ~[spring-context-5.2.9.RELEASE.jar:5.2.9.RELEASE]
	at org.springframework.boot.web.servlet.context.ServletWebServerApplicationContext.refresh(ServletWebServerApplicationContext.java:143) ~[spring-boot-2.3.4.RELEASE.jar:2.3.4.RELEASE]
	at org.springframework.boot.SpringApplication.refresh(SpringApplication.java:758) ~[spring-boot-2.3.4.RELEASE.jar:2.3.4.RELEASE]
	at org.springframework.boot.SpringApplication.refresh(SpringApplication.java:750) ~[spring-boot-2.3.4.RELEASE.jar:2.3.4.RELEASE]
	at org.springframework.boot.SpringApplication.refreshContext(SpringApplication.java:397) ~[spring-boot-2.3.4.RELEASE.jar:2.3.4.RELEASE]
	at org.springframework.boot.SpringApplication.run(SpringApplication.java:315) ~[spring-boot-2.3.4.RELEASE.jar:2.3.4.RELEASE]
	at org.springframework.boot.SpringApplication.run(SpringApplication.java:1237) ~[spring-boot-2.3.4.RELEASE.jar:2.3.4.RELEASE]
	at org.springframework.boot.SpringApplication.run(SpringApplication.java:1226) ~[spring-boot-2.3.4.RELEASE.jar:2.3.4.RELEASE]
	at com.selimhorri.app.pack.HrManagementSystemApplication.main(HrManagementSystemApplication.java:10) ~[classes/:na]
	at java.base/jdk.internal.reflect.NativeMethodAccessorImpl.invoke0(Native Method) ~[na:na]
	at java.base/jdk.internal.reflect.NativeMethodAccessorImpl.invoke(NativeMethodAccessorImpl.java:62) ~[na:na]
	at java.base/jdk.internal.reflect.DelegatingMethodAccessorImpl.invoke(DelegatingMethodAccessorImpl.java:43) ~[na:na]
	at java.base/java.lang.reflect.Method.invoke(Method.java:566) ~[na:na]
	at com.selimhorri.app.pack.ReflectionUtils.callMethod(ReflectionUtils.java:328) ~[test-classes/:na]
	at com.selimhorri.app.pack.HrManagementSystemApplication_main_16680293441.test(HrManagementSystemApplication_main_16680293441.java:50) ~[test-classes/:na]
	at java.base/jdk.internal.reflect.NativeMethodAccessorImpl.invoke0(Native Method) ~[na:na]
	at java.base/jdk.internal.reflect.NativeMethodAccessorImpl.invoke(NativeMethodAccessorImpl.java:62) ~[na:na]
	at java.base/jdk.internal.reflect.DelegatingMethodAccessorImpl.invoke(DelegatingMethodAccessorImpl.java:43) ~[na:na]
	at java.base/java.lang.reflect.Method.invoke(Method.java:566) ~[na:na]
	at org.junit.runners.model.FrameworkMethod$1.runReflectiveCall(FrameworkMethod.java:59) ~[junit-4.13.2.jar:4.13.2]
	at org.junit.internal.runners.model.ReflectiveCallable.run(ReflectiveCallable.java:12) ~[junit-4.13.2.jar:4.13.2]
	at org.junit.runners.model.FrameworkMethod.invokeExplosively(FrameworkMethod.java:56) ~[junit-4.13.2.jar:4.13.2]
	at org.junit.internal.runners.statements.InvokeMethod.evaluate(InvokeMethod.java:17) ~[junit-4.13.2.jar:4.13.2]
	at org.junit.internal.runners.statements.RunBefores.evaluate(RunBefores.java:26) ~[junit-4.13.2.jar:4.13.2]
	at org.junit.internal.runners.statements.FailOnTimeout$CallableStatement.call(FailOnTimeout.java:299) ~[junit-4.13.2.jar:4.13.2]
	at org.junit.internal.runners.statements.FailOnTimeout$CallableStatement.call(FailOnTimeout.java:293) ~[junit-4.13.2.jar:4.13.2]
	at java.base/java.util.concurrent.FutureTask.run(FutureTask.java:264) ~[na:na]
	at java.base/java.lang.Thread.run(Thread.java:829) ~[na:na]
Caused by: com.mysql.cj.exceptions.CJCommunicationsException: Communications link failure

The last packet sent successfully to the server was 0 milliseconds ago. The driver has not received any packets from the server.
	at java.base/jdk.internal.reflect.NativeConstructorAccessorImpl.newInstance0(Native Method) ~[na:na]
	at java.base/jdk.internal.reflect.NativeConstructorAccessorImpl.newInstance(NativeConstructorAccessorImpl.java:62) ~[na:na]
	at java.base/jdk.internal.reflect.DelegatingConstructorAccessorImpl.newInstance(DelegatingConstructorAccessorImpl.java:45) ~[na:na]
	at java.base/java.lang.reflect.Constructor.newInstance(Constructor.java:490) ~[na:na]
	at com.mysql.cj.exceptions.ExceptionFactory.createException(ExceptionFactory.java:61) ~[mysql-connector-java-8.0.21.jar:8.0.21]
	at com.mysql.cj.exceptions.ExceptionFactory.createException(ExceptionFactory.java:105) ~[mysql-connector-java-8.0.21.jar:8.0.21]
	at com.mysql.cj.exceptions.ExceptionFactory.createException(ExceptionFactory.java:151) ~[mysql-connector-java-8.0.21.jar:8.0.21]
	at com.mysql.cj.exceptions.ExceptionFactory.createCommunicationsException(ExceptionFactory.java:167) ~[mysql-connector-java-8.0.21.jar:8.0.21]
	at com.mysql.cj.protocol.a.NativeSocketConnection.connect(NativeSocketConnection.java:91) ~[mysql-connector-java-8.0.21.jar:8.0.21]
	at com.mysql.cj.NativeSession.connect(NativeSession.java:144) ~[mysql-connector-java-8.0.21.jar:8.0.21]
	at com.mysql.cj.jdbc.ConnectionImpl.connectOneTryOnly(ConnectionImpl.java:956) ~[mysql-connector-java-8.0.21.jar:8.0.21]
	at com.mysql.cj.jdbc.ConnectionImpl.createNewIO(ConnectionImpl.java:826) ~[mysql-connector-java-8.0.21.jar:8.0.21]
	... 68 common frames omitted
Caused by: java.net.ConnectException: Connection refused (Connection refused)
	at java.base/java.net.PlainSocketImpl.socketConnect(Native Method) ~[na:na]
	at java.base/java.net.AbstractPlainSocketImpl.doConnect(AbstractPlainSocketImpl.java:412) ~[na:na]
	at java.base/java.net.AbstractPlainSocketImpl.connectToAddress(AbstractPlainSocketImpl.java:255) ~[na:na]
	at java.base/java.net.AbstractPlainSocketImpl.connect(AbstractPlainSocketImpl.java:237) ~[na:na]
	at java.base/java.net.SocksSocketImpl.connect(SocksSocketImpl.java:392) ~[na:na]
	at java.base/java.net.Socket.connect(Socket.java:609) ~[na:na]
	at com.mysql.cj.protocol.StandardSocketFactory.connect(StandardSocketFactory.java:155) ~[mysql-connector-java-8.0.21.jar:8.0.21]
	at com.mysql.cj.protocol.a.NativeSocketConnection.connect(NativeSocketConnection.java:65) ~[mysql-connector-java-8.0.21.jar:8.0.21]
	... 71 common frames omitted

2026-04-09 13:34:28.027 DEBUG 71 --- [me-limited test] ate$LazyRepositoryInjectionPointResolver : Creating lazy injection proxy for com.selimhorri.app.pack.repositories.DepartmentRepository…
2026-04-09 13:34:28.113  INFO 71 --- [me-limited test] c.s.a.p.s.impls.DepartmentServiceImpl    : ************ entering com.selimhorri.app.pack.services.impls.DepartmentServiceImpl ************
2026-04-09 13:34:28.146  INFO 71 --- [         task-1] o.hibernate.jpa.internal.util.LogHelper  : HHH000204: Processing PersistenceUnitInfo [name: default]
2026-04-09 13:34:28.302 DEBUG 71 --- [me-limited test] ate$LazyRepositoryInjectionPointResolver : Creating lazy injection proxy for com.selimhorri.app.pack.repositories.EmployeeRepository…
2026-04-09 13:34:28.391  INFO 71 --- [me-limited test] c.s.a.p.s.impls.EmployeeServiceImpl      : ************ entering com.selimhorri.app.pack.services.impls.EmployeeServiceImpl ************
2026-04-09 13:34:28.430 DEBUG 71 --- [me-limited test] ate$LazyRepositoryInjectionPointResolver : Creating lazy injection proxy for com.selimhorri.app.pack.repositories.UserCredentialRepository…
2026-04-09 13:34:28.442  INFO 71 --- [         task-1] org.hibernate.Version                    : HHH000412: Hibernate ORM core version 5.4.21.Final
2026-04-09 13:34:28.452  INFO 71 --- [me-limited test] c.s.app.pack.exceptions.ApiHandler       : ************ entering com.selimhorri.app.pack.exceptions.ApiHandler ************
2026-04-09 13:34:28.641  WARN 71 --- [me-limited test] JpaBaseConfiguration$JpaWebConfiguration : spring.jpa.open-in-view is enabled by default. Therefore, database queries may be performed during view rendering. Explicitly configure spring.jpa.open-in-view to disable this warning
2026-04-09 13:34:28.799  INFO 71 --- [         task-1] o.hibernate.annotations.common.Version   : HCANN000001: Hibernate Commons Annotations {5.1.0.Final}
2026-04-09 13:34:28.970  INFO 71 --- [me-limited test] o.s.s.web.DefaultSecurityFilterChain     : Creating filter chain: any request, [org.springframework.security.web.context.request.async.WebAsyncManagerIntegrationFilter@26e9ddec, org.springframework.security.web.context.SecurityContextPersistenceFilter@5dabc6d3, org.springframework.security.web.header.HeaderWriterFilter@10237497, org.springframework.security.web.authentication.logout.LogoutFilter@188bf021, org.springframework.security.web.authentication.UsernamePasswordAuthenticationFilter@4e6720dd, org.springframework.security.web.authentication.ui.DefaultLoginPageGeneratingFilter@2736cf7f, org.springframework.security.web.authentication.ui.DefaultLogoutPageGeneratingFilter@169bd05a, org.springframework.security.web.savedrequest.RequestCacheAwareFilter@ee59c2e, org.springframework.security.web.servletapi.SecurityContextHolderAwareRequestFilter@7efb840, org.springframework.security.web.authentication.AnonymousAuthenticationFilter@36738f95, org.springframework.security.web.session.SessionManagementFilter@421561af, org.springframework.security.web.access.ExceptionTranslationFilter@1116d5fe, org.springframework.security.web.access.intercept.FilterSecurityInterceptor@79fd1858]
2026-04-09 13:34:28.998  INFO 71 --- [         task-1] com.zaxxer.hikari.HikariDataSource       : HikariPool-1 - Starting...
2026-04-09 13:34:29.183 DEBUG 71 --- [me-limited test] s.w.s.m.m.a.RequestMappingHandlerAdapter : ControllerAdvice beans: 0 @ModelAttribute, 0 @InitBinder, 1 RequestBodyAdvice, 1 ResponseBodyAdvice
2026-04-09 13:34:29.271 DEBUG 71 --- [me-limited test] s.w.s.m.m.a.RequestMappingHandlerMapping : 26 mappings in 'requestMappingHandlerMapping'
2026-04-09 13:34:29.307 DEBUG 71 --- [me-limited test] o.s.w.s.handler.SimpleUrlHandlerMapping  : Patterns [/webjars/**, /**] in 'resourceHandlerMapping'
2026-04-09 13:34:29.321 DEBUG 71 --- [me-limited test] .m.m.a.ExceptionHandlerExceptionResolver : ControllerAdvice beans: 1 @ExceptionHandler, 1 ResponseBodyAdvice
2026-04-09 13:34:29.486  INFO 71 --- [me-limited test] o.s.b.w.embedded.tomcat.TomcatWebServer  : Tomcat started on port(s): 8080 (http) with context path ''
2026-04-09 13:34:29.487  INFO 71 --- [me-limited test] DeferredRepositoryInitializationListener : Triggering deferred initialization of Spring Data repositories…
2026-04-09 13:34:29.543 DEBUG 71 --- [me-limited test] .c.JpaMetamodelMappingContextFactoryBean : Initializing JpaMetamodelMappingContext…
2026-04-09 13:34:30.001 ERROR 71 --- [         task-1] com.zaxxer.hikari.pool.HikariPool        : HikariPool-1 - Exception during pool initialization.

com.mysql.cj.jdbc.exceptions.CommunicationsException: Communications link failure

The last packet sent successfully to the server was 0 milliseconds ago. The driver has not received any packets from the server.
	at com.mysql.cj.jdbc.exceptions.SQLError.createCommunicationsException(SQLError.java:174) ~[mysql-connector-java-8.0.21.jar:8.0.21]
	at com.mysql.cj.jdbc.exceptions.SQLExceptionsMapping.translateException(SQLExceptionsMapping.java:64) ~[mysql-connector-java-8.0.21.jar:8.0.21]
	at com.mysql.cj.jdbc.ConnectionImpl.createNewIO(ConnectionImpl.java:836) ~[mysql-connector-java-8.0.21.jar:8.0.21]
	at com.mysql.cj.jdbc.ConnectionImpl.<init>(ConnectionImpl.java:456) ~[mysql-connector-java-8.0.21.jar:8.0.21]
	at com.mysql.cj.jdbc.ConnectionImpl.getInstance(ConnectionImpl.java:246) ~[mysql-connector-java-8.0.21.jar:8.0.21]
	at com.mysql.cj.jdbc.NonRegisteringDriver.connect(NonRegisteringDriver.java:197) ~[mysql-connector-java-8.0.21.jar:8.0.21]
	at com.zaxxer.hikari.util.DriverDataSource.getConnection(DriverDataSource.java:138) ~[HikariCP-3.4.5.jar:na]
	at com.zaxxer.hikari.pool.PoolBase.newConnection(PoolBase.java:358) ~[HikariCP-3.4.5.jar:na]
	at com.zaxxer.hikari.pool.PoolBase.newPoolEntry(PoolBase.java:206) ~[HikariCP-3.4.5.jar:na]
	at com.zaxxer.hikari.pool.HikariPool.createPoolEntry(HikariPool.java:477) ~[HikariCP-3.4.5.jar:na]
	at com.zaxxer.hikari.pool.HikariPool.checkFailFast(HikariPool.java:560) ~[HikariCP-3.4.5.jar:na]
	at com.zaxxer.hikari.pool.HikariPool.<init>(HikariPool.java:115) ~[HikariCP-3.4.5.jar:na]
	at com.zaxxer.hikari.HikariDataSource.getConnection(HikariDataSource.java:112) ~[HikariCP-3.4.5.jar:na]
	at org.hibernate.engine.jdbc.connections.internal.DatasourceConnectionProviderImpl.getConnection(DatasourceConnectionProviderImpl.java:122) ~[hibernate-core-5.4.21.Final.jar:5.4.21.Final]
	at org.hibernate.engine.jdbc.env.internal.JdbcEnvironmentInitiator$ConnectionProviderJdbcConnectionAccess.obtainConnection(JdbcEnvironmentInitiator.java:180) ~[hibernate-core-5.4.21.Final.jar:5.4.21.Final]
	at org.hibernate.engine.jdbc.env.internal.JdbcEnvironmentInitiator.initiateService(JdbcEnvironmentInitiator.java:68) ~[hibernate-core-5.4.21.Final.jar:5.4.21.Final]
	at org.hibernate.engine.jdbc.env.internal.JdbcEnvironmentInitiator.initiateService(JdbcEnvironmentInitiator.java:35) ~[hibernate-core-5.4.21.Final.jar:5.4.21.Final]
	at org.hibernate.boot.registry.internal.StandardServiceRegistryImpl.initiateService(StandardServiceRegistryImpl.java:101) ~[hibernate-core-5.4.21.Final.jar:5.4.21.Final]
	at org.hibernate.service.internal.AbstractServiceRegistryImpl.createService(AbstractServiceRegistryImpl.java:263) ~[hibernate-core-5.4.21.Final.jar:5.4.21.Final]
	at org.hibernate.service.internal.AbstractServiceRegistryImpl.initializeService(AbstractServiceRegistryImpl.java:237) ~[hibernate-core-5.4.21.Final.jar:5.4.21.Final]
	at org.hibernate.service.internal.AbstractServiceRegistryImpl.getService(AbstractServiceRegistryImpl.java:214) ~[hibernate-core-5.4.21.Final.jar:5.4.21.Final]
	at org.hibernate.id.factory.internal.DefaultIdentifierGeneratorFactory.injectServices(DefaultIdentifierGeneratorFactory.java:152) ~[hibernate-core-5.4.21.Final.jar:5.4.21.Final]
	at org.hibernate.service.internal.AbstractServiceRegistryImpl.injectDependencies(AbstractServiceRegistryImpl.java:286) ~[hibernate-core-5.4.21.Final.jar:5.4.21.Final]
	at org.hibernate.service.internal.AbstractServiceRegistryImpl.initializeService(AbstractServiceRegistryImpl.java:243) ~[hibernate-core-5.4.21.Final.jar:5.4.21.Final]
	at org.hibernate.service.internal.AbstractServiceRegistryImpl.getService(AbstractServiceRegistryImpl.java:214) ~[hibernate-core-5.4.21.Final.jar:5.4.21.Final]
	at org.hibernate.boot.internal.InFlightMetadataCollectorImpl.<init>(InFlightMetadataCollectorImpl.java:176) ~[hibernate-core-5.4.21.Final.jar:5.4.21.Final]
	at org.hibernate.boot.model.process.spi.MetadataBuildingProcess.complete(MetadataBuildingProcess.java:118) ~[hibernate-core-5.4.21.Final.jar:5.4.21.Final]
	at org.hibernate.jpa.boot.internal.EntityManagerFactoryBuilderImpl.metadata(EntityManagerFactoryBuilderImpl.java:1224) ~[hibernate-core-5.4.21.Final.jar:5.4.21.Final]
	at org.hibernate.jpa.boot.internal.EntityManagerFactoryBuilderImpl.build(EntityManagerFactoryBuilderImpl.java:1255) ~[hibernate-core-5.4.21.Final.jar:5.4.21.Final]
	at org.springframework.orm.jpa.vendor.SpringHibernateJpaPersistenceProvider.createContainerEntityManagerFactory(SpringHibernateJpaPersistenceProvider.java:58) ~[spring-orm-5.2.9.RELEASE.jar:5.2.9.RELEASE]
	at org.springframework.orm.jpa.LocalContainerEntityManagerFactoryBean.createNativeEntityManagerFactory(LocalContainerEntityManagerFactoryBean.java:365) ~[spring-orm-5.2.9.RELEASE.jar:5.2.9.RELEASE]
	at org.springframework.orm.jpa.AbstractEntityManagerFactoryBean.buildNativeEntityManagerFactory(AbstractEntityManagerFactoryBean.java:391) ~[spring-orm-5.2.9.RELEASE.jar:5.2.9.RELEASE]
	at java.base/java.util.concurrent.FutureTask.run(FutureTask.java:264) ~[na:na]
	at java.base/java.util.concurrent.ThreadPoolExecutor.runWorker(ThreadPoolExecutor.java:1128) ~[na:na]
	at java.base/java.util.concurrent.ThreadPoolExecutor$Worker.run(ThreadPoolExecutor.java:628) ~[na:na]
	at java.base/java.lang.Thread.run(Thread.java:829) ~[na:na]
Caused by: com.mysql.cj.exceptions.CJCommunicationsException: Communications link failure

The last packet sent successfully to the server was 0 milliseconds ago. The driver has not received any packets from the server.
	at java.base/jdk.internal.reflect.NativeConstructorAccessorImpl.newInstance0(Native Method) ~[na:na]
	at java.base/jdk.internal.reflect.NativeConstructorAccessorImpl.newInstance(NativeConstructorAccessorImpl.java:62) ~[na:na]
	at java.base/jdk.internal.reflect.DelegatingConstructorAccessorImpl.newInstance(DelegatingConstructorAccessorImpl.java:45) ~[na:na]
	at java.base/java.lang.reflect.Constructor.newInstance(Constructor.java:490) ~[na:na]
	at com.mysql.cj.exceptions.ExceptionFactory.createException(ExceptionFactory.java:61) ~[mysql-connector-java-8.0.21.jar:8.0.21]
	at com.mysql.cj.exceptions.ExceptionFactory.createException(ExceptionFactory.java:105) ~[mysql-connector-java-8.0.21.jar:8.0.21]
	at com.mysql.cj.exceptions.ExceptionFactory.createException(ExceptionFactory.java:151) ~[mysql-connector-java-8.0.21.jar:8.0.21]
	at com.mysql.cj.exceptions.ExceptionFactory.createCommunicationsException(ExceptionFactory.java:167) ~[mysql-connector-java-8.0.21.jar:8.0.21]
	at com.mysql.cj.protocol.a.NativeSocketConnection.connect(NativeSocketConnection.java:91) ~[mysql-connector-java-8.0.21.jar:8.0.21]
	at com.mysql.cj.NativeSession.connect(NativeSession.java:144) ~[mysql-connector-java-8.0.21.jar:8.0.21]
	at com.mysql.cj.jdbc.ConnectionImpl.connectOneTryOnly(ConnectionImpl.java:956) ~[mysql-connector-java-8.0.21.jar:8.0.21]
	at com.mysql.cj.jdbc.ConnectionImpl.createNewIO(ConnectionImpl.java:826) ~[mysql-connector-java-8.0.21.jar:8.0.21]
	... 33 common frames omitted
Caused by: java.net.ConnectException: Connection refused (Connection refused)
	at java.base/java.net.PlainSocketImpl.socketConnect(Native Method) ~[na:na]
	at java.base/java.net.AbstractPlainSocketImpl.doConnect(AbstractPlainSocketImpl.java:412) ~[na:na]
	at java.base/java.net.AbstractPlainSocketImpl.connectToAddress(AbstractPlainSocketImpl.java:255) ~[na:na]
	at java.base/java.net.AbstractPlainSocketImpl.connect(AbstractPlainSocketImpl.java:237) ~[na:na]
	at java.base/java.net.SocksSocketImpl.connect(SocksSocketImpl.java:392) ~[na:na]
	at java.base/java.net.Socket.connect(Socket.java:609) ~[na:na]
	at com.mysql.cj.protocol.StandardSocketFactory.connect(StandardSocketFactory.java:155) ~[mysql-connector-java-8.0.21.jar:8.0.21]
	at com.mysql.cj.protocol.a.NativeSocketConnection.connect(NativeSocketConnection.java:65) ~[mysql-connector-java-8.0.21.jar:8.0.21]
	... 36 common frames omitted

2026-04-09 13:34:30.004  WARN 71 --- [         task-1] o.h.e.j.e.i.JdbcEnvironmentInitiator     : HHH000342: Could not obtain connection to query metadata : Communications link failure

The last packet sent successfully to the server was 0 milliseconds ago. The driver has not received any packets from the server.
2026-04-09 13:34:30.019  INFO 71 --- [         task-1] org.hibernate.dialect.Dialect            : HHH000400: Using dialect: org.hibernate.dialect.MySQL5InnoDBDialect
2026-04-09 13:34:30.592  INFO 71 --- [         task-1] o.h.e.t.j.p.i.JtaPlatformInitiator       : HHH000490: Using JtaPlatform implementation: [org.hibernate.engine.transaction.jta.platform.internal.NoJtaPlatform]
2026-04-09 13:34:30.605  INFO 71 --- [         task-1] j.LocalContainerEntityManagerFactoryBean : Initialized JPA EntityManagerFactory for persistence unit 'default'
2026-04-09 13:34:30.605  INFO 71 --- [         task-2] com.zaxxer.hikari.HikariDataSource       : HikariPool-1 - Starting...
2026-04-09 13:34:30.618 DEBUG 71 --- [me-limited test] .c.JpaMetamodelMappingContextFactoryBean : Finished initializing JpaMetamodelMappingContext!
2026-04-09 13:34:30.778 DEBUG 71 --- [me-limited test] o.s.d.r.c.s.RepositoryFactorySupport     : Initializing repository instance for com.selimhorri.app.pack.repositories.UserCredentialRepository…
2026-04-09 13:34:30.857 DEBUG 71 --- [me-limited test] o.s.d.j.r.query.JpaQueryFactory          : Looking up query for method findByUsername
2026-04-09 13:34:30.879 DEBUG 71 --- [me-limited test] o.s.d.r.c.s.RepositoryFactorySupport     : Finished creation of repository instance for com.selimhorri.app.pack.repositories.UserCredentialRepository.
2026-04-09 13:34:30.892 DEBUG 71 --- [me-limited test] o.s.d.r.c.s.RepositoryFactorySupport     : Initializing repository instance for com.selimhorri.app.pack.repositories.DepartmentRepository…
2026-04-09 13:34:30.913 DEBUG 71 --- [me-limited test] o.s.d.r.c.s.RepositoryFactorySupport     : Finished creation of repository instance for com.selimhorri.app.pack.repositories.DepartmentRepository.
2026-04-09 13:34:30.917 DEBUG 71 --- [me-limited test] o.s.d.r.c.s.RepositoryFactorySupport     : Initializing repository instance for com.selimhorri.app.pack.repositories.EmployeeRepository…
2026-04-09 13:34:30.927 DEBUG 71 --- [me-limited test] o.s.d.j.r.query.JpaQueryFactory          : Looking up query for method getBoss
2026-04-09 13:34:30.930 DEBUG 71 --- [me-limited test] o.s.d.r.c.s.RepositoryFactorySupport     : Finished creation of repository instance for com.selimhorri.app.pack.repositories.EmployeeRepository.
2026-04-09 13:34:30.931  INFO 71 --- [me-limited test] DeferredRepositoryInitializationListener : Spring Data repositories initialized!
2026-04-09 13:34:30.941  INFO 71 --- [me-limited test] c.s.a.p.HrManagementSystemApplication    : Started HrManagementSystemApplication in 8.758 seconds (JVM running for 11.047)
[INFO] Tests run: 1, Failures: 0, Errors: 0, Skipped: 0, Time elapsed: 8.769 s - in com.selimhorri.app.pack.HrManagementSystemApplication_main_16680293441
[INFO] Running com.selimhorri.app.pack.services.impls.EmployeeServiceImpl_getBoss_20340263595
[ERROR] Tests run: 1, Failures: 0, Errors: 1, Skipped: 0, Time elapsed: 0 s <<< FAILURE! - in com.selimhorri.app.pack.services.impls.EmployeeServiceImpl_getBoss_20340263595
[ERROR] test  Time elapsed: 0 s  <<< ERROR!
java.lang.NullPointerException
	at com.selimhorri.app.pack.services.impls.EmployeeServiceImpl_getBoss_20340263595.test(EmployeeServiceImpl_getBoss_20340263595.java:40)

[INFO] Running com.selimhorri.app.pack.services.impls.EmployeeServiceImpl_findAll_1376716160
[ERROR] Tests run: 1, Failures: 0, Errors: 1, Skipped: 0, Time elapsed: 0.001 s <<< FAILURE! - in com.selimhorri.app.pack.services.impls.EmployeeServiceImpl_findAll_1376716160
[ERROR] test  Time elapsed: 0.001 s  <<< ERROR!
java.lang.NullPointerException
	at com.selimhorri.app.pack.services.impls.EmployeeServiceImpl_findAll_1376716160.test(EmployeeServiceImpl_findAll_1376716160.java:40)

[INFO] Running com.selimhorri.app.pack.services.impls.DepartmentServiceImpl_findById_12279718791
[ERROR] Tests run: 1, Failures: 0, Errors: 1, Skipped: 0, Time elapsed: 0 s <<< FAILURE! - in com.selimhorri.app.pack.services.impls.DepartmentServiceImpl_findById_12279718791
[ERROR] test  Time elapsed: 0 s  <<< ERROR!
java.lang.NullPointerException
	at com.selimhorri.app.pack.services.impls.DepartmentServiceImpl_findById_12279718791.test(DepartmentServiceImpl_findById_12279718791.java:45)

[INFO] Running com.selimhorri.app.pack.services.impls.EmployeeServiceImpl_save_9021193672
[ERROR] Tests run: 1, Failures: 0, Errors: 1, Skipped: 0, Time elapsed: 0 s <<< FAILURE! - in com.selimhorri.app.pack.services.impls.EmployeeServiceImpl_save_9021193672
[ERROR] test  Time elapsed: 0 s  <<< ERROR!
java.lang.NullPointerException
	at com.selimhorri.app.pack.services.impls.EmployeeServiceImpl_save_9021193672.test(EmployeeServiceImpl_save_9021193672.java:152)

[INFO] Running com.selimhorri.app.pack.services.impls.EmployeeServiceImpl_delete_12365591834
[ERROR] Tests run: 1, Failures: 0, Errors: 1, Skipped: 0, Time elapsed: 0 s <<< FAILURE! - in com.selimhorri.app.pack.services.impls.EmployeeServiceImpl_delete_12365591834
[ERROR] test  Time elapsed: 0 s  <<< ERROR!
java.lang.NullPointerException
	at com.selimhorri.app.pack.services.impls.EmployeeServiceImpl_delete_12365591834.test(EmployeeServiceImpl_delete_12365591834.java:45)

[INFO] Running com.selimhorri.app.pack.services.impls.DepartmentServiceImpl_delete_17914816434
[ERROR] Tests run: 1, Failures: 0, Errors: 1, Skipped: 0, Time elapsed: 0 s <<< FAILURE! - in com.selimhorri.app.pack.services.impls.DepartmentServiceImpl_delete_17914816434
[ERROR] test  Time elapsed: 0 s  <<< ERROR!
java.lang.NullPointerException
	at com.selimhorri.app.pack.services.impls.DepartmentServiceImpl_delete_17914816434.test(DepartmentServiceImpl_delete_17914816434.java:45)

[INFO] Running com.selimhorri.app.pack.services.impls.EmployeeServiceImpl_update_13298945333
[ERROR] Tests run: 1, Failures: 0, Errors: 1, Skipped: 0, Time elapsed: 0 s <<< FAILURE! - in com.selimhorri.app.pack.services.impls.EmployeeServiceImpl_update_13298945333
[ERROR] test  Time elapsed: 0 s  <<< ERROR!
java.lang.NullPointerException
	at com.selimhorri.app.pack.services.impls.EmployeeServiceImpl_update_13298945333.test(EmployeeServiceImpl_update_13298945333.java:156)

[INFO] Running com.selimhorri.app.pack.services.impls.EmployeeServiceImpl_findById_14669679031
[ERROR] Tests run: 1, Failures: 0, Errors: 1, Skipped: 0, Time elapsed: 0.001 s <<< FAILURE! - in com.selimhorri.app.pack.services.impls.EmployeeServiceImpl_findById_14669679031
[ERROR] test  Time elapsed: 0.001 s  <<< ERROR!
java.lang.NullPointerException
	at com.selimhorri.app.pack.services.impls.EmployeeServiceImpl_findById_14669679031.test(EmployeeServiceImpl_findById_14669679031.java:45)

[INFO] Running com.selimhorri.app.pack.services.impls.DepartmentServiceImpl_save_626695332
[ERROR] Tests run: 1, Failures: 0, Errors: 1, Skipped: 0, Time elapsed: 0.001 s <<< FAILURE! - in com.selimhorri.app.pack.services.impls.DepartmentServiceImpl_save_626695332
[ERROR] test  Time elapsed: 0.001 s  <<< ERROR!
java.lang.NullPointerException
	at com.selimhorri.app.pack.services.impls.DepartmentServiceImpl_save_626695332.test(DepartmentServiceImpl_save_626695332.java:59)

[INFO] Running com.selimhorri.app.pack.services.impls.DepartmentServiceImpl_update_20002838633
[ERROR] Tests run: 1, Failures: 0, Errors: 1, Skipped: 0, Time elapsed: 0 s <<< FAILURE! - in com.selimhorri.app.pack.services.impls.DepartmentServiceImpl_update_20002838633
[ERROR] test  Time elapsed: 0 s  <<< ERROR!
java.lang.NullPointerException
	at com.selimhorri.app.pack.services.impls.DepartmentServiceImpl_update_20002838633.test(DepartmentServiceImpl_update_20002838633.java:59)

[INFO] Running com.selimhorri.app.pack.services.impls.DepartmentServiceImpl_findAll_6925940760
[ERROR] Tests run: 1, Failures: 0, Errors: 1, Skipped: 0, Time elapsed: 0 s <<< FAILURE! - in com.selimhorri.app.pack.services.impls.DepartmentServiceImpl_findAll_6925940760
[ERROR] test  Time elapsed: 0 s  <<< ERROR!
java.lang.NullPointerException
	at com.selimhorri.app.pack.services.impls.DepartmentServiceImpl_findAll_6925940760.test(DepartmentServiceImpl_findAll_6925940760.java:40)

[INFO] Running com.selimhorri.app.pack.models.dto.BossEmployeeDTO_getSal_10946382267
[INFO] Tests run: 1, Failures: 0, Errors: 0, Skipped: 0, Time elapsed: 0.001 s - in com.selimhorri.app.pack.models.dto.BossEmployeeDTO_getSal_10946382267
[INFO] Running com.selimhorri.app.pack.models.dto.BossEmployeeDTO_getSal_109463822616
[INFO] Tests run: 1, Failures: 0, Errors: 0, Skipped: 0, Time elapsed: 0.001 s - in com.selimhorri.app.pack.models.dto.BossEmployeeDTO_getSal_109463822616
[INFO] Running com.selimhorri.app.pack.models.dto.BossEmployeeDTO_setJob_14008798236
[INFO] Tests run: 1, Failures: 0, Errors: 0, Skipped: 0, Time elapsed: 0 s - in com.selimhorri.app.pack.models.dto.BossEmployeeDTO_setJob_14008798236
[INFO] Running com.selimhorri.app.pack.models.dto.BossEmployeeDTO_init_79306871510
[INFO] Tests run: 1, Failures: 0, Errors: 0, Skipped: 0, Time elapsed: 0 s - in com.selimhorri.app.pack.models.dto.BossEmployeeDTO_init_79306871510
[INFO] Running com.selimhorri.app.pack.models.dto.ManagerDTO_setEmpno_9127688224
[INFO] Tests run: 1, Failures: 0, Errors: 0, Skipped: 0, Time elapsed: 0 s - in com.selimhorri.app.pack.models.dto.ManagerDTO_setEmpno_9127688224
[INFO] Running com.selimhorri.app.pack.models.dto.ManagerDTO_setMgr_9616713018
[INFO] Tests run: 1, Failures: 0, Errors: 0, Skipped: 0, Time elapsed: 0 s - in com.selimhorri.app.pack.models.dto.ManagerDTO_setMgr_9616713018
[INFO] Running com.selimhorri.app.pack.models.dto.ManagerDTO_setMgr_96167130117
[INFO] Tests run: 1, Failures: 0, Errors: 0, Skipped: 0, Time elapsed: 0 s - in com.selimhorri.app.pack.models.dto.ManagerDTO_setMgr_96167130117
[INFO] Running com.selimhorri.app.pack.models.dto.ManagerDTO_setEname_186987558215
[INFO] Tests run: 1, Failures: 0, Errors: 0, Skipped: 0, Time elapsed: 0 s - in com.selimhorri.app.pack.models.dto.ManagerDTO_setEname_186987558215
[INFO] Running com.selimhorri.app.pack.models.dto.BossEmployeeDTO_init_6386661042
[INFO] Tests run: 1, Failures: 0, Errors: 0, Skipped: 0, Time elapsed: 0 s - in com.selimhorri.app.pack.models.dto.BossEmployeeDTO_init_6386661042
[INFO] Running com.selimhorri.app.pack.models.dto.ManagerDTO_init_192351593211
[INFO] Tests run: 1, Failures: 0, Errors: 0, Skipped: 0, Time elapsed: 0 s - in com.selimhorri.app.pack.models.dto.ManagerDTO_init_192351593211
[INFO] Running com.selimhorri.app.pack.models.dto.ManagerDTO_getEname_14462071665
[INFO] Tests run: 1, Failures: 0, Errors: 0, Skipped: 0, Time elapsed: 0 s - in com.selimhorri.app.pack.models.dto.ManagerDTO_getEname_14462071665
[INFO] Running com.selimhorri.app.pack.models.dto.BossEmployeeDTO_toString_13385245660
[INFO] Tests run: 1, Failures: 0, Errors: 0, Skipped: 0, Time elapsed: 0.001 s - in com.selimhorri.app.pack.models.dto.BossEmployeeDTO_toString_13385245660
[INFO] Running com.selimhorri.app.pack.models.dto.BossEmployeeDTO_getJob_15207062895
[INFO] Tests run: 1, Failures: 0, Errors: 0, Skipped: 0, Time elapsed: 0 s - in com.selimhorri.app.pack.models.dto.BossEmployeeDTO_getJob_15207062895
[INFO] Running com.selimhorri.app.pack.models.dto.BossEmployeeDTO_setJob_140087982315
[INFO] Tests run: 1, Failures: 0, Errors: 0, Skipped: 0, Time elapsed: 0 s - in com.selimhorri.app.pack.models.dto.BossEmployeeDTO_setJob_140087982315
[INFO] Running com.selimhorri.app.pack.models.dto.BossEmployeeDTO_toString_13385245669
[INFO] Tests run: 1, Failures: 0, Errors: 0, Skipped: 0, Time elapsed: 0 s - in com.selimhorri.app.pack.models.dto.BossEmployeeDTO_toString_13385245669
[INFO] Running com.selimhorri.app.pack.models.dto.ManagerDTO_init_3556908891
[INFO] Tests run: 1, Failures: 0, Errors: 0, Skipped: 0, Time elapsed: 0 s - in com.selimhorri.app.pack.models.dto.ManagerDTO_init_3556908891
[INFO] Running com.selimhorri.app.pack.models.dto.ManagerDTO_init_35569088910
[INFO] Tests run: 1, Failures: 0, Errors: 0, Skipped: 0, Time elapsed: 0.001 s - in com.selimhorri.app.pack.models.dto.ManagerDTO_init_35569088910
[INFO] Running com.selimhorri.app.pack.models.dto.BossEmployeeDTO_getEname_10088293403
[INFO] Tests run: 1, Failures: 0, Errors: 0, Skipped: 0, Time elapsed: 0 s - in com.selimhorri.app.pack.models.dto.BossEmployeeDTO_getEname_10088293403
[INFO] Running com.selimhorri.app.pack.models.dto.ManagerDTO_toString_9011467409
[INFO] Tests run: 1, Failures: 0, Errors: 0, Skipped: 0, Time elapsed: 0.002 s - in com.selimhorri.app.pack.models.dto.ManagerDTO_toString_9011467409
[INFO] Running com.selimhorri.app.pack.models.dto.BossEmployeeDTO_init_63866610411
[INFO] Tests run: 1, Failures: 0, Errors: 0, Skipped: 0, Time elapsed: 0 s - in com.selimhorri.app.pack.models.dto.BossEmployeeDTO_init_63866610411
[INFO] Running com.selimhorri.app.pack.models.dto.BossEmployeeDTO_setSal_19612146388
[INFO] Tests run: 1, Failures: 0, Errors: 0, Skipped: 0, Time elapsed: 0 s - in com.selimhorri.app.pack.models.dto.BossEmployeeDTO_setSal_19612146388
[INFO] Running com.selimhorri.app.pack.models.dto.ManagerDTO_getEname_144620716614
[INFO] Tests run: 1, Failures: 0, Errors: 0, Skipped: 0, Time elapsed: 0 s - in com.selimhorri.app.pack.models.dto.ManagerDTO_getEname_144620716614
[INFO] Running com.selimhorri.app.pack.models.dto.ManagerDTO_toString_9011467400
[INFO] Tests run: 1, Failures: 0, Errors: 0, Skipped: 0, Time elapsed: 0 s - in com.selimhorri.app.pack.models.dto.ManagerDTO_toString_9011467400
[INFO] Running com.selimhorri.app.pack.models.dto.BossEmployeeDTO_init_7930687151
[INFO] Tests run: 1, Failures: 0, Errors: 0, Skipped: 0, Time elapsed: 0 s - in com.selimhorri.app.pack.models.dto.BossEmployeeDTO_init_7930687151
[INFO] Running com.selimhorri.app.pack.models.dto.ManagerDTO_setEmpno_91276882213
[INFO] Tests run: 1, Failures: 0, Errors: 0, Skipped: 0, Time elapsed: 0 s - in com.selimhorri.app.pack.models.dto.ManagerDTO_setEmpno_91276882213
[INFO] Running com.selimhorri.app.pack.models.dto.BossEmployeeDTO_setEname_14324977564
[INFO] Tests run: 1, Failures: 0, Errors: 0, Skipped: 0, Time elapsed: 0 s - in com.selimhorri.app.pack.models.dto.BossEmployeeDTO_setEname_14324977564
[INFO] Running com.selimhorri.app.pack.models.dto.ManagerDTO_setEname_18698755826
[INFO] Tests run: 1, Failures: 0, Errors: 0, Skipped: 0, Time elapsed: 0 s - in com.selimhorri.app.pack.models.dto.ManagerDTO_setEname_18698755826
[INFO] Running com.selimhorri.app.pack.models.dto.BossEmployeeDTO_setEname_143249775613
[INFO] Tests run: 1, Failures: 0, Errors: 0, Skipped: 0, Time elapsed: 0.001 s - in com.selimhorri.app.pack.models.dto.BossEmployeeDTO_setEname_143249775613
[INFO] Running com.selimhorri.app.pack.models.dto.ManagerDTO_getEmpno_1476732812
[INFO] Tests run: 1, Failures: 0, Errors: 0, Skipped: 0, Time elapsed: 0.001 s - in com.selimhorri.app.pack.models.dto.ManagerDTO_getEmpno_1476732812
[INFO] Running com.selimhorri.app.pack.models.dto.ManagerDTO_getEmpno_147673283
[INFO] Tests run: 1, Failures: 0, Errors: 0, Skipped: 0, Time elapsed: 0 s - in com.selimhorri.app.pack.models.dto.ManagerDTO_getEmpno_147673283
[INFO] Running com.selimhorri.app.pack.models.dto.BossEmployeeDTO_getJob_152070628914
[INFO] Tests run: 1, Failures: 0, Errors: 0, Skipped: 0, Time elapsed: 0 s - in com.selimhorri.app.pack.models.dto.BossEmployeeDTO_getJob_152070628914
[INFO] Running com.selimhorri.app.pack.models.dto.ManagerDTO_init_19235159322
[INFO] Tests run: 1, Failures: 0, Errors: 0, Skipped: 0, Time elapsed: 0.001 s - in com.selimhorri.app.pack.models.dto.ManagerDTO_init_19235159322
[INFO] Running com.selimhorri.app.pack.models.dto.BossEmployeeDTO_getEname_100882934012
[INFO] Tests run: 1, Failures: 0, Errors: 0, Skipped: 0, Time elapsed: 0 s - in com.selimhorri.app.pack.models.dto.BossEmployeeDTO_getEname_100882934012
[INFO] Running com.selimhorri.app.pack.models.dto.ManagerDTO_getMgr_173337979316
[INFO] Tests run: 1, Failures: 0, Errors: 0, Skipped: 0, Time elapsed: 0 s - in com.selimhorri.app.pack.models.dto.ManagerDTO_getMgr_173337979316
[INFO] Running com.selimhorri.app.pack.models.dto.ManagerDTO_getMgr_17333797937
[INFO] Tests run: 1, Failures: 0, Errors: 0, Skipped: 0, Time elapsed: 0 s - in com.selimhorri.app.pack.models.dto.ManagerDTO_getMgr_17333797937
[INFO] Running com.selimhorri.app.pack.models.dto.BossEmployeeDTO_setSal_196121463817
[INFO] Tests run: 1, Failures: 0, Errors: 0, Skipped: 0, Time elapsed: 0 s - in com.selimhorri.app.pack.models.dto.BossEmployeeDTO_setSal_196121463817
[INFO] Running com.selimhorri.app.pack.models.entities.UserCredential_getEmployee_54950020731
[INFO] Tests run: 1, Failures: 0, Errors: 0, Skipped: 0, Time elapsed: 0 s - in com.selimhorri.app.pack.models.entities.UserCredential_getEmployee_54950020731
[INFO] Running com.selimhorri.app.pack.models.entities.Department_setEmployees_38691390410
[INFO] Tests run: 1, Failures: 0, Errors: 0, Skipped: 0, Time elapsed: 0.001 s - in com.selimhorri.app.pack.models.entities.Department_setEmployees_38691390410
[INFO] Running com.selimhorri.app.pack.models.entities.Employee_setMgr_55930780729
[INFO] Tests run: 1, Failures: 0, Errors: 0, Skipped: 0, Time elapsed: 0.001 s - in com.selimhorri.app.pack.models.entities.Employee_setMgr_55930780729
[INFO] Running com.selimhorri.app.pack.models.entities.UserCredential_getEmail_161545044425
[INFO] Tests run: 1, Failures: 0, Errors: 0, Skipped: 0, Time elapsed: 0 s - in com.selimhorri.app.pack.models.entities.UserCredential_getEmail_161545044425
[INFO] Running com.selimhorri.app.pack.models.entities.Employee_init_466726050
[INFO] Tests run: 1, Failures: 0, Errors: 0, Skipped: 0, Time elapsed: 0.001 s - in com.selimhorri.app.pack.models.entities.Employee_init_466726050
[INFO] Running com.selimhorri.app.pack.models.entities.Employee_setDepartment_12481779337
[INFO] Tests run: 1, Failures: 0, Errors: 0, Skipped: 0, Time elapsed: 0 s - in com.selimhorri.app.pack.models.entities.Employee_setDepartment_12481779337
[INFO] Running com.selimhorri.app.pack.models.entities.UserCredential_setEnabled_176633857024
[INFO] Tests run: 1, Failures: 0, Errors: 0, Skipped: 0, Time elapsed: 0.001 s - in com.selimhorri.app.pack.models.entities.UserCredential_setEnabled_176633857024
[INFO] Running com.selimhorri.app.pack.models.entities.UserCredential_setEmployee_177113211515
[INFO] Tests run: 1, Failures: 0, Errors: 0, Skipped: 0, Time elapsed: 0 s - in com.selimhorri.app.pack.models.entities.UserCredential_setEmployee_177113211515
[INFO] Running com.selimhorri.app.pack.models.entities.Department_setEmployees_38691390421
[INFO] Tests run: 1, Failures: 0, Errors: 0, Skipped: 0, Time elapsed: 0 s - in com.selimhorri.app.pack.models.entities.Department_setEmployees_38691390421
[INFO] Running com.selimhorri.app.pack.models.entities.Department_init_156600963912
[INFO] Tests run: 1, Failures: 0, Errors: 0, Skipped: 0, Time elapsed: 0 s - in com.selimhorri.app.pack.models.entities.Department_init_156600963912
[INFO] Running com.selimhorri.app.pack.models.entities.UserCredential_init_2151891990
[INFO] Tests run: 1, Failures: 0, Errors: 0, Skipped: 0, Time elapsed: 0 s - in com.selimhorri.app.pack.models.entities.UserCredential_init_2151891990
[INFO] Running com.selimhorri.app.pack.models.entities.Employee_init_4667260519
[INFO] Tests run: 1, Failures: 0, Errors: 0, Skipped: 0, Time elapsed: 0 s - in com.selimhorri.app.pack.models.entities.Employee_init_4667260519
[INFO] Running com.selimhorri.app.pack.models.entities.Employee_setEname_202272822025
[INFO] Tests run: 1, Failures: 0, Errors: 0, Skipped: 0, Time elapsed: 0 s - in com.selimhorri.app.pack.models.entities.Employee_setEname_202272822025
[INFO] Running com.selimhorri.app.pack.models.entities.Employee_getMgr_21357432879
[INFO] Tests run: 1, Failures: 0, Errors: 0, Skipped: 0, Time elapsed: 0 s - in com.selimhorri.app.pack.models.entities.Employee_getMgr_21357432879
[INFO] Running com.selimhorri.app.pack.models.entities.Employee_getSal_25489690632
[INFO] Tests run: 1, Failures: 0, Errors: 0, Skipped: 0, Time elapsed: 0 s - in com.selimhorri.app.pack.models.entities.Employee_getSal_25489690632
[INFO] Running com.selimhorri.app.pack.models.entities.Employee_setHireDate_127111017031
[INFO] Tests run: 1, Failures: 0, Errors: 0, Skipped: 0, Time elapsed: 0 s - in com.selimhorri.app.pack.models.entities.Employee_setHireDate_127111017031
[INFO] Running com.selimhorri.app.pack.models.entities.Employee_getDepartment_142097031517
[INFO] Tests run: 1, Failures: 0, Errors: 0, Skipped: 0, Time elapsed: 0 s - in com.selimhorri.app.pack.models.entities.Employee_getDepartment_142097031517
[INFO] Running com.selimhorri.app.pack.models.entities.Department_setLoc_103498821619
[INFO] Tests run: 1, Failures: 0, Errors: 0, Skipped: 0, Time elapsed: 0.001 s - in com.selimhorri.app.pack.models.entities.Department_setLoc_103498821619
[INFO] Running com.selimhorri.app.pack.models.entities.Employee_setSal_149401133814
[INFO] Tests run: 1, Failures: 0, Errors: 0, Skipped: 0, Time elapsed: 0 s - in com.selimhorri.app.pack.models.entities.Employee_setSal_149401133814
[INFO] Running com.selimhorri.app.pack.models.entities.Department_getDeptno_1341844473
[INFO] Tests run: 1, Failures: 0, Errors: 0, Skipped: 0, Time elapsed: 0.001 s - in com.selimhorri.app.pack.models.entities.Department_getDeptno_1341844473
[INFO] Running com.selimhorri.app.pack.models.entities.Employee_setJob_205434615327
[INFO] Tests run: 1, Failures: 0, Errors: 0, Skipped: 0, Time elapsed: 0.001 s - in com.selimhorri.app.pack.models.entities.Employee_setJob_205434615327
[INFO] Running com.selimhorri.app.pack.models.entities.Employee_setDepartment_12481779318
[INFO] Tests run: 1, Failures: 0, Errors: 0, Skipped: 0, Time elapsed: 0 s - in com.selimhorri.app.pack.models.entities.Employee_setDepartment_12481779318
[INFO] Running com.selimhorri.app.pack.models.entities.UserCredential_setPhone_99658719428
[INFO] Tests run: 1, Failures: 0, Errors: 0, Skipped: 0, Time elapsed: 0 s - in com.selimhorri.app.pack.models.entities.UserCredential_setPhone_99658719428
[INFO] Running com.selimhorri.app.pack.models.entities.Employee_init_14211755021
[INFO] Tests run: 1, Failures: 0, Errors: 0, Skipped: 0, Time elapsed: 0 s - in com.selimhorri.app.pack.models.entities.Employee_init_14211755021
[INFO] Running com.selimhorri.app.pack.models.entities.Employee_getDepartment_142097031536
[INFO] Tests run: 1, Failures: 0, Errors: 0, Skipped: 0, Time elapsed: 0 s - in com.selimhorri.app.pack.models.entities.Employee_getDepartment_142097031536
[INFO] Running com.selimhorri.app.pack.models.entities.Employee_setMgr_55930780710
[INFO] Tests run: 1, Failures: 0, Errors: 0, Skipped: 0, Time elapsed: 0 s - in com.selimhorri.app.pack.models.entities.Employee_setMgr_55930780710
[INFO] Running com.selimhorri.app.pack.models.entities.Employee_setHireDate_127111017012
[INFO] Tests run: 1, Failures: 0, Errors: 0, Skipped: 0, Time elapsed: 0 s - in com.selimhorri.app.pack.models.entities.Employee_setHireDate_127111017012
[INFO] Running com.selimhorri.app.pack.models.entities.Employee_setSal_149401133833
[INFO] Tests run: 1, Failures: 0, Errors: 0, Skipped: 0, Time elapsed: 0 s - in com.selimhorri.app.pack.models.entities.Employee_setSal_149401133833
[INFO] Running com.selimhorri.app.pack.models.entities.Department_setDeptno_99319912315
[INFO] Tests run: 1, Failures: 0, Errors: 0, Skipped: 0, Time elapsed: 0 s - in com.selimhorri.app.pack.models.entities.Department_setDeptno_99319912315
[INFO] Running com.selimhorri.app.pack.models.entities.UserCredential_setEnabled_17663385707
[INFO] Tests run: 1, Failures: 0, Errors: 0, Skipped: 0, Time elapsed: 0.001 s - in com.selimhorri.app.pack.models.entities.UserCredential_setEnabled_17663385707
[INFO] Running com.selimhorri.app.pack.models.entities.Employee_getHireDate_80878058211
[INFO] Tests run: 1, Failures: 0, Errors: 0, Skipped: 0, Time elapsed: 0 s - in com.selimhorri.app.pack.models.entities.Employee_getHireDate_80878058211
[INFO] Running com.selimhorri.app.pack.models.entities.Employee_getJob_68096496926
[INFO] Tests run: 1, Failures: 0, Errors: 0, Skipped: 0, Time elapsed: 0 s - in com.selimhorri.app.pack.models.entities.Employee_getJob_68096496926
[INFO] Running com.selimhorri.app.pack.models.entities.Employee_getJob_6809649697
[INFO] Tests run: 1, Failures: 0, Errors: 0, Skipped: 0, Time elapsed: 0 s - in com.selimhorri.app.pack.models.entities.Employee_getJob_6809649697
[INFO] Running com.selimhorri.app.pack.models.entities.UserCredential_setRole_147617998630
[INFO] Tests run: 1, Failures: 0, Errors: 0, Skipped: 0, Time elapsed: 0 s - in com.selimhorri.app.pack.models.entities.UserCredential_setRole_147617998630
[INFO] Running com.selimhorri.app.pack.models.entities.Employee_getHireDate_80878058230
[INFO] Tests run: 1, Failures: 0, Errors: 0, Skipped: 0, Time elapsed: 0 s - in com.selimhorri.app.pack.models.entities.Employee_getHireDate_80878058230
[INFO] Running com.selimhorri.app.pack.models.entities.Employee_getComm_136893046034
[INFO] Tests run: 1, Failures: 0, Errors: 0, Skipped: 0, Time elapsed: 0 s - in com.selimhorri.app.pack.models.entities.Employee_getComm_136893046034
[INFO] Running com.selimhorri.app.pack.models.entities.UserCredential_getRole_24369658212
[INFO] Tests run: 1, Failures: 0, Errors: 0, Skipped: 0, Time elapsed: 0.001 s - in com.selimhorri.app.pack.models.entities.UserCredential_getRole_24369658212
[INFO] Running com.selimhorri.app.pack.models.entities.Department_setLoc_10349882168
[INFO] Tests run: 1, Failures: 0, Errors: 0, Skipped: 0, Time elapsed: 0 s - in com.selimhorri.app.pack.models.entities.Department_setLoc_10349882168
[INFO] Running com.selimhorri.app.pack.models.entities.Employee_setComm_21667935635
[INFO] Tests run: 1, Failures: 0, Errors: 0, Skipped: 0, Time elapsed: 0 s - in com.selimhorri.app.pack.models.entities.Employee_setComm_21667935635
[INFO] Running com.selimhorri.app.pack.models.entities.Employee_toString_4987832462
[INFO] Tests run: 1, Failures: 0, Errors: 0, Skipped: 0, Time elapsed: 0 s - in com.selimhorri.app.pack.models.entities.Employee_toString_4987832462
[INFO] Running com.selimhorri.app.pack.models.entities.Employee_toString_49878324621
[ERROR] Tests run: 1, Failures: 0, Errors: 1, Skipped: 0, Time elapsed: 0 s <<< FAILURE! - in com.selimhorri.app.pack.models.entities.Employee_toString_49878324621
[ERROR] test  Time elapsed: 0 s  <<< ERROR!
java.lang.NullPointerException
	at com.selimhorri.app.pack.models.entities.Employee_toString_49878324621.test(Employee_toString_49878324621.java:51)

[INFO] Running com.selimhorri.app.pack.models.entities.Employee_getEmpno_3875961663
[INFO] Tests run: 1, Failures: 0, Errors: 0, Skipped: 0, Time elapsed: 0 s - in com.selimhorri.app.pack.models.entities.Employee_getEmpno_3875961663
[INFO] Running com.selimhorri.app.pack.models.entities.UserCredential_getPassword_1983536121
[INFO] Tests run: 1, Failures: 0, Errors: 0, Skipped: 0, Time elapsed: 0 s - in com.selimhorri.app.pack.models.entities.UserCredential_getPassword_1983536121
[INFO] Running com.selimhorri.app.pack.models.entities.Department_init_115711231911
[INFO] Tests run: 1, Failures: 0, Errors: 0, Skipped: 0, Time elapsed: 0 s - in com.selimhorri.app.pack.models.entities.Department_init_115711231911
[INFO] Running com.selimhorri.app.pack.models.entities.Employee_setEmpno_51040532823
[INFO] Tests run: 1, Failures: 0, Errors: 0, Skipped: 0, Time elapsed: 0 s - in com.selimhorri.app.pack.models.entities.Employee_setEmpno_51040532823
[INFO] Running com.selimhorri.app.pack.models.entities.UserCredential_setEmail_20391188609
[INFO] Tests run: 1, Failures: 0, Errors: 0, Skipped: 0, Time elapsed: 0 s - in com.selimhorri.app.pack.models.entities.UserCredential_setEmail_20391188609
[INFO] Running com.selimhorri.app.pack.models.entities.UserCredential_setRole_147617998613
[INFO] Tests run: 1, Failures: 0, Errors: 0, Skipped: 0, Time elapsed: 0 s - in com.selimhorri.app.pack.models.entities.UserCredential_setRole_147617998613
[INFO] Running com.selimhorri.app.pack.models.entities.UserCredential_setPassword_160617780122
[INFO] Tests run: 1, Failures: 0, Errors: 0, Skipped: 0, Time elapsed: 0 s - in com.selimhorri.app.pack.models.entities.UserCredential_setPassword_160617780122
[INFO] Running com.selimhorri.app.pack.models.entities.Department_getEmployees_9061802149
[INFO] Tests run: 1, Failures: 0, Errors: 0, Skipped: 0, Time elapsed: 0 s - in com.selimhorri.app.pack.models.entities.Department_getEmployees_9061802149
[INFO] Running com.selimhorri.app.pack.models.entities.UserCredential_toString_76064505018
[ERROR] Tests run: 1, Failures: 0, Errors: 1, Skipped: 0, Time elapsed: 0 s <<< FAILURE! - in com.selimhorri.app.pack.models.entities.UserCredential_toString_76064505018
[ERROR] test  Time elapsed: 0 s  <<< ERROR!
java.lang.NullPointerException
	at com.selimhorri.app.pack.models.entities.UserCredential_toString_76064505018.test(UserCredential_toString_76064505018.java:50)

[INFO] Running com.selimhorri.app.pack.models.entities.UserCredential_setEmployee_177113211532
[INFO] Tests run: 1, Failures: 0, Errors: 0, Skipped: 0, Time elapsed: 0 s - in com.selimhorri.app.pack.models.entities.UserCredential_setEmployee_177113211532
[INFO] Running com.selimhorri.app.pack.models.entities.UserCredential_getPassword_198353614
[INFO] Tests run: 1, Failures: 0, Errors: 0, Skipped: 0, Time elapsed: 0 s - in com.selimhorri.app.pack.models.entities.UserCredential_getPassword_198353614
[INFO] Running com.selimhorri.app.pack.models.entities.UserCredential_getEnabled_207317932023
[INFO] Tests run: 1, Failures: 0, Errors: 0, Skipped: 0, Time elapsed: 0 s - in com.selimhorri.app.pack.models.entities.UserCredential_getEnabled_207317932023
[INFO] Running com.selimhorri.app.pack.models.entities.UserCredential_getEmail_16154504448
[INFO] Tests run: 1, Failures: 0, Errors: 0, Skipped: 0, Time elapsed: 0 s - in com.selimhorri.app.pack.models.entities.UserCredential_getEmail_16154504448
[INFO] Running com.selimhorri.app.pack.models.entities.Department_getDname_153228941716
[INFO] Tests run: 1, Failures: 0, Errors: 0, Skipped: 0, Time elapsed: 0 s - in com.selimhorri.app.pack.models.entities.Department_getDname_153228941716
[INFO] Running com.selimhorri.app.pack.models.entities.Employee_setEmpno_5104053284
[INFO] Tests run: 1, Failures: 0, Errors: 0, Skipped: 0, Time elapsed: 0 s - in com.selimhorri.app.pack.models.entities.Employee_setEmpno_5104053284
[INFO] Running com.selimhorri.app.pack.models.entities.UserCredential_getId_38596067616
[INFO] Tests run: 1, Failures: 0, Errors: 0, Skipped: 0, Time elapsed: 0 s - in com.selimhorri.app.pack.models.entities.UserCredential_getId_38596067616
[INFO] Running com.selimhorri.app.pack.models.entities.Employee_getEname_18485706605
[INFO] Tests run: 1, Failures: 0, Errors: 0, Skipped: 0, Time elapsed: 0 s - in com.selimhorri.app.pack.models.entities.Employee_getEname_18485706605
[INFO] Running com.selimhorri.app.pack.models.entities.Department_getDname_15322894175
[INFO] Tests run: 1, Failures: 0, Errors: 0, Skipped: 0, Time elapsed: 0 s - in com.selimhorri.app.pack.models.entities.Department_getDname_15322894175
[INFO] Running com.selimhorri.app.pack.models.entities.Department_setDname_195595783317
[INFO] Tests run: 1, Failures: 0, Errors: 0, Skipped: 0, Time elapsed: 0 s - in com.selimhorri.app.pack.models.entities.Department_setDname_195595783317
[INFO] Running com.selimhorri.app.pack.models.entities.Department_getDeptno_13418444714
[INFO] Tests run: 1, Failures: 0, Errors: 0, Skipped: 0, Time elapsed: 0 s - in com.selimhorri.app.pack.models.entities.Department_getDeptno_13418444714
[INFO] Running com.selimhorri.app.pack.models.entities.Department_getLoc_188659789618
[INFO] Tests run: 1, Failures: 0, Errors: 0, Skipped: 0, Time elapsed: 0 s - in com.selimhorri.app.pack.models.entities.Department_getLoc_188659789618
[INFO] Running com.selimhorri.app.pack.models.entities.Department_getEmployees_90618021420
[ERROR] Tests run: 1, Failures: 0, Errors: 1, Skipped: 0, Time elapsed: 0.001 s <<< FAILURE! - in com.selimhorri.app.pack.models.entities.Department_getEmployees_90618021420
[ERROR] test  Time elapsed: 0 s  <<< ERROR!
java.lang.NullPointerException
	at com.selimhorri.app.pack.models.entities.Department_getEmployees_90618021420.test(Department_getEmployees_90618021420.java:46)

[INFO] Running com.selimhorri.app.pack.models.entities.Department_init_11571123190
[INFO] Tests run: 1, Failures: 0, Errors: 0, Skipped: 0, Time elapsed: 0 s - in com.selimhorri.app.pack.models.entities.Department_init_11571123190
[INFO] Running com.selimhorri.app.pack.models.entities.UserCredential_getId_38596067633
[INFO] Tests run: 1, Failures: 0, Errors: 0, Skipped: 0, Time elapsed: 0 s - in com.selimhorri.app.pack.models.entities.UserCredential_getId_38596067633
[INFO] Running com.selimhorri.app.pack.models.entities.UserCredential_getPhone_57291877810
[INFO] Tests run: 1, Failures: 0, Errors: 0, Skipped: 0, Time elapsed: 0 s - in com.selimhorri.app.pack.models.entities.UserCredential_getPhone_57291877810
[INFO] Running com.selimhorri.app.pack.models.entities.Employee_init_142117550220
[INFO] Tests run: 1, Failures: 0, Errors: 0, Skipped: 0, Time elapsed: 0 s - in com.selimhorri.app.pack.models.entities.Employee_init_142117550220
[INFO] Running com.selimhorri.app.pack.models.entities.Employee_setJob_20543461538
[INFO] Tests run: 1, Failures: 0, Errors: 0, Skipped: 0, Time elapsed: 0 s - in com.selimhorri.app.pack.models.entities.Employee_setJob_20543461538
[INFO] Running com.selimhorri.app.pack.models.entities.Employee_getMgr_213574328728
[INFO] Tests run: 1, Failures: 0, Errors: 0, Skipped: 0, Time elapsed: 0 s - in com.selimhorri.app.pack.models.entities.Employee_getMgr_213574328728
[INFO] Running com.selimhorri.app.pack.models.entities.Department_getLoc_18865978967
[INFO] Tests run: 1, Failures: 0, Errors: 0, Skipped: 0, Time elapsed: 0 s - in com.selimhorri.app.pack.models.entities.Department_getLoc_18865978967
[INFO] Running com.selimhorri.app.pack.models.entities.Department_toString_170256817013
[INFO] Tests run: 1, Failures: 0, Errors: 0, Skipped: 0, Time elapsed: 0 s - in com.selimhorri.app.pack.models.entities.Department_toString_170256817013
[INFO] Running com.selimhorri.app.pack.models.entities.UserCredential_setUsername_55097153420
[INFO] Tests run: 1, Failures: 0, Errors: 0, Skipped: 0, Time elapsed: 0 s - in com.selimhorri.app.pack.models.entities.UserCredential_setUsername_55097153420
[INFO] Running com.selimhorri.app.pack.models.entities.UserCredential_setEmail_203911886026
[INFO] Tests run: 1, Failures: 0, Errors: 0, Skipped: 0, Time elapsed: 0 s - in com.selimhorri.app.pack.models.entities.UserCredential_setEmail_203911886026
[INFO] Running com.selimhorri.app.pack.models.entities.UserCredential_getUsername_103537090619
[INFO] Tests run: 1, Failures: 0, Errors: 0, Skipped: 0, Time elapsed: 0 s - in com.selimhorri.app.pack.models.entities.UserCredential_getUsername_103537090619
[INFO] Running com.selimhorri.app.pack.models.entities.UserCredential_toString_7606450501
[INFO] Tests run: 1, Failures: 0, Errors: 0, Skipped: 0, Time elapsed: 0 s - in com.selimhorri.app.pack.models.entities.UserCredential_toString_7606450501
[INFO] Running com.selimhorri.app.pack.models.entities.Department_init_15660096391
[INFO] Tests run: 1, Failures: 0, Errors: 0, Skipped: 0, Time elapsed: 0 s - in com.selimhorri.app.pack.models.entities.Department_init_15660096391
[INFO] Running com.selimhorri.app.pack.models.entities.Department_setDeptno_9931991234
[INFO] Tests run: 1, Failures: 0, Errors: 0, Skipped: 0, Time elapsed: 0 s - in com.selimhorri.app.pack.models.entities.Department_setDeptno_9931991234
[INFO] Running com.selimhorri.app.pack.models.entities.Employee_getEmpno_38759616622
[INFO] Tests run: 1, Failures: 0, Errors: 0, Skipped: 0, Time elapsed: 0 s - in com.selimhorri.app.pack.models.entities.Employee_getEmpno_38759616622
[INFO] Running com.selimhorri.app.pack.models.entities.Employee_getSal_25489690613
[INFO] Tests run: 1, Failures: 0, Errors: 0, Skipped: 0, Time elapsed: 0 s - in com.selimhorri.app.pack.models.entities.Employee_getSal_25489690613
[INFO] Running com.selimhorri.app.pack.models.entities.UserCredential_getEnabled_20731793206
[INFO] Tests run: 1, Failures: 0, Errors: 0, Skipped: 0, Time elapsed: 0 s - in com.selimhorri.app.pack.models.entities.UserCredential_getEnabled_20731793206
[INFO] Running com.selimhorri.app.pack.models.entities.Employee_getEname_184857066024
[INFO] Tests run: 1, Failures: 0, Errors: 0, Skipped: 0, Time elapsed: 0 s - in com.selimhorri.app.pack.models.entities.Employee_getEname_184857066024
[INFO] Running com.selimhorri.app.pack.models.entities.UserCredential_setPassword_16061778015
[INFO] Tests run: 1, Failures: 0, Errors: 0, Skipped: 0, Time elapsed: 0 s - in com.selimhorri.app.pack.models.entities.UserCredential_setPassword_16061778015
[INFO] Running com.selimhorri.app.pack.models.entities.Employee_setComm_21667935616
[INFO] Tests run: 1, Failures: 0, Errors: 0, Skipped: 0, Time elapsed: 0 s - in com.selimhorri.app.pack.models.entities.Employee_setComm_21667935616
[INFO] Running com.selimhorri.app.pack.models.entities.UserCredential_setUsername_5509715343
[INFO] Tests run: 1, Failures: 0, Errors: 0, Skipped: 0, Time elapsed: 0 s - in com.selimhorri.app.pack.models.entities.UserCredential_setUsername_5509715343
[INFO] Running com.selimhorri.app.pack.models.entities.Employee_setEname_20227282206
[INFO] Tests run: 1, Failures: 0, Errors: 0, Skipped: 0, Time elapsed: 0 s - in com.selimhorri.app.pack.models.entities.Employee_setEname_20227282206
[INFO] Running com.selimhorri.app.pack.models.entities.UserCredential_getRole_24369658229
[INFO] Tests run: 1, Failures: 0, Errors: 0, Skipped: 0, Time elapsed: 0 s - in com.selimhorri.app.pack.models.entities.UserCredential_getRole_24369658229
[INFO] Running com.selimhorri.app.pack.models.entities.UserCredential_getUsername_10353709062
[INFO] Tests run: 1, Failures: 0, Errors: 0, Skipped: 0, Time elapsed: 0 s - in com.selimhorri.app.pack.models.entities.UserCredential_getUsername_10353709062
[INFO] Running com.selimhorri.app.pack.models.entities.UserCredential_setPhone_99658719411
[INFO] Tests run: 1, Failures: 0, Errors: 0, Skipped: 0, Time elapsed: 0 s - in com.selimhorri.app.pack.models.entities.UserCredential_setPhone_99658719411
[INFO] Running com.selimhorri.app.pack.models.entities.UserCredential_getPhone_57291877827
[INFO] Tests run: 1, Failures: 0, Errors: 0, Skipped: 0, Time elapsed: 0 s - in com.selimhorri.app.pack.models.entities.UserCredential_getPhone_57291877827
[INFO] Running com.selimhorri.app.pack.models.entities.UserCredential_getEmployee_54950020714
[INFO] Tests run: 1, Failures: 0, Errors: 0, Skipped: 0, Time elapsed: 0 s - in com.selimhorri.app.pack.models.entities.UserCredential_getEmployee_54950020714
[INFO] Running com.selimhorri.app.pack.models.entities.Department_setDname_19559578336
[INFO] Tests run: 1, Failures: 0, Errors: 0, Skipped: 0, Time elapsed: 0 s - in com.selimhorri.app.pack.models.entities.Department_setDname_19559578336
[INFO] Running com.selimhorri.app.pack.models.entities.Employee_getComm_136893046015
[INFO] Tests run: 1, Failures: 0, Errors: 0, Skipped: 0, Time elapsed: 0.001 s - in com.selimhorri.app.pack.models.entities.Employee_getComm_136893046015
[INFO] Running com.selimhorri.app.pack.models.entities.Department_toString_17025681702
[INFO] Tests run: 1, Failures: 0, Errors: 0, Skipped: 0, Time elapsed: 0 s - in com.selimhorri.app.pack.models.entities.Department_toString_17025681702
[INFO] Running com.selimhorri.app.pack.models.entities.UserCredential_init_21518919917
[INFO] Tests run: 1, Failures: 0, Errors: 0, Skipped: 0, Time elapsed: 0 s - in com.selimhorri.app.pack.models.entities.UserCredential_init_21518919917
[INFO] Running com.selimhorri.app.pack.HrManagementSystemApplication_init_12914663402
[INFO] Tests run: 1, Failures: 0, Errors: 0, Skipped: 0, Time elapsed: 0 s - in com.selimhorri.app.pack.HrManagementSystemApplication_init_12914663402
[INFO] Running com.selimhorri.app.pack.HrManagementSystemApplication_init_12914663400
[INFO] Tests run: 1, Failures: 0, Errors: 0, Skipped: 0, Time elapsed: 0 s - in com.selimhorri.app.pack.HrManagementSystemApplication_init_12914663400
2026-04-09 13:34:31.532  INFO 71 --- [extShutdownHook] j.LocalContainerEntityManagerFactoryBean : Closing JPA EntityManagerFactory for persistence unit 'default'
2026-04-09 13:34:31.536  INFO 71 --- [extShutdownHook] o.s.s.concurrent.ThreadPoolTaskExecutor  : Shutting down ExecutorService 'applicationTaskExecutor'
2026-04-09 13:34:31.537 ERROR 71 --- [         task-2] com.zaxxer.hikari.pool.HikariPool        : HikariPool-1 - Exception during pool initialization.

com.mysql.cj.jdbc.exceptions.CommunicationsException: Communications link failure

The last packet sent successfully to the server was 0 milliseconds ago. The driver has not received any packets from the server.
	at com.mysql.cj.jdbc.exceptions.SQLError.createCommunicationsException(SQLError.java:174) ~[mysql-connector-java-8.0.21.jar:8.0.21]
	at com.mysql.cj.jdbc.exceptions.SQLExceptionsMapping.translateException(SQLExceptionsMapping.java:64) ~[mysql-connector-java-8.0.21.jar:8.0.21]
	at com.mysql.cj.jdbc.ConnectionImpl.createNewIO(ConnectionImpl.java:836) ~[mysql-connector-java-8.0.21.jar:8.0.21]
	at com.mysql.cj.jdbc.ConnectionImpl.<init>(ConnectionImpl.java:456) ~[mysql-connector-java-8.0.21.jar:8.0.21]
	at com.mysql.cj.jdbc.ConnectionImpl.getInstance(ConnectionImpl.java:246) ~[mysql-connector-java-8.0.21.jar:8.0.21]
	at com.mysql.cj.jdbc.NonRegisteringDriver.connect(NonRegisteringDriver.java:197) ~[mysql-connector-java-8.0.21.jar:8.0.21]
	at com.zaxxer.hikari.util.DriverDataSource.getConnection(DriverDataSource.java:138) ~[HikariCP-3.4.5.jar:na]
	at com.zaxxer.hikari.pool.PoolBase.newConnection(PoolBase.java:358) ~[HikariCP-3.4.5.jar:na]
	at com.zaxxer.hikari.pool.PoolBase.newPoolEntry(PoolBase.java:206) ~[HikariCP-3.4.5.jar:na]
	at com.zaxxer.hikari.pool.HikariPool.createPoolEntry(HikariPool.java:477) ~[HikariCP-3.4.5.jar:na]
	at com.zaxxer.hikari.pool.HikariPool.checkFailFast(HikariPool.java:560) ~[HikariCP-3.4.5.jar:na]
	at com.zaxxer.hikari.pool.HikariPool.<init>(HikariPool.java:115) ~[HikariCP-3.4.5.jar:na]
	at com.zaxxer.hikari.HikariDataSource.getConnection(HikariDataSource.java:112) ~[HikariCP-3.4.5.jar:na]
	at org.springframework.jdbc.datasource.DataSourceUtils.fetchConnection(DataSourceUtils.java:158) ~[spring-jdbc-5.2.9.RELEASE.jar:5.2.9.RELEASE]
	at org.springframework.jdbc.datasource.DataSourceUtils.doGetConnection(DataSourceUtils.java:116) ~[spring-jdbc-5.2.9.RELEASE.jar:5.2.9.RELEASE]
	at org.springframework.jdbc.datasource.DataSourceUtils.getConnection(DataSourceUtils.java:79) ~[spring-jdbc-5.2.9.RELEASE.jar:5.2.9.RELEASE]
	at org.springframework.jdbc.core.JdbcTemplate.execute(JdbcTemplate.java:324) ~[spring-jdbc-5.2.9.RELEASE.jar:5.2.9.RELEASE]
	at org.springframework.boot.jdbc.EmbeddedDatabaseConnection.isEmbedded(EmbeddedDatabaseConnection.java:133) ~[spring-boot-2.3.4.RELEASE.jar:2.3.4.RELEASE]
	at org.springframework.boot.autoconfigure.orm.jpa.DataSourceInitializedPublisher.lambda$isInitializingDatabase$0(DataSourceInitializedPublisher.java:116) ~[spring-boot-autoconfigure-2.3.4.RELEASE.jar:2.3.4.RELEASE]
	at org.springframework.boot.autoconfigure.orm.jpa.HibernateSettings.getDdlAuto(HibernateSettings.java:41) ~[spring-boot-autoconfigure-2.3.4.RELEASE.jar:2.3.4.RELEASE]
	at org.springframework.boot.autoconfigure.orm.jpa.HibernateProperties.determineDdlAuto(HibernateProperties.java:136) ~[spring-boot-autoconfigure-2.3.4.RELEASE.jar:2.3.4.RELEASE]
	at org.springframework.boot.autoconfigure.orm.jpa.HibernateProperties.getAdditionalProperties(HibernateProperties.java:102) ~[spring-boot-autoconfigure-2.3.4.RELEASE.jar:2.3.4.RELEASE]
	at org.springframework.boot.autoconfigure.orm.jpa.HibernateProperties.determineHibernateProperties(HibernateProperties.java:94) ~[spring-boot-autoconfigure-2.3.4.RELEASE.jar:2.3.4.RELEASE]
	at org.springframework.boot.autoconfigure.orm.jpa.DataSourceInitializedPublisher.isInitializingDatabase(DataSourceInitializedPublisher.java:118) ~[spring-boot-autoconfigure-2.3.4.RELEASE.jar:2.3.4.RELEASE]
	at org.springframework.boot.autoconfigure.orm.jpa.DataSourceInitializedPublisher.publishEventIfRequired(DataSourceInitializedPublisher.java:98) ~[spring-boot-autoconfigure-2.3.4.RELEASE.jar:2.3.4.RELEASE]
	at org.springframework.boot.autoconfigure.orm.jpa.DataSourceInitializedPublisher.access$100(DataSourceInitializedPublisher.java:50) ~[spring-boot-autoconfigure-2.3.4.RELEASE.jar:2.3.4.RELEASE]
	at org.springframework.boot.autoconfigure.orm.jpa.DataSourceInitializedPublisher$DataSourceSchemaCreatedPublisher.lambda$postProcessEntityManagerFactory$0(DataSourceInitializedPublisher.java:200) ~[spring-boot-autoconfigure-2.3.4.RELEASE.jar:2.3.4.RELEASE]
	at java.base/java.util.concurrent.ThreadPoolExecutor.runWorker(ThreadPoolExecutor.java:1128) ~[na:na]
	at java.base/java.util.concurrent.ThreadPoolExecutor$Worker.run(ThreadPoolExecutor.java:628) ~[na:na]
	at java.base/java.lang.Thread.run(Thread.java:829) ~[na:na]
Caused by: com.mysql.cj.exceptions.CJCommunicationsException: Communications link failure

The last packet sent successfully to the server was 0 milliseconds ago. The driver has not received any packets from the server.
	at java.base/jdk.internal.reflect.NativeConstructorAccessorImpl.newInstance0(Native Method) ~[na:na]
	at java.base/jdk.internal.reflect.NativeConstructorAccessorImpl.newInstance(NativeConstructorAccessorImpl.java:62) ~[na:na]
	at java.base/jdk.internal.reflect.DelegatingConstructorAccessorImpl.newInstance(DelegatingConstructorAccessorImpl.java:45) ~[na:na]
	at java.base/java.lang.reflect.Constructor.newInstance(Constructor.java:490) ~[na:na]
	at com.mysql.cj.exceptions.ExceptionFactory.createException(ExceptionFactory.java:61) ~[mysql-connector-java-8.0.21.jar:8.0.21]
	at com.mysql.cj.exceptions.ExceptionFactory.createException(ExceptionFactory.java:105) ~[mysql-connector-java-8.0.21.jar:8.0.21]
	at com.mysql.cj.exceptions.ExceptionFactory.createException(ExceptionFactory.java:151) ~[mysql-connector-java-8.0.21.jar:8.0.21]
	at com.mysql.cj.exceptions.ExceptionFactory.createCommunicationsException(ExceptionFactory.java:167) ~[mysql-connector-java-8.0.21.jar:8.0.21]
	at com.mysql.cj.protocol.a.NativeSocketConnection.connect(NativeSocketConnection.java:91) ~[mysql-connector-java-8.0.21.jar:8.0.21]
	at com.mysql.cj.NativeSession.connect(NativeSession.java:144) ~[mysql-connector-java-8.0.21.jar:8.0.21]
	at com.mysql.cj.jdbc.ConnectionImpl.connectOneTryOnly(ConnectionImpl.java:956) ~[mysql-connector-java-8.0.21.jar:8.0.21]
	at com.mysql.cj.jdbc.ConnectionImpl.createNewIO(ConnectionImpl.java:826) ~[mysql-connector-java-8.0.21.jar:8.0.21]
	... 27 common frames omitted
Caused by: java.net.ConnectException: Connection refused (Connection refused)
	at java.base/java.net.PlainSocketImpl.socketConnect(Native Method) ~[na:na]
	at java.base/java.net.AbstractPlainSocketImpl.doConnect(AbstractPlainSocketImpl.java:412) ~[na:na]
	at java.base/java.net.AbstractPlainSocketImpl.connectToAddress(AbstractPlainSocketImpl.java:255) ~[na:na]
	at java.base/java.net.AbstractPlainSocketImpl.connect(AbstractPlainSocketImpl.java:237) ~[na:na]
	at java.base/java.net.SocksSocketImpl.connect(SocksSocketImpl.java:392) ~[na:na]
	at java.base/java.net.Socket.connect(Socket.java:609) ~[na:na]
	at com.mysql.cj.protocol.StandardSocketFactory.connect(StandardSocketFactory.java:155) ~[mysql-connector-java-8.0.21.jar:8.0.21]
	at com.mysql.cj.protocol.a.NativeSocketConnection.connect(NativeSocketConnection.java:65) ~[mysql-connector-java-8.0.21.jar:8.0.21]
	... 30 common frames omitted

[INFO] 
[INFO] Results:
[INFO] 
[ERROR] Errors: 
[ERROR]   HrManagementSystemApplication_main_16680293443.test:44 » IllegalArgument Args ...
[ERROR]   Department_getEmployees_90618021420.test:46 » NullPointer
[ERROR]   Employee_toString_49878324621.test:51 » NullPointer
[ERROR]   UserCredential_toString_76064505018.test:50 » NullPointer
[ERROR]   DepartmentServiceImpl_delete_17914816434.test:45 » NullPointer
[ERROR]   DepartmentServiceImpl_findAll_6925940760.test:40 » NullPointer
[ERROR]   DepartmentServiceImpl_findById_12279718791.test:45 » NullPointer
[ERROR]   DepartmentServiceImpl_save_626695332.test:59 » NullPointer
[ERROR]   DepartmentServiceImpl_update_20002838633.test:59 » NullPointer
[ERROR]   EmployeeServiceImpl_delete_12365591834.test:45 » NullPointer
[ERROR]   EmployeeServiceImpl_findAll_1376716160.test:40 » NullPointer
[ERROR]   EmployeeServiceImpl_findById_14669679031.test:45 » NullPointer
[ERROR]   EmployeeServiceImpl_getBoss_20340263595.test:40 » NullPointer
[ERROR]   EmployeeServiceImpl_save_9021193672.test:152 » NullPointer
[ERROR]   EmployeeServiceImpl_update_13298945333.test:156 » NullPointer
[INFO] 
[ERROR] Tests run: 161, Failures: 0, Errors: 15, Skipped: 0
[INFO] 
[ERROR] There are test failures.

Please refer to /app/target/surefire-reports for the individual test results.
Please refer to dump files (if any exist) [date].dump, [date]-jvmRun[N].dump and [date].dumpstream.
[INFO] 
[INFO] --- jacoco-maven-plugin:0.8.11:report (report) @ hr_management-system ---
[INFO] Loading execution data file /app/target/jacoco.exec
[INFO] Analyzed bundle 'HR-Management-System' with 25 classes
[INFO] 
[INFO] --- jacoco-maven-plugin:0.8.11:report (default-cli) @ hr_management-system ---
[INFO] Loading execution data file /app/target/jacoco.exec
[INFO] Analyzed bundle 'HR-Management-System' with 25 classes
[INFO] ------------------------------------------------------------------------
[INFO] BUILD SUCCESS
[INFO] ------------------------------------------------------------------------
[INFO] Total time:  18.471 s
[INFO] Finished at: 2026-04-09T13:34:32Z
[INFO] ------------------------------------------------------------------------
